 Evaluating /Dedicated/schnieders/programs/stack-2021.1.sh
  Loading Modules
   Stack 2021.1
   GCC 9.3.0
   CMake 3.20.0
   Eigen 3.3.9
   Cuda 11.1.1
   Cuda: /usr/share/apps/2021.1/arch/gcc-9.3.0/cuda-11.1.1
   CudaNN 8.0.5.39-11.1
   Swig 4.0.2_gcc-9.3.0
  Loading software from /Dedicated/schnieders/programs/local
   Ant: /Dedicated/schnieders/programs/apache-ant-1.10.11
   FFX: /Dedicated/schnieders/programs/ffx-builds/forcefieldx-2026-01-04
   GDMA: /Dedicated/schnieders/programs/gdma-2.3
   Groovy: /Dedicated/schnieders/programs/groovy-4.0.1
   Java: /Dedicated/schnieders/programs/jdk-25.0.1
   Maven: /Dedicated/schnieders/programs/apache-maven-3.9.5
   VMD: /Dedicated/schnieders/programs/vmd
   NAMD: /Dedicated/schnieders/programs/NAMD_3.0alpha7_Linux-x86_64-multicore-CUDA
   OpenEye: /Dedicated/schnieders/programs/OpenEye
   Tinker: /Dedicated/schnieders/programs/tinker-tools
Job started: Mon Apr  6 15:50:55 CDT 2026
Host: argon-itf-bx55-02.hpc
PDB: /Dedicated/schnieders/maemmad/pKa_GNN/data/fixed_pdbs/2CPL_fixed.pdb
=== Step 1: Coarse Minimize (RMS=0.8) ===
WARNING: Using incubator modules: jdk.incubator.vector
 _________________________________________________________________________

        FORCE FIELD X - Polyglot Software for Molecular Biophysics 

        Version 1.0.0-6989  April 2026 
        Git Revision  37ed053f2c49c028f09d7b01ee85b011fa436c89 
 
        Please cite the following reference when using Force Field X:

        RA Gogal, AJ Nessler, AC Thiel, HV Bernabe, RA Corrigan Grove,
        LM Cousineau, JM Litman, JM Miller, G Qi, MJ Speranza,
        MR Tollefson, TD Fenn, JJ Michaelson, O Okada, JP Piquemal,
        JW Ponder, J Shen, RJH Smith, W Yang, P Ren and MJ Schnieders,
        2024, Journal of Chemical Physics, 161 (1).

        Copyright (c)  Michael J. Schnieders  2001-2026
        All Rights Reserved

        Force Field X is distributed under the GPL v. 3 license
        with linking exception and is hosted by the Schnieders Lab
        at The University of Iowa.

        User Manual:   https://ffx.biochem.uiowa.edu/manual.html
        Publications:  https://ffx.biochem.uiowa.edu/publications.html
        License:       https://ffx.biochem.uiowa.edu/licenses.html

 _________________________________________________________________________

 Mon Apr 06 15:50:56 CDT 2026
 Process ID 10970 on argon-itf-bx55-02.hpc.

 Command line arguments:
 [Minimize, -e, 0.8, /Dedicated/schnieders/maemmad/pKa_GNN/data/fixed_pdbs/2CPL_fixed.pdb]

 Executing internal command: ffx.algorithms.commands.Minimize

 Initializing 1 topologies...
 Parsing: Internal force field (amoeba-bio-2018-cphmd).
 Parsing: Structure properties from (data/fixed_pdbs/2CPL.properties).
 Parsing: JVM system properties (i.e. command line -Dkey=value pairs).

 Attempting to read force field patch from /Dedicated/schnieders/maemmad/pKa_GNN/naphosphate_solute.09Feb21.prm.

 Renumbering Patch: FALSE
 Reading 2CPL_fixed.pdb

 Assigning atom types for 1 chains.
 Amino acid chain A
 Renumbering PDB file due to built atoms (2507 vs 1266)
 Total number of atoms: 2507

 Constructing Force Field AMOEBA-BIO-2018-CPHMD

 SMP threads:                               112

 Density:                                 0.148 (g/cc)

 Unit Cell
  A-axis length:                         43.000
  B-axis length:                         52.600
  C-axis length:                         89.200
  Alpha:                                 90.000
  Beta:                                  90.000
  Gamma:                                 90.000
  Space group
   Number:                                    1
   Symbol:                                   P1
   Number of Symmetry Operators:              1
  Lattice Vectors
   A:                43.000,    0.000,    0.000
   B:                 0.000,   52.600,    0.000
   C:                 0.000,    0.000,   89.200
  Reciprocal Lattice Vectors
   A*:                0.023,   -0.000,   -0.000
   B*:                0.000,    0.019,   -0.000
   C*:                0.000,    0.000,    0.011

 Bonded Terms
  Bonds:                                   2535
  Angles:                                  4569
  Stretch-Bends:                           4061
  Out-of-Plane Bends:                      1581
  Torsions:                                6678
  Pi-Orbital Torsions:                      308
  Torsion-Torsions:                          23

 Non-Bonded Terms

  Van der Waals
   Switch Start:                         10.800 (A)
   Cut-Off:                              12.000 (A)
   Long-Range Correction:                 FALSE

 Electrostatics
   Polarization:                         MUTUAL
    SCF Convergence Criteria:         1.000e-06
    SCF Predictor:                         NONE
    SCF Algorithm:                           CG
    CG Preconditioner Cut-Off:            4.500
    CG Preconditioner Ewald Coeff.:       0.000
    CG Preconditioner Scale:              2.000
    CG Preconditioner Mode:     FLETCHER_REEVES
   Particle-mesh Ewald
    Ewald Coefficient:                    0.545
    Particle Cut-Off:                     7.000 (A)
    B-Spline Order:                           5
    Mesh Density:                         1.200
    Mesh Dimensions:              ( 54, 64,108)
    Grid Method:                        SPATIAL

  Continuum Solvation
   Radii:                                SOLUTE
   Generalized Kirkwood Cut-Off:        12.0000 (A)
   GKC:                                  2.4550
   Solvent Dielectric:                  78.3000
   Solute Dielectric:                    1.0000
   Descreen with vdW Radii:                TRUE
   Descreen with Hydrogen Atoms:          FALSE
   Descreen Offset:                      0.0000
   General HCT Scale Factor:             0.7200
   Non-Polar Model:                  GAUSS-DISP
    GaussVol Radii Offset:               0.0000
    GaussVol Radii Scale:                1.0000
   Dispersion Integral Offset:           1.0560 (A)
   Cavitation Solvent Pressure:          0.0334 (Kcal/mol/A^3)
   Cavitation Surface Tension:           0.1030 (Kcal/mol/A^2)
   Cavitation Cross-Over Radius:         9.2515 (A)

  Overall system charge:                  5.000

 Opened 2CPL_fixed.pdb in 1.421 sec.

 System Resources
  Total CPU time:          59.05 (sec)
  System load average:     23.37
  Open file handles:         146 of  81920 allowed
  System memory:          171732 MB free out of 257570 MB
  System swap space:        2043 MB free out of   2053 MB
  JVM memory:               3872 MB free out of   4096 MB

 Minimizing energy of Single Topology  [2CPL_fixed.pdb] 
 Setting lambda to 0.000.
Apr 06, 2026 3:51:13 PM ffx.potential.nonbonded.ParticleMeshEwald selfConsistentField
WARNING: ffx.potential.utils.EnergyException: Maximum SCF iterations reached: (1000)


Apr 06, 2026 3:51:22 PM ffx.potential.nonbonded.ParticleMeshEwald selfConsistentField
WARNING: ffx.potential.utils.EnergyException:  Maximum SCF iterations reached: (1000)


Apr 06, 2026 3:51:49 PM ffx.potential.nonbonded.ParticleMeshEwald selfConsistentField
WARNING: ffx.potential.utils.EnergyException:  Maximum SCF iterations reached: (1000)


Apr 06, 2026 3:52:14 PM ffx.potential.nonbonded.ParticleMeshEwald selfConsistentField
WARNING: ffx.potential.utils.EnergyException:  Maximum SCF iterations reached: (1000)


Apr 06, 2026 3:52:40 PM ffx.potential.nonbonded.ParticleMeshEwald selfConsistentField
WARNING: ffx.potential.utils.EnergyException:  Maximum SCF iterations reached: (1000)


Apr 06, 2026 3:53:04 PM ffx.potential.nonbonded.ParticleMeshEwald selfConsistentField
WARNING: ffx.potential.utils.EnergyException:  Maximum SCF iterations reached: (1000)


Apr 06, 2026 3:53:28 PM ffx.potential.nonbonded.ParticleMeshEwald selfConsistentField
WARNING: ffx.potential.utils.EnergyException:  Maximum SCF iterations reached: (1000)


Apr 06, 2026 3:53:55 PM ffx.potential.nonbonded.ParticleMeshEwald selfConsistentField
WARNING: ffx.potential.utils.EnergyException:  Maximum SCF iterations reached: (1000)


Apr 06, 2026 3:54:21 PM ffx.potential.nonbonded.ParticleMeshEwald selfConsistentField
WARNING: ffx.potential.utils.EnergyException:  Maximum SCF iterations reached: (1000)


Apr 06, 2026 3:54:46 PM ffx.potential.nonbonded.ParticleMeshEwald selfConsistentField
WARNING: ffx.potential.utils.EnergyException:  Maximum SCF iterations reached: (1000)


Apr 06, 2026 3:55:12 PM ffx.potential.nonbonded.ParticleMeshEwald selfConsistentField
WARNING: ffx.potential.utils.EnergyException:  Maximum SCF iterations reached: (1000)


