 Evaluating /Dedicated/schnieders/programs/stack-2021.1.sh
  Loading Modules
   Stack 2021.1
   GCC 9.3.0
   CMake 3.20.0
   Eigen 3.3.9
   Cuda 11.1.1
   Cuda: /usr/share/apps/2021.1/arch/gcc-9.3.0/cuda-11.1.1
   CudaNN 8.0.5.39-11.1
   Swig 4.0.2_gcc-9.3.0
  Loading software from /Dedicated/schnieders/programs/local
   Ant: /Dedicated/schnieders/programs/apache-ant-1.10.11
   FFX: /Dedicated/schnieders/programs/ffx-builds/forcefieldx-2026-01-04
   GDMA: /Dedicated/schnieders/programs/gdma-2.3
   Groovy: /Dedicated/schnieders/programs/groovy-4.0.1
   Java: /Dedicated/schnieders/programs/jdk-25.0.1
   Maven: /Dedicated/schnieders/programs/apache-maven-3.9.5
   VMD: /Dedicated/schnieders/programs/vmd
   NAMD: /Dedicated/schnieders/programs/NAMD_3.0alpha7_Linux-x86_64-multicore-CUDA
   OpenEye: /Dedicated/schnieders/programs/OpenEye
   Tinker: /Dedicated/schnieders/programs/tinker-tools
Job started: Sat Apr 11 11:03:02 CDT 2026
Host: argon-itf-bx43-03.hpc
=== Step 1a: Minimize polarization=NONE (RMS=2.0) ===
WARNING: Using incubator modules: jdk.incubator.vector
 _________________________________________________________________________

        FORCE FIELD X - Polyglot Software for Molecular Biophysics 

        Version 1.0.0-6989  April 2026 
        Git Revision  37ed053f2c49c028f09d7b01ee85b011fa436c89 
 
        Please cite the following reference when using Force Field X:

        RA Gogal, AJ Nessler, AC Thiel, HV Bernabe, RA Corrigan Grove,
        LM Cousineau, JM Litman, JM Miller, G Qi, MJ Speranza,
        MR Tollefson, TD Fenn, JJ Michaelson, O Okada, JP Piquemal,
        JW Ponder, J Shen, RJH Smith, W Yang, P Ren and MJ Schnieders,
        2024, Journal of Chemical Physics, 161 (1).

        Copyright (c)  Michael J. Schnieders  2001-2026
        All Rights Reserved

        Force Field X is distributed under the GPL v. 3 license
        with linking exception and is hosted by the Schnieders Lab
        at The University of Iowa.

        User Manual:   https://ffx.biochem.uiowa.edu/manual.html
        Publications:  https://ffx.biochem.uiowa.edu/publications.html
        License:       https://ffx.biochem.uiowa.edu/licenses.html

 _________________________________________________________________________

 Sat Apr 11 11:03:03 CDT 2026
 Process ID 65249 on argon-itf-bx43-03.hpc.

 Command line arguments:
 [Minimize, -e, 2.0, /Dedicated/schnieders/maemmad/pKa_GNN/data/fixed_pdbs/2LZM_fixed.pdb]

 Executing internal command: ffx.algorithms.commands.Minimize

 Initializing 1 topologies...
 Parsing: Internal force field (amoeba-bio-2018-cphmd).
 Parsing: Structure properties from (data/fixed_pdbs/2LZM.properties).
 Parsing: JVM system properties (i.e. command line -Dkey=value pairs).

 Attempting to read force field patch from /Dedicated/schnieders/maemmad/pKa_GNN/naphosphate_solute.09Feb21.prm.

 Renumbering Patch: FALSE
 Reading 2LZM_fixed.pdb

 Assigning atom types for 1 chains.
 Amino acid chain A
 Renumbering PDB file due to built atoms (2644 vs 1309)
 Total number of atoms: 2644

 Constructing Force Field AMOEBA-BIO-2018-CPHMD

 SMP threads:                               128

 Density:                                 0.099 (g/cc)

 Unit Cell
  A-axis length:                         61.200
  B-axis length:                         61.200
  C-axis length:                         96.800
  Alpha:                                 90.000
  Beta:                                  90.000
  Gamma:                                120.000
  Space group
   Number:                                    1
   Symbol:                                   P1
   Number of Symmetry Operators:              1
  Lattice Vectors
   A:                61.200,    0.000,    0.000
   B:               -30.600,   53.001,    0.000
   C:                 0.000,    0.000,   96.800
  Reciprocal Lattice Vectors
   A*:                0.016,    0.009,   -0.000
   B*:                0.000,    0.019,   -0.000
   C*:                0.000,    0.000,    0.010

 Bonded Terms
  Bonds:                                   2664
  Angles:                                  4809
  Stretch-Bends:                           4216
  Out-of-Plane Bends:                      1587
  Torsions:                                7004
  Pi-Orbital Torsions:                      281
  Torsion-Torsions:                          11

 Non-Bonded Terms

  Van der Waals
   Switch Start:                         10.800 (A)
   Cut-Off:                              12.000 (A)
   Long-Range Correction:                 FALSE

 Electrostatics
   Polarization:                           NONE
   Particle-mesh Ewald
    Ewald Coefficient:                    0.545
    Particle Cut-Off:                     7.000 (A)
    B-Spline Order:                           5
    Mesh Density:                         1.200
    Mesh Dimensions:              ( 80, 80,120)
    Grid Method:                        SPATIAL

  Continuum Solvation
   Radii:                                SOLUTE
   Generalized Kirkwood Cut-Off:        12.0000 (A)
   GKC:                                  2.4550
   Solvent Dielectric:                  78.3000
   Solute Dielectric:                    1.0000
   Descreen with vdW Radii:                TRUE
   Descreen with Hydrogen Atoms:          FALSE
   Descreen Offset:                      0.0000
   General HCT Scale Factor:             0.7200
   Non-Polar Model:                  GAUSS-DISP
    GaussVol Radii Offset:               0.0000
    GaussVol Radii Scale:                1.0000
   Dispersion Integral Offset:           1.0560 (A)
   Cavitation Solvent Pressure:          0.0334 (Kcal/mol/A^3)
   Cavitation Surface Tension:           0.1030 (Kcal/mol/A^2)
   Cavitation Cross-Over Radius:         9.2515 (A)

  Overall system charge:                  9.000

 Opened 2LZM_fixed.pdb in 1.2 sec.

 System Resources
  Total CPU time:          36.58 (sec)
  System load average:    113.47
  Open file handles:         146 of  81920 allowed
  System memory:           90678 MB free out of 257653 MB
  System swap space:        2053 MB free out of   2053 MB
  JVM memory:               3787 MB free out of   4096 MB

 Minimizing energy of Single Topology  [2LZM_fixed.pdb] 
 Setting lambda to 0.000.
 Generalized Kirkwood  -3002.28010277      0.090
 Cavitation             1607.43641345      0.520
 Dispersion             -968.30462349      0.129

 Computed Potential Energy
  Bond Stretching            366.58607726         2664        0.014 ( 0.01784)
  Angle Bending              868.53158434         4809        0.013 ( 3.36605)
  Stretch-Bend                 9.42715287         4216        0.002
  Out-of-Plane Bend          106.55144687         1587        0.005
  Torsional Angle            278.59403695         7004        0.009
  Pi-Orbital Torsion          45.62838239          281        0.006
  Torsion-Torsion            -55.33271184           11        0.003
  Van der Waals             1908.77491881       554643        0.101
  Atomic Multipoles        -4855.16286563       148741        2.410
  Solvation                -2363.14831281       564105
  Total Potential          -3689.55029077  (Kcal/mole)        2.564 (sec)
  Replicates Cell          -3689.55029077

 Limited Memory BFGS Quasi-Newton Optimization: 

 Cycle       Energy      G RMS    Delta E   Delta X    Angle  Evals     Time

     0   -3689.5503    15.8634
     1   -4125.3342     8.9464   435.7839    0.0047     0.00      2    1.036
     2   -4196.4350     7.5090    71.1008    0.0047    15.01      3    0.566
     3   -4342.8525     6.9931   146.4174    0.0028    31.47      4    0.506
     4   -4530.3145     6.8527   187.4621    0.0047    34.48      5    0.508
     5   -4766.2042     5.5126   235.8897    0.0047    41.45      6    0.248
     6   -4806.9431     4.8865    40.7388    0.0047    40.91      7    0.451
     7   -4913.9865     4.4383   107.0434    0.0029    43.18      8    0.353
     8   -4961.3564     3.7246    47.3699    0.0047    43.76      9    0.364
     9   -5071.0767     3.7069   109.7202    0.0044    42.90     10    0.397
    10   -5106.4384     2.9654    35.3618    0.0047    50.39     11    0.284
    11   -5128.9911     3.0347    22.5527    0.0045    47.87     12    0.264
    12   -5186.7074     2.5134    57.7163    0.0031    53.21     13    0.266
    13   -5343.1544     2.4399   156.4470    0.0047    51.33     14    0.218
    14   -5403.7687     2.5801    60.6143    0.0047    50.96     15    0.242
    15   -5404.6656     2.5386     0.8968    0.0006    61.35     26 BadIntpln
    16   -5405.0252     2.5385     0.3596    0.0000    59.31     40 BadIntpln
Apr 11, 2026 11:03:24 AM ffx.algorithms.optimize.Minimize minimize
WARNING: 
 Optimization failed.

 Generalized Kirkwood  -2990.57606447      0.009
 Cavitation             1626.89049163      0.050
 Dispersion             -975.58569950      0.010

 Computed Potential Energy
  Bond Stretching            120.96613105         2664        0.000 ( 0.01147)
  Angle Bending              574.53888501         4809        0.005 ( 2.81582)
  Stretch-Bend                -2.00856959         4216        0.000
  Out-of-Plane Bend           38.64754269         1587        0.000
  Torsional Angle            219.62574052         7004        0.000
  Pi-Orbital Torsion          20.89391548          281        0.004
  Torsion-Torsion            -56.39331455           11        0.000
  Van der Waals              909.00821701       553483        0.028
  Atomic Multipoles        -4891.03248652       147935        0.089
  Solvation                -2339.27127235       562947
  Total Potential          -5405.02521125  (Kcal/mole)        0.128 (sec)
  Replicates Cell          -5405.02521125
 Setting atom names to PDB standard.
 Saving 2LZM_fixed.pdb_2

 Script wall clock time: 19.898 (sec)
=== Step 1b: Minimize polarization=DIRECT (RMS=1.0) ===
WARNING: Using incubator modules: jdk.incubator.vector
 _________________________________________________________________________

        FORCE FIELD X - Polyglot Software for Molecular Biophysics 

        Version 1.0.0-6989  April 2026 
        Git Revision  37ed053f2c49c028f09d7b01ee85b011fa436c89 
 
        Please cite the following reference when using Force Field X:

        RA Gogal, AJ Nessler, AC Thiel, HV Bernabe, RA Corrigan Grove,
        LM Cousineau, JM Litman, JM Miller, G Qi, MJ Speranza,
        MR Tollefson, TD Fenn, JJ Michaelson, O Okada, JP Piquemal,
        JW Ponder, J Shen, RJH Smith, W Yang, P Ren and MJ Schnieders,
        2024, Journal of Chemical Physics, 161 (1).

        Copyright (c)  Michael J. Schnieders  2001-2026
        All Rights Reserved

        Force Field X is distributed under the GPL v. 3 license
        with linking exception and is hosted by the Schnieders Lab
        at The University of Iowa.

        User Manual:   https://ffx.biochem.uiowa.edu/manual.html
        Publications:  https://ffx.biochem.uiowa.edu/publications.html
        License:       https://ffx.biochem.uiowa.edu/licenses.html

 _________________________________________________________________________

 Sat Apr 11 11:03:39 CDT 2026
 Process ID 65910 on argon-itf-bx43-03.hpc.

 Command line arguments:
 [Minimize, -e, 1.0, /Dedicated/schnieders/maemmad/pKa_GNN/data/fixed_pdbs/2LZM_s1a.pdb]

 Executing internal command: ffx.algorithms.commands.Minimize

 Initializing 1 topologies...
 Parsing: Internal force field (amoeba-bio-2018-cphmd).
 Parsing: Structure properties from (data/fixed_pdbs/2LZM.properties).
 Parsing: JVM system properties (i.e. command line -Dkey=value pairs).

 Attempting to read force field patch from /Dedicated/schnieders/maemmad/pKa_GNN/naphosphate_solute.09Feb21.prm.

 Renumbering Patch: FALSE
 Reading 2LZM_s1a.pdb

 Assigning atom types for 1 chains.
 Amino acid chain A
 Constructing Force Field AMOEBA-BIO-2018-CPHMD

 SMP threads:                               128

 Density:                                 0.099 (g/cc)

 Unit Cell
  A-axis length:                         61.200
  B-axis length:                         61.200
  C-axis length:                         96.800
  Alpha:                                 90.000
  Beta:                                  90.000
  Gamma:                                120.000
  Space group
   Number:                                    1
   Symbol:                                   P1
   Number of Symmetry Operators:              1
  Lattice Vectors
   A:                61.200,    0.000,    0.000
   B:               -30.600,   53.001,    0.000
   C:                 0.000,    0.000,   96.800
  Reciprocal Lattice Vectors
   A*:                0.016,    0.009,   -0.000
   B*:                0.000,    0.019,   -0.000
   C*:                0.000,    0.000,    0.010

 Bonded Terms
  Bonds:                                   2664
  Angles:                                  4809
  Stretch-Bends:                           4216
  Out-of-Plane Bends:                      1587
  Torsions:                                7004
  Pi-Orbital Torsions:                      281
  Torsion-Torsions:                          11

 Non-Bonded Terms

  Van der Waals
   Switch Start:                         10.800 (A)
   Cut-Off:                              12.000 (A)
   Long-Range Correction:                 FALSE

 Electrostatics
   Polarization:                         DIRECT
   Particle-mesh Ewald
    Ewald Coefficient:                    0.545
    Particle Cut-Off:                     7.000 (A)
    B-Spline Order:                           5
    Mesh Density:                         1.200
    Mesh Dimensions:              ( 80, 80,120)
    Grid Method:                        SPATIAL

  Continuum Solvation
   Radii:                                SOLUTE
   Generalized Kirkwood Cut-Off:        12.0000 (A)
   GKC:                                  2.4550
   Solvent Dielectric:                  78.3000
   Solute Dielectric:                    1.0000
   Descreen with vdW Radii:                TRUE
   Descreen with Hydrogen Atoms:          FALSE
   Descreen Offset:                      0.0000
   General HCT Scale Factor:             0.7200
   Non-Polar Model:                  GAUSS-DISP
    GaussVol Radii Offset:               0.0000
    GaussVol Radii Scale:                1.0000
   Dispersion Integral Offset:           1.0560 (A)
   Cavitation Solvent Pressure:          0.0334 (Kcal/mol/A^3)
   Cavitation Surface Tension:           0.1030 (Kcal/mol/A^2)
   Cavitation Cross-Over Radius:         9.2515 (A)

  Overall system charge:                  9.000

 Opened 2LZM_s1a.pdb in 3.025 sec.

 System Resources
  Total CPU time:          56.38 (sec)
  System load average:    113.88
  Open file handles:         146 of  81920 allowed
  System memory:           37512 MB free out of  38960 MB
  System swap space:        2053 MB free out of   2053 MB
  JVM memory:               3787 MB free out of   4096 MB

 Minimizing energy of Single Topology  [2LZM_s1a.pdb] 
 Setting lambda to 0.000.
 Generalized Kirkwood  -2459.40192668      0.315
 Cavitation             1626.92608821      0.900
 Dispersion             -975.58675930      0.284

 Computed Potential Energy
  Bond Stretching            121.26747444         2664        0.004 ( 0.01148)
  Angle Bending              574.49354337         4809        0.008 ( 2.81556)
  Stretch-Bend                -2.01323382         4216        0.004
  Out-of-Plane Bend           38.67383949         1587        0.002
  Torsional Angle            219.63754691         7004        0.043
  Pi-Orbital Torsion          20.89824754          281        0.001
  Torsion-Torsion            -56.39801975           11        0.005
  Van der Waals              909.07559101       553487        0.291
  Atomic Multipoles        -4891.13453203       147941
  Polarization              -801.30802257       147941       11.416
  Solvation                -1808.06259777       562943
  Total Potential          -5674.87016318  (Kcal/mole)       11.776 (sec)
  Replicates Cell          -5674.87016318

 Limited Memory BFGS Quasi-Newton Optimization: 

 Cycle       Energy      G RMS    Delta E   Delta X    Angle  Evals     Time

     0   -5674.8702     2.7842
     1   -5813.8698     5.3853   138.9996    0.0029     0.00      5   14.004
     2   -5815.8742     5.2146     2.0044    0.0000    10.79     20 BadIntpln
     3   -5815.8843     5.2139     0.0101    0.0000    25.72     33 BadIntpln
Apr 11, 2026 11:05:06 AM ffx.algorithms.optimize.Minimize minimize
WARNING: 
 Optimization failed.

 Generalized Kirkwood  -2597.69555445      0.021
 Cavitation             1629.40009706      0.491
 Dispersion             -976.00576607      0.016

 Computed Potential Energy
  Bond Stretching            149.27435623         2664        0.010 ( 0.01231)
  Angle Bending              571.72352313         4809        0.002 ( 2.80503)
  Stretch-Bend                -4.45311078         4216        0.002
  Out-of-Plane Bend           36.85337012         1587        0.001
  Torsional Angle            217.69531958         7004        0.004
  Pi-Orbital Torsion          20.19786638          281        0.006
  Torsion-Torsion            -56.40281044           11        0.002
  Van der Waals              905.13333203       553434        0.094
  Atomic Multipoles        -4898.91314472       147934
  Polarization              -812.69175087       147934        1.689
  Solvation                -1944.30122346       562919
  Total Potential          -5815.88427280  (Kcal/mole)        1.815 (sec)
  Replicates Cell          -5815.88427280
 Setting atom names to PDB standard.
 Saving 2LZM_s1a.pdb_2

 Script wall clock time: 87.654 (sec)
=== Step 1c: Minimize polarization=MUTUAL (RMS=0.8) ===
WARNING: Using incubator modules: jdk.incubator.vector
 _________________________________________________________________________

        FORCE FIELD X - Polyglot Software for Molecular Biophysics 

        Version 1.0.0-6989  April 2026 
        Git Revision  37ed053f2c49c028f09d7b01ee85b011fa436c89 
 
        Please cite the following reference when using Force Field X:

        RA Gogal, AJ Nessler, AC Thiel, HV Bernabe, RA Corrigan Grove,
        LM Cousineau, JM Litman, JM Miller, G Qi, MJ Speranza,
        MR Tollefson, TD Fenn, JJ Michaelson, O Okada, JP Piquemal,
        JW Ponder, J Shen, RJH Smith, W Yang, P Ren and MJ Schnieders,
        2024, Journal of Chemical Physics, 161 (1).

        Copyright (c)  Michael J. Schnieders  2001-2026
        All Rights Reserved

        Force Field X is distributed under the GPL v. 3 license
        with linking exception and is hosted by the Schnieders Lab
        at The University of Iowa.

        User Manual:   https://ffx.biochem.uiowa.edu/manual.html
        Publications:  https://ffx.biochem.uiowa.edu/publications.html
        License:       https://ffx.biochem.uiowa.edu/licenses.html

 _________________________________________________________________________

 Sat Apr 11 11:05:09 CDT 2026
 Process ID 72141 on argon-itf-bx43-03.hpc.

 Command line arguments:
 [Minimize, -e, 0.8, /Dedicated/schnieders/maemmad/pKa_GNN/data/fixed_pdbs/2LZM_s1b.pdb]

 Executing internal command: ffx.algorithms.commands.Minimize

 Initializing 1 topologies...
 Parsing: Internal force field (amoeba-bio-2018-cphmd).
 Parsing: Structure properties from (data/fixed_pdbs/2LZM.properties).
 Parsing: JVM system properties (i.e. command line -Dkey=value pairs).

 Attempting to read force field patch from /Dedicated/schnieders/maemmad/pKa_GNN/naphosphate_solute.09Feb21.prm.

 Renumbering Patch: FALSE
 Reading 2LZM_s1b.pdb

 Assigning atom types for 1 chains.
 Amino acid chain A
 Constructing Force Field AMOEBA-BIO-2018-CPHMD

 SMP threads:                                20

 Density:                                 0.099 (g/cc)

 Unit Cell
  A-axis length:                         61.200
  B-axis length:                         61.200
  C-axis length:                         96.800
  Alpha:                                 90.000
  Beta:                                  90.000
  Gamma:                                120.000
  Space group
   Number:                                    1
   Symbol:                                   P1
   Number of Symmetry Operators:              1
  Lattice Vectors
   A:                61.200,    0.000,    0.000
   B:               -30.600,   53.001,    0.000
   C:                 0.000,    0.000,   96.800
  Reciprocal Lattice Vectors
   A*:                0.016,    0.009,   -0.000
   B*:                0.000,    0.019,   -0.000
   C*:                0.000,    0.000,    0.010

 Bonded Terms
  Bonds:                                   2664
  Angles:                                  4809
  Stretch-Bends:                           4216
  Out-of-Plane Bends:                      1587
  Torsions:                                7004
  Pi-Orbital Torsions:                      281
  Torsion-Torsions:                          11

 Non-Bonded Terms

  Van der Waals
   Switch Start:                         10.800 (A)
   Cut-Off:                              12.000 (A)
   Long-Range Correction:                 FALSE

 Electrostatics
   Polarization:                         MUTUAL
    SCF Convergence Criteria:         1.000e-05
    SCF Predictor:                         ASPC
    SCF Algorithm:                           CG
    CG Preconditioner Cut-Off:            4.500
    CG Preconditioner Ewald Coeff.:       0.000
    CG Preconditioner Scale:              2.000
    CG Preconditioner Mode:     FLETCHER_REEVES
   Particle-mesh Ewald
    Ewald Coefficient:                    0.545
    Particle Cut-Off:                     7.000 (A)
    B-Spline Order:                           5
    Mesh Density:                         1.200
    Mesh Dimensions:              ( 80, 80,120)
    Grid Method:                        SPATIAL

  Continuum Solvation
   Radii:                                SOLUTE
   Generalized Kirkwood Cut-Off:        12.0000 (A)
   GKC:                                  2.4550
   Solvent Dielectric:                  78.3000
   Solute Dielectric:                    1.0000
   Descreen with vdW Radii:                TRUE
   Descreen with Hydrogen Atoms:          FALSE
   Descreen Offset:                      0.0000
   General HCT Scale Factor:             0.7200
   Non-Polar Model:                  GAUSS-DISP
    GaussVol Radii Offset:               0.0000
    GaussVol Radii Scale:                1.0000
   Dispersion Integral Offset:           1.0560 (A)
   Cavitation Solvent Pressure:          0.0334 (Kcal/mol/A^3)
   Cavitation Surface Tension:           0.1030 (Kcal/mol/A^2)
   Cavitation Cross-Over Radius:         9.2515 (A)

  Overall system charge:                  9.000

 Opened 2LZM_s1b.pdb in 1.084 sec.

 System Resources
  Total CPU time:          16.49 (sec)
  System load average:     56.86
  Open file handles:         146 of  81920 allowed
  System memory:           38062 MB free out of  38960 MB
  System swap space:        2053 MB free out of   2053 MB
  JVM memory:               3979 MB free out of   4096 MB

 Minimizing energy of Single Topology  [2LZM_s1b.pdb] 
 Setting lambda to 0.000.
 Generalized Kirkwood  -2914.94560485      0.140
 Cavitation             1629.43431636      0.196
 Dispersion             -976.00898936      0.146

 Computed Potential Energy
  Bond Stretching            149.21766365         2664        0.002 ( 0.01231)
  Angle Bending              571.66033843         4809        0.004 ( 2.80489)
  Stretch-Bend                -4.47745734         4216        0.002
  Out-of-Plane Bend           36.93492041         1587        0.001
  Torsional Angle            217.73559579         7004        0.004
  Pi-Orbital Torsion          20.21731603          281        0.000
  Torsion-Torsion            -56.41781266           11        0.000
  Van der Waals              905.00509088       553427        0.134
  Atomic Multipoles        -4898.89843465       147937
  Polarization              -746.61264083       147937        4.099
  Solvation                -2261.52027785       562909
  Total Potential          -6067.15569813  (Kcal/mole)        4.247 (sec)
  Replicates Cell          -6067.15569813

 Limited Memory BFGS Quasi-Newton Optimization: 

 Cycle       Energy      G RMS    Delta E   Delta X    Angle  Evals     Time

     0   -6067.1557     5.1878
     1   -6013.6543     3.2122   -53.5014    0.0006     0.00      3    1.346
     2   -6013.7032     3.2078     0.0489    0.0000     9.78     16 BadIntpln
     3   -6013.7034     3.2078     0.0002    0.0000    22.64     27 BadIntpln
Apr 11, 2026 11:05:29 AM ffx.algorithms.optimize.Minimize minimize
WARNING: 
 Optimization failed.

 Generalized Kirkwood  -2841.17506869      0.015
 Cavitation             1629.51548855      0.081
 Dispersion             -976.05993761      0.017

 Computed Potential Energy
  Bond Stretching            130.14671694         2664        0.000 ( 0.01181)
  Angle Bending              568.26476304         4809        0.000 ( 2.79742)
  Stretch-Bend                -3.82861503         4216        0.000
  Out-of-Plane Bend           36.80482987         1587        0.000
  Torsional Angle            217.60301620         7004        0.000
  Pi-Orbital Torsion          20.17158302          281        0.001
  Torsion-Torsion            -56.43469897           11        0.000
  Van der Waals              904.61995865       553428        0.007
  Atomic Multipoles        -4897.28461866       147925
  Polarization              -746.04761561       147925        0.277
  Solvation                -2187.71951775       562920
  Total Potential          -6013.70419832  (Kcal/mole)        0.286 (sec)
  Replicates Cell          -6013.70419832
 Setting atom names to PDB standard.
 Saving 2LZM_s1b.pdb_2

 Script wall clock time: 19.369 (sec)
=== Step 2: Starting Scheduler ===
WARNING: Using incubator modules: jdk.incubator.vector
=== Step 3: ManyBody Rotamer Optimization ===
WARNING: Using incubator modules: jdk.incubator.vector
Job 2