 Evaluating /Dedicated/schnieders/programs/stack-2021.1.sh
  Loading Modules
   Stack 2021.1
   GCC 9.3.0
   CMake 3.20.0
   Eigen 3.3.9
   Cuda 11.1.1
   Cuda: /usr/share/apps/2021.1/arch/gcc-9.3.0/cuda-11.1.1
   CudaNN 8.0.5.39-11.1
   Swig 4.0.2_gcc-9.3.0
  Loading software from /Dedicated/schnieders/programs/local
   Ant: /Dedicated/schnieders/programs/apache-ant-1.10.11
   FFX: /Dedicated/schnieders/programs/ffx-builds/forcefieldx-2026-01-04
   GDMA: /Dedicated/schnieders/programs/gdma-2.3
   Groovy: /Dedicated/schnieders/programs/groovy-4.0.1
   Java: /Dedicated/schnieders/programs/jdk-25.0.1
   Maven: /Dedicated/schnieders/programs/apache-maven-3.9.5
   VMD: /Dedicated/schnieders/programs/vmd
   NAMD: /Dedicated/schnieders/programs/NAMD_3.0alpha7_Linux-x86_64-multicore-CUDA
   OpenEye: /Dedicated/schnieders/programs/OpenEye
   Tinker: /Dedicated/schnieders/programs/tinker-tools
Job started: Mon Apr  6 13:22:36 CDT 2026
Host: argon-itf-bx55-02.hpc
PDB: /Dedicated/schnieders/maemmad/pKa_GNN/data/fixed_pdbs/1VII_fixed.pdb
=== Step 1: Coarse Minimize (RMS=0.8) ===
WARNING: Using incubator modules: jdk.incubator.vector
 _________________________________________________________________________

        FORCE FIELD X - Polyglot Software for Molecular Biophysics 

        Version 1.0.0-6989  April 2026 
        Git Revision  37ed053f2c49c028f09d7b01ee85b011fa436c89 
 
        Please cite the following reference when using Force Field X:

        RA Gogal, AJ Nessler, AC Thiel, HV Bernabe, RA Corrigan Grove,
        LM Cousineau, JM Litman, JM Miller, G Qi, MJ Speranza,
        MR Tollefson, TD Fenn, JJ Michaelson, O Okada, JP Piquemal,
        JW Ponder, J Shen, RJH Smith, W Yang, P Ren and MJ Schnieders,
        2024, Journal of Chemical Physics, 161 (1).

        Copyright (c)  Michael J. Schnieders  2001-2026
        All Rights Reserved

        Force Field X is distributed under the GPL v. 3 license
        with linking exception and is hosted by the Schnieders Lab
        at The University of Iowa.

        User Manual:   https://ffx.biochem.uiowa.edu/manual.html
        Publications:  https://ffx.biochem.uiowa.edu/publications.html
        License:       https://ffx.biochem.uiowa.edu/licenses.html

 _________________________________________________________________________

 Mon Apr 06 13:22:38 CDT 2026
 Process ID 43654 on argon-itf-bx55-02.hpc.

 Command line arguments:
 [Minimize, -e, 0.8, /Dedicated/schnieders/maemmad/pKa_GNN/data/fixed_pdbs/1VII_fixed.pdb]

 Executing internal command: ffx.algorithms.commands.Minimize

 Initializing 1 topologies...
 Parsing: Internal force field (amoeba-bio-2018-cphmd).
 Parsing: Structure properties from (data/fixed_pdbs/1VII.properties).
 Parsing: JVM system properties (i.e. command line -Dkey=value pairs).

 Attempting to read force field patch from /Dedicated/schnieders/maemmad/pKa_GNN/naphosphate_solute.09Feb21.prm.

 Renumbering Patch: FALSE
 Reading 1VII_fixed.pdb

 Assigning atom types for 1 chains.
 Amino acid chain A
 Atom       9-H MET 1 (   0.84, -10.78,  -2.86) A
 of residue A-1-MET
 could not be assigned an atom type.

	at ffx.potential.bonded.AminoAcidUtils.assignAminoAcidAtomTypes(AminoAcidUtils.java:538)
	at ffx.potential.bonded.AminoAcidUtils.assignAminoAcidAtomTypes(AminoAcidUtils.java:208)
	at ffx.potential.bonded.PolymerUtils.assignAtomTypes(PolymerUtils.java:157)
	at ffx.potential.parsers.PDBFilter.readFile(PDBFilter.java:1400)
	at ffx.ui.UIFileOpener.open(UIFileOpener.java:172)
	at ffx.ui.UIFileOpener.run(UIFileOpener.java:158)
	at java.base/java.lang.Thread.run(Thread.java:1474)

Apr 06, 2026 1:22:46 PM ffx.potential.bonded.PolymerUtils assignAtomTypes
SEVERE:  Atom       9-H MET 1 (   0.84, -10.78,  -2.86) A
 of residue A-1-MET
 could not be assigned an atom type.


 Force Field X will not continue.
 Shutting down...
ERROR: Step 1 output not found: /Dedicated/schnieders/maemmad/pKa_GNN/data/fixed_pdbs/1VII_fixed.pdb_2
