 Evaluating /Dedicated/schnieders/programs/stack-2021.1.sh
  Loading Modules
   Stack 2021.1
   GCC 9.3.0
   CMake 3.20.0
   Eigen 3.3.9
   Cuda 11.1.1
   Cuda: /usr/share/apps/2021.1/arch/gcc-9.3.0/cuda-11.1.1
   CudaNN 8.0.5.39-11.1
   Swig 4.0.2_gcc-9.3.0
  Loading software from /Dedicated/schnieders/programs/local
   Ant: /Dedicated/schnieders/programs/apache-ant-1.10.11
   FFX: /Dedicated/schnieders/programs/ffx-builds/forcefieldx-2026-01-04
   GDMA: /Dedicated/schnieders/programs/gdma-2.3
   Groovy: /Dedicated/schnieders/programs/groovy-4.0.1
   Java: /Dedicated/schnieders/programs/jdk-25.0.1
   Maven: /Dedicated/schnieders/programs/apache-maven-3.9.5
   VMD: /Dedicated/schnieders/programs/vmd
   NAMD: /Dedicated/schnieders/programs/NAMD_3.0alpha7_Linux-x86_64-multicore-CUDA
   OpenEye: /Dedicated/schnieders/programs/OpenEye
   Tinker: /Dedicated/schnieders/programs/tinker-tools
Job started: Tue Apr  7 15:00:21 CDT 2026
Host: argon-itf-bx51-13.hpc
PDB: /Dedicated/schnieders/maemmad/pKa_GNN/data/fixed_pdbs/8I41_fixed.pdb
=== Step 1: Coarse Minimize (RMS=0.8) ===
WARNING: Using incubator modules: jdk.incubator.vector
 _________________________________________________________________________

        FORCE FIELD X - Polyglot Software for Molecular Biophysics 

        Version 1.0.0-6989  April 2026 
        Git Revision  37ed053f2c49c028f09d7b01ee85b011fa436c89 
 
        Please cite the following reference when using Force Field X:

        RA Gogal, AJ Nessler, AC Thiel, HV Bernabe, RA Corrigan Grove,
        LM Cousineau, JM Litman, JM Miller, G Qi, MJ Speranza,
        MR Tollefson, TD Fenn, JJ Michaelson, O Okada, JP Piquemal,
        JW Ponder, J Shen, RJH Smith, W Yang, P Ren and MJ Schnieders,
        2024, Journal of Chemical Physics, 161 (1).

        Copyright (c)  Michael J. Schnieders  2001-2026
        All Rights Reserved

        Force Field X is distributed under the GPL v. 3 license
        with linking exception and is hosted by the Schnieders Lab
        at The University of Iowa.

        User Manual:   https://ffx.biochem.uiowa.edu/manual.html
        Publications:  https://ffx.biochem.uiowa.edu/publications.html
        License:       https://ffx.biochem.uiowa.edu/licenses.html

 _________________________________________________________________________

 Tue Apr 07 15:01:09 CDT 2026
 Process ID 530652 on argon-itf-bx51-13.hpc.

 Command line arguments:
 [Minimize, -e, 0.8, /Dedicated/schnieders/maemmad/pKa_GNN/data/fixed_pdbs/8I41_fixed.pdb]

 Executing internal command: ffx.algorithms.commands.Minimize

 Initializing 1 topologies...
 Parsing: Internal force field (amoeba-bio-2018-cphmd).
 Parsing: Structure properties from (data/fixed_pdbs/8I41.properties).
 Parsing: JVM system properties (i.e. command line -Dkey=value pairs).

 Attempting to read force field patch from /Dedicated/schnieders/maemmad/pKa_GNN/naphosphate_solute.09Feb21.prm.

 Renumbering Patch: FALSE
 Reading 8I41_fixed.pdb

 Assigning atom types for 5 chains.
 Amino acid chain A
 Amino acid chain B
 Amino acid chain C
 Amino acid chain D
 Amino acid chain E
 Renumbering PDB file due to built atoms (25520 vs 12705)
 Total number of atoms: 25520

 Constructing Force Field AMOEBA-BIO-2018-CPHMD

 SMP threads:                                20
 A-, B-, and C-axis values equal to 1.0.
 The system will be treated as aperiodic (max separation =  124.8 A).

 Bonded Terms
  Bonds:                                  25865
  Angles:                                 46815
  Stretch-Bends:                          41175
  Out-of-Plane Bends:                     15915
  Torsions:                               69010
  Pi-Orbital Torsions:                     3145
  Torsion-Torsions:                          35

 Non-Bonded Terms

  Van der Waals
   Cut-Off:                                NONE
   Long-Range Correction:                 FALSE

 Electrostatics
   Polarization:                         MUTUAL
    SCF Convergence Criteria:         1.000e-06
    SCF Predictor:                         NONE
    SCF Algorithm:                           CG
    CG Preconditioner Cut-Off:            4.500
    CG Preconditioner Ewald Coeff.:       0.000
    CG Preconditioner Scale:              2.000
    CG Preconditioner Mode:     FLETCHER_REEVES
    Electrostatics Cut-Off:                NONE

  Continuum Solvation
   Radii:                                SOLUTE
   Generalized Kirkwood Cut-Off:           NONE
   GKC:                                  2.4550
   Solvent Dielectric:                  78.3000
   Solute Dielectric:                    1.0000
   Descreen with vdW Radii:                TRUE
   Descreen with Hydrogen Atoms:          FALSE
   Descreen Offset:                      0.0000
   General HCT Scale Factor:             0.7200
   Non-Polar Model:                  GAUSS-DISP
    GaussVol Radii Offset:               0.0000
    GaussVol Radii Scale:                1.0000
   Dispersion Integral Offset:           1.0560 (A)
   Cavitation Solvent Pressure:          0.0334 (Kcal/mol/A^3)
   Cavitation Surface Tension:           0.1030 (Kcal/mol/A^2)
   Cavitation Cross-Over Radius:         9.2515 (A)

  Overall system charge:                -15.000

 Opened 8I41_fixed.pdb in 8.562 sec.

 System Resources
  Total CPU time:          74.39 (sec)
  System load average:     45.74
  Open file handles:         147 of  81920 allowed
  System memory:           90335 MB free out of  94320 MB
  System swap space:        2053 MB free out of   2053 MB
  JVM memory:               2443 MB free out of   4096 MB

 Minimizing energy of Single Topology  [8I41_fixed.pdb] 
 Setting lambda to 0.000.
 Generalized Kirkwood -26722.04716539     15.969
 Cavitation            16239.21072873     11.547
 Dispersion           -10170.88536226     26.091

 Computed Potential Energy
  Bond Stretching           1208.27558860        25865        0.017 ( 0.01076)
  Angle Bending             5188.70653734        46815        0.037 ( 2.60002)
  Stretch-Bend                44.39522291        41175        0.029
  Out-of-Plane Bend          455.46757104        15915        0.012
  Torsional Angle           2578.27961101        69010        0.053
  Pi-Orbital Torsion         276.83784655         3145        0.002
  Torsion-Torsion           -118.20687871           35        0.001
  Van der Waals            15790.26710202    325549760        1.208
  Atomic Multipoles       -32613.46816498    325549760
  Polarization             -7947.87739455    325549760      246.627
  Solvation               -20653.72179892    325647960
  Total Potential         -35791.04475770  (Kcal/mole)      247.985 (sec)

 Limited Memory BFGS Quasi-Newton Optimization: 

 Cycle       Energy      G RMS    Delta E   Delta X    Angle  Evals     Time

     0  -35791.0448    12.0119
     1  -36978.8741     8.9964  1187.8293    0.0015     0.00      2  377.933
     2  -37903.9193     7.3090   925.0452    0.0015     8.20      3  372.696
     3  -38665.0533     6.2279   761.1340    0.0015    13.61      4  357.931
     4  -39319.8140     5.4554   654.7607    0.0015    14.36      5  364.349
     5  -40415.3389     4.4339  1095.5249    0.0030    15.54      7  732.911
