 Evaluating /Dedicated/schnieders/programs/stack-2021.1.sh
  Loading Modules
   Stack 2021.1
   GCC 9.3.0
   CMake 3.20.0
   Eigen 3.3.9
   Cuda 11.1.1
   Cuda: /usr/share/apps/2021.1/arch/gcc-9.3.0/cuda-11.1.1
   CudaNN 8.0.5.39-11.1
   Swig 4.0.2_gcc-9.3.0
  Loading software from /Dedicated/schnieders/programs/local
   Ant: /Dedicated/schnieders/programs/apache-ant-1.10.11
   FFX: /Dedicated/schnieders/programs/ffx-builds/forcefieldx-2026-01-04
   GDMA: /Dedicated/schnieders/programs/gdma-2.3
   Groovy: /Dedicated/schnieders/programs/groovy-4.0.1
   Java: /Dedicated/schnieders/programs/jdk-25.0.1
   Maven: /Dedicated/schnieders/programs/apache-maven-3.9.5
   VMD: /Dedicated/schnieders/programs/vmd
   NAMD: /Dedicated/schnieders/programs/NAMD_3.0alpha7_Linux-x86_64-multicore-CUDA
   OpenEye: /Dedicated/schnieders/programs/OpenEye
   Tinker: /Dedicated/schnieders/programs/tinker-tools
=== 1FVJ tinker_min started: Thu Apr 23 11:39:40 CDT 2026 ===

     ######################################################################
   ##########################################################################
  ###                                                                      ###
 ###            Tinker  ---  Software Tools for Molecular Design            ###
 ##                                                                          ##
 ##                        Version 8.11.3   June 2024                        ##
 ##                                                                          ##
 ##               Copyright (c)  Jay William Ponder  1990-2024               ##
 ###                           All Rights Reserved                          ###
  ###                                                                      ###
   ##########################################################################
     ######################################################################

OMP: Info #276: omp_set_nested routine deprecated, please use omp_set_max_active_levels instead.

 KTORTOR  --  Warning, Unequal Tor-Tor Values       -0.41030    -0.34336

 KTORTOR  --  Warning, Unequal Tor-Tor Values       -2.35817    -3.43923

 KTORTOR  --  Warning, Unequal Tor-Tor Values       -5.73614    -5.15707

 KTORTOR  --  Warning, Unequal Tor-Tor Values       -5.25542    -0.72643

 KTORTOR  --  Warning, Unequal Tor-Tor Values        1.38787    -1.82424

 KTORTOR  --  Warning, Unequal Tor-Tor Values       -5.25542    -6.28648

 KTORTOR  --  Warning, Unequal Tor-Tor Values       -5.73614    -3.36364

 KTORTOR  --  Warning, Unequal Tor-Tor Values       -2.35817    -0.91119

 KTORTOR  --  Warning, Unequal Tor-Tor Values       -0.41030     0.00000

 KTORTOR  --  Warning, Unequal Tor-Tor Values       -0.41030     0.00000

 KTORTOR  --  Warning, Unequal Tor-Tor Values        0.11457     0.00000

 KTORTOR  --  Warning, Unequal Tor-Tor Values        2.74331     0.00000

 KTORTOR  --  Warning, Unequal Tor-Tor Values       -0.27385     0.00000

 KTORTOR  --  Warning, Unequal Tor-Tor Values       -4.22230     0.00000

 KTORTOR  --  Warning, Unequal Tor-Tor Values       -0.27385     0.00000

 KTORTOR  --  Warning, Unequal Tor-Tor Values        2.74331     0.00000

 KTORTOR  --  Warning, Unequal Tor-Tor Values        0.11457     0.00000

 KTORTOR  --  Warning, Unequal Tor-Tor Values       -0.41030     0.00000

 KTORTOR  --  Warning, Unequal Tor-Tor Values       -0.91119     0.00000

 KTORTOR  --  Warning, Unequal Tor-Tor Values        1.89156     0.00000

 KTORTOR  --  Warning, Unequal Tor-Tor Values        1.79376     0.00000

 KTORTOR  --  Warning, Unequal Tor-Tor Values       -3.60137     0.00000

 KTORTOR  --  Warning, Unequal Tor-Tor Values       -2.68532     0.00000

 KTORTOR  --  Warning, Unequal Tor-Tor Values        2.53125     0.00000

 KTORTOR  --  Warning, Unequal Tor-Tor Values        1.14392     0.00000

 KTORTOR  --  Warning, Unequal Tor-Tor Values       -0.38834     0.00000

 KTORTOR  --  Warning, Unequal Tor-Tor Values       -1.68618     0.00000

 KTORTOR  --  Warning, Unequal Tor-Tor Values        0.39856     0.00000

 KTORTOR  --  Warning, Unequal Tor-Tor Values        2.55866     0.00000

 KTORTOR  --  Warning, Unequal Tor-Tor Values       -2.03519     0.00000

 KTORTOR  --  Warning, Unequal Tor-Tor Values       -4.67044     0.00000

 KTORTOR  --  Warning, Unequal Tor-Tor Values        1.18267     0.00000

 KTORTOR  --  Warning, Unequal Tor-Tor Values        1.65296     0.00000

 KTORTOR  --  Warning, Unequal Tor-Tor Values       -0.34336     0.00000

 CSPLINE  --  Warning, Non-Periodic Input Values    -0.41030    -0.34336

 CSPLINE  --  Warning, Non-Periodic Input Values    -2.35817    -3.43923

 CSPLINE  --  Warning, Non-Periodic Input Values    -5.73614    -5.15707

 CSPLINE  --  Warning, Non-Periodic Input Values    -5.25542    -0.72643

 CSPLINE  --  Warning, Non-Periodic Input Values     1.38787    -1.82424

 CSPLINE  --  Warning, Non-Periodic Input Values    -5.25542    -6.28648

 CSPLINE  --  Warning, Non-Periodic Input Values    -5.73614    -3.36364

 CSPLINE  --  Warning, Non-Periodic Input Values    -2.35817    -0.91119

 CSPLINE  --  Warning, Non-Periodic Input Values    -0.41030     0.00000

 CSPLINE  --  Warning, Non-Periodic Input Values    -0.41030     0.00000

 CSPLINE  --  Warning, Non-Periodic Input Values     0.11457     0.00000

 CSPLINE  --  Warning, Non-Periodic Input Values     2.74331     0.00000

 CSPLINE  --  Warning, Non-Periodic Input Values    -0.27385     0.00000

 CSPLINE  --  Warning, Non-Periodic Input Values    -4.22230     0.00000

 CSPLINE  --  Warning, Non-Periodic Input Values    -0.27385     0.00000

 CSPLINE  --  Warning, Non-Periodic Input Values     2.74331     0.00000

 CSPLINE  --  Warning, Non-Periodic Input Values     0.11457     0.00000

 CSPLINE  --  Warning, Non-Periodic Input Values    -0.41030     0.00000

 CSPLINE  --  Warning, Non-Periodic Input Values    -0.91119     0.00000

 CSPLINE  --  Warning, Non-Periodic Input Values     1.89156     0.00000

 CSPLINE  --  Warning, Non-Periodic Input Values     1.79376     0.00000

 CSPLINE  --  Warning, Non-Periodic Input Values    -3.60137     0.00000

 CSPLINE  --  Warning, Non-Periodic Input Values    -2.68532     0.00000

 CSPLINE  --  Warning, Non-Periodic Input Values     2.53125     0.00000

 CSPLINE  --  Warning, Non-Periodic Input Values     1.14392     0.00000

 CSPLINE  --  Warning, Non-Periodic Input Values    -0.38834     0.00000

 CSPLINE  --  Warning, Non-Periodic Input Values    -1.68618     0.00000

 CSPLINE  --  Warning, Non-Periodic Input Values     0.39856     0.00000

 CSPLINE  --  Warning, Non-Periodic Input Values     2.55866     0.00000

 CSPLINE  --  Warning, Non-Periodic Input Values    -2.03519     0.00000

 CSPLINE  --  Warning, Non-Periodic Input Values    -4.67044     0.00000

 CSPLINE  --  Warning, Non-Periodic Input Values     1.18267     0.00000

 CSPLINE  --  Warning, Non-Periodic Input Values     1.65296     0.00000

 CSPLINE  --  Warning, Non-Periodic Input Values    -0.34336     0.00000

 CSPLINE  --  Warning, Non-Periodic Input Values    -0.08660     0.00000

 CSPLINE  --  Warning, Non-Periodic Input Values     0.17103     0.00000

 CSPLINE  --  Warning, Non-Periodic Input Values     0.02651     0.00000

 CSPLINE  --  Warning, Non-Periodic Input Values    -0.35476     0.00000

 CSPLINE  --  Warning, Non-Periodic Input Values    -0.00060     0.00000

 CSPLINE  --  Warning, Non-Periodic Input Values     0.35715     0.00000

 CSPLINE  --  Warning, Non-Periodic Input Values    -0.03488     0.00000

 CSPLINE  --  Warning, Non-Periodic Input Values    -0.13995     0.00000

 CSPLINE  --  Warning, Non-Periodic Input Values    -0.03606     0.00000

 CSPLINE  --  Warning, Non-Periodic Input Values     0.07903     0.00000

 CSPLINE  --  Warning, Non-Periodic Input Values     0.18032     0.00000

 CSPLINE  --  Warning, Non-Periodic Input Values    -0.25932     0.00000

 CSPLINE  --  Warning, Non-Periodic Input Values    -0.24162     0.00000

 CSPLINE  --  Warning, Non-Periodic Input Values     0.32998     0.00000

 CSPLINE  --  Warning, Non-Periodic Input Values     0.14821     0.00000

 CSPLINE  --  Warning, Non-Periodic Input Values    -0.15699     0.00000

 CSPLINE  --  Warning, Non-Periodic Input Values    -0.10416     0.00000

 CSPLINE  --  Warning, Non-Periodic Input Values     0.00762     0.00000

 CSPLINE  --  Warning, Non-Periodic Input Values     0.23107     0.00000

 CSPLINE  --  Warning, Non-Periodic Input Values    -0.08293     0.00000

 CSPLINE  --  Warning, Non-Periodic Input Values    -0.38608     0.00000

 CSPLINE  --  Warning, Non-Periodic Input Values     0.18144     0.00000

 CSPLINE  --  Warning, Non-Periodic Input Values     0.30388     0.00000

 CSPLINE  --  Warning, Non-Periodic Input Values    -0.13229     0.00000

 CSPLINE  --  Warning, Non-Periodic Input Values    -0.08660     0.00000

 KTORTOR  --  Warning, Unequal Tor-Tor Values       -0.41030    -0.34336

 KTORTOR  --  Warning, Unequal Tor-Tor Values       -2.35817    -3.43923

 KTORTOR  --  Warning, Unequal Tor-Tor Values       -5.73614    -5.15707

 KTORTOR  --  Warning, Unequal Tor-Tor Values       -5.25542    -0.72643

 KTORTOR  --  Warning, Unequal Tor-Tor Values        1.38787    -1.82424

 KTORTOR  --  Warning, Unequal Tor-Tor Values       -5.25542    -6.28648

 KTORTOR  --  Warning, Unequal Tor-Tor Values       -5.73614    -3.36364

 KTORTOR  --  Warning, Unequal Tor-Tor Values       -2.35817    -0.91119

 KTORTOR  --  Warning, Unequal Tor-Tor Values       -0.41030     0.00000

 KTORTOR  --  Warning, Unequal Tor-Tor Values       -0.41030     0.00000

 KTORTOR  --  Warning, Unequal Tor-Tor Values        0.11457     0.00000

 KTORTOR  --  Warning, Unequal Tor-Tor Values        2.74331     0.00000

 KTORTOR  --  Warning, Unequal Tor-Tor Values       -0.27385     0.00000

 KTORTOR  --  Warning, Unequal Tor-Tor Values       -4.22230     0.00000

 KTORTOR  --  Warning, Unequal Tor-Tor Values       -0.27385     0.00000

 KTORTOR  --  Warning, Unequal Tor-Tor Values        2.74331     0.00000

 KTORTOR  --  Warning, Unequal Tor-Tor Values        0.11457     0.00000

 KTORTOR  --  Warning, Unequal Tor-Tor Values       -0.41030     0.00000

 KTORTOR  --  Warning, Unequal Tor-Tor Values       -0.91119     0.00000

 KTORTOR  --  Warning, Unequal Tor-Tor Values        1.89156     0.00000

 KTORTOR  --  Warning, Unequal Tor-Tor Values        1.79376     0.00000

 KTORTOR  --  Warning, Unequal Tor-Tor Values       -3.60137     0.00000

 KTORTOR  --  Warning, Unequal Tor-Tor Values       -2.68532     0.00000

 KTORTOR  --  Warning, Unequal Tor-Tor Values        2.53125     0.00000

 KTORTOR  --  Warning, Unequal Tor-Tor Values        1.14392     0.00000

 KTORTOR  --  Warning, Unequal Tor-Tor Values       -0.38834     0.00000

 KTORTOR  --  Warning, Unequal Tor-Tor Values       -1.68618     0.00000

 KTORTOR  --  Warning, Unequal Tor-Tor Values        0.39856     0.00000

 KTORTOR  --  Warning, Unequal Tor-Tor Values        2.55866     0.00000

 KTORTOR  --  Warning, Unequal Tor-Tor Values       -2.03519     0.00000

 KTORTOR  --  Warning, Unequal Tor-Tor Values       -4.67044     0.00000

 KTORTOR  --  Warning, Unequal Tor-Tor Values        1.18267     0.00000

 KTORTOR  --  Warning, Unequal Tor-Tor Values        1.65296     0.00000

 KTORTOR  --  Warning, Unequal Tor-Tor Values       -0.34336     0.00000

 CSPLINE  --  Warning, Non-Periodic Input Values    -0.41030    -0.34336

 CSPLINE  --  Warning, Non-Periodic Input Values    -2.35817    -3.43923

 CSPLINE  --  Warning, Non-Periodic Input Values    -5.73614    -5.15707

 CSPLINE  --  Warning, Non-Periodic Input Values    -5.25542    -0.72643

 CSPLINE  --  Warning, Non-Periodic Input Values     1.38787    -1.82424

 CSPLINE  --  Warning, Non-Periodic Input Values    -5.25542    -6.28648

 CSPLINE  --  Warning, Non-Periodic Input Values    -5.73614    -3.36364

 CSPLINE  --  Warning, Non-Periodic Input Values    -2.35817    -0.91119

 CSPLINE  --  Warning, Non-Periodic Input Values    -0.41030     0.00000

 CSPLINE  --  Warning, Non-Periodic Input Values    -0.41030     0.00000

 CSPLINE  --  Warning, Non-Periodic Input Values     0.11457     0.00000

 CSPLINE  --  Warning, Non-Periodic Input Values     2.74331     0.00000

 CSPLINE  --  Warning, Non-Periodic Input Values    -0.27385     0.00000

 CSPLINE  --  Warning, Non-Periodic Input Values    -4.22230     0.00000

 CSPLINE  --  Warning, Non-Periodic Input Values    -0.27385     0.00000

 CSPLINE  --  Warning, Non-Periodic Input Values     2.74331     0.00000

 CSPLINE  --  Warning, Non-Periodic Input Values     0.11457     0.00000

 CSPLINE  --  Warning, Non-Periodic Input Values    -0.41030     0.00000

 CSPLINE  --  Warning, Non-Periodic Input Values    -0.91119     0.00000

 CSPLINE  --  Warning, Non-Periodic Input Values     1.89156     0.00000

 CSPLINE  --  Warning, Non-Periodic Input Values     1.79376     0.00000

 CSPLINE  --  Warning, Non-Periodic Input Values    -3.60137     0.00000

 CSPLINE  --  Warning, Non-Periodic Input Values    -2.68532     0.00000

 CSPLINE  --  Warning, Non-Periodic Input Values     2.53125     0.00000

 CSPLINE  --  Warning, Non-Periodic Input Values     1.14392     0.00000

 CSPLINE  --  Warning, Non-Periodic Input Values    -0.38834     0.00000

 CSPLINE  --  Warning, Non-Periodic Input Values    -1.68618     0.00000

 CSPLINE  --  Warning, Non-Periodic Input Values     0.39856     0.00000

 CSPLINE  --  Warning, Non-Periodic Input Values     2.55866     0.00000

 CSPLINE  --  Warning, Non-Periodic Input Values    -2.03519     0.00000

 CSPLINE  --  Warning, Non-Periodic Input Values    -4.67044     0.00000

 CSPLINE  --  Warning, Non-Periodic Input Values     1.18267     0.00000

 CSPLINE  --  Warning, Non-Periodic Input Values     1.65296     0.00000

 CSPLINE  --  Warning, Non-Periodic Input Values    -0.34336     0.00000

 CSPLINE  --  Warning, Non-Periodic Input Values    -0.08660     0.00000

 CSPLINE  --  Warning, Non-Periodic Input Values     0.17103     0.00000

 CSPLINE  --  Warning, Non-Periodic Input Values     0.02651     0.00000

 CSPLINE  --  Warning, Non-Periodic Input Values    -0.35476     0.00000

 CSPLINE  --  Warning, Non-Periodic Input Values    -0.00060     0.00000

 CSPLINE  --  Warning, Non-Periodic Input Values     0.35715     0.00000

 CSPLINE  --  Warning, Non-Periodic Input Values    -0.03488     0.00000

 CSPLINE  --  Warning, Non-Periodic Input Values    -0.13995     0.00000

 CSPLINE  --  Warning, Non-Periodic Input Values    -0.03606     0.00000

 CSPLINE  --  Warning, Non-Periodic Input Values     0.07903     0.00000

 CSPLINE  --  Warning, Non-Periodic Input Values     0.18032     0.00000

 CSPLINE  --  Warning, Non-Periodic Input Values    -0.25932     0.00000

 CSPLINE  --  Warning, Non-Periodic Input Values    -0.24162     0.00000

 CSPLINE  --  Warning, Non-Periodic Input Values     0.32998     0.00000

 CSPLINE  --  Warning, Non-Periodic Input Values     0.14821     0.00000

 CSPLINE  --  Warning, Non-Periodic Input Values    -0.15699     0.00000

 CSPLINE  --  Warning, Non-Periodic Input Values    -0.10416     0.00000

 CSPLINE  --  Warning, Non-Periodic Input Values     0.00762     0.00000

 CSPLINE  --  Warning, Non-Periodic Input Values     0.23107     0.00000

 CSPLINE  --  Warning, Non-Periodic Input Values    -0.08293     0.00000

 CSPLINE  --  Warning, Non-Periodic Input Values    -0.38608     0.00000

 CSPLINE  --  Warning, Non-Periodic Input Values     0.18144     0.00000

 CSPLINE  --  Warning, Non-Periodic Input Values     0.30388     0.00000

 CSPLINE  --  Warning, Non-Periodic Input Values    -0.13229     0.00000

 CSPLINE  --  Warning, Non-Periodic Input Values    -0.08660     0.00000

 KTORTOR  --  Warning, Unequal Tor-Tor Values       -0.41030    -0.34336

 KTORTOR  --  Warning, Unequal Tor-Tor Values       -2.35817    -3.43923

 KTORTOR  --  Warning, Unequal Tor-Tor Values       -5.73614    -5.15707

 KTORTOR  --  Warning, Unequal Tor-Tor Values       -5.25542    -0.72643

 KTORTOR  --  Warning, Unequal Tor-Tor Values        1.38787    -1.82424

 KTORTOR  --  Warning, Unequal Tor-Tor Values       -5.25542    -6.28648

 KTORTOR  --  Warning, Unequal Tor-Tor Values       -5.73614    -3.36364

 KTORTOR  --  Warning, Unequal Tor-Tor Values       -2.35817    -0.91119

 KTORTOR  --  Warning, Unequal Tor-Tor Values       -0.41030     0.00000

 KTORTOR  --  Warning, Unequal Tor-Tor Values       -0.41030     0.00000

 KTORTOR  --  Warning, Unequal Tor-Tor Values        0.11457     0.00000

 KTORTOR  --  Warning, Unequal Tor-Tor Values        2.74331     0.00000

 KTORTOR  --  Warning, Unequal Tor-Tor Values       -0.27385     0.00000

 KTORTOR  --  Warning, Unequal Tor-Tor Values       -4.22230     0.00000

 KTORTOR  --  Warning, Unequal Tor-Tor Values       -0.27385     0.00000

 KTORTOR  --  Warning, Unequal Tor-Tor Values        2.74331     0.00000

 KTORTOR  --  Warning, Unequal Tor-Tor Values        0.11457     0.00000

 KTORTOR  --  Warning, Unequal Tor-Tor Values       -0.41030     0.00000

 KTORTOR  --  Warning, Unequal Tor-Tor Values       -0.91119     0.00000

 KTORTOR  --  Warning, Unequal Tor-Tor Values        1.89156     0.00000

 KTORTOR  --  Warning, Unequal Tor-Tor Values        1.79376     0.00000

 KTORTOR  --  Warning, Unequal Tor-Tor Values       -3.60137     0.00000

 KTORTOR  --  Warning, Unequal Tor-Tor Values       -2.68532     0.00000

 KTORTOR  --  Warning, Unequal Tor-Tor Values        2.53125     0.00000

 KTORTOR  --  Warning, Unequal Tor-Tor Values        1.14392     0.00000

 KTORTOR  --  Warning, Unequal Tor-Tor Values       -0.38834     0.00000

 KTORTOR  --  Warning, Unequal Tor-Tor Values       -1.68618     0.00000

 KTORTOR  --  Warning, Unequal Tor-Tor Values        0.39856     0.00000

 KTORTOR  --  Warning, Unequal Tor-Tor Values        2.55866     0.00000

 KTORTOR  --  Warning, Unequal Tor-Tor Values       -2.03519     0.00000

 KTORTOR  --  Warning, Unequal Tor-Tor Values       -4.67044     0.00000

 KTORTOR  --  Warning, Unequal Tor-Tor Values        1.18267     0.00000

 KTORTOR  --  Warning, Unequal Tor-Tor Values        1.65296     0.00000

 KTORTOR  --  Warning, Unequal Tor-Tor Values       -0.34336     0.00000

 CSPLINE  --  Warning, Non-Periodic Input Values    -0.41030    -0.34336

 CSPLINE  --  Warning, Non-Periodic Input Values    -2.35817    -3.43923

 CSPLINE  --  Warning, Non-Periodic Input Values    -5.73614    -5.15707

 CSPLINE  --  Warning, Non-Periodic Input Values    -5.25542    -0.72643

 CSPLINE  --  Warning, Non-Periodic Input Values     1.38787    -1.82424

 CSPLINE  --  Warning, Non-Periodic Input Values    -5.25542    -6.28648

 CSPLINE  --  Warning, Non-Periodic Input Values    -5.73614    -3.36364

 CSPLINE  --  Warning, Non-Periodic Input Values    -2.35817    -0.91119

 CSPLINE  --  Warning, Non-Periodic Input Values    -0.41030     0.00000

 CSPLINE  --  Warning, Non-Periodic Input Values    -0.41030     0.00000

 CSPLINE  --  Warning, Non-Periodic Input Values     0.11457     0.00000

 CSPLINE  --  Warning, Non-Periodic Input Values     2.74331     0.00000

 CSPLINE  --  Warning, Non-Periodic Input Values    -0.27385     0.00000

 CSPLINE  --  Warning, Non-Periodic Input Values    -4.22230     0.00000

 CSPLINE  --  Warning, Non-Periodic Input Values    -0.27385     0.00000

 CSPLINE  --  Warning, Non-Periodic Input Values     2.74331     0.00000

 CSPLINE  --  Warning, Non-Periodic Input Values     0.11457     0.00000

 CSPLINE  --  Warning, Non-Periodic Input Values    -0.41030     0.00000

 CSPLINE  --  Warning, Non-Periodic Input Values    -0.91119     0.00000

 CSPLINE  --  Warning, Non-Periodic Input Values     1.89156     0.00000

 CSPLINE  --  Warning, Non-Periodic Input Values     1.79376     0.00000

 CSPLINE  --  Warning, Non-Periodic Input Values    -3.60137     0.00000

 CSPLINE  --  Warning, Non-Periodic Input Values    -2.68532     0.00000

 CSPLINE  --  Warning, Non-Periodic Input Values     2.53125     0.00000

 CSPLINE  --  Warning, Non-Periodic Input Values     1.14392     0.00000

 CSPLINE  --  Warning, Non-Periodic Input Values    -0.38834     0.00000

 CSPLINE  --  Warning, Non-Periodic Input Values    -1.68618     0.00000

 CSPLINE  --  Warning, Non-Periodic Input Values     0.39856     0.00000

 CSPLINE  --  Warning, Non-Periodic Input Values     2.55866     0.00000

 CSPLINE  --  Warning, Non-Periodic Input Values    -2.03519     0.00000

 CSPLINE  --  Warning, Non-Periodic Input Values    -4.67044     0.00000

 CSPLINE  --  Warning, Non-Periodic Input Values     1.18267     0.00000

 CSPLINE  --  Warning, Non-Periodic Input Values     1.65296     0.00000

 CSPLINE  --  Warning, Non-Periodic Input Values    -0.34336     0.00000

 CSPLINE  --  Warning, Non-Periodic Input Values    -0.08660     0.00000

 CSPLINE  --  Warning, Non-Periodic Input Values     0.17103     0.00000

 CSPLINE  --  Warning, Non-Periodic Input Values     0.02651     0.00000

 CSPLINE  --  Warning, Non-Periodic Input Values    -0.35476     0.00000

 CSPLINE  --  Warning, Non-Periodic Input Values    -0.00060     0.00000

 CSPLINE  --  Warning, Non-Periodic Input Values     0.35715     0.00000

 CSPLINE  --  Warning, Non-Periodic Input Values    -0.03488     0.00000

 CSPLINE  --  Warning, Non-Periodic Input Values    -0.13995     0.00000

 CSPLINE  --  Warning, Non-Periodic Input Values    -0.03606     0.00000

 CSPLINE  --  Warning, Non-Periodic Input Values     0.07903     0.00000

 CSPLINE  --  Warning, Non-Periodic Input Values     0.18032     0.00000

 CSPLINE  --  Warning, Non-Periodic Input Values    -0.25932     0.00000

 CSPLINE  --  Warning, Non-Periodic Input Values    -0.24162     0.00000

 CSPLINE  --  Warning, Non-Periodic Input Values     0.32998     0.00000

 CSPLINE  --  Warning, Non-Periodic Input Values     0.14821     0.00000

 CSPLINE  --  Warning, Non-Periodic Input Values    -0.15699     0.00000

 CSPLINE  --  Warning, Non-Periodic Input Values    -0.10416     0.00000

 CSPLINE  --  Warning, Non-Periodic Input Values     0.00762     0.00000

 CSPLINE  --  Warning, Non-Periodic Input Values     0.23107     0.00000

 CSPLINE  --  Warning, Non-Periodic Input Values    -0.08293     0.00000

 CSPLINE  --  Warning, Non-Periodic Input Values    -0.38608     0.00000

 CSPLINE  --  Warning, Non-Periodic Input Values     0.18144     0.00000

 CSPLINE  --  Warning, Non-Periodic Input Values     0.30388     0.00000

 CSPLINE  --  Warning, Non-Periodic Input Values    -0.13229     0.00000

 CSPLINE  --  Warning, Non-Periodic Input Values    -0.08660     0.00000

 Particle Mesh Ewald Parameters :

     Type                Ewald Alpha    Grid Dimensions    Spline Order

   Electrostatics           0.5446       120  120  120           5
   Polarization             0.5446       120  120  120           5

 Enter RMS Gradient per Atom Criterion [0.01] :  
 Limited Memory BFGS Quasi-Newton Optimization :

 QN Iter     F Value      G RMS      F Move   X Move   Angle  FG Call  Comment

     0   268318.8474 38540.4173                                   1
 Induced Dipole File          /Dedicated/schnieders/maemmad/pKa_GNN/Graph_pKa/Data/7_Energy_Minimization_Systems/1FVJ/1FVJ.uind
     1  -205433.7895   669.8947 473752.6369   0.0014    0.00      2    Success 
 Induced Dipole File          /Dedicated/schnieders/maemmad/pKa_GNN/Graph_pKa/Data/7_Energy_Minimization_Systems/1FVJ/1FVJ.uind
     2  -211281.5699   452.6945   5847.7804   0.0001    0.98      4    Success 
 Induced Dipole File          /Dedicated/schnieders/maemmad/pKa_GNN/Graph_pKa/Data/7_Energy_Minimization_Systems/1FVJ/1FVJ.uind
     3  -218390.7135   217.1801   7109.1436   0.0003    4.99      5    Success 
 Induced Dipole File          /Dedicated/schnieders/maemmad/pKa_GNN/Graph_pKa/Data/7_Energy_Minimization_Systems/1FVJ/1FVJ.uind
     4  -221922.8399   123.8497   3532.1264   0.0003    9.90      6    Success 
 Induced Dipole File          /Dedicated/schnieders/maemmad/pKa_GNN/Graph_pKa/Data/7_Energy_Minimization_Systems/1FVJ/1FVJ.uind
     5  -224886.0921    72.3671   2963.2522   0.0004   17.45      7    Success 
 Induced Dipole File          /Dedicated/schnieders/maemmad/pKa_GNN/Graph_pKa/Data/7_Energy_Minimization_Systems/1FVJ/1FVJ.uind
     6  -227919.3210    48.3349   3033.2289   0.0007   23.03      8    Success 
 Induced Dipole File          /Dedicated/schnieders/maemmad/pKa_GNN/Graph_pKa/Data/7_Energy_Minimization_Systems/1FVJ/1FVJ.uind
     7  -232256.4385    34.9991   4337.1175   0.0014   26.34      9    Success 
 Induced Dipole File          /Dedicated/schnieders/maemmad/pKa_GNN/Graph_pKa/Data/7_Energy_Minimization_Systems/1FVJ/1FVJ.uind
     8  -235718.1584    29.0320   3461.7199   0.0014   27.11     10    Success 
 Induced Dipole File          /Dedicated/schnieders/maemmad/pKa_GNN/Graph_pKa/Data/7_Energy_Minimization_Systems/1FVJ/1FVJ.uind
     9  -238711.1632    25.1386   2993.0048   0.0014   24.80     11    Success 
 Induced Dipole File          /Dedicated/schnieders/maemmad/pKa_GNN/Graph_pKa/Data/7_Energy_Minimization_Systems/1FVJ/1FVJ.uind
    10  -241367.0049    22.0170   2655.8416   0.0014   21.71     12    Success 
 Induced Dipole File          /Dedicated/schnieders/maemmad/pKa_GNN/Graph_pKa/Data/7_Energy_Minimization_Systems/1FVJ/1FVJ.uind
    11  -243733.0073    19.5685   2366.0024   0.0014   19.65     13    Success 
 Induced Dipole File          /Dedicated/schnieders/maemmad/pKa_GNN/Graph_pKa/Data/7_Energy_Minimization_Systems/1FVJ/1FVJ.uind
    12  -245844.9003    17.4485   2111.8930   0.0014   20.27     14    Success 
 Induced Dipole File          /Dedicated/schnieders/maemmad/pKa_GNN/Graph_pKa/Data/7_Energy_Minimization_Systems/1FVJ/1FVJ.uind
    13  -249428.7350    14.1954   3583.8347   0.0029   22.00     16    Success 
 Induced Dipole File          /Dedicated/schnieders/maemmad/pKa_GNN/Graph_pKa/Data/7_Energy_Minimization_Systems/1FVJ/1FVJ.uind
    14  -252353.3892    11.7409   2924.6541   0.0029   23.50     18    Success 
 Induced Dipole File          /Dedicated/schnieders/maemmad/pKa_GNN/Graph_pKa/Data/7_Energy_Minimization_Systems/1FVJ/1FVJ.uind
    15  -254813.7195    10.0276   2460.3303   0.0029   22.70     20    Success 
 Induced Dipole File          /Dedicated/schnieders/maemmad/pKa_GNN/Graph_pKa/Data/7_Energy_Minimization_Systems/1FVJ/1FVJ.uind
    16  -256949.2751     9.0110   2135.5556   0.0029   21.47     22    Success 
 Induced Dipole File          /Dedicated/schnieders/maemmad/pKa_GNN/Graph_pKa/Data/7_Energy_Minimization_Systems/1FVJ/1FVJ.uind
    17  -258895.8997     7.9500   1946.6246   0.0029   19.97     24    Success 
 Induced Dipole File          /Dedicated/schnieders/maemmad/pKa_GNN/Graph_pKa/Data/7_Energy_Minimization_Systems/1FVJ/1FVJ.uind
    18  -261477.3486     7.1614   2581.4488   0.0043   16.89     27    Success 
 Induced Dipole File          /Dedicated/schnieders/maemmad/pKa_GNN/Graph_pKa/Data/7_Energy_Minimization_Systems/1FVJ/1FVJ.uind
    19  -263047.0856     6.4657   1569.7371   0.0029   16.95     29    Success 
 Induced Dipole File          /Dedicated/schnieders/maemmad/pKa_GNN/Graph_pKa/Data/7_Energy_Minimization_Systems/1FVJ/1FVJ.uind
    20  -265167.5090     5.9153   2120.4234   0.0043   15.86     32    Success 
 Induced Dipole File          /Dedicated/schnieders/maemmad/pKa_GNN/Graph_pKa/Data/7_Energy_Minimization_Systems/1FVJ/1FVJ.uind
    21  -267074.1831     5.7471   1906.6741   0.0043   19.04     35    Success 
 Induced Dipole File          /Dedicated/schnieders/maemmad/pKa_GNN/Graph_pKa/Data/7_Energy_Minimization_Systems/1FVJ/1FVJ.uind
    22  -268850.4107     5.3100   1776.2276   0.0043   25.84     38    Success 
 Induced Dipole File          /Dedicated/schnieders/maemmad/pKa_GNN/Graph_pKa/Data/7_Energy_Minimization_Systems/1FVJ/1FVJ.uind
    23  -270986.7256     5.2178   2136.3149   0.0057   27.63     42    Success 
 Induced Dipole File          /Dedicated/schnieders/maemmad/pKa_GNN/Graph_pKa/Data/7_Energy_Minimization_Systems/1FVJ/1FVJ.uind
    24  -272466.1817     5.1564   1479.4561   0.0043   34.40     45    Success 
 Induced Dipole File          /Dedicated/schnieders/maemmad/pKa_GNN/Graph_pKa/Data/7_Energy_Minimization_Systems/1FVJ/1FVJ.uind
    25  -274312.4120     5.0335   1846.2303   0.0057   38.45     49    Success 
 Induced Dipole File          /Dedicated/schnieders/maemmad/pKa_GNN/Graph_pKa/Data/7_Energy_Minimization_Systems/1FVJ/1FVJ.uind
    26  -276001.8175     5.2718   1689.4054   0.0057   42.29     53    Success 
 Induced Dipole File          /Dedicated/schnieders/maemmad/pKa_GNN/Graph_pKa/Data/7_Energy_Minimization_Systems/1FVJ/1FVJ.uind
    27  -277595.0156     5.0704   1593.1981   0.0057   48.60     57    Success 
 Induced Dipole File          /Dedicated/schnieders/maemmad/pKa_GNN/Graph_pKa/Data/7_Energy_Minimization_Systems/1FVJ/1FVJ.uind
    28  -279076.5586     5.0529   1481.5430   0.0057   50.47     61    Success 
 Induced Dipole File          /Dedicated/schnieders/maemmad/pKa_GNN/Graph_pKa/Data/7_Energy_Minimization_Systems/1FVJ/1FVJ.uind
    29  -280467.4805     5.0422   1390.9220   0.0057   53.09     65    Success 
 Induced Dipole File          /Dedicated/schnieders/maemmad/pKa_GNN/Graph_pKa/Data/7_Energy_Minimization_Systems/1FVJ/1FVJ.uind
    30  -282102.5073     4.9092   1635.0267   0.0072   55.30     70    Success 
 Induced Dipole File          /Dedicated/schnieders/maemmad/pKa_GNN/Graph_pKa/Data/7_Energy_Minimization_Systems/1FVJ/1FVJ.uind
    31  -283332.1325     4.8982   1229.6252   0.0057   56.74     74    Success 
 Induced Dipole File          /Dedicated/schnieders/maemmad/pKa_GNN/Graph_pKa/Data/7_Energy_Minimization_Systems/1FVJ/1FVJ.uind
    32  -284784.4340     4.7465   1452.3015   0.0072   58.70     79    Success 
 Induced Dipole File          /Dedicated/schnieders/maemmad/pKa_GNN/Graph_pKa/Data/7_Energy_Minimization_Systems/1FVJ/1FVJ.uind
    33  -285614.8359     4.7342    830.4019   0.0043   59.52     82    Success 
 Induced Dipole File          /Dedicated/schnieders/maemmad/pKa_GNN/Graph_pKa/Data/7_Energy_Minimization_Systems/1FVJ/1FVJ.uind
    34  -286933.2597     4.4845   1318.4239   0.0072   60.91     87    Success 
 Induced Dipole File          /Dedicated/schnieders/maemmad/pKa_GNN/Graph_pKa/Data/7_Energy_Minimization_Systems/1FVJ/1FVJ.uind
    35  -287680.5609     4.5993    747.3011   0.0043   60.91     90    Success 
 Induced Dipole File          /Dedicated/schnieders/maemmad/pKa_GNN/Graph_pKa/Data/7_Energy_Minimization_Systems/1FVJ/1FVJ.uind
    36  -288881.5658     4.3200   1201.0049   0.0072   62.94     95    Success 
 Induced Dipole File          /Dedicated/schnieders/maemmad/pKa_GNN/Graph_pKa/Data/7_Energy_Minimization_Systems/1FVJ/1FVJ.uind
    37  -289349.6055     4.3591    468.0397   0.0029   61.80     97    Success 
 Induced Dipole File          /Dedicated/schnieders/maemmad/pKa_GNN/Graph_pKa/Data/7_Energy_Minimization_Systems/1FVJ/1FVJ.uind
    38  -290467.7909     4.1171   1118.1855   0.0072   63.50    102    Success 
 Induced Dipole File          /Dedicated/schnieders/maemmad/pKa_GNN/Graph_pKa/Data/7_Energy_Minimization_Systems/1FVJ/1FVJ.uind
    39  -291129.0987     4.2063    661.3077   0.0043   61.84    105    Success 
 Induced Dipole File          /Dedicated/schnieders/maemmad/pKa_GNN/Graph_pKa/Data/7_Energy_Minimization_Systems/1FVJ/1FVJ.uind
    40  -292394.6160     3.8907   1265.5173   0.0086   63.99    111    Success 
 Induced Dipole File          /Dedicated/schnieders/maemmad/pKa_GNN/Graph_pKa/Data/7_Energy_Minimization_Systems/1FVJ/1FVJ.uind
    41  -292815.8123     3.9026    421.1964   0.0029   61.83    113    Success 
 Induced Dipole File          /Dedicated/schnieders/maemmad/pKa_GNN/Graph_pKa/Data/7_Energy_Minimization_Systems/1FVJ/1FVJ.uind
    42  -294004.3027     3.5974   1188.4904   0.0086   63.69    119    Success 
 Induced Dipole File          /Dedicated/schnieders/maemmad/pKa_GNN/Graph_pKa/Data/7_Energy_Minimization_Systems/1FVJ/1FVJ.uind
    43  -294393.6785     3.7198    389.3758   0.0029   61.48    121    Success 
 Induced Dipole File          /Dedicated/schnieders/maemmad/pKa_GNN/Graph_pKa/Data/7_Energy_Minimization_Systems/1FVJ/1FVJ.uind
    44  -295503.0985     3.4121   1109.4200   0.0086   64.28    127    Success 
 Induced Dipole File          /Dedicated/schnieders/maemmad/pKa_GNN/Graph_pKa/Data/7_Energy_Minimization_Systems/1FVJ/1FVJ.uind
    45  -295874.0816     3.6932    370.9831   0.0029   61.00    129    Success 
 Induced Dipole File          /Dedicated/schnieders/maemmad/pKa_GNN/Graph_pKa/Data/7_Energy_Minimization_Systems/1FVJ/1FVJ.uind
    46  -296912.3202     3.3296   1038.2386   0.0086   65.82    135    Success 
 Induced Dipole File          /Dedicated/schnieders/maemmad/pKa_GNN/Graph_pKa/Data/7_Energy_Minimization_Systems/1FVJ/1FVJ.uind
    47  -297456.7169     2.9546    544.3966   0.0043   61.72    138    Success 
 Induced Dipole File          /Dedicated/schnieders/maemmad/pKa_GNN/Graph_pKa/Data/7_Energy_Minimization_Systems/1FVJ/1FVJ.uind
    48  -298457.9399     2.7409   1001.2231   0.0086   60.59    144    Success 
 Induced Dipole File          /Dedicated/schnieders/maemmad/pKa_GNN/Graph_pKa/Data/7_Energy_Minimization_Systems/1FVJ/1FVJ.uind
    49  -298797.1516     2.7000    339.2117   0.0029   57.41    146    Success 
 Induced Dipole File          /Dedicated/schnieders/maemmad/pKa_GNN/Graph_pKa/Data/7_Energy_Minimization_Systems/1FVJ/1FVJ.uind
    50  -299742.2628     2.4222    945.1112   0.0086   59.52    152    Success 
 Induced Dipole File          /Dedicated/schnieders/maemmad/pKa_GNN/Graph_pKa/Data/7_Energy_Minimization_Systems/1FVJ/1FVJ.uind
    51  -300204.1837     2.4583    461.9209   0.0043   55.95    155    Success 
 Induced Dipole File          /Dedicated/schnieders/maemmad/pKa_GNN/Graph_pKa/Data/7_Energy_Minimization_Systems/1FVJ/1FVJ.uind
    52  -301082.9495     2.2339    878.7658   0.0086   58.80    161    Success 
 Induced Dipole File          /Dedicated/schnieders/maemmad/pKa_GNN/Graph_pKa/Data/7_Energy_Minimization_Systems/1FVJ/1FVJ.uind
    53  -301507.4019     2.2810    424.4525   0.0043   55.81    164    Success 
 Induced Dipole File          /Dedicated/schnieders/maemmad/pKa_GNN/Graph_pKa/Data/7_Energy_Minimization_Systems/1FVJ/1FVJ.uind
    54  -302307.5417     1.9914    800.1397   0.0086   59.27    170    Success 
 Induced Dipole File          /Dedicated/schnieders/maemmad/pKa_GNN/Graph_pKa/Data/7_Energy_Minimization_Systems/1FVJ/1FVJ.uind
    55  -302810.3744     1.9052    502.8328   0.0057   56.51    174    Success 
 Induced Dipole File          /Dedicated/schnieders/maemmad/pKa_GNN/Graph_pKa/Data/7_Energy_Minimization_Systems/1FVJ/1FVJ.uind
    56  -303296.2161     1.7421    485.8417   0.0057   56.43    178    Success 
 Induced Dipole File          /Dedicated/schnieders/maemmad/pKa_GNN/Graph_pKa/Data/7_Energy_Minimization_Systems/1FVJ/1FVJ.uind
    57  -303868.7918     1.7151    572.5757   0.0072   54.93    183    Success 
 Induced Dipole File          /Dedicated/schnieders/maemmad/pKa_GNN/Graph_pKa/Data/7_Energy_Minimization_Systems/1FVJ/1FVJ.uind
    58  -304096.3539     1.7937    227.5621   0.0029   54.44    185    Success 
 Induced Dipole File          /Dedicated/schnieders/maemmad/pKa_GNN/Graph_pKa/Data/7_Energy_Minimization_Systems/1FVJ/1FVJ.uind
    59  -304625.4972     1.7622    529.1433   0.0072   58.93    190    Success 
 Induced Dipole File          /Dedicated/schnieders/maemmad/pKa_GNN/Graph_pKa/Data/7_Energy_Minimization_Systems/1FVJ/1FVJ.uind
    60  -304840.0604     1.8574    214.5631   0.0029   57.55    192    Success 
 Induced Dipole File          /Dedicated/schnieders/maemmad/pKa_GNN/Graph_pKa/Data/7_Energy_Minimization_Systems/1FVJ/1FVJ.uind
    61  -305339.8739     1.7927    499.8135   0.0072   62.03    197    Success 
 Induced Dipole File          /Dedicated/schnieders/maemmad/pKa_GNN/Graph_pKa/Data/7_Energy_Minimization_Systems/1FVJ/1FVJ.uind
    62  -305539.3988     1.9677    199.5249   0.0029   59.96    199    Success 
 Induced Dipole File          /Dedicated/schnieders/maemmad/pKa_GNN/Graph_pKa/Data/7_Energy_Minimization_Systems/1FVJ/1FVJ.uind
    63  -306017.8732     1.9585    478.4744   0.0072   64.99    204    Success 
 Induced Dipole File          /Dedicated/schnieders/maemmad/pKa_GNN/Graph_pKa/Data/7_Energy_Minimization_Systems/1FVJ/1FVJ.uind
    64  -306230.4378     1.7629    212.5646   0.0029   61.32    206    Success 
 Induced Dipole File          /Dedicated/schnieders/maemmad/pKa_GNN/Graph_pKa/Data/7_Energy_Minimization_Systems/1FVJ/1FVJ.uind
    65  -306801.7624     1.7154    571.3246   0.0086   62.00    212    Success 
 Induced Dipole File          /Dedicated/schnieders/maemmad/pKa_GNN/Graph_pKa/Data/7_Energy_Minimization_Systems/1FVJ/1FVJ.uind
    66  -307013.0652     1.6257    211.3029   0.0029   57.60    214    Success 
 Induced Dipole File          /Dedicated/schnieders/maemmad/pKa_GNN/Graph_pKa/Data/7_Energy_Minimization_Systems/1FVJ/1FVJ.uind
    67  -307679.0196     1.5616    665.9544   0.0100   59.33    221    Success 
 Induced Dipole File          /Dedicated/schnieders/maemmad/pKa_GNN/Graph_pKa/Data/7_Energy_Minimization_Systems/1FVJ/1FVJ.uind
    68  -307867.5642     1.6817    188.5446   0.0029   58.10    223    Success 
 Induced Dipole File          /Dedicated/schnieders/maemmad/pKa_GNN/Graph_pKa/Data/7_Energy_Minimization_Systems/1FVJ/1FVJ.uind
    69  -308491.3666     1.6378    623.8024   0.0100   62.47    230    Success 
 Induced Dipole File          /Dedicated/schnieders/maemmad/pKa_GNN/Graph_pKa/Data/7_Energy_Minimization_Systems/1FVJ/1FVJ.uind
    70  -308670.3974     1.6931    179.0308   0.0029   61.37    232    Success 
 Induced Dipole File          /Dedicated/schnieders/maemmad/pKa_GNN/Graph_pKa/Data/7_Energy_Minimization_Systems/1FVJ/1FVJ.uind
    71  -309254.8609     1.6331    584.4635   0.0100   64.50    239    Success 
 Induced Dipole File          /Dedicated/schnieders/maemmad/pKa_GNN/Graph_pKa/Data/7_Energy_Minimization_Systems/1FVJ/1FVJ.uind
    72  -309422.0781     1.6061    167.2172   0.0029   63.24    241    Success 
 Induced Dipole File          /Dedicated/schnieders/maemmad/pKa_GNN/Graph_pKa/Data/7_Energy_Minimization_Systems/1FVJ/1FVJ.uind
    73  -309975.2336     1.5681    553.1555   0.0100   64.55    248    Success 
 Induced Dipole File          /Dedicated/schnieders/maemmad/pKa_GNN/Graph_pKa/Data/7_Energy_Minimization_Systems/1FVJ/1FVJ.uind
    74  -310133.6753     1.5308    158.4416   0.0029   63.21    250    Success 
 Induced Dipole File          /Dedicated/schnieders/maemmad/pKa_GNN/Graph_pKa/Data/7_Energy_Minimization_Systems/1FVJ/1FVJ.uind
    75  -310654.7704     1.4875    521.0951   0.0100   64.85    257    Success 
 Induced Dipole File          /Dedicated/schnieders/maemmad/pKa_GNN/Graph_pKa/Data/7_Energy_Minimization_Systems/1FVJ/1FVJ.uind
    76  -310805.1840     1.4777    150.4136   0.0029   63.79    259    Success 
 Induced Dipole File          /Dedicated/schnieders/maemmad/pKa_GNN/Graph_pKa/Data/7_Energy_Minimization_Systems/1FVJ/1FVJ.uind
    77  -311300.9494     1.4130    495.7654   0.0100   65.21    266    Success 
 Induced Dipole File          /Dedicated/schnieders/maemmad/pKa_GNN/Graph_pKa/Data/7_Energy_Minimization_Systems/1FVJ/1FVJ.uind
    78  -311508.0680     1.6448    207.1186   0.0043   64.22    269    Success 
 Induced Dipole File          /Dedicated/schnieders/maemmad/pKa_GNN/Graph_pKa/Data/7_Energy_Minimization_Systems/1FVJ/1FVJ.uind
    79  -311911.4834     1.5678    403.4154   0.0086   69.21    275    Success 
 Induced Dipole File          /Dedicated/schnieders/maemmad/pKa_GNN/Graph_pKa/Data/7_Energy_Minimization_Systems/1FVJ/1FVJ.uind
    80  -312047.6130     1.6967    136.1296   0.0029   67.27    277    Success 
 Induced Dipole File          /Dedicated/schnieders/maemmad/pKa_GNN/Graph_pKa/Data/7_Energy_Minimization_Systems/1FVJ/1FVJ.uind
    81  -312436.2112     1.6237    388.5982   0.0086   70.63    283    Success 
 Induced Dipole File          /Dedicated/schnieders/maemmad/pKa_GNN/Graph_pKa/Data/7_Energy_Minimization_Systems/1FVJ/1FVJ.uind
    82  -312577.1049     1.4719    140.8937   0.0029   67.41    285    Success 
 Induced Dipole File          /Dedicated/schnieders/maemmad/pKa_GNN/Graph_pKa/Data/7_Energy_Minimization_Systems/1FVJ/1FVJ.uind
    83  -313023.4549     1.4164    446.3500   0.0100   67.77    292    Success 
 Induced Dipole File          /Dedicated/schnieders/maemmad/pKa_GNN/Graph_pKa/Data/7_Energy_Minimization_Systems/1FVJ/1FVJ.uind
    84  -313159.1499     1.3284    135.6950   0.0029   64.68    294    Success 
 Induced Dipole File          /Dedicated/schnieders/maemmad/pKa_GNN/Graph_pKa/Data/7_Energy_Minimization_Systems/1FVJ/1FVJ.uind
    85  -313592.1451     1.3011    432.9952   0.0100   66.00    301    Success 
 Induced Dipole File          /Dedicated/schnieders/maemmad/pKa_GNN/Graph_pKa/Data/7_Energy_Minimization_Systems/1FVJ/1FVJ.uind
    86  -313727.9505     1.2283    135.8054   0.0029   62.82    303    Success 
 Induced Dipole File          /Dedicated/schnieders/maemmad/pKa_GNN/Graph_pKa/Data/7_Energy_Minimization_Systems/1FVJ/1FVJ.uind
    87  -314151.6727     1.1629    423.7221   0.0100   64.58    310    Success 
 Induced Dipole File          /Dedicated/schnieders/maemmad/pKa_GNN/Graph_pKa/Data/7_Energy_Minimization_Systems/1FVJ/1FVJ.uind
    88  -314276.7749     1.2130    125.1023   0.0029   62.05    312    Success 
 Induced Dipole File          /Dedicated/schnieders/maemmad/pKa_GNN/Graph_pKa/Data/7_Energy_Minimization_Systems/1FVJ/1FVJ.uind
    89  -314691.0169     1.1674    414.2420   0.0100   64.89    319    Success 
 Induced Dipole File          /Dedicated/schnieders/maemmad/pKa_GNN/Graph_pKa/Data/7_Energy_Minimization_Systems/1FVJ/1FVJ.uind
    90  -314810.0797     1.1882    119.0628   0.0029   63.43    321    Success 
 Induced Dipole File          /Dedicated/schnieders/maemmad/pKa_GNN/Graph_pKa/Data/7_Energy_Minimization_Systems/1FVJ/1FVJ.uind
    91  -315204.3009     1.1494    394.2211   0.0100   65.61    328    Success 
 Induced Dipole File          /Dedicated/schnieders/maemmad/pKa_GNN/Graph_pKa/Data/7_Energy_Minimization_Systems/1FVJ/1FVJ.uind
    92  -315314.3189     1.1532    110.0180   0.0029   65.32    330    Success 
 Induced Dipole File          /Dedicated/schnieders/maemmad/pKa_GNN/Graph_pKa/Data/7_Energy_Minimization_Systems/1FVJ/1FVJ.uind
    93  -315688.1694     1.1125    373.8505   0.0100   66.17    337    Success 
 Induced Dipole File          /Dedicated/schnieders/maemmad/pKa_GNN/Graph_pKa/Data/7_Energy_Minimization_Systems/1FVJ/1FVJ.uind
    94  -315793.7010     1.1184    105.5316   0.0029   65.40    339    Success 
 Induced Dipole File          /Dedicated/schnieders/maemmad/pKa_GNN/Graph_pKa/Data/7_Energy_Minimization_Systems/1FVJ/1FVJ.uind
    95  -316100.3796     1.0905    306.6786   0.0086   66.61    345    Success 
 Induced Dipole File          /Dedicated/schnieders/maemmad/pKa_GNN/Graph_pKa/Data/7_Energy_Minimization_Systems/1FVJ/1FVJ.uind
    96  -316198.4924     1.0938     98.1128   0.0029   66.82    347    Success 
 Induced Dipole File          /Dedicated/schnieders/maemmad/pKa_GNN/Graph_pKa/Data/7_Energy_Minimization_Systems/1FVJ/1FVJ.uind
    97  -316492.8432     1.0682    294.3509   0.0086   67.05    353    Success 
 Induced Dipole File          /Dedicated/schnieders/maemmad/pKa_GNN/Graph_pKa/Data/7_Energy_Minimization_Systems/1FVJ/1FVJ.uind
    98  -316590.3535     1.0884     97.5103   0.0029   66.30    355    Success 
 Induced Dipole File          /Dedicated/schnieders/maemmad/pKa_GNN/Graph_pKa/Data/7_Energy_Minimization_Systems/1FVJ/1FVJ.uind
    99  -316873.7544     1.0504    283.4009   0.0086   67.82    361    Success 
 Induced Dipole File          /Dedicated/schnieders/maemmad/pKa_GNN/Graph_pKa/Data/7_Energy_Minimization_Systems/1FVJ/1FVJ.uind
   100  -316969.4236     1.0851     95.6692   0.0029   65.94    363    Success 
 Induced Dipole File          /Dedicated/schnieders/maemmad/pKa_GNN/Graph_pKa/Data/7_Energy_Minimization_Systems/1FVJ/1FVJ.uind
   101  -317240.6102     1.0245    271.1866   0.0086   68.76    369    Success 
 Induced Dipole File          /Dedicated/schnieders/maemmad/pKa_GNN/Graph_pKa/Data/7_Energy_Minimization_Systems/1FVJ/1FVJ.uind
   102  -317333.1941     1.0733     92.5839   0.0029   66.41    371    Success 
 Induced Dipole File          /Dedicated/schnieders/maemmad/pKa_GNN/Graph_pKa/Data/7_Energy_Minimization_Systems/1FVJ/1FVJ.uind
   103  -317593.4983     0.9097    260.3042   0.0086   69.42    377   SmallGrad
 Induced Dipole File          /Dedicated/schnieders/maemmad/pKa_GNN/Graph_pKa/Data/7_Energy_Minimization_Systems/1FVJ/1FVJ.uind

 LBFGS  --  Normal Termination due to SmallGrad

 Final Function Value :      -317593.4662
 Final RMS Gradient :              0.9097
 Final Gradient Norm :           264.7082
[1FVJ] waterbox = 95 Å
[1FVJ] Running minimize.x  (RMS gradient 1 kcal/mol/Å)...
[1FVJ] Minimization complete → /Dedicated/schnieders/maemmad/pKa_GNN/Graph_pKa/Data/7_Energy_Minimization_Systems/1FVJ/1FVJ.xyz_2
=== 1FVJ tinker_min done: Thu Apr 23 12:59:18 CDT 2026 ===
