 Evaluating /Dedicated/schnieders/programs/stack-2021.1.sh
  Loading Modules
   Stack 2021.1
   GCC 9.3.0
   CMake 3.20.0
   Eigen 3.3.9
   Cuda 11.1.1
   Cuda: /usr/share/apps/2021.1/arch/gcc-9.3.0/cuda-11.1.1
   CudaNN 8.0.5.39-11.1
   Swig 4.0.2_gcc-9.3.0
  Loading software from /Dedicated/schnieders/programs/local
   Ant: /Dedicated/schnieders/programs/apache-ant-1.10.11
   FFX: /Dedicated/schnieders/programs/ffx-builds/forcefieldx-2026-01-04
   GDMA: /Dedicated/schnieders/programs/gdma-2.3
   Groovy: /Dedicated/schnieders/programs/groovy-4.0.1
   Java: /Dedicated/schnieders/programs/jdk-25.0.1
   Maven: /Dedicated/schnieders/programs/apache-maven-3.9.5
   VMD: /Dedicated/schnieders/programs/vmd
   NAMD: /Dedicated/schnieders/programs/NAMD_3.0alpha7_Linux-x86_64-multicore-CUDA
   OpenEye: /Dedicated/schnieders/programs/OpenEye
   Tinker: /Dedicated/schnieders/programs/tinker-tools
Job started: Wed Apr  8 10:17:42 CDT 2026
Host: argon-itf-bx51-13.hpc
=== Step 1a: Minimize polarization=NONE (RMS=2.0) ===
WARNING: Using incubator modules: jdk.incubator.vector
 _________________________________________________________________________

        FORCE FIELD X - Polyglot Software for Molecular Biophysics 

        Version 1.0.0-6989  April 2026 
        Git Revision  37ed053f2c49c028f09d7b01ee85b011fa436c89 
 
        Please cite the following reference when using Force Field X:

        RA Gogal, AJ Nessler, AC Thiel, HV Bernabe, RA Corrigan Grove,
        LM Cousineau, JM Litman, JM Miller, G Qi, MJ Speranza,
        MR Tollefson, TD Fenn, JJ Michaelson, O Okada, JP Piquemal,
        JW Ponder, J Shen, RJH Smith, W Yang, P Ren and MJ Schnieders,
        2024, Journal of Chemical Physics, 161 (1).

        Copyright (c)  Michael J. Schnieders  2001-2026
        All Rights Reserved

        Force Field X is distributed under the GPL v. 3 license
        with linking exception and is hosted by the Schnieders Lab
        at The University of Iowa.

        User Manual:   https://ffx.biochem.uiowa.edu/manual.html
        Publications:  https://ffx.biochem.uiowa.edu/publications.html
        License:       https://ffx.biochem.uiowa.edu/licenses.html

 _________________________________________________________________________

 Wed Apr 08 10:17:44 CDT 2026
 Process ID 180957 on argon-itf-bx51-13.hpc.

 Command line arguments:
 [Minimize, -e, 2.0, /Dedicated/schnieders/maemmad/pKa_GNN/data/fixed_pdbs/1YPH_fixed.pdb]

 Executing internal command: ffx.algorithms.commands.Minimize

 Initializing 1 topologies...
 Parsing: Internal force field (amoeba-bio-2018-cphmd).
 Parsing: Structure properties from (data/fixed_pdbs/1YPH.properties).
 Parsing: JVM system properties (i.e. command line -Dkey=value pairs).

 Attempting to read force field patch from /Dedicated/schnieders/maemmad/pKa_GNN/naphosphate_solute.09Feb21.prm.

 Renumbering Patch: FALSE
 Reading 1YPH_fixed.pdb

 Assigning atom types for 6 chains.
 Amino acid chain A
 Amino acid chain B
 Amino acid chain C
 Amino acid chain D
 Amino acid chain E
 Amino acid chain F
 Renumbering PDB file due to built atoms (7062 vs 3538)
 Total number of atoms: 7062

 Constructing Force Field AMOEBA-BIO-2018-CPHMD

 SMP threads:                                20

 Density:                                 0.410 (g/cc)

 Unit Cell
  A-axis length:                         43.830
  B-axis length:                         77.510
  C-axis length:                         60.247
  Alpha:                                 90.000
  Beta:                                  90.000
  Gamma:                                 90.000
  Space group
   Number:                                    1
   Symbol:                                   P1
   Number of Symmetry Operators:              1
  Lattice Vectors
   A:                43.830,    0.000,    0.000
   B:                 0.000,   77.510,    0.000
   C:                 0.000,    0.000,   60.247
  Reciprocal Lattice Vectors
   A*:                0.023,   -0.000,   -0.000
   B*:                0.000,    0.013,   -0.000
   C*:                0.000,    0.000,    0.017

 Bonded Terms
  Bonds:                                   7130
  Angles:                                 12880
  Stretch-Bends:                          11334
  Out-of-Plane Bends:                      4158
  Torsions:                               18844
  Pi-Orbital Torsions:                      822
  Torsion-Torsions:                          46

 Non-Bonded Terms

  Van der Waals
   Switch Start:                         10.800 (A)
   Cut-Off:                              12.000 (A)
   Long-Range Correction:                 FALSE

 Electrostatics
   Polarization:                           NONE
   Particle-mesh Ewald
    Ewald Coefficient:                    0.545
    Particle Cut-Off:                     7.000 (A)
    B-Spline Order:                           5
    Mesh Density:                         1.200
    Mesh Dimensions:              ( 54, 96, 80)
    Grid Method:                        SPATIAL

  Continuum Solvation
   Radii:                                SOLUTE
   Generalized Kirkwood Cut-Off:        12.0000 (A)
   GKC:                                  2.4550
   Solvent Dielectric:                  78.3000
   Solute Dielectric:                    1.0000
   Descreen with vdW Radii:                TRUE
   Descreen with Hydrogen Atoms:          FALSE
   Descreen Offset:                      0.0000
   General HCT Scale Factor:             0.7200
   Non-Polar Model:                  GAUSS-DISP
    GaussVol Radii Offset:               0.0000
    GaussVol Radii Scale:                1.0000
   Dispersion Integral Offset:           1.0560 (A)
   Cavitation Solvent Pressure:          0.0334 (Kcal/mol/A^3)
   Cavitation Surface Tension:           0.1030 (Kcal/mol/A^2)
   Cavitation Cross-Over Radius:         9.2515 (A)

  Overall system charge:                 10.000

 Opened 1YPH_fixed.pdb in 2.38 sec.

 System Resources
  Total CPU time:          23.54 (sec)
  System load average:     39.74
  Open file handles:         146 of  81920 allowed
  System memory:           93280 MB free out of  94320 MB
  System swap space:        2053 MB free out of   2053 MB
  JVM memory:               3921 MB free out of   4096 MB

 Minimizing energy of Single Topology  [1YPH_fixed.pdb] 
 Setting lambda to 0.000.
Apr 08, 2026 10:17:50 AM ffx.potential.nonbonded.pme.RealSpaceEnergyRegion run
SEVERE: Fatal exception computing the real space energy in thread 0

ffx.potential.utils.EnergyException:  
 Unit Cell
  A-axis length:                         43.830
  B-axis length:                         77.510
  C-axis length:                         60.247
  Alpha:                                 90.000
  Beta:                                  90.000
  Gamma:                                 90.000
  Space group
   Number:                                    1
   Symbol:                                   P1
   Number of Symmetry Operators:              1
  Lattice Vectors
   A:                43.830,    0.000,    0.000
   B:                 0.000,   77.510,    0.000
   C:                 0.000,    0.000,   60.247
  Reciprocal Lattice Vectors
   A*:                0.023,   -0.000,   -0.000
   B*:                0.000,    0.013,   -0.000
   C*:                0.000,    0.000,    0.017
      94-HB2 LEU 13 (  52.79,  -8.21,  28.97) A
      95-HB3 LEU 13 (  52.79,  -8.21,  28.97) A
 The permanent multipole energy between atoms 93 and 94 (0) is              NaN at       0.00000000 A.
	at ffx.potential.nonbonded.pme.RealSpaceEnergyRegion$RealSpaceEnergyLoop.realSpaceChunk(RealSpaceEnergyRegion.java:964)
	at ffx.potential.nonbonded.pme.RealSpaceEnergyRegion$RealSpaceEnergyLoop.run(RealSpaceEnergyRegion.java:698)
	at edu.rit.pj.IntegerForLoop.commonRun(IntegerForLoop.java:428)
	at edu.rit.pj.ParallelRegion.execute(ParallelRegion.java:293)
	at edu.rit.pj.ParallelRegion.execute(ParallelRegion.java:208)
	at ffx.potential.nonbonded.pme.RealSpaceEnergyRegion.run(RealSpaceEnergyRegion.java:583)
	at edu.rit.pj.ParallelTeamThread.run(ParallelTeamThread.java:167)
	at java.base/java.lang.Thread.run(Thread.java:1474)


 ffx.potential.utils.EnergyException:  
 Unit Cell
  A-axis length:                         43.830
  B-axis length:                         77.510
  C-axis length:                         60.247
  Alpha:                                 90.000
  Beta:                                  90.000
  Gamma:                                 90.000
  Space group
   Number:                                    1
   Symbol:                                   P1
   Number of Symmetry Operators:              1
  Lattice Vectors
   A:                43.830,    0.000,    0.000
   B:                 0.000,   77.510,    0.000
   C:                 0.000,    0.000,   60.247
  Reciprocal Lattice Vectors
   A*:                0.023,   -0.000,   -0.000
   B*:                0.000,    0.013,   -0.000
   C*:                0.000,    0.000,    0.017
      94-HB2 LEU 13 (  52.79,  -8.21,  28.97) A
      95-HB3 LEU 13 (  52.79,  -8.21,  28.97) A
 The permanent multipole energy between atoms 93 and 94 (0) is              NaN at       0.00000000 A.
 Force Field X will not continue.
 Shutting down...
ERROR: Step 1a output not found: /Dedicated/schnieders/maemmad/pKa_GNN/data/fixed_pdbs/1YPH_fixed.pdb_2
