Sat Apr 04 20:41:36 CDT 2026 Started Parallel Java v20120620
Sat Apr 04 20:41:36 CDT 2026 Job Scheduler at /127.0.0.1:20618
Sat Apr 04 20:41:36 CDT 2026 Web interface at /127.0.0.1:8081
Sat Apr 04 20:41:36 CDT 2026 Backend node0 at argon-itf-bx51-13.hpc, 5 CPUs
Sat Apr 04 20:41:36 CDT 2026 Backend node1 at argon-itf-bx51-13.hpc, 5 CPUs
Sat Apr 04 20:41:36 CDT 2026 Backend node2 at argon-itf-bx51-13.hpc, 5 CPUs
Sat Apr 04 20:41:36 CDT 2026 Backend node3 at argon-itf-bx51-13.hpc, 5 CPUs
Sat Apr 04 20:41:48 CDT 2026 Job 1 queued, username=maemmad, nn=4, np=4, nt=5
Sat Apr 04 20:41:48 CDT 2026 Job 1 assigned node0, rank=0, CPUs=5
Sat Apr 04 20:41:48 CDT 2026 Job 1 assigned node1, rank=1, CPUs=5
Sat Apr 04 20:41:48 CDT 2026 Job 1 assigned node2, rank=2, CPUs=5
Sat Apr 04 20:41:48 CDT 2026 Job 1 assigned node3, rank=3, CPUs=5
Sat Apr 04 20:41:48 CDT 2026 Job 1 started
Sat Apr 04 20:42:04 CDT 2026 Job 2 queued, username=maemmad, nn=4, np=4, nt=5
Sat Apr 04 21:49:41 CDT 2026 Job 1 finished
Sat Apr 04 21:49:41 CDT 2026 Job 2 assigned node0, rank=0, CPUs=5
Sat Apr 04 21:49:41 CDT 2026 Job 2 assigned node1, rank=1, CPUs=5
Sat Apr 04 21:49:41 CDT 2026 Job 2 assigned node2, rank=2, CPUs=5
Sat Apr 04 21:49:41 CDT 2026 Job 2 assigned node3, rank=3, CPUs=5
Sat Apr 04 21:49:41 CDT 2026 Job 2 started
Sat Apr 04 22:32:29 CDT 2026 Job 2 finished
Sat Apr 04 22:41:16 CDT 2026 Started Parallel Java v20120620
Sat Apr 04 22:41:16 CDT 2026 Job Scheduler at /127.0.0.1:20618
Sat Apr 04 22:41:16 CDT 2026 Web interface at /127.0.0.1:8081
Sat Apr 04 22:41:16 CDT 2026 Backend node0 at argon-itf-bx51-13.hpc, 5 CPUs
Sat Apr 04 22:41:16 CDT 2026 Backend node1 at argon-itf-bx51-13.hpc, 5 CPUs
Sat Apr 04 22:41:16 CDT 2026 Backend node2 at argon-itf-bx51-13.hpc, 5 CPUs
Sat Apr 04 22:41:16 CDT 2026 Backend node3 at argon-itf-bx51-13.hpc, 5 CPUs
Sat Apr 04 22:41:44 CDT 2026 Job 1 queued, username=maemmad, nn=4, np=4, nt=5
Sat Apr 04 22:41:44 CDT 2026 Job 1 assigned node0, rank=0, CPUs=5
Sat Apr 04 22:41:44 CDT 2026 Job 1 assigned node1, rank=1, CPUs=5
Sat Apr 04 22:41:44 CDT 2026 Job 1 assigned node2, rank=2, CPUs=5
Sat Apr 04 22:41:44 CDT 2026 Job 1 assigned node3, rank=3, CPUs=5
Sat Apr 04 22:41:44 CDT 2026 Job 1 started
Sun Apr 05 02:37:09 CDT 2026 Job 1 finished
Sun Apr 05 10:16:18 CDT 2026 Started Parallel Java v20120620
Sun Apr 05 10:16:18 CDT 2026 Job Scheduler at /127.0.0.1:20618
Sun Apr 05 10:16:18 CDT 2026 Web interface at /127.0.0.1:8081
Sun Apr 05 10:16:18 CDT 2026 Backend node0 at argon-itf-bx51-13.hpc, 5 CPUs
Sun Apr 05 10:16:18 CDT 2026 Backend node1 at argon-itf-bx51-13.hpc, 5 CPUs
Sun Apr 05 10:16:18 CDT 2026 Backend node2 at argon-itf-bx51-13.hpc, 5 CPUs
Sun Apr 05 10:16:18 CDT 2026 Backend node3 at argon-itf-bx51-13.hpc, 5 CPUs
Sun Apr 05 10:16:46 CDT 2026 Job 1 queued, username=maemmad, nn=4, np=4, nt=5
Sun Apr 05 10:16:46 CDT 2026 Job 1 assigned node0, rank=0, CPUs=5
Sun Apr 05 10:16:46 CDT 2026 Job 1 assigned node1, rank=1, CPUs=5
Sun Apr 05 10:16:46 CDT 2026 Job 1 assigned node2, rank=2, CPUs=5
Sun Apr 05 10:16:46 CDT 2026 Job 1 assigned node3, rank=3, CPUs=5
Sun Apr 05 10:16:46 CDT 2026 Job 1 started
Sun Apr 05 13:27:55 CDT 2026 Job 1 finished
Sun Apr 05 13:47:03 CDT 2026 Started Parallel Java v20120620
Sun Apr 05 13:47:03 CDT 2026 Job Scheduler at /127.0.0.1:20618
Sun Apr 05 13:47:03 CDT 2026 Web interface at /127.0.0.1:8081
Sun Apr 05 13:47:03 CDT 2026 Backend node0 at argon-itf-bx51-13.hpc, 5 CPUs
Sun Apr 05 13:47:03 CDT 2026 Backend node1 at argon-itf-bx51-13.hpc, 5 CPUs
Sun Apr 05 13:47:03 CDT 2026 Backend node2 at argon-itf-bx51-13.hpc, 5 CPUs
Sun Apr 05 13:47:03 CDT 2026 Backend node3 at argon-itf-bx51-13.hpc, 5 CPUs
Sun Apr 05 13:47:31 CDT 2026 Job 1 queued, username=maemmad, nn=4, np=4, nt=5
Sun Apr 05 13:47:31 CDT 2026 Job 1 assigned node0, rank=0, CPUs=5
Sun Apr 05 13:47:31 CDT 2026 Job 1 assigned node1, rank=1, CPUs=5
Sun Apr 05 13:47:31 CDT 2026 Job 1 assigned node2, rank=2, CPUs=5
Sun Apr 05 13:47:31 CDT 2026 Job 1 assigned node3, rank=3, CPUs=5
Sun Apr 05 13:47:31 CDT 2026 Job 1 started
Sun Apr 05 15:30:57 CDT 2026 Job 1 finished
Sun Apr 05 15:33:33 CDT 2026 Started Parallel Java v20120620
Sun Apr 05 15:33:33 CDT 2026 Job Scheduler at /127.0.0.1:20618
Sun Apr 05 15:33:33 CDT 2026 Web interface at /127.0.0.1:8081
Sun Apr 05 15:33:33 CDT 2026 Backend node0 at argon-itf-bx51-13.hpc, 5 CPUs
Sun Apr 05 15:33:33 CDT 2026 Backend node1 at argon-itf-bx51-13.hpc, 5 CPUs
Sun Apr 05 15:33:33 CDT 2026 Backend node2 at argon-itf-bx51-13.hpc, 5 CPUs
Sun Apr 05 15:33:33 CDT 2026 Backend node3 at argon-itf-bx51-13.hpc, 5 CPUs
Sun Apr 05 15:34:01 CDT 2026 Job 1 queued, username=maemmad, nn=4, np=4, nt=5
Sun Apr 05 15:34:01 CDT 2026 Job 1 assigned node0, rank=0, CPUs=5
Sun Apr 05 15:34:01 CDT 2026 Job 1 assigned node1, rank=1, CPUs=5
Sun Apr 05 15:34:01 CDT 2026 Job 1 assigned node2, rank=2, CPUs=5
Sun Apr 05 15:34:01 CDT 2026 Job 1 assigned node3, rank=3, CPUs=5
Sun Apr 05 15:34:01 CDT 2026 Job 1 started
Sun Apr 05 16:28:41 CDT 2026 Job 1 finished
Sun Apr 05 16:31:54 CDT 2026 Started Parallel Java v20120620
Sun Apr 05 16:31:54 CDT 2026 Job Scheduler at /127.0.0.1:20618
Sun Apr 05 16:31:54 CDT 2026 Web interface at /127.0.0.1:8081
Sun Apr 05 16:31:54 CDT 2026 Backend node0 at argon-itf-bx51-13.hpc, 5 CPUs
Sun Apr 05 16:31:54 CDT 2026 Backend node1 at argon-itf-bx51-13.hpc, 5 CPUs
Sun Apr 05 16:31:54 CDT 2026 Backend node2 at argon-itf-bx51-13.hpc, 5 CPUs
Sun Apr 05 16:31:54 CDT 2026 Backend node3 at argon-itf-bx51-13.hpc, 5 CPUs
Sun Apr 05 16:32:21 CDT 2026 Job 1 queued, username=maemmad, nn=4, np=4, nt=5
Sun Apr 05 16:32:21 CDT 2026 Job 1 assigned node0, rank=0, CPUs=5
Sun Apr 05 16:32:21 CDT 2026 Job 1 assigned node1, rank=1, CPUs=5
Sun Apr 05 16:32:21 CDT 2026 Job 1 assigned node2, rank=2, CPUs=5
Sun Apr 05 16:32:21 CDT 2026 Job 1 assigned node3, rank=3, CPUs=5
Sun Apr 05 16:32:21 CDT 2026 Job 1 started
Sun Apr 05 16:47:07 CDT 2026 Job 1 finished
Sun Apr 05 16:52:28 CDT 2026 Started Parallel Java v20120620
Sun Apr 05 16:52:28 CDT 2026 Job Scheduler at /127.0.0.1:20618
Sun Apr 05 16:52:28 CDT 2026 Web interface at /127.0.0.1:8081
Sun Apr 05 16:52:28 CDT 2026 Backend node0 at argon-itf-bx51-13.hpc, 5 CPUs
Sun Apr 05 16:52:28 CDT 2026 Backend node1 at argon-itf-bx51-13.hpc, 5 CPUs
Sun Apr 05 16:52:28 CDT 2026 Backend node2 at argon-itf-bx51-13.hpc, 5 CPUs
Sun Apr 05 16:52:28 CDT 2026 Backend node3 at argon-itf-bx51-13.hpc, 5 CPUs
Sun Apr 05 18:20:27 CDT 2026 Started Parallel Java v20120620
Sun Apr 05 18:20:27 CDT 2026 Job Scheduler at /127.0.0.1:20618
Sun Apr 05 18:20:27 CDT 2026 Web interface at /127.0.0.1:8081
Sun Apr 05 18:20:27 CDT 2026 Backend node0 at argon-itf-bx51-13.hpc, 5 CPUs
Sun Apr 05 18:20:27 CDT 2026 Backend node1 at argon-itf-bx51-13.hpc, 5 CPUs
Sun Apr 05 18:20:27 CDT 2026 Backend node2 at argon-itf-bx51-13.hpc, 5 CPUs
Sun Apr 05 18:20:27 CDT 2026 Backend node3 at argon-itf-bx51-13.hpc, 5 CPUs
Sun Apr 05 18:20:54 CDT 2026 Job 1 queued, username=maemmad, nn=4, np=4, nt=5
Sun Apr 05 18:20:54 CDT 2026 Job 1 assigned node0, rank=0, CPUs=5
Sun Apr 05 18:20:54 CDT 2026 Job 1 assigned node1, rank=1, CPUs=5
Sun Apr 05 18:20:54 CDT 2026 Job 1 assigned node2, rank=2, CPUs=5
Sun Apr 05 18:20:54 CDT 2026 Job 1 assigned node3, rank=3, CPUs=5
Sun Apr 05 18:20:54 CDT 2026 Job 1 started
Sun Apr 05 20:14:12 CDT 2026 Job 1 finished
Sun Apr 05 20:27:27 CDT 2026 Started Parallel Java v20120620
Sun Apr 05 20:27:27 CDT 2026 Job Scheduler at /127.0.0.1:20618
Sun Apr 05 20:27:27 CDT 2026 Web interface at /127.0.0.1:8081
Sun Apr 05 20:27:27 CDT 2026 Backend node0 at argon-itf-bx51-13.hpc, 5 CPUs
Sun Apr 05 20:27:27 CDT 2026 Backend node1 at argon-itf-bx51-13.hpc, 5 CPUs
Sun Apr 05 20:27:27 CDT 2026 Backend node2 at argon-itf-bx51-13.hpc, 5 CPUs
Sun Apr 05 20:27:27 CDT 2026 Backend node3 at argon-itf-bx51-13.hpc, 5 CPUs
Sun Apr 05 20:27:55 CDT 2026 Job 1 queued, username=maemmad, nn=4, np=4, nt=5
Sun Apr 05 20:27:55 CDT 2026 Job 1 assigned node0, rank=0, CPUs=5
Sun Apr 05 20:27:55 CDT 2026 Job 1 assigned node1, rank=1, CPUs=5
Sun Apr 05 20:27:55 CDT 2026 Job 1 assigned node2, rank=2, CPUs=5
Sun Apr 05 20:27:55 CDT 2026 Job 1 assigned node3, rank=3, CPUs=5
Sun Apr 05 20:27:55 CDT 2026 Job 1 started
Sun Apr 05 21:38:36 CDT 2026 Job 1 finished
Sun Apr 05 21:41:43 CDT 2026 Started Parallel Java v20120620
Sun Apr 05 21:41:43 CDT 2026 Job Scheduler at /127.0.0.1:20618
Sun Apr 05 21:41:43 CDT 2026 Web interface at /127.0.0.1:8081
Sun Apr 05 21:41:43 CDT 2026 Backend node0 at argon-itf-bx51-13.hpc, 5 CPUs
Sun Apr 05 21:41:43 CDT 2026 Backend node1 at argon-itf-bx51-13.hpc, 5 CPUs
Sun Apr 05 21:41:43 CDT 2026 Backend node2 at argon-itf-bx51-13.hpc, 5 CPUs
Sun Apr 05 21:41:43 CDT 2026 Backend node3 at argon-itf-bx51-13.hpc, 5 CPUs
Sun Apr 05 21:42:11 CDT 2026 Job 1 queued, username=maemmad, nn=4, np=4, nt=5
Sun Apr 05 21:42:11 CDT 2026 Job 1 assigned node0, rank=0, CPUs=5
Sun Apr 05 21:42:11 CDT 2026 Job 1 assigned node1, rank=1, CPUs=5
Sun Apr 05 21:42:11 CDT 2026 Job 1 assigned node2, rank=2, CPUs=5
Sun Apr 05 21:42:11 CDT 2026 Job 1 assigned node3, rank=3, CPUs=5
Sun Apr 05 21:42:11 CDT 2026 Job 1 started
Mon Apr 06 01:00:14 CDT 2026 Job 1 finished
Mon Apr 06 01:02:40 CDT 2026 Started Parallel Java v20120620
Mon Apr 06 01:02:40 CDT 2026 Job Scheduler at /127.0.0.1:20618
Mon Apr 06 01:02:40 CDT 2026 Web interface at /127.0.0.1:8081
Mon Apr 06 01:02:40 CDT 2026 Backend node0 at argon-itf-bx51-13.hpc, 5 CPUs
Mon Apr 06 01:02:40 CDT 2026 Backend node1 at argon-itf-bx51-13.hpc, 5 CPUs
Mon Apr 06 01:02:40 CDT 2026 Backend node2 at argon-itf-bx51-13.hpc, 5 CPUs
Mon Apr 06 01:02:40 CDT 2026 Backend node3 at argon-itf-bx51-13.hpc, 5 CPUs
Mon Apr 06 01:03:08 CDT 2026 Job 1 queued, username=maemmad, nn=4, np=4, nt=5
Mon Apr 06 01:03:08 CDT 2026 Job 1 assigned node0, rank=0, CPUs=5
Mon Apr 06 01:03:08 CDT 2026 Job 1 assigned node1, rank=1, CPUs=5
Mon Apr 06 01:03:08 CDT 2026 Job 1 assigned node2, rank=2, CPUs=5
Mon Apr 06 01:03:08 CDT 2026 Job 1 assigned node3, rank=3, CPUs=5
Mon Apr 06 01:03:08 CDT 2026 Job 1 started
Mon Apr 06 01:59:58 CDT 2026 Job 1 finished
Mon Apr 06 10:59:04 CDT 2026 Started Parallel Java v20120620
Mon Apr 06 10:59:04 CDT 2026 Job Scheduler at /127.0.0.1:20618
Mon Apr 06 10:59:04 CDT 2026 Web interface at /127.0.0.1:8081
Mon Apr 06 10:59:04 CDT 2026 Backend node0 at argon-itf-bx51-13.hpc, 5 CPUs
Mon Apr 06 10:59:04 CDT 2026 Backend node1 at argon-itf-bx51-13.hpc, 5 CPUs
Mon Apr 06 10:59:04 CDT 2026 Backend node2 at argon-itf-bx51-13.hpc, 5 CPUs
Mon Apr 06 10:59:04 CDT 2026 Backend node3 at argon-itf-bx51-13.hpc, 5 CPUs
Mon Apr 06 10:59:32 CDT 2026 Job 1 queued, username=maemmad, nn=4, np=4, nt=5
Mon Apr 06 10:59:32 CDT 2026 Job 1 assigned node0, rank=0, CPUs=5
Mon Apr 06 10:59:32 CDT 2026 Job 1 assigned node1, rank=1, CPUs=5
Mon Apr 06 10:59:32 CDT 2026 Job 1 assigned node2, rank=2, CPUs=5
Mon Apr 06 10:59:32 CDT 2026 Job 1 assigned node3, rank=3, CPUs=5
Mon Apr 06 10:59:32 CDT 2026 Job 1 started
Mon Apr 06 11:20:28 CDT 2026 Job 1 finished
Mon Apr 06 15:31:56 CDT 2026 Started Parallel Java v20120620
Mon Apr 06 15:31:56 CDT 2026 Job Scheduler at /127.0.0.1:20618
Mon Apr 06 15:31:56 CDT 2026 Web interface at /127.0.0.1:8081
Mon Apr 06 15:31:56 CDT 2026 Backend node0 at argon-itf-bx51-13.hpc, 5 CPUs
Mon Apr 06 15:31:56 CDT 2026 Backend node1 at argon-itf-bx51-13.hpc, 5 CPUs
Mon Apr 06 15:31:56 CDT 2026 Backend node2 at argon-itf-bx51-13.hpc, 5 CPUs
Mon Apr 06 15:31:56 CDT 2026 Backend node3 at argon-itf-bx51-13.hpc, 5 CPUs
Mon Apr 06 15:32:23 CDT 2026 Job 1 queued, username=maemmad, nn=4, np=4, nt=5
Mon Apr 06 15:32:23 CDT 2026 Job 1 assigned node0, rank=0, CPUs=5
Mon Apr 06 15:32:23 CDT 2026 Job 1 assigned node1, rank=1, CPUs=5
Mon Apr 06 15:32:23 CDT 2026 Job 1 assigned node2, rank=2, CPUs=5
Mon Apr 06 15:32:23 CDT 2026 Job 1 assigned node3, rank=3, CPUs=5
Mon Apr 06 15:32:23 CDT 2026 Job 1 started
Mon Apr 06 15:53:30 CDT 2026 Job 1 finished
Mon Apr 06 15:56:48 CDT 2026 Started Parallel Java v20120620
Mon Apr 06 15:56:48 CDT 2026 Job Scheduler at /127.0.0.1:20618
Mon Apr 06 15:56:48 CDT 2026 Web interface at /127.0.0.1:8081
Mon Apr 06 15:56:48 CDT 2026 Backend node0 at argon-itf-bx51-13.hpc, 5 CPUs
Mon Apr 06 15:56:48 CDT 2026 Backend node1 at argon-itf-bx51-13.hpc, 5 CPUs
Mon Apr 06 15:56:48 CDT 2026 Backend node2 at argon-itf-bx51-13.hpc, 5 CPUs
Mon Apr 06 15:56:48 CDT 2026 Backend node3 at argon-itf-bx51-13.hpc, 5 CPUs
Mon Apr 06 15:57:15 CDT 2026 Job 1 queued, username=maemmad, nn=4, np=4, nt=5
Mon Apr 06 15:57:15 CDT 2026 Job 1 assigned node0, rank=0, CPUs=5
Mon Apr 06 15:57:15 CDT 2026 Job 1 assigned node1, rank=1, CPUs=5
Mon Apr 06 15:57:15 CDT 2026 Job 1 assigned node2, rank=2, CPUs=5
Mon Apr 06 15:57:15 CDT 2026 Job 1 assigned node3, rank=3, CPUs=5
Mon Apr 06 15:57:15 CDT 2026 Job 1 started
