 Evaluating /Dedicated/schnieders/programs/stack-2021.1.sh
  Loading Modules
   Stack 2021.1
   GCC 9.3.0
   CMake 3.20.0
   Eigen 3.3.9
   Cuda 11.1.1
   Cuda: /usr/share/apps/2021.1/arch/gcc-9.3.0/cuda-11.1.1
   CudaNN 8.0.5.39-11.1
   Swig 4.0.2_gcc-9.3.0
  Loading software from /Dedicated/schnieders/programs/local
   Ant: /Dedicated/schnieders/programs/apache-ant-1.10.11
   FFX: /Dedicated/schnieders/programs/ffx-builds/forcefieldx-2026-01-04
   GDMA: /Dedicated/schnieders/programs/gdma-2.3
   Groovy: /Dedicated/schnieders/programs/groovy-4.0.1
   Java: /Dedicated/schnieders/programs/jdk-25.0.1
   Maven: /Dedicated/schnieders/programs/apache-maven-3.9.5
   VMD: /Dedicated/schnieders/programs/vmd
   NAMD: /Dedicated/schnieders/programs/NAMD_3.0alpha7_Linux-x86_64-multicore-CUDA
   OpenEye: /Dedicated/schnieders/programs/OpenEye
   Tinker: /Dedicated/schnieders/programs/tinker-tools
=== Rotamer job started: Tue Apr 14 22:18:01 CDT 2026 ===
PDB: /Dedicated/schnieders/maemmad/pKa_GNN/ffx_pipeline/data/fixed_pdbs/3QOJ/3QOJ_input.pdb
WARNING: Using incubator modules: jdk.incubator.vector
 _________________________________________________________________________

        FORCE FIELD X - Polyglot Software for Molecular Biophysics 

        Version 1.0.0-6991  April 2026 
        Git Revision  937dfd3f3a84d0dc91f73b0419518078a8c41842 
 
        Please cite the following reference when using Force Field X:

        RA Gogal, AJ Nessler, AC Thiel, HV Bernabe, RA Corrigan Grove,
        LM Cousineau, JM Litman, JM Miller, G Qi, MJ Speranza,
        MR Tollefson, TD Fenn, JJ Michaelson, O Okada, JP Piquemal,
        JW Ponder, J Shen, RJH Smith, W Yang, P Ren and MJ Schnieders,
        2024, Journal of Chemical Physics, 161 (1).

        Copyright (c)  Michael J. Schnieders  2001-2026
        All Rights Reserved

        Force Field X is distributed under the GPL v. 3 license
        with linking exception and is hosted by the Schnieders Lab
        at The University of Iowa.

        User Manual:   https://ffx.biochem.uiowa.edu/manual.html
        Publications:  https://ffx.biochem.uiowa.edu/publications.html
        License:       https://ffx.biochem.uiowa.edu/licenses.html

 _________________________________________________________________________

 Tue Apr 14 22:18:02 CDT 2026
 Process ID 103002 on argon-itf-bx43-03.hpc.

 Command line arguments:
 [Minimize, -e, 0.8, /Dedicated/schnieders/maemmad/pKa_GNN/ffx_pipeline/data/fixed_pdbs/3QOJ/3QOJ_input.pdb]

 Executing internal command: ffx.algorithms.commands.Minimize

 Initializing 1 topologies...
 Parsing: Internal force field (amoeba-bio-2018-cphmd).
 Parsing: Structure properties from (/Dedicated/schnieders/maemmad/pKa_GNN/ffx_pipeline/data/fixed_pdbs/3QOJ/3QOJ_input.properties).
 Parsing: JVM system properties (i.e. command line -Dkey=value pairs).

 Attempting to read force field patch from /Dedicated/schnieders/maemmad/pKa_GNN/naphosphate_solute.09Feb21.prm.

 Renumbering Patch: FALSE
 Reading 3QOJ_input.pdb

 Assigning atom types for 1 chains.
 Amino acid chain A
 Renumbering PDB file due to built atoms (2106 vs 1036)
 Total number of atoms: 2106

 Constructing Force Field AMOEBA-BIO-2018-CPHMD

 SMP threads:                                20
 The system will be treated as aperiodic (max separation =   49.7 A).

 Bonded Terms
  Bonds:                                   2124
  Angles:                                  3863
  Stretch-Bends:                           3388
  Out-of-Plane Bends:                      1203
  Torsions:                                5636
  Pi-Orbital Torsions:                      225
  Torsion-Torsions:                           9

 Non-Bonded Terms

  Van der Waals
   Cut-Off:                                NONE
   Long-Range Correction:                 FALSE

 Electrostatics
   Polarization:                         MUTUAL
    SCF Convergence Criteria:         1.000e-06
    SCF Predictor:                         NONE
    SCF Algorithm:                           CG
    CG Preconditioner Cut-Off:            4.500
    CG Preconditioner Ewald Coeff.:       0.000
    CG Preconditioner Scale:              2.000
    CG Preconditioner Mode:     FLETCHER_REEVES
    Electrostatics Cut-Off:                NONE

  Continuum Solvation
   Radii:                                SOLUTE
   Generalized Kirkwood Cut-Off:           NONE
   GKC:                                  2.4550
   Solvent Dielectric:                  78.3000
   Solute Dielectric:                    1.0000
   Descreen with vdW Radii:                TRUE
   Descreen with Hydrogen Atoms:          FALSE
   Descreen Offset:                      0.0000
   General HCT Scale Factor:             0.7200
   Non-Polar Model:                  GAUSS-DISP
    GaussVol Radii Offset:               0.0000
    GaussVol Radii Scale:                1.0000
   Dispersion Integral Offset:           1.0560 (A)
   Cavitation Solvent Pressure:          0.0334 (Kcal/mol/A^3)
   Cavitation Surface Tension:           0.1030 (Kcal/mol/A^2)
   Cavitation Cross-Over Radius:         9.2515 (A)

  Overall system charge:                  9.000

 Opened 3QOJ_input.pdb in 0.887 sec.

 System Resources
  Total CPU time:          15.67 (sec)
  System load average:     44.68
  Open file handles:         146 of  81920 allowed
  System memory:           38192 MB free out of  38960 MB
  System swap space:        1858 MB free out of   2053 MB
  JVM memory:               4029 MB free out of   4096 MB

 Minimizing energy of Single Topology  [3QOJ_input.pdb] 
 Setting lambda to 0.000.
 Generalized Kirkwood  -2971.60215533      0.222
 Cavitation             1288.88002084      0.220
 Dispersion             -775.14955816      0.284

 Computed Potential Energy
  Bond Stretching            273.60394979         2124        0.003 ( 0.01822)
  Angle Bending              464.98965420         3863        0.004 ( 2.69791)
  Stretch-Bend                -0.41366526         3388        0.002
  Out-of-Plane Bend           79.98937764         1203        0.001
  Torsional Angle            156.73880071         5636        0.003
  Pi-Orbital Torsion          43.00379305          225        0.013
  Torsion-Torsion            -43.77998643            9        0.004
  Van der Waals             1088.54853353      2210578        0.439
  Atomic Multipoles        -3309.87567792      2210578
  Polarization              -780.13810431      2210578        3.887
  Solvation                -2457.87169265      2218671
  Total Potential          -4485.20501764  (Kcal/mole)        4.358 (sec)

 Limited Memory BFGS Quasi-Newton Optimization: 

 Cycle       Energy      G RMS    Delta E   Delta X    Angle  Evals     Time

     0   -4485.2050    13.5851
     1   -4770.8404     6.6798   285.6354    0.0052     0.00      2    1.972
     2   -4910.5301     5.5260   139.6897    0.0048    16.48      3    1.998
     3   -5027.8847     5.0679   117.3546    0.0052    36.01      4    1.890
     4   -5118.5164     4.7724    90.6317    0.0052    44.75      5    1.817
     5   -5193.9647     3.4162    75.4483    0.0052    53.07      6    1.994
     6   -5248.7036     3.0684    54.7389    0.0052    50.94      7    1.791
     7   -5292.2408     2.3979    43.5372    0.0052    55.35      8    1.993
     8   -5326.3420     2.2240    34.1012    0.0052    55.33      9    1.778
     9   -5354.2073     2.3026    27.8653    0.0052    58.56     10    1.791
    10   -5380.9467     2.0578    26.7394    0.0052    62.52     11    1.923
    11   -5405.3258     2.2082    24.3791    0.0052    60.72     12    1.636
    12   -5429.5522     1.8560    24.2263    0.0052    64.07     13    1.887
    13   -5451.4872     1.9275    21.9350    0.0052    61.17     14    1.796
    14   -5472.4037     1.7943    20.9165    0.0052    63.88     15    1.799
    15   -5491.3074     1.9092    18.9037    0.0052    63.89     16    1.806
    16   -5508.9398     1.5332    17.6324    0.0052    67.76     17    1.898
    17   -5524.7781     1.7000    15.8383    0.0052    63.03     18    1.806
    18   -5538.4441     1.5543    13.6660    0.0052    67.34     19    1.792
    19   -5550.2733     1.4278    11.8291    0.0048    65.30     20    1.782
    20   -5559.7139     1.5904     9.4407    0.0039    61.25     21    1.721
    21   -5568.8417     1.1147     9.1278    0.0028    62.46     22    1.994
    22   -5578.5115     1.3474     9.6698    0.0044    58.99     23    1.737
    23   -5587.1606     1.4096     8.6491    0.0052    71.12     24    1.919
    24   -5595.2928     1.2069     8.1321    0.0052    76.38     25    1.843
    25   -5602.1895     1.1622     6.8968    0.0052    74.81     26    1.895
    26   -5608.2585     0.8977     6.0689    0.0052    76.30     27    1.826
    27   -5613.5376     1.2003     5.2791    0.0052    72.96     28    1.816
    28   -5620.0838     0.8893     6.5461    0.0052    75.94     29    1.668
    29   -5626.5230     1.3062     6.4392    0.0051    66.83     30    1.833
    30   -5632.0522     1.3976     5.5292    0.0046    72.12     31    1.753
    31   -5636.6084     0.9825     4.5562    0.0013    60.19     32    1.815
    32   -5643.3901     0.8012     6.7817    0.0031    62.07     33    1.807
    33   -5649.2635     1.3118     5.8734    0.0052    70.01     34    1.820
    34   -5654.2835     1.0537     5.0200    0.0052    80.21     35    1.785
    35   -5659.1665     0.9298     4.8830    0.0052    78.58     36    1.819
    36   -5663.9377     0.9660     4.7712    0.0052    76.48     37    1.951
    37   -5669.1641     0.9029     5.2264    0.0052    74.72     38    1.701
    38   -5673.4705     1.1627     4.3064    0.0037    69.88     39    1.726
    39   -5678.3060     0.8567     4.8355    0.0032    72.35     40    1.789
    40   -5682.4624     1.0478     4.1563    0.0035    66.77     41    1.711
    41   -5685.9488     0.9609     3.4864    0.0032    73.58     42    1.722
    42   -5689.0399     0.7680     3.0911    0.0025    74.81     43    1.870

 Optimization achieved convergence criteria:  0.76796
 Generalized Kirkwood  -3078.16160476      0.084
 Cavitation             1319.10888040      0.064
 Dispersion             -813.91484159      0.109

 Computed Potential Energy
  Bond Stretching            163.57857358         2124        0.000 ( 0.01514)
  Angle Bending              439.77128199         3863        0.000 ( 2.70513)
  Stretch-Bend                 2.39027083         3388        0.000
  Out-of-Plane Bend           18.36955320         1203        0.000
  Torsional Angle             98.35853188         5636        0.000
  Pi-Orbital Torsion          13.96680288          225        0.000
  Torsion-Torsion            -49.11508996            9        0.000
  Van der Waals              361.66399757      2210578        0.004
  Atomic Multipoles        -3390.11611159      2210578
  Polarization              -774.94010755      2210578        1.278
  Solvation                -2572.96756595      2218671
  Total Potential          -5689.03986311  (Kcal/mole)        1.283 (sec)
 Setting atom names to PDB standard.
 Saving 3QOJ_input.pdb_2

 Script wall clock time: 87.462 (sec)
WARNING: Using incubator modules: jdk.incubator.vector
WARNING: Using incubator modules: jdk.incubator.vector
Too few resources available to assign 1 node, 1 process, and 20 CPUs per process
=== Rotamer job done: Tue Apr 14 22:22:58 CDT 2026 ===
