 Evaluating /Dedicated/schnieders/programs/stack-2021.1.sh
  Loading Modules
   Stack 2021.1
   GCC 9.3.0
   CMake 3.20.0
   Eigen 3.3.9
   Cuda 11.1.1
   Cuda: /usr/share/apps/2021.1/arch/gcc-9.3.0/cuda-11.1.1
   CudaNN 8.0.5.39-11.1
   Swig 4.0.2_gcc-9.3.0
  Loading software from /Dedicated/schnieders/programs/local
   Ant: /Dedicated/schnieders/programs/apache-ant-1.10.11
   FFX: /Dedicated/schnieders/programs/ffx-builds/forcefieldx-2026-01-04
   GDMA: /Dedicated/schnieders/programs/gdma-2.3
   Groovy: /Dedicated/schnieders/programs/groovy-4.0.1
   Java: /Dedicated/schnieders/programs/jdk-25.0.1
   Maven: /Dedicated/schnieders/programs/apache-maven-3.9.5
   VMD: /Dedicated/schnieders/programs/vmd
   NAMD: /Dedicated/schnieders/programs/NAMD_3.0alpha7_Linux-x86_64-multicore-CUDA
   OpenEye: /Dedicated/schnieders/programs/OpenEye
   Tinker: /Dedicated/schnieders/programs/tinker-tools
=== Rotamer job started: Tue Apr 14 22:26:46 CDT 2026 ===
PDB: /Dedicated/schnieders/maemmad/pKa_GNN/ffx_pipeline/data/fixed_pdbs/3TP8/3TP8_input.pdb
WARNING: Using incubator modules: jdk.incubator.vector
 _________________________________________________________________________

        FORCE FIELD X - Polyglot Software for Molecular Biophysics 

        Version 1.0.0-6991  April 2026 
        Git Revision  937dfd3f3a84d0dc91f73b0419518078a8c41842 
 
        Please cite the following reference when using Force Field X:

        RA Gogal, AJ Nessler, AC Thiel, HV Bernabe, RA Corrigan Grove,
        LM Cousineau, JM Litman, JM Miller, G Qi, MJ Speranza,
        MR Tollefson, TD Fenn, JJ Michaelson, O Okada, JP Piquemal,
        JW Ponder, J Shen, RJH Smith, W Yang, P Ren and MJ Schnieders,
        2024, Journal of Chemical Physics, 161 (1).

        Copyright (c)  Michael J. Schnieders  2001-2026
        All Rights Reserved

        Force Field X is distributed under the GPL v. 3 license
        with linking exception and is hosted by the Schnieders Lab
        at The University of Iowa.

        User Manual:   https://ffx.biochem.uiowa.edu/manual.html
        Publications:  https://ffx.biochem.uiowa.edu/publications.html
        License:       https://ffx.biochem.uiowa.edu/licenses.html

 _________________________________________________________________________

 Tue Apr 14 22:26:48 CDT 2026
 Process ID 67440 on argon-itf-bx54-12.hpc.

 Command line arguments:
 [Minimize, -e, 0.8, /Dedicated/schnieders/maemmad/pKa_GNN/ffx_pipeline/data/fixed_pdbs/3TP8/3TP8_input.pdb]

 Executing internal command: ffx.algorithms.commands.Minimize

 Initializing 1 topologies...
 Parsing: Internal force field (amoeba-bio-2018-cphmd).
 Parsing: Structure properties from (/Dedicated/schnieders/maemmad/pKa_GNN/ffx_pipeline/data/fixed_pdbs/3TP8/3TP8_input.properties).
 Parsing: JVM system properties (i.e. command line -Dkey=value pairs).

 Attempting to read force field patch from /Dedicated/schnieders/maemmad/pKa_GNN/naphosphate_solute.09Feb21.prm.

 Renumbering Patch: FALSE
 Reading 3TP8_input.pdb

 Assigning atom types for 1 chains.
 Amino acid chain A
 Renumbering PDB file due to built atoms (2096 vs 1035)
 Total number of atoms: 2096

 Constructing Force Field AMOEBA-BIO-2018-CPHMD

 SMP threads:                                20
 The system will be treated as aperiodic (max separation =   49.9 A).

 Bonded Terms
  Bonds:                                   2114
  Angles:                                  3842
  Stretch-Bends:                           3372
  Out-of-Plane Bends:                      1206
  Torsions:                                5606
  Pi-Orbital Torsions:                      225
  Torsion-Torsions:                           9

 Non-Bonded Terms

  Van der Waals
   Cut-Off:                                NONE
   Long-Range Correction:                 FALSE

 Electrostatics
   Polarization:                         MUTUAL
    SCF Convergence Criteria:         1.000e-06
    SCF Predictor:                         NONE
    SCF Algorithm:                           CG
    CG Preconditioner Cut-Off:            4.500
    CG Preconditioner Ewald Coeff.:       0.000
    CG Preconditioner Scale:              2.000
    CG Preconditioner Mode:     FLETCHER_REEVES
    Electrostatics Cut-Off:                NONE

  Continuum Solvation
   Radii:                                SOLUTE
   Generalized Kirkwood Cut-Off:           NONE
   GKC:                                  2.4550
   Solvent Dielectric:                  78.3000
   Solute Dielectric:                    1.0000
   Descreen with vdW Radii:                TRUE
   Descreen with Hydrogen Atoms:          FALSE
   Descreen Offset:                      0.0000
   General HCT Scale Factor:             0.7200
   Non-Polar Model:                  GAUSS-DISP
    GaussVol Radii Offset:               0.0000
    GaussVol Radii Scale:                1.0000
   Dispersion Integral Offset:           1.0560 (A)
   Cavitation Solvent Pressure:          0.0334 (Kcal/mol/A^3)
   Cavitation Surface Tension:           0.1030 (Kcal/mol/A^2)
   Cavitation Cross-Over Radius:         9.2515 (A)

  Overall system charge:                  7.000

 Opened 3TP8_input.pdb in 1.263 sec.

 System Resources
  Total CPU time:          19.66 (sec)
  System load average:    172.11
  Open file handles:         146 of  81920 allowed
  System memory:           20730 MB free out of  21480 MB
  System swap space:        2040 MB free out of   2053 MB
  JVM memory:               4029 MB free out of   4096 MB

 Minimizing energy of Single Topology  [3TP8_input.pdb] 
 Setting lambda to 0.000.
 Generalized Kirkwood  -2829.96870708      0.340
 Cavitation             1292.21804677      0.303
 Dispersion             -784.67732004      0.324

 Computed Potential Energy
  Bond Stretching            243.26665172         2114        0.002 ( 0.01731)
  Angle Bending              476.09780918         3842        0.005 ( 2.71352)
  Stretch-Bend                -1.40452509         3372        0.005
  Out-of-Plane Bend           85.26539786         1206        0.005
  Torsional Angle            168.57382207         5606        0.009
  Pi-Orbital Torsion          45.06544960          225        0.004
  Torsion-Torsion            -44.40455055            9        0.004
  Van der Waals             1097.55180486      2189604        0.735
  Atomic Multipoles        -3447.71822617      2189604
  Polarization              -824.83668444      2189604        5.091
  Solvation                -2322.42798035      2197656
  Total Potential          -4524.97103133  (Kcal/mole)        5.869 (sec)

 Limited Memory BFGS Quasi-Newton Optimization: 

 Cycle       Energy      G RMS    Delta E   Delta X    Angle  Evals     Time

     0   -4524.9710    13.1460
     1   -4802.7480     6.5538   277.7769    0.0053     0.00      2    2.531
     2   -4943.0937     5.5017   140.3457    0.0050    16.45      3    2.498
     3   -5056.9025     5.1468   113.8088    0.0053    36.66      4    2.387
     4   -5148.6961     4.5538    91.7936    0.0053    46.18      5    2.302
     5   -5223.3275     3.4558    74.6314    0.0053    51.49      6    2.489
     6   -5279.1641     2.9936    55.8366    0.0053    50.55      7    2.410
     7   -5323.7431     2.3929    44.5790    0.0053    54.62      8    2.289
     8   -5359.1149     2.3917    35.3718    0.0053    53.70      9    2.305
     9   -5389.3043     2.0456    30.1895    0.0053    60.02     10    2.392
    10   -5416.4312     2.1470    27.1269    0.0053    58.24     11    2.296
    11   -5441.2399     2.0539    24.8087    0.0053    62.58     12    2.456
    12   -5464.9343     1.8732    23.6944    0.0053    63.10     13    2.251
    13   -5486.9526     1.8787    22.0183    0.0053    62.23     14    2.212
    14   -5508.1563     1.8417    21.2037    0.0053    63.75     15    2.294
    15   -5527.2483     1.8685    19.0920    0.0053    64.73     16    2.349
    16   -5545.5403     1.5778    18.2920    0.0053    66.95     17    2.236
    17   -5560.6143     1.9927    15.0740    0.0053    64.12     18    2.203
    18   -5576.3331     1.3732    15.7188    0.0053    69.29     19    2.113
    19   -5587.9952     2.0310    11.6621    0.0053    60.05     20    2.198
    20   -5599.3890     1.3293    11.3937    0.0035    64.97     21    2.038
    21   -5608.2538     1.1273     8.8648    0.0024    52.36     22    2.198
    22   -5618.4296     1.6327    10.1758    0.0046    57.26     23    2.383
    23   -5628.2998     1.2475     9.8702    0.0053    73.63     24    2.375
    24   -5636.7681     1.1961     8.4683    0.0053    74.59     25    2.237
    25   -5644.3825     1.2238     7.6144    0.0053    74.82     26    2.278
    26   -5651.0941     1.0159     6.7116    0.0053    76.75     27    2.292
    27   -5657.0717     0.8897     5.9775    0.0053    75.32     28    2.292
    28   -5662.8356     0.8997     5.7640    0.0053    74.00     29    2.309
    29   -5668.7950     1.1047     5.9594    0.0053    72.44     30    2.251
    30   -5676.1298     1.0371     7.3348    0.0053    71.87     31    2.339
    31   -5682.1144     1.6596     5.9846    0.0049    67.42     32    2.311
    32   -5688.9604     1.0361     6.8460    0.0027    69.42     33    2.393
    33   -5695.3950     0.9561     6.4346    0.0029    60.38     34    2.200
    34   -5700.7725     1.5827     5.3775    0.0050    68.93     35    2.305
    35   -5706.3110     0.9631     5.5385    0.0048    79.33     36    2.201
    36   -5710.5274     0.8437     4.2164    0.0044    77.27     37    2.199
    37   -5714.8402     0.9636     4.3128    0.0053    76.63     38    2.197
    38   -5718.9084     0.9591     4.0682    0.0053    78.45     39    2.402
    39   -5723.6264     0.7973     4.7181    0.0053    77.84     40    2.392

 Optimization achieved convergence criteria:  0.79726
 Generalized Kirkwood  -2951.48406859      0.088
 Cavitation             1320.61162418      0.127
 Dispersion             -820.98330949      0.137

 Computed Potential Energy
  Bond Stretching            168.25238031         2114        0.000 ( 0.01542)
  Angle Bending              458.19449944         3842        0.000 ( 2.76441)
  Stretch-Bend                 3.09568106         3372        0.000
  Out-of-Plane Bend           19.62282853         1206        0.000
  Torsional Angle            109.93002894         5606        0.000
  Pi-Orbital Torsion          16.28850041          225        0.000
  Torsion-Torsion            -48.32944923            9        0.000
  Van der Waals              348.77906229      2189604        0.005
  Atomic Multipoles        -3537.23065568      2189604
  Polarization              -810.37353422      2189604        1.683
  Solvation                -2451.85575389      2197656
  Total Potential          -5723.62641205  (Kcal/mole)        1.689 (sec)
 Setting atom names to PDB standard.
 Saving 3TP8_input.pdb_2

 Script wall clock time: 104.081 (sec)
WARNING: Using incubator modules: jdk.incubator.vector
WARNING: Using incubator modules: jdk.incubator.vector
Too few resources available to assign 1 node, 1 process, and 20 CPUs per process
=== Rotamer job done: Tue Apr 14 22:31:04 CDT 2026 ===
