 Evaluating /Dedicated/schnieders/programs/stack-2021.1.sh
  Loading Modules
   Stack 2021.1
   GCC 9.3.0
   CMake 3.20.0
   Eigen 3.3.9
   Cuda 11.1.1
   Cuda: /usr/share/apps/2021.1/arch/gcc-9.3.0/cuda-11.1.1
   CudaNN 8.0.5.39-11.1
   Swig 4.0.2_gcc-9.3.0
  Loading software from /Dedicated/schnieders/programs/local
   Ant: /Dedicated/schnieders/programs/apache-ant-1.10.11
   FFX: /Dedicated/schnieders/programs/ffx-builds/forcefieldx-2026-01-04
   GDMA: /Dedicated/schnieders/programs/gdma-2.3
   Groovy: /Dedicated/schnieders/programs/groovy-4.0.1
   Java: /Dedicated/schnieders/programs/jdk-25.0.1
   Maven: /Dedicated/schnieders/programs/apache-maven-3.9.5
   VMD: /Dedicated/schnieders/programs/vmd
   NAMD: /Dedicated/schnieders/programs/NAMD_3.0alpha7_Linux-x86_64-multicore-CUDA
   OpenEye: /Dedicated/schnieders/programs/OpenEye
   Tinker: /Dedicated/schnieders/programs/tinker-tools
=== Rotamer job started: Tue Apr 14 23:13:52 CDT 2026 ===
PDB: /Dedicated/schnieders/maemmad/pKa_GNN/ffx_pipeline/data/fixed_pdbs/5ISR/5ISR_input.pdb
WARNING: Using incubator modules: jdk.incubator.vector
 _________________________________________________________________________

        FORCE FIELD X - Polyglot Software for Molecular Biophysics 

        Version 1.0.0-6991  April 2026 
        Git Revision  937dfd3f3a84d0dc91f73b0419518078a8c41842 
 
        Please cite the following reference when using Force Field X:

        RA Gogal, AJ Nessler, AC Thiel, HV Bernabe, RA Corrigan Grove,
        LM Cousineau, JM Litman, JM Miller, G Qi, MJ Speranza,
        MR Tollefson, TD Fenn, JJ Michaelson, O Okada, JP Piquemal,
        JW Ponder, J Shen, RJH Smith, W Yang, P Ren and MJ Schnieders,
        2024, Journal of Chemical Physics, 161 (1).

        Copyright (c)  Michael J. Schnieders  2001-2026
        All Rights Reserved

        Force Field X is distributed under the GPL v. 3 license
        with linking exception and is hosted by the Schnieders Lab
        at The University of Iowa.

        User Manual:   https://ffx.biochem.uiowa.edu/manual.html
        Publications:  https://ffx.biochem.uiowa.edu/publications.html
        License:       https://ffx.biochem.uiowa.edu/licenses.html

 _________________________________________________________________________

 Tue Apr 14 23:13:53 CDT 2026
 Process ID 51308 on argon-itf-bx43-02.hpc.

 Command line arguments:
 [Minimize, -e, 0.8, /Dedicated/schnieders/maemmad/pKa_GNN/ffx_pipeline/data/fixed_pdbs/5ISR/5ISR_input.pdb]

 Executing internal command: ffx.algorithms.commands.Minimize

 Initializing 1 topologies...
 Parsing: Internal force field (amoeba-bio-2018-cphmd).
 Parsing: Structure properties from (/Dedicated/schnieders/maemmad/pKa_GNN/ffx_pipeline/data/fixed_pdbs/5ISR/5ISR_input.properties).
 Parsing: JVM system properties (i.e. command line -Dkey=value pairs).

 Attempting to read force field patch from /Dedicated/schnieders/maemmad/pKa_GNN/naphosphate_solute.09Feb21.prm.

 Renumbering Patch: FALSE
 Reading 5ISR_input.pdb

 Assigning atom types for 1 chains.
 Amino acid chain A
 Renumbering PDB file due to built atoms (2096 vs 1035)
 Total number of atoms: 2096

 Constructing Force Field AMOEBA-BIO-2018-CPHMD

 SMP threads:                                20
 The system will be treated as aperiodic (max separation =   47.9 A).

 Bonded Terms
  Bonds:                                   2114
  Angles:                                  3842
  Stretch-Bends:                           3372
  Out-of-Plane Bends:                      1206
  Torsions:                                5606
  Pi-Orbital Torsions:                      225
  Torsion-Torsions:                           9

 Non-Bonded Terms

  Van der Waals
   Cut-Off:                                NONE
   Long-Range Correction:                 FALSE

 Electrostatics
   Polarization:                         MUTUAL
    SCF Convergence Criteria:         1.000e-06
    SCF Predictor:                         NONE
    SCF Algorithm:                           CG
    CG Preconditioner Cut-Off:            4.500
    CG Preconditioner Ewald Coeff.:       0.000
    CG Preconditioner Scale:              2.000
    CG Preconditioner Mode:     FLETCHER_REEVES
    Electrostatics Cut-Off:                NONE

  Continuum Solvation
   Radii:                                SOLUTE
   Generalized Kirkwood Cut-Off:           NONE
   GKC:                                  2.4550
   Solvent Dielectric:                  78.3000
   Solute Dielectric:                    1.0000
   Descreen with vdW Radii:                TRUE
   Descreen with Hydrogen Atoms:          FALSE
   Descreen Offset:                      0.0000
   General HCT Scale Factor:             0.7200
   Non-Polar Model:                  GAUSS-DISP
    GaussVol Radii Offset:               0.0000
    GaussVol Radii Scale:                1.0000
   Dispersion Integral Offset:           1.0560 (A)
   Cavitation Solvent Pressure:          0.0334 (Kcal/mol/A^3)
   Cavitation Surface Tension:           0.1030 (Kcal/mol/A^2)
   Cavitation Cross-Over Radius:         9.2515 (A)

  Overall system charge:                  7.000

 Opened 5ISR_input.pdb in 0.897 sec.

 System Resources
  Total CPU time:          16.20 (sec)
  System load average:     86.13
  Open file handles:         146 of  81920 allowed
  System memory:           38195 MB free out of  38960 MB
  System swap space:        2023 MB free out of   2053 MB
  JVM memory:               4029 MB free out of   4096 MB

 Minimizing energy of Single Topology  [5ISR_input.pdb] 
 Setting lambda to 0.000.
 Generalized Kirkwood  -2748.69370466      0.249
 Cavitation             1285.01748649      0.183
 Dispersion             -780.17909557      0.296

 Computed Potential Energy
  Bond Stretching            232.93838543         2114        0.002 ( 0.01656)
  Angle Bending              496.75599885         3842        0.004 ( 2.79064)
  Stretch-Bend                 6.59788919         3372        0.002
  Out-of-Plane Bend           45.43078276         1206        0.001
  Torsional Angle            212.22418057         5606        0.006
  Pi-Orbital Torsion          42.31697914          225        0.000
  Torsion-Torsion            -38.93939439            9        0.000
  Van der Waals             1097.64179108      2189604        0.478
  Atomic Multipoles        -3583.29742953      2189604
  Polarization              -819.81811296      2189604        3.798
  Solvation                -2243.85531373      2197656
  Total Potential          -4552.00424357  (Kcal/mole)        4.293 (sec)

 Limited Memory BFGS Quasi-Newton Optimization: 

 Cycle       Energy      G RMS    Delta E   Delta X    Angle  Evals     Time

     0   -4552.0042    12.9970
     1   -4825.5554     6.5970   273.5512    0.0053     0.00      2    2.166
     2   -4967.3510     5.4976   141.7956    0.0050    17.65      3    2.108
     3   -5080.9821     4.9634   113.6310    0.0053    36.55      4    1.879
     4   -5169.0407     4.3590    88.0587    0.0053    45.04      5    1.861
     5   -5238.7149     3.1485    69.6741    0.0053    51.41      6    1.861
     6   -5288.0379     2.8117    49.3230    0.0053    49.89      7    1.984
     7   -5326.6159     2.2745    38.5780    0.0053    55.85      8    1.865
     8   -5356.8907     2.4260    30.2748    0.0053    55.60      9    1.912
     9   -5383.9653     2.0997    27.0746    0.0053    62.30     10    1.862
    10   -5409.4882     2.0988    25.5229    0.0053    59.72     11    1.929
    11   -5432.8797     2.0144    23.3915    0.0053    61.63     12    1.871
    12   -5454.9676     1.8639    22.0878    0.0053    62.23     13    1.820
    13   -5474.9499     1.8737    19.9824    0.0053    62.53     14    1.878
    14   -5494.6525     1.7421    19.7026    0.0053    64.38     15    1.792
    15   -5512.4560     1.9315    17.8035    0.0053    63.87     16    1.909
    16   -5529.7764     1.4641    17.3204    0.0053    68.42     17    1.860
    17   -5544.0195     1.8073    14.2432    0.0053    63.73     18    1.846
    18   -5557.4561     1.3061    13.4366    0.0053    70.37     19    1.897
    19   -5568.5874     1.5574    11.1313    0.0053    64.44     20    1.733
    20   -5578.2949     1.6547     9.7075    0.0051    68.04     21    1.822
    21   -5586.7615     1.1823     8.4666    0.0025    62.78     22    1.864
    22   -5596.6605     1.1603     9.8989    0.0043    60.67     23    1.864
    23   -5604.5621     1.5561     7.9017    0.0053    71.01     24    1.798
    24   -5612.3098     1.2627     7.7477    0.0053    78.79     25    1.785
    25   -5619.6785     1.0842     7.3687    0.0053    76.28     26    1.922
    26   -5626.2636     0.9442     6.5851    0.0053    75.54     27    1.878
    27   -5632.3384     1.0497     6.0748    0.0053    73.82     28    1.825
    28   -5638.6971     0.9841     6.3588    0.0053    75.44     29    1.808
    29   -5645.3494     1.3425     6.6523    0.0053    72.78     30    1.751
    30   -5652.8743     0.9962     7.5249    0.0053    76.90     31    1.806
    31   -5660.8062     1.2557     7.9318    0.0053    68.31     32    1.928
    32   -5667.3904     1.3151     6.5843    0.0053    73.94     33    1.907
    33   -5673.5901     1.0524     6.1996    0.0030    69.57     34    1.807
    34   -5680.5281     1.2277     6.9380    0.0045    65.31     35    1.804
    35   -5685.5929     1.3899     5.0648    0.0040    69.80     36    1.803
    36   -5689.9189     0.9170     4.3260    0.0021    71.85     37    1.813
    37   -5694.9134     0.7862     4.9945    0.0046    72.39     38    1.813

 Optimization achieved convergence criteria:  0.78620
 Generalized Kirkwood  -2849.30459529      0.081
 Cavitation             1313.92331300      0.071
 Dispersion             -814.12735624      0.098

 Computed Potential Energy
  Bond Stretching            171.76946301         2114        0.004 ( 0.01556)
  Angle Bending              441.19370844         3842        0.002 ( 2.71496)
  Stretch-Bend                 2.49357713         3372        0.004
  Out-of-Plane Bend           18.96332020         1206        0.001
  Torsional Angle            143.45167034         5606        0.000
  Pi-Orbital Torsion          15.44392771          225        0.000
  Torsion-Torsion            -48.06090497            9        0.006
  Van der Waals              357.31863833      2189604        0.022
  Atomic Multipoles        -3648.37460802      2189604
  Polarization              -799.60356041      2189604        1.384
  Solvation                -2349.50863852      2197656
  Total Potential          -5694.91340678  (Kcal/mole)        1.428 (sec)
 Setting atom names to PDB standard.
 Saving 5ISR_input.pdb_2

 Script wall clock time: 79.187 (sec)
WARNING: Using incubator modules: jdk.incubator.vector
WARNING: Using incubator modules: jdk.incubator.vector
Too few resources available to assign 1 node, 1 process, and 20 CPUs per process
=== Rotamer job done: Tue Apr 14 23:18:21 CDT 2026 ===
