 Evaluating /Dedicated/schnieders/programs/stack-2021.1.sh
  Loading Modules
   Stack 2021.1
   GCC 9.3.0
   CMake 3.20.0
   Eigen 3.3.9
   Cuda 11.1.1
   Cuda: /usr/share/apps/2021.1/arch/gcc-9.3.0/cuda-11.1.1
   CudaNN 8.0.5.39-11.1
   Swig 4.0.2_gcc-9.3.0
  Loading software from /Dedicated/schnieders/programs/local
   Ant: /Dedicated/schnieders/programs/apache-ant-1.10.11
   FFX: /Dedicated/schnieders/programs/ffx-builds/forcefieldx-2026-01-04
   GDMA: /Dedicated/schnieders/programs/gdma-2.3
   Groovy: /Dedicated/schnieders/programs/groovy-4.0.1
   Java: /Dedicated/schnieders/programs/jdk-25.0.1
   Maven: /Dedicated/schnieders/programs/apache-maven-3.9.5
   VMD: /Dedicated/schnieders/programs/vmd
   NAMD: /Dedicated/schnieders/programs/NAMD_3.0alpha7_Linux-x86_64-multicore-CUDA
   OpenEye: /Dedicated/schnieders/programs/OpenEye
   Tinker: /Dedicated/schnieders/programs/tinker-tools
=== Rotamer job started: Tue Apr 14 23:15:26 CDT 2026 ===
PDB: /Dedicated/schnieders/maemmad/pKa_GNN/ffx_pipeline/data/fixed_pdbs/5J1Z/5J1Z_input.pdb
WARNING: Using incubator modules: jdk.incubator.vector
 _________________________________________________________________________

        FORCE FIELD X - Polyglot Software for Molecular Biophysics 

        Version 1.0.0-6991  April 2026 
        Git Revision  937dfd3f3a84d0dc91f73b0419518078a8c41842 
 
        Please cite the following reference when using Force Field X:

        RA Gogal, AJ Nessler, AC Thiel, HV Bernabe, RA Corrigan Grove,
        LM Cousineau, JM Litman, JM Miller, G Qi, MJ Speranza,
        MR Tollefson, TD Fenn, JJ Michaelson, O Okada, JP Piquemal,
        JW Ponder, J Shen, RJH Smith, W Yang, P Ren and MJ Schnieders,
        2024, Journal of Chemical Physics, 161 (1).

        Copyright (c)  Michael J. Schnieders  2001-2026
        All Rights Reserved

        Force Field X is distributed under the GPL v. 3 license
        with linking exception and is hosted by the Schnieders Lab
        at The University of Iowa.

        User Manual:   https://ffx.biochem.uiowa.edu/manual.html
        Publications:  https://ffx.biochem.uiowa.edu/publications.html
        License:       https://ffx.biochem.uiowa.edu/licenses.html

 _________________________________________________________________________

 Tue Apr 14 23:15:27 CDT 2026
 Process ID 55266 on argon-itf-bx43-02.hpc.

 Command line arguments:
 [Minimize, -e, 0.8, /Dedicated/schnieders/maemmad/pKa_GNN/ffx_pipeline/data/fixed_pdbs/5J1Z/5J1Z_input.pdb]

 Executing internal command: ffx.algorithms.commands.Minimize

 Initializing 1 topologies...
 Parsing: Internal force field (amoeba-bio-2018-cphmd).
 Parsing: Structure properties from (/Dedicated/schnieders/maemmad/pKa_GNN/ffx_pipeline/data/fixed_pdbs/5J1Z/5J1Z_input.properties).
 Parsing: JVM system properties (i.e. command line -Dkey=value pairs).

 Attempting to read force field patch from /Dedicated/schnieders/maemmad/pKa_GNN/naphosphate_solute.09Feb21.prm.

 Renumbering Patch: FALSE
 Reading 5J1Z_input.pdb

 Assigning atom types for 1 chains.
 Amino acid chain A
 Renumbering PDB file due to built atoms (2102 vs 1037)
 Total number of atoms: 2102

 Constructing Force Field AMOEBA-BIO-2018-CPHMD

 SMP threads:                               128
 The system will be treated as aperiodic (max separation =   50.3 A).

 Bonded Terms
  Bonds:                                   2120
  Angles:                                  3854
  Stretch-Bends:                           3381
  Out-of-Plane Bends:                      1206
  Torsions:                                5624
  Pi-Orbital Torsions:                      225
  Torsion-Torsions:                           9

 Non-Bonded Terms

  Van der Waals
   Cut-Off:                                NONE
   Long-Range Correction:                 FALSE

 Electrostatics
   Polarization:                         MUTUAL
    SCF Convergence Criteria:         1.000e-06
    SCF Predictor:                         NONE
    SCF Algorithm:                           CG
    CG Preconditioner Cut-Off:            4.500
    CG Preconditioner Ewald Coeff.:       0.000
    CG Preconditioner Scale:              2.000
    CG Preconditioner Mode:     FLETCHER_REEVES
    Electrostatics Cut-Off:                NONE

  Continuum Solvation
   Radii:                                SOLUTE
   Generalized Kirkwood Cut-Off:           NONE
   GKC:                                  2.4550
   Solvent Dielectric:                  78.3000
   Solute Dielectric:                    1.0000
   Descreen with vdW Radii:                TRUE
   Descreen with Hydrogen Atoms:          FALSE
   Descreen Offset:                      0.0000
   General HCT Scale Factor:             0.7200
   Non-Polar Model:                  GAUSS-DISP
    GaussVol Radii Offset:               0.0000
    GaussVol Radii Scale:                1.0000
   Dispersion Integral Offset:           1.0560 (A)
   Cavitation Solvent Pressure:          0.0334 (Kcal/mol/A^3)
   Cavitation Surface Tension:           0.1030 (Kcal/mol/A^2)
   Cavitation Cross-Over Radius:         9.2515 (A)

  Overall system charge:                  7.000

 Opened 5J1Z_input.pdb in 1.677 sec.

 System Resources
  Total CPU time:          89.01 (sec)
  System load average:     86.20
  Open file handles:         146 of  81920 allowed
  System memory:           45009 MB free out of 257653 MB
  System swap space:        2023 MB free out of   2053 MB
  JVM memory:               3946 MB free out of   4096 MB

 Minimizing energy of Single Topology  [5J1Z_input.pdb] 
 Setting lambda to 0.000.
 Generalized Kirkwood  -2762.31496270      0.210
 Cavitation             1283.25073341      0.353
 Dispersion             -773.08244924      0.165

 Computed Potential Energy
  Bond Stretching            225.05598133         2120        0.011 ( 0.01607)
  Angle Bending              457.21324693         3854        0.011 ( 2.67560)
  Stretch-Bend                 3.49657147         3381        0.003
  Out-of-Plane Bend           74.81366276         1206        0.006
  Torsional Angle            157.20194805         5624        0.009
  Pi-Orbital Torsion          39.10330846          225        0.004
  Torsion-Torsion            -43.11166151            9        0.004
  Van der Waals             1166.92738181      2202177        0.206
  Atomic Multipoles        -3530.20753249      2202177
  Polarization              -836.41358637      2202177        5.627
  Solvation                -2252.14667853      2210253
  Total Potential          -4538.06735809  (Kcal/mole)        5.883 (sec)

 Limited Memory BFGS Quasi-Newton Optimization: 

 Cycle       Energy      G RMS    Delta E   Delta X    Angle  Evals     Time

     0   -4538.0674    13.1890
     1   -4808.3950     6.6418   270.3277    0.0052     0.00      2    1.908
     2   -4941.5595     5.5950   133.1645    0.0046    19.84      3    1.711
     3   -5059.9296     5.1016   118.3701    0.0052    35.96      4    1.969
     4   -5152.8960     4.6187    92.9664    0.0052    44.72      5    1.833
     5   -5228.7491     3.4436    75.8531    0.0052    51.54      6    1.704
     6   -5284.0031     3.1233    55.2540    0.0052    50.26      7    2.016
     7   -5328.3169     2.3931    44.3138    0.0052    55.93      8    4.822
     8   -5362.5906     2.3756    34.2738    0.0052    54.51      9    5.072
     9   -5391.5306     2.1104    28.9400    0.0052    60.41     10    4.619
    10   -5418.2069     2.1013    26.6763    0.0052    59.62     11    3.847
    11   -5442.5457     2.1149    24.3388    0.0052    61.54     12    4.621
    12   -5466.3895     1.8438    23.8439    0.0052    63.29     13    3.902
    13   -5488.0868     1.9085    21.6973    0.0052    61.34     14    4.131
    14   -5509.1715     1.7870    21.0847    0.0052    64.19     15    4.446
    15   -5527.9775     1.9187    18.8060    0.0052    64.51     16    4.748
    16   -5546.3335     1.5721    18.3560    0.0052    67.96     17    4.450
    17   -5562.0159     1.9338    15.6824    0.0052    64.30     18    4.204
    18   -5577.4561     1.3574    15.4402    0.0052    70.24     19    3.583
    19   -5589.9170     1.6914    12.4609    0.0052    63.30     20    4.663
    20   -5601.4339     1.5566    11.5169    0.0052    68.14     21    4.471
    21   -5610.7963     1.2503     9.3624    0.0027    60.02     22    4.103
    22   -5621.9542     1.3073    11.1579    0.0043    56.67     23    3.407
    23   -5630.6651     1.9151     8.7109    0.0052    66.00     24    4.500
    24   -5640.4050     1.2870     9.7399    0.0042    75.57     25    3.970
    25   -5649.1044     0.8986     8.6994    0.0052    74.03     26    4.429
    26   -5654.9391     1.1574     5.8347    0.0052    73.64     27    3.805
    27   -5660.4556     0.8979     5.5165    0.0052    78.50     28    3.993
    28   -5665.9233     0.9059     5.4678    0.0052    75.42     29    4.208
    29   -5671.4785     0.9274     5.5552    0.0052    74.41     30    4.174
    30   -5677.8280     0.9240     6.3495    0.0052    72.13     31    3.775
    31   -5683.0379     1.5289     5.2099    0.0052    67.95     32    4.225
    32   -5688.9010     0.9611     5.8631    0.0023    67.65     33    4.619
    33   -5694.9394     1.0067     6.0383    0.0028    59.25     34    3.793
    34   -5700.3549     1.5821     5.4156    0.0044    68.68     35    3.893
    35   -5705.7998     1.0188     5.4449    0.0047    78.45     36    4.109
    36   -5709.6237     0.8288     3.8239    0.0034    76.82     37    4.005
    37   -5713.8328     0.9424     4.2092    0.0052    75.93     38    3.810
    38   -5717.2843     1.0067     3.4515    0.0052    78.57     39    4.345
    39   -5720.6095     0.7643     3.3251    0.0032    77.82     40    3.728

 Optimization achieved convergence criteria:  0.76427
 Generalized Kirkwood  -2908.00185112      0.181
 Cavitation             1318.35274152      0.139
 Dispersion             -812.81008853      0.186

 Computed Potential Energy
  Bond Stretching            169.82500930         2120        0.003 ( 0.01547)
  Angle Bending              447.42394052         3854        0.000 ( 2.72823)
  Stretch-Bend                 2.87327595         3381        0.000
  Out-of-Plane Bend           18.53229448         1206        0.000
  Torsional Angle            103.93423447         5624        0.000
  Pi-Orbital Torsion          16.55964618          225        0.006
  Torsion-Torsion            -48.20408482            9        0.000
  Van der Waals              350.85381357      2202177        0.070
  Atomic Multipoles        -3574.57349910      2202177
  Polarization              -805.37489268      2202177        3.136
  Solvation                -2402.45919813      2210253
  Total Potential          -5720.60946027  (Kcal/mole)        3.217 (sec)
 Setting atom names to PDB standard.
 Saving 5J1Z_input.pdb_2

 Script wall clock time: 164.846 (sec)
WARNING: Using incubator modules: jdk.incubator.vector
WARNING: Using incubator modules: jdk.incubator.vector
Too few resources available to assign 1 node, 1 process, and 20 CPUs per process
=== Rotamer job done: Tue Apr 14 23:21:41 CDT 2026 ===
