 Evaluating /Dedicated/schnieders/programs/stack-2021.1.sh
  Loading Modules
   Stack 2021.1
   GCC 9.3.0
   CMake 3.20.0
   Eigen 3.3.9
   Cuda 11.1.1
   Cuda: /usr/share/apps/2021.1/arch/gcc-9.3.0/cuda-11.1.1
   CudaNN 8.0.5.39-11.1
   Swig 4.0.2_gcc-9.3.0
  Loading software from /Dedicated/schnieders/programs/local
   Ant: /Dedicated/schnieders/programs/apache-ant-1.10.11
   FFX: /Dedicated/schnieders/programs/ffx-builds/forcefieldx-2026-01-04
   GDMA: /Dedicated/schnieders/programs/gdma-2.3
   Groovy: /Dedicated/schnieders/programs/groovy-4.0.1
   Java: /Dedicated/schnieders/programs/jdk-25.0.1
   Maven: /Dedicated/schnieders/programs/apache-maven-3.9.5
   VMD: /Dedicated/schnieders/programs/vmd
   NAMD: /Dedicated/schnieders/programs/NAMD_3.0alpha7_Linux-x86_64-multicore-CUDA
   OpenEye: /Dedicated/schnieders/programs/OpenEye
   Tinker: /Dedicated/schnieders/programs/tinker-tools
=== Rotamer job started: Tue Apr 14 19:54:37 CDT 2026 ===
PDB: /Dedicated/schnieders/maemmad/pKa_GNN/ffx_pipeline/data/fixed_pdbs/1ANS/1ANS_input.pdb
WARNING: Using incubator modules: jdk.incubator.vector
 _________________________________________________________________________

        FORCE FIELD X - Polyglot Software for Molecular Biophysics 

        Version 1.0.0-6991  April 2026 
        Git Revision  937dfd3f3a84d0dc91f73b0419518078a8c41842 
 
        Please cite the following reference when using Force Field X:

        RA Gogal, AJ Nessler, AC Thiel, HV Bernabe, RA Corrigan Grove,
        LM Cousineau, JM Litman, JM Miller, G Qi, MJ Speranza,
        MR Tollefson, TD Fenn, JJ Michaelson, O Okada, JP Piquemal,
        JW Ponder, J Shen, RJH Smith, W Yang, P Ren and MJ Schnieders,
        2024, Journal of Chemical Physics, 161 (1).

        Copyright (c)  Michael J. Schnieders  2001-2026
        All Rights Reserved

        Force Field X is distributed under the GPL v. 3 license
        with linking exception and is hosted by the Schnieders Lab
        at The University of Iowa.

        User Manual:   https://ffx.biochem.uiowa.edu/manual.html
        Publications:  https://ffx.biochem.uiowa.edu/publications.html
        License:       https://ffx.biochem.uiowa.edu/licenses.html

 _________________________________________________________________________

 Tue Apr 14 19:54:38 CDT 2026
 Process ID 64242 on argon-itf-bx43-03.hpc.

 Command line arguments:
 [Minimize, -e, 0.8, /Dedicated/schnieders/maemmad/pKa_GNN/ffx_pipeline/data/fixed_pdbs/1ANS/1ANS_input.pdb]

 Executing internal command: ffx.algorithms.commands.Minimize

 Initializing 1 topologies...
 Parsing: Internal force field (amoeba-bio-2018-cphmd).
 Parsing: Structure properties from (/Dedicated/schnieders/maemmad/pKa_GNN/ffx_pipeline/data/fixed_pdbs/1ANS/1ANS_input.properties).
 Parsing: JVM system properties (i.e. command line -Dkey=value pairs).

 Attempting to read force field patch from /Dedicated/schnieders/maemmad/pKa_GNN/naphosphate_solute.09Feb21.prm.

 Renumbering Patch: FALSE
 Reading 1ANS_input.pdb

 Assigning atom types for 1 chains.
 Amino acid chain A
 Renumbering PDB file due to built atoms (380 vs 202)
 Total number of atoms: 380

 Constructing Force Field AMOEBA-BIO-2018-CPHMD

 SMP threads:                                20
 The system will be treated as aperiodic (max separation =   23.6 A).

 Bonded Terms
  Bonds:                                    389
  Angles:                                   694
  Stretch-Bends:                            638
  Out-of-Plane Bends:                       276
  Torsions:                                1039
  Pi-Orbital Torsions:                       60
  Torsion-Torsions:                           5

 Non-Bonded Terms

  Van der Waals
   Cut-Off:                                NONE
   Long-Range Correction:                 FALSE

 Electrostatics
   Polarization:                         MUTUAL
    SCF Convergence Criteria:         1.000e-06
    SCF Predictor:                         NONE
    SCF Algorithm:                           CG
    CG Preconditioner Cut-Off:            4.500
    CG Preconditioner Ewald Coeff.:       0.000
    CG Preconditioner Scale:              2.000
    CG Preconditioner Mode:     FLETCHER_REEVES
    Electrostatics Cut-Off:                NONE

  Continuum Solvation
   Radii:                                SOLUTE
   Generalized Kirkwood Cut-Off:           NONE
   GKC:                                  2.4550
   Solvent Dielectric:                  78.3000
   Solute Dielectric:                    1.0000
   Descreen with vdW Radii:                TRUE
   Descreen with Hydrogen Atoms:          FALSE
   Descreen Offset:                      0.0000
   General HCT Scale Factor:             0.7200
   Non-Polar Model:                  GAUSS-DISP
    GaussVol Radii Offset:               0.0000
    GaussVol Radii Scale:                1.0000
   Dispersion Integral Offset:           1.0560 (A)
   Cavitation Solvent Pressure:          0.0334 (Kcal/mol/A^3)
   Cavitation Surface Tension:           0.1030 (Kcal/mol/A^2)
   Cavitation Cross-Over Radius:         9.2515 (A)

  Overall system charge:                  1.000

 Opened 1ANS_input.pdb in 0.302 sec.

 System Resources
  Total CPU time:           9.30 (sec)
  System load average:     20.42
  Open file handles:         146 of  81920 allowed
  System memory:           38468 MB free out of  38960 MB
  System swap space:        1858 MB free out of   2053 MB
  JVM memory:               4059 MB free out of   4096 MB

 Minimizing energy of Single Topology  [1ANS_input.pdb] 
 Setting lambda to 0.000.
 Generalized Kirkwood   -560.66885824      0.027
 Cavitation              236.19317382      0.063
 Dispersion             -183.79997006      0.066

 Computed Potential Energy
  Bond Stretching             76.66414256          389        0.001 ( 0.02149)
  Angle Bending               98.98784935          694        0.001 ( 3.09228)
  Stretch-Bend                 0.14193975          638        0.001
  Out-of-Plane Bend           16.28795121          276        0.000
  Torsional Angle             26.03856532         1039        0.001
  Pi-Orbital Torsion           5.56384462           60        0.000
  Torsion-Torsion            -13.14222259            5        0.000
  Van der Waals             6479.33961340        70927        0.007
  Atomic Multipoles         -333.73877738        70927
  Polarization              -153.98368399        70927        0.628
  Solvation                 -508.27565447        72390
  Total Potential           5693.88356780  (Kcal/mole)        0.641 (sec)

 Limited Memory BFGS Quasi-Newton Optimization: 

 Cycle       Energy      G RMS    Delta E   Delta X    Angle  Evals     Time

     0    5693.8836   966.1538
     1     849.1605    95.0208  4844.7231    0.0123     0.00      2    0.322
     2     712.9396    79.3727   136.2209    0.0014     1.56      3    0.229
     3     479.0457    57.1344   233.8939    0.0031    13.13      4    0.272
     4     126.2880    30.5209   352.7577    0.0076    18.35      5    0.119
     5    -133.2845    15.0943   259.5725    0.0109    17.05      6    0.115
     6    -286.3858     8.3653   153.1013    0.0123    13.44      7    0.115
     7    -372.6301     7.3646    86.2442    0.0123     7.82      8    0.114
     8    -436.5418     5.0354    63.9118    0.0123    35.39      9    0.318
     9    -480.3718     4.5248    43.8299    0.0123    37.27     10    0.316
    10    -512.9756     4.6990    32.6039    0.0123    47.60     11    0.169
    11    -540.0802     4.0482    27.1045    0.0123    59.16     12    0.160
    12    -561.9084     4.9476    21.8282    0.0123    58.62     13    0.110
    13    -582.4994     3.8659    20.5910    0.0123    68.59     14    0.115
    14    -600.6532     4.5412    18.1539    0.0123    63.83     15    0.118
    15    -619.1510     3.3785    18.4977    0.0123    69.00     16    0.216
    16    -636.7279     3.5260    17.5770    0.0123    62.20     17    0.122
    17    -653.0373     3.2255    16.3093    0.0123    64.71     18    0.128
    18    -668.1758     3.1070    15.1386    0.0123    64.04     19    0.129
    19    -680.3282     3.6278    12.1524    0.0123    65.57     20    0.161
    20    -692.0245     2.9739    11.6963    0.0123    69.92     21    0.230
    21    -701.2006     4.4885     9.1761    0.0123    64.14     22    0.193
    22    -711.6754     2.6845    10.4748    0.0075    66.15     23    0.122
    23    -721.0180     2.5608     9.3426    0.0074    52.45     24    0.144
    24    -729.4514     3.9741     8.4334    0.0111    57.51     25    0.134
    25    -738.5908     2.7189     9.1394    0.0077    67.97     26    0.148
    26    -748.8412     2.7646    10.2504    0.0123    69.01     27    0.100
    27    -756.6671     3.0323     7.8259    0.0123    74.44     28    0.104
    28    -762.9749     2.8015     6.3078    0.0123    77.62     29    0.114
    29    -768.6217     2.0976     5.6468    0.0123    78.97     30    0.128
    30    -773.7020     2.3005     5.0803    0.0123    76.37     31    0.153
    31    -778.9086     1.9363     5.2066    0.0123    78.01     32    0.172
    32    -783.9514     2.0825     5.0428    0.0123    75.51     33    0.105
    33    -788.6519     2.1073     4.7005    0.0123    75.91     34    0.093
    34    -793.6334     2.2353     4.9815    0.0108    71.24     35    0.229
    35    -796.5917     3.5641     2.9583    0.0115    74.05     36    0.126
    36    -800.4254     1.9132     3.8336    0.0042    72.44     37    0.149
    37    -804.3854     1.5467     3.9601    0.0049    57.14     38    0.103
    38    -807.8144     2.1107     3.4290    0.0070    66.34     39    0.173
    39    -811.4396     2.3547     3.6252    0.0123    76.90     40    0.116
    40    -814.6081     1.6673     3.1684    0.0113    80.98     41    0.161
    41    -817.3371     1.5872     2.7290    0.0102    77.23     42    0.158
    42    -819.9168     1.9247     2.5797    0.0087    73.66     43    0.139
    43    -822.6668     1.5113     2.7499    0.0065    73.50     44    0.098
    44    -825.4139     1.5785     2.7471    0.0082    70.73     45    0.140
    45    -827.2732     1.8457     1.8593    0.0063    72.54     46    0.135
    46    -829.1308     1.3288     1.8576    0.0041    73.07     47    0.104
    47    -831.5993     1.2413     2.4685    0.0070    69.58     48    0.127
    48    -833.1982     2.3340     1.5989    0.0097    73.59     49    0.161
    49    -835.0678     1.4064     1.8696    0.0056    79.47     50    0.131
    50    -836.7078     1.2706     1.6400    0.0056    75.13     51    0.157
    51    -838.5251     1.5134     1.8173    0.0082    77.38     52    0.106
    52    -839.9484     2.8507     1.4233    0.0120    79.92     53    0.180
    53    -841.9113     1.3848     1.9629    0.0053    80.74     54    0.140
    54    -843.4913     1.1705     1.5800    0.0056    75.12     55    0.134
    55    -844.8842     1.3633     1.3929    0.0064    77.54     56    0.176
    56    -846.4728     2.3168     1.5886    0.0100    79.69     57    0.161
    57    -848.5764     1.4442     2.1036    0.0105    83.57     58    0.138
    58    -850.4152     1.3374     1.8387    0.0081    78.19     59    0.105
    59    -852.1369     1.7097     1.7217    0.0095    76.86     60    0.117
    60    -853.5890     1.3507     1.4522    0.0043    76.34     61    0.103
    61    -855.2827     1.2861     1.6937    0.0065    74.43     62    0.150
    62    -856.3907     1.9721     1.1080    0.0080    77.76     63    0.145
    63    -857.6034     1.1665     1.2127    0.0036    78.94     64    0.110
    64    -859.1265     1.0918     1.5230    0.0070    75.43     65    0.100
    65    -860.1291     1.2425     1.0027    0.0072    81.21     66    0.158
    66    -861.1059     1.6936     0.9768    0.0105    82.22     67    0.111
    67    -862.1504     0.9836     1.0444    0.0063    83.13     68    0.202
    68    -863.2011     0.9464     1.0507    0.0050    75.01     69    0.143
    69    -864.3888     1.3699     1.1877    0.0071    76.38     70    0.145
    70    -865.6462     1.4468     1.2574    0.0104    81.63     71    0.101
    71    -866.7869     0.9846     1.1407    0.0044    77.89     72    0.109
    72    -868.1239     1.0723     1.3371    0.0055    69.56     73    0.101
    73    -869.0450     1.7120     0.9211    0.0063    75.57     74    0.135
    74    -870.0466     1.0680     1.0016    0.0035    79.11     75    0.088
    75    -871.1106     0.8805     1.0639    0.0062    75.93     76    0.137
    76    -871.6569     1.1314     0.5463    0.0036    75.82     77    0.108
    77    -872.3877     0.8974     0.7308    0.0043    80.20     78    0.098
    78    -873.2654     1.1092     0.8777    0.0067    77.74     79    0.103
    79    -873.9428     1.1091     0.6773    0.0069    80.23     80    0.108
    80    -874.4140     0.7682     0.4713    0.0012    65.20     81    0.167

 Optimization achieved convergence criteria:  0.76816
 Generalized Kirkwood   -590.23101434      0.017
 Cavitation              276.28165992      0.004
 Dispersion             -226.80125634      0.003

 Computed Potential Energy
  Bond Stretching             34.81338662          389        0.000 ( 0.01601)
  Angle Bending              122.40172553          694        0.000 ( 3.40976)
  Stretch-Bend                 0.72421580          638        0.000
  Out-of-Plane Bend            4.53808049          276        0.000
  Torsional Angle             -2.10498224         1039        0.000
  Pi-Orbital Torsion           3.76923116           60        0.000
  Torsion-Torsion            -19.68045234            5        0.000
  Van der Waals               90.37589520        70927        0.038
  Atomic Multipoles         -456.71671338        70927
  Polarization              -111.78378868        70927        0.086
  Solvation                 -540.75061076        72390
  Total Potential           -874.41401259  (Kcal/mole)        0.126 (sec)
 Setting atom names to PDB standard.
 Saving 1ANS_input.pdb_2

 Script wall clock time: 13.499 (sec)
WARNING: Using incubator modules: jdk.incubator.vector
WARNING: Using incubator modules: jdk.incubator.vector
Too few resources available to assign 1 node, 1 process, and 20 CPUs per process
=== Rotamer job done: Tue Apr 14 19:56:31 CDT 2026 ===
