 Evaluating /Dedicated/schnieders/programs/stack-2021.1.sh
  Loading Modules
   Stack 2021.1
   GCC 9.3.0
   CMake 3.20.0
   Eigen 3.3.9
   Cuda 11.1.1
   Cuda: /usr/share/apps/2021.1/arch/gcc-9.3.0/cuda-11.1.1
   CudaNN 8.0.5.39-11.1
   Swig 4.0.2_gcc-9.3.0
  Loading software from /Dedicated/schnieders/programs/local
   Ant: /Dedicated/schnieders/programs/apache-ant-1.10.11
   FFX: /Dedicated/schnieders/programs/ffx-builds/forcefieldx-2026-01-04
   GDMA: /Dedicated/schnieders/programs/gdma-2.3
   Groovy: /Dedicated/schnieders/programs/groovy-4.0.1
   Java: /Dedicated/schnieders/programs/jdk-25.0.1
   Maven: /Dedicated/schnieders/programs/apache-maven-3.9.5
   VMD: /Dedicated/schnieders/programs/vmd
   NAMD: /Dedicated/schnieders/programs/NAMD_3.0alpha7_Linux-x86_64-multicore-CUDA
   OpenEye: /Dedicated/schnieders/programs/OpenEye
   Tinker: /Dedicated/schnieders/programs/tinker-tools
=== Rotamer job started: Tue Apr 14 22:35:01 CDT 2026 ===
PDB: /Dedicated/schnieders/maemmad/pKa_GNN/ffx_pipeline/data/fixed_pdbs/4HMJ/4HMJ_input.pdb
WARNING: Using incubator modules: jdk.incubator.vector
 _________________________________________________________________________

        FORCE FIELD X - Polyglot Software for Molecular Biophysics 

        Version 1.0.0-6991  April 2026 
        Git Revision  937dfd3f3a84d0dc91f73b0419518078a8c41842 
 
        Please cite the following reference when using Force Field X:

        RA Gogal, AJ Nessler, AC Thiel, HV Bernabe, RA Corrigan Grove,
        LM Cousineau, JM Litman, JM Miller, G Qi, MJ Speranza,
        MR Tollefson, TD Fenn, JJ Michaelson, O Okada, JP Piquemal,
        JW Ponder, J Shen, RJH Smith, W Yang, P Ren and MJ Schnieders,
        2024, Journal of Chemical Physics, 161 (1).

        Copyright (c)  Michael J. Schnieders  2001-2026
        All Rights Reserved

        Force Field X is distributed under the GPL v. 3 license
        with linking exception and is hosted by the Schnieders Lab
        at The University of Iowa.

        User Manual:   https://ffx.biochem.uiowa.edu/manual.html
        Publications:  https://ffx.biochem.uiowa.edu/publications.html
        License:       https://ffx.biochem.uiowa.edu/licenses.html

 _________________________________________________________________________

 Tue Apr 14 22:35:03 CDT 2026
 Process ID 82800 on argon-itf-bx54-12.hpc.

 Command line arguments:
 [Minimize, -e, 0.8, /Dedicated/schnieders/maemmad/pKa_GNN/ffx_pipeline/data/fixed_pdbs/4HMJ/4HMJ_input.pdb]

 Executing internal command: ffx.algorithms.commands.Minimize

 Initializing 1 topologies...
 Parsing: Internal force field (amoeba-bio-2018-cphmd).
 Parsing: Structure properties from (/Dedicated/schnieders/maemmad/pKa_GNN/ffx_pipeline/data/fixed_pdbs/4HMJ/4HMJ_input.properties).
 Parsing: JVM system properties (i.e. command line -Dkey=value pairs).

 Attempting to read force field patch from /Dedicated/schnieders/maemmad/pKa_GNN/naphosphate_solute.09Feb21.prm.

 Renumbering Patch: FALSE
 Reading 4HMJ_input.pdb

 Assigning atom types for 1 chains.
 Amino acid chain A
 Renumbering PDB file due to built atoms (2093 vs 1034)
 Total number of atoms: 2093

 Constructing Force Field AMOEBA-BIO-2018-CPHMD

 SMP threads:                               112
 The system will be treated as aperiodic (max separation =   50.2 A).

 Bonded Terms
  Bonds:                                   2111
  Angles:                                  3836
  Stretch-Bends:                           3367
  Out-of-Plane Bends:                      1206
  Torsions:                                5597
  Pi-Orbital Torsions:                      225
  Torsion-Torsions:                           9

 Non-Bonded Terms

  Van der Waals
   Cut-Off:                                NONE
   Long-Range Correction:                 FALSE

 Electrostatics
   Polarization:                         MUTUAL
    SCF Convergence Criteria:         1.000e-06
    SCF Predictor:                         NONE
    SCF Algorithm:                           CG
    CG Preconditioner Cut-Off:            4.500
    CG Preconditioner Ewald Coeff.:       0.000
    CG Preconditioner Scale:              2.000
    CG Preconditioner Mode:     FLETCHER_REEVES
    Electrostatics Cut-Off:                NONE

  Continuum Solvation
   Radii:                                SOLUTE
   Generalized Kirkwood Cut-Off:           NONE
   GKC:                                  2.4550
   Solvent Dielectric:                  78.3000
   Solute Dielectric:                    1.0000
   Descreen with vdW Radii:                TRUE
   Descreen with Hydrogen Atoms:          FALSE
   Descreen Offset:                      0.0000
   General HCT Scale Factor:             0.7200
   Non-Polar Model:                  GAUSS-DISP
    GaussVol Radii Offset:               0.0000
    GaussVol Radii Scale:                1.0000
   Dispersion Integral Offset:           1.0560 (A)
   Cavitation Solvent Pressure:          0.0334 (Kcal/mol/A^3)
   Cavitation Surface Tension:           0.1030 (Kcal/mol/A^2)
   Cavitation Cross-Over Radius:         9.2515 (A)

  Overall system charge:                  7.000

 Opened 4HMJ_input.pdb in 1.592 sec.

 System Resources
  Total CPU time:          55.36 (sec)
  System load average:    189.51
  Open file handles:         146 of  81920 allowed
  System memory:           98886 MB free out of 128546 MB
  System swap space:        2040 MB free out of   2053 MB
  JVM memory:               3958 MB free out of   4096 MB

 Minimizing energy of Single Topology  [4HMJ_input.pdb] 
 Setting lambda to 0.000.
 Generalized Kirkwood  -2784.90734712      0.208
 Cavitation             1288.21998632      0.405
 Dispersion             -784.85963628      0.221

 Computed Potential Energy
  Bond Stretching            260.07913684         2111        0.026 ( 0.01758)
  Angle Bending              507.39468428         3836        0.022 ( 2.80621)
  Stretch-Bend                -0.25683847         3367        0.005
  Out-of-Plane Bend           73.04838837         1206        0.007
  Torsional Angle            147.91546837         5597        0.005
  Pi-Orbital Torsion          40.46080821          225        0.005
  Torsion-Torsion            -44.52071765            9        0.005
  Van der Waals             1050.19933967      2183331        0.498
  Atomic Multipoles        -3562.47530003      2183331
  Polarization              -801.25684585      2183331        5.644
  Solvation                -2281.54699709      2191371
  Total Potential          -4610.95887336  (Kcal/mole)        6.226 (sec)

 Limited Memory BFGS Quasi-Newton Optimization: 

 Cycle       Energy      G RMS    Delta E   Delta X    Angle  Evals     Time

     0   -4610.9589    13.8825
     1   -4896.7679     6.6626   285.8090    0.0053     0.00      2    7.082
     2   -5025.4226     5.4446   128.6548    0.0045    17.43      3    5.618
     3   -5140.4817     5.0381   115.0591    0.0053    34.89      4    5.776
     4   -5230.0875     4.6825    89.6059    0.0053    45.06      5    5.336
     5   -5303.4272     3.4900    73.3397    0.0053    52.87      6    6.172
     6   -5356.8515     3.1199    53.4243    0.0053    51.54      7    5.589
     7   -5399.3644     2.3835    42.5129    0.0053    56.64      8    5.307
     8   -5432.2114     2.3844    32.8470    0.0053    54.85      9    5.500
     9   -5460.3195     2.0727    28.1081    0.0053    60.85     10    5.289
    10   -5486.2709     2.1360    25.9514    0.0053    58.92     11    5.825
    11   -5510.1256     1.9773    23.8547    0.0053    62.27     12    5.630
    12   -5532.9454     1.8745    22.8198    0.0053    61.54     13    5.414
    13   -5553.3202     1.8914    20.3748    0.0053    62.54     14    5.688
    14   -5573.1432     1.7349    19.8229    0.0053    64.78     15    5.377
    15   -5590.6721     1.9982    17.5289    0.0053    64.31     16    5.613
    16   -5608.1467     1.4923    17.4746    0.0053    69.21     17    5.494
    17   -5622.6547     1.9264    14.5080    0.0053    62.98     18    5.413
    18   -5636.3158     1.2862    13.6612    0.0053    70.20     19    5.040
    19   -5646.1568     1.4400     9.8410    0.0040    60.52     20    5.146
    20   -5655.6610     1.3876     9.5042    0.0043    64.50     21    5.772
    21   -5663.5975     1.1573     7.9365    0.0030    62.71     22    5.253
    22   -5672.1855     1.1350     8.5880    0.0041    63.83     23    5.254
    23   -5679.4474     1.4329     7.2618    0.0053    70.22     24    5.038
    24   -5686.2633     1.0782     6.8159    0.0053    77.42     25    5.271
    25   -5692.1742     0.9988     5.9109    0.0053    74.07     26    5.425
    26   -5696.6723     1.0679     4.4981    0.0042    72.59     27    5.900
    27   -5701.7072     0.8513     5.0349    0.0032    70.83     28    5.782
    28   -5708.1836     0.9617     6.4763    0.0048    66.97     29    5.417
    29   -5712.4868     1.6889     4.3032    0.0053    70.92     30    5.607
    30   -5717.7159     0.9806     5.2291    0.0029    75.98     31    4.960
    31   -5722.5790     0.8735     4.8630    0.0033    69.88     32    5.404
    32   -5727.0276     1.0174     4.4487    0.0044    74.47     33    4.934
    33   -5730.7878     1.3355     3.7602    0.0053    76.92     34    5.194
    34   -5734.9646     0.7933     4.1768    0.0030    76.57     35    5.752

 Optimization achieved convergence criteria:  0.79334
 Generalized Kirkwood  -2923.06931453      0.163
 Cavitation             1314.28556021      0.255
 Dispersion             -815.16403399      0.228

 Computed Potential Energy
  Bond Stretching            169.66254151         2111        0.007 ( 0.01549)
  Angle Bending              454.82413239         3836        0.009 ( 2.76147)
  Stretch-Bend                 3.15560077         3367        0.005
  Out-of-Plane Bend           20.14742510         1206        0.006
  Torsional Angle            101.38585474         5597        0.003
  Pi-Orbital Torsion          18.07511979          225        0.006
  Torsion-Torsion            -48.47251248            9        0.003
  Van der Waals              347.16743521      2183331        0.115
  Atomic Multipoles        -3588.62523022      2183331
  Polarization              -788.33718014      2183331        4.637
  Solvation                -2423.94778831      2191371
  Total Potential          -5734.96460165  (Kcal/mole)        4.796 (sec)
 Setting atom names to PDB standard.
 Saving 4HMJ_input.pdb_2

 Script wall clock time: 211.631 (sec)
WARNING: Using incubator modules: jdk.incubator.vector
WARNING: Using incubator modules: jdk.incubator.vector
Too few resources available to assign 1 node, 1 process, and 20 CPUs per process
=== Rotamer job done: Tue Apr 14 22:41:22 CDT 2026 ===
