 Evaluating /Dedicated/schnieders/programs/stack-2021.1.sh
  Loading Modules
   Stack 2021.1
   GCC 9.3.0
   CMake 3.20.0
   Eigen 3.3.9
   Cuda 11.1.1
   Cuda: /usr/share/apps/2021.1/arch/gcc-9.3.0/cuda-11.1.1
   CudaNN 8.0.5.39-11.1
   Swig 4.0.2_gcc-9.3.0
  Loading software from /Dedicated/schnieders/programs/local
   Ant: /Dedicated/schnieders/programs/apache-ant-1.10.11
   FFX: /Dedicated/schnieders/programs/ffx-builds/forcefieldx-2026-01-04
   GDMA: /Dedicated/schnieders/programs/gdma-2.3
   Groovy: /Dedicated/schnieders/programs/groovy-4.0.1
   Java: /Dedicated/schnieders/programs/jdk-25.0.1
   Maven: /Dedicated/schnieders/programs/apache-maven-3.9.5
   VMD: /Dedicated/schnieders/programs/vmd
   NAMD: /Dedicated/schnieders/programs/NAMD_3.0alpha7_Linux-x86_64-multicore-CUDA
   OpenEye: /Dedicated/schnieders/programs/OpenEye
   Tinker: /Dedicated/schnieders/programs/tinker-tools
=== Rotamer job started: Tue Apr 14 21:38:08 CDT 2026 ===
PDB: /Dedicated/schnieders/maemmad/pKa_GNN/ffx_pipeline/data/fixed_pdbs/2RBM/2RBM_input.pdb
WARNING: Using incubator modules: jdk.incubator.vector
 _________________________________________________________________________

        FORCE FIELD X - Polyglot Software for Molecular Biophysics 

        Version 1.0.0-6991  April 2026 
        Git Revision  937dfd3f3a84d0dc91f73b0419518078a8c41842 
 
        Please cite the following reference when using Force Field X:

        RA Gogal, AJ Nessler, AC Thiel, HV Bernabe, RA Corrigan Grove,
        LM Cousineau, JM Litman, JM Miller, G Qi, MJ Speranza,
        MR Tollefson, TD Fenn, JJ Michaelson, O Okada, JP Piquemal,
        JW Ponder, J Shen, RJH Smith, W Yang, P Ren and MJ Schnieders,
        2024, Journal of Chemical Physics, 161 (1).

        Copyright (c)  Michael J. Schnieders  2001-2026
        All Rights Reserved

        Force Field X is distributed under the GPL v. 3 license
        with linking exception and is hosted by the Schnieders Lab
        at The University of Iowa.

        User Manual:   https://ffx.biochem.uiowa.edu/manual.html
        Publications:  https://ffx.biochem.uiowa.edu/publications.html
        License:       https://ffx.biochem.uiowa.edu/licenses.html

 _________________________________________________________________________

 Tue Apr 14 21:38:10 CDT 2026
 Process ID 92631 on argon-itf-bx54-12.hpc.

 Command line arguments:
 [Minimize, -e, 0.8, /Dedicated/schnieders/maemmad/pKa_GNN/ffx_pipeline/data/fixed_pdbs/2RBM/2RBM_input.pdb]

 Executing internal command: ffx.algorithms.commands.Minimize

 Initializing 1 topologies...
 Parsing: Internal force field (amoeba-bio-2018-cphmd).
 Parsing: Structure properties from (/Dedicated/schnieders/maemmad/pKa_GNN/ffx_pipeline/data/fixed_pdbs/2RBM/2RBM_input.properties).
 Parsing: JVM system properties (i.e. command line -Dkey=value pairs).

 Attempting to read force field patch from /Dedicated/schnieders/maemmad/pKa_GNN/naphosphate_solute.09Feb21.prm.

 Renumbering Patch: FALSE
 Reading 2RBM_input.pdb

 Assigning atom types for 1 chains.
 Amino acid chain A
 Renumbering PDB file due to built atoms (2125 vs 1044)
 Total number of atoms: 2125

 Constructing Force Field AMOEBA-BIO-2018-CPHMD

 SMP threads:                               112
 The system will be treated as aperiodic (max separation =   50.1 A).

 Bonded Terms
  Bonds:                                   2143
  Angles:                                  3899
  Stretch-Bends:                           3419
  Out-of-Plane Bends:                      1209
  Torsions:                                5688
  Pi-Orbital Torsions:                      226
  Torsion-Torsions:                           9

 Non-Bonded Terms

  Van der Waals
   Cut-Off:                                NONE
   Long-Range Correction:                 FALSE

 Electrostatics
   Polarization:                         MUTUAL
    SCF Convergence Criteria:         1.000e-06
    SCF Predictor:                         NONE
    SCF Algorithm:                           CG
    CG Preconditioner Cut-Off:            4.500
    CG Preconditioner Ewald Coeff.:       0.000
    CG Preconditioner Scale:              2.000
    CG Preconditioner Mode:     FLETCHER_REEVES
    Electrostatics Cut-Off:                NONE

  Continuum Solvation
   Radii:                                SOLUTE
   Generalized Kirkwood Cut-Off:           NONE
   GKC:                                  2.4550
   Solvent Dielectric:                  78.3000
   Solute Dielectric:                    1.0000
   Descreen with vdW Radii:                TRUE
   Descreen with Hydrogen Atoms:          FALSE
   Descreen Offset:                      0.0000
   General HCT Scale Factor:             0.7200
   Non-Polar Model:                  GAUSS-DISP
    GaussVol Radii Offset:               0.0000
    GaussVol Radii Scale:                1.0000
   Dispersion Integral Offset:           1.0560 (A)
   Cavitation Solvent Pressure:          0.0334 (Kcal/mol/A^3)
   Cavitation Surface Tension:           0.1030 (Kcal/mol/A^2)
   Cavitation Cross-Over Radius:         9.2515 (A)

  Overall system charge:                 10.000

 Opened 2RBM_input.pdb in 1.57 sec.

 System Resources
  Total CPU time:          53.70 (sec)
  System load average:     94.28
  Open file handles:         146 of  81920 allowed
  System memory:           98920 MB free out of 128546 MB
  System swap space:        2040 MB free out of   2053 MB
  JVM memory:               3956 MB free out of   4096 MB

 Minimizing energy of Single Topology  [2RBM_input.pdb] 
 Setting lambda to 0.000.
 Generalized Kirkwood  -3158.01217535      0.238
 Cavitation             1298.44367298      0.329
 Dispersion             -790.95322502      0.238

 Computed Potential Energy
  Bond Stretching            219.28134532         2143        0.005 ( 0.01648)
  Angle Bending              528.26352500         3899        0.009 ( 2.87150)
  Stretch-Bend                 2.19614771         3419        0.006
  Out-of-Plane Bend           51.13425248         1209        0.009
  Torsional Angle            192.11969989         5688        0.005
  Pi-Orbital Torsion          67.37899635          226        0.006
  Torsion-Torsion            -40.57262744            9        0.001
  Van der Waals             1240.19095358      2250708        0.403
  Atomic Multipoles        -3211.69813466      2250708
  Polarization              -827.56543162      2250708        5.853
  Solvation                -2650.52172738      2258875
  Total Potential          -4429.79300076  (Kcal/mole)        6.300 (sec)

 Limited Memory BFGS Quasi-Newton Optimization: 

 Cycle       Energy      G RMS    Delta E   Delta X    Angle  Evals     Time

     0   -4429.7930    12.7531
     1   -4710.0845     6.7167   280.2915    0.0052     0.00      2    2.387
     2   -4868.9621     5.4830   158.8776    0.0052    15.42      3    1.831
     3   -4989.1550     5.0211   120.1929    0.0052    33.74      4    2.044
     4   -5083.9667     4.2731    94.8118    0.0052    43.19      5    2.001
     5   -5158.1546     3.2509    74.1879    0.0052    48.92      6    4.046
     6   -5211.5502     3.2022    53.3956    0.0052    48.50      7    5.621
     7   -5255.7845     2.3936    44.2344    0.0052    57.68      8    5.421
     8   -5290.8064     2.5838    35.0218    0.0052    54.36      9    5.563
     9   -5322.2528     2.1680    31.4464    0.0052    61.62     10    5.326
    10   -5351.4348     2.1279    29.1820    0.0052    59.04     11    5.678
    11   -5377.9776     2.2444    26.5428    0.0052    60.24     12    4.961
    12   -5403.9091     1.8885    25.9315    0.0052    64.01     13    5.586
    13   -5426.8545     2.0919    22.9455    0.0052    61.17     14    5.190
    14   -5449.5092     1.8089    22.6547    0.0052    65.75     15    5.419
    15   -5469.4473     1.9655    19.9381    0.0052    63.68     16    5.546
    16   -5489.2526     1.6364    19.8053    0.0052    67.35     17    5.190
    17   -5506.3884     2.0190    17.1358    0.0052    64.02     18    5.596
    18   -5523.5735     1.4594    17.1851    0.0052    70.00     19    5.466
    19   -5537.1496     1.9327    13.5761    0.0052    63.79     20    6.035
    20   -5549.6551     1.3463    12.5056    0.0052    71.32     21    5.307
    21   -5559.1531     1.3022     9.4980    0.0032    58.78     22    5.794
    22   -5570.0446     1.4725    10.8915    0.0045    59.13     23    5.028
    23   -5580.1353     1.2823    10.0907    0.0036    62.85     24    5.579
    24   -5591.6153     1.3550    11.4800    0.0052    65.77     25    5.620
    25   -5600.7803     1.1808     9.1649    0.0052    72.47     26    5.833
    26   -5608.0388     1.0866     7.2585    0.0052    75.24     27    5.540
    27   -5614.9857     0.9955     6.9470    0.0052    74.63     28    6.357
    28   -5621.3208     0.9747     6.3351    0.0052    74.51     29    5.796
    29   -5627.3680     0.9552     6.0471    0.0052    74.30     30    5.311
    30   -5633.3019     0.9003     5.9339    0.0052    73.84     31    5.394
    31   -5639.0899     1.1046     5.7880    0.0052    71.58     32    5.106
    32   -5645.5670     1.1070     6.4771    0.0050    72.96     33    5.294
    33   -5651.9817     1.0984     6.4147    0.0039    68.63     34    5.594
    34   -5658.2612     1.1725     6.2795    0.0042    68.28     35    5.509
    35   -5663.8781     1.1326     5.6169    0.0037    70.42     36    5.594
    36   -5669.5121     0.9418     5.6340    0.0041    74.13     37    5.677
    37   -5674.5968     1.0172     5.0847    0.0052    75.13     38    5.386
    38   -5679.0389     0.9030     4.4421    0.0052    78.52     39    5.048
    39   -5683.9445     0.8173     4.9056    0.0052    76.59     40    5.700
    40   -5688.3994     0.9751     4.4549    0.0052    74.75     41    5.475
    41   -5692.9889     0.8557     4.5895    0.0052    76.96     42    5.509
    42   -5697.0000     0.8385     4.0112    0.0037    72.93     43    5.401
    43   -5701.3189     0.9585     4.3189    0.0044    71.57     44    5.388
    44   -5704.9901     1.2341     3.6711    0.0045    73.82     45    5.226
    45   -5708.6170     0.7934     3.6269    0.0014    63.32     46    5.404

 Optimization achieved convergence criteria:  0.79341
 Generalized Kirkwood  -3284.95570294      0.179
 Cavitation             1333.37224086      0.234
 Dispersion             -837.48820821      0.214

 Computed Potential Energy
  Bond Stretching            172.50343964         2143        0.026 ( 0.01546)
  Angle Bending              470.94590282         3899        0.010 ( 2.79296)
  Stretch-Bend                 3.31174993         3419        0.013
  Out-of-Plane Bend           20.28903174         1209        0.008
  Torsional Angle            119.47012868         5688        0.006
  Pi-Orbital Torsion          17.16822396          226        0.017
  Torsion-Torsion            -49.67238409            9        0.004
  Van der Waals              375.57897234      2250708        0.081
  Atomic Multipoles        -3264.54443953      2250708
  Polarization              -784.59590687      2250708        4.219
  Solvation                -2789.07167029      2258875
  Total Potential          -5708.61695167  (Kcal/mole)        4.390 (sec)
 Setting atom names to PDB standard.
 Saving 2RBM_input.pdb_2

 Script wall clock time: 249.058 (sec)
WARNING: Using incubator modules: jdk.incubator.vector
WARNING: Using incubator modules: jdk.incubator.vector
Too few resources available to assign 1 node, 1 process, and 20 CPUs per process
=== Rotamer job done: Tue Apr 14 21:45:42 CDT 2026 ===
