 Evaluating /Dedicated/schnieders/programs/stack-2021.1.sh
  Loading Modules
   Stack 2021.1
   GCC 9.3.0
   CMake 3.20.0
   Eigen 3.3.9
   Cuda 11.1.1
   Cuda: /usr/share/apps/2021.1/arch/gcc-9.3.0/cuda-11.1.1
   CudaNN 8.0.5.39-11.1
   Swig 4.0.2_gcc-9.3.0
  Loading software from /Dedicated/schnieders/programs/local
   Ant: /Dedicated/schnieders/programs/apache-ant-1.10.11
   FFX: /Dedicated/schnieders/programs/ffx-builds/forcefieldx-2026-01-04
   GDMA: /Dedicated/schnieders/programs/gdma-2.3
   Groovy: /Dedicated/schnieders/programs/groovy-4.0.1
   Java: /Dedicated/schnieders/programs/jdk-25.0.1
   Maven: /Dedicated/schnieders/programs/apache-maven-3.9.5
   VMD: /Dedicated/schnieders/programs/vmd
   NAMD: /Dedicated/schnieders/programs/NAMD_3.0alpha7_Linux-x86_64-multicore-CUDA
   OpenEye: /Dedicated/schnieders/programs/OpenEye
   Tinker: /Dedicated/schnieders/programs/tinker-tools
=== Rotamer job started: Thu Apr 30 19:19:14 CDT 2026 ===
PDB: /Dedicated/schnieders/maemmad/pKa_GNN/ffx_pipeline/data/fixed_pdbs/3CYF/3CYF_input.pdb
WARNING: Using incubator modules: jdk.incubator.vector
 _________________________________________________________________________

        FORCE FIELD X - Polyglot Software for Molecular Biophysics 

        Version 1.0.0-6991  April 2026 
        Git Revision  937dfd3f3a84d0dc91f73b0419518078a8c41842 
 
        Please cite the following reference when using Force Field X:

        RA Gogal, AJ Nessler, AC Thiel, HV Bernabe, RA Corrigan Grove,
        LM Cousineau, JM Litman, JM Miller, G Qi, MJ Speranza,
        MR Tollefson, TD Fenn, JJ Michaelson, O Okada, JP Piquemal,
        JW Ponder, J Shen, RJH Smith, W Yang, P Ren and MJ Schnieders,
        2024, Journal of Chemical Physics, 161 (1).

        Copyright (c)  Michael J. Schnieders  2001-2026
        All Rights Reserved

        Force Field X is distributed under the GPL v. 3 license
        with linking exception and is hosted by the Schnieders Lab
        at The University of Iowa.

        User Manual:   https://ffx.biochem.uiowa.edu/manual.html
        Publications:  https://ffx.biochem.uiowa.edu/publications.html
        License:       https://ffx.biochem.uiowa.edu/licenses.html

 _________________________________________________________________________

 Thu Apr 30 19:19:15 CDT 2026
 Process ID 49340 on argon-itf-bx54-09.hpc.

 Command line arguments:
 [Minimize, -e, 0.8, /Dedicated/schnieders/maemmad/pKa_GNN/ffx_pipeline/data/fixed_pdbs/3CYF/3CYF_input.pdb]

 Executing internal command: ffx.algorithms.commands.Minimize

 Initializing 1 topologies...
 Parsing: Internal force field (amoeba-bio-2018-cphmd).
 Parsing: Structure properties from (/Dedicated/schnieders/maemmad/pKa_GNN/ffx_pipeline/data/fixed_pdbs/3CYF/3CYF_input.properties).
 Parsing: JVM system properties (i.e. command line -Dkey=value pairs).

 Attempting to read force field patch from /Dedicated/schnieders/maemmad/pKa_GNN/naphosphate_solute.09Feb21.prm.

 Renumbering Patch: FALSE
 Reading 3CYF_input.pdb

 Assigning atom types for 1 chains.
 Amino acid chain A
 Renumbering PDB file due to built atoms (2982 vs 2981)
 Total number of atoms: 2982

 Constructing Force Field AMOEBA-BIO-2018-CPHMD

 SMP threads:                               112
 The system will be treated as aperiodic (max separation =   86.5 A).

 Bonded Terms
  Bonds:                                   3005
  Angles:                                  5481
  Stretch-Bends:                           4770
  Out-of-Plane Bends:                      1644
  Torsions:                                7980
  Pi-Orbital Torsions:                      288
  Torsion-Torsions:                          18

 Non-Bonded Terms

  Van der Waals
   Cut-Off:                                NONE
   Long-Range Correction:                 FALSE

 Electrostatics
   Polarization:                         MUTUAL
    SCF Convergence Criteria:         1.000e-06
    SCF Predictor:                         NONE
    SCF Algorithm:                           CG
    CG Preconditioner Cut-Off:            4.500
    CG Preconditioner Ewald Coeff.:       0.000
    CG Preconditioner Scale:              2.000
    CG Preconditioner Mode:     FLETCHER_REEVES
    Electrostatics Cut-Off:                NONE

  Continuum Solvation
   Radii:                                SOLUTE
   Generalized Kirkwood Cut-Off:           NONE
   GKC:                                  2.4550
   Solvent Dielectric:                  78.3000
   Solute Dielectric:                    1.0000
   Descreen with vdW Radii:                TRUE
   Descreen with Hydrogen Atoms:          FALSE
   Descreen Offset:                      0.0000
   General HCT Scale Factor:             0.7200
   Non-Polar Model:                  GAUSS-DISP
    GaussVol Radii Offset:               0.0000
    GaussVol Radii Scale:                1.0000
   Dispersion Integral Offset:           1.0560 (A)
   Cavitation Solvent Pressure:          0.0334 (Kcal/mol/A^3)
   Cavitation Surface Tension:           0.1030 (Kcal/mol/A^2)
   Cavitation Cross-Over Radius:         9.2515 (A)

  Overall system charge:                  8.000

 Opened 3CYF_input.pdb in 1.526 sec.

 System Resources
  Total CPU time:          48.43 (sec)
  System load average:     57.88
  Open file handles:         146 of  81920 allowed
  System memory:          206615 MB free out of 257591 MB
  System swap space:        2053 MB free out of   2053 MB
  JVM memory:               3906 MB free out of   4096 MB

 Minimizing energy of Single Topology  [3CYF_input.pdb] 
 Setting lambda to 0.000.
 Generalized Kirkwood  -3681.56566627      0.311
 Cavitation             1836.74286812      0.319
 Dispersion            -1111.05168374      0.446

 Computed Potential Energy
  Bond Stretching            575.43417998         3005        0.009 ( 0.02645)
  Angle Bending             4454.29489879         5481        0.021 ( 5.15468)
  Stretch-Bend                42.22337595         4770        0.006
  Out-of-Plane Bend          208.20894208         1644        0.002
  Torsional Angle            421.55694103         7980        0.030
  Pi-Orbital Torsion         187.54615557          288        0.029
  Torsion-Torsion            -74.00589477           18        0.021
  Van der Waals            33420.21870745      4436185        1.046
  Atomic Multipoles        -5010.05833618      4436185
  Polarization             -1078.66996874      4436185        7.728
  Solvation                -2955.87448190      4447653
  Total Potential          30190.87451926  (Kcal/mole)        8.898 (sec)

 Limited Memory BFGS Quasi-Newton Optimization: 

 Cycle       Energy      G RMS    Delta E   Delta X    Angle  Evals     Time

     0   30190.8745  1734.6334
     1   10087.1492   277.1760 20103.7254    0.0044     0.00      2    3.346
     2    8264.7833   210.9134  1822.3659    0.0008     5.44      3   10.338
     3    5397.9549   127.9118  2866.8284    0.0020    13.39      4   10.742
     4    2414.3285    62.0991  2983.6265    0.0039    16.89      5   12.072
     5     699.3397    39.5223  1714.9888    0.0044     6.70      6    9.137
     6    -425.6047    36.6624  1124.9444    0.0044    25.00      7   10.072
     7   -1363.3138    29.0829   937.7091    0.0044    41.21      8    8.577
     8   -2118.6059    27.5009   755.2921    0.0044    42.35      9    9.554
     9   -2772.8245    20.2936   654.2186    0.0044    46.73     10    8.436
    10   -3287.1919    16.3918   514.3674    0.0044    43.78     11   10.234
    11   -3697.0083    13.3361   409.8164    0.0044    45.24     12    9.413
    12   -4042.9133    10.4258   345.9050    0.0044    42.53     13    8.820
    13   -4321.0231     8.9069   278.1098    0.0044    42.16     14    9.833
    14   -4577.3678     6.4634   256.3446    0.0044    35.29     15   10.718
    15   -4782.9461     5.6051   205.5784    0.0044    28.89     16    9.510
    16   -4965.0674     4.9706   182.1212    0.0044    22.67     17   10.628
    17   -5128.8046     4.2741   163.7373    0.0044    26.23     18    9.512
    18   -5269.3876     4.2733   140.5830    0.0044    25.12     19    9.247
    19   -5401.6737     3.6826   132.2861    0.0044    32.32     20    9.204
    20   -5519.1546     3.3881   117.4808    0.0044    29.46     21    8.543
    21   -5624.0046     3.1838   104.8500    0.0044    31.67     22    9.985
    22   -5719.9332     2.8317    95.9286    0.0044    34.71     23    9.601
    23   -5804.8411     2.7428    84.9079    0.0044    33.88     24    9.023
    24   -5882.6739     2.4563    77.8328    0.0044    38.81     25    8.665
    25   -5952.0422     2.3527    69.3683    0.0044    38.00     26    9.034
    26   -6015.0821     2.1126    63.0400    0.0044    42.30     27    9.332
    27   -6071.2818     2.1610    56.1997    0.0044    41.79     28    9.441
    28   -6123.3799     1.9264    52.0981    0.0044    47.90     29   10.067
    29   -6170.1474     1.8970    46.7674    0.0044    47.49     30    8.528
    30   -6213.3911     1.8116    43.2438    0.0044    50.51     31    8.496
    31   -6253.5824     1.7500    40.1912    0.0044    51.55     32    8.664
    32   -6290.3935     1.6918    36.8111    0.0044    54.17     33    8.755
    33   -6325.6205     1.7015    35.2270    0.0044    54.21     34    8.095
    34   -6358.5561     1.6148    32.9356    0.0044    57.64     35    9.401
    35   -6390.0161     1.6514    31.4600    0.0044    57.03     36    9.191
