 Evaluating /Dedicated/schnieders/programs/stack-2021.1.sh
  Loading Modules
   Stack 2021.1
   GCC 9.3.0
   CMake 3.20.0
   Eigen 3.3.9
   Cuda 11.1.1
   Cuda: /usr/share/apps/2021.1/arch/gcc-9.3.0/cuda-11.1.1
   CudaNN 8.0.5.39-11.1
   Swig 4.0.2_gcc-9.3.0
  Loading software from /Dedicated/schnieders/programs/local
   Ant: /Dedicated/schnieders/programs/apache-ant-1.10.11
   FFX: /Dedicated/schnieders/programs/ffx-builds/forcefieldx-2026-01-04
   GDMA: /Dedicated/schnieders/programs/gdma-2.3
   Groovy: /Dedicated/schnieders/programs/groovy-4.0.1
   Java: /Dedicated/schnieders/programs/jdk-25.0.1
   Maven: /Dedicated/schnieders/programs/apache-maven-3.9.5
   VMD: /Dedicated/schnieders/programs/vmd
   NAMD: /Dedicated/schnieders/programs/NAMD_3.0alpha7_Linux-x86_64-multicore-CUDA
   OpenEye: /Dedicated/schnieders/programs/OpenEye
   Tinker: /Dedicated/schnieders/programs/tinker-tools
=== Rotamer job started: Thu Apr 16 14:09:17 CDT 2026 ===
PDB: /Dedicated/schnieders/maemmad/pKa_GNN/ffx_pipeline/data/fixed_pdbs/1PPN/1PPN_input.pdb
WARNING: Using incubator modules: jdk.incubator.vector
 _________________________________________________________________________

        FORCE FIELD X - Polyglot Software for Molecular Biophysics 

        Version 1.0.0-6991  April 2026 
        Git Revision  937dfd3f3a84d0dc91f73b0419518078a8c41842 
 
        Please cite the following reference when using Force Field X:

        RA Gogal, AJ Nessler, AC Thiel, HV Bernabe, RA Corrigan Grove,
        LM Cousineau, JM Litman, JM Miller, G Qi, MJ Speranza,
        MR Tollefson, TD Fenn, JJ Michaelson, O Okada, JP Piquemal,
        JW Ponder, J Shen, RJH Smith, W Yang, P Ren and MJ Schnieders,
        2024, Journal of Chemical Physics, 161 (1).

        Copyright (c)  Michael J. Schnieders  2001-2026
        All Rights Reserved

        Force Field X is distributed under the GPL v. 3 license
        with linking exception and is hosted by the Schnieders Lab
        at The University of Iowa.

        User Manual:   https://ffx.biochem.uiowa.edu/manual.html
        Publications:  https://ffx.biochem.uiowa.edu/publications.html
        License:       https://ffx.biochem.uiowa.edu/licenses.html

 _________________________________________________________________________

 Thu Apr 16 14:09:18 CDT 2026
 Process ID 104592 on argon-itf-bx43-03.hpc.

 Command line arguments:
 [Minimize, -e, 0.8, /Dedicated/schnieders/maemmad/pKa_GNN/ffx_pipeline/data/fixed_pdbs/1PPN/1PPN_input.pdb]

 Executing internal command: ffx.algorithms.commands.Minimize

 Initializing 1 topologies...
 Parsing: Internal force field (amoeba-bio-2018-cphmd).
 Parsing: Structure properties from (/Dedicated/schnieders/maemmad/pKa_GNN/ffx_pipeline/data/fixed_pdbs/1PPN/1PPN_input.properties).
 Parsing: JVM system properties (i.e. command line -Dkey=value pairs).

 Attempting to read force field patch from /Dedicated/schnieders/maemmad/pKa_GNN/naphosphate_solute.09Feb21.prm.

 Renumbering Patch: FALSE
 Reading 1PPN_input.pdb

 Assigning atom types for 1 chains.
 Amino acid chain A
 Renumbering PDB file due to built atoms (3253 vs 1655)
 Total number of atoms: 3253

 Constructing Force Field AMOEBA-BIO-2018-CPHMD

 SMP threads:                               128
 The system will be treated as aperiodic (max separation =   53.8 A).

 Bonded Terms
  Bonds:                                   3297
  Angles:                                  5909
  Stretch-Bends:                           5261
  Out-of-Plane Bends:                      2178
  Torsions:                                8696
  Pi-Orbital Torsions:                      432
  Torsion-Torsions:                          28

 Non-Bonded Terms

  Van der Waals
   Cut-Off:                                NONE
   Long-Range Correction:                 FALSE

 Electrostatics
   Polarization:                         MUTUAL
    SCF Convergence Criteria:         1.000e-06
    SCF Predictor:                         NONE
    SCF Algorithm:                           CG
    CG Preconditioner Cut-Off:            4.500
    CG Preconditioner Ewald Coeff.:       0.000
    CG Preconditioner Scale:              2.000
    CG Preconditioner Mode:     FLETCHER_REEVES
    Electrostatics Cut-Off:                NONE

  Continuum Solvation
   Radii:                                SOLUTE
   Generalized Kirkwood Cut-Off:           NONE
   GKC:                                  2.4550
   Solvent Dielectric:                  78.3000
   Solute Dielectric:                    1.0000
   Descreen with vdW Radii:                TRUE
   Descreen with Hydrogen Atoms:          FALSE
   Descreen Offset:                      0.0000
   General HCT Scale Factor:             0.7200
   Non-Polar Model:                  GAUSS-DISP
    GaussVol Radii Offset:               0.0000
    GaussVol Radii Scale:                1.0000
   Dispersion Integral Offset:           1.0560 (A)
   Cavitation Solvent Pressure:          0.0334 (Kcal/mol/A^3)
   Cavitation Surface Tension:           0.1030 (Kcal/mol/A^2)
   Cavitation Cross-Over Radius:         9.2515 (A)

  Overall system charge:                  8.000

 Opened 1PPN_input.pdb in 1.585 sec.

 System Resources
  Total CPU time:          60.54 (sec)
  System load average:    139.21
  Open file handles:         146 of  81920 allowed
  System memory:           83446 MB free out of 257653 MB
  System swap space:        1860 MB free out of   2053 MB
  JVM memory:               3873 MB free out of   4096 MB

 Minimizing energy of Single Topology  [1PPN_input.pdb] 
 Setting lambda to 0.000.
 Generalized Kirkwood  -2698.78794966      0.375
 Cavitation             1982.04398929      0.353
 Dispersion            -1121.80198096      0.219

 Computed Potential Energy
  Bond Stretching            713.65754851         3297        0.012 ( 0.02288)
  Angle Bending             2462.68901222         5909        0.017 ( 4.25374)
  Stretch-Bend               -36.28330435         5261        0.011
  Out-of-Plane Bend          181.34474891         2178        0.003
  Torsional Angle            418.26560125         8696        0.009
  Pi-Orbital Torsion         117.79825726          432        0.006
  Torsion-Torsion           -113.77875571           28        0.002
  Van der Waals             7433.66795567      5280172        0.981
  Atomic Multipoles        -6187.29690131      5280172
  Polarization              -893.76710496      5280172        7.845
  Solvation                -1838.54594133      5292631
  Total Potential           2257.75111614  (Kcal/mole)        8.890 (sec)

 Limited Memory BFGS Quasi-Newton Optimization: 

 Cycle       Energy      G RMS    Delta E   Delta X    Angle  Evals     Time

     0    2257.7511   445.7050
     1   -2312.8653    34.9266  4570.6164    0.0042     0.00      2    3.697
     2   -2856.7133    28.3106   543.8480    0.0018     3.14      4   26.185
     3   -3762.1565    19.1922   905.4432    0.0041    14.25      5   13.065
     4   -4394.8020    13.3040   632.6455    0.0042    19.14      6   11.381
     5   -4843.2338     9.7830   448.4318    0.0042    20.53      7   12.836
     6   -5183.4822     7.7213   340.2484    0.0042    19.50      8   13.298
     7   -5454.3747     6.3478   270.8924    0.0042    18.52      9   14.002
     8   -5683.0059     5.2472   228.6313    0.0042    15.48     10   12.845
     9   -5872.2160     4.6448   189.2101    0.0042    13.63     11   11.348
    10   -6037.3227     3.7907   165.1067    0.0042    17.55     12   12.338
    11   -6176.1839     3.3203   138.8612    0.0042    12.43     13   12.209
    12   -6292.7099     3.1327   116.5260    0.0042    16.61     14   13.589
    13   -6396.2526     2.5366   103.5426    0.0042    27.65     15   12.511
    14   -6481.9394     2.5771    85.6869    0.0042    23.12     16   12.997
    15   -6557.8315     2.2195    75.8921    0.0042    36.75     17   12.893
    16   -6622.9416     2.0120    65.1101    0.0042    36.96     18   11.764
    17   -6679.2156     1.9242    56.2740    0.0042    40.30     19   13.572
    18   -6728.8262     1.8797    49.6105    0.0042    44.88     20   12.337
    19   -6773.2292     1.7376    44.4030    0.0042    49.46     21   13.288
    20   -6812.8216     1.6659    39.5924    0.0042    51.41     22   12.297
    21   -6848.1603     1.7048    35.3387    0.0042    54.12     23   11.821
    22   -6881.9293     1.5934    33.7689    0.0042    57.08     24   11.663
    23   -6912.7283     1.5534    30.7990    0.0042    58.09     25   11.812
    24   -6942.1179     1.5315    29.3897    0.0042    58.53     26   12.283
    25   -6970.0111     1.4308    27.8931    0.0042    60.32     27   12.353
    26   -6996.3017     1.5020    26.2907    0.0042    58.99     28   12.006
    27   -7021.2527     1.3102    24.9510    0.0042    63.06     29   12.494
    28   -7044.0897     1.5651    22.8370    0.0042    59.68     30   12.146
    29   -7066.2280     1.3240    22.1383    0.0042    67.13     31   11.966
    30   -7085.6836     1.7081    19.4556    0.0042    62.99     32   11.358
    31   -7104.9198     1.4202    19.2362    0.0042    71.79     33   13.786
