 Evaluating /Dedicated/schnieders/programs/stack-2021.1.sh
  Loading Modules
   Stack 2021.1
   GCC 9.3.0
   CMake 3.20.0
   Eigen 3.3.9
   Cuda 11.1.1
   Cuda: /usr/share/apps/2021.1/arch/gcc-9.3.0/cuda-11.1.1
   CudaNN 8.0.5.39-11.1
   Swig 4.0.2_gcc-9.3.0
  Loading software from /Dedicated/schnieders/programs/local
   Ant: /Dedicated/schnieders/programs/apache-ant-1.10.11
   FFX: /Dedicated/schnieders/programs/ffx-builds/forcefieldx-2026-01-04
   GDMA: /Dedicated/schnieders/programs/gdma-2.3
   Groovy: /Dedicated/schnieders/programs/groovy-4.0.1
   Java: /Dedicated/schnieders/programs/jdk-25.0.1
   Maven: /Dedicated/schnieders/programs/apache-maven-3.9.5
   VMD: /Dedicated/schnieders/programs/vmd
   NAMD: /Dedicated/schnieders/programs/NAMD_3.0alpha7_Linux-x86_64-multicore-CUDA
   OpenEye: /Dedicated/schnieders/programs/OpenEye
   Tinker: /Dedicated/schnieders/programs/tinker-tools
=== Rotamer job started: Tue Apr 14 20:08:53 CDT 2026 ===
PDB: /Dedicated/schnieders/maemmad/pKa_GNN/ffx_pipeline/data/fixed_pdbs/1JHB/1JHB_input.pdb
WARNING: Using incubator modules: jdk.incubator.vector
 _________________________________________________________________________

        FORCE FIELD X - Polyglot Software for Molecular Biophysics 

        Version 1.0.0-6991  April 2026 
        Git Revision  937dfd3f3a84d0dc91f73b0419518078a8c41842 
 
        Please cite the following reference when using Force Field X:

        RA Gogal, AJ Nessler, AC Thiel, HV Bernabe, RA Corrigan Grove,
        LM Cousineau, JM Litman, JM Miller, G Qi, MJ Speranza,
        MR Tollefson, TD Fenn, JJ Michaelson, O Okada, JP Piquemal,
        JW Ponder, J Shen, RJH Smith, W Yang, P Ren and MJ Schnieders,
        2024, Journal of Chemical Physics, 161 (1).

        Copyright (c)  Michael J. Schnieders  2001-2026
        All Rights Reserved

        Force Field X is distributed under the GPL v. 3 license
        with linking exception and is hosted by the Schnieders Lab
        at The University of Iowa.

        User Manual:   https://ffx.biochem.uiowa.edu/manual.html
        Publications:  https://ffx.biochem.uiowa.edu/publications.html
        License:       https://ffx.biochem.uiowa.edu/licenses.html

 _________________________________________________________________________

 Tue Apr 14 20:08:54 CDT 2026
 Process ID 94799 on argon-itf-bx43-03.hpc.

 Command line arguments:
 [Minimize, -e, 0.8, /Dedicated/schnieders/maemmad/pKa_GNN/ffx_pipeline/data/fixed_pdbs/1JHB/1JHB_input.pdb]

 Executing internal command: ffx.algorithms.commands.Minimize

 Initializing 1 topologies...
 Parsing: Internal force field (amoeba-bio-2018-cphmd).
 Parsing: Structure properties from (/Dedicated/schnieders/maemmad/pKa_GNN/ffx_pipeline/data/fixed_pdbs/1JHB/1JHB_input.properties).
 Parsing: JVM system properties (i.e. command line -Dkey=value pairs).

 Attempting to read force field patch from /Dedicated/schnieders/maemmad/pKa_GNN/naphosphate_solute.09Feb21.prm.

 Renumbering Patch: FALSE
 Reading 1JHB_input.pdb

 Assigning atom types for 1 chains.
 Amino acid chain A
 Renumbering PDB file due to built atoms (1681 vs 824)
 Total number of atoms: 1681

 Constructing Force Field AMOEBA-BIO-2018-CPHMD

 SMP threads:                               128
 The system will be treated as aperiodic (max separation =   42.3 A).

 Bonded Terms
  Bonds:                                   1692
  Angles:                                  3076
  Stretch-Bends:                           2681
  Out-of-Plane Bends:                       933
  Torsions:                                4497
  Pi-Orbital Torsions:                      161
  Torsion-Torsions:                           8

 Non-Bonded Terms

  Van der Waals
   Cut-Off:                                NONE
   Long-Range Correction:                 FALSE

 Electrostatics
   Polarization:                         MUTUAL
    SCF Convergence Criteria:         1.000e-06
    SCF Predictor:                         NONE
    SCF Algorithm:                           CG
    CG Preconditioner Cut-Off:            4.500
    CG Preconditioner Ewald Coeff.:       0.000
    CG Preconditioner Scale:              2.000
    CG Preconditioner Mode:     FLETCHER_REEVES
    Electrostatics Cut-Off:                NONE

  Continuum Solvation
   Radii:                                SOLUTE
   Generalized Kirkwood Cut-Off:           NONE
   GKC:                                  2.4550
   Solvent Dielectric:                  78.3000
   Solute Dielectric:                    1.0000
   Descreen with vdW Radii:                TRUE
   Descreen with Hydrogen Atoms:          FALSE
   Descreen Offset:                      0.0000
   General HCT Scale Factor:             0.7200
   Non-Polar Model:                  GAUSS-DISP
    GaussVol Radii Offset:               0.0000
    GaussVol Radii Scale:                1.0000
   Dispersion Integral Offset:           1.0560 (A)
   Cavitation Solvent Pressure:          0.0334 (Kcal/mol/A^3)
   Cavitation Surface Tension:           0.1030 (Kcal/mol/A^2)
   Cavitation Cross-Over Radius:         9.2515 (A)

  Overall system charge:                  3.000

 Opened 1JHB_input.pdb in 1.39 sec.

 System Resources
  Total CPU time:          79.42 (sec)
  System load average:    351.60
  Open file handles:         146 of  81920 allowed
  System memory:           96612 MB free out of 257653 MB
  System swap space:        1858 MB free out of   2053 MB
  JVM memory:               3970 MB free out of   4096 MB

 Minimizing energy of Single Topology  [1JHB_input.pdb] 
 Setting lambda to 0.000.
 Generalized Kirkwood  -1597.30518977      0.197
 Cavitation             1037.34402010      0.323
 Dispersion             -614.80384133      0.162

 Computed Potential Energy
  Bond Stretching            109.15503494         1692        0.003 ( 0.01250)
  Angle Bending              611.68987871         3076        0.012 ( 3.26270)
  Stretch-Bend                 2.27482716         2681        0.002
  Out-of-Plane Bend           39.12237005          933        0.005
  Torsional Angle            318.98245585         4497        0.007
  Pi-Orbital Torsion          44.92646237          161        0.003
  Torsion-Torsion            -31.28073188            8        0.009
  Van der Waals             2742.41324247      1407272        0.122
  Atomic Multipoles        -2762.11007203      1407272
  Polarization              -462.46388355      1407272        4.661
  Solvation                -1174.76501100      1413721
  Total Potential           -562.05542690  (Kcal/mole)        4.828 (sec)

 Limited Memory BFGS Quasi-Newton Optimization: 

 Cycle       Energy      G RMS    Delta E   Delta X    Angle  Evals     Time

     0    -562.0554    68.8347
     1   -1568.9363    20.7225  1006.8809    0.0059     0.00      2    2.144
     2   -1819.0909    15.7524   250.1547    0.0028     4.23      3    1.757
     3   -2171.8470    10.9774   352.7560    0.0059    12.32      4    1.738
     4   -2406.7634     7.3786   234.9164    0.0059    15.83      5    1.719
     5   -2567.6188     5.0783   160.8554    0.0059    21.34      6    1.354
     6   -2680.6483     4.1976   113.0295    0.0059    21.39      7    1.455
     7   -2764.9011     4.2406    84.2528    0.0059    28.62      8    3.384
     8   -2833.6766     3.4884    68.7754    0.0059    48.50      9    4.333
     9   -2886.9241     3.8583    53.2475    0.0059    48.36     10    4.664
    10   -2934.8256     3.0819    47.9015    0.0059    60.45     11    3.892
    11   -2977.3610     3.0429    42.5355    0.0059    56.52     12    4.514
    12   -3016.8497     2.4217    39.4886    0.0059    59.29     13    3.781
    13   -3051.7061     2.2383    34.8564    0.0059    55.90     14    4.415
    14   -3082.7000     2.2522    30.9939    0.0059    55.67     15    3.827
    15   -3110.8332     1.9147    28.1331    0.0059    60.10     16    3.631
    16   -3135.1126     1.9666    24.2795    0.0059    58.58     17    4.229
    17   -3157.1288     1.9041    22.0162    0.0059    62.19     18    3.868
    18   -3176.7903     1.8313    19.6615    0.0059    64.51     19    3.584
    19   -3195.6434     1.9519    18.8531    0.0059    63.44     20    3.027
    20   -3213.8875     1.7393    18.2441    0.0059    66.73     21    3.382
    21   -3231.2056     1.9079    17.3182    0.0059    63.13     22    3.205
    22   -3248.2481     1.5935    17.0425    0.0059    66.55     23    3.641
    23   -3261.8243     1.8024    13.5761    0.0059    64.53     24    3.553
    24   -3275.0887     1.5498    13.2644    0.0059    66.69     25    3.426
    25   -3285.9727     2.0237    10.8841    0.0050    59.98     26    2.718
    26   -3297.5700     1.4340    11.5973    0.0037    63.37     27    3.488
    27   -3308.8799     1.5159    11.3099    0.0042    53.06     28    3.305
    28   -3318.6144     2.0072     9.7345    0.0051    60.25     29    3.078
    29   -3329.2150     1.3723    10.6005    0.0041    71.53     30    3.522
    30   -3340.2565     1.1831    11.0415    0.0059    69.80     31    3.380
    31   -3348.7948     1.3422     8.5383    0.0059    71.27     32    3.219
    32   -3356.0595     1.2178     7.2647    0.0059    76.79     33    3.410
    33   -3362.9794     1.3093     6.9199    0.0059    75.81     34    3.583
    34   -3369.7167     1.1273     6.7373    0.0059    77.88     35    3.192
    35   -3376.5808     1.3156     6.8641    0.0059    74.77     36    3.483
    36   -3383.7923     1.0275     7.2115    0.0059    77.36     37    4.128
    37   -3390.1433     1.1535     6.3510    0.0059    74.68     38    3.376
    38   -3396.6880     0.8485     6.5447    0.0059    75.98     39    3.232
    39   -3402.6114     1.1333     5.9234    0.0059    70.58     40    3.398
    40   -3407.2672     0.9596     4.6558    0.0059    77.93     41    3.507
    41   -3412.0436     1.2449     4.7764    0.0049    69.10     42    3.543
    42   -3415.6624     1.4907     3.6188    0.0054    75.47     43    3.539
    43   -3420.5531     1.0049     4.8907    0.0030    73.28     44    3.699
    44   -3426.1162     1.1733     5.5632    0.0037    58.47     45    3.191
    45   -3430.6943     0.9524     4.5781    0.0034    68.69     46    3.295
    46   -3436.1106     1.0065     5.4163    0.0059    75.52     47    3.624
    47   -3441.0047     0.9746     4.8941    0.0059    77.27     48    9.590
    48   -3445.1455     0.8270     4.1408    0.0059    79.05     49    8.778
    49   -3448.6711     1.0102     3.5255    0.0059    77.22     50    3.533
    50   -3452.5121     0.8036     3.8411    0.0059    79.48     51    3.718
    51   -3456.5471     1.0987     4.0350    0.0059    75.26     52    3.975
    52   -3461.2925     0.9400     4.7454    0.0059    77.60     53    3.861
    53   -3466.3177     1.0373     5.0252    0.0059    73.74     54    3.961
    54   -3470.4832     1.3014     4.1655    0.0059    75.66     55    4.102
    55   -3474.8713     0.8678     4.3881    0.0033    73.09     56    4.264
    56   -3478.9139     1.0815     4.0426    0.0043    67.06     57    3.921
    57   -3482.1698     1.0938     3.2558    0.0046    76.92     58    3.615
    58   -3485.3801     0.9321     3.2103    0.0040    79.51     59    3.798
    59   -3489.3541     0.9333     3.9740    0.0059    79.23     60    3.686
    60   -3492.9422     0.8105     3.5881    0.0059    80.66     61    3.424
    61   -3496.3500     0.7294     3.4078    0.0059    80.16     62    3.357

 Optimization achieved convergence criteria:  0.72936
 Generalized Kirkwood  -1743.82109024      0.102
 Cavitation             1075.05314506      0.248
 Dispersion             -670.59430699      0.114

 Computed Potential Energy
  Bond Stretching            146.99618749         1692        0.008 ( 0.01621)
  Angle Bending              343.23710089         3076        0.000 ( 2.70198)
  Stretch-Bend                 3.40263930         2681        0.000
  Out-of-Plane Bend           14.20611986          933        0.001
  Torsional Angle            232.57841973         4497        0.000
  Pi-Orbital Torsion          14.61037250          161        0.002
  Torsion-Torsion            -45.86618532            8        0.009
  Van der Waals              293.95953756      1407272        0.103
  Atomic Multipoles        -2737.79419572      1407272
  Polarization              -422.31770548      1407272        2.965
  Solvation                -1339.36225217      1413721
  Total Potential          -3496.34996137  (Kcal/mole)        3.094 (sec)
 Setting atom names to PDB standard.
 Saving 1JHB_input.pdb_2

 Script wall clock time: 235.275 (sec)
WARNING: Using incubator modules: jdk.incubator.vector
WARNING: Using incubator modules: jdk.incubator.vector
Too few resources available to assign 1 node, 1 process, and 20 CPUs per process
=== Rotamer job done: Tue Apr 14 20:15:08 CDT 2026 ===
