 Evaluating /Dedicated/schnieders/programs/stack-2021.1.sh
  Loading Modules
   Stack 2021.1
   GCC 9.3.0
   CMake 3.20.0
   Eigen 3.3.9
   Cuda 11.1.1
   Cuda: /usr/share/apps/2021.1/arch/gcc-9.3.0/cuda-11.1.1
   CudaNN 8.0.5.39-11.1
   Swig 4.0.2_gcc-9.3.0
  Loading software from /Dedicated/schnieders/programs/local
   Ant: /Dedicated/schnieders/programs/apache-ant-1.10.11
   FFX: /Dedicated/schnieders/programs/ffx-builds/forcefieldx-2026-01-04
   GDMA: /Dedicated/schnieders/programs/gdma-2.3
   Groovy: /Dedicated/schnieders/programs/groovy-4.0.1
   Java: /Dedicated/schnieders/programs/jdk-25.0.1
   Maven: /Dedicated/schnieders/programs/apache-maven-3.9.5
   VMD: /Dedicated/schnieders/programs/vmd
   NAMD: /Dedicated/schnieders/programs/NAMD_3.0alpha7_Linux-x86_64-multicore-CUDA
   OpenEye: /Dedicated/schnieders/programs/OpenEye
   Tinker: /Dedicated/schnieders/programs/tinker-tools
=== Rotamer job started: Tue Apr 14 19:58:37 CDT 2026 ===
PDB: /Dedicated/schnieders/maemmad/pKa_GNN/ffx_pipeline/data/fixed_pdbs/1DSB/1DSB_input.pdb
WARNING: Using incubator modules: jdk.incubator.vector
 _________________________________________________________________________

        FORCE FIELD X - Polyglot Software for Molecular Biophysics 

        Version 1.0.0-6991  April 2026 
        Git Revision  937dfd3f3a84d0dc91f73b0419518078a8c41842 
 
        Please cite the following reference when using Force Field X:

        RA Gogal, AJ Nessler, AC Thiel, HV Bernabe, RA Corrigan Grove,
        LM Cousineau, JM Litman, JM Miller, G Qi, MJ Speranza,
        MR Tollefson, TD Fenn, JJ Michaelson, O Okada, JP Piquemal,
        JW Ponder, J Shen, RJH Smith, W Yang, P Ren and MJ Schnieders,
        2024, Journal of Chemical Physics, 161 (1).

        Copyright (c)  Michael J. Schnieders  2001-2026
        All Rights Reserved

        Force Field X is distributed under the GPL v. 3 license
        with linking exception and is hosted by the Schnieders Lab
        at The University of Iowa.

        User Manual:   https://ffx.biochem.uiowa.edu/manual.html
        Publications:  https://ffx.biochem.uiowa.edu/publications.html
        License:       https://ffx.biochem.uiowa.edu/licenses.html

 _________________________________________________________________________

 Tue Apr 14 19:58:39 CDT 2026
 Process ID 20716 on argon-itf-bx54-12.hpc.

 Command line arguments:
 [Minimize, -e, 0.8, /Dedicated/schnieders/maemmad/pKa_GNN/ffx_pipeline/data/fixed_pdbs/1DSB/1DSB_input.pdb]

 Executing internal command: ffx.algorithms.commands.Minimize

 Initializing 1 topologies...
 Parsing: Internal force field (amoeba-bio-2018-cphmd).
 Parsing: Structure properties from (/Dedicated/schnieders/maemmad/pKa_GNN/ffx_pipeline/data/fixed_pdbs/1DSB/1DSB_input.properties).
 Parsing: JVM system properties (i.e. command line -Dkey=value pairs).

 Attempting to read force field patch from /Dedicated/schnieders/maemmad/pKa_GNN/naphosphate_solute.09Feb21.prm.

 Renumbering Patch: FALSE
 Reading 1DSB_input.pdb

 Assigning atom types for 2 chains.
 Amino acid chain A
 Amino acid chain B
 Renumbering PDB file due to built atoms (5910 vs 2976)
 Total number of atoms: 5910

 Constructing Force Field AMOEBA-BIO-2018-CPHMD

 SMP threads:                                20
 The system will be treated as aperiodic (max separation =   75.0 A).

 Bonded Terms
  Bonds:                                   5974
  Angles:                                 10806
  Stretch-Bends:                           9540
  Out-of-Plane Bends:                      3612
  Torsions:                               15808
  Pi-Orbital Torsions:                      716
  Torsion-Torsions:                          26

 Non-Bonded Terms

  Van der Waals
   Cut-Off:                                NONE
   Long-Range Correction:                 FALSE

 Electrostatics
   Polarization:                         MUTUAL
    SCF Convergence Criteria:         1.000e-06
    SCF Predictor:                         NONE
    SCF Algorithm:                           CG
    CG Preconditioner Cut-Off:            4.500
    CG Preconditioner Ewald Coeff.:       0.000
    CG Preconditioner Scale:              2.000
    CG Preconditioner Mode:     FLETCHER_REEVES
    Electrostatics Cut-Off:                NONE

  Continuum Solvation
   Radii:                                SOLUTE
   Generalized Kirkwood Cut-Off:           NONE
   GKC:                                  2.4550
   Solvent Dielectric:                  78.3000
   Solute Dielectric:                    1.0000
   Descreen with vdW Radii:                TRUE
   Descreen with Hydrogen Atoms:          FALSE
   Descreen Offset:                      0.0000
   General HCT Scale Factor:             0.7200
   Non-Polar Model:                  GAUSS-DISP
    GaussVol Radii Offset:               0.0000
    GaussVol Radii Scale:                1.0000
   Dispersion Integral Offset:           1.0560 (A)
   Cavitation Solvent Pressure:          0.0334 (Kcal/mol/A^3)
   Cavitation Surface Tension:           0.1030 (Kcal/mol/A^2)
   Cavitation Cross-Over Radius:         9.2515 (A)

  Overall system charge:                 -2.000

 Opened 1DSB_input.pdb in 1.797 sec.

 System Resources
  Total CPU time:          20.29 (sec)
  System load average:     66.99
  Open file handles:         146 of  81920 allowed
  System memory:           20433 MB free out of  21480 MB
  System swap space:        2040 MB free out of   2053 MB
  JVM memory:               3918 MB free out of   4096 MB

 Minimizing energy of Single Topology  [1DSB_input.pdb] 
 Setting lambda to 0.000.
 Generalized Kirkwood  -5705.34685193      0.687
 Cavitation             3628.49350541      0.693
 Dispersion            -2115.97327683      0.849

 Computed Potential Energy
  Bond Stretching            446.72373271         5974        0.004 ( 0.01401)
  Angle Bending             1854.75129767        10806        0.011 ( 2.97508)
  Stretch-Bend                16.40787347         9540        0.007
  Out-of-Plane Bend          214.80227584         3612        0.002
  Torsional Angle            427.97530338        15808        0.022
  Pi-Orbital Torsion          68.53916500          716        0.004
  Torsion-Torsion           -106.49351945           26        0.003
  Van der Waals            29576.25208122     17444315        0.628
  Atomic Multipoles       -11065.45471924     17444315
  Polarization             -1926.14197339     17444315       13.140
  Solvation                -4192.82662335     17467005
  Total Potential          15314.53489387  (Kcal/mole)       13.822 (sec)

 Limited Memory BFGS Quasi-Newton Optimization: 

 Cycle       Energy      G RMS    Delta E   Delta X    Angle  Evals     Time

     0   15314.5349  1308.3089
     1    -480.3099   195.0992 15794.8448    0.0031     0.00      2   13.069
     2   -2070.1296   145.1592  1589.8196    0.0005     6.40      3   12.658
     3   -4526.7044    83.9233  2456.5748    0.0013    13.13      4   12.421
     4   -6790.9688    43.5827  2264.2644    0.0021    16.61      5   12.149
     5   -8446.7396    23.8515  1655.7708    0.0030    14.69      6   15.317
     6   -9506.6117    15.5784  1059.8722    0.0031     9.75      7   26.453
     7  -10247.0462    11.5355   740.4345    0.0031     8.04      8   13.390
     8  -10808.4631     9.1944   561.4169    0.0031    11.95      9   13.453
     9  -11252.2268     7.6629   443.7637    0.0031    14.12     10   12.681
    10  -11625.2876     6.3040   373.0607    0.0031    13.79     11   12.100
    11  -11937.3929     5.3386   312.1053    0.0031    13.13     12   16.695
    12  -12199.9083     4.6520   262.5154    0.0031    13.31     13   17.197
    13  -12431.0754     3.9432   231.1672    0.0031    14.11     14   14.989
    14  -12627.3661     3.6260   196.2907    0.0031    10.82     15   13.611
    15  -12804.5874     3.0623   177.2213    0.0031    18.35     16   14.911
    16  -12957.8603     2.8671   153.2729    0.0031    13.43     17   14.083
    17  -13095.6754     2.5678   137.8151    0.0031    20.13     18   14.295
    18  -13219.1823     2.2666   123.5069    0.0031    20.61     19   15.587
    19  -13329.0468     2.1105   109.8645    0.0031    19.64     20   14.132
    20  -13428.5973     1.9181    99.5505    0.0031    24.07     21   12.153
    21  -13518.4512     1.8433    89.8539    0.0031    24.70     22   11.923
    22  -13601.5716     1.6523    83.1203    0.0031    29.00     23   11.604
    23  -13676.1154     1.6518    74.5439    0.0031    29.28     24   11.431
    24  -13746.4731     1.5039    70.3577    0.0031    34.41     25   11.654
    25  -13810.4137     1.4504    63.9406    0.0031    35.28     26   12.237
    26  -13869.3283     1.5688    58.9145    0.0031    36.14     27   13.752
    27  -13925.0433     1.4430    55.7150    0.0031    47.13     28   14.736
    28  -13974.9462     1.8233    49.9029    0.0031    45.30     29   13.916
    29  -14023.4381     1.6665    48.4920    0.0031    59.45     30   14.189
    30  -14067.9127     2.1107    44.4745    0.0031    56.52     31   14.972
    31  -14111.1427     1.9252    43.2300    0.0031    67.04     32   15.229
    32  -14155.2645     1.8710    44.1218    0.0031    63.40     33   15.531
    33  -14233.7822     1.4785    78.5177    0.0063    65.14     35   29.685
    34  -14270.2580     1.4223    36.4758    0.0031    60.81     36   14.393
    35  -14304.1149     1.2815    33.8570    0.0031    63.00     37   14.682
    36  -14337.0678     1.3148    32.9528    0.0031    59.67     38   14.278
    37  -14368.5176     1.1774    31.4498    0.0031    62.94     39   14.237
    38  -14397.8009     1.2583    29.2834    0.0031    60.56     40   14.105
    39  -14425.9587     1.1223    28.1578    0.0031    64.70     41   14.461
    40  -14452.2185     1.2561    26.2598    0.0031    62.02     42   12.666
    41  -14477.1511     1.1168    24.9326    0.0031    67.64     43   12.537
    42  -14500.6794     1.3021    23.5284    0.0031    64.35     44   12.190
    43  -14522.5155     1.1779    21.8361    0.0031    71.18     45   12.142
    44  -14543.9394     1.3739    21.4239    0.0031    66.91     46   11.973
    45  -14563.1364     1.2548    19.1970    0.0031    74.35     47   12.751
    46  -14583.7005     1.2823    20.5641    0.0031    69.85     48   13.099
    47  -14601.6250     1.1441    17.9245    0.0031    74.34     49   24.761
    48  -14620.5137     1.2469    18.8887    0.0031    69.78     50   16.770
    49  -14637.8182     1.1171    17.3044    0.0031    74.42     51   14.938
    50  -14655.7866     1.2170    17.9684    0.0031    70.39     52   14.997
    51  -14672.4959     1.0802    16.7093    0.0031    74.59     53   14.020
    52  -14689.3603     1.2313    16.8644    0.0031    70.92     54   13.997
    53  -14705.2258     1.0814    15.8656    0.0031    75.52     55   14.670
    54  -14720.9856     1.1638    15.7597    0.0031    72.53     56   14.407
    55  -14735.9040     0.9918    14.9184    0.0031    75.52     57   14.187
    56  -14749.8517     1.0610    13.9478    0.0031    73.20     58   13.734
    57  -14763.1340     0.9021    13.2823    0.0031    75.78     59   14.873
    58  -14776.2529     0.9437    13.1189    0.0031    72.43     60   15.118
    59  -14787.7945     0.8283    11.5416    0.0031    76.05     61   13.494
    60  -14799.3360     1.2214    11.5415    0.0031    69.91     62   13.097
    61  -14809.1617     1.1085     9.8257    0.0031    80.78     63   12.811
    62  -14820.8205     1.2070    11.6588    0.0031    76.53     64   12.883
    63  -14830.7444     1.0814     9.9239    0.0031    80.67     65   12.328
    64  -14842.7790     1.0507    12.0346    0.0031    76.50     66   11.541
    65  -14853.7510     0.9135    10.9719    0.0031    78.19     67   12.114
    66  -14865.4577     0.9748    11.7068    0.0031    74.40     68   12.268
    67  -14876.5438     0.8444    11.0861    0.0031    77.00     69   11.992
    68  -14887.3383     0.9145    10.7945    0.0031    74.30     70   11.837
    69  -14897.6716     0.7761    10.3332    0.0031    76.96     71   12.299

 Optimization achieved convergence criteria:  0.77608
 Generalized Kirkwood  -6041.09871996      0.602
 Cavitation             3729.29595816      0.466
 Dispersion            -2215.34439845      0.842

 Computed Potential Energy
  Bond Stretching            496.88578748         5974        0.000 ( 0.01572)
  Angle Bending             1347.20822188        10806        0.000 ( 2.82459)
  Stretch-Bend                10.76549807         9540        0.000
  Out-of-Plane Bend           49.07242575         3612        0.000
  Torsional Angle            293.65605640        15808        0.001
  Pi-Orbital Torsion          55.29379006          716        0.000
  Torsion-Torsion           -123.47550888           26        0.000
  Van der Waals              813.30051371     17444315        0.026
  Atomic Multipoles       -11480.07404570     17444315
  Polarization             -1833.15713986     17444315        8.607
  Solvation                -4527.14716025     17467005
  Total Potential         -14897.67156133  (Kcal/mole)        8.635 (sec)
 Setting atom names to PDB standard.
 Saving 1DSB_input.pdb_2

 Script wall clock time: 1019.268 (sec)
WARNING: Using incubator modules: jdk.incubator.vector
WARNING: Using incubator modules: jdk.incubator.vector
Too few resources available to assign 1 node, 1 process, and 20 CPUs per process
=== Rotamer job done: Tue Apr 14 20:17:52 CDT 2026 ===
