 Evaluating /Dedicated/schnieders/programs/stack-2021.1.sh
  Loading Modules
   Stack 2021.1
   GCC 9.3.0
   CMake 3.20.0
   Eigen 3.3.9
   Cuda 11.1.1
   Cuda: /usr/share/apps/2021.1/arch/gcc-9.3.0/cuda-11.1.1
   CudaNN 8.0.5.39-11.1
   Swig 4.0.2_gcc-9.3.0
  Loading software from /Dedicated/schnieders/programs/local
   Ant: /Dedicated/schnieders/programs/apache-ant-1.10.11
   FFX: /Dedicated/schnieders/programs/ffx-builds/forcefieldx-2026-01-04
   GDMA: /Dedicated/schnieders/programs/gdma-2.3
   Groovy: /Dedicated/schnieders/programs/groovy-4.0.1
   Java: /Dedicated/schnieders/programs/jdk-25.0.1
   Maven: /Dedicated/schnieders/programs/apache-maven-3.9.5
   VMD: /Dedicated/schnieders/programs/vmd
   NAMD: /Dedicated/schnieders/programs/NAMD_3.0alpha7_Linux-x86_64-multicore-CUDA
   OpenEye: /Dedicated/schnieders/programs/OpenEye
   Tinker: /Dedicated/schnieders/programs/tinker-tools
=== Rotamer job started: Tue Apr 14 23:50:45 CDT 2026 ===
PDB: /Dedicated/schnieders/maemmad/pKa_GNN/ffx_pipeline/data/fixed_pdbs/1A2P/1A2P_input.pdb
WARNING: Using incubator modules: jdk.incubator.vector
 _________________________________________________________________________

        FORCE FIELD X - Polyglot Software for Molecular Biophysics 

        Version 1.0.0-6991  April 2026 
        Git Revision  937dfd3f3a84d0dc91f73b0419518078a8c41842 
 
        Please cite the following reference when using Force Field X:

        RA Gogal, AJ Nessler, AC Thiel, HV Bernabe, RA Corrigan Grove,
        LM Cousineau, JM Litman, JM Miller, G Qi, MJ Speranza,
        MR Tollefson, TD Fenn, JJ Michaelson, O Okada, JP Piquemal,
        JW Ponder, J Shen, RJH Smith, W Yang, P Ren and MJ Schnieders,
        2024, Journal of Chemical Physics, 161 (1).

        Copyright (c)  Michael J. Schnieders  2001-2026
        All Rights Reserved

        Force Field X is distributed under the GPL v. 3 license
        with linking exception and is hosted by the Schnieders Lab
        at The University of Iowa.

        User Manual:   https://ffx.biochem.uiowa.edu/manual.html
        Publications:  https://ffx.biochem.uiowa.edu/publications.html
        License:       https://ffx.biochem.uiowa.edu/licenses.html

 _________________________________________________________________________

 Tue Apr 14 23:50:46 CDT 2026
 Process ID 31067 on argon-itf-bx43-03.hpc.

 Command line arguments:
 [Minimize, -e, 0.8, /Dedicated/schnieders/maemmad/pKa_GNN/ffx_pipeline/data/fixed_pdbs/1A2P/1A2P_input.pdb]

 Executing internal command: ffx.algorithms.commands.Minimize

 Initializing 1 topologies...
 Parsing: Internal force field (amoeba-bio-2018-cphmd).
 Parsing: Structure properties from (/Dedicated/schnieders/maemmad/pKa_GNN/ffx_pipeline/data/fixed_pdbs/1A2P/1A2P_input.properties).
 Parsing: JVM system properties (i.e. command line -Dkey=value pairs).

 Attempting to read force field patch from /Dedicated/schnieders/maemmad/pKa_GNN/naphosphate_solute.09Feb21.prm.

 Renumbering Patch: FALSE
 Reading 1A2P_input.pdb

 Assigning atom types for 3 chains.
 Amino acid chain A
 Amino acid chain B
 Amino acid chain C
 Renumbering PDB file due to built atoms (5187 vs 2634)
 Total number of atoms: 5187

 Constructing Force Field AMOEBA-BIO-2018-CPHMD

 SMP threads:                                20
 The system will be treated as aperiodic (max separation =   81.5 A).

 Bonded Terms
  Bonds:                                   5250
  Angles:                                  9417
  Stretch-Bends:                           8385
  Out-of-Plane Bends:                      3402
  Torsions:                               13848
  Pi-Orbital Torsions:                      675
  Torsion-Torsions:                          30

 Non-Bonded Terms

  Van der Waals
   Cut-Off:                                NONE
   Long-Range Correction:                 FALSE

 Electrostatics
   Polarization:                         MUTUAL
    SCF Convergence Criteria:         1.000e-06
    SCF Predictor:                         NONE
    SCF Algorithm:                          SOR
    SOR Parameter:                        0.700
    Electrostatics Cut-Off:                NONE

  Continuum Solvation
   Radii:                                SOLUTE
   Generalized Kirkwood Cut-Off:           NONE
   GKC:                                  2.4550
   Solvent Dielectric:                  78.3000
   Solute Dielectric:                    1.0000
   Descreen with vdW Radii:                TRUE
   Descreen with Hydrogen Atoms:          FALSE
   Descreen Offset:                      0.0000
   General HCT Scale Factor:             0.7200
   Non-Polar Model:                  GAUSS-DISP
    GaussVol Radii Offset:               0.0000
    GaussVol Radii Scale:                1.0000
   Dispersion Integral Offset:           1.0560 (A)
   Cavitation Solvent Pressure:          0.0334 (Kcal/mol/A^3)
   Cavitation Surface Tension:           0.1030 (Kcal/mol/A^2)
   Cavitation Cross-Over Radius:         9.2515 (A)

  Overall system charge:                 12.000

 Opened 1A2P_input.pdb in 1.646 sec.

 System Resources
  Total CPU time:          19.54 (sec)
  System load average:     55.81
  Open file handles:         146 of  81920 allowed
  System memory:           37844 MB free out of  38960 MB
  System swap space:        1858 MB free out of   2053 MB
  JVM memory:               3942 MB free out of   4096 MB

 Minimizing energy of Single Topology  [1A2P_input.pdb] 
 Setting lambda to 0.000.
Apr 14, 2026 11:52:08 PM ffx.potential.nonbonded.ParticleMeshEwald selfConsistentField
WARNING: ffx.potential.utils.EnergyException:  Maximum SCF iterations reached: (1000)


Apr 14, 2026 11:53:14 PM ffx.potential.nonbonded.ParticleMeshEwald selfConsistentField
WARNING: ffx.potential.utils.EnergyException:  Maximum SCF iterations reached: (1000)


Apr 14, 2026 11:54:20 PM ffx.potential.nonbonded.ParticleMeshEwald selfConsistentField
WARNING: ffx.potential.utils.EnergyException:  Maximum SCF iterations reached: (1000)


Apr 14, 2026 11:55:30 PM ffx.potential.nonbonded.ParticleMeshEwald selfConsistentField
WARNING: ffx.potential.utils.EnergyException:  Maximum SCF iterations reached: (1000)


Apr 14, 2026 11:56:41 PM ffx.potential.nonbonded.ParticleMeshEwald selfConsistentField
WARNING: ffx.potential.utils.EnergyException:  Maximum SCF iterations reached: (1000)


Apr 14, 2026 11:57:52 PM ffx.potential.nonbonded.ParticleMeshEwald selfConsistentField
WARNING: ffx.potential.utils.EnergyException:  Maximum SCF iterations reached: (1000)


Apr 14, 2026 11:59:02 PM ffx.potential.nonbonded.ParticleMeshEwald selfConsistentField
WARNING: ffx.potential.utils.EnergyException:  Maximum SCF iterations reached: (1000)


Apr 15, 2026 12:00:14 AM ffx.potential.nonbonded.ParticleMeshEwald selfConsistentField
WARNING: ffx.potential.utils.EnergyException:  Maximum SCF iterations reached: (1000)


Apr 15, 2026 12:01:27 AM ffx.potential.nonbonded.ParticleMeshEwald selfConsistentField
WARNING: ffx.potential.utils.EnergyException:  Maximum SCF iterations reached: (1000)


Apr 15, 2026 12:02:37 AM ffx.potential.nonbonded.ParticleMeshEwald selfConsistentField
WARNING: ffx.potential.utils.EnergyException:  Maximum SCF iterations reached: (1000)


Apr 15, 2026 12:03:50 AM ffx.potential.nonbonded.ParticleMeshEwald selfConsistentField
WARNING: ffx.potential.utils.EnergyException:  Maximum SCF iterations reached: (1000)


Apr 15, 2026 12:05:02 AM ffx.potential.nonbonded.ParticleMeshEwald selfConsistentField
WARNING: ffx.potential.utils.EnergyException:  Maximum SCF iterations reached: (1000)


Apr 15, 2026 12:06:13 AM ffx.potential.nonbonded.ParticleMeshEwald selfConsistentField
WARNING: ffx.potential.utils.EnergyException:  Maximum SCF iterations reached: (1000)


Apr 15, 2026 12:07:29 AM ffx.potential.nonbonded.ParticleMeshEwald selfConsistentField
WARNING: ffx.potential.utils.EnergyException:  Maximum SCF iterations reached: (1000)


Apr 15, 2026 12:08:49 AM ffx.potential.nonbonded.ParticleMeshEwald selfConsistentField
WARNING: ffx.potential.utils.EnergyException:  Maximum SCF iterations reached: (1000)


Apr 15, 2026 12:10:08 AM ffx.potential.nonbonded.ParticleMeshEwald selfConsistentField
WARNING: ffx.potential.utils.EnergyException:  Maximum SCF iterations reached: (1000)


Apr 15, 2026 12:11:26 AM ffx.potential.nonbonded.ParticleMeshEwald selfConsistentField
WARNING: ffx.potential.utils.EnergyException:  Maximum SCF iterations reached: (1000)


Apr 15, 2026 12:12:36 AM ffx.potential.nonbonded.ParticleMeshEwald selfConsistentField
WARNING: ffx.potential.utils.EnergyException:  Maximum SCF iterations reached: (1000)


Apr 15, 2026 12:13:43 AM ffx.potential.nonbonded.ParticleMeshEwald selfConsistentField
WARNING: ffx.potential.utils.EnergyException:  Maximum SCF iterations reached: (1000)


Apr 15, 2026 12:15:01 AM ffx.potential.nonbonded.ParticleMeshEwald selfConsistentField
WARNING: ffx.potential.utils.EnergyException:  Maximum SCF iterations reached: (1000)


Apr 15, 2026 12:16:21 AM ffx.potential.nonbonded.ParticleMeshEwald selfConsistentField
WARNING: ffx.potential.utils.EnergyException:  Maximum SCF iterations reached: (1000)


