 Evaluating /Dedicated/schnieders/programs/stack-2021.1.sh
  Loading Modules
   Stack 2021.1
   GCC 9.3.0
   CMake 3.20.0
   Eigen 3.3.9
   Cuda 11.1.1
   Cuda: /usr/share/apps/2021.1/arch/gcc-9.3.0/cuda-11.1.1
   CudaNN 8.0.5.39-11.1
   Swig 4.0.2_gcc-9.3.0
  Loading software from /Dedicated/schnieders/programs/local
   Ant: /Dedicated/schnieders/programs/apache-ant-1.10.11
   FFX: /Dedicated/schnieders/programs/ffx-builds/forcefieldx-2026-01-04
   GDMA: /Dedicated/schnieders/programs/gdma-2.3
   Groovy: /Dedicated/schnieders/programs/groovy-4.0.1
   Java: /Dedicated/schnieders/programs/jdk-25.0.1
   Maven: /Dedicated/schnieders/programs/apache-maven-3.9.5
   VMD: /Dedicated/schnieders/programs/vmd
   NAMD: /Dedicated/schnieders/programs/NAMD_3.0alpha7_Linux-x86_64-multicore-CUDA
   OpenEye: /Dedicated/schnieders/programs/OpenEye
   Tinker: /Dedicated/schnieders/programs/tinker-tools
=== Rotamer job started: Thu May  7 17:28:46 CDT 2026 ===
PDB: /Dedicated/schnieders/maemmad/pKa_GNN/ffx_pipeline/data/fixed_pdbs/3CYF/3CYF_input.pdb
WARNING: Using incubator modules: jdk.incubator.vector
 _________________________________________________________________________

        FORCE FIELD X - Polyglot Software for Molecular Biophysics 

        Version 1.0.0-6991  April 2026 
        Git Revision  937dfd3f3a84d0dc91f73b0419518078a8c41842 
 
        Please cite the following reference when using Force Field X:

        RA Gogal, AJ Nessler, AC Thiel, HV Bernabe, RA Corrigan Grove,
        LM Cousineau, JM Litman, JM Miller, G Qi, MJ Speranza,
        MR Tollefson, TD Fenn, JJ Michaelson, O Okada, JP Piquemal,
        JW Ponder, J Shen, RJH Smith, W Yang, P Ren and MJ Schnieders,
        2024, Journal of Chemical Physics, 161 (1).

        Copyright (c)  Michael J. Schnieders  2001-2026
        All Rights Reserved

        Force Field X is distributed under the GPL v. 3 license
        with linking exception and is hosted by the Schnieders Lab
        at The University of Iowa.

        User Manual:   https://ffx.biochem.uiowa.edu/manual.html
        Publications:  https://ffx.biochem.uiowa.edu/publications.html
        License:       https://ffx.biochem.uiowa.edu/licenses.html

 _________________________________________________________________________

 Thu May 07 17:28:47 CDT 2026
 Process ID 63663 on argon-itf-bx50-08.hpc.

 Command line arguments:
 [Minimize, -e, 0.8, /Dedicated/schnieders/maemmad/pKa_GNN/ffx_pipeline/data/fixed_pdbs/3CYF/3CYF_input.pdb]

 Executing internal command: ffx.algorithms.commands.Minimize

 Initializing 1 topologies...
 Parsing: Internal force field (amoeba-bio-2018-cphmd).
 Parsing: Structure properties from (/Dedicated/schnieders/maemmad/pKa_GNN/ffx_pipeline/data/fixed_pdbs/3CYF/3CYF_input.properties).
 Parsing: JVM system properties (i.e. command line -Dkey=value pairs).

 Attempting to read force field patch from /Dedicated/schnieders/maemmad/pKa_GNN/naphosphate_solute.09Feb21.prm.

 Renumbering Patch: FALSE
 Reading 3CYF_input.pdb

 Assigning atom types for 1 chains.
 Amino acid chain A
 Renumbering PDB file due to built atoms (2982 vs 2981)
 Total number of atoms: 2982

 Constructing Force Field AMOEBA-BIO-2018-CPHMD

 SMP threads:                                80
 The system will be treated as aperiodic (max separation =   86.5 A).

 Bonded Terms
  Bonds:                                   3005
  Angles:                                  5481
  Stretch-Bends:                           4770
  Out-of-Plane Bends:                      1644
  Torsions:                                7980
  Pi-Orbital Torsions:                      288
  Torsion-Torsions:                          18

 Non-Bonded Terms

  Van der Waals
   Cut-Off:                                NONE
   Long-Range Correction:                 FALSE

 Electrostatics
   Polarization:                         MUTUAL
    SCF Convergence Criteria:         1.000e-06
    SCF Predictor:                         NONE
    SCF Algorithm:                           CG
    CG Preconditioner Cut-Off:            4.500
    CG Preconditioner Ewald Coeff.:       0.000
    CG Preconditioner Scale:              2.000
    CG Preconditioner Mode:     FLETCHER_REEVES
    Electrostatics Cut-Off:                NONE

  Continuum Solvation
   Radii:                                SOLUTE
   Generalized Kirkwood Cut-Off:           NONE
   GKC:                                  2.4550
   Solvent Dielectric:                  78.3000
   Solute Dielectric:                    1.0000
   Descreen with vdW Radii:                TRUE
   Descreen with Hydrogen Atoms:          FALSE
   Descreen Offset:                      0.0000
   General HCT Scale Factor:             0.7200
   Non-Polar Model:                  GAUSS-DISP
    GaussVol Radii Offset:               0.0000
    GaussVol Radii Scale:                1.0000
   Dispersion Integral Offset:           1.0560 (A)
   Cavitation Solvent Pressure:          0.0334 (Kcal/mol/A^3)
   Cavitation Surface Tension:           0.1030 (Kcal/mol/A^2)
   Cavitation Cross-Over Radius:         9.2515 (A)

  Overall system charge:                  8.000

 Opened 3CYF_input.pdb in 1.379 sec.

 System Resources
  Total CPU time:          34.29 (sec)
  System load average:     33.06
  Open file handles:         146 of  81920 allowed
  System memory:           59614 MB free out of  95213 MB
  System swap space:        2049 MB free out of   2053 MB
  JVM memory:               3942 MB free out of   4096 MB

 Minimizing energy of Single Topology  [3CYF_input.pdb] 
 Setting lambda to 0.000.
 Generalized Kirkwood  -3681.56566502      0.342
 Cavitation             1836.74286812      0.290
 Dispersion            -1111.05168374      0.559

 Computed Potential Energy
  Bond Stretching            575.43417998         3005        0.003 ( 0.02645)
  Angle Bending             4454.29489879         5481        0.010 ( 5.15468)
  Stretch-Bend                42.22337595         4770        0.003
  Out-of-Plane Bend          208.20894208         1644        0.005
  Torsional Angle            421.55694103         7980        0.004
  Pi-Orbital Torsion         187.54615557          288        0.001
  Torsion-Torsion            -74.00589477           18        0.003
  Van der Waals            33420.21870745      4436185        1.256
  Atomic Multipoles        -5010.05833618      4436185
  Polarization             -1078.66996864      4436185        7.189
  Solvation                -2955.87448065      4447653
  Total Potential          30190.87452061  (Kcal/mole)        8.475 (sec)

 Limited Memory BFGS Quasi-Newton Optimization: 

 Cycle       Energy      G RMS    Delta E   Delta X    Angle  Evals     Time

     0   30190.8745  1734.6307
     1   10087.2453   277.1761 20103.6292    0.0044     0.00      2    2.845
     2    8264.8800   210.9138  1822.3654    0.0008     5.44      3    3.180
     3    5398.0441   127.9129  2866.8359    0.0020    13.39      4    4.458
     4    2414.3338    62.1001  2983.7103    0.0039    16.89      5    9.434
     5     699.2973    39.5229  1715.0365    0.0044     6.70      6   10.776
     6    -425.6863    36.6616  1124.9836    0.0044    25.00      7   10.412
     7   -1363.4026    29.0815   937.7163    0.0044    41.21      8   12.187
     8   -2118.6864    27.4996   755.2838    0.0044    42.35      9   14.984
     9   -2772.8962    20.2931   654.2098    0.0044    46.73     10   12.397
    10   -3287.2638    16.3917   514.3676    0.0044    43.78     11   11.497
    11   -3697.0848    13.3363   409.8210    0.0044    45.24     12   11.396
    12   -4043.0016    10.4260   345.9168    0.0044    42.53     13   10.631
    13   -4321.1231     8.9073   278.1215    0.0044    42.16     14   12.013
    14   -4577.4836     6.4639   256.3605    0.0044    35.29     15   14.385
    15   -4783.0822     5.6055   205.5986    0.0044    28.89     16    9.904
    16   -4965.2215     4.9710   182.1393    0.0044    22.67     17   11.469
    17   -5128.9788     4.2744   163.7573    0.0044    26.23     18   11.510
    18   -5269.5792     4.2731   140.6005    0.0044    25.11     19   11.902
    19   -5401.8710     3.6823   132.2918    0.0044    32.30     20   11.884
    20   -5519.3523     3.3873   117.4812    0.0044    29.45     21   11.144
    21   -5624.1910     3.1831   104.8387    0.0044    31.66     22   10.360
    22   -5720.1045     2.8308    95.9135    0.0044    34.70     23   12.102
    23   -5804.9928     2.7420    84.8883    0.0044    33.87     24    9.696
    24   -5882.8069     2.4555    77.8140    0.0044    38.81     25    9.733
    25   -5952.1565     2.3524    69.3497    0.0044    37.99     26    8.975
    26   -6015.1822     2.1121    63.0257    0.0044    42.31     27    9.401
    27   -6071.3682     2.1611    56.1859    0.0044    41.79     28    9.591
    28   -6123.4564     1.9263    52.0883    0.0044    47.91     29    9.099
    29   -6170.2158     1.8973    46.7593    0.0044    47.50     30    8.901
    30   -6213.4535     1.8113    43.2378    0.0044    50.53     31    8.421
    31   -6253.6390     1.7503    40.1854    0.0044    51.55     32    8.009
    32   -6290.4465     1.6914    36.8075    0.0044    54.19     33    8.894
    33   -6325.6678     1.7028    35.2213    0.0044    54.20     34    7.909
    34   -6358.5994     1.6149    32.9316    0.0044    57.68     35    8.264
    35   -6390.0530     1.6546    31.4535    0.0044    57.03     36    7.941
    36   -6420.2512     1.5714    30.1982    0.0044    60.00     37    8.059
    37   -6449.2779     1.7813    29.0267    0.0044    58.13     38    7.703
    38   -6477.0216     1.6606    27.7438    0.0044    64.90     39    7.406
