 Evaluating /Dedicated/schnieders/programs/stack-2021.1.sh
  Loading Modules
   Stack 2021.1
   GCC 9.3.0
   CMake 3.20.0
   Eigen 3.3.9
   Cuda 11.1.1
   Cuda: /usr/share/apps/2021.1/arch/gcc-9.3.0/cuda-11.1.1
   CudaNN 8.0.5.39-11.1
   Swig 4.0.2_gcc-9.3.0
  Loading software from /Dedicated/schnieders/programs/local
   Ant: /Dedicated/schnieders/programs/apache-ant-1.10.11
   FFX: /Dedicated/schnieders/programs/ffx-builds/forcefieldx-2026-01-04
   GDMA: /Dedicated/schnieders/programs/gdma-2.3
   Groovy: /Dedicated/schnieders/programs/groovy-4.0.1
   Java: /Dedicated/schnieders/programs/jdk-25.0.1
   Maven: /Dedicated/schnieders/programs/apache-maven-3.9.5
   VMD: /Dedicated/schnieders/programs/vmd
   NAMD: /Dedicated/schnieders/programs/NAMD_3.0alpha7_Linux-x86_64-multicore-CUDA
   OpenEye: /Dedicated/schnieders/programs/OpenEye
   Tinker: /Dedicated/schnieders/programs/tinker-tools
=== Rotamer job started: Tue Apr 14 20:21:23 CDT 2026 ===
PDB: /Dedicated/schnieders/maemmad/pKa_GNN/ffx_pipeline/data/fixed_pdbs/1MEK/1MEK_input.pdb
WARNING: Using incubator modules: jdk.incubator.vector
 _________________________________________________________________________

        FORCE FIELD X - Polyglot Software for Molecular Biophysics 

        Version 1.0.0-6991  April 2026 
        Git Revision  937dfd3f3a84d0dc91f73b0419518078a8c41842 
 
        Please cite the following reference when using Force Field X:

        RA Gogal, AJ Nessler, AC Thiel, HV Bernabe, RA Corrigan Grove,
        LM Cousineau, JM Litman, JM Miller, G Qi, MJ Speranza,
        MR Tollefson, TD Fenn, JJ Michaelson, O Okada, JP Piquemal,
        JW Ponder, J Shen, RJH Smith, W Yang, P Ren and MJ Schnieders,
        2024, Journal of Chemical Physics, 161 (1).

        Copyright (c)  Michael J. Schnieders  2001-2026
        All Rights Reserved

        Force Field X is distributed under the GPL v. 3 license
        with linking exception and is hosted by the Schnieders Lab
        at The University of Iowa.

        User Manual:   https://ffx.biochem.uiowa.edu/manual.html
        Publications:  https://ffx.biochem.uiowa.edu/publications.html
        License:       https://ffx.biochem.uiowa.edu/licenses.html

 _________________________________________________________________________

 Tue Apr 14 20:21:24 CDT 2026
 Process ID 123812 on argon-itf-bx43-03.hpc.

 Command line arguments:
 [Minimize, -e, 0.8, /Dedicated/schnieders/maemmad/pKa_GNN/ffx_pipeline/data/fixed_pdbs/1MEK/1MEK_input.pdb]

 Executing internal command: ffx.algorithms.commands.Minimize

 Initializing 1 topologies...
 Parsing: Internal force field (amoeba-bio-2018-cphmd).
 Parsing: Structure properties from (/Dedicated/schnieders/maemmad/pKa_GNN/ffx_pipeline/data/fixed_pdbs/1MEK/1MEK_input.properties).
 Parsing: JVM system properties (i.e. command line -Dkey=value pairs).

 Attempting to read force field patch from /Dedicated/schnieders/maemmad/pKa_GNN/naphosphate_solute.09Feb21.prm.

 Renumbering Patch: FALSE
 Reading 1MEK_input.pdb

 Assigning atom types for 1 chains.
 Amino acid chain A
 Renumbering PDB file due to built atoms (1856 vs 937)
 Total number of atoms: 1856

 Constructing Force Field AMOEBA-BIO-2018-CPHMD

 SMP threads:                                20
 The system will be treated as aperiodic (max separation =   49.1 A).

 Bonded Terms
  Bonds:                                   1878
  Angles:                                  3398
  Stretch-Bends:                           3007
  Out-of-Plane Bends:                      1155
  Torsions:                                4992
  Pi-Orbital Torsions:                      219
  Torsion-Torsions:                           8

 Non-Bonded Terms

  Van der Waals
   Cut-Off:                                NONE
   Long-Range Correction:                 FALSE

 Electrostatics
   Polarization:                         MUTUAL
    SCF Convergence Criteria:         1.000e-06
    SCF Predictor:                         NONE
    SCF Algorithm:                           CG
    CG Preconditioner Cut-Off:            4.500
    CG Preconditioner Ewald Coeff.:       0.000
    CG Preconditioner Scale:              2.000
    CG Preconditioner Mode:     FLETCHER_REEVES
    Electrostatics Cut-Off:                NONE

  Continuum Solvation
   Radii:                                SOLUTE
   Generalized Kirkwood Cut-Off:           NONE
   GKC:                                  2.4550
   Solvent Dielectric:                  78.3000
   Solute Dielectric:                    1.0000
   Descreen with vdW Radii:                TRUE
   Descreen with Hydrogen Atoms:          FALSE
   Descreen Offset:                      0.0000
   General HCT Scale Factor:             0.7200
   Non-Polar Model:                  GAUSS-DISP
    GaussVol Radii Offset:               0.0000
    GaussVol Radii Scale:                1.0000
   Dispersion Integral Offset:           1.0560 (A)
   Cavitation Solvent Pressure:          0.0334 (Kcal/mol/A^3)
   Cavitation Surface Tension:           0.1030 (Kcal/mol/A^2)
   Cavitation Cross-Over Radius:         9.2515 (A)

  Overall system charge:                  1.000

 Opened 1MEK_input.pdb in 0.928 sec.

 System Resources
  Total CPU time:          16.06 (sec)
  System load average:     39.35
  Open file handles:         146 of  81920 allowed
  System memory:           38237 MB free out of  38960 MB
  System swap space:        1858 MB free out of   2053 MB
  JVM memory:               4034 MB free out of   4096 MB

 Minimizing energy of Single Topology  [1MEK_input.pdb] 
 Setting lambda to 0.000.
 Generalized Kirkwood  -2745.69429527      0.218
 Cavitation             1171.58996343      0.228
 Dispersion             -775.39810319      0.251

 Computed Potential Energy
  Bond Stretching            342.36587355         1878        0.007 ( 0.02075)
  Angle Bending              369.24450900         3398        0.006 ( 2.57252)
  Stretch-Bend                -7.95623307         3007        0.005
  Out-of-Plane Bend           83.60783366         1155        0.007
  Torsional Angle            382.08259641         4992        0.008
  Pi-Orbital Torsion          26.33736617          219        0.006
  Torsion-Torsion            -30.66583929            8        0.003
  Van der Waals             5462.93632036      1716164        0.532
  Atomic Multipoles        -2759.67146626      1716164
  Polarization              -788.62094129      1716164        3.886
  Solvation                -2349.50243503      1723296
  Total Potential            730.15758421  (Kcal/mole)        4.473 (sec)

 Limited Memory BFGS Quasi-Newton Optimization: 

 Cycle       Energy      G RMS    Delta E   Delta X    Angle  Evals     Time

     0     730.1576   403.9474
     1   -2558.7717    22.8041  3288.9293    0.0056     0.00      2    1.757
     2   -2746.0842    17.2937   187.3124    0.0017     0.49      4    3.385
     3   -3040.1211    10.4132   294.0369    0.0039     7.10      5    1.652
     4   -3285.6831     6.4427   245.5620    0.0056    11.45      6    1.609
     5   -3452.9293     5.4070   167.2462    0.0056    10.98      7    1.594
     6   -3590.4062     4.7996   137.4769    0.0056    23.47      8    1.617
     7   -3695.4889     5.4514   105.0827    0.0056    29.44      9    1.593
     8   -3795.6940     4.5179   100.2050    0.0056    48.78     10    1.524
     9   -3876.9951     4.5428    81.3011    0.0056    48.68     11    1.592
    10   -3950.9370     3.5441    73.9419    0.0056    53.92     12    1.383
    11   -4012.1562     3.0570    61.2192    0.0056    51.45     13    1.610
    12   -4063.1670     2.9247    51.0109    0.0056    51.92     14    1.462
    13   -4108.9343     2.3908    45.7672    0.0056    55.55     15    1.631
    14   -4147.8799     2.4330    38.9456    0.0056    52.58     16    1.518
    15   -4182.7915     2.0825    34.9116    0.0056    58.92     17    1.712
    16   -4213.6485     2.3888    30.8570    0.0056    56.64     18    1.580
    17   -4243.4712     2.0721    29.8227    0.0056    63.35     19    1.514
    18   -4270.4632     2.1397    26.9920    0.0056    61.90     20    1.674
    19   -4296.4962     1.9888    26.0330    0.0056    64.00     21    1.495
    20   -4321.4471     1.9290    24.9508    0.0056    63.27     22    1.630
    21   -4344.7502     1.8836    23.3031    0.0056    64.03     23    1.601
    22   -4367.8013     1.7374    23.0511    0.0056    63.80     24    1.585
    23   -4388.5799     1.6940    20.7786    0.0056    64.24     25    1.599
    24   -4409.4805     1.5796    20.9006    0.0056    63.07     26    1.486
    25   -4428.1023     1.4843    18.6217    0.0056    64.61     27    1.690
    26   -4446.2044     1.7408    18.1022    0.0056    61.77     28    1.503
    27   -4462.8272     1.5183    16.6227    0.0056    69.56     29    1.603
    28   -4477.4668     2.2226    14.6396    0.0056    66.06     30    1.416
    29   -4492.5818     1.8755    15.1150    0.0056    75.46     31    1.512
    30   -4507.3654     2.2323    14.7836    0.0056    71.20     32    1.592
    31   -4522.4100     1.7899    15.0446    0.0056    75.66     33    1.498
    32   -4537.8037     1.9355    15.3938    0.0056    70.78     34    1.593
    33   -4553.0327     1.5632    15.2290    0.0056    73.31     35    1.508
    34   -4568.7777     1.8350    15.7450    0.0056    67.45     36    1.612
    35   -4583.2909     1.4999    14.5132    0.0056    73.04     37    1.480
    36   -4598.6318     1.9286    15.3408    0.0056    66.43     38    1.607
    37   -4611.8531     1.5617    13.2213    0.0056    75.02     39    1.525
    38   -4625.1677     1.8592    13.3146    0.0056    69.53     40    1.668
    39   -4636.9281     1.4699    11.7603    0.0056    75.47     41    1.475
    40   -4647.7148     1.9074    10.7867    0.0056    69.23     42    1.528
    41   -4657.3595     1.2242     9.6447    0.0056    76.79     43    1.521
    42   -4665.8142     2.0756     8.4547    0.0056    64.06     44    1.462
    43   -4674.5842     1.2884     8.7701    0.0038    70.18     45    1.706
    44   -4681.2830     1.2072     6.6988    0.0034    68.81     46    1.517
    45   -4687.4122     2.1289     6.1292    0.0042    61.53     47    1.602
    46   -4694.5701     1.0180     7.1579    0.0023    68.88     48    1.510
    47   -4704.0645     1.0980     9.4943    0.0045    60.08     49    1.454
    48   -4712.8567     1.4680     8.7922    0.0056    72.05     50    1.522
    49   -4720.7486     1.7313     7.8919    0.0056    77.80     51    1.532
    50   -4728.1514     1.5635     7.4028    0.0056    80.96     52    1.579
    51   -4735.1761     1.5302     7.0247    0.0056    80.11     53    1.474
    52   -4741.7320     1.3472     6.5559    0.0056    81.08     54    1.533
    53   -4748.0102     1.4243     6.2781    0.0056    79.49     55    1.483
    54   -4754.0886     1.2143     6.0785    0.0056    81.21     56    1.591
    55   -4760.0358     1.2428     5.9472    0.0056    79.74     57    1.503
    56   -4766.2698     0.9889     6.2340    0.0056    79.58     58    1.600
    57   -4772.5637     0.9261     6.2939    0.0056    76.89     59    1.541
    58   -4778.2398     0.9586     5.6761    0.0056    76.99     60    1.578
    59   -4784.3591     0.8272     6.1192    0.0056    76.86     61    1.473
    60   -4789.8581     0.9347     5.4990    0.0056    75.97     62    1.406
    61   -4795.8182     0.8318     5.9601    0.0056    76.77     63    1.487
    62   -4801.0308     0.8494     5.2127    0.0056    76.92     64    1.407
    63   -4806.7665     0.9530     5.7356    0.0056    75.13     65    1.614
    64   -4811.9550     0.9112     5.1885    0.0056    78.76     66    1.519
    65   -4816.6326     1.5947     4.6776    0.0056    75.98     67    1.573
    66   -4821.7191     1.4164     5.0865    0.0056    83.38     68    1.506
    67   -4827.7367     1.3835     6.0176    0.0056    80.78     69    1.406
    68   -4834.0557     1.0406     6.3191    0.0056    80.44     70    1.584
    69   -4840.4451     0.9434     6.3893    0.0056    76.89     71    1.499
    70   -4846.7514     0.8545     6.3063    0.0056    74.99     72    1.378
    71   -4853.0511     0.7152     6.2997    0.0056    73.42     73    1.559

 Optimization achieved convergence criteria:  0.71518
 Generalized Kirkwood  -2943.65392211      0.066
 Cavitation             1248.98554460      0.051
 Dispersion             -853.83368467      0.080

 Computed Potential Energy
  Bond Stretching            169.65959363         1878        0.000 ( 0.01637)
  Angle Bending              475.86134895         3398        0.000 ( 3.01058)
  Stretch-Bend                 5.68169629         3007        0.000
  Out-of-Plane Bend           16.87267882         1155        0.000
  Torsional Angle            233.89887561         4992        0.000
  Pi-Orbital Torsion          17.28239832          219        0.000
  Torsion-Torsion            -34.05928132            8        0.000
  Van der Waals              378.26631343      1716164        0.002
  Atomic Multipoles        -2828.55272231      1716164
  Polarization              -739.45993850      1716164        1.083
  Solvation                -2548.50206217      1723296
  Total Potential          -4853.05109924  (Kcal/mole)        1.087 (sec)
 Setting atom names to PDB standard.
 Saving 1MEK_input.pdb_2

 Script wall clock time: 121.369 (sec)
WARNING: Using incubator modules: jdk.incubator.vector
WARNING: Using incubator modules: jdk.incubator.vector
Too few resources available to assign 1 node, 1 process, and 20 CPUs per process
=== Rotamer job done: Tue Apr 14 20:26:47 CDT 2026 ===
