 Evaluating /Dedicated/schnieders/programs/stack-2021.1.sh
  Loading Modules
   Stack 2021.1
   GCC 9.3.0
   CMake 3.20.0
   Eigen 3.3.9
   Cuda 11.1.1
   Cuda: /usr/share/apps/2021.1/arch/gcc-9.3.0/cuda-11.1.1
   CudaNN 8.0.5.39-11.1
   Swig 4.0.2_gcc-9.3.0
  Loading software from /Dedicated/schnieders/programs/local
   Ant: /Dedicated/schnieders/programs/apache-ant-1.10.11
   FFX: /Dedicated/schnieders/programs/ffx-builds/forcefieldx-2026-01-04
   GDMA: /Dedicated/schnieders/programs/gdma-2.3
   Groovy: /Dedicated/schnieders/programs/groovy-4.0.1
   Java: /Dedicated/schnieders/programs/jdk-25.0.1
   Maven: /Dedicated/schnieders/programs/apache-maven-3.9.5
   VMD: /Dedicated/schnieders/programs/vmd
   NAMD: /Dedicated/schnieders/programs/NAMD_3.0alpha7_Linux-x86_64-multicore-CUDA
   OpenEye: /Dedicated/schnieders/programs/OpenEye
   Tinker: /Dedicated/schnieders/programs/tinker-tools
=== Rotamer job started: Tue Apr 14 22:24:56 CDT 2026 ===
PDB: /Dedicated/schnieders/maemmad/pKa_GNN/ffx_pipeline/data/fixed_pdbs/3SSI/3SSI_input.pdb
WARNING: Using incubator modules: jdk.incubator.vector
 _________________________________________________________________________

        FORCE FIELD X - Polyglot Software for Molecular Biophysics 

        Version 1.0.0-6991  April 2026 
        Git Revision  937dfd3f3a84d0dc91f73b0419518078a8c41842 
 
        Please cite the following reference when using Force Field X:

        RA Gogal, AJ Nessler, AC Thiel, HV Bernabe, RA Corrigan Grove,
        LM Cousineau, JM Litman, JM Miller, G Qi, MJ Speranza,
        MR Tollefson, TD Fenn, JJ Michaelson, O Okada, JP Piquemal,
        JW Ponder, J Shen, RJH Smith, W Yang, P Ren and MJ Schnieders,
        2024, Journal of Chemical Physics, 161 (1).

        Copyright (c)  Michael J. Schnieders  2001-2026
        All Rights Reserved

        Force Field X is distributed under the GPL v. 3 license
        with linking exception and is hosted by the Schnieders Lab
        at The University of Iowa.

        User Manual:   https://ffx.biochem.uiowa.edu/manual.html
        Publications:  https://ffx.biochem.uiowa.edu/publications.html
        License:       https://ffx.biochem.uiowa.edu/licenses.html

 _________________________________________________________________________

 Tue Apr 14 22:24:57 CDT 2026
 Process ID 60586 on argon-itf-bx43-02.hpc.

 Command line arguments:
 [Minimize, -e, 0.8, /Dedicated/schnieders/maemmad/pKa_GNN/ffx_pipeline/data/fixed_pdbs/3SSI/3SSI_input.pdb]

 Executing internal command: ffx.algorithms.commands.Minimize

 Initializing 1 topologies...
 Parsing: Internal force field (amoeba-bio-2018-cphmd).
 Parsing: Structure properties from (/Dedicated/schnieders/maemmad/pKa_GNN/ffx_pipeline/data/fixed_pdbs/3SSI/3SSI_input.properties).
 Parsing: JVM system properties (i.e. command line -Dkey=value pairs).

 Attempting to read force field patch from /Dedicated/schnieders/maemmad/pKa_GNN/naphosphate_solute.09Feb21.prm.

 Renumbering Patch: FALSE
 Reading 3SSI_input.pdb

 Assigning atom types for 1 chains.
 Amino acid chain A
 Renumbering PDB file due to built atoms (1586 vs 803)
 Total number of atoms: 1586

 Constructing Force Field AMOEBA-BIO-2018-CPHMD

 SMP threads:                               128
 The system will be treated as aperiodic (max separation =   71.6 A).

 Bonded Terms
  Bonds:                                   1603
  Angles:                                  2898
  Stretch-Bends:                           2547
  Out-of-Plane Bends:                       945
  Torsions:                                4234
  Pi-Orbital Torsions:                      172
  Torsion-Torsions:                          11

 Non-Bonded Terms

  Van der Waals
   Cut-Off:                                NONE
   Long-Range Correction:                 FALSE

 Electrostatics
   Polarization:                         MUTUAL
    SCF Convergence Criteria:         1.000e-06
    SCF Predictor:                         NONE
    SCF Algorithm:                           CG
    CG Preconditioner Cut-Off:            4.500
    CG Preconditioner Ewald Coeff.:       0.000
    CG Preconditioner Scale:              2.000
    CG Preconditioner Mode:     FLETCHER_REEVES
    Electrostatics Cut-Off:                NONE

  Continuum Solvation
   Radii:                                SOLUTE
   Generalized Kirkwood Cut-Off:           NONE
   GKC:                                  2.4550
   Solvent Dielectric:                  78.3000
   Solute Dielectric:                    1.0000
   Descreen with vdW Radii:                TRUE
   Descreen with Hydrogen Atoms:          FALSE
   Descreen Offset:                      0.0000
   General HCT Scale Factor:             0.7200
   Non-Polar Model:                  GAUSS-DISP
    GaussVol Radii Offset:               0.0000
    GaussVol Radii Scale:                1.0000
   Dispersion Integral Offset:           1.0560 (A)
   Cavitation Solvent Pressure:          0.0334 (Kcal/mol/A^3)
   Cavitation Surface Tension:           0.1030 (Kcal/mol/A^2)
   Cavitation Cross-Over Radius:         9.2515 (A)

  Overall system charge:                 -3.000

 Opened 3SSI_input.pdb in 1.629 sec.

 System Resources
  Total CPU time:          36.50 (sec)
  System load average:     74.91
  Open file handles:         146 of  81920 allowed
  System memory:           33176 MB free out of 257653 MB
  System swap space:        2023 MB free out of   2053 MB
  JVM memory:               3976 MB free out of   4096 MB

 Minimizing energy of Single Topology  [3SSI_input.pdb] 
 Setting lambda to 0.000.
 Generalized Kirkwood  -1592.24455068      0.129
 Cavitation             1016.34622158      0.513
 Dispersion             -685.26767317      0.211

 Computed Potential Energy
  Bond Stretching            262.11441842         1603        0.028 ( 0.02276)
  Angle Bending             1309.28987569         2898        0.016 ( 4.61892)
  Stretch-Bend                22.78028972         2547        0.002
  Out-of-Plane Bend           59.37348263          945        0.004
  Torsional Angle            212.34326498         4234        0.009
  Pi-Orbital Torsion          23.65134688          172        0.003
  Torsion-Torsion            -29.71367573           11        0.011
  Van der Waals             2100.79911707      1252404        0.419
  Atomic Multipoles        -2816.45243856      1252404
  Polarization              -476.31399605      1252404        6.222
  Solvation                -1261.16600227      1258491
  Total Potential           -593.29431724  (Kcal/mole)        6.725 (sec)

 Limited Memory BFGS Quasi-Newton Optimization: 

 Cycle       Energy      G RMS    Delta E   Delta X    Angle  Evals     Time

     0    -593.2943    39.8962
     1   -1365.8716    20.0443   772.5773    0.0060     0.00      2    5.089
     2   -1815.5403    12.5293   449.6686    0.0060     3.42      3    3.906
     3   -2114.6238     8.9345   299.0835    0.0060     5.69      4    3.136
     4   -2329.0535     7.2177   214.4297    0.0060     8.19      5    3.299
     5   -2500.8170     5.3458   171.7636    0.0060    14.72      6    3.017
     6   -2632.4623     4.3558   131.6453    0.0060     8.00      7    3.510
     7   -2736.0314     3.8389   103.5691    0.0060    14.03      8    3.323
     8   -2821.5000     3.1883    85.4686    0.0060    26.39      9    3.834
     9   -2888.3752     3.2337    66.8751    0.0060    28.12     10    3.555
    10   -2944.7271     2.6562    56.3520    0.0060    45.35     11    3.160
    11   -2989.5439     3.1824    44.8167    0.0060    44.15     12    3.407
    12   -3030.0867     2.6194    40.5428    0.0060    58.86     13    3.773
    13   -3064.6795     2.8370    34.5928    0.0060    56.35     14    3.279
    14   -3096.7482     2.4409    32.0687    0.0060    62.78     15    3.495
    15   -3126.2492     2.6166    29.5010    0.0060    59.69     16    3.437
    16   -3154.5459     2.2006    28.2966    0.0060    64.35     17    3.439
    17   -3180.7121     2.3240    26.1663    0.0060    60.78     18    3.944
    18   -3205.8283     1.9866    25.1161    0.0060    64.32     19    3.292
    19   -3229.6449     2.1104    23.8166    0.0060    60.54     20    2.825
    20   -3251.4290     1.7962    21.7841    0.0060    65.34     21    3.331
    21   -3272.2040     2.1405    20.7750    0.0060    60.67     22    3.190
    22   -3291.2503     1.7439    19.0463    0.0060    68.67     23    3.216
    23   -3309.0386     2.2496    17.7883    0.0060    63.33     24    3.893
    24   -3325.3309     1.8298    16.2923    0.0060    72.41     25    3.751
    25   -3340.3680     2.3239    15.0371    0.0060    67.05     26    3.034
    26   -3354.6595     1.7444    14.2915    0.0060    74.62     27    2.853
    27   -3368.6778     2.0104    14.0184    0.0060    67.95     28    2.844
    28   -3382.0175     1.4369    13.3396    0.0060    71.89     29    3.018
    29   -3395.2616     1.8911    13.2442    0.0060    61.72     30    3.209
    30   -3406.7704     1.8222    11.5087    0.0060    69.36     31    3.064
    31   -3418.5937     1.6030    11.8234    0.0047    64.46     32    2.673
    32   -3427.5481     2.6893     8.9544    0.0060    60.83     33    3.829
    33   -3437.7446     1.3288    10.1964    0.0022    60.10     34    3.124
    34   -3449.2315     1.3274    11.4869    0.0037    49.08     35    3.382
    35   -3460.8238     1.7164    11.5923    0.0060    67.08     36    3.290
    36   -3470.2026     1.7710     9.3788    0.0060    76.44     37    3.797
    37   -3478.6774     1.6515     8.4748    0.0060    78.95     38    3.090
    38   -3486.3134     1.9245     7.6360    0.0060    78.17     39    3.042
    39   -3493.7404     1.6132     7.4270    0.0060    81.08     40    3.606
    40   -3501.3908     1.5828     7.6504    0.0060    78.74     41    3.543
    41   -3508.9615     1.2278     7.5708    0.0060    79.13     42    3.447
    42   -3516.4427     1.1538     7.4812    0.0060    76.09     43    3.180
    43   -3523.4196     1.1051     6.9769    0.0060    75.66     44    2.763
    44   -3530.7224     0.9659     7.3028    0.0060    74.68     45    3.194
    45   -3537.0517     1.0390     6.3293    0.0060    74.40     46    3.237
    46   -3543.9628     0.9969     6.9111    0.0060    74.24     47    3.329
    47   -3550.2527     1.0273     6.2898    0.0060    75.29     48    3.893
    48   -3556.5948     1.2452     6.3422    0.0060    74.71     49    3.510
    49   -3562.7675     1.1317     6.1727    0.0060    78.54     50    3.428
    50   -3568.8827     1.8279     6.1152    0.0060    75.31     51    3.559
    51   -3575.6619     1.5793     6.7792    0.0060    81.47     52    3.706
    52   -3582.5297     1.6442     6.8677    0.0060    79.18     53    3.380
    53   -3590.2896     1.2561     7.7600    0.0060    78.95     54    3.126
    54   -3598.0748     1.2654     7.7852    0.0060    74.27     55    3.190
    55   -3605.3601     0.9148     7.2853    0.0060    75.17     56    3.690
    56   -3611.9445     1.1561     6.5844    0.0060    68.85     57    3.090
    57   -3616.7573     1.3430     4.8128    0.0060    73.99     58    2.773
    58   -3621.3018     1.0722     4.5446    0.0029    69.37     59    3.065
    59   -3626.0823     1.0591     4.7804    0.0036    65.25     60    3.492
    60   -3630.1447     0.9879     4.0624    0.0047    71.99     61    2.980
    61   -3633.7222     1.1538     3.5776    0.0024    57.53     62    2.947
    62   -3637.9841     1.0316     4.2618    0.0030    70.30     63    2.980
    63   -3643.1581     1.0540     5.1741    0.0060    76.23     64    3.093
    64   -3646.7777     1.1953     3.6196    0.0060    79.80     65    2.991
    65   -3650.1665     0.9416     3.3888    0.0060    82.49     66    3.159
    66   -3653.5110     0.9072     3.3444    0.0060    81.00     67    3.317
    67   -3657.2603     0.9736     3.7493    0.0060    79.25     68    3.113
    68   -3661.1951     0.8448     3.9349    0.0060    80.00     69    3.863
    69   -3664.8362     1.0017     3.6410    0.0060    78.33     70    2.821
    70   -3668.6798     0.8032     3.8436    0.0060    79.84     71    3.357
    71   -3672.2321     0.9213     3.5524    0.0060    77.34     72    3.922
