 Evaluating /Dedicated/schnieders/programs/stack-2021.1.sh
  Loading Modules
   Stack 2021.1
   GCC 9.3.0
   CMake 3.20.0
   Eigen 3.3.9
   Cuda 11.1.1
   Cuda: /usr/share/apps/2021.1/arch/gcc-9.3.0/cuda-11.1.1
   CudaNN 8.0.5.39-11.1
   Swig 4.0.2_gcc-9.3.0
  Loading software from /Dedicated/schnieders/programs/local
   Ant: /Dedicated/schnieders/programs/apache-ant-1.10.11
   FFX: /Dedicated/schnieders/programs/ffx-builds/forcefieldx-2026-01-04
   GDMA: /Dedicated/schnieders/programs/gdma-2.3
   Groovy: /Dedicated/schnieders/programs/groovy-4.0.1
   Java: /Dedicated/schnieders/programs/jdk-25.0.1
   Maven: /Dedicated/schnieders/programs/apache-maven-3.9.5
   VMD: /Dedicated/schnieders/programs/vmd
   NAMD: /Dedicated/schnieders/programs/NAMD_3.0alpha7_Linux-x86_64-multicore-CUDA
   OpenEye: /Dedicated/schnieders/programs/OpenEye
   Tinker: /Dedicated/schnieders/programs/tinker-tools
=== Rotamer job started: Tue Jun  2 15:16:07 CDT 2026 ===
PDB: /Dedicated/schnieders/maemmad/pKa_GNN/ffx_pipeline/data/fixed_pdbs/3WU2/3WU2_input.pdb
WARNING: Using incubator modules: jdk.incubator.vector
 _________________________________________________________________________

        FORCE FIELD X - Polyglot Software for Molecular Biophysics 

        Version 1.0.0-6991  April 2026 
        Git Revision  937dfd3f3a84d0dc91f73b0419518078a8c41842 
 
        Please cite the following reference when using Force Field X:

        RA Gogal, AJ Nessler, AC Thiel, HV Bernabe, RA Corrigan Grove,
        LM Cousineau, JM Litman, JM Miller, G Qi, MJ Speranza,
        MR Tollefson, TD Fenn, JJ Michaelson, O Okada, JP Piquemal,
        JW Ponder, J Shen, RJH Smith, W Yang, P Ren and MJ Schnieders,
        2024, Journal of Chemical Physics, 161 (1).

        Copyright (c)  Michael J. Schnieders  2001-2026
        All Rights Reserved

        Force Field X is distributed under the GPL v. 3 license
        with linking exception and is hosted by the Schnieders Lab
        at The University of Iowa.

        User Manual:   https://ffx.biochem.uiowa.edu/manual.html
        Publications:  https://ffx.biochem.uiowa.edu/publications.html
        License:       https://ffx.biochem.uiowa.edu/licenses.html

 _________________________________________________________________________

 Tue Jun 02 15:16:08 CDT 2026
 Process ID 497514 on argon-itf-bx50-04.hpc.

 Command line arguments:
 [Minimize, -e, 0.8, /Dedicated/schnieders/maemmad/pKa_GNN/ffx_pipeline/data/fixed_pdbs/3WU2/3WU2_input.pdb]

 Executing internal command: ffx.algorithms.commands.Minimize

 Initializing 1 topologies...
 Parsing: Internal force field (amoeba-bio-2018-cphmd).
 Parsing: Structure properties from (/Dedicated/schnieders/maemmad/pKa_GNN/ffx_pipeline/data/fixed_pdbs/3WU2/3WU2_input.properties).
 Parsing: JVM system properties (i.e. command line -Dkey=value pairs).

 Attempting to read force field patch from /Dedicated/schnieders/maemmad/pKa_GNN/naphosphate_solute.09Feb21.prm.

 Renumbering Patch: FALSE
 Reading 3WU2_input.pdb

 Assigning atom types for 38 chains.
 Amino acid chain A
 Amino acid chain B
 Amino acid chain C
 Amino acid chain D
 Amino acid chain E
 Amino acid chain F
 Amino acid chain H
 Amino acid chain I
 Amino acid chain J
 Amino acid chain K
 Amino acid chain L
 Amino acid chain M
 Amino acid chain O
 Amino acid chain T
 Amino acid chain U
 Amino acid chain V
 Amino acid chain Y
 Amino acid chain X
 Amino acid chain Z
 Amino acid chain a
 Amino acid chain b
 Amino acid chain c
 Amino acid chain d
 Amino acid chain e
 Amino acid chain f
 Amino acid chain h
 Amino acid chain i
 Amino acid chain j
 Amino acid chain k
 Amino acid chain l
 Amino acid chain m
 Amino acid chain o
 Amino acid chain t
 Amino acid chain u
 Amino acid chain v
 Amino acid chain y
 Amino acid chain x
 Amino acid chain z
 Renumbering PDB file due to built atoms (83240 vs 41794)
 Total number of atoms: 83240

 Constructing Force Field AMOEBA-BIO-2018-CPHMD

 SMP threads:                                80
 The system will be treated as aperiodic (max separation =  224.4 A).

 Bonded Terms
  Bonds:                                  84434
  Angles:                                152409
  Stretch-Bends:                         134508
  Out-of-Plane Bends:                     53715
  Torsions:                              223839
  Pi-Orbital Torsions:                    10993
  Torsion-Torsions:                         500

 Non-Bonded Terms

Exception: java.lang.OutOfMemoryError thrown from the UncaughtExceptionHandler in thread "Timer-0"

Exception: java.lang.OutOfMemoryError thrown from the UncaughtExceptionHandler in thread "ParallelTeamThread-48"

Exception: java.lang.OutOfMemoryError thrown from the UncaughtExceptionHandler in thread "ParallelTeamThread-59"

Exception: java.lang.OutOfMemoryError thrown from the UncaughtExceptionHandler in thread "ParallelTeamThread-37"

Exception: java.lang.OutOfMemoryError thrown from the UncaughtExceptionHandler in thread "ParallelTeamThread-64"

Exception: java.lang.OutOfMemoryError thrown from the UncaughtExceptionHandler in thread "ParallelTeamThread-22"

Exception: java.lang.OutOfMemoryError thrown from the UncaughtExceptionHandler in thread "ParallelTeamThread-75"

Exception: java.lang.OutOfMemoryError thrown from the UncaughtExceptionHandler in thread "ParallelTeamThread-24"

Exception: java.lang.OutOfMemoryError thrown from the UncaughtExceptionHandler in thread "ParallelTeamThread-52"

Exception: java.lang.OutOfMemoryError thrown from the UncaughtExceptionHandler in thread "ParallelTeamThread-45"

Exception: java.lang.OutOfMemoryError thrown from the UncaughtExceptionHandler in thread "ParallelTeamThread-79"

Exception: java.lang.OutOfMemoryError thrown from the UncaughtExceptionHandler in thread "ParallelTeamThread-21"

Exception: java.lang.OutOfMemoryError thrown from the UncaughtExceptionHandler in thread "ParallelTeamThread-5"

Exception: java.lang.OutOfMemoryError thrown from the UncaughtExceptionHandler in thread "ParallelTeamThread-38"

Exception: java.lang.OutOfMemoryError thrown from the UncaughtExceptionHandler in thread "ParallelTeamThread-29"

Exception: java.lang.OutOfMemoryError thrown from the UncaughtExceptionHandler in thread "ParallelTeamThread-19"

Exception: java.lang.OutOfMemoryError thrown from the UncaughtExceptionHandler in thread "ParallelTeamThread-50"

Exception: java.lang.OutOfMemoryError thrown from the UncaughtExceptionHandler in thread "ParallelTeamThread-62"

Exception: java.lang.OutOfMemoryError thrown from the UncaughtExceptionHandler in thread "ParallelTeamThread-33"

Exception: java.lang.OutOfMemoryError thrown from the UncaughtExceptionHandler in thread "ParallelTeamThread-71"

Exception: java.lang.OutOfMemoryError thrown from the UncaughtExceptionHandler in thread "ParallelTeamThread-74"

Exception: java.lang.OutOfMemoryError thrown from the UncaughtExceptionHandler in thread "ParallelTeamThread-41"

Exception: java.lang.OutOfMemoryError thrown from the UncaughtExceptionHandler in thread "ParallelTeamThread-67"

Exception: java.lang.OutOfMemoryError thrown from the UncaughtExceptionHandler in thread "ParallelTeamThread-32"

Exception: java.lang.OutOfMemoryError thrown from the UncaughtExceptionHandler in thread "ParallelTeamThread-10"

Exception: java.lang.OutOfMemoryError thrown from the UncaughtExceptionHandler in thread "ParallelTeamThread-1"

Exception: java.lang.OutOfMemoryError thrown from the UncaughtExceptionHandler in thread "ParallelTeamThread-60"

Exception: java.lang.OutOfMemoryError thrown from the UncaughtExceptionHandler in thread "ParallelTeamThread-3"

Exception: java.lang.OutOfMemoryError thrown from the UncaughtExceptionHandler in thread "ParallelTeamThread-35"

Exception: java.lang.OutOfMemoryError thrown from the UncaughtExceptionHandler in thread "ParallelTeamThread-0"

Exception: java.lang.OutOfMemoryError thrown from the UncaughtExceptionHandler in thread "ParallelTeamThread-14"

Exception: java.lang.OutOfMemoryError thrown from the UncaughtExceptionHandler in thread "ParallelTeamThread-23"

Exception: java.lang.OutOfMemoryError thrown from the UncaughtExceptionHandler in thread "ParallelTeamThread-40"

Exception: java.lang.OutOfMemoryError thrown from the UncaughtExceptionHandler in thread "ParallelTeamThread-26"

Exception: java.lang.OutOfMemoryError thrown from the UncaughtExceptionHandler in thread "ParallelTeamThread-61"

Exception: java.lang.OutOfMemoryError thrown from the UncaughtExceptionHandler in thread "ParallelTeamThread-42"

Exception: java.lang.OutOfMemoryError thrown from the UncaughtExceptionHandler in thread "ParallelTeamThread-55"

Exception: java.lang.OutOfMemoryError thrown from the UncaughtExceptionHandler in thread "ParallelTeamThread-8"

Exception: java.lang.OutOfMemoryError thrown from the UncaughtExceptionHandler in thread "ParallelTeamThread-70"

Exception: java.lang.OutOfMemoryError thrown from the UncaughtExceptionHandler in thread "ParallelTeamThread-4"

Exception: java.lang.OutOfMemoryError thrown from the UncaughtExceptionHandler in thread "ParallelTeamThread-43"

Exception: java.lang.OutOfMemoryError thrown from the UncaughtExceptionHandler in thread "ParallelTeamThread-25"

Exception: java.lang.OutOfMemoryError thrown from the UncaughtExceptionHandler in thread "ParallelTeamThread-44"

Exception: java.lang.OutOfMemoryError thrown from the UncaughtExceptionHandler in thread "ParallelTeamThread-7"

Exception: java.lang.OutOfMemoryError thrown from the UncaughtExceptionHandler in thread "ParallelTeamThread-16"

Exception: java.lang.OutOfMemoryError thrown from the UncaughtExceptionHandler in thread "ParallelTeamThread-9"

Exception: java.lang.OutOfMemoryError thrown from the UncaughtExceptionHandler in thread "ParallelTeamThread-72"

Exception: java.lang.OutOfMemoryError thrown from the UncaughtExceptionHandler in thread "ParallelTeamThread-39"

Exception: java.lang.OutOfMemoryError thrown from the UncaughtExceptionHandler in thread "ParallelTeamThread-30"

Exception: java.lang.OutOfMemoryError thrown from the UncaughtExceptionHandler in thread "ParallelTeamThread-12"

Exception: java.lang.OutOfMemoryError thrown from the UncaughtExceptionHandler in thread "ParallelTeamThread-28"

Exception: java.lang.OutOfMemoryError thrown from the UncaughtExceptionHandler in thread "ParallelTeamThread-63"

Exception: java.lang.OutOfMemoryError thrown from the UncaughtExceptionHandler in thread "ParallelTeamThread-18"

Exception: java.lang.OutOfMemoryError thrown from the UncaughtExceptionHandler in thread "ParallelTeamThread-27"

Exception: java.lang.OutOfMemoryError thrown from the UncaughtExceptionHandler in thread "ParallelTeamThread-49"

Exception: java.lang.OutOfMemoryError thrown from the UncaughtExceptionHandler in thread "ParallelTeamThread-76"

Exception: java.lang.OutOfMemoryError thrown from the UncaughtExceptionHandler in thread "ParallelTeamThread-66"

Exception: java.lang.OutOfMemoryError thrown from the UncaughtExceptionHandler in thread "ParallelTeamThread-53"

Exception: java.lang.OutOfMemoryError thrown from the UncaughtExceptionHandler in thread "ParallelTeamThread-78"

Exception: java.lang.OutOfMemoryError thrown from the UncaughtExceptionHandler in thread "ParallelTeamThread-17"

Exception: java.lang.OutOfMemoryError thrown from the UncaughtExceptionHandler in thread "ParallelTeamThread-15"

Exception: java.lang.OutOfMemoryError thrown from the UncaughtExceptionHandler in thread "ParallelTeamThread-77"

Exception: java.lang.OutOfMemoryError thrown from the UncaughtExceptionHandler in thread "ParallelTeamThread-73"

Exception: java.lang.OutOfMemoryError thrown from the UncaughtExceptionHandler in thread "ParallelTeamThread-51"

Exception: java.lang.OutOfMemoryError thrown from the UncaughtExceptionHandler in thread "ParallelTeamThread-46"

Exception: java.lang.OutOfMemoryError thrown from the UncaughtExceptionHandler in thread "ParallelTeamThread-57"

Exception: java.lang.OutOfMemoryError thrown from the UncaughtExceptionHandler in thread "ParallelTeamThread-69"

Exception: java.lang.OutOfMemoryError thrown from the UncaughtExceptionHandler in thread "ParallelTeamThread-47"

Exception: java.lang.OutOfMemoryError thrown from the UncaughtExceptionHandler in thread "ParallelTeamThread-65"

Exception: java.lang.OutOfMemoryError thrown from the UncaughtExceptionHandler in thread "ParallelTeamThread-68"

Exception: java.lang.OutOfMemoryError thrown from the UncaughtExceptionHandler in thread "ParallelTeamThread-36"

Exception: java.lang.OutOfMemoryError thrown from the UncaughtExceptionHandler in thread "ParallelTeamThread-20"

Exception: java.lang.OutOfMemoryError thrown from the UncaughtExceptionHandler in thread "ParallelTeamThread-56"

Exception: java.lang.OutOfMemoryError thrown from the UncaughtExceptionHandler in thread "ParallelTeamThread-2"

Exception: java.lang.OutOfMemoryError thrown from the UncaughtExceptionHandler in thread "ParallelTeamThread-34"

Exception: java.lang.OutOfMemoryError thrown from the UncaughtExceptionHandler in thread "ParallelTeamThread-6"

Exception: java.lang.OutOfMemoryError thrown from the UncaughtExceptionHandler in thread "ParallelTeamThread-54"

Exception: java.lang.OutOfMemoryError thrown from the UncaughtExceptionHandler in thread "ParallelTeamThread-13"

Exception: java.lang.OutOfMemoryError thrown from the UncaughtExceptionHandler in thread "ParallelTeamThread-31"

Exception: java.lang.OutOfMemoryError thrown from the UncaughtExceptionHandler in thread "ParallelTeamThread-11"

Exception: java.lang.OutOfMemoryError thrown from the UncaughtExceptionHandler in thread "ParallelTeamThread-58"
