 Evaluating /Dedicated/schnieders/programs/stack-2021.1.sh
  Loading Modules
   Stack 2021.1
   GCC 9.3.0
   CMake 3.20.0
   Eigen 3.3.9
   Cuda 11.1.1
   Cuda: /usr/share/apps/2021.1/arch/gcc-9.3.0/cuda-11.1.1
   CudaNN 8.0.5.39-11.1
   Swig 4.0.2_gcc-9.3.0
  Loading software from /Dedicated/schnieders/programs/local
   Ant: /Dedicated/schnieders/programs/apache-ant-1.10.11
   FFX: /Dedicated/schnieders/programs/ffx-builds/forcefieldx-2026-01-04
   GDMA: /Dedicated/schnieders/programs/gdma-2.3
   Groovy: /Dedicated/schnieders/programs/groovy-4.0.1
   Java: /Dedicated/schnieders/programs/jdk-25.0.1
   Maven: /Dedicated/schnieders/programs/apache-maven-3.9.5
   VMD: /Dedicated/schnieders/programs/vmd
   NAMD: /Dedicated/schnieders/programs/NAMD_3.0alpha7_Linux-x86_64-multicore-CUDA
   OpenEye: /Dedicated/schnieders/programs/OpenEye
   Tinker: /Dedicated/schnieders/programs/tinker-tools
=== Rotamer job started: Thu Apr 16 14:49:24 CDT 2026 ===
PDB: /Dedicated/schnieders/maemmad/pKa_GNN/ffx_pipeline/data/fixed_pdbs/1QLP/1QLP_input.pdb
WARNING: Using incubator modules: jdk.incubator.vector
 _________________________________________________________________________

        FORCE FIELD X - Polyglot Software for Molecular Biophysics 

        Version 1.0.0-6991  April 2026 
        Git Revision  937dfd3f3a84d0dc91f73b0419518078a8c41842 
 
        Please cite the following reference when using Force Field X:

        RA Gogal, AJ Nessler, AC Thiel, HV Bernabe, RA Corrigan Grove,
        LM Cousineau, JM Litman, JM Miller, G Qi, MJ Speranza,
        MR Tollefson, TD Fenn, JJ Michaelson, O Okada, JP Piquemal,
        JW Ponder, J Shen, RJH Smith, W Yang, P Ren and MJ Schnieders,
        2024, Journal of Chemical Physics, 161 (1).

        Copyright (c)  Michael J. Schnieders  2001-2026
        All Rights Reserved

        Force Field X is distributed under the GPL v. 3 license
        with linking exception and is hosted by the Schnieders Lab
        at The University of Iowa.

        User Manual:   https://ffx.biochem.uiowa.edu/manual.html
        Publications:  https://ffx.biochem.uiowa.edu/publications.html
        License:       https://ffx.biochem.uiowa.edu/licenses.html

 _________________________________________________________________________

 Thu Apr 16 14:49:25 CDT 2026
 Process ID 107201 on argon-itf-bx43-03.hpc.

 Command line arguments:
 [Minimize, -e, 0.8, /Dedicated/schnieders/maemmad/pKa_GNN/ffx_pipeline/data/fixed_pdbs/1QLP/1QLP_input.pdb]

 Executing internal command: ffx.algorithms.commands.Minimize

 Initializing 1 topologies...
 Parsing: Internal force field (amoeba-bio-2018-cphmd).
 Parsing: Structure properties from (/Dedicated/schnieders/maemmad/pKa_GNN/ffx_pipeline/data/fixed_pdbs/1QLP/1QLP_input.properties).
 Parsing: JVM system properties (i.e. command line -Dkey=value pairs).

 Attempting to read force field patch from /Dedicated/schnieders/maemmad/pKa_GNN/naphosphate_solute.09Feb21.prm.

 Renumbering Patch: FALSE
 Reading 1QLP_input.pdb

 Assigning atom types for 1 chains.
 Amino acid chain A
 Renumbering PDB file due to built atoms (6256 vs 3125)
 Total number of atoms: 6256

 Constructing Force Field AMOEBA-BIO-2018-CPHMD

 SMP threads:                               128
 The system will be treated as aperiodic (max separation =  153.2 A).

 Bonded Terms
  Bonds:                                   6322
  Angles:                                 11483
  Stretch-Bends:                          10116
  Out-of-Plane Bends:                      3675
  Torsions:                               16844
  Pi-Orbital Torsions:                      713
  Torsion-Torsions:                          22

 Non-Bonded Terms

  Van der Waals
   Cut-Off:                                NONE
   Long-Range Correction:                 FALSE

 Electrostatics
   Polarization:                         MUTUAL
    SCF Convergence Criteria:         1.000e-06
    SCF Predictor:                         NONE
    SCF Algorithm:                           CG
    CG Preconditioner Cut-Off:            4.500
    CG Preconditioner Ewald Coeff.:       0.000
    CG Preconditioner Scale:              2.000
    CG Preconditioner Mode:     FLETCHER_REEVES
    Electrostatics Cut-Off:                NONE

  Continuum Solvation
   Radii:                                SOLUTE
   Generalized Kirkwood Cut-Off:           NONE
   GKC:                                  2.4550
   Solvent Dielectric:                  78.3000
   Solute Dielectric:                    1.0000
   Descreen with vdW Radii:                TRUE
   Descreen with Hydrogen Atoms:          FALSE
   Descreen Offset:                      0.0000
   General HCT Scale Factor:             0.7200
   Non-Polar Model:                  GAUSS-DISP
    GaussVol Radii Offset:               0.0000
    GaussVol Radii Scale:                1.0000
   Dispersion Integral Offset:           1.0560 (A)
   Cavitation Solvent Pressure:          0.0334 (Kcal/mol/A^3)
   Cavitation Surface Tension:           0.1030 (Kcal/mol/A^2)
   Cavitation Cross-Over Radius:         9.2515 (A)

  Overall system charge:                 -1.000

 Opened 1QLP_input.pdb in 2.91 sec.

 System Resources
  Total CPU time:          70.90 (sec)
  System load average:    100.24
  Open file handles:         146 of  81920 allowed
  System memory:           91442 MB free out of 257653 MB
  System swap space:        1860 MB free out of   2053 MB
  JVM memory:               3656 MB free out of   4096 MB

 Minimizing energy of Single Topology  [1QLP_input.pdb] 
 Setting lambda to 0.000.
 Generalized Kirkwood  -6886.17224549      2.640
 Cavitation             3937.06737176      1.822
 Dispersion            -2393.87094166      2.461

 Computed Potential Energy
  Bond Stretching           1883.97941286         6322        0.058 ( 0.03327)
  Angle Bending            10497.58848135        11483        0.023 ( 5.43727)
  Stretch-Bend               176.78229705        10116        0.037
  Out-of-Plane Bend          246.22292175         3675        0.030
  Torsional Angle            757.55436658        16844        0.034
  Pi-Orbital Torsion         194.66748734          713        0.024
  Torsion-Torsion            -92.47206224           22        0.012
  Van der Waals            14893.97444492     19547835        1.496
  Atomic Multipoles       -11261.71752988     19547835
  Polarization             -2156.35039698     19547835       30.574
  Solvation                -5342.97581540     19571896
  Total Potential           9797.25360738  (Kcal/mole)       32.320 (sec)

 Limited Memory BFGS Quasi-Newton Optimization: 

 Cycle       Energy      G RMS    Delta E   Delta X    Angle  Evals     Time

     0    9797.2536   305.5770
     1    3300.3326    70.2121  6496.9210    0.0030     0.00      2   30.348
     2    2168.5280    59.0636  1131.8046    0.0009     5.78      3   30.337
     3     171.2371    45.6907  1997.2909    0.0021    14.97      4   32.063
     4   -1966.4124    33.4589  2137.6495    0.0030    19.44      5   31.927
     5   -3523.9875    25.2820  1557.5751    0.0030    22.21      6   29.988
     6   -4700.5372    19.7154  1176.5496    0.0030    24.73      7   32.169
     7   -5620.7527    15.9382   920.2155    0.0030    26.50      8   29.473
     8   -6367.4995    13.7087   746.7468    0.0030    27.39      9   32.946
     9   -7018.4742    11.7549   650.9748    0.0030    24.77     10   30.088
