 Evaluating /Dedicated/schnieders/programs/stack-2021.1.sh
  Loading Modules
   Stack 2021.1
   GCC 9.3.0
   CMake 3.20.0
   Eigen 3.3.9
   Cuda 11.1.1
   Cuda: /usr/share/apps/2021.1/arch/gcc-9.3.0/cuda-11.1.1
   CudaNN 8.0.5.39-11.1
   Swig 4.0.2_gcc-9.3.0
  Loading software from /Dedicated/schnieders/programs/local
   Ant: /Dedicated/schnieders/programs/apache-ant-1.10.11
   FFX: /Dedicated/schnieders/programs/ffx-builds/forcefieldx-2026-01-04
   GDMA: /Dedicated/schnieders/programs/gdma-2.3
   Groovy: /Dedicated/schnieders/programs/groovy-4.0.1
   Java: /Dedicated/schnieders/programs/jdk-25.0.1
   Maven: /Dedicated/schnieders/programs/apache-maven-3.9.5
   VMD: /Dedicated/schnieders/programs/vmd
   NAMD: /Dedicated/schnieders/programs/NAMD_3.0alpha7_Linux-x86_64-multicore-CUDA
   OpenEye: /Dedicated/schnieders/programs/OpenEye
   Tinker: /Dedicated/schnieders/programs/tinker-tools
=== Rotamer job started: Mon Apr 27 14:56:09 CDT 2026 ===
PDB: /Dedicated/schnieders/maemmad/pKa_GNN/ffx_pipeline/data/fixed_pdbs/3C73/3C73_input.pdb
WARNING: Using incubator modules: jdk.incubator.vector
 _________________________________________________________________________

        FORCE FIELD X - Polyglot Software for Molecular Biophysics 

        Version 1.0.0-6991  April 2026 
        Git Revision  937dfd3f3a84d0dc91f73b0419518078a8c41842 
 
        Please cite the following reference when using Force Field X:

        RA Gogal, AJ Nessler, AC Thiel, HV Bernabe, RA Corrigan Grove,
        LM Cousineau, JM Litman, JM Miller, G Qi, MJ Speranza,
        MR Tollefson, TD Fenn, JJ Michaelson, O Okada, JP Piquemal,
        JW Ponder, J Shen, RJH Smith, W Yang, P Ren and MJ Schnieders,
        2024, Journal of Chemical Physics, 161 (1).

        Copyright (c)  Michael J. Schnieders  2001-2026
        All Rights Reserved

        Force Field X is distributed under the GPL v. 3 license
        with linking exception and is hosted by the Schnieders Lab
        at The University of Iowa.

        User Manual:   https://ffx.biochem.uiowa.edu/manual.html
        Publications:  https://ffx.biochem.uiowa.edu/publications.html
        License:       https://ffx.biochem.uiowa.edu/licenses.html

 _________________________________________________________________________

 Mon Apr 27 14:56:10 CDT 2026
 Process ID 539046 on argon-itf-bx51-10.hpc.

 Command line arguments:
 [Minimize, -e, 0.8, /Dedicated/schnieders/maemmad/pKa_GNN/ffx_pipeline/data/fixed_pdbs/3C73/3C73_input.pdb]

 Executing internal command: ffx.algorithms.commands.Minimize

 Initializing 1 topologies...
 Parsing: Internal force field (amoeba-bio-2018-cphmd).
 Parsing: Structure properties from (/Dedicated/schnieders/maemmad/pKa_GNN/ffx_pipeline/data/fixed_pdbs/3C73/3C73_input.properties).
 Parsing: JVM system properties (i.e. command line -Dkey=value pairs).

 Attempting to read force field patch from /Dedicated/schnieders/maemmad/pKa_GNN/naphosphate_solute.09Feb21.prm.

 Renumbering Patch: FALSE
 Reading 3C73_input.pdb

 Assigning atom types for 2 chains.
 Amino acid chain A
 Amino acid chain B
 Renumbering PDB file due to built atoms (4390 vs 2208)
 Total number of atoms: 4390

 Constructing Force Field AMOEBA-BIO-2018-CPHMD

 SMP threads:                                80
 The system will be treated as aperiodic (max separation =   73.2 A).

 Bonded Terms
  Bonds:                                   4444
  Angles:                                  8050
  Stretch-Bends:                           7116
  Out-of-Plane Bends:                      2664
  Torsions:                               11808
  Pi-Orbital Torsions:                      538
  Torsion-Torsions:                          20

 Non-Bonded Terms

  Van der Waals
   Cut-Off:                                NONE
   Long-Range Correction:                 FALSE

 Electrostatics
   Polarization:                         MUTUAL
    SCF Convergence Criteria:         1.000e-06
    SCF Predictor:                         NONE
    SCF Algorithm:                           CG
    CG Preconditioner Cut-Off:            4.500
    CG Preconditioner Ewald Coeff.:       0.000
    CG Preconditioner Scale:              2.000
    CG Preconditioner Mode:     FLETCHER_REEVES
    Electrostatics Cut-Off:                NONE

  Continuum Solvation
   Radii:                                SOLUTE
   Generalized Kirkwood Cut-Off:           NONE
   GKC:                                  2.4550
   Solvent Dielectric:                  78.3000
   Solute Dielectric:                    1.0000
   Descreen with vdW Radii:                TRUE
   Descreen with Hydrogen Atoms:          FALSE
   Descreen Offset:                      0.0000
   General HCT Scale Factor:             0.7200
   Non-Polar Model:                  GAUSS-DISP
    GaussVol Radii Offset:               0.0000
    GaussVol Radii Scale:                1.0000
   Dispersion Integral Offset:           1.0560 (A)
   Cavitation Solvent Pressure:          0.0334 (Kcal/mol/A^3)
   Cavitation Surface Tension:           0.1030 (Kcal/mol/A^2)
   Cavitation Cross-Over Radius:         9.2515 (A)

  Overall system charge:                  2.000

 Opened 3C73_input.pdb in 2.218 sec.

 System Resources
  Total CPU time:          49.07 (sec)
  System load average:     11.50
  Open file handles:         146 of  81920 allowed
  System memory:          347357 MB free out of 385516 MB
  System swap space:        2053 MB free out of   2053 MB
  JVM memory:               3872 MB free out of   4096 MB

 Minimizing energy of Single Topology  [3C73_input.pdb] 
 Setting lambda to 0.000.
 Generalized Kirkwood  -4662.81715407      0.492
 Cavitation             2751.60861630      0.592
 Dispersion            -1604.86175062      0.722

 Computed Potential Energy
  Bond Stretching            604.55564805         4444        0.008 ( 0.01936)
  Angle Bending             2786.47228591         8050        0.008 ( 3.79074)
  Stretch-Bend                13.92682498         7116        0.005
  Out-of-Plane Bend          198.17605275         2664        0.003
  Torsional Angle            412.36988068        11808        0.007
  Pi-Orbital Torsion         121.45872884          538        0.001
  Torsion-Torsion            -93.02763562           20        0.009
  Van der Waals             3964.38945589      9621361        1.461
  Atomic Multipoles        -7878.48774820      9621361
  Polarization             -1365.75306722      9621361        9.962
  Solvation                -3516.07028839      9638245
  Total Potential          -4751.98986232  (Kcal/mole)       11.469 (sec)

 Limited Memory BFGS Quasi-Newton Optimization: 

 Cycle       Energy      G RMS    Delta E   Delta X    Angle  Evals     Time

     0   -4751.9899    46.2748
     1   -5960.1933    21.8210  1208.2035    0.0036     0.00      2   13.070
     2   -6713.4865    15.1104   753.2932    0.0033    12.79      3   12.779
     3   -7292.6327    11.0176   579.1462    0.0036    18.15      4   12.394
     4   -7729.6006     8.8325   436.9679    0.0036    19.58      5   12.865
     5   -8077.2674     7.3941   347.6668    0.0036    21.09      6   12.635
     6   -8379.3645     6.8037   302.0971    0.0036    22.13      7   12.507
     7   -8638.0323     5.4407   258.6678    0.0036    26.31      8   12.423
     8   -8850.0854     4.8585   212.0531    0.0036    24.92      9   12.578
     9   -9034.8636     5.2506   184.7782    0.0036    27.56     10   12.234
    10   -9202.7619     4.5180   167.8983    0.0036    40.63     11   13.322
    11   -9350.7426     3.8772   147.9807    0.0036    40.39     12   12.354
    12   -9474.5981     3.6403   123.8555    0.0036    41.41     13   11.891
    13   -9588.2760     3.0912   113.6779    0.0036    43.60     14   12.304
    14   -9685.4202     2.7805    97.1442    0.0036    42.60     15   12.137
    15   -9770.1822     2.4527    84.7620    0.0036    44.57     16   12.157
    16   -9845.3898     2.2823    75.2076    0.0036    44.44     17   12.099
    17   -9914.2661     1.9829    68.8763    0.0036    44.61     18   12.284
    18   -9973.9546     1.8370    59.6885    0.0036    46.04     19   11.800
    19  -10028.0618     2.1330    54.1072    0.0036    43.72     20   11.750
    20  -10078.0076     1.8841    49.9458    0.0036    57.48     21   12.249
    21  -10120.6897     2.2670    42.6821    0.0036    56.32     22   11.547
