 Evaluating /Dedicated/schnieders/programs/stack-2021.1.sh
  Loading Modules
   Stack 2021.1
   GCC 9.3.0
   CMake 3.20.0
   Eigen 3.3.9
   Cuda 11.1.1
   Cuda: /usr/share/apps/2021.1/arch/gcc-9.3.0/cuda-11.1.1
   CudaNN 8.0.5.39-11.1
   Swig 4.0.2_gcc-9.3.0
  Loading software from /Dedicated/schnieders/programs/local
   Ant: /Dedicated/schnieders/programs/apache-ant-1.10.11
   FFX: /Dedicated/schnieders/programs/ffx-builds/forcefieldx-2026-01-04
   GDMA: /Dedicated/schnieders/programs/gdma-2.3
   Groovy: /Dedicated/schnieders/programs/groovy-4.0.1
   Java: /Dedicated/schnieders/programs/jdk-25.0.1
   Maven: /Dedicated/schnieders/programs/apache-maven-3.9.5
   VMD: /Dedicated/schnieders/programs/vmd
   NAMD: /Dedicated/schnieders/programs/NAMD_3.0alpha7_Linux-x86_64-multicore-CUDA
   OpenEye: /Dedicated/schnieders/programs/OpenEye
   Tinker: /Dedicated/schnieders/programs/tinker-tools
=== Rotamer job started: Tue Apr 14 20:31:32 CDT 2026 ===
PDB: /Dedicated/schnieders/maemmad/pKa_GNN/ffx_pipeline/data/fixed_pdbs/1QH7/1QH7_input.pdb
WARNING: Using incubator modules: jdk.incubator.vector
 _________________________________________________________________________

        FORCE FIELD X - Polyglot Software for Molecular Biophysics 

        Version 1.0.0-6991  April 2026 
        Git Revision  937dfd3f3a84d0dc91f73b0419518078a8c41842 
 
        Please cite the following reference when using Force Field X:

        RA Gogal, AJ Nessler, AC Thiel, HV Bernabe, RA Corrigan Grove,
        LM Cousineau, JM Litman, JM Miller, G Qi, MJ Speranza,
        MR Tollefson, TD Fenn, JJ Michaelson, O Okada, JP Piquemal,
        JW Ponder, J Shen, RJH Smith, W Yang, P Ren and MJ Schnieders,
        2024, Journal of Chemical Physics, 161 (1).

        Copyright (c)  Michael J. Schnieders  2001-2026
        All Rights Reserved

        Force Field X is distributed under the GPL v. 3 license
        with linking exception and is hosted by the Schnieders Lab
        at The University of Iowa.

        User Manual:   https://ffx.biochem.uiowa.edu/manual.html
        Publications:  https://ffx.biochem.uiowa.edu/publications.html
        License:       https://ffx.biochem.uiowa.edu/licenses.html

 _________________________________________________________________________

 Tue Apr 14 20:31:45 CDT 2026
 Process ID 50716 on argon-itf-bx43-02.hpc.

 Command line arguments:
 [Minimize, -e, 0.8, /Dedicated/schnieders/maemmad/pKa_GNN/ffx_pipeline/data/fixed_pdbs/1QH7/1QH7_input.pdb]

 Executing internal command: ffx.algorithms.commands.Minimize

 Initializing 1 topologies...
 Parsing: Internal force field (amoeba-bio-2018-cphmd).
 Parsing: Structure properties from (/Dedicated/schnieders/maemmad/pKa_GNN/ffx_pipeline/data/fixed_pdbs/1QH7/1QH7_input.properties).
 Parsing: JVM system properties (i.e. command line -Dkey=value pairs).

 Attempting to read force field patch from /Dedicated/schnieders/maemmad/pKa_GNN/naphosphate_solute.09Feb21.prm.

 Renumbering Patch: FALSE
 Reading 1QH7_input.pdb

 Assigning atom types for 2 chains.
 Amino acid chain A
 Amino acid chain B
 Renumbering PDB file due to built atoms (6364 vs 3272)
 Total number of atoms: 6364

 Constructing Force Field AMOEBA-BIO-2018-CPHMD

 SMP threads:                               128
 The system will be treated as aperiodic (max separation =   93.6 A).

 Bonded Terms
  Bonds:                                   6452
  Angles:                                 11528
  Stretch-Bends:                          10306
  Out-of-Plane Bends:                      4344
  Torsions:                               16940
  Pi-Orbital Torsions:                      892
  Torsion-Torsions:                          48

 Non-Bonded Terms

  Van der Waals
   Cut-Off:                                NONE
   Long-Range Correction:                 FALSE

 Electrostatics
   Polarization:                         MUTUAL
    SCF Convergence Criteria:         1.000e-06
    SCF Predictor:                         NONE
    SCF Algorithm:                           CG
    CG Preconditioner Cut-Off:            4.500
    CG Preconditioner Ewald Coeff.:       0.000
    CG Preconditioner Scale:              2.000
    CG Preconditioner Mode:     FLETCHER_REEVES
    Electrostatics Cut-Off:                NONE

  Continuum Solvation
   Radii:                                SOLUTE
   Generalized Kirkwood Cut-Off:           NONE
   GKC:                                  2.4550
   Solvent Dielectric:                  78.3000
   Solute Dielectric:                    1.0000
   Descreen with vdW Radii:                TRUE
   Descreen with Hydrogen Atoms:          FALSE
   Descreen Offset:                      0.0000
   General HCT Scale Factor:             0.7200
   Non-Polar Model:                  GAUSS-DISP
    GaussVol Radii Offset:               0.0000
    GaussVol Radii Scale:                1.0000
   Dispersion Integral Offset:           1.0560 (A)
   Cavitation Solvent Pressure:          0.0334 (Kcal/mol/A^3)
   Cavitation Surface Tension:           0.1030 (Kcal/mol/A^2)
   Cavitation Cross-Over Radius:         9.2515 (A)

  Overall system charge:                 10.000

 Opened 1QH7_input.pdb in 2.814 sec.

 System Resources
  Total CPU time:          42.25 (sec)
  System load average:    132.84
  Open file handles:         146 of  81920 allowed
  System memory:           19070 MB free out of 257653 MB
  System swap space:        2023 MB free out of   2053 MB
  JVM memory:               3652 MB free out of   4096 MB

 Minimizing energy of Single Topology  [1QH7_input.pdb] 
 Setting lambda to 0.000.
 Generalized Kirkwood  -5194.28827966      3.262
 Cavitation             3907.48231155      2.231
 Dispersion            -2108.58234087      2.102

 Computed Potential Energy
  Bond Stretching            676.60700569         6452        0.012 ( 0.01610)
  Angle Bending             1917.86229025        11528        0.018 ( 3.23938)
  Stretch-Bend               -13.66806732        10306        0.009
  Out-of-Plane Bend          276.02452581         4344        0.005
  Torsional Angle            841.91534660        16940        0.012
  Pi-Orbital Torsion         145.97067717          892        0.004
  Torsion-Torsion           -155.60186971           48        0.003
  Van der Waals            10286.85234506     20229086        2.150
  Atomic Multipoles       -12286.94274388     20229086
  Polarization             -2410.76117260     20229086       42.776
  Solvation                -3395.38830898     20253430
  Total Potential          -4117.12997191  (Kcal/mole)       45.010 (sec)

 Limited Memory BFGS Quasi-Newton Optimization: 

 Cycle       Energy      G RMS    Delta E   Delta X    Angle  Evals     Time

     0   -4117.1300   123.8677
     1   -7501.9453    39.6776  3384.8154    0.0030     0.00      2   33.591
     2   -8497.2065    27.5672   995.2612    0.0016     3.28      3   32.805
     3   -9740.8414    17.4130  1243.6349    0.0030    12.02      4   34.190
     4  -10574.1803    12.5124   833.3389    0.0030    13.01      5   31.911
     5  -11191.5009     9.7051   617.3206    0.0030    15.14      6   31.719
     6  -11675.2702     7.9086   483.7694    0.0030    17.88      7   34.849
     7  -12064.1353     6.8095   388.8651    0.0030    19.75      8   34.289
     8  -12402.6727     5.6266   338.5374    0.0030    19.54      9   38.678
     9  -12687.4421     4.8613   284.7694    0.0030    18.54     10   29.686
    10  -12924.6120     4.6211   237.1699    0.0030    19.50     11   29.678
    11  -13144.7531     3.7591   220.1410    0.0030    26.91     12   30.928
    12  -13326.8298     3.6054   182.0767    0.0030    23.63     13   30.836
    13  -13491.9320     2.9533   165.1022    0.0030    30.14     14   30.424
    14  -13634.8325     2.5719   142.9005    0.0030    24.89     15   30.387
    15  -13756.5499     2.5066   121.7174    0.0030    24.51     16   30.257
    16  -13868.3495     2.1179   111.7996    0.0030    33.68     17   29.531
    17  -13964.2553     2.2006    95.9058    0.0030    29.56     18   28.447
    18  -14053.7535     1.8520    89.4982    0.0030    40.69     19   32.363
    19  -14129.5746     2.0965    75.8211    0.0030    37.95     20   36.511
    20  -14202.2698     1.7461    72.6952    0.0030    49.64     21   38.964
    21  -14265.2881     1.8508    63.0184    0.0030    46.62     22   40.714
    22  -14324.7681     1.5728    59.4800    0.0030    53.13     23   43.556
    23  -14377.8714     1.5315    53.1032    0.0030    50.50     24   32.377
    24  -14426.8767     1.4101    49.0054    0.0030    53.19     25   31.382
    25  -14472.5420     1.2974    45.6653    0.0030    51.99     26   37.415
    26  -14513.3554     1.2258    40.8134    0.0030    53.90     27   31.716
    27  -14552.3497     1.2064    38.9943    0.0030    52.01     28   41.419
    28  -14587.1356     1.1457    34.7859    0.0030    57.53     29   30.703
    29  -14619.6464     1.6126    32.5108    0.0030    51.86     30   30.547
    30  -14649.9327     1.5457    30.2863    0.0030    69.56     31   34.504
    31  -14682.6215     1.9960    32.6888    0.0030    62.16     32   30.183
    32  -14711.5127     1.8640    28.8911    0.0030    74.50     33   31.547
    33  -14746.3285     1.7472    34.8159    0.0030    69.11     34   32.489
    34  -14778.0066     1.4501    31.6780    0.0030    70.50     35   34.690
    35  -14806.3968     1.4573    28.3903    0.0030    68.59     36   35.096
    36  -14834.9522     1.1732    28.5553    0.0030    68.49     37   38.415
    37  -14860.1573     1.0586    25.2051    0.0030    66.54     38   40.704
    38  -14883.8604     1.0464    23.7031    0.0030    64.20     39   30.807
    39  -14905.0843     0.9313    21.2239    0.0030    67.87     40   31.456
    40  -14924.4734     1.0885    19.3891    0.0030    65.23     41   30.830
    41  -14942.3903     0.9794    17.9170    0.0030    72.19     42   31.302
    42  -14959.4308     1.1066    17.0404    0.0030    70.10     43   30.154
    43  -14975.9818     0.9439    16.5510    0.0030    73.86     44   31.765
    44  -14991.1786     0.9988    15.1968    0.0030    72.16     45   30.535
    45  -15006.5255     0.8345    15.3469    0.0030    73.23     46   30.195
    46  -15020.8122     0.7805    14.2868    0.0030    71.27     47   30.848

 Optimization achieved convergence criteria:  0.78052
 Generalized Kirkwood  -5418.16833477      1.597
 Cavitation             3946.60723496      0.913
 Dispersion            -2162.81016882      1.099

 Computed Potential Energy
  Bond Stretching            440.68021410         6452        0.018 ( 0.01409)
  Angle Bending             1365.66141427        11528        0.001 ( 2.81358)
  Stretch-Bend                -3.64582060        10306        0.024
  Out-of-Plane Bend           82.35667280         4344        0.002
  Torsional Angle            728.95772437        16940        0.002
  Pi-Orbital Torsion          90.06550402          892        0.002
  Torsion-Torsion           -169.07391743           48        0.001
  Van der Waals             1201.21415208     20229086        0.133
  Atomic Multipoles       -12743.48958748     20229086
  Polarization             -2379.16732413     20229086       21.124
  Solvation                -3634.37126863     20253430
  Total Potential         -15020.81223663  (Kcal/mole)       21.311 (sec)
 Setting atom names to PDB standard.
 Saving 1QH7_input.pdb_2

 Script wall clock time: 1643.698 (sec)
WARNING: Using incubator modules: jdk.incubator.vector
WARNING: Using incubator modules: jdk.incubator.vector
Too few resources available to assign 1 node, 1 process, and 20 CPUs per process
=== Rotamer job done: Tue Apr 14 21:00:45 CDT 2026 ===
