 Evaluating /Dedicated/schnieders/programs/stack-2021.1.sh
  Loading Modules
   Stack 2021.1
   GCC 9.3.0
   CMake 3.20.0
   Eigen 3.3.9
   Cuda 11.1.1
   Cuda: /usr/share/apps/2021.1/arch/gcc-9.3.0/cuda-11.1.1
   CudaNN 8.0.5.39-11.1
   Swig 4.0.2_gcc-9.3.0
  Loading software from /Dedicated/schnieders/programs/local
   Ant: /Dedicated/schnieders/programs/apache-ant-1.10.11
   FFX: /Dedicated/schnieders/programs/ffx-builds/forcefieldx-2026-01-04
   GDMA: /Dedicated/schnieders/programs/gdma-2.3
   Groovy: /Dedicated/schnieders/programs/groovy-4.0.1
   Java: /Dedicated/schnieders/programs/jdk-25.0.1
   Maven: /Dedicated/schnieders/programs/apache-maven-3.9.5
   VMD: /Dedicated/schnieders/programs/vmd
   NAMD: /Dedicated/schnieders/programs/NAMD_3.0alpha7_Linux-x86_64-multicore-CUDA
   OpenEye: /Dedicated/schnieders/programs/OpenEye
   Tinker: /Dedicated/schnieders/programs/tinker-tools
=== Rotamer job started: Tue Apr 14 23:26:53 CDT 2026 ===
PDB: /Dedicated/schnieders/maemmad/pKa_GNN/ffx_pipeline/data/fixed_pdbs/8UOZ/8UOZ_input.pdb
WARNING: Using incubator modules: jdk.incubator.vector
 _________________________________________________________________________

        FORCE FIELD X - Polyglot Software for Molecular Biophysics 

        Version 1.0.0-6991  April 2026 
        Git Revision  937dfd3f3a84d0dc91f73b0419518078a8c41842 
 
        Please cite the following reference when using Force Field X:

        RA Gogal, AJ Nessler, AC Thiel, HV Bernabe, RA Corrigan Grove,
        LM Cousineau, JM Litman, JM Miller, G Qi, MJ Speranza,
        MR Tollefson, TD Fenn, JJ Michaelson, O Okada, JP Piquemal,
        JW Ponder, J Shen, RJH Smith, W Yang, P Ren and MJ Schnieders,
        2024, Journal of Chemical Physics, 161 (1).

        Copyright (c)  Michael J. Schnieders  2001-2026
        All Rights Reserved

        Force Field X is distributed under the GPL v. 3 license
        with linking exception and is hosted by the Schnieders Lab
        at The University of Iowa.

        User Manual:   https://ffx.biochem.uiowa.edu/manual.html
        Publications:  https://ffx.biochem.uiowa.edu/publications.html
        License:       https://ffx.biochem.uiowa.edu/licenses.html

 _________________________________________________________________________

 Tue Apr 14 23:26:55 CDT 2026
 Process ID 82920 on argon-itf-bx43-02.hpc.

 Command line arguments:
 [Minimize, -e, 0.8, /Dedicated/schnieders/maemmad/pKa_GNN/ffx_pipeline/data/fixed_pdbs/8UOZ/8UOZ_input.pdb]

 Executing internal command: ffx.algorithms.commands.Minimize

 Initializing 1 topologies...
 Parsing: Internal force field (amoeba-bio-2018-cphmd).
 Parsing: Structure properties from (/Dedicated/schnieders/maemmad/pKa_GNN/ffx_pipeline/data/fixed_pdbs/8UOZ/8UOZ_input.properties).
 Parsing: JVM system properties (i.e. command line -Dkey=value pairs).

 Attempting to read force field patch from /Dedicated/schnieders/maemmad/pKa_GNN/naphosphate_solute.09Feb21.prm.

 Renumbering Patch: FALSE
 Reading 8UOZ_input.pdb

 Assigning atom types for 2 chains.
 Amino acid chain A
 Amino acid chain B
 Renumbering PDB file due to built atoms (3442 vs 1684)
 Total number of atoms: 3442

 Constructing Force Field AMOEBA-BIO-2018-CPHMD

 SMP threads:                               128
 The system will be treated as aperiodic (max separation =   58.7 A).

 Bonded Terms
  Bonds:                                   3488
  Angles:                                  6327
  Stretch-Bends:                           5512
  Out-of-Plane Bends:                      2061
  Torsions:                                9250
  Pi-Orbital Torsions:                      437
  Torsion-Torsions:                          24

 Non-Bonded Terms

  Van der Waals
   Cut-Off:                                NONE
   Long-Range Correction:                 FALSE

 Electrostatics
   Polarization:                         MUTUAL
    SCF Convergence Criteria:         1.000e-06
    SCF Predictor:                         NONE
    SCF Algorithm:                           CG
    CG Preconditioner Cut-Off:            4.500
    CG Preconditioner Ewald Coeff.:       0.000
    CG Preconditioner Scale:              2.000
    CG Preconditioner Mode:     FLETCHER_REEVES
    Electrostatics Cut-Off:                NONE

  Continuum Solvation
   Radii:                                SOLUTE
   Generalized Kirkwood Cut-Off:           NONE
   GKC:                                  2.4550
   Solvent Dielectric:                  78.3000
   Solute Dielectric:                    1.0000
   Descreen with vdW Radii:                TRUE
   Descreen with Hydrogen Atoms:          FALSE
   Descreen Offset:                      0.0000
   General HCT Scale Factor:             0.7200
   Non-Polar Model:                  GAUSS-DISP
    GaussVol Radii Offset:               0.0000
    GaussVol Radii Scale:                1.0000
   Dispersion Integral Offset:           1.0560 (A)
   Cavitation Solvent Pressure:          0.0334 (Kcal/mol/A^3)
   Cavitation Surface Tension:           0.1030 (Kcal/mol/A^2)
   Cavitation Cross-Over Radius:         9.2515 (A)

  Overall system charge:                  5.000

 Opened 8UOZ_input.pdb in 1.684 sec.

 System Resources
  Total CPU time:          53.43 (sec)
  System load average:    247.86
  Open file handles:         146 of  81920 allowed
  System memory:           50114 MB free out of 257653 MB
  System swap space:        2023 MB free out of   2053 MB
  JVM memory:               3861 MB free out of   4096 MB

 Minimizing energy of Single Topology  [8UOZ_input.pdb] 
 Setting lambda to 0.000.
 Generalized Kirkwood  -2103.72920437      0.409
 Cavitation             2220.20931053      0.406
 Dispersion            -1463.39628378      0.254

 Computed Potential Energy
  Bond Stretching            211.38980471         3488        0.012 ( 0.01303)
  Angle Bending             1059.84313688         6327        0.020 ( 3.29447)
  Stretch-Bend                 3.79518809         5512        0.011
  Out-of-Plane Bend           19.28821798         2061        0.033
  Torsional Angle             81.42991409         9250        0.038
  Pi-Orbital Torsion          42.28578429          437        0.014
  Torsion-Torsion            -72.12332762           24        0.004
  Van der Waals             1233.41436665      5912146        1.476
  Atomic Multipoles        -4580.29159773      5912146
  Polarization              -590.01007028      5912146        7.557
  Solvation                -1346.91617761      5925403
  Total Potential          -3937.89476056  (Kcal/mole)        9.166 (sec)

 Limited Memory BFGS Quasi-Newton Optimization: 

 Cycle       Energy      G RMS    Delta E   Delta X    Angle  Evals     Time

     0   -3937.8948     9.1550
     1   -4196.1895     5.1435   258.2947    0.0041     0.00      2    9.559
     2   -4351.2950     4.2677   155.1055    0.0041    18.25      3    9.325
     3   -4472.9597     4.0110   121.6647    0.0041    34.17      4    8.699
     4   -4571.4162     3.4576    98.4565    0.0041    43.25      5    8.968
     5   -4649.9180     2.5671    78.5018    0.0041    48.24      6    8.750
     6   -4704.5101     2.3904    54.5921    0.0041    47.56      7    8.677
     7   -4746.1128     1.6390    41.6027    0.0041    55.75      8    8.318
     8   -4773.4023     1.7386    27.2895    0.0041    53.05      9    9.549
     9   -4794.4121     1.4961    21.0098    0.0041    61.98     10    9.126
    10   -4813.1371     1.3572    18.7250    0.0032    57.19     11    9.909
    11   -4831.5367     1.5906    18.3996    0.0041    54.65     12    8.790
    12   -4846.0178     1.4854    14.4810    0.0031    59.70     13    9.074
    13   -4857.9310     1.2477    11.9133    0.0020    58.70     14    9.176
    14   -4874.9981     1.0535    17.0671    0.0036    59.45     15    9.363
    15   -4888.6650     1.5382    13.6669    0.0041    62.96     16    8.554
    16   -4901.5227     1.1914    12.8577    0.0041    75.06     17    9.634
    17   -4912.3041     1.2198    10.7814    0.0041    72.17     18   10.465
    18   -4921.8371     0.8510     9.5330    0.0041    74.11     19   14.186
    19   -4929.1154     0.9617     7.2783    0.0040    69.01     20   10.589
    20   -4935.1948     0.9599     6.0795    0.0028    68.61     21    8.131
    21   -4942.1757     0.8343     6.9809    0.0021    63.55     22    7.804
    22   -4950.4093     1.0417     8.2336    0.0035    62.28     23    7.079
    23   -4957.3449     0.9702     6.9355    0.0036    71.15     24    8.209
    24   -4962.9043     0.8361     5.5594    0.0025    72.84     25    8.023
    25   -4969.9375     0.7800     7.0332    0.0041    72.00     26    8.680

 Optimization achieved convergence criteria:  0.77999
 Generalized Kirkwood  -2191.56323455      0.388
 Cavitation             2191.25459417      0.387
 Dispersion            -1482.67201585      0.312

 Computed Potential Energy
  Bond Stretching            302.48478311         3488        0.001 ( 0.01607)
  Angle Bending              780.30718747         6327        0.001 ( 2.86305)
  Stretch-Bend                 5.21116338         5512        0.000
  Out-of-Plane Bend           27.37749561         2061        0.000
  Torsional Angle             18.95345822         9250        0.000
  Pi-Orbital Torsion          35.75753146          437        0.000
  Torsion-Torsion            -89.06049122           24        0.001
  Van der Waals              577.08275955      5912146        0.093
  Atomic Multipoles        -4590.53746223      5912146
  Polarization              -554.53325061      5912146        4.792
  Solvation                -1482.98065623      5925403
  Total Potential          -4969.93748150  (Kcal/mole)        4.890 (sec)
 Setting atom names to PDB standard.
 Saving 8UOZ_input.pdb_2

 Script wall clock time: 255.484 (sec)
WARNING: Using incubator modules: jdk.incubator.vector
WARNING: Using incubator modules: jdk.incubator.vector
Too few resources available to assign 1 node, 1 process, and 20 CPUs per process
=== Rotamer job done: Tue Apr 14 23:35:05 CDT 2026 ===
