 Evaluating /Dedicated/schnieders/programs/stack-2021.1.sh
  Loading Modules
   Stack 2021.1
   GCC 9.3.0
   CMake 3.20.0
   Eigen 3.3.9
   Cuda 11.1.1
   Cuda: /usr/share/apps/2021.1/arch/gcc-9.3.0/cuda-11.1.1
   CudaNN 8.0.5.39-11.1
   Swig 4.0.2_gcc-9.3.0
  Loading software from /Dedicated/schnieders/programs/local
   Ant: /Dedicated/schnieders/programs/apache-ant-1.10.11
   FFX: /Dedicated/schnieders/programs/ffx-builds/forcefieldx-2026-01-04
   GDMA: /Dedicated/schnieders/programs/gdma-2.3
   Groovy: /Dedicated/schnieders/programs/groovy-4.0.1
   Java: /Dedicated/schnieders/programs/jdk-25.0.1
   Maven: /Dedicated/schnieders/programs/apache-maven-3.9.5
   VMD: /Dedicated/schnieders/programs/vmd
   NAMD: /Dedicated/schnieders/programs/NAMD_3.0alpha7_Linux-x86_64-multicore-CUDA
   OpenEye: /Dedicated/schnieders/programs/OpenEye
   Tinker: /Dedicated/schnieders/programs/tinker-tools
=== Rotamer job started: Tue Apr 14 22:46:41 CDT 2026 ===
PDB: /Dedicated/schnieders/maemmad/pKa_GNN/ffx_pipeline/data/fixed_pdbs/4KY7/4KY7_input.pdb
WARNING: Using incubator modules: jdk.incubator.vector
 _________________________________________________________________________

        FORCE FIELD X - Polyglot Software for Molecular Biophysics 

        Version 1.0.0-6991  April 2026 
        Git Revision  937dfd3f3a84d0dc91f73b0419518078a8c41842 
 
        Please cite the following reference when using Force Field X:

        RA Gogal, AJ Nessler, AC Thiel, HV Bernabe, RA Corrigan Grove,
        LM Cousineau, JM Litman, JM Miller, G Qi, MJ Speranza,
        MR Tollefson, TD Fenn, JJ Michaelson, O Okada, JP Piquemal,
        JW Ponder, J Shen, RJH Smith, W Yang, P Ren and MJ Schnieders,
        2024, Journal of Chemical Physics, 161 (1).

        Copyright (c)  Michael J. Schnieders  2001-2026
        All Rights Reserved

        Force Field X is distributed under the GPL v. 3 license
        with linking exception and is hosted by the Schnieders Lab
        at The University of Iowa.

        User Manual:   https://ffx.biochem.uiowa.edu/manual.html
        Publications:  https://ffx.biochem.uiowa.edu/publications.html
        License:       https://ffx.biochem.uiowa.edu/licenses.html

 _________________________________________________________________________

 Tue Apr 14 22:46:42 CDT 2026
 Process ID 116481 on argon-itf-bx43-02.hpc.

 Command line arguments:
 [Minimize, -e, 0.8, /Dedicated/schnieders/maemmad/pKa_GNN/ffx_pipeline/data/fixed_pdbs/4KY7/4KY7_input.pdb]

 Executing internal command: ffx.algorithms.commands.Minimize

 Initializing 1 topologies...
 Parsing: Internal force field (amoeba-bio-2018-cphmd).
 Parsing: Structure properties from (/Dedicated/schnieders/maemmad/pKa_GNN/ffx_pipeline/data/fixed_pdbs/4KY7/4KY7_input.properties).
 Parsing: JVM system properties (i.e. command line -Dkey=value pairs).

 Attempting to read force field patch from /Dedicated/schnieders/maemmad/pKa_GNN/naphosphate_solute.09Feb21.prm.

 Renumbering Patch: FALSE
 Reading 4KY7_input.pdb

 Assigning atom types for 1 chains.
 Amino acid chain A
 Renumbering PDB file due to built atoms (2155 vs 1062)
 Total number of atoms: 2155

 Constructing Force Field AMOEBA-BIO-2018-CPHMD

 SMP threads:                                20
 The system will be treated as aperiodic (max separation =   50.7 A).

 Bonded Terms
  Bonds:                                   2173
  Angles:                                  3953
  Stretch-Bends:                           3469
  Out-of-Plane Bends:                      1227
  Torsions:                                5768
  Pi-Orbital Torsions:                      228
  Torsion-Torsions:                           9

 Non-Bonded Terms

  Van der Waals
   Cut-Off:                                NONE
   Long-Range Correction:                 FALSE

 Electrostatics
   Polarization:                         MUTUAL
    SCF Convergence Criteria:         1.000e-06
    SCF Predictor:                         NONE
    SCF Algorithm:                           CG
    CG Preconditioner Cut-Off:            4.500
    CG Preconditioner Ewald Coeff.:       0.000
    CG Preconditioner Scale:              2.000
    CG Preconditioner Mode:     FLETCHER_REEVES
    Electrostatics Cut-Off:                NONE

  Continuum Solvation
   Radii:                                SOLUTE
   Generalized Kirkwood Cut-Off:           NONE
   GKC:                                  2.4550
   Solvent Dielectric:                  78.3000
   Solute Dielectric:                    1.0000
   Descreen with vdW Radii:                TRUE
   Descreen with Hydrogen Atoms:          FALSE
   Descreen Offset:                      0.0000
   General HCT Scale Factor:             0.7200
   Non-Polar Model:                  GAUSS-DISP
    GaussVol Radii Offset:               0.0000
    GaussVol Radii Scale:                1.0000
   Dispersion Integral Offset:           1.0560 (A)
   Cavitation Solvent Pressure:          0.0334 (Kcal/mol/A^3)
   Cavitation Surface Tension:           0.1030 (Kcal/mol/A^2)
   Cavitation Cross-Over Radius:         9.2515 (A)

  Overall system charge:                  8.000

 Opened 4KY7_input.pdb in 1.015 sec.

 System Resources
  Total CPU time:          16.83 (sec)
  System load average:    247.25
  Open file handles:         146 of  81920 allowed
  System memory:           38182 MB free out of  38960 MB
  System swap space:        2023 MB free out of   2053 MB
  JVM memory:               4028 MB free out of   4096 MB

 Minimizing energy of Single Topology  [4KY7_input.pdb] 
 Setting lambda to 0.000.
 Generalized Kirkwood  -3224.59371557      0.211
 Cavitation             1322.47910439      0.229
 Dispersion             -812.08537697      0.218

 Computed Potential Energy
  Bond Stretching            297.41245671         2173        0.002 ( 0.01841)
  Angle Bending              492.56912269         3953        0.005 ( 2.72811)
  Stretch-Bend                -4.96147288         3469        0.003
  Out-of-Plane Bend           89.02097808         1227        0.001
  Torsional Angle            160.44620227         5768        0.005
  Pi-Orbital Torsion          44.93247125          228        0.000
  Torsion-Torsion            -43.00827434            9        0.000
  Van der Waals             1197.95315180      2314809        0.778
  Atomic Multipoles        -3321.66069649      2314809
  Polarization              -848.66932199      2314809        3.892
  Solvation                -2714.19998815      2323090
  Total Potential          -4650.16537105  (Kcal/mole)        4.689 (sec)

 Limited Memory BFGS Quasi-Newton Optimization: 

 Cycle       Energy      G RMS    Delta E   Delta X    Angle  Evals     Time

     0   -4650.1654    14.6436
     1   -4959.5422     7.1834   309.3769    0.0052     0.00      2    2.186
     2   -5102.4815     5.8382   142.9393    0.0047    16.71      3    2.172
     3   -5224.6559     5.4127   122.1744    0.0052    37.00      4    2.178
     4   -5326.1331     4.9331   101.4773    0.0052    45.92      5    2.178
     5   -5411.6267     3.8544    85.4935    0.0052    50.64      6    2.310
     6   -5477.9691     3.1188    66.3425    0.0052    50.17      7    2.211
     7   -5529.2338     2.6203    51.2646    0.0052    51.36      8    2.117
     8   -5569.8346     2.2502    40.6009    0.0052    53.78      9    2.221
     9   -5602.9011     2.1465    33.0664    0.0052    56.26     10    2.047
    10   -5632.2865     2.2675    29.3854    0.0052    58.42     11    2.122
    11   -5660.0509     2.0417    27.7644    0.0052    63.08     12    2.087
    12   -5685.8507     2.1631    25.7998    0.0052    61.32     13    2.201
    13   -5711.0326     1.8610    25.1819    0.0052    64.85     14    1.993
    14   -5734.1649     1.9757    23.1323    0.0052    62.01     15    2.073
    15   -5756.2957     1.6948    22.1309    0.0052    65.45     16    2.248
    16   -5775.9183     1.7905    19.6226    0.0052    63.37     17    1.982
    17   -5794.3992     1.5432    18.4808    0.0052    66.45     18    2.205
    18   -5810.5296     1.6919    16.1304    0.0052    64.22     19    2.061
    19   -5824.7912     1.3823    14.2616    0.0052    68.64     20    1.846
    20   -5837.6380     1.6540    12.8468    0.0052    62.41     21    2.213
    21   -5847.8328     1.9056    10.1947    0.0048    64.92     22    2.103
    22   -5857.4542     1.1960     9.6215    0.0021    58.76     23    1.975
    23   -5867.7718     1.1098    10.3176    0.0031    48.41     24    2.151
    24   -5876.4813     1.9346     8.7095    0.0047    59.76     25    2.192
    25   -5887.5085     1.2882    11.0273    0.0049    76.36     26    1.993
    26   -5896.8186     0.9372     9.3101    0.0052    74.21     27    1.959
    27   -5903.9687     1.1234     7.1501    0.0052    72.58     28    1.989
    28   -5910.3155     0.9340     6.3468    0.0052    76.99     29    2.067
    29   -5915.9448     0.8735     5.6292    0.0052    76.22     30    2.152
    30   -5921.1793     1.0364     5.2346    0.0052    75.22     31    2.102
    31   -5926.9371     0.7991     5.7577    0.0052    76.84     32    2.007

 Optimization achieved convergence criteria:  0.79908
 Generalized Kirkwood  -3333.23258045      0.066
 Cavitation             1354.44295500      0.070
 Dispersion             -840.70850409      0.119

 Computed Potential Energy
  Bond Stretching            161.13054515         2173        0.000 ( 0.01488)
  Angle Bending              460.48830592         3953        0.000 ( 2.73845)
  Stretch-Bend                 2.61144875         3469        0.000
  Out-of-Plane Bend           23.30260434         1227        0.000
  Torsional Angle            119.10824220         5768        0.000
  Pi-Orbital Torsion          21.71732178          228        0.000
  Torsion-Torsion            -47.07243702            9        0.000
  Van der Waals              410.59512286      2314809        0.008
  Atomic Multipoles        -3421.26292175      2314809
  Polarization              -838.05716956      2314809        1.339
  Solvation                -2819.49812954      2323090
  Total Potential          -5926.93706687  (Kcal/mole)        1.349 (sec)
 Setting atom names to PDB standard.
 Saving 4KY7_input.pdb_2

 Script wall clock time: 76.221 (sec)
WARNING: Using incubator modules: jdk.incubator.vector
WARNING: Using incubator modules: jdk.incubator.vector
Too few resources available to assign 1 node, 1 process, and 20 CPUs per process
=== Rotamer job done: Tue Apr 14 22:50:59 CDT 2026 ===
