 Evaluating /Dedicated/schnieders/programs/stack-2021.1.sh
  Loading Modules
   Stack 2021.1
   GCC 9.3.0
   CMake 3.20.0
   Eigen 3.3.9
   Cuda 11.1.1
   Cuda: /usr/share/apps/2021.1/arch/gcc-9.3.0/cuda-11.1.1
   CudaNN 8.0.5.39-11.1
   Swig 4.0.2_gcc-9.3.0
  Loading software from /Dedicated/schnieders/programs/local
   Ant: /Dedicated/schnieders/programs/apache-ant-1.10.11
   FFX: /Dedicated/schnieders/programs/ffx-builds/forcefieldx-2026-01-04
   GDMA: /Dedicated/schnieders/programs/gdma-2.3
   Groovy: /Dedicated/schnieders/programs/groovy-4.0.1
   Java: /Dedicated/schnieders/programs/jdk-25.0.1
   Maven: /Dedicated/schnieders/programs/apache-maven-3.9.5
   VMD: /Dedicated/schnieders/programs/vmd
   NAMD: /Dedicated/schnieders/programs/NAMD_3.0alpha7_Linux-x86_64-multicore-CUDA
   OpenEye: /Dedicated/schnieders/programs/OpenEye
   Tinker: /Dedicated/schnieders/programs/tinker-tools
=== Rotamer job started: Tue Apr 14 21:39:38 CDT 2026 ===
PDB: /Dedicated/schnieders/maemmad/pKa_GNN/ffx_pipeline/data/fixed_pdbs/2RKS/2RKS_input.pdb
WARNING: Using incubator modules: jdk.incubator.vector
 _________________________________________________________________________

        FORCE FIELD X - Polyglot Software for Molecular Biophysics 

        Version 1.0.0-6991  April 2026 
        Git Revision  937dfd3f3a84d0dc91f73b0419518078a8c41842 
 
        Please cite the following reference when using Force Field X:

        RA Gogal, AJ Nessler, AC Thiel, HV Bernabe, RA Corrigan Grove,
        LM Cousineau, JM Litman, JM Miller, G Qi, MJ Speranza,
        MR Tollefson, TD Fenn, JJ Michaelson, O Okada, JP Piquemal,
        JW Ponder, J Shen, RJH Smith, W Yang, P Ren and MJ Schnieders,
        2024, Journal of Chemical Physics, 161 (1).

        Copyright (c)  Michael J. Schnieders  2001-2026
        All Rights Reserved

        Force Field X is distributed under the GPL v. 3 license
        with linking exception and is hosted by the Schnieders Lab
        at The University of Iowa.

        User Manual:   https://ffx.biochem.uiowa.edu/manual.html
        Publications:  https://ffx.biochem.uiowa.edu/publications.html
        License:       https://ffx.biochem.uiowa.edu/licenses.html

 _________________________________________________________________________

 Tue Apr 14 21:39:39 CDT 2026
 Process ID 22881 on argon-itf-bx43-03.hpc.

 Command line arguments:
 [Minimize, -e, 0.8, /Dedicated/schnieders/maemmad/pKa_GNN/ffx_pipeline/data/fixed_pdbs/2RKS/2RKS_input.pdb]

 Executing internal command: ffx.algorithms.commands.Minimize

 Initializing 1 topologies...
 Parsing: Internal force field (amoeba-bio-2018-cphmd).
 Parsing: Structure properties from (/Dedicated/schnieders/maemmad/pKa_GNN/ffx_pipeline/data/fixed_pdbs/2RKS/2RKS_input.properties).
 Parsing: JVM system properties (i.e. command line -Dkey=value pairs).

 Attempting to read force field patch from /Dedicated/schnieders/maemmad/pKa_GNN/naphosphate_solute.09Feb21.prm.

 Renumbering Patch: FALSE
 Reading 2RKS_input.pdb

 Assigning atom types for 1 chains.
 Amino acid chain A
 Renumbering PDB file due to built atoms (2395 vs 1178)
 Total number of atoms: 2395

 Constructing Force Field AMOEBA-BIO-2018-CPHMD

 SMP threads:                               128
 The system will be treated as aperiodic (max separation =   92.6 A).

 Bonded Terms
  Bonds:                                   2414
  Angles:                                  4396
  Stretch-Bends:                           3857
  Out-of-Plane Bends:                      1335
  Torsions:                                6415
  Pi-Orbital Torsions:                      245
  Torsion-Torsions:                          11

 Non-Bonded Terms

  Van der Waals
   Cut-Off:                                NONE
   Long-Range Correction:                 FALSE

 Electrostatics
   Polarization:                         MUTUAL
    SCF Convergence Criteria:         1.000e-06
    SCF Predictor:                         NONE
    SCF Algorithm:                           CG
    CG Preconditioner Cut-Off:            4.500
    CG Preconditioner Ewald Coeff.:       0.000
    CG Preconditioner Scale:              2.000
    CG Preconditioner Mode:     FLETCHER_REEVES
    Electrostatics Cut-Off:                NONE

  Continuum Solvation
   Radii:                                SOLUTE
   Generalized Kirkwood Cut-Off:           NONE
   GKC:                                  2.4550
   Solvent Dielectric:                  78.3000
   Solute Dielectric:                    1.0000
   Descreen with vdW Radii:                TRUE
   Descreen with Hydrogen Atoms:          FALSE
   Descreen Offset:                      0.0000
   General HCT Scale Factor:             0.7200
   Non-Polar Model:                  GAUSS-DISP
    GaussVol Radii Offset:               0.0000
    GaussVol Radii Scale:                1.0000
   Dispersion Integral Offset:           1.0560 (A)
   Cavitation Solvent Pressure:          0.0334 (Kcal/mol/A^3)
   Cavitation Surface Tension:           0.1030 (Kcal/mol/A^2)
   Cavitation Cross-Over Radius:         9.2515 (A)

  Overall system charge:                 12.000

 Opened 2RKS_input.pdb in 1.353 sec.

 System Resources
  Total CPU time:          50.34 (sec)
  System load average:    235.85
  Open file handles:         146 of  81920 allowed
  System memory:           95979 MB free out of 257653 MB
  System swap space:        1858 MB free out of   2053 MB
  JVM memory:               3927 MB free out of   4096 MB

 Minimizing energy of Single Topology  [2RKS_input.pdb] 
 Setting lambda to 0.000.
 Generalized Kirkwood  -4362.96117598      0.360
 Cavitation             1469.81312921      0.325
 Dispersion             -950.13819398      0.206

 Computed Potential Energy
  Bond Stretching            512.77931183         2414        0.011 ( 0.02652)
  Angle Bending             4252.98747272         4396        0.015 ( 6.06971)
  Stretch-Bend                49.26557516         3857        0.010
  Out-of-Plane Bend          235.82409222         1335        0.012
  Torsional Angle            229.16995689         6415        0.004
  Pi-Orbital Torsion          76.26335483          245        0.002
  Torsion-Torsion            -47.93243150           11        0.000
  Van der Waals            23436.81985608      2860005        0.683
  Atomic Multipoles        -2728.94172447      2860005
  Polarization             -1050.87956061      2860005        6.047
  Solvation                -3843.28624075      2869210
  Total Potential          21122.06966240  (Kcal/mole)        6.792 (sec)

 Limited Memory BFGS Quasi-Newton Optimization: 

 Cycle       Energy      G RMS    Delta E   Delta X    Angle  Evals     Time

     0   21122.0697   848.6014
     1    8814.4338   191.7212 12307.6359    0.0049     0.00      2    2.538
     2    6993.7134   138.4557  1820.7204    0.0016     2.01      3    5.741
     3    4237.5635    77.5879  2756.1499    0.0038    12.90      4    6.887
     4    2149.0300    46.7138  2088.5334    0.0049    14.70      5    6.392
     5     782.0515    32.7569  1366.9785    0.0049    11.59      6    7.000
     6    -206.8556    24.9092   988.9072    0.0049    12.19      7    6.310
     7    -955.8100    19.7770   748.9544    0.0049    15.71      8    5.398
     8   -1558.9122    16.1923   603.1022    0.0049    14.51      9    6.076
     9   -2059.9246    13.0975   501.0124    0.0049    14.94     10    5.764
    10   -2471.9653    11.0835   412.0407    0.0049    14.58     11    6.292
    11   -2815.5336     9.5697   343.5683    0.0049    16.63     12    6.308
    12   -3118.0797     8.0345   302.5461    0.0049    14.64     13    6.447
    13   -3369.8559     7.1724   251.7763    0.0049    15.40     14    6.358
    14   -3591.9602     6.0672   222.1043    0.0049    17.01     15    6.469
    15   -3784.0080     5.2459   192.0477    0.0049    13.75     16    6.421
    16   -3948.9739     4.7511   164.9659    0.0049    13.85     17    6.100
    17   -4097.3378     4.0301   148.3639    0.0049    17.45     18    5.900
    18   -4225.6705     3.7422   128.3327    0.0049    12.62     19    5.946
    19   -4341.2944     3.3040   115.6239    0.0049    19.08     20    5.939
    20   -4444.2829     3.0418   102.9885    0.0049    18.22     21    6.017
    21   -4536.2169     2.9225    91.9340    0.0049    20.77     22    6.307
    22   -4620.2400     2.5924    84.0231    0.0049    29.52     23    6.094
    23   -4694.7403     2.8505    74.5003    0.0049    27.46     24    5.986
    24   -4765.5386     2.5532    70.7983    0.0049    41.55     25    6.356
    25   -4829.2726     2.8858    63.7340    0.0049    39.47     26    6.121
    26   -4890.8097     2.6180    61.5370    0.0049    50.29     27    5.926
    27   -4947.6374     2.8818    56.8277    0.0049    48.36     28    5.855
    28   -5051.9213     2.6210   104.2839    0.0098    55.44     30   12.513
    29   -5100.3123     2.9549    48.3910    0.0049    53.22     31    6.218
    30   -5145.0784     2.8312    44.7661    0.0049    63.04     32    5.494
    31   -5192.3199     3.3825    47.2416    0.0049    56.83     33    5.805
    32   -5235.6341     3.1694    43.3142    0.0049    67.54     34    6.077
    33   -5278.7564     3.6471    43.1222    0.0049    64.28     35    6.140
    34   -5358.8464     2.9798    80.0900    0.0098    69.78     37   11.603
    35   -5397.5711     2.8378    38.7247    0.0049    66.32     38    5.748
    36   -5434.9373     2.3990    37.3662    0.0049    66.68     39    5.842
    37   -5468.6652     2.4603    33.7279    0.0049    64.73     40    5.496
    38   -5503.6992     1.9776    35.0340    0.0049    64.15     41    6.190
    39   -5533.9528     1.8687    30.2536    0.0049    62.53     42    6.174
    40   -5563.1937     2.4014    29.2409    0.0049    57.23     43    5.941
    41   -5589.5742     2.2275    26.3805    0.0049    70.53     44    6.380
    42   -5617.1817     2.1901    27.6075    0.0049    67.39     45    5.726
    43   -5642.9786     1.9061    25.7969    0.0049    69.28     46    6.454
    44   -5667.7924     1.9229    24.8138    0.0049    66.38     47    6.123
    45   -5691.4549     1.7223    23.6625    0.0049    68.32     48    6.403
    46   -5714.6903     1.7246    23.2353    0.0049    64.98     49    5.850
    47   -5736.1688     1.5656    21.4785    0.0049    67.99     50    6.254
    48   -5756.7847     1.8208    20.6158    0.0049    64.43     51    6.437
    49   -5775.5641     1.6800    18.7795    0.0049    71.83     52    6.092
    50   -5794.3280     1.9489    18.7639    0.0049    68.15     53    6.969
    51   -5811.3618     1.7988    17.0338    0.0049    74.72     54    6.520
    52   -5829.0171     1.8942    17.6552    0.0049    71.44     55    6.966
    53   -5845.1899     1.6796    16.1728    0.0049    75.01     56    6.449
    54   -5861.8213     1.7729    16.6314    0.0049    71.49     57    6.156
    55   -5877.3275     1.5651    15.5062    0.0049    74.67     58    6.138
    56   -5892.6179     1.7142    15.2903    0.0049    71.75     59    6.379
    57   -5907.1568     1.5289    14.5389    0.0049    75.16     60    6.315
    58   -5921.9315     1.5637    14.7747    0.0049    72.12     61    6.902
    59   -5935.3048     1.4073    13.3733    0.0049    74.98     62    6.378
    60   -5948.7058     1.6659    13.4010    0.0049    71.45     63    6.423
    61   -5960.7308     1.5340    12.0251    0.0049    77.35     64    6.457
    62   -5973.4181     1.6089    12.6873    0.0049    73.70     65    6.101
    63   -5984.2502     1.4943    10.8321    0.0049    78.22     66    6.684
    64   -5996.3111     1.6085    12.0609    0.0049    73.71     67    7.403
    65   -6006.3990     1.4872    10.0878    0.0049    79.01     68    5.761
    66   -6018.0752     1.4734    11.6762    0.0049    74.89     69    6.802
    67   -6028.1578     1.3421    10.0826    0.0049    78.02     70    6.195
    68   -6039.2602     1.4015    11.1024    0.0049    74.70     71    6.297
    69   -6050.0866     1.2316    10.8264    0.0049    76.53     72    4.796
    70   -6060.4682     1.3632    10.3816    0.0049    74.81     73    6.001
    71   -6071.4548     1.1895    10.9866    0.0049    75.95     74    5.608
    72   -6081.8443     1.2372    10.3894    0.0049    74.47     75    5.761
    73   -6092.6780     1.0597    10.8338    0.0049    74.51     76    5.527
    74   -6102.7214     1.0279    10.0434    0.0049    73.28     77    5.702
    75   -6112.4864     1.0725     9.7650    0.0049    72.44     78    5.489
    76   -6121.8379     0.9780     9.3515    0.0049    74.63     79    6.003
    77   -6130.2085     1.2390     8.3706    0.0049    74.03     80    5.869
    78   -6139.0379     1.1105     8.8295    0.0049    77.52     81    6.625
    79   -6147.0638     1.2541     8.0259    0.0049    76.94     82    6.293
    80   -6155.6354     1.1041     8.5715    0.0049    78.09     83    6.240
    81   -6163.7553     1.1413     8.1199    0.0049    76.98     84    6.088
    82   -6172.1440     1.0001     8.3888    0.0049    77.08     85    6.298
    83   -6180.1554     0.9493     8.0113    0.0049    76.10     86    6.052
    84   -6187.9376     1.0523     7.7822    0.0049    75.09     87    5.620
    85   -6195.7232     0.9580     7.7856    0.0049    77.18     88    6.180
    86   -6202.8773     1.1706     7.1542    0.0049    76.42     89    6.455
    87   -6210.5873     1.0406     7.7099    0.0049    78.61     90    6.873
    88   -6217.7236     1.1458     7.1363    0.0049    77.76     91    6.905
    89   -6225.2628     0.9986     7.5393    0.0049    78.57     92    6.028
    90   -6232.4331     1.0245     7.1702    0.0049    77.33     93    6.403
    91   -6239.6567     0.9062     7.2236    0.0049    77.62     94    6.732
    92   -6246.7126     0.8606     7.0558    0.0049    76.24     95    5.847
    93   -6253.3995     0.8429     6.6869    0.0049    76.19     96    6.599
    94   -6260.3923     0.7440     6.9928    0.0049    75.31     97    5.505

 Optimization achieved convergence criteria:  0.74396
 Generalized Kirkwood  -4486.48901276      0.179
 Cavitation             1541.04593136      0.189
 Dispersion            -1026.52361084      0.195

 Computed Potential Energy
  Bond Stretching            299.04684037         2414        0.040 ( 0.01979)
  Angle Bending              689.89167326         4396        0.008 ( 3.24899)
  Stretch-Bend                12.42174413         3857        0.006
  Out-of-Plane Bend           38.64596300         1335        0.005
  Torsional Angle            184.78936680         6415        0.011
  Pi-Orbital Torsion          49.57135672          245        0.009
  Torsion-Torsion            -51.33445739           11        0.002
  Van der Waals              421.16506554      2860005        0.079
  Atomic Multipoles        -3075.99653656      2860005
  Polarization              -856.62658763      2860005        4.503
  Solvation                -3971.96669224      2869210
  Total Potential          -6260.39226401  (Kcal/mole)        4.664 (sec)
 Setting atom names to PDB standard.
 Saving 2RKS_input.pdb_2

 Script wall clock time: 607.293 (sec)
WARNING: Using incubator modules: jdk.incubator.vector
WARNING: Using incubator modules: jdk.incubator.vector
Too few resources available to assign 1 node, 1 process, and 20 CPUs per process
=== Rotamer job done: Tue Apr 14 21:52:51 CDT 2026 ===
