 Evaluating /Dedicated/schnieders/programs/stack-2021.1.sh
  Loading Modules
   Stack 2021.1
   GCC 9.3.0
   CMake 3.20.0
   Eigen 3.3.9
   Cuda 11.1.1
   Cuda: /usr/share/apps/2021.1/arch/gcc-9.3.0/cuda-11.1.1
   CudaNN 8.0.5.39-11.1
   Swig 4.0.2_gcc-9.3.0
  Loading software from /Dedicated/schnieders/programs/local
   Ant: /Dedicated/schnieders/programs/apache-ant-1.10.11
   FFX: /Dedicated/schnieders/programs/ffx-builds/forcefieldx-2026-01-04
   GDMA: /Dedicated/schnieders/programs/gdma-2.3
   Groovy: /Dedicated/schnieders/programs/groovy-4.0.1
   Java: /Dedicated/schnieders/programs/jdk-25.0.1
   Maven: /Dedicated/schnieders/programs/apache-maven-3.9.5
   VMD: /Dedicated/schnieders/programs/vmd
   NAMD: /Dedicated/schnieders/programs/NAMD_3.0alpha7_Linux-x86_64-multicore-CUDA
   OpenEye: /Dedicated/schnieders/programs/OpenEye
   Tinker: /Dedicated/schnieders/programs/tinker-tools
=== Rotamer job started: Thu Apr 16 14:27:17 CDT 2026 ===
PDB: /Dedicated/schnieders/maemmad/pKa_GNN/ffx_pipeline/data/fixed_pdbs/1QH7/1QH7_input.pdb
WARNING: Using incubator modules: jdk.incubator.vector
 _________________________________________________________________________

        FORCE FIELD X - Polyglot Software for Molecular Biophysics 

        Version 1.0.0-6991  April 2026 
        Git Revision  937dfd3f3a84d0dc91f73b0419518078a8c41842 
 
        Please cite the following reference when using Force Field X:

        RA Gogal, AJ Nessler, AC Thiel, HV Bernabe, RA Corrigan Grove,
        LM Cousineau, JM Litman, JM Miller, G Qi, MJ Speranza,
        MR Tollefson, TD Fenn, JJ Michaelson, O Okada, JP Piquemal,
        JW Ponder, J Shen, RJH Smith, W Yang, P Ren and MJ Schnieders,
        2024, Journal of Chemical Physics, 161 (1).

        Copyright (c)  Michael J. Schnieders  2001-2026
        All Rights Reserved

        Force Field X is distributed under the GPL v. 3 license
        with linking exception and is hosted by the Schnieders Lab
        at The University of Iowa.

        User Manual:   https://ffx.biochem.uiowa.edu/manual.html
        Publications:  https://ffx.biochem.uiowa.edu/publications.html
        License:       https://ffx.biochem.uiowa.edu/licenses.html

 _________________________________________________________________________

 Thu Apr 16 14:27:18 CDT 2026
 Process ID 33690 on argon-itf-bx43-03.hpc.

 Command line arguments:
 [Minimize, -e, 0.8, /Dedicated/schnieders/maemmad/pKa_GNN/ffx_pipeline/data/fixed_pdbs/1QH7/1QH7_input.pdb]

 Executing internal command: ffx.algorithms.commands.Minimize

 Initializing 1 topologies...
 Parsing: Internal force field (amoeba-bio-2018-cphmd).
 Parsing: Structure properties from (/Dedicated/schnieders/maemmad/pKa_GNN/ffx_pipeline/data/fixed_pdbs/1QH7/1QH7_input.properties).
 Parsing: JVM system properties (i.e. command line -Dkey=value pairs).

 Attempting to read force field patch from /Dedicated/schnieders/maemmad/pKa_GNN/naphosphate_solute.09Feb21.prm.

 Renumbering Patch: FALSE
 Reading 1QH7_input.pdb

 Assigning atom types for 2 chains.
 Amino acid chain A
 Amino acid chain B
 Renumbering PDB file due to built atoms (6364 vs 3272)
 Total number of atoms: 6364

 Constructing Force Field AMOEBA-BIO-2018-CPHMD

 SMP threads:                               128
 The system will be treated as aperiodic (max separation =   93.6 A).

 Bonded Terms
  Bonds:                                   6452
  Angles:                                 11528
  Stretch-Bends:                          10306
  Out-of-Plane Bends:                      4344
  Torsions:                               16940
  Pi-Orbital Torsions:                      892
  Torsion-Torsions:                          48

 Non-Bonded Terms

  Van der Waals
   Cut-Off:                                NONE
   Long-Range Correction:                 FALSE

 Electrostatics
   Polarization:                         MUTUAL
    SCF Convergence Criteria:         1.000e-06
    SCF Predictor:                         NONE
    SCF Algorithm:                           CG
    CG Preconditioner Cut-Off:            4.500
    CG Preconditioner Ewald Coeff.:       0.000
    CG Preconditioner Scale:              2.000
    CG Preconditioner Mode:     FLETCHER_REEVES
    Electrostatics Cut-Off:                NONE

  Continuum Solvation
   Radii:                                SOLUTE
   Generalized Kirkwood Cut-Off:           NONE
   GKC:                                  2.4550
   Solvent Dielectric:                  78.3000
   Solute Dielectric:                    1.0000
   Descreen with vdW Radii:                TRUE
   Descreen with Hydrogen Atoms:          FALSE
   Descreen Offset:                      0.0000
   General HCT Scale Factor:             0.7200
   Non-Polar Model:                  GAUSS-DISP
    GaussVol Radii Offset:               0.0000
    GaussVol Radii Scale:                1.0000
   Dispersion Integral Offset:           1.0560 (A)
   Cavitation Solvent Pressure:          0.0334 (Kcal/mol/A^3)
   Cavitation Surface Tension:           0.1030 (Kcal/mol/A^2)
   Cavitation Cross-Over Radius:         9.2515 (A)

  Overall system charge:                 10.000

 Opened 1QH7_input.pdb in 2.383 sec.

 System Resources
  Total CPU time:          74.01 (sec)
  System load average:    123.47
  Open file handles:         146 of  81920 allowed
  System memory:           81974 MB free out of 257653 MB
  System swap space:        1860 MB free out of   2053 MB
  JVM memory:               3650 MB free out of   4096 MB

 Minimizing energy of Single Topology  [1QH7_input.pdb] 
 Setting lambda to 0.000.
 Generalized Kirkwood  -5194.28827966      0.602
 Cavitation             3907.48231155      0.577
 Dispersion            -2108.58234087      0.608

 Computed Potential Energy
  Bond Stretching            676.60700569         6452        0.013 ( 0.01610)
  Angle Bending             1917.86229025        11528        0.018 ( 3.23938)
  Stretch-Bend               -13.66806732        10306        0.009
  Out-of-Plane Bend          276.02452581         4344        0.005
  Torsional Angle            841.91534660        16940        0.016
  Pi-Orbital Torsion         145.97067717          892        0.005
  Torsion-Torsion           -155.60186971           48        0.006
  Van der Waals            10286.85234506     20229086        1.572
  Atomic Multipoles       -12286.94274388     20229086
  Polarization             -2410.76117260     20229086       11.657
  Solvation                -3395.38830898     20253430
  Total Potential          -4117.12997191  (Kcal/mole)       13.309 (sec)

 Limited Memory BFGS Quasi-Newton Optimization: 

 Cycle       Energy      G RMS    Delta E   Delta X    Angle  Evals     Time

     0   -4117.1300   123.8677
     1   -7501.9453    39.6776  3384.8154    0.0030     0.00      2   39.211
     2   -8497.2065    27.5672   995.2612    0.0016     3.28      3   34.795
     3   -9740.8414    17.4130  1243.6349    0.0030    12.02      4   35.164
     4  -10574.1803    12.5124   833.3389    0.0030    13.01      5   33.771
     5  -11191.5009     9.7051   617.3206    0.0030    15.14      6   34.288
     6  -11675.2702     7.9086   483.7694    0.0030    17.88      7   34.095
     7  -12064.1353     6.8095   388.8651    0.0030    19.75      8   35.714
     8  -12402.6727     5.6266   338.5374    0.0030    19.54      9   32.400
     9  -12687.4421     4.8613   284.7694    0.0030    18.54     10   35.680
    10  -12924.6120     4.6211   237.1699    0.0030    19.50     11   34.275
    11  -13144.7531     3.7591   220.1410    0.0030    26.91     12   33.241
    12  -13326.8298     3.6054   182.0767    0.0030    23.63     13   34.693
    13  -13491.9320     2.9533   165.1022    0.0030    30.14     14   32.567
    14  -13634.8325     2.5719   142.9005    0.0030    24.89     15   32.762
    15  -13756.5499     2.5066   121.7174    0.0030    24.51     16   32.954
    16  -13868.3495     2.1179   111.7996    0.0030    33.68     17   33.808
    17  -13964.2553     2.2006    95.9058    0.0030    29.56     18   32.115
    18  -14053.7535     1.8520    89.4982    0.0030    40.69     19   32.264
    19  -14129.5746     2.0965    75.8211    0.0030    37.95     20   31.906
    20  -14202.2698     1.7461    72.6952    0.0030    49.64     21   33.700
    21  -14265.2881     1.8508    63.0184    0.0030    46.62     22   33.001
