 Evaluating /Dedicated/schnieders/programs/stack-2021.1.sh
  Loading Modules
   Stack 2021.1
   GCC 9.3.0
   CMake 3.20.0
   Eigen 3.3.9
   Cuda 11.1.1
   Cuda: /usr/share/apps/2021.1/arch/gcc-9.3.0/cuda-11.1.1
   CudaNN 8.0.5.39-11.1
   Swig 4.0.2_gcc-9.3.0
  Loading software from /Dedicated/schnieders/programs/local
   Ant: /Dedicated/schnieders/programs/apache-ant-1.10.11
   FFX: /Dedicated/schnieders/programs/ffx-builds/forcefieldx-2026-01-04
   GDMA: /Dedicated/schnieders/programs/gdma-2.3
   Groovy: /Dedicated/schnieders/programs/groovy-4.0.1
   Java: /Dedicated/schnieders/programs/jdk-25.0.1
   Maven: /Dedicated/schnieders/programs/apache-maven-3.9.5
   VMD: /Dedicated/schnieders/programs/vmd
   NAMD: /Dedicated/schnieders/programs/NAMD_3.0alpha7_Linux-x86_64-multicore-CUDA
   OpenEye: /Dedicated/schnieders/programs/OpenEye
   Tinker: /Dedicated/schnieders/programs/tinker-tools
=== Rotamer job started: Tue Apr 14 23:13:01 CDT 2026 ===
PDB: /Dedicated/schnieders/maemmad/pKa_GNN/ffx_pipeline/data/fixed_pdbs/5I6Y/5I6Y_input.pdb
WARNING: Using incubator modules: jdk.incubator.vector
 _________________________________________________________________________

        FORCE FIELD X - Polyglot Software for Molecular Biophysics 

        Version 1.0.0-6991  April 2026 
        Git Revision  937dfd3f3a84d0dc91f73b0419518078a8c41842 
 
        Please cite the following reference when using Force Field X:

        RA Gogal, AJ Nessler, AC Thiel, HV Bernabe, RA Corrigan Grove,
        LM Cousineau, JM Litman, JM Miller, G Qi, MJ Speranza,
        MR Tollefson, TD Fenn, JJ Michaelson, O Okada, JP Piquemal,
        JW Ponder, J Shen, RJH Smith, W Yang, P Ren and MJ Schnieders,
        2024, Journal of Chemical Physics, 161 (1).

        Copyright (c)  Michael J. Schnieders  2001-2026
        All Rights Reserved

        Force Field X is distributed under the GPL v. 3 license
        with linking exception and is hosted by the Schnieders Lab
        at The University of Iowa.

        User Manual:   https://ffx.biochem.uiowa.edu/manual.html
        Publications:  https://ffx.biochem.uiowa.edu/publications.html
        License:       https://ffx.biochem.uiowa.edu/licenses.html

 _________________________________________________________________________

 Tue Apr 14 23:13:03 CDT 2026
 Process ID 38186 on argon-itf-bx54-12.hpc.

 Command line arguments:
 [Minimize, -e, 0.8, /Dedicated/schnieders/maemmad/pKa_GNN/ffx_pipeline/data/fixed_pdbs/5I6Y/5I6Y_input.pdb]

 Executing internal command: ffx.algorithms.commands.Minimize

 Initializing 1 topologies...
 Parsing: Internal force field (amoeba-bio-2018-cphmd).
 Parsing: Structure properties from (/Dedicated/schnieders/maemmad/pKa_GNN/ffx_pipeline/data/fixed_pdbs/5I6Y/5I6Y_input.properties).
 Parsing: JVM system properties (i.e. command line -Dkey=value pairs).

 Attempting to read force field patch from /Dedicated/schnieders/maemmad/pKa_GNN/naphosphate_solute.09Feb21.prm.

 Renumbering Patch: FALSE
 Reading 5I6Y_input.pdb

 Assigning atom types for 1 chains.
 Amino acid chain A
 Renumbering PDB file due to built atoms (2105 vs 1038)
 Total number of atoms: 2105

 Constructing Force Field AMOEBA-BIO-2018-CPHMD

 SMP threads:                               112
 The system will be treated as aperiodic (max separation =   50.3 A).

 Bonded Terms
  Bonds:                                   2123
  Angles:                                  3860
  Stretch-Bends:                           3386
  Out-of-Plane Bends:                      1206
  Torsions:                                5633
  Pi-Orbital Torsions:                      225
  Torsion-Torsions:                           9

 Non-Bonded Terms

  Van der Waals
   Cut-Off:                                NONE
   Long-Range Correction:                 FALSE

 Electrostatics
   Polarization:                         MUTUAL
    SCF Convergence Criteria:         1.000e-06
    SCF Predictor:                         NONE
    SCF Algorithm:                           CG
    CG Preconditioner Cut-Off:            4.500
    CG Preconditioner Ewald Coeff.:       0.000
    CG Preconditioner Scale:              2.000
    CG Preconditioner Mode:     FLETCHER_REEVES
    Electrostatics Cut-Off:                NONE

  Continuum Solvation
   Radii:                                SOLUTE
   Generalized Kirkwood Cut-Off:           NONE
   GKC:                                  2.4550
   Solvent Dielectric:                  78.3000
   Solute Dielectric:                    1.0000
   Descreen with vdW Radii:                TRUE
   Descreen with Hydrogen Atoms:          FALSE
   Descreen Offset:                      0.0000
   General HCT Scale Factor:             0.7200
   Non-Polar Model:                  GAUSS-DISP
    GaussVol Radii Offset:               0.0000
    GaussVol Radii Scale:                1.0000
   Dispersion Integral Offset:           1.0560 (A)
   Cavitation Solvent Pressure:          0.0334 (Kcal/mol/A^3)
   Cavitation Surface Tension:           0.1030 (Kcal/mol/A^2)
   Cavitation Cross-Over Radius:         9.2515 (A)

  Overall system charge:                  7.000

 Opened 5I6Y_input.pdb in 1.595 sec.

 System Resources
  Total CPU time:          51.79 (sec)
  System load average:    148.92
  Open file handles:         146 of  81920 allowed
  System memory:           98504 MB free out of 128546 MB
  System swap space:        2040 MB free out of   2053 MB
  JVM memory:               3958 MB free out of   4096 MB

 Minimizing energy of Single Topology  [5I6Y_input.pdb] 
 Setting lambda to 0.000.
 Generalized Kirkwood  -2748.21174915      0.295
 Cavitation             1288.19809259      0.798
 Dispersion             -780.33023748      0.414

 Computed Potential Energy
  Bond Stretching            244.25285048         2123        0.013 ( 0.01690)
  Angle Bending              487.87225883         3860        0.013 ( 2.76035)
  Stretch-Bend                 6.85673260         3386        0.010
  Out-of-Plane Bend           70.52971115         1206        0.003
  Torsional Angle            188.06925989         5633        0.010
  Pi-Orbital Torsion          39.11350071          225        0.002
  Torsion-Torsion            -44.11416971            9        0.002
  Van der Waals             1141.82697178      2208477        0.677
  Atomic Multipoles        -3582.10208175      2208477
  Polarization              -822.26097465      2208477        7.161
  Solvation                -2240.34389405      2216565
  Total Potential          -4510.29983472  (Kcal/mole)        7.895 (sec)

 Limited Memory BFGS Quasi-Newton Optimization: 

 Cycle       Energy      G RMS    Delta E   Delta X    Angle  Evals     Time

     0   -4510.2998    13.1611
     1   -4783.7088     6.6025   273.4089    0.0052     0.00      2    6.746
     2   -4920.5152     5.5452   136.8064    0.0047    18.51      3    5.554
     3   -5037.5982     5.0752   117.0830    0.0052    36.12      4    5.472
     4   -5129.6164     4.5780    92.0182    0.0052    44.89      5    5.432
     5   -5204.5958     3.4185    74.9794    0.0052    51.56      6    5.684
     6   -5259.5532     3.1016    54.9574    0.0052    50.28      7    4.754
     7   -5304.0675     2.3889    44.5143    0.0052    55.81      8    5.555
     8   -5338.9783     2.4009    34.9108    0.0052    54.14      9    5.048
     9   -5368.5187     2.1553    29.5404    0.0052    60.06     10    6.002
    10   -5395.4142     2.0675    26.8956    0.0052    60.07     11    5.212
    11   -5419.7184     2.0993    24.3042    0.0052    61.13     12    5.825
    12   -5443.4124     1.8723    23.6940    0.0052    63.27     13    5.417
    13   -5464.9471     1.9120    21.5347    0.0052    62.01     14    5.696
    14   -5486.1180     1.7820    21.1709    0.0052    64.23     15    5.168
    15   -5505.0612     1.9777    18.9432    0.0052    64.07     16    5.727
    16   -5523.8233     1.5884    18.7621    0.0052    68.31     17    5.707
    17   -5539.5606     2.0129    15.7373    0.0052    64.43     18    6.001
    18   -5555.0688     1.3589    15.5082    0.0052    71.07     19    5.398
    19   -5567.2983     1.6918    12.2295    0.0052    63.38     20    5.699
    20   -5578.0137     1.6585    10.7155    0.0052    68.21     21    5.423
    21   -5586.6314     1.2203     8.6177    0.0021    57.97     22    5.820
    22   -5597.4656     1.1603    10.8341    0.0037    53.29     23    5.350
    23   -5605.7293     2.0395     8.2638    0.0052    64.92     24    5.744
    24   -5615.9526     1.3486    10.2233    0.0050    77.97     25    5.667
    25   -5624.4206     0.9445     8.4680    0.0052    75.61     26    5.747
    26   -5630.5469     1.1573     6.1263    0.0052    73.84     27    4.839
    27   -5636.1280     0.9348     5.5811    0.0052    78.03     28    5.287
    28   -5641.6528     0.9910     5.5248    0.0052    75.72     29    5.282
    29   -5647.5305     0.9172     5.8777    0.0052    75.42     30    4.947
    30   -5654.2546     0.9984     6.7241    0.0052    71.14     31    4.845
    31   -5660.8761     1.2552     6.6215    0.0052    68.88     32    4.841
    32   -5666.9077     1.1154     6.0316    0.0034    69.41     33    5.161
    33   -5673.3063     1.1417     6.3987    0.0032    64.93     34    5.853
    34   -5680.0111     1.1415     6.7048    0.0046    68.58     35    5.665
    35   -5685.1426     1.0916     5.1314    0.0038    72.36     36    5.268
    36   -5690.4032     0.9153     5.2606    0.0051    77.81     37    4.926
    37   -5694.8259     1.0225     4.4227    0.0052    77.14     38    5.327
    38   -5699.0788     0.7632     4.2530    0.0052    79.65     39    5.209

 Optimization achieved convergence criteria:  0.76316
 Generalized Kirkwood  -2880.97218916      0.149
 Cavitation             1320.45284039      0.324
 Dispersion             -816.30601489      0.181

 Computed Potential Energy
  Bond Stretching            175.47456385         2123        0.001 ( 0.01572)
  Angle Bending              453.29896213         3860        0.001 ( 2.74475)
  Stretch-Bend                 3.31367502         3386        0.000
  Out-of-Plane Bend           20.70277851         1206        0.000
  Torsional Angle            122.47570550         5633        0.001
  Pi-Orbital Torsion          16.82897697          225        0.004
  Torsion-Torsion            -50.31415389            9        0.020
  Van der Waals              349.22055995      2208477        0.029
  Atomic Multipoles        -3634.07899025      2208477
  Polarization              -779.17556165      2208477        4.304
  Solvation                -2376.82536365      2216565
  Total Potential          -5699.07884752  (Kcal/mole)        4.383 (sec)
 Setting atom names to PDB standard.
 Saving 5I6Y_input.pdb_2

 Script wall clock time: 232.978 (sec)
WARNING: Using incubator modules: jdk.incubator.vector
WARNING: Using incubator modules: jdk.incubator.vector
Too few resources available to assign 1 node, 1 process, and 20 CPUs per process
=== Rotamer job done: Tue Apr 14 23:19:54 CDT 2026 ===
