 Evaluating /Dedicated/schnieders/programs/stack-2021.1.sh
  Loading Modules
   Stack 2021.1
   GCC 9.3.0
   CMake 3.20.0
   Eigen 3.3.9
   Cuda 11.1.1
   Cuda: /usr/share/apps/2021.1/arch/gcc-9.3.0/cuda-11.1.1
   CudaNN 8.0.5.39-11.1
   Swig 4.0.2_gcc-9.3.0
  Loading software from /Dedicated/schnieders/programs/local
   Ant: /Dedicated/schnieders/programs/apache-ant-1.10.11
   FFX: /Dedicated/schnieders/programs/ffx-builds/forcefieldx-2026-01-04
   GDMA: /Dedicated/schnieders/programs/gdma-2.3
   Groovy: /Dedicated/schnieders/programs/groovy-4.0.1
   Java: /Dedicated/schnieders/programs/jdk-25.0.1
   Maven: /Dedicated/schnieders/programs/apache-maven-3.9.5
   VMD: /Dedicated/schnieders/programs/vmd
   NAMD: /Dedicated/schnieders/programs/NAMD_3.0alpha7_Linux-x86_64-multicore-CUDA
   OpenEye: /Dedicated/schnieders/programs/OpenEye
   Tinker: /Dedicated/schnieders/programs/tinker-tools
=== Rotamer job started: Mon May  4 07:44:26 CDT 2026 ===
PDB: /Dedicated/schnieders/maemmad/pKa_GNN/ffx_pipeline/data/fixed_pdbs/3CYF/3CYF_input.pdb
WARNING: Using incubator modules: jdk.incubator.vector
 _________________________________________________________________________

        FORCE FIELD X - Polyglot Software for Molecular Biophysics 

        Version 1.0.0-6991  April 2026 
        Git Revision  937dfd3f3a84d0dc91f73b0419518078a8c41842 
 
        Please cite the following reference when using Force Field X:

        RA Gogal, AJ Nessler, AC Thiel, HV Bernabe, RA Corrigan Grove,
        LM Cousineau, JM Litman, JM Miller, G Qi, MJ Speranza,
        MR Tollefson, TD Fenn, JJ Michaelson, O Okada, JP Piquemal,
        JW Ponder, J Shen, RJH Smith, W Yang, P Ren and MJ Schnieders,
        2024, Journal of Chemical Physics, 161 (1).

        Copyright (c)  Michael J. Schnieders  2001-2026
        All Rights Reserved

        Force Field X is distributed under the GPL v. 3 license
        with linking exception and is hosted by the Schnieders Lab
        at The University of Iowa.

        User Manual:   https://ffx.biochem.uiowa.edu/manual.html
        Publications:  https://ffx.biochem.uiowa.edu/publications.html
        License:       https://ffx.biochem.uiowa.edu/licenses.html

 _________________________________________________________________________

 Mon May 04 07:44:28 CDT 2026
 Process ID 36621 on argon-itf-bx54-13.hpc.

 Command line arguments:
 [Minimize, -e, 0.8, /Dedicated/schnieders/maemmad/pKa_GNN/ffx_pipeline/data/fixed_pdbs/3CYF/3CYF_input.pdb]

 Executing internal command: ffx.algorithms.commands.Minimize

 Initializing 1 topologies...
 Parsing: Internal force field (amoeba-bio-2018-cphmd).
 Parsing: Structure properties from (/Dedicated/schnieders/maemmad/pKa_GNN/ffx_pipeline/data/fixed_pdbs/3CYF/3CYF_input.properties).
 Parsing: JVM system properties (i.e. command line -Dkey=value pairs).

 Attempting to read force field patch from /Dedicated/schnieders/maemmad/pKa_GNN/naphosphate_solute.09Feb21.prm.

 Renumbering Patch: FALSE
 Reading 3CYF_input.pdb

 Assigning atom types for 1 chains.
 Amino acid chain A
 Renumbering PDB file due to built atoms (2982 vs 2981)
 Total number of atoms: 2982

 Constructing Force Field AMOEBA-BIO-2018-CPHMD

 SMP threads:                               112
 The system will be treated as aperiodic (max separation =   86.5 A).

 Bonded Terms
  Bonds:                                   3005
  Angles:                                  5481
  Stretch-Bends:                           4770
  Out-of-Plane Bends:                      1644
  Torsions:                                7980
  Pi-Orbital Torsions:                      288
  Torsion-Torsions:                          18

 Non-Bonded Terms

  Van der Waals
   Cut-Off:                                NONE
   Long-Range Correction:                 FALSE

 Electrostatics
   Polarization:                         MUTUAL
    SCF Convergence Criteria:         1.000e-06
    SCF Predictor:                         NONE
    SCF Algorithm:                           CG
    CG Preconditioner Cut-Off:            4.500
    CG Preconditioner Ewald Coeff.:       0.000
    CG Preconditioner Scale:              2.000
    CG Preconditioner Mode:     FLETCHER_REEVES
    Electrostatics Cut-Off:                NONE

  Continuum Solvation
   Radii:                                SOLUTE
   Generalized Kirkwood Cut-Off:           NONE
   GKC:                                  2.4550
   Solvent Dielectric:                  78.3000
   Solute Dielectric:                    1.0000
   Descreen with vdW Radii:                TRUE
   Descreen with Hydrogen Atoms:          FALSE
   Descreen Offset:                      0.0000
   General HCT Scale Factor:             0.7200
   Non-Polar Model:                  GAUSS-DISP
    GaussVol Radii Offset:               0.0000
    GaussVol Radii Scale:                1.0000
   Dispersion Integral Offset:           1.0560 (A)
   Cavitation Solvent Pressure:          0.0334 (Kcal/mol/A^3)
   Cavitation Surface Tension:           0.1030 (Kcal/mol/A^2)
   Cavitation Cross-Over Radius:         9.2515 (A)

  Overall system charge:                  8.000

 Opened 3CYF_input.pdb in 2.728 sec.

 System Resources
  Total CPU time:          49.28 (sec)
  System load average:      0.87
  Open file handles:         146 of  81920 allowed
  System memory:           43193 MB free out of  44520 MB
  System swap space:        1793 MB free out of   2053 MB
  JVM memory:               3907 MB free out of   4096 MB

 Minimizing energy of Single Topology  [3CYF_input.pdb] 
 Setting lambda to 0.000.
 Generalized Kirkwood  -3681.56566684      1.116
 Cavitation             1836.74286812      1.177
 Dispersion            -1111.05168374      0.815

 Computed Potential Energy
  Bond Stretching            575.43417998         3005        0.009 ( 0.02645)
  Angle Bending             4454.29489879         5481        0.008 ( 5.15468)
  Stretch-Bend                42.22337595         4770        0.002
  Out-of-Plane Bend          208.20894208         1644        0.002
  Torsional Angle            421.55694103         7980        0.005
  Pi-Orbital Torsion         187.54615557          288        0.068
  Torsion-Torsion            -74.00589477           18        0.001
  Van der Waals            33420.21870745      4436185        4.222
  Atomic Multipoles        -5010.05833618      4436185
  Polarization             -1078.66996937      4436185       22.296
  Solvation                -2955.87448247      4447653
  Total Potential          30190.87451807  (Kcal/mole)       26.614 (sec)

 Limited Memory BFGS Quasi-Newton Optimization: 

 Cycle       Energy      G RMS    Delta E   Delta X    Angle  Evals     Time

     0   30190.8745  1734.6308
     1   10087.2402   277.1762 20103.6343    0.0044     0.00      2   14.104
     2    8264.8740   210.9139  1822.3662    0.0008     5.44      3   13.295
     3    5398.0376   127.9129  2866.8364    0.0020    13.39      4   12.486
     4    2414.3354    62.1000  2983.7022    0.0039    16.89      5   11.990
     5     699.3060    39.5228  1715.0294    0.0044     6.70      6   12.701
     6    -425.6716    36.6617  1124.9775    0.0044    25.00      7   13.114
     7   -1363.3868    29.0817   937.7153    0.0044    41.21      8   12.683
     8   -2118.6722    27.4998   755.2853    0.0044    42.35      9   13.726
     9   -2772.8835    20.2932   654.2113    0.0044    46.73     10   12.907
    10   -3287.2513    16.3918   514.3678    0.0044    43.78     11   14.482
    11   -3697.0718    13.3363   409.8205    0.0044    45.24     12   12.402
    12   -4042.9870    10.4259   345.9152    0.0044    42.53     13   13.087
    13   -4321.1069     8.9072   278.1199    0.0044    42.16     14   12.871
    14   -4577.4652     6.4638   256.3582    0.0044    35.29     15   12.930
    15   -4783.0608     5.6054   205.5956    0.0044    28.89     16   12.607
    16   -4965.1975     4.9709   182.1367    0.0044    22.67     17   11.581
    17   -5128.9519     4.2743   163.7543    0.0044    26.23     18   12.246
    18   -5269.5498     4.2731   140.5979    0.0044    25.11     19   13.676
    19   -5401.8407     3.6824   132.2909    0.0044    32.31     20   11.810
    20   -5519.3219     3.3874   117.4812    0.0044    29.45     21   12.590
    21   -5624.1624     3.1832   104.8405    0.0044    31.66     22   12.759
    22   -5720.0782     2.8309    95.9158    0.0044    34.70     23   12.124
    23   -5804.9695     2.7421    84.8913    0.0044    33.87     24   11.787
    24   -5882.7864     2.4556    77.8168    0.0044    38.81     25   12.406
    25   -5952.1389     2.3524    69.3525    0.0044    37.99     26   11.824
    26   -6015.1667     2.1122    63.0279    0.0044    42.30     27   11.491
    27   -6071.3547     2.1611    56.1880    0.0044    41.79     28   12.676
    28   -6123.4445     1.9263    52.0898    0.0044    47.91     29   11.030
    29   -6170.2050     1.8973    46.7605    0.0044    47.50     30   11.020
    30   -6213.4437     1.8114    43.2387    0.0044    50.53     31   12.478
    31   -6253.6300     1.7503    40.1863    0.0044    51.55     32   12.515
