 Evaluating /Dedicated/schnieders/programs/stack-2021.1.sh
  Loading Modules
   Stack 2021.1
   GCC 9.3.0
   CMake 3.20.0
   Eigen 3.3.9
   Cuda 11.1.1
   Cuda: /usr/share/apps/2021.1/arch/gcc-9.3.0/cuda-11.1.1
   CudaNN 8.0.5.39-11.1
   Swig 4.0.2_gcc-9.3.0
  Loading software from /Dedicated/schnieders/programs/local
   Ant: /Dedicated/schnieders/programs/apache-ant-1.10.11
   FFX: /Dedicated/schnieders/programs/ffx-builds/forcefieldx-2026-01-04
   GDMA: /Dedicated/schnieders/programs/gdma-2.3
   Groovy: /Dedicated/schnieders/programs/groovy-4.0.1
   Java: /Dedicated/schnieders/programs/jdk-25.0.1
   Maven: /Dedicated/schnieders/programs/apache-maven-3.9.5
   VMD: /Dedicated/schnieders/programs/vmd
   NAMD: /Dedicated/schnieders/programs/NAMD_3.0alpha7_Linux-x86_64-multicore-CUDA
   OpenEye: /Dedicated/schnieders/programs/OpenEye
   Tinker: /Dedicated/schnieders/programs/tinker-tools
=== Rotamer job started: Tue Apr 14 23:20:17 CDT 2026 ===
PDB: /Dedicated/schnieders/maemmad/pKa_GNN/ffx_pipeline/data/fixed_pdbs/5KIX/5KIX_input.pdb
WARNING: Using incubator modules: jdk.incubator.vector
 _________________________________________________________________________

        FORCE FIELD X - Polyglot Software for Molecular Biophysics 

        Version 1.0.0-6991  April 2026 
        Git Revision  937dfd3f3a84d0dc91f73b0419518078a8c41842 
 
        Please cite the following reference when using Force Field X:

        RA Gogal, AJ Nessler, AC Thiel, HV Bernabe, RA Corrigan Grove,
        LM Cousineau, JM Litman, JM Miller, G Qi, MJ Speranza,
        MR Tollefson, TD Fenn, JJ Michaelson, O Okada, JP Piquemal,
        JW Ponder, J Shen, RJH Smith, W Yang, P Ren and MJ Schnieders,
        2024, Journal of Chemical Physics, 161 (1).

        Copyright (c)  Michael J. Schnieders  2001-2026
        All Rights Reserved

        Force Field X is distributed under the GPL v. 3 license
        with linking exception and is hosted by the Schnieders Lab
        at The University of Iowa.

        User Manual:   https://ffx.biochem.uiowa.edu/manual.html
        Publications:  https://ffx.biochem.uiowa.edu/publications.html
        License:       https://ffx.biochem.uiowa.edu/licenses.html

 _________________________________________________________________________

 Tue Apr 14 23:20:18 CDT 2026
 Process ID 50790 on argon-itf-bx54-12.hpc.

 Command line arguments:
 [Minimize, -e, 0.8, /Dedicated/schnieders/maemmad/pKa_GNN/ffx_pipeline/data/fixed_pdbs/5KIX/5KIX_input.pdb]

 Executing internal command: ffx.algorithms.commands.Minimize

 Initializing 1 topologies...
 Parsing: Internal force field (amoeba-bio-2018-cphmd).
 Parsing: Structure properties from (/Dedicated/schnieders/maemmad/pKa_GNN/ffx_pipeline/data/fixed_pdbs/5KIX/5KIX_input.properties).
 Parsing: JVM system properties (i.e. command line -Dkey=value pairs).

 Attempting to read force field patch from /Dedicated/schnieders/maemmad/pKa_GNN/naphosphate_solute.09Feb21.prm.

 Renumbering Patch: FALSE
 Reading 5KIX_input.pdb

 Assigning atom types for 1 chains.
 Amino acid chain A
 Renumbering PDB file due to built atoms (2096 vs 1035)
 Total number of atoms: 2096

 Constructing Force Field AMOEBA-BIO-2018-CPHMD

 SMP threads:                               112
 The system will be treated as aperiodic (max separation =   49.4 A).

 Bonded Terms
  Bonds:                                   2114
  Angles:                                  3842
  Stretch-Bends:                           3372
  Out-of-Plane Bends:                      1206
  Torsions:                                5606
  Pi-Orbital Torsions:                      225
  Torsion-Torsions:                           9

 Non-Bonded Terms

  Van der Waals
   Cut-Off:                                NONE
   Long-Range Correction:                 FALSE

 Electrostatics
   Polarization:                         MUTUAL
    SCF Convergence Criteria:         1.000e-06
    SCF Predictor:                         NONE
    SCF Algorithm:                           CG
    CG Preconditioner Cut-Off:            4.500
    CG Preconditioner Ewald Coeff.:       0.000
    CG Preconditioner Scale:              2.000
    CG Preconditioner Mode:     FLETCHER_REEVES
    Electrostatics Cut-Off:                NONE

  Continuum Solvation
   Radii:                                SOLUTE
   Generalized Kirkwood Cut-Off:           NONE
   GKC:                                  2.4550
   Solvent Dielectric:                  78.3000
   Solute Dielectric:                    1.0000
   Descreen with vdW Radii:                TRUE
   Descreen with Hydrogen Atoms:          FALSE
   Descreen Offset:                      0.0000
   General HCT Scale Factor:             0.7200
   Non-Polar Model:                  GAUSS-DISP
    GaussVol Radii Offset:               0.0000
    GaussVol Radii Scale:                1.0000
   Dispersion Integral Offset:           1.0560 (A)
   Cavitation Solvent Pressure:          0.0334 (Kcal/mol/A^3)
   Cavitation Surface Tension:           0.1030 (Kcal/mol/A^2)
   Cavitation Cross-Over Radius:         9.2515 (A)

  Overall system charge:                  7.000

 Opened 5KIX_input.pdb in 1.526 sec.

 System Resources
  Total CPU time:          57.03 (sec)
  System load average:     46.94
  Open file handles:         146 of  81920 allowed
  System memory:           98432 MB free out of 128546 MB
  System swap space:        2040 MB free out of   2053 MB
  JVM memory:               3958 MB free out of   4096 MB

 Minimizing energy of Single Topology  [5KIX_input.pdb] 
 Setting lambda to 0.000.
 Generalized Kirkwood  -2728.95017575      0.192
 Cavitation             1280.03737784      0.342
 Dispersion             -776.59638724      0.228

 Computed Potential Energy
  Bond Stretching            225.46687916         2114        0.014 ( 0.01642)
  Angle Bending              469.41532110         3842        0.029 ( 2.71329)
  Stretch-Bend                 6.04263008         3372        0.005
  Out-of-Plane Bend           50.09269660         1206        0.006
  Torsional Angle            165.06322519         5606        0.011
  Pi-Orbital Torsion          35.73439838          225        0.002
  Torsion-Torsion            -43.73751937            9        0.002
  Van der Waals             1072.56405204      2189604        0.368
  Atomic Multipoles        -3608.00435185      2189604
  Polarization              -815.03697676      2189604        6.220
  Solvation                -2225.50918515      2197656
  Total Potential          -4667.90883058  (Kcal/mole)        6.660 (sec)

 Limited Memory BFGS Quasi-Newton Optimization: 

 Cycle       Energy      G RMS    Delta E   Delta X    Angle  Evals     Time

     0   -4667.9088    12.6999
     1   -4926.6131     6.2824   258.7043    0.0053     0.00      2    4.853
     2   -5047.3639     5.2402   120.7508    0.0044    19.70      3    5.410
     3   -5156.9755     4.7266   109.6115    0.0053    35.67      4    5.306
     4   -5240.6390     4.3377    83.6636    0.0053    44.73      5    5.230
     5   -5307.2717     3.1758    66.6327    0.0053    52.86      6    5.560
     6   -5354.4010     2.8623    47.1293    0.0053    51.62      7    5.050
     7   -5391.6162     2.2610    37.2152    0.0053    57.58      8    5.299
     8   -5420.5399     2.4535    28.9237    0.0053    56.25      9    5.263
     9   -5446.6447     2.0550    26.1048    0.0053    62.97     10    5.509
    10   -5471.1037     2.0889    24.4590    0.0053    59.17     11    5.630
    11   -5493.1806     2.0664    22.0768    0.0053    61.40     12    6.011
    12   -5514.8194     1.8996    21.6388    0.0053    62.48     13    5.844
    13   -5534.6987     1.9384    19.8793    0.0053    62.69     14    5.487
    14   -5554.4143     1.7012    19.7156    0.0053    65.06     15    5.544
    15   -5571.8886     1.8173    17.4743    0.0053    63.78     16    5.023
    16   -5587.9590     1.3980    16.0704    0.0053    68.49     17    5.594
    17   -5600.6892     1.6767    12.7303    0.0053    65.66     18    7.002
    18   -5612.4484     1.2693    11.7592    0.0053    71.72     19    5.194
    19   -5622.7919     1.4272    10.3435    0.0053    66.65     20    4.703
    20   -5631.4073     1.7156     8.6154    0.0053    68.53     21    5.803
    21   -5639.4534     1.1444     8.0461    0.0023    63.53     22    5.254
    22   -5648.4825     1.1384     9.0291    0.0037    59.05     23    5.723
    23   -5656.0587     1.6091     7.5762    0.0053    70.86     24    5.471
    24   -5663.7236     1.1914     7.6649    0.0053    78.34     25    5.002
    25   -5670.6040     1.0448     6.8804    0.0053    74.80     26    5.714
    26   -5676.5104     1.0925     5.9065    0.0053    74.28     27    5.630
    27   -5682.2646     1.2193     5.7541    0.0049    73.86     28    5.347
    28   -5689.1786     0.9609     6.9141    0.0045    73.08     29    5.259
    29   -5695.7865     1.3716     6.6079    0.0053    67.28     30    5.209
    30   -5701.2821     1.2889     5.4956    0.0044    73.63     31    5.521
    31   -5705.4305     0.9793     4.1484    0.0014    62.48     32    5.069
    32   -5711.4107     0.8064     5.9802    0.0035    67.10     33    5.190
    33   -5716.1060     1.3640     4.6953    0.0053    71.24     34    5.291
    34   -5720.6035     0.9783     4.4975    0.0049    80.82     35    5.383
    35   -5725.0341     0.8587     4.4306    0.0046    77.09     36    5.170
    36   -5729.3829     1.1091     4.3488    0.0053    74.76     37    5.518
    37   -5733.6587     0.8922     4.2758    0.0034    73.60     38    4.841
    38   -5738.1665     0.8586     4.5079    0.0030    68.96     39    5.315
    39   -5743.3879     1.0912     5.2214    0.0053    71.74     40    5.872
    40   -5746.8341     1.3305     3.4462    0.0044    74.57     41    5.293
    41   -5749.9629     0.7669     3.1288    0.0013    67.57     42    5.770

 Optimization achieved convergence criteria:  0.76688
 Generalized Kirkwood  -2852.39480438      0.185
 Cavitation             1312.13448473      0.309
 Dispersion             -815.07410907      0.193

 Computed Potential Energy
  Bond Stretching            155.18717949         2114        0.005 ( 0.01479)
  Angle Bending              448.84626152         3842        0.001 ( 2.73494)
  Stretch-Bend                 2.68529023         3372        0.006
  Out-of-Plane Bend           16.90260930         1206        0.007
  Torsional Angle            106.15371522         5606        0.006
  Pi-Orbital Torsion          14.29398341          225        0.008
  Torsion-Torsion            -49.53730829            9        0.008
  Van der Waals              353.98657326      2189604        0.058
  Atomic Multipoles        -3655.71721896      2189604
  Polarization              -787.42956615      2189604        3.910
  Solvation                -2355.33442873      2197656
  Total Potential          -5749.96290969  (Kcal/mole)        4.018 (sec)
 Setting atom names to PDB standard.
 Saving 5KIX_input.pdb_2

 Script wall clock time: 239.265 (sec)
WARNING: Using incubator modules: jdk.incubator.vector
WARNING: Using incubator modules: jdk.incubator.vector
Too few resources available to assign 1 node, 1 process, and 20 CPUs per process
=== Rotamer job done: Tue Apr 14 23:28:26 CDT 2026 ===
