 Evaluating /Dedicated/schnieders/programs/stack-2021.1.sh
  Loading Modules
   Stack 2021.1
   GCC 9.3.0
   CMake 3.20.0
   Eigen 3.3.9
   Cuda 11.1.1
   Cuda: /usr/share/apps/2021.1/arch/gcc-9.3.0/cuda-11.1.1
   CudaNN 8.0.5.39-11.1
   Swig 4.0.2_gcc-9.3.0
  Loading software from /Dedicated/schnieders/programs/local
   Ant: /Dedicated/schnieders/programs/apache-ant-1.10.11
   FFX: /Dedicated/schnieders/programs/ffx-builds/forcefieldx-2026-01-04
   GDMA: /Dedicated/schnieders/programs/gdma-2.3
   Groovy: /Dedicated/schnieders/programs/groovy-4.0.1
   Java: /Dedicated/schnieders/programs/jdk-25.0.1
   Maven: /Dedicated/schnieders/programs/apache-maven-3.9.5
   VMD: /Dedicated/schnieders/programs/vmd
   NAMD: /Dedicated/schnieders/programs/NAMD_3.0alpha7_Linux-x86_64-multicore-CUDA
   OpenEye: /Dedicated/schnieders/programs/OpenEye
   Tinker: /Dedicated/schnieders/programs/tinker-tools
=== Rotamer job started: Tue Apr 14 20:01:37 CDT 2026 ===
PDB: /Dedicated/schnieders/maemmad/pKa_GNN/ffx_pipeline/data/fixed_pdbs/1FKS/1FKS_input.pdb
WARNING: Using incubator modules: jdk.incubator.vector
 _________________________________________________________________________

        FORCE FIELD X - Polyglot Software for Molecular Biophysics 

        Version 1.0.0-6991  April 2026 
        Git Revision  937dfd3f3a84d0dc91f73b0419518078a8c41842 
 
        Please cite the following reference when using Force Field X:

        RA Gogal, AJ Nessler, AC Thiel, HV Bernabe, RA Corrigan Grove,
        LM Cousineau, JM Litman, JM Miller, G Qi, MJ Speranza,
        MR Tollefson, TD Fenn, JJ Michaelson, O Okada, JP Piquemal,
        JW Ponder, J Shen, RJH Smith, W Yang, P Ren and MJ Schnieders,
        2024, Journal of Chemical Physics, 161 (1).

        Copyright (c)  Michael J. Schnieders  2001-2026
        All Rights Reserved

        Force Field X is distributed under the GPL v. 3 license
        with linking exception and is hosted by the Schnieders Lab
        at The University of Iowa.

        User Manual:   https://ffx.biochem.uiowa.edu/manual.html
        Publications:  https://ffx.biochem.uiowa.edu/publications.html
        License:       https://ffx.biochem.uiowa.edu/licenses.html

 _________________________________________________________________________

 Tue Apr 14 20:01:38 CDT 2026
 Process ID 78440 on argon-itf-bx43-03.hpc.

 Command line arguments:
 [Minimize, -e, 0.8, /Dedicated/schnieders/maemmad/pKa_GNN/ffx_pipeline/data/fixed_pdbs/1FKS/1FKS_input.pdb]

 Executing internal command: ffx.algorithms.commands.Minimize

 Initializing 1 topologies...
 Parsing: Internal force field (amoeba-bio-2018-cphmd).
 Parsing: Structure properties from (/Dedicated/schnieders/maemmad/pKa_GNN/ffx_pipeline/data/fixed_pdbs/1FKS/1FKS_input.properties).
 Parsing: JVM system properties (i.e. command line -Dkey=value pairs).

 Attempting to read force field patch from /Dedicated/schnieders/maemmad/pKa_GNN/naphosphate_solute.09Feb21.prm.

 Renumbering Patch: FALSE
 Reading 1FKS_input.pdb

 Assigning atom types for 1 chains.
 Amino acid chain A
 Renumbering PDB file due to built atoms (1666 vs 832)
 Total number of atoms: 1666

 Constructing Force Field AMOEBA-BIO-2018-CPHMD

 SMP threads:                               128
 The system will be treated as aperiodic (max separation =   49.0 A).

 Bonded Terms
  Bonds:                                   1685
  Angles:                                  3055
  Stretch-Bends:                           2696
  Out-of-Plane Bends:                      1002
  Torsions:                                4478
  Pi-Orbital Torsions:                      185
  Torsion-Torsions:                          12

 Non-Bonded Terms

  Van der Waals
   Cut-Off:                                NONE
   Long-Range Correction:                 FALSE

 Electrostatics
   Polarization:                         MUTUAL
    SCF Convergence Criteria:         1.000e-06
    SCF Predictor:                         NONE
    SCF Algorithm:                           CG
    CG Preconditioner Cut-Off:            4.500
    CG Preconditioner Ewald Coeff.:       0.000
    CG Preconditioner Scale:              2.000
    CG Preconditioner Mode:     FLETCHER_REEVES
    Electrostatics Cut-Off:                NONE

  Continuum Solvation
   Radii:                                SOLUTE
   Generalized Kirkwood Cut-Off:           NONE
   GKC:                                  2.4550
   Solvent Dielectric:                  78.3000
   Solute Dielectric:                    1.0000
   Descreen with vdW Radii:                TRUE
   Descreen with Hydrogen Atoms:          FALSE
   Descreen Offset:                      0.0000
   General HCT Scale Factor:             0.7200
   Non-Polar Model:                  GAUSS-DISP
    GaussVol Radii Offset:               0.0000
    GaussVol Radii Scale:                1.0000
   Dispersion Integral Offset:           1.0560 (A)
   Cavitation Solvent Pressure:          0.0334 (Kcal/mol/A^3)
   Cavitation Surface Tension:           0.1030 (Kcal/mol/A^2)
   Cavitation Cross-Over Radius:         9.2515 (A)

  Overall system charge:                  4.000

 Opened 1FKS_input.pdb in 1.33 sec.

 System Resources
  Total CPU time:          80.92 (sec)
  System load average:    146.74
  Open file handles:         146 of  81920 allowed
  System memory:           99117 MB free out of 257653 MB
  System swap space:        1858 MB free out of   2053 MB
  JVM memory:               3972 MB free out of   4096 MB

 Minimizing energy of Single Topology  [1FKS_input.pdb] 
 Setting lambda to 0.000.
 Generalized Kirkwood  -2170.50431438      0.156
 Cavitation             1072.85284861      0.220
 Dispersion             -711.88717726      0.162

 Computed Potential Energy
  Bond Stretching            359.29981971         1685        0.012 ( 0.02261)
  Angle Bending              308.36560788         3055        0.009 ( 2.56998)
  Stretch-Bend                -4.18171899         2696        0.003
  Out-of-Plane Bend           44.79297974         1002        0.004
  Torsional Angle            236.24563076         4478        0.005
  Pi-Orbital Torsion          19.44152264          185        0.002
  Torsion-Torsion            -31.41924657           12        0.003
  Van der Waals             1305.19246657      1382205        0.248
  Atomic Multipoles        -2549.18198458      1382205
  Polarization              -552.13412366      1382205        4.094
  Solvation                -1809.53864303      1388611
  Total Potential          -2673.11768954  (Kcal/mole)        4.382 (sec)

 Limited Memory BFGS Quasi-Newton Optimization: 

 Cycle       Energy      G RMS    Delta E   Delta X    Angle  Evals     Time

     0   -2673.1177    18.8706
     1   -3032.2769     8.4623   359.1592    0.0059     0.00      2    2.110
     2   -3178.2822     6.6790   146.0053    0.0052     9.35      3    1.817
     3   -3304.8065     6.7388   126.5243    0.0059    35.82      4    1.783
     4   -3415.9922     6.1852   111.1858    0.0059    47.87      5    1.621
     5   -3510.0804     5.1766    94.0882    0.0059    51.27      6    1.643
     6   -3586.7576     3.9352    76.6772    0.0059    52.69      7    2.825
     7   -3645.5355     3.2440    58.7779    0.0059    51.56      8    3.948
     8   -3692.2905     2.6851    46.7551    0.0059    52.54      9    3.426
     9   -3729.9604     2.4512    37.6699    0.0059    53.77     10    2.686
    10   -3761.7442     2.4893    31.7838    0.0059    56.85     11    2.904
    11   -3790.9697     2.4373    29.2255    0.0059    61.09     12    2.214
    12   -3818.4455     2.4970    27.4758    0.0059    62.36     13    2.583
    13   -3845.3876     2.3972    26.9421    0.0059    64.40     14    2.487
    14   -3871.0672     2.3251    25.6796    0.0059    64.40     15    2.720
    15   -3896.2930     2.1314    25.2258    0.0059    64.42     16    2.502
    16   -3919.5219     2.0855    23.2289    0.0059    63.69     17    3.008
    17   -3941.5725     1.8327    22.0506    0.0059    64.73     18    2.583
    18   -3961.6892     1.9427    20.1167    0.0059    62.63     19    2.408
    19   -3979.9857     1.7013    18.2965    0.0059    66.64     20    2.893
    20   -3996.6888     1.7830    16.7031    0.0059    64.59     21    2.900
    21   -4011.7574     1.6888    15.0686    0.0059    67.63     22    2.426
    22   -4026.0716     1.7121    14.3143    0.0059    66.74     23    2.463
    23   -4039.7613     1.6967    13.6896    0.0059    67.08     24    2.414
    24   -4053.6176     1.8454    13.8563    0.0059    64.92     25    2.606
    25   -4067.0072     1.8711    13.3897    0.0059    65.43     26    2.978
    26   -4079.9203     1.6103    12.9131    0.0046    61.80     27    2.506
    27   -4091.5099     1.8802    11.5897    0.0047    56.35     28    2.199
    28   -4102.5869     1.3313    11.0770    0.0038    61.38     29    2.407
    29   -4115.0188     1.2497    12.4319    0.0059    63.67     30    2.307
    30   -4124.1135     1.2994     9.0946    0.0059    70.71     31    2.279
    31   -4131.6966     1.1485     7.5831    0.0059    75.78     32    2.102
    32   -4138.6515     1.2056     6.9549    0.0059    74.84     33    2.510
    33   -4145.3156     0.9963     6.6641    0.0059    76.76     34    2.800
    34   -4151.2727     1.1841     5.9571    0.0059    74.55     35    2.888
    35   -4157.2985     0.8959     6.0258    0.0059    77.63     36    2.517
    36   -4163.0695     1.1873     5.7709    0.0059    72.87     37    2.594
    37   -4168.5483     0.8449     5.4789    0.0059    78.11     38    2.588
    38   -4174.3371     1.1028     5.7887    0.0059    70.50     39    2.207
    39   -4179.0165     1.2956     4.6795    0.0059    75.29     40    2.314
    40   -4184.2632     1.0486     5.2467    0.0035    70.64     41    1.885
    41   -4189.9990     1.3229     5.7358    0.0046    64.66     42    2.404
    42   -4195.0559     1.0715     5.0569    0.0036    68.64     43    2.507
    43   -4199.3654     0.9617     4.3095    0.0022    58.74     44    3.483
    44   -4204.8244     0.8737     5.4590    0.0048    68.33     45    2.214
    45   -4208.5269     1.2710     3.7025    0.0059    76.43     46    2.786
    46   -4212.4484     0.9628     3.9214    0.0059    82.14     47    2.319
    47   -4216.0957     0.9365     3.6474    0.0059    80.09     48    2.396
    48   -4219.5661     0.7334     3.4703    0.0059    80.49     49    2.998

 Optimization achieved convergence criteria:  0.73339
 Generalized Kirkwood  -2280.26997118      0.097
 Cavitation             1109.69242027      0.021
 Dispersion             -747.73392793      0.098

 Computed Potential Energy
  Bond Stretching            149.76587692         1685        0.002 ( 0.01633)
  Angle Bending              356.67921359         3055        0.001 ( 2.77915)
  Stretch-Bend                 2.16548474         2696        0.000
  Out-of-Plane Bend           16.12551036         1002        0.000
  Torsional Angle            158.25827225         4478        0.000
  Pi-Orbital Torsion          18.35454951          185        0.004
  Torsion-Torsion            -53.84076159           12        0.000
  Van der Waals              282.98608086      1382205        0.080
  Atomic Multipoles        -2711.72730422      1382205
  Polarization              -520.02151783      1382205        1.620
  Solvation                -1918.31147884      1388611
  Total Potential          -4219.56607426  (Kcal/mole)        1.707 (sec)
 Setting atom names to PDB standard.
 Saving 1FKS_input.pdb_2

 Script wall clock time: 131.919 (sec)
WARNING: Using incubator modules: jdk.incubator.vector
WARNING: Using incubator modules: jdk.incubator.vector
Too few resources available to assign 1 node, 1 process, and 20 CPUs per process
=== Rotamer job done: Tue Apr 14 20:04:52 CDT 2026 ===
