 Evaluating /Dedicated/schnieders/programs/stack-2021.1.sh
  Loading Modules
   Stack 2021.1
   GCC 9.3.0
   CMake 3.20.0
   Eigen 3.3.9
   Cuda 11.1.1
   Cuda: /usr/share/apps/2021.1/arch/gcc-9.3.0/cuda-11.1.1
   CudaNN 8.0.5.39-11.1
   Swig 4.0.2_gcc-9.3.0
  Loading software from /Dedicated/schnieders/programs/local
   Ant: /Dedicated/schnieders/programs/apache-ant-1.10.11
   FFX: /Dedicated/schnieders/programs/ffx-builds/forcefieldx-2026-01-04
   GDMA: /Dedicated/schnieders/programs/gdma-2.3
   Groovy: /Dedicated/schnieders/programs/groovy-4.0.1
   Java: /Dedicated/schnieders/programs/jdk-25.0.1
   Maven: /Dedicated/schnieders/programs/apache-maven-3.9.5
   VMD: /Dedicated/schnieders/programs/vmd
   NAMD: /Dedicated/schnieders/programs/NAMD_3.0alpha7_Linux-x86_64-multicore-CUDA
   OpenEye: /Dedicated/schnieders/programs/OpenEye
   Tinker: /Dedicated/schnieders/programs/tinker-tools
=== Rotamer job started: Tue Apr 14 19:54:25 CDT 2026 ===
PDB: /Dedicated/schnieders/maemmad/pKa_GNN/ffx_pipeline/data/fixed_pdbs/1A6K/1A6K_input.pdb
WARNING: Using incubator modules: jdk.incubator.vector
 _________________________________________________________________________

        FORCE FIELD X - Polyglot Software for Molecular Biophysics 

        Version 1.0.0-6991  April 2026 
        Git Revision  937dfd3f3a84d0dc91f73b0419518078a8c41842 
 
        Please cite the following reference when using Force Field X:

        RA Gogal, AJ Nessler, AC Thiel, HV Bernabe, RA Corrigan Grove,
        LM Cousineau, JM Litman, JM Miller, G Qi, MJ Speranza,
        MR Tollefson, TD Fenn, JJ Michaelson, O Okada, JP Piquemal,
        JW Ponder, J Shen, RJH Smith, W Yang, P Ren and MJ Schnieders,
        2024, Journal of Chemical Physics, 161 (1).

        Copyright (c)  Michael J. Schnieders  2001-2026
        All Rights Reserved

        Force Field X is distributed under the GPL v. 3 license
        with linking exception and is hosted by the Schnieders Lab
        at The University of Iowa.

        User Manual:   https://ffx.biochem.uiowa.edu/manual.html
        Publications:  https://ffx.biochem.uiowa.edu/publications.html
        License:       https://ffx.biochem.uiowa.edu/licenses.html

 _________________________________________________________________________

 Tue Apr 14 19:54:27 CDT 2026
 Process ID 10324 on argon-itf-bx54-12.hpc.

 Command line arguments:
 [Minimize, -e, 0.8, /Dedicated/schnieders/maemmad/pKa_GNN/ffx_pipeline/data/fixed_pdbs/1A6K/1A6K_input.pdb]

 Executing internal command: ffx.algorithms.commands.Minimize

 Initializing 1 topologies...
 Parsing: Internal force field (amoeba-bio-2018-cphmd).
 Parsing: Structure properties from (/Dedicated/schnieders/maemmad/pKa_GNN/ffx_pipeline/data/fixed_pdbs/1A6K/1A6K_input.properties).
 Parsing: JVM system properties (i.e. command line -Dkey=value pairs).

 Attempting to read force field patch from /Dedicated/schnieders/maemmad/pKa_GNN/naphosphate_solute.09Feb21.prm.

 Renumbering Patch: FALSE
 Reading 1A6K_input.pdb

 Assigning atom types for 1 chains.
 Amino acid chain A
 Renumbering PDB file due to built atoms (2447 vs 1204)
 Total number of atoms: 2447

 Constructing Force Field AMOEBA-BIO-2018-CPHMD

 SMP threads:                               112
 The system will be treated as aperiodic (max separation =   49.1 A).

 Bonded Terms
  Bonds:                                   2475
  Angles:                                  4510
  Stretch-Bends:                           3960
  Out-of-Plane Bends:                      1440
  Torsions:                                6607
  Pi-Orbital Torsions:                      289
  Torsion-Torsions:                          10

 Non-Bonded Terms

  Van der Waals
   Cut-Off:                                NONE
   Long-Range Correction:                 FALSE

 Electrostatics
   Polarization:                         MUTUAL
    SCF Convergence Criteria:         1.000e-06
    SCF Predictor:                         NONE
    SCF Algorithm:                           CG
    CG Preconditioner Cut-Off:            4.500
    CG Preconditioner Ewald Coeff.:       0.000
    CG Preconditioner Scale:              2.000
    CG Preconditioner Mode:     FLETCHER_REEVES
    Electrostatics Cut-Off:                NONE

  Continuum Solvation
   Radii:                                SOLUTE
   Generalized Kirkwood Cut-Off:           NONE
   GKC:                                  2.4550
   Solvent Dielectric:                  78.3000
   Solute Dielectric:                    1.0000
   Descreen with vdW Radii:                TRUE
   Descreen with Hydrogen Atoms:          FALSE
   Descreen Offset:                      0.0000
   General HCT Scale Factor:             0.7200
   Non-Polar Model:                  GAUSS-DISP
    GaussVol Radii Offset:               0.0000
    GaussVol Radii Scale:                1.0000
   Dispersion Integral Offset:           1.0560 (A)
   Cavitation Solvent Pressure:          0.0334 (Kcal/mol/A^3)
   Cavitation Surface Tension:           0.1030 (Kcal/mol/A^2)
   Cavitation Cross-Over Radius:         9.2515 (A)

  Overall system charge:                 14.000

 Opened 1A6K_input.pdb in 3.298 sec.

 System Resources
  Total CPU time:          56.47 (sec)
  System load average:     46.11
  Open file handles:         146 of  81920 allowed
  System memory:           21403 MB free out of  21480 MB
  System swap space:        2040 MB free out of   2053 MB
  JVM memory:               3936 MB free out of   4096 MB

 Minimizing energy of Single Topology  [1A6K_input.pdb] 
 Setting lambda to 0.000.
 Generalized Kirkwood  -3901.42615564      0.871
 Cavitation             1450.71115556      0.805
 Dispersion             -875.54755095      0.817

 Computed Potential Energy
  Bond Stretching            283.38966447         2475        0.016 ( 0.01633)
  Angle Bending              712.50872640         4510        0.010 ( 3.15922)
  Stretch-Bend                -2.37919833         3960        0.013
  Out-of-Plane Bend          101.41245165         1440        0.006
  Torsional Angle            125.47669965         6607        0.014
  Pi-Orbital Torsion          45.48387583          289        0.006
  Torsion-Torsion            -43.18484154           10        0.008
  Van der Waals             1305.73983555      2985696        1.641
  Atomic Multipoles        -3254.77327216      2985696
  Polarization              -886.71314753      2985696       17.053
  Solvation                -3326.26255103      2995128
  Total Potential          -4939.30175704  (Kcal/mole)       18.780 (sec)

 Limited Memory BFGS Quasi-Newton Optimization: 

 Cycle       Energy      G RMS    Delta E   Delta X    Angle  Evals     Time

     0   -4939.3018    16.0753
     1   -5310.9621     7.9476   371.6603    0.0049     0.00      2    5.627
     2   -5505.5927     6.2471   194.6306    0.0049    13.02      3    5.913
     3   -5656.5633     5.7038   150.9706    0.0049    33.91      4    5.882
     4   -5780.5432     5.2385   123.9798    0.0049    42.15      5    6.220
     5   -5886.3428     3.9977   105.7996    0.0049    47.76      6    5.654
     6   -5967.3199     3.4067    80.9771    0.0049    46.72      7    6.007
     7   -6031.7486     2.7513    64.4287    0.0049    49.14      8    5.937
     8   -6082.7925     2.2460    51.0439    0.0049    50.37      9    6.066
     9   -6122.5996     2.2448    39.8071    0.0049    51.01     10    6.091
    10   -6157.4125     1.9973    34.8129    0.0049    57.33     11    6.165
    11   -6187.8351     2.0649    30.4226    0.0049    57.74     12    5.938
    12   -6216.2863     1.9664    28.4511    0.0049    61.47     13    6.044
    13   -6243.0254     1.9115    26.7391    0.0049    62.22     14    5.774
    14   -6268.6956     1.8319    25.6702    0.0049    62.73     15    5.729
    15   -6293.2347     1.7390    24.5392    0.0049    62.99     16    5.469
    16   -6316.2014     1.7082    22.9666    0.0049    63.03     17    5.514
    17   -6338.3446     1.6126    22.1433    0.0049    63.80     18    5.467
    18   -6358.0413     1.6099    19.6967    0.0049    64.25     19    5.595
    19   -6376.7640     1.4070    18.7228    0.0049    65.90     20    5.447
    20   -6392.6537     1.6458    15.8897    0.0049    63.80     21    5.380
    21   -6407.6477     1.2711    14.9939    0.0049    68.83     22    5.373
    22   -6418.6256     1.7240    10.9779    0.0049    63.23     23    5.504
    23   -6428.5071     1.2299     9.8816    0.0032    65.17     24    5.010
    24   -6436.1062     1.0376     7.5991    0.0021    56.42     25    5.213
    25   -6445.0849     1.1866     8.9787    0.0033    53.17     26    5.073
    26   -6453.3544     1.4895     8.2695    0.0038    61.00     27    4.718
    27   -6463.2375     1.1158     9.8831    0.0038    72.91     28    4.805
    28   -6472.9219     0.8527     9.6844    0.0049    72.41     29    4.586
    29   -6479.9726     1.1081     7.0507    0.0049    71.74     30    4.601
    30   -6486.1770     0.8512     6.2044    0.0049    78.42     31    5.114
    31   -6491.5003     0.9950     5.3234    0.0049    76.17     32    4.898
    32   -6496.8544     0.7616     5.3541    0.0049    78.48     33    5.068

 Optimization achieved convergence criteria:  0.76156
 Generalized Kirkwood  -4074.82513875      0.211
 Cavitation             1500.96368533      0.214
 Dispersion             -907.18135377      0.289

 Computed Potential Energy
  Bond Stretching            195.24787237         2475        0.000 ( 0.01532)
  Angle Bending              579.33592002         4510        0.000 ( 2.87308)
  Stretch-Bend                 6.39410043         3960        0.000
  Out-of-Plane Bend           20.77647393         1440        0.000
  Torsional Angle             60.55108186         6607        0.011
  Pi-Orbital Torsion          31.89264288          289        0.006
  Torsion-Torsion            -46.20480867           10        0.008
  Van der Waals              339.65810115      2985696        0.004
  Atomic Multipoles        -3299.56820227      2985696
  Polarization              -903.89480585      2985696        3.889
  Solvation                -3481.04280718      2995128
  Total Potential          -6496.85443134  (Kcal/mole)        3.919 (sec)
 Setting atom names to PDB standard.
 Saving 1A6K_input.pdb_2

 Script wall clock time: 214.884 (sec)
WARNING: Using incubator modules: jdk.incubator.vector
WARNING: Using incubator modules: jdk.incubator.vector
Too few resources available to assign 1 node, 1 process, and 20 CPUs per process
=== Rotamer job done: Tue Apr 14 20:01:15 CDT 2026 ===
