 Evaluating /Dedicated/schnieders/programs/stack-2021.1.sh
  Loading Modules
   Stack 2021.1
   GCC 9.3.0
   CMake 3.20.0
   Eigen 3.3.9
   Cuda 11.1.1
   Cuda: /usr/share/apps/2021.1/arch/gcc-9.3.0/cuda-11.1.1
   CudaNN 8.0.5.39-11.1
   Swig 4.0.2_gcc-9.3.0
  Loading software from /Dedicated/schnieders/programs/local
   Ant: /Dedicated/schnieders/programs/apache-ant-1.10.11
   FFX: /Dedicated/schnieders/programs/ffx-builds/forcefieldx-2026-01-04
   GDMA: /Dedicated/schnieders/programs/gdma-2.3
   Groovy: /Dedicated/schnieders/programs/groovy-4.0.1
   Java: /Dedicated/schnieders/programs/jdk-25.0.1
   Maven: /Dedicated/schnieders/programs/apache-maven-3.9.5
   VMD: /Dedicated/schnieders/programs/vmd
   NAMD: /Dedicated/schnieders/programs/NAMD_3.0alpha7_Linux-x86_64-multicore-CUDA
   OpenEye: /Dedicated/schnieders/programs/OpenEye
   Tinker: /Dedicated/schnieders/programs/tinker-tools
=== Rotamer job started: Thu Apr 16 15:06:34 CDT 2026 ===
PDB: /Dedicated/schnieders/maemmad/pKa_GNN/ffx_pipeline/data/fixed_pdbs/1SU9/1SU9_input.pdb
WARNING: Using incubator modules: jdk.incubator.vector
 _________________________________________________________________________

        FORCE FIELD X - Polyglot Software for Molecular Biophysics 

        Version 1.0.0-6991  April 2026 
        Git Revision  937dfd3f3a84d0dc91f73b0419518078a8c41842 
 
        Please cite the following reference when using Force Field X:

        RA Gogal, AJ Nessler, AC Thiel, HV Bernabe, RA Corrigan Grove,
        LM Cousineau, JM Litman, JM Miller, G Qi, MJ Speranza,
        MR Tollefson, TD Fenn, JJ Michaelson, O Okada, JP Piquemal,
        JW Ponder, J Shen, RJH Smith, W Yang, P Ren and MJ Schnieders,
        2024, Journal of Chemical Physics, 161 (1).

        Copyright (c)  Michael J. Schnieders  2001-2026
        All Rights Reserved

        Force Field X is distributed under the GPL v. 3 license
        with linking exception and is hosted by the Schnieders Lab
        at The University of Iowa.

        User Manual:   https://ffx.biochem.uiowa.edu/manual.html
        Publications:  https://ffx.biochem.uiowa.edu/publications.html
        License:       https://ffx.biochem.uiowa.edu/licenses.html

 _________________________________________________________________________

 Thu Apr 16 15:06:35 CDT 2026
 Process ID 36400 on argon-itf-bx43-03.hpc.

 Command line arguments:
 [Minimize, -e, 0.8, /Dedicated/schnieders/maemmad/pKa_GNN/ffx_pipeline/data/fixed_pdbs/1SU9/1SU9_input.pdb]

 Executing internal command: ffx.algorithms.commands.Minimize

 Initializing 1 topologies...
 Parsing: Internal force field (amoeba-bio-2018-cphmd).
 Parsing: Structure properties from (/Dedicated/schnieders/maemmad/pKa_GNN/ffx_pipeline/data/fixed_pdbs/1SU9/1SU9_input.properties).
 Parsing: JVM system properties (i.e. command line -Dkey=value pairs).

 Attempting to read force field patch from /Dedicated/schnieders/maemmad/pKa_GNN/naphosphate_solute.09Feb21.prm.

 Renumbering Patch: FALSE
 Reading 1SU9_input.pdb

 Assigning atom types for 2 chains.
 Amino acid chain A
 Amino acid chain B
 Renumbering PDB file due to built atoms (4448 vs 2240)
 Total number of atoms: 4448

 Constructing Force Field AMOEBA-BIO-2018-CPHMD

 SMP threads:                               128
 The system will be treated as aperiodic (max separation =   73.5 A).

 Bonded Terms
  Bonds:                                   4502
  Angles:                                  8160
  Stretch-Bends:                           7214
  Out-of-Plane Bends:                      2676
  Torsions:                               11972
  Pi-Orbital Torsions:                      534
  Torsion-Torsions:                          22

 Non-Bonded Terms

  Van der Waals
   Cut-Off:                                NONE
   Long-Range Correction:                 FALSE

 Electrostatics
   Polarization:                         MUTUAL
    SCF Convergence Criteria:         1.000e-06
    SCF Predictor:                         NONE
    SCF Algorithm:                           CG
    CG Preconditioner Cut-Off:            4.500
    CG Preconditioner Ewald Coeff.:       0.000
    CG Preconditioner Scale:              2.000
    CG Preconditioner Mode:     FLETCHER_REEVES
    Electrostatics Cut-Off:                NONE

  Continuum Solvation
   Radii:                                SOLUTE
   Generalized Kirkwood Cut-Off:           NONE
   GKC:                                  2.4550
   Solvent Dielectric:                  78.3000
   Solute Dielectric:                    1.0000
   Descreen with vdW Radii:                TRUE
   Descreen with Hydrogen Atoms:          FALSE
   Descreen Offset:                      0.0000
   General HCT Scale Factor:             0.7200
   Non-Polar Model:                  GAUSS-DISP
    GaussVol Radii Offset:               0.0000
    GaussVol Radii Scale:                1.0000
   Dispersion Integral Offset:           1.0560 (A)
   Cavitation Solvent Pressure:          0.0334 (Kcal/mol/A^3)
   Cavitation Surface Tension:           0.1030 (Kcal/mol/A^2)
   Cavitation Cross-Over Radius:         9.2515 (A)

  Overall system charge:                 -2.000

 Opened 1SU9_input.pdb in 2.415 sec.

 System Resources
  Total CPU time:          56.77 (sec)
  System load average:    129.30
  Open file handles:         146 of  81920 allowed
  System memory:           92112 MB free out of 257653 MB
  System swap space:        1860 MB free out of   2053 MB
  JVM memory:               3791 MB free out of   4096 MB

 Minimizing energy of Single Topology  [1SU9_input.pdb] 
 Setting lambda to 0.000.
 Generalized Kirkwood  -4642.65294313      0.413
 Cavitation             2735.93518342      0.561
 Dispersion            -1598.93279841      0.361

 Computed Potential Energy
  Bond Stretching            302.47408844         4502        0.026 ( 0.01333)
  Angle Bending             4052.37501955         8160        0.011 ( 3.99621)
  Stretch-Bend                 7.54396673         7214        0.009
  Out-of-Plane Bend          248.19418082         2676        0.006
  Torsional Angle            259.33594089        11972        0.010
  Pi-Orbital Torsion         117.08757500          534        0.008
  Torsion-Torsion           -102.01799960           22        0.004
  Van der Waals            23289.78320819      9877466        1.647
  Atomic Multipoles        -8172.55142306      9877466
  Polarization             -1517.57765982      9877466        9.651
  Solvation                -3505.65055812      9894576
  Total Potential          14978.99633903  (Kcal/mole)       11.374 (sec)

 Limited Memory BFGS Quasi-Newton Optimization: 

 Cycle       Energy      G RMS    Delta E   Delta X    Angle  Evals     Time

     0   14978.9963  2362.4320
     1   -3392.6407    51.1131 18371.6371    0.0036     0.00      2   13.974
     2   -4354.1043    37.4347   961.4636    0.0017     0.96      5   54.303
     3   -5765.5096    23.7591  1411.4053    0.0036    11.91      6   17.824
     4   -6682.1671    16.0926   916.6575    0.0036    15.69      7   18.039
     5   -7320.2294    11.7447   638.0623    0.0036    18.28      8   18.881
     6   -7795.7351     9.1244   475.5057    0.0036    19.83      9   17.404
     7   -8168.9334     7.4484   373.1982    0.0036    21.07     10   16.608
     8   -8465.3316     6.5030   296.3982    0.0036    22.32     11   19.059
     9   -8727.9572     5.1805   262.6256    0.0036    22.86     12   18.587
    10   -8944.5879     4.5329   216.6307    0.0036    18.54     13   17.660
    11   -9130.8501     3.8852   186.2622    0.0036    19.44     14   17.379
    12   -9294.7685     3.2749   163.9184    0.0036    18.36     15   17.389
    13   -9430.9223     3.2998   136.1538    0.0036    15.90     16   17.987
    14   -9557.5354     2.7573   126.6131    0.0036    30.67     17   17.922
    15   -9665.9999     2.8173   108.4645    0.0036    26.44     18   18.410
    16   -9766.5419     2.4382   100.5421    0.0036    37.21     19   16.944
