 Evaluating /Dedicated/schnieders/programs/stack-2021.1.sh
  Loading Modules
   Stack 2021.1
   GCC 9.3.0
   CMake 3.20.0
   Eigen 3.3.9
   Cuda 11.1.1
   Cuda: /usr/share/apps/2021.1/arch/gcc-9.3.0/cuda-11.1.1
   CudaNN 8.0.5.39-11.1
   Swig 4.0.2_gcc-9.3.0
  Loading software from /Dedicated/schnieders/programs/local
   Ant: /Dedicated/schnieders/programs/apache-ant-1.10.11
   FFX: /Dedicated/schnieders/programs/ffx-builds/forcefieldx-2026-01-04
   GDMA: /Dedicated/schnieders/programs/gdma-2.3
   Groovy: /Dedicated/schnieders/programs/groovy-4.0.1
   Java: /Dedicated/schnieders/programs/jdk-25.0.1
   Maven: /Dedicated/schnieders/programs/apache-maven-3.9.5
   VMD: /Dedicated/schnieders/programs/vmd
   NAMD: /Dedicated/schnieders/programs/NAMD_3.0alpha7_Linux-x86_64-multicore-CUDA
   OpenEye: /Dedicated/schnieders/programs/OpenEye
   Tinker: /Dedicated/schnieders/programs/tinker-tools
=== Rotamer job started: Tue Apr 14 19:55:07 CDT 2026 ===
PDB: /Dedicated/schnieders/maemmad/pKa_GNN/ffx_pipeline/data/fixed_pdbs/1BNZ/1BNZ_input.pdb
WARNING: Using incubator modules: jdk.incubator.vector
 _________________________________________________________________________

        FORCE FIELD X - Polyglot Software for Molecular Biophysics 

        Version 1.0.0-6991  April 2026 
        Git Revision  937dfd3f3a84d0dc91f73b0419518078a8c41842 
 
        Please cite the following reference when using Force Field X:

        RA Gogal, AJ Nessler, AC Thiel, HV Bernabe, RA Corrigan Grove,
        LM Cousineau, JM Litman, JM Miller, G Qi, MJ Speranza,
        MR Tollefson, TD Fenn, JJ Michaelson, O Okada, JP Piquemal,
        JW Ponder, J Shen, RJH Smith, W Yang, P Ren and MJ Schnieders,
        2024, Journal of Chemical Physics, 161 (1).

        Copyright (c)  Michael J. Schnieders  2001-2026
        All Rights Reserved

        Force Field X is distributed under the GPL v. 3 license
        with linking exception and is hosted by the Schnieders Lab
        at The University of Iowa.

        User Manual:   https://ffx.biochem.uiowa.edu/manual.html
        Publications:  https://ffx.biochem.uiowa.edu/publications.html
        License:       https://ffx.biochem.uiowa.edu/licenses.html

 _________________________________________________________________________

 Tue Apr 14 19:55:10 CDT 2026
 Process ID 94255 on argon-itf-bx43-02.hpc.

 Command line arguments:
 [Minimize, -e, 0.8, /Dedicated/schnieders/maemmad/pKa_GNN/ffx_pipeline/data/fixed_pdbs/1BNZ/1BNZ_input.pdb]

 Executing internal command: ffx.algorithms.commands.Minimize

 Initializing 1 topologies...
 Parsing: Internal force field (amoeba-bio-2018-cphmd).
 Parsing: Structure properties from (/Dedicated/schnieders/maemmad/pKa_GNN/ffx_pipeline/data/fixed_pdbs/1BNZ/1BNZ_input.properties).
 Parsing: JVM system properties (i.e. command line -Dkey=value pairs).

 Attempting to read force field patch from /Dedicated/schnieders/maemmad/pKa_GNN/naphosphate_solute.09Feb21.prm.

 Renumbering Patch: FALSE
 Reading 1BNZ_input.pdb

 Assigning atom types for 3 chains.
 Nucleic acid chain A
 Nucleic acid chain B
 Amino acid chain C
 Renumbering PDB file due to built atoms (1561 vs 832)
 Total number of atoms: 1561

 Constructing Force Field AMOEBA-BIO-2018-CPHMD

 SMP threads:                               128
 The system will be treated as aperiodic (max separation =   44.4 A).

 Bonded Terms
  Bonds:                                   1605
  Angles:                                  2927
  Stretch-Bends:                           2534
  Out-of-Plane Bends:                       834
  Torsions:                                4249
  Stretch-Torsions:                          44
  Angle-Torsions:                            72
  Pi-Orbital Torsions:                      189
  Torsion-Torsions:                           7

 Non-Bonded Terms

  Van der Waals
   Cut-Off:                                NONE
   Long-Range Correction:                 FALSE

 Electrostatics
   Polarization:                         MUTUAL
    SCF Convergence Criteria:         1.000e-06
    SCF Predictor:                         NONE
    SCF Algorithm:                           CG
    CG Preconditioner Cut-Off:            4.500
    CG Preconditioner Ewald Coeff.:       0.000
    CG Preconditioner Scale:              2.000
    CG Preconditioner Mode:     FLETCHER_REEVES
    Electrostatics Cut-Off:                NONE

  Continuum Solvation
   Radii:                                SOLUTE
   Generalized Kirkwood Cut-Off:           NONE
   GKC:                                  2.4550
   Solvent Dielectric:                  78.3000
   Solute Dielectric:                    1.0000
   Descreen with vdW Radii:                TRUE
   Descreen with Hydrogen Atoms:          FALSE
   Descreen Offset:                      0.0000
   General HCT Scale Factor:             0.7200
   Non-Polar Model:                  GAUSS-DISP
    GaussVol Radii Offset:               0.0000
    GaussVol Radii Scale:                1.0000
   Dispersion Integral Offset:           1.0560 (A)
   Cavitation Solvent Pressure:          0.0334 (Kcal/mol/A^3)
   Cavitation Surface Tension:           0.1030 (Kcal/mol/A^2)
   Cavitation Cross-Over Radius:         9.2515 (A)

  Overall system charge:                 -8.000

 Opened 1BNZ_input.pdb in 2.022 sec.

 System Resources
  Total CPU time:          35.53 (sec)
  System load average:    129.68
  Open file handles:         146 of  81920 allowed
  System memory:           38135 MB free out of  38960 MB
  System swap space:        2023 MB free out of   2053 MB
  JVM memory:               3976 MB free out of   4096 MB

 Minimizing energy of Single Topology  [1BNZ_input.pdb] 
 Setting lambda to 0.000.
 Generalized Kirkwood  -2926.72524213      0.503
 Cavitation             1002.12499714      0.900
 Dispersion             -673.05021592      0.496

 Computed Potential Energy
  Bond Stretching            121.72811056         1605        0.022 ( 0.01416)
  Angle Bending              342.63283321         2927        0.020 ( 2.66133)
  Stretch-Bend                 4.10864225         2534        0.007
  Out-of-Plane Bend           17.95601519          834        0.031
  Torsional Angle            162.04080800         4249        0.016
  Stretch-Torsion             -0.51915010           44        0.038
  Angle-Torsion               -1.03024148           72        0.046
  Pi-Orbital Torsion           6.84754529          189        0.016
  Torsion-Torsion            -30.02418592            7        0.011
  Van der Waals              894.03675560      1213048        0.324
  Atomic Multipoles        -3027.10335274      1213048
  Polarization              -627.55683796      1213048        9.878
  Solvation                -2597.65046091      1219141
  Total Potential          -4734.53351900  (Kcal/mole)       10.423 (sec)

 Limited Memory BFGS Quasi-Newton Optimization: 

 Cycle       Energy      G RMS    Delta E   Delta X    Angle  Evals     Time

     0   -4734.5335    10.2207
     1   -4891.6341     6.3409   157.1006    0.0061     0.00      2    4.919
     2   -4971.7329     4.9740    80.0988    0.0040    32.67      3    4.410
     3   -5061.3375     3.9257    89.6047    0.0061    34.70      4    3.519
     4   -5123.4095     3.9128    62.0719    0.0061    39.17      5    3.511
     5   -5171.0721     2.8836    47.6626    0.0061    55.12      6    3.142
     6   -5205.2380     3.0203    34.1659    0.0061    53.62      7    3.242
     7   -5234.9747     2.3766    29.7367    0.0061    61.21      8    3.476
     8   -5259.3265     2.4427    24.3518    0.0061    58.48      9    3.474
     9   -5280.8466     2.2111    21.5200    0.0061    62.37     10    3.251
    10   -5301.1036     2.1677    20.2570    0.0061    61.13     11    3.367
    11   -5319.5419     2.3359    18.4383    0.0061    61.48     12    3.778
    12   -5339.5829     2.0238    20.0410    0.0061    63.74     13    3.685
    13   -5356.1862     2.3179    16.6032    0.0061    62.55     14    2.961
    14   -5372.4584     1.7917    16.2723    0.0061    68.13     15    3.120
    15   -5386.2364     1.8697    13.7779    0.0061    65.46     16    3.790
    16   -5398.5329     1.6901    12.2965    0.0061    69.53     17    3.196
    17   -5409.3503     1.6107    10.8174    0.0061    69.61     18    3.406
    18   -5418.5504     1.6662     9.2001    0.0061    69.81     19    3.322
    19   -5426.6292     1.3910     8.0788    0.0048    70.55     20    2.889
    20   -5434.8865     1.3239     8.2573    0.0053    68.85     21    3.027
    21   -5442.9949     1.6620     8.1084    0.0061    69.76     22    3.173
    22   -5450.8847     1.4432     7.8898    0.0061    74.91     23    2.975
    23   -5458.7659     1.3838     7.8812    0.0061    72.62     24    3.251
    24   -5466.4014     1.4337     7.6356    0.0061    71.84     25    2.968
    25   -5473.8251     1.4993     7.4237    0.0061    72.68     26    3.066
    26   -5480.9889     1.4103     7.1638    0.0055    72.30     27    3.212
    27   -5487.1257     1.2534     6.1368    0.0049    71.32     28    3.459
    28   -5492.4588     1.2264     5.3330    0.0045    71.80     29    3.172
    29   -5498.1015     1.0845     5.6428    0.0045    70.93     30    3.358
    30   -5503.3377     1.3553     5.2361    0.0061    73.17     31    3.260
    31   -5508.6478     1.2312     5.3102    0.0056    75.26     32    3.272
    32   -5513.4662     1.0281     4.8183    0.0036    70.86     33    3.412
    33   -5518.8515     1.0737     5.3854    0.0061    73.04     34    3.307
    34   -5522.2673     1.9241     3.4158    0.0059    70.30     35    3.666
    35   -5526.7980     0.9973     4.5307    0.0024    72.93     36    2.923
    36   -5530.6140     0.8731     3.8160    0.0030    67.14     37    2.478
    37   -5534.5329     1.0231     3.9189    0.0037    70.04     38    2.674
    38   -5538.3999     1.6671     3.8670    0.0058    73.57     39    2.724
    39   -5543.0869     0.8746     4.6870    0.0043    77.94     40    3.005
    40   -5546.1511     0.8094     3.0642    0.0032    69.81     41    2.970
    41   -5548.7042     1.2138     2.5531    0.0040    70.41     42    2.610
    42   -5551.2116     0.7455     2.5074    0.0021    71.58     43    2.587

 Optimization achieved convergence criteria:  0.74553
 Generalized Kirkwood  -2956.12613854      0.099
 Cavitation             1009.96911617      0.105
 Dispersion             -704.92549259      0.104

 Computed Potential Energy
  Bond Stretching            113.54441757         1605        0.003 ( 0.01445)
  Angle Bending              331.88684971         2927        0.001 ( 2.62251)
  Stretch-Bend                 4.17242599         2534        0.000
  Out-of-Plane Bend           12.86829154          834        0.000
  Torsional Angle            104.98480149         4249        0.001
  Stretch-Torsion             -1.03406621           44        0.000
  Angle-Torsion               -8.47694945           72        0.000
  Pi-Orbital Torsion           8.17858755          189        0.002
  Torsion-Torsion            -32.09055326            7        0.002
  Van der Waals              292.99774637      1213048        0.018
  Atomic Multipoles        -3112.75929114      1213048
  Polarization              -614.40131194      1213048        1.800
  Solvation                -2651.08251496      1219141
  Total Potential          -5551.21156676  (Kcal/mole)        1.835 (sec)
 Setting atom names to PDB standard.
 Saving 1BNZ_input.pdb_2

 Script wall clock time: 160.200 (sec)
WARNING: Using incubator modules: jdk.incubator.vector
WARNING: Using incubator modules: jdk.incubator.vector
Too few resources available to assign 1 node, 1 process, and 20 CPUs per process
=== Rotamer job done: Tue Apr 14 20:01:12 CDT 2026 ===
