 Evaluating /Dedicated/schnieders/programs/stack-2021.1.sh
  Loading Modules
   Stack 2021.1
   GCC 9.3.0
   CMake 3.20.0
   Eigen 3.3.9
   Cuda 11.1.1
   Cuda: /usr/share/apps/2021.1/arch/gcc-9.3.0/cuda-11.1.1
   CudaNN 8.0.5.39-11.1
   Swig 4.0.2_gcc-9.3.0
  Loading software from /Dedicated/schnieders/programs/local
   Ant: /Dedicated/schnieders/programs/apache-ant-1.10.11
   FFX: /Dedicated/schnieders/programs/ffx-builds/forcefieldx-2026-01-04
   GDMA: /Dedicated/schnieders/programs/gdma-2.3
   Groovy: /Dedicated/schnieders/programs/groovy-4.0.1
   Java: /Dedicated/schnieders/programs/jdk-25.0.1
   Maven: /Dedicated/schnieders/programs/apache-maven-3.9.5
   VMD: /Dedicated/schnieders/programs/vmd
   NAMD: /Dedicated/schnieders/programs/NAMD_3.0alpha7_Linux-x86_64-multicore-CUDA
   OpenEye: /Dedicated/schnieders/programs/OpenEye
   Tinker: /Dedicated/schnieders/programs/tinker-tools
=== Rotamer job started: Tue Apr 14 20:05:53 CDT 2026 ===
PDB: /Dedicated/schnieders/maemmad/pKa_GNN/ffx_pipeline/data/fixed_pdbs/1JAS/1JAS_input.pdb
WARNING: Using incubator modules: jdk.incubator.vector
 _________________________________________________________________________

        FORCE FIELD X - Polyglot Software for Molecular Biophysics 

        Version 1.0.0-6991  April 2026 
        Git Revision  937dfd3f3a84d0dc91f73b0419518078a8c41842 
 
        Please cite the following reference when using Force Field X:

        RA Gogal, AJ Nessler, AC Thiel, HV Bernabe, RA Corrigan Grove,
        LM Cousineau, JM Litman, JM Miller, G Qi, MJ Speranza,
        MR Tollefson, TD Fenn, JJ Michaelson, O Okada, JP Piquemal,
        JW Ponder, J Shen, RJH Smith, W Yang, P Ren and MJ Schnieders,
        2024, Journal of Chemical Physics, 161 (1).

        Copyright (c)  Michael J. Schnieders  2001-2026
        All Rights Reserved

        Force Field X is distributed under the GPL v. 3 license
        with linking exception and is hosted by the Schnieders Lab
        at The University of Iowa.

        User Manual:   https://ffx.biochem.uiowa.edu/manual.html
        Publications:  https://ffx.biochem.uiowa.edu/publications.html
        License:       https://ffx.biochem.uiowa.edu/licenses.html

 _________________________________________________________________________

 Tue Apr 14 20:06:08 CDT 2026
 Process ID 88211 on argon-itf-bx43-03.hpc.

 Command line arguments:
 [Minimize, -e, 0.8, /Dedicated/schnieders/maemmad/pKa_GNN/ffx_pipeline/data/fixed_pdbs/1JAS/1JAS_input.pdb]

 Executing internal command: ffx.algorithms.commands.Minimize

 Initializing 1 topologies...
 Parsing: Internal force field (amoeba-bio-2018-cphmd).
 Parsing: Structure properties from (/Dedicated/schnieders/maemmad/pKa_GNN/ffx_pipeline/data/fixed_pdbs/1JAS/1JAS_input.properties).
 Parsing: JVM system properties (i.e. command line -Dkey=value pairs).

 Attempting to read force field patch from /Dedicated/schnieders/maemmad/pKa_GNN/naphosphate_solute.09Feb21.prm.

 Renumbering Patch: FALSE
 Reading 1JAS_input.pdb

 Assigning atom types for 1 chains.
 Amino acid chain A
 Renumbering PDB file due to built atoms (2395 vs 1220)
 Total number of atoms: 2395

 Constructing Force Field AMOEBA-BIO-2018-CPHMD

 SMP threads:                               128
 The system will be treated as aperiodic (max separation =   63.6 A).

 Bonded Terms
  Bonds:                                   2427
  Angles:                                  4385
  Stretch-Bends:                           3900
  Out-of-Plane Bends:                      1503
  Torsions:                                6476
  Pi-Orbital Torsions:                      277
  Torsion-Torsions:                           6

 Non-Bonded Terms

  Van der Waals
   Cut-Off:                                NONE
   Long-Range Correction:                 FALSE

 Electrostatics
   Polarization:                         MUTUAL
    SCF Convergence Criteria:         1.000e-06
    SCF Predictor:                         NONE
    SCF Algorithm:                           CG
    CG Preconditioner Cut-Off:            4.500
    CG Preconditioner Ewald Coeff.:       0.000
    CG Preconditioner Scale:              2.000
    CG Preconditioner Mode:     FLETCHER_REEVES
    Electrostatics Cut-Off:                NONE

  Continuum Solvation
   Radii:                                SOLUTE
   Generalized Kirkwood Cut-Off:           NONE
   GKC:                                  2.4550
   Solvent Dielectric:                  78.3000
   Solute Dielectric:                    1.0000
   Descreen with vdW Radii:                TRUE
   Descreen with Hydrogen Atoms:          FALSE
   Descreen Offset:                      0.0000
   General HCT Scale Factor:             0.7200
   Non-Polar Model:                  GAUSS-DISP
    GaussVol Radii Offset:               0.0000
    GaussVol Radii Scale:                1.0000
   Dispersion Integral Offset:           1.0560 (A)
   Cavitation Solvent Pressure:          0.0334 (Kcal/mol/A^3)
   Cavitation Surface Tension:           0.1030 (Kcal/mol/A^2)
   Cavitation Cross-Over Radius:         9.2515 (A)

  Overall system charge:                 -4.000

 Opened 1JAS_input.pdb in 2.291 sec.

 System Resources
  Total CPU time:          40.82 (sec)
  System load average:    161.32
  Open file handles:         146 of  81920 allowed
  System memory:           37733 MB free out of  38960 MB
  System swap space:        1858 MB free out of   2053 MB
  JVM memory:               3927 MB free out of   4096 MB

 Minimizing energy of Single Topology  [1JAS_input.pdb] 
 Setting lambda to 0.000.
 Generalized Kirkwood  -3222.79349050      0.813
 Cavitation             1570.08073836      0.882
 Dispersion            -1021.89167528      0.908

 Computed Potential Energy
  Bond Stretching            146.33760266         2427        0.013 ( 0.01247)
  Angle Bending              683.42321070         4385        0.013 ( 3.09521)
  Stretch-Bend                 3.18972234         3900        0.006
  Out-of-Plane Bend           27.87125840         1503        0.009
  Torsional Angle            321.07569443         6476        0.007
  Pi-Orbital Torsion          42.43179818          277        0.009
  Torsion-Torsion            -21.27264082            6        0.006
  Van der Waals             1097.35176495      2860003        1.194
  Atomic Multipoles        -3756.59495703      2860003
  Polarization              -664.85437466      2860003       16.776
  Solvation                -2674.60442742      2869210
  Total Potential          -4795.64534828  (Kcal/mole)       18.041 (sec)

 Limited Memory BFGS Quasi-Newton Optimization: 

 Cycle       Energy      G RMS    Delta E   Delta X    Angle  Evals     Time

     0   -4795.6453     9.4255
     1   -4995.8346     5.5108   200.1892    0.0049     0.00      2    6.691
     2   -5112.8021     4.6368   116.9675    0.0044    27.91      3    5.507
     3   -5214.8217     4.1350   102.0196    0.0049    37.26      4    5.195
     4   -5292.2391     3.3751    77.4174    0.0049    45.16      5    5.848
     5   -5348.5913     2.4545    56.3522    0.0049    50.47      6    6.216
     6   -5385.5788     2.4418    36.9875    0.0049    50.53      7    6.517
     7   -5415.0319     1.9349    29.4531    0.0049    60.02      8    5.891
     8   -5439.4922     2.1831    24.4603    0.0049    56.65      9    6.607
     9   -5461.0759     1.9136    21.5836    0.0049    62.02     10    6.031
    10   -5479.1548     1.7070    18.0789    0.0038    57.17     11    6.191
    11   -5496.2157     1.8183    17.0609    0.0042    57.07     12    5.571
    12   -5515.1583     1.9048    18.9426    0.0048    62.08     13    5.436
    13   -5533.5116     1.5821    18.3533    0.0049    67.14     14    5.545
    14   -5549.0571     1.4366    15.5456    0.0049    67.15     15    5.252
    15   -5562.2772     1.4198    13.2200    0.0049    68.76     16    5.058
    16   -5574.4520     1.3141    12.1748    0.0049    70.98     17    6.134
    17   -5585.5979     1.2439    11.1459    0.0049    70.98     18    6.293
    18   -5595.8533     1.1464    10.2554    0.0049    71.05     19    5.989
    19   -5605.5522     1.0929     9.6989    0.0049    70.01     20    5.326
    20   -5614.5064     1.3252     8.9542    0.0049    68.47     21    5.166
    21   -5624.0801     1.3394     9.5737    0.0049    71.98     22    5.277
    22   -5634.5000     1.2395    10.4199    0.0049    70.86     23    5.235
    23   -5644.8719     1.3672    10.3718    0.0049    68.20     24    5.116
    24   -5654.5969     1.2825     9.7250    0.0049    71.22     25   10.551
    25   -5663.3035     1.3351     8.7066    0.0049    70.87     26   12.037
    26   -5671.0783     1.2341     7.7748    0.0045    72.89     27    5.668
    27   -5679.1085     1.0648     8.0301    0.0049    74.74     28    5.243
    28   -5686.5248     1.0379     7.4163    0.0049    74.82     29    4.285
    29   -5693.4100     0.9167     6.8852    0.0049    76.37     30    3.933
    30   -5699.6211     0.9509     6.2111    0.0049    76.09     31    4.281
    31   -5705.6657     0.8024     6.0445    0.0049    77.27     32    5.501
    32   -5711.2812     0.9237     5.6155    0.0049    75.39     33    5.377
    33   -5716.6984     0.7743     5.4173    0.0049    78.12     34    5.483

 Optimization achieved convergence criteria:  0.77426
 Generalized Kirkwood  -3390.31202962      0.179
 Cavitation             1592.82028504      0.304
 Dispersion            -1058.28953238      0.234

 Computed Potential Energy
  Bond Stretching            204.69656994         2427        0.002 ( 0.01584)
  Angle Bending              586.10275065         4385        0.002 ( 2.94901)
  Stretch-Bend                 5.71886128         3900        0.001
  Out-of-Plane Bend           23.90168709         1503        0.000
  Torsional Angle            209.89294619         6476        0.001
  Pi-Orbital Torsion          31.79341224          277        0.004
  Torsion-Torsion            -23.94399258            6        0.006
  Van der Waals              480.32547765      2860003        0.077
  Atomic Multipoles        -3704.44293126      2860003
  Polarization              -674.96194882      2860003        3.729
  Solvation                -2855.78127696      2869210
  Total Potential          -5716.69844458  (Kcal/mole)        3.831 (sec)
 Setting atom names to PDB standard.
 Saving 1JAS_input.pdb_2

 Script wall clock time: 230.185 (sec)
WARNING: Using incubator modules: jdk.incubator.vector
WARNING: Using incubator modules: jdk.incubator.vector
Too few resources available to assign 1 node, 1 process, and 20 CPUs per process
=== Rotamer job done: Tue Apr 14 20:11:13 CDT 2026 ===
