 Evaluating /Dedicated/schnieders/programs/stack-2021.1.sh
  Loading Modules
   Stack 2021.1
   GCC 9.3.0
   CMake 3.20.0
   Eigen 3.3.9
   Cuda 11.1.1
   Cuda: /usr/share/apps/2021.1/arch/gcc-9.3.0/cuda-11.1.1
   CudaNN 8.0.5.39-11.1
   Swig 4.0.2_gcc-9.3.0
  Loading software from /Dedicated/schnieders/programs/local
   Ant: /Dedicated/schnieders/programs/apache-ant-1.10.11
   FFX: /Dedicated/schnieders/programs/ffx-builds/forcefieldx-2026-01-04
   GDMA: /Dedicated/schnieders/programs/gdma-2.3
   Groovy: /Dedicated/schnieders/programs/groovy-4.0.1
   Java: /Dedicated/schnieders/programs/jdk-25.0.1
   Maven: /Dedicated/schnieders/programs/apache-maven-3.9.5
   VMD: /Dedicated/schnieders/programs/vmd
   NAMD: /Dedicated/schnieders/programs/NAMD_3.0alpha7_Linux-x86_64-multicore-CUDA
   OpenEye: /Dedicated/schnieders/programs/OpenEye
   Tinker: /Dedicated/schnieders/programs/tinker-tools
=== Rotamer job started: Wed Jun 17 17:43:24 CDT 2026 ===
PDB: /Dedicated/schnieders/maemmad/pKa_GNN/ffx_pipeline/data/fixed_pdbs/4GE0/4GE0_input.pdb
WARNING: Using incubator modules: jdk.incubator.vector
 _________________________________________________________________________

        FORCE FIELD X - Polyglot Software for Molecular Biophysics 

        Version 1.0.0-6991  April 2026 
        Git Revision  937dfd3f3a84d0dc91f73b0419518078a8c41842 
 
        Please cite the following reference when using Force Field X:

        RA Gogal, AJ Nessler, AC Thiel, HV Bernabe, RA Corrigan Grove,
        LM Cousineau, JM Litman, JM Miller, G Qi, MJ Speranza,
        MR Tollefson, TD Fenn, JJ Michaelson, O Okada, JP Piquemal,
        JW Ponder, J Shen, RJH Smith, W Yang, P Ren and MJ Schnieders,
        2024, Journal of Chemical Physics, 161 (1).

        Copyright (c)  Michael J. Schnieders  2001-2026
        All Rights Reserved

        Force Field X is distributed under the GPL v. 3 license
        with linking exception and is hosted by the Schnieders Lab
        at The University of Iowa.

        User Manual:   https://ffx.biochem.uiowa.edu/manual.html
        Publications:  https://ffx.biochem.uiowa.edu/publications.html
        License:       https://ffx.biochem.uiowa.edu/licenses.html

 _________________________________________________________________________

 Wed Jun 17 17:43:25 CDT 2026
 Process ID 371285 on argon-itf-bx50-14.hpc.

 Command line arguments:
 [Minimize, -e, 0.8, /Dedicated/schnieders/maemmad/pKa_GNN/ffx_pipeline/data/fixed_pdbs/4GE0/4GE0_input.pdb]

 Executing internal command: ffx.algorithms.commands.Minimize

 Initializing 1 topologies...
 Parsing: Internal force field (amoeba-bio-2018-cphmd).
 Parsing: Structure properties from (/Dedicated/schnieders/maemmad/pKa_GNN/ffx_pipeline/data/fixed_pdbs/4GE0/4GE0_input.properties).
 Parsing: JVM system properties (i.e. command line -Dkey=value pairs).

 Attempting to read force field patch from /Dedicated/schnieders/maemmad/pKa_GNN/naphosphate_solute.09Feb21.prm.

 Renumbering Patch: FALSE
 Reading 4GE0_input.pdb

 Assigning atom types for 4 chains.
 Amino acid chain A
 Amino acid chain B
 Amino acid chain C
 Amino acid chain D
 Renumbering PDB file due to built atoms (12084 vs 6004)
 Total number of atoms: 12084

 Constructing Force Field AMOEBA-BIO-2018-CPHMD

 SMP threads:                                20
 The system will be treated as aperiodic (max separation =  108.3 A).

 Bonded Terms
  Bonds:                                  12216
  Angles:                                 22220
  Stretch-Bends:                          19532
  Out-of-Plane Bends:                      6972
  Torsions:                               32544
  Pi-Orbital Torsions:                     1332
  Torsion-Torsions:                          68

 Non-Bonded Terms

  Van der Waals
   Cut-Off:                                NONE
   Long-Range Correction:                 FALSE

 Electrostatics
   Polarization:                         MUTUAL
    SCF Convergence Criteria:         1.000e-06
    SCF Predictor:                         NONE
    SCF Algorithm:                           CG
    CG Preconditioner Cut-Off:            4.500
    CG Preconditioner Ewald Coeff.:       0.000
    CG Preconditioner Scale:              2.000
    CG Preconditioner Mode:     FLETCHER_REEVES
    Electrostatics Cut-Off:                NONE

  Continuum Solvation
   Radii:                                SOLUTE
   Generalized Kirkwood Cut-Off:           NONE
   GKC:                                  2.4550
   Solvent Dielectric:                  78.3000
   Solute Dielectric:                    1.0000
   Descreen with vdW Radii:                TRUE
   Descreen with Hydrogen Atoms:          FALSE
   Descreen Offset:                      0.0000
   General HCT Scale Factor:             0.7200
   Non-Polar Model:                  GAUSS-DISP
    GaussVol Radii Offset:               0.0000
    GaussVol Radii Scale:                1.0000
   Dispersion Integral Offset:           1.0560 (A)
   Cavitation Solvent Pressure:          0.0334 (Kcal/mol/A^3)
   Cavitation Surface Tension:           0.1030 (Kcal/mol/A^2)
   Cavitation Cross-Over Radius:         9.2515 (A)

  Overall system charge:                 12.000

 Opened 4GE0_input.pdb in 3.524 sec.

 System Resources
  Total CPU time:          31.34 (sec)
  System load average:      4.69
  Open file handles:         146 of  81920 allowed
  System memory:           20007 MB free out of  21740 MB
  System swap space:        1733 MB free out of   2053 MB
  JVM memory:               3617 MB free out of   4096 MB

 Minimizing energy of Single Topology  [4GE0_input.pdb] 
 Setting lambda to 0.000.
Jun 17, 2026 5:50:26 PM ffx.potential.nonbonded.ParticleMeshEwald selfConsistentField
WARNING: ffx.potential.utils.EnergyException: Maximum SCF iterations reached: (1000)


Jun 17, 2026 5:57:14 PM ffx.potential.nonbonded.ParticleMeshEwald selfConsistentField
WARNING: ffx.potential.utils.EnergyException:  Maximum SCF iterations reached: (1000)


Jun 17, 2026 6:04:02 PM ffx.potential.nonbonded.ParticleMeshEwald selfConsistentField
WARNING: ffx.potential.utils.EnergyException:  Maximum SCF iterations reached: (1000)


Jun 17, 2026 6:10:49 PM ffx.potential.nonbonded.ParticleMeshEwald selfConsistentField
WARNING: ffx.potential.utils.EnergyException:  Maximum SCF iterations reached: (1000)


Jun 17, 2026 6:17:32 PM ffx.potential.nonbonded.ParticleMeshEwald selfConsistentField
WARNING: ffx.potential.utils.EnergyException:  Maximum SCF iterations reached: (1000)


Jun 17, 2026 6:24:20 PM ffx.potential.nonbonded.ParticleMeshEwald selfConsistentField
WARNING: ffx.potential.utils.EnergyException:  Maximum SCF iterations reached: (1000)


Jun 17, 2026 6:31:04 PM ffx.potential.nonbonded.ParticleMeshEwald selfConsistentField
WARNING: ffx.potential.utils.EnergyException:  Maximum SCF iterations reached: (1000)


Jun 17, 2026 6:37:50 PM ffx.potential.nonbonded.ParticleMeshEwald selfConsistentField
WARNING: ffx.potential.utils.EnergyException:  Maximum SCF iterations reached: (1000)


Jun 17, 2026 6:44:35 PM ffx.potential.nonbonded.ParticleMeshEwald selfConsistentField
WARNING: ffx.potential.utils.EnergyException:  Maximum SCF iterations reached: (1000)


Jun 17, 2026 6:51:18 PM ffx.potential.nonbonded.ParticleMeshEwald selfConsistentField
WARNING: ffx.potential.utils.EnergyException:  Maximum SCF iterations reached: (1000)


Jun 17, 2026 6:58:03 PM ffx.potential.nonbonded.ParticleMeshEwald selfConsistentField
WARNING: ffx.potential.utils.EnergyException:  Maximum SCF iterations reached: (1000)


Jun 17, 2026 7:04:48 PM ffx.potential.nonbonded.ParticleMeshEwald selfConsistentField
WARNING: ffx.potential.utils.EnergyException:  Maximum SCF iterations reached: (1000)


Jun 17, 2026 7:11:34 PM ffx.potential.nonbonded.ParticleMeshEwald selfConsistentField
WARNING: ffx.potential.utils.EnergyException:  Maximum SCF iterations reached: (1000)


Jun 17, 2026 7:18:22 PM ffx.potential.nonbonded.ParticleMeshEwald selfConsistentField
WARNING: ffx.potential.utils.EnergyException:  Maximum SCF iterations reached: (1000)


Jun 17, 2026 7:25:10 PM ffx.potential.nonbonded.ParticleMeshEwald selfConsistentField
WARNING: ffx.potential.utils.EnergyException:  Maximum SCF iterations reached: (1000)


Jun 17, 2026 7:31:57 PM ffx.potential.nonbonded.ParticleMeshEwald selfConsistentField
WARNING: ffx.potential.utils.EnergyException:  Maximum SCF iterations reached: (1000)


Jun 17, 2026 7:38:49 PM ffx.potential.nonbonded.ParticleMeshEwald selfConsistentField
WARNING: ffx.potential.utils.EnergyException:  Maximum SCF iterations reached: (1000)


Jun 17, 2026 7:45:36 PM ffx.potential.nonbonded.ParticleMeshEwald selfConsistentField
WARNING: ffx.potential.utils.EnergyException:  Maximum SCF iterations reached: (1000)


Jun 17, 2026 7:52:24 PM ffx.potential.nonbonded.ParticleMeshEwald selfConsistentField
WARNING: ffx.potential.utils.EnergyException:  Maximum SCF iterations reached: (1000)


Jun 17, 2026 7:59:13 PM ffx.potential.nonbonded.ParticleMeshEwald selfConsistentField
WARNING: ffx.potential.utils.EnergyException:  Maximum SCF iterations reached: (1000)


Jun 17, 2026 8:06:06 PM ffx.potential.nonbonded.ParticleMeshEwald selfConsistentField
WARNING: ffx.potential.utils.EnergyException:  Maximum SCF iterations reached: (1000)


Jun 17, 2026 8:13:08 PM ffx.potential.nonbonded.ParticleMeshEwald selfConsistentField
WARNING: ffx.potential.utils.EnergyException:  Maximum SCF iterations reached: (1000)


Jun 17, 2026 8:20:26 PM ffx.potential.nonbonded.ParticleMeshEwald selfConsistentField
WARNING: ffx.potential.utils.EnergyException:  Maximum SCF iterations reached: (1000)


Jun 17, 2026 8:29:38 PM ffx.potential.nonbonded.ParticleMeshEwald selfConsistentField
WARNING: ffx.potential.utils.EnergyException:  Maximum SCF iterations reached: (1000)


Jun 17, 2026 8:40:19 PM ffx.potential.nonbonded.ParticleMeshEwald selfConsistentField
WARNING: ffx.potential.utils.EnergyException:  Maximum SCF iterations reached: (1000)


Jun 17, 2026 8:50:49 PM ffx.potential.nonbonded.ParticleMeshEwald selfConsistentField
WARNING: ffx.potential.utils.EnergyException:  Maximum SCF iterations reached: (1000)


Jun 17, 2026 9:00:40 PM ffx.potential.nonbonded.ParticleMeshEwald selfConsistentField
WARNING: ffx.potential.utils.EnergyException:  Maximum SCF iterations reached: (1000)


Jun 17, 2026 9:10:44 PM ffx.potential.nonbonded.ParticleMeshEwald selfConsistentField
WARNING: ffx.potential.utils.EnergyException:  Maximum SCF iterations reached: (1000)


Jun 17, 2026 9:20:55 PM ffx.potential.nonbonded.ParticleMeshEwald selfConsistentField
WARNING: ffx.potential.utils.EnergyException:  Maximum SCF iterations reached: (1000)


Jun 17, 2026 9:31:03 PM ffx.potential.nonbonded.ParticleMeshEwald selfConsistentField
WARNING: ffx.potential.utils.EnergyException:  Maximum SCF iterations reached: (1000)


Jun 17, 2026 9:41:22 PM ffx.potential.nonbonded.ParticleMeshEwald selfConsistentField
WARNING: ffx.potential.utils.EnergyException:  Maximum SCF iterations reached: (1000)


Jun 17, 2026 9:51:49 PM ffx.potential.nonbonded.ParticleMeshEwald selfConsistentField
WARNING: ffx.potential.utils.EnergyException:  Maximum SCF iterations reached: (1000)


Jun 17, 2026 10:02:16 PM ffx.potential.nonbonded.ParticleMeshEwald selfConsistentField
WARNING: ffx.potential.utils.EnergyException:  Maximum SCF iterations reached: (1000)


Jun 17, 2026 10:12:18 PM ffx.potential.nonbonded.ParticleMeshEwald selfConsistentField
WARNING: ffx.potential.utils.EnergyException:  Maximum SCF iterations reached: (1000)


Jun 17, 2026 10:22:36 PM ffx.potential.nonbonded.ParticleMeshEwald selfConsistentField
WARNING: ffx.potential.utils.EnergyException:  Maximum SCF iterations reached: (1000)


Jun 17, 2026 10:32:48 PM ffx.potential.nonbonded.ParticleMeshEwald selfConsistentField
WARNING: ffx.potential.utils.EnergyException:  Maximum SCF iterations reached: (1000)


Jun 17, 2026 10:42:53 PM ffx.potential.nonbonded.ParticleMeshEwald selfConsistentField
WARNING: ffx.potential.utils.EnergyException:  Maximum SCF iterations reached: (1000)


Jun 17, 2026 10:53:06 PM ffx.potential.nonbonded.ParticleMeshEwald selfConsistentField
WARNING: ffx.potential.utils.EnergyException:  Maximum SCF iterations reached: (1000)


Jun 17, 2026 11:02:49 PM ffx.potential.nonbonded.ParticleMeshEwald selfConsistentField
WARNING: ffx.potential.utils.EnergyException:  Maximum SCF iterations reached: (1000)


Jun 17, 2026 11:12:16 PM ffx.potential.nonbonded.ParticleMeshEwald selfConsistentField
WARNING: ffx.potential.utils.EnergyException:  Maximum SCF iterations reached: (1000)


Jun 17, 2026 11:19:16 PM ffx.potential.nonbonded.ParticleMeshEwald selfConsistentField
WARNING: ffx.potential.utils.EnergyException:  Maximum SCF iterations reached: (1000)


Jun 17, 2026 11:26:23 PM ffx.potential.nonbonded.ParticleMeshEwald selfConsistentField
WARNING: ffx.potential.utils.EnergyException:  Maximum SCF iterations reached: (1000)


Jun 17, 2026 11:33:24 PM ffx.potential.nonbonded.ParticleMeshEwald selfConsistentField
WARNING: ffx.potential.utils.EnergyException:  Maximum SCF iterations reached: (1000)


Jun 17, 2026 11:40:41 PM ffx.potential.nonbonded.ParticleMeshEwald selfConsistentField
WARNING: ffx.potential.utils.EnergyException:  Maximum SCF iterations reached: (1000)


Jun 17, 2026 11:47:45 PM ffx.potential.nonbonded.ParticleMeshEwald selfConsistentField
WARNING: ffx.potential.utils.EnergyException:  Maximum SCF iterations reached: (1000)


Jun 17, 2026 11:54:45 PM ffx.potential.nonbonded.ParticleMeshEwald selfConsistentField
WARNING: ffx.potential.utils.EnergyException:  Maximum SCF iterations reached: (1000)


Jun 18, 2026 12:01:47 AM ffx.potential.nonbonded.ParticleMeshEwald selfConsistentField
WARNING: ffx.potential.utils.EnergyException:  Maximum SCF iterations reached: (1000)


Jun 18, 2026 12:09:08 AM ffx.potential.nonbonded.ParticleMeshEwald selfConsistentField
WARNING: ffx.potential.utils.EnergyException:  Maximum SCF iterations reached: (1000)


Jun 18, 2026 12:16:12 AM ffx.potential.nonbonded.ParticleMeshEwald selfConsistentField
WARNING: ffx.potential.utils.EnergyException:  Maximum SCF iterations reached: (1000)


Jun 18, 2026 12:23:15 AM ffx.potential.nonbonded.ParticleMeshEwald selfConsistentField
WARNING: ffx.potential.utils.EnergyException:  Maximum SCF iterations reached: (1000)


Jun 18, 2026 12:30:20 AM ffx.potential.nonbonded.ParticleMeshEwald selfConsistentField
WARNING: ffx.potential.utils.EnergyException:  Maximum SCF iterations reached: (1000)


Jun 18, 2026 12:37:32 AM ffx.potential.nonbonded.ParticleMeshEwald selfConsistentField
WARNING: ffx.potential.utils.EnergyException:  Maximum SCF iterations reached: (1000)


Jun 18, 2026 12:44:35 AM ffx.potential.nonbonded.ParticleMeshEwald selfConsistentField
WARNING: ffx.potential.utils.EnergyException:  Maximum SCF iterations reached: (1000)


Jun 18, 2026 12:51:37 AM ffx.potential.nonbonded.ParticleMeshEwald selfConsistentField
WARNING: ffx.potential.utils.EnergyException:  Maximum SCF iterations reached: (1000)


Jun 18, 2026 12:58:40 AM ffx.potential.nonbonded.ParticleMeshEwald selfConsistentField
WARNING: ffx.potential.utils.EnergyException:  Maximum SCF iterations reached: (1000)


Jun 18, 2026 1:05:43 AM ffx.potential.nonbonded.ParticleMeshEwald selfConsistentField
WARNING: ffx.potential.utils.EnergyException:  Maximum SCF iterations reached: (1000)


Jun 18, 2026 1:13:00 AM ffx.potential.nonbonded.ParticleMeshEwald selfConsistentField
WARNING: ffx.potential.utils.EnergyException:  Maximum SCF iterations reached: (1000)


Jun 18, 2026 1:20:01 AM ffx.potential.nonbonded.ParticleMeshEwald selfConsistentField
WARNING: ffx.potential.utils.EnergyException:  Maximum SCF iterations reached: (1000)


Jun 18, 2026 1:27:03 AM ffx.potential.nonbonded.ParticleMeshEwald selfConsistentField
WARNING: ffx.potential.utils.EnergyException:  Maximum SCF iterations reached: (1000)


Jun 18, 2026 1:34:25 AM ffx.potential.nonbonded.ParticleMeshEwald selfConsistentField
WARNING: ffx.potential.utils.EnergyException:  Maximum SCF iterations reached: (1000)


Jun 18, 2026 1:45:10 AM ffx.potential.nonbonded.ParticleMeshEwald selfConsistentField
WARNING: ffx.potential.utils.EnergyException:  Maximum SCF iterations reached: (1000)


Jun 18, 2026 1:55:53 AM ffx.potential.nonbonded.ParticleMeshEwald selfConsistentField
WARNING: ffx.potential.utils.EnergyException:  Maximum SCF iterations reached: (1000)


Jun 18, 2026 2:06:28 AM ffx.potential.nonbonded.ParticleMeshEwald selfConsistentField
WARNING: ffx.potential.utils.EnergyException:  Maximum SCF iterations reached: (1000)


Jun 18, 2026 2:17:16 AM ffx.potential.nonbonded.ParticleMeshEwald selfConsistentField
WARNING: ffx.potential.utils.EnergyException:  Maximum SCF iterations reached: (1000)


Jun 18, 2026 2:28:01 AM ffx.potential.nonbonded.ParticleMeshEwald selfConsistentField
WARNING: ffx.potential.utils.EnergyException:  Maximum SCF iterations reached: (1000)


Jun 18, 2026 2:38:46 AM ffx.potential.nonbonded.ParticleMeshEwald selfConsistentField
WARNING: ffx.potential.utils.EnergyException:  Maximum SCF iterations reached: (1000)


Jun 18, 2026 2:49:29 AM ffx.potential.nonbonded.ParticleMeshEwald selfConsistentField
WARNING: ffx.potential.utils.EnergyException:  Maximum SCF iterations reached: (1000)


Jun 18, 2026 3:00:13 AM ffx.potential.nonbonded.ParticleMeshEwald selfConsistentField
WARNING: ffx.potential.utils.EnergyException:  Maximum SCF iterations reached: (1000)


Jun 18, 2026 3:10:56 AM ffx.potential.nonbonded.ParticleMeshEwald selfConsistentField
WARNING: ffx.potential.utils.EnergyException:  Maximum SCF iterations reached: (1000)


Jun 18, 2026 3:21:42 AM ffx.potential.nonbonded.ParticleMeshEwald selfConsistentField
WARNING: ffx.potential.utils.EnergyException:  Maximum SCF iterations reached: (1000)


Jun 18, 2026 3:32:21 AM ffx.potential.nonbonded.ParticleMeshEwald selfConsistentField
WARNING: ffx.potential.utils.EnergyException:  Maximum SCF iterations reached: (1000)


Jun 18, 2026 3:43:00 AM ffx.potential.nonbonded.ParticleMeshEwald selfConsistentField
WARNING: ffx.potential.utils.EnergyException:  Maximum SCF iterations reached: (1000)


Jun 18, 2026 3:53:43 AM ffx.potential.nonbonded.ParticleMeshEwald selfConsistentField
WARNING: ffx.potential.utils.EnergyException:  Maximum SCF iterations reached: (1000)


Jun 18, 2026 4:04:22 AM ffx.potential.nonbonded.ParticleMeshEwald selfConsistentField
WARNING: ffx.potential.utils.EnergyException:  Maximum SCF iterations reached: (1000)


Jun 18, 2026 4:15:04 AM ffx.potential.nonbonded.ParticleMeshEwald selfConsistentField
WARNING: ffx.potential.utils.EnergyException:  Maximum SCF iterations reached: (1000)


Jun 18, 2026 4:25:49 AM ffx.potential.nonbonded.ParticleMeshEwald selfConsistentField
WARNING: ffx.potential.utils.EnergyException:  Maximum SCF iterations reached: (1000)


Jun 18, 2026 4:36:31 AM ffx.potential.nonbonded.ParticleMeshEwald selfConsistentField
WARNING: ffx.potential.utils.EnergyException:  Maximum SCF iterations reached: (1000)


Jun 18, 2026 4:47:16 AM ffx.potential.nonbonded.ParticleMeshEwald selfConsistentField
WARNING: ffx.potential.utils.EnergyException:  Maximum SCF iterations reached: (1000)


Jun 18, 2026 4:58:03 AM ffx.potential.nonbonded.ParticleMeshEwald selfConsistentField
WARNING: ffx.potential.utils.EnergyException:  Maximum SCF iterations reached: (1000)


Jun 18, 2026 5:08:47 AM ffx.potential.nonbonded.ParticleMeshEwald selfConsistentField
WARNING: ffx.potential.utils.EnergyException:  Maximum SCF iterations reached: (1000)


Jun 18, 2026 5:19:19 AM ffx.potential.nonbonded.ParticleMeshEwald selfConsistentField
WARNING: ffx.potential.utils.EnergyException:  Maximum SCF iterations reached: (1000)


Jun 18, 2026 5:29:55 AM ffx.potential.nonbonded.ParticleMeshEwald selfConsistentField
WARNING: ffx.potential.utils.EnergyException:  Maximum SCF iterations reached: (1000)


Jun 18, 2026 5:40:37 AM ffx.potential.nonbonded.ParticleMeshEwald selfConsistentField
WARNING: ffx.potential.utils.EnergyException:  Maximum SCF iterations reached: (1000)


Jun 18, 2026 5:51:17 AM ffx.potential.nonbonded.ParticleMeshEwald selfConsistentField
WARNING: ffx.potential.utils.EnergyException:  Maximum SCF iterations reached: (1000)


Jun 18, 2026 6:02:00 AM ffx.potential.nonbonded.ParticleMeshEwald selfConsistentField
WARNING: ffx.potential.utils.EnergyException:  Maximum SCF iterations reached: (1000)


Jun 18, 2026 6:12:47 AM ffx.potential.nonbonded.ParticleMeshEwald selfConsistentField
WARNING: ffx.potential.utils.EnergyException:  Maximum SCF iterations reached: (1000)


Jun 18, 2026 6:23:28 AM ffx.potential.nonbonded.ParticleMeshEwald selfConsistentField
WARNING: ffx.potential.utils.EnergyException:  Maximum SCF iterations reached: (1000)


Jun 18, 2026 6:34:06 AM ffx.potential.nonbonded.ParticleMeshEwald selfConsistentField
WARNING: ffx.potential.utils.EnergyException:  Maximum SCF iterations reached: (1000)


Jun 18, 2026 6:44:51 AM ffx.potential.nonbonded.ParticleMeshEwald selfConsistentField
WARNING: ffx.potential.utils.EnergyException:  Maximum SCF iterations reached: (1000)


Jun 18, 2026 6:55:41 AM ffx.potential.nonbonded.ParticleMeshEwald selfConsistentField
WARNING: ffx.potential.utils.EnergyException:  Maximum SCF iterations reached: (1000)


Jun 18, 2026 7:06:19 AM ffx.potential.nonbonded.ParticleMeshEwald selfConsistentField
WARNING: ffx.potential.utils.EnergyException:  Maximum SCF iterations reached: (1000)


Jun 18, 2026 7:17:06 AM ffx.potential.nonbonded.ParticleMeshEwald selfConsistentField
WARNING: ffx.potential.utils.EnergyException:  Maximum SCF iterations reached: (1000)


Jun 18, 2026 7:27:45 AM ffx.potential.nonbonded.ParticleMeshEwald selfConsistentField
WARNING: ffx.potential.utils.EnergyException:  Maximum SCF iterations reached: (1000)


Jun 18, 2026 7:38:31 AM ffx.potential.nonbonded.ParticleMeshEwald selfConsistentField
WARNING: ffx.potential.utils.EnergyException:  Maximum SCF iterations reached: (1000)


Jun 18, 2026 7:49:16 AM ffx.potential.nonbonded.ParticleMeshEwald selfConsistentField
WARNING: ffx.potential.utils.EnergyException:  Maximum SCF iterations reached: (1000)


Jun 18, 2026 7:59:54 AM ffx.potential.nonbonded.ParticleMeshEwald selfConsistentField
WARNING: ffx.potential.utils.EnergyException:  Maximum SCF iterations reached: (1000)


Jun 18, 2026 8:10:37 AM ffx.potential.nonbonded.ParticleMeshEwald selfConsistentField
WARNING: ffx.potential.utils.EnergyException:  Maximum SCF iterations reached: (1000)


Jun 18, 2026 8:21:13 AM ffx.potential.nonbonded.ParticleMeshEwald selfConsistentField
WARNING: ffx.potential.utils.EnergyException:  Maximum SCF iterations reached: (1000)


Jun 18, 2026 8:31:54 AM ffx.potential.nonbonded.ParticleMeshEwald selfConsistentField
WARNING: ffx.potential.utils.EnergyException:  Maximum SCF iterations reached: (1000)


Jun 18, 2026 8:42:41 AM ffx.potential.nonbonded.ParticleMeshEwald selfConsistentField
WARNING: ffx.potential.utils.EnergyException:  Maximum SCF iterations reached: (1000)


Jun 18, 2026 8:53:25 AM ffx.potential.nonbonded.ParticleMeshEwald selfConsistentField
WARNING: ffx.potential.utils.EnergyException:  Maximum SCF iterations reached: (1000)


Jun 18, 2026 9:04:08 AM ffx.potential.nonbonded.ParticleMeshEwald selfConsistentField
WARNING: ffx.potential.utils.EnergyException:  Maximum SCF iterations reached: (1000)


