 Evaluating /Dedicated/schnieders/programs/stack-2021.1.sh
  Loading Modules
   Stack 2021.1
   GCC 9.3.0
   CMake 3.20.0
   Eigen 3.3.9
   Cuda 11.1.1
   Cuda: /usr/share/apps/2021.1/arch/gcc-9.3.0/cuda-11.1.1
   CudaNN 8.0.5.39-11.1
   Swig 4.0.2_gcc-9.3.0
  Loading software from /Dedicated/schnieders/programs/local
   Ant: /Dedicated/schnieders/programs/apache-ant-1.10.11
   FFX: /Dedicated/schnieders/programs/ffx-builds/forcefieldx-2026-01-04
   GDMA: /Dedicated/schnieders/programs/gdma-2.3
   Groovy: /Dedicated/schnieders/programs/groovy-4.0.1
   Java: /Dedicated/schnieders/programs/jdk-25.0.1
   Maven: /Dedicated/schnieders/programs/apache-maven-3.9.5
   VMD: /Dedicated/schnieders/programs/vmd
   NAMD: /Dedicated/schnieders/programs/NAMD_3.0alpha7_Linux-x86_64-multicore-CUDA
   OpenEye: /Dedicated/schnieders/programs/OpenEye
   Tinker: /Dedicated/schnieders/programs/tinker-tools
=== Rotamer job started: Tue Apr 14 20:05:05 CDT 2026 ===
PDB: /Dedicated/schnieders/maemmad/pKa_GNN/ffx_pipeline/data/fixed_pdbs/1IGD/1IGD_input.pdb
WARNING: Using incubator modules: jdk.incubator.vector
 _________________________________________________________________________

        FORCE FIELD X - Polyglot Software for Molecular Biophysics 

        Version 1.0.0-6991  April 2026 
        Git Revision  937dfd3f3a84d0dc91f73b0419518078a8c41842 
 
        Please cite the following reference when using Force Field X:

        RA Gogal, AJ Nessler, AC Thiel, HV Bernabe, RA Corrigan Grove,
        LM Cousineau, JM Litman, JM Miller, G Qi, MJ Speranza,
        MR Tollefson, TD Fenn, JJ Michaelson, O Okada, JP Piquemal,
        JW Ponder, J Shen, RJH Smith, W Yang, P Ren and MJ Schnieders,
        2024, Journal of Chemical Physics, 161 (1).

        Copyright (c)  Michael J. Schnieders  2001-2026
        All Rights Reserved

        Force Field X is distributed under the GPL v. 3 license
        with linking exception and is hosted by the Schnieders Lab
        at The University of Iowa.

        User Manual:   https://ffx.biochem.uiowa.edu/manual.html
        Publications:  https://ffx.biochem.uiowa.edu/publications.html
        License:       https://ffx.biochem.uiowa.edu/licenses.html

 _________________________________________________________________________

 Tue Apr 14 20:05:07 CDT 2026
 Process ID 121211 on argon-itf-bx51-13.hpc.

 Command line arguments:
 [Minimize, -e, 0.8, /Dedicated/schnieders/maemmad/pKa_GNN/ffx_pipeline/data/fixed_pdbs/1IGD/1IGD_input.pdb]

 Executing internal command: ffx.algorithms.commands.Minimize

 Initializing 1 topologies...
 Parsing: Internal force field (amoeba-bio-2018-cphmd).
 Parsing: Structure properties from (/Dedicated/schnieders/maemmad/pKa_GNN/ffx_pipeline/data/fixed_pdbs/1IGD/1IGD_input.properties).
 Parsing: JVM system properties (i.e. command line -Dkey=value pairs).

 Attempting to read force field patch from /Dedicated/schnieders/maemmad/pKa_GNN/naphosphate_solute.09Feb21.prm.

 Renumbering Patch: FALSE
 Reading 1IGD_input.pdb

 Assigning atom types for 1 chains.
 Amino acid chain A
 Renumbering PDB file due to built atoms (927 vs 468)
 Total number of atoms: 927

 Constructing Force Field AMOEBA-BIO-2018-CPHMD

 SMP threads:                                20
 The system will be treated as aperiodic (max separation =   47.9 A).

 Bonded Terms
  Bonds:                                    934
  Angles:                                  1688
  Stretch-Bends:                           1486
  Out-of-Plane Bends:                       531
  Torsions:                                2465
  Pi-Orbital Torsions:                      104
  Torsion-Torsions:                           4

 Non-Bonded Terms

  Van der Waals
   Cut-Off:                                NONE
   Long-Range Correction:                 FALSE

 Electrostatics
   Polarization:                         MUTUAL
    SCF Convergence Criteria:         1.000e-06
    SCF Predictor:                         NONE
    SCF Algorithm:                           CG
    CG Preconditioner Cut-Off:            4.500
    CG Preconditioner Ewald Coeff.:       0.000
    CG Preconditioner Scale:              2.000
    CG Preconditioner Mode:     FLETCHER_REEVES
    Electrostatics Cut-Off:                NONE

  Continuum Solvation
   Radii:                                SOLUTE
   Generalized Kirkwood Cut-Off:           NONE
   GKC:                                  2.4550
   Solvent Dielectric:                  78.3000
   Solute Dielectric:                    1.0000
   Descreen with vdW Radii:                TRUE
   Descreen with Hydrogen Atoms:          FALSE
   Descreen Offset:                      0.0000
   General HCT Scale Factor:             0.7200
   Non-Polar Model:                  GAUSS-DISP
    GaussVol Radii Offset:               0.0000
    GaussVol Radii Scale:                1.0000
   Dispersion Integral Offset:           1.0560 (A)
   Cavitation Solvent Pressure:          0.0334 (Kcal/mol/A^3)
   Cavitation Surface Tension:           0.1030 (Kcal/mol/A^2)
   Cavitation Cross-Over Radius:         9.2515 (A)

  Overall system charge:                 -2.000

 Opened 1IGD_input.pdb in 0.891 sec.

 System Resources
  Total CPU time:          18.26 (sec)
  System load average:     35.05
  Open file handles:         146 of  81920 allowed
  System memory:           93783 MB free out of  94320 MB
  System swap space:        2053 MB free out of   2053 MB
  JVM memory:               4052 MB free out of   4096 MB

 Minimizing energy of Single Topology  [1IGD_input.pdb] 
 Setting lambda to 0.000.
 Generalized Kirkwood  -1200.08266482      0.114
 Cavitation              593.48029307      0.200
 Dispersion             -396.26466502      0.133

 Computed Potential Energy
  Bond Stretching            126.73391905          934        0.007 ( 0.01830)
  Angle Bending              225.87699377         1688        0.009 ( 2.83963)
  Stretch-Bend                -3.54116418         1486        0.004
  Out-of-Plane Bend           26.94817705          531        0.004
  Torsional Angle            111.40929968         2465        0.004
  Pi-Orbital Torsion          10.60802204          104        0.006
  Torsion-Torsion            -14.38792314            4        0.003
  Van der Waals              489.12510643       426579        0.049
  Atomic Multipoles        -1771.03967114       426579
  Polarization              -319.46579721       426579        2.502
  Solvation                -1002.86703676       430128
  Total Potential          -2120.60007441  (Kcal/mole)        2.597 (sec)

 Limited Memory BFGS Quasi-Newton Optimization: 

 Cycle       Energy      G RMS    Delta E   Delta X    Angle  Evals     Time

     0   -2120.6001    14.6756
     1   -2246.9399     8.9070   126.3398    0.0079     0.00      2    1.141
     2   -2292.5060     5.1567    45.5662    0.0026    16.89      3    0.733
     3   -2342.5991     4.8161    50.0931    0.0053    19.31      4    0.745
     4   -2386.9599     4.8510    44.3608    0.0069    48.75      5    0.676
     5   -2417.4083     6.3963    30.4484    0.0079    58.28      6    0.755
     6   -2446.7675     3.1016    29.3592    0.0079    67.60      7    0.801
     7   -2459.4022     2.3769    12.6347    0.0030    46.66      8    0.736
     8   -2474.0185     2.7800    14.6162    0.0049    49.22      9    0.791
     9   -2486.9912     3.9027    12.9727    0.0073    63.92     10    0.698
    10   -2500.4315     2.2191    13.4403    0.0059    70.32     11    0.763
    11   -2510.0531     1.9624     9.6216    0.0040    58.94     12    0.739
    12   -2521.7563     2.5276    11.7031    0.0073    61.94     13    0.690
    13   -2529.2990     3.5304     7.5428    0.0079    71.13     14    0.712
    14   -2537.4377     1.9031     8.1386    0.0030    67.92     15    0.793
    15   -2544.6322     1.5970     7.1946    0.0044    61.70     16    0.679
    16   -2549.4963     1.6975     4.8641    0.0040    67.82     17    0.710
    17   -2554.0723     2.4597     4.5760    0.0062    70.54     18    0.702
    18   -2558.5552     1.2288     4.4829    0.0031    71.52     19    0.659
    19   -2561.6534     1.2226     3.0982    0.0024    59.31     20    0.561
    20   -2565.5743     1.4732     3.9209    0.0039    65.91     21    0.718
    21   -2568.7351     2.6228     3.1608    0.0063    72.38     22    0.671
    22   -2572.9091     1.3152     4.1741    0.0033    75.35     23    0.600
    23   -2575.9904     1.0848     3.0813    0.0031    67.71     24    0.701
    24   -2578.9880     1.3747     2.9976    0.0040    70.16     25    0.768
    25   -2582.3329     2.0144     3.3449    0.0063    75.48     26    0.650
    26   -2586.0831     1.2253     3.7502    0.0058    79.63     27    0.792
    27   -2588.7983     1.0180     2.7152    0.0034    70.60     28    0.691
    28   -2591.6804     1.3767     2.8821    0.0043    66.88     29    0.686
    29   -2594.3880     1.3262     2.7076    0.0041    75.39     30    0.679
    30   -2597.4479     1.2432     3.0599    0.0055    76.52     31    0.742
    31   -2599.6508     1.6515     2.2029    0.0065    75.98     32    0.721
    32   -2601.7575     0.9948     2.1067    0.0015    65.85     33    0.740
    33   -2604.1274     0.9670     2.3699    0.0029    65.34     34    0.718
    34   -2606.4017     1.0707     2.2742    0.0049    76.60     35    0.678
    35   -2608.1142     1.9881     1.7125    0.0072    77.77     36    0.561
    36   -2610.5042     0.9857     2.3900    0.0042    81.43     37    0.615
    37   -2612.3838     0.8222     1.8796    0.0032    72.44     38    0.675
    38   -2614.2969     0.9846     1.9131    0.0043    74.39     39    0.780
    39   -2616.0416     1.7393     1.7447    0.0065    77.59     40    0.791
    40   -2618.2346     0.9221     2.1930    0.0041    80.45     41    0.693
    41   -2619.8262     0.7702     1.5916    0.0026    70.62     42    0.622

 Optimization achieved convergence criteria:  0.77019
 Generalized Kirkwood  -1237.77520945      0.022
 Cavitation              612.19698422      0.031
 Dispersion             -417.09633655      0.033

 Computed Potential Energy
  Bond Stretching             79.99753373          934        0.000 ( 0.01597)
  Angle Bending              204.46595528         1688        0.000 ( 2.77431)
  Stretch-Bend                 1.09910050         1486        0.000
  Out-of-Plane Bend           10.95510040          531        0.000
  Torsional Angle             82.26421860         2465        0.000
  Pi-Orbital Torsion           6.61156269          104        0.000
  Torsion-Torsion            -16.86541734            4        0.000
  Van der Waals              170.34926617       426579        0.164
  Atomic Multipoles        -1807.79396928       426579
  Polarization              -308.23501582       426579        0.530
  Solvation                -1042.67456179       430128
  Total Potential          -2619.82622684  (Kcal/mole)        0.695 (sec)
 Setting atom names to PDB standard.
 Saving 1IGD_input.pdb_2

 Script wall clock time: 35.864 (sec)
WARNING: Using incubator modules: jdk.incubator.vector
WARNING: Using incubator modules: jdk.incubator.vector
Too few resources available to assign 1 node, 1 process, and 20 CPUs per process
=== Rotamer job done: Tue Apr 14 20:06:16 CDT 2026 ===
