 Evaluating /Dedicated/schnieders/programs/stack-2021.1.sh
  Loading Modules
   Stack 2021.1
   GCC 9.3.0
   CMake 3.20.0
   Eigen 3.3.9
   Cuda 11.1.1
   Cuda: /usr/share/apps/2021.1/arch/gcc-9.3.0/cuda-11.1.1
   CudaNN 8.0.5.39-11.1
   Swig 4.0.2_gcc-9.3.0
  Loading software from /Dedicated/schnieders/programs/local
   Ant: /Dedicated/schnieders/programs/apache-ant-1.10.11
   FFX: /Dedicated/schnieders/programs/ffx-builds/forcefieldx-2026-01-04
   GDMA: /Dedicated/schnieders/programs/gdma-2.3
   Groovy: /Dedicated/schnieders/programs/groovy-4.0.1
   Java: /Dedicated/schnieders/programs/jdk-25.0.1
   Maven: /Dedicated/schnieders/programs/apache-maven-3.9.5
   VMD: /Dedicated/schnieders/programs/vmd
   NAMD: /Dedicated/schnieders/programs/NAMD_3.0alpha7_Linux-x86_64-multicore-CUDA
   OpenEye: /Dedicated/schnieders/programs/OpenEye
   Tinker: /Dedicated/schnieders/programs/tinker-tools
=== Rotamer job started: Tue Apr 14 20:27:19 CDT 2026 ===
PDB: /Dedicated/schnieders/maemmad/pKa_GNN/ffx_pipeline/data/fixed_pdbs/1PGB/1PGB_input.pdb
WARNING: Using incubator modules: jdk.incubator.vector
 _________________________________________________________________________

        FORCE FIELD X - Polyglot Software for Molecular Biophysics 

        Version 1.0.0-6991  April 2026 
        Git Revision  937dfd3f3a84d0dc91f73b0419518078a8c41842 
 
        Please cite the following reference when using Force Field X:

        RA Gogal, AJ Nessler, AC Thiel, HV Bernabe, RA Corrigan Grove,
        LM Cousineau, JM Litman, JM Miller, G Qi, MJ Speranza,
        MR Tollefson, TD Fenn, JJ Michaelson, O Okada, JP Piquemal,
        JW Ponder, J Shen, RJH Smith, W Yang, P Ren and MJ Schnieders,
        2024, Journal of Chemical Physics, 161 (1).

        Copyright (c)  Michael J. Schnieders  2001-2026
        All Rights Reserved

        Force Field X is distributed under the GPL v. 3 license
        with linking exception and is hosted by the Schnieders Lab
        at The University of Iowa.

        User Manual:   https://ffx.biochem.uiowa.edu/manual.html
        Publications:  https://ffx.biochem.uiowa.edu/publications.html
        License:       https://ffx.biochem.uiowa.edu/licenses.html

 _________________________________________________________________________

 Tue Apr 14 20:27:20 CDT 2026
 Process ID 78885 on argon-itf-bx54-12.hpc.

 Command line arguments:
 [Minimize, -e, 0.8, /Dedicated/schnieders/maemmad/pKa_GNN/ffx_pipeline/data/fixed_pdbs/1PGB/1PGB_input.pdb]

 Executing internal command: ffx.algorithms.commands.Minimize

 Initializing 1 topologies...
 Parsing: Internal force field (amoeba-bio-2018-cphmd).
 Parsing: Structure properties from (/Dedicated/schnieders/maemmad/pKa_GNN/ffx_pipeline/data/fixed_pdbs/1PGB/1PGB_input.properties).
 Parsing: JVM system properties (i.e. command line -Dkey=value pairs).

 Attempting to read force field patch from /Dedicated/schnieders/maemmad/pKa_GNN/naphosphate_solute.09Feb21.prm.

 Renumbering Patch: FALSE
 Reading 1PGB_input.pdb

 Assigning atom types for 1 chains.
 Amino acid chain A
 Renumbering PDB file due to built atoms (855 vs 436)
 Total number of atoms: 855

 Constructing Force Field AMOEBA-BIO-2018-CPHMD

 SMP threads:                                20
 The system will be treated as aperiodic (max separation =   35.8 A).

 Bonded Terms
  Bonds:                                    861
  Angles:                                  1551
  Stretch-Bends:                           1370
  Out-of-Plane Bends:                       504
  Torsions:                                2262
  Pi-Orbital Torsions:                       99
  Torsion-Torsions:                           4

 Non-Bonded Terms

  Van der Waals
   Cut-Off:                                NONE
   Long-Range Correction:                 FALSE

 Electrostatics
   Polarization:                         MUTUAL
    SCF Convergence Criteria:         1.000e-06
    SCF Predictor:                         NONE
    SCF Algorithm:                           CG
    CG Preconditioner Cut-Off:            4.500
    CG Preconditioner Ewald Coeff.:       0.000
    CG Preconditioner Scale:              2.000
    CG Preconditioner Mode:     FLETCHER_REEVES
    Electrostatics Cut-Off:                NONE

  Continuum Solvation
   Radii:                                SOLUTE
   Generalized Kirkwood Cut-Off:           NONE
   GKC:                                  2.4550
   Solvent Dielectric:                  78.3000
   Solute Dielectric:                    1.0000
   Descreen with vdW Radii:                TRUE
   Descreen with Hydrogen Atoms:          FALSE
   Descreen Offset:                      0.0000
   General HCT Scale Factor:             0.7200
   Non-Polar Model:                  GAUSS-DISP
    GaussVol Radii Offset:               0.0000
    GaussVol Radii Scale:                1.0000
   Dispersion Integral Offset:           1.0560 (A)
   Cavitation Solvent Pressure:          0.0334 (Kcal/mol/A^3)
   Cavitation Surface Tension:           0.1030 (Kcal/mol/A^2)
   Cavitation Cross-Over Radius:         9.2515 (A)

  Overall system charge:                 -4.000

 Opened 1PGB_input.pdb in 0.641 sec.

 System Resources
  Total CPU time:          13.70 (sec)
  System load average:    120.77
  Open file handles:         146 of  81920 allowed
  System memory:           20946 MB free out of  21480 MB
  System swap space:        2040 MB free out of   2053 MB
  JVM memory:               4053 MB free out of   4096 MB

 Minimizing energy of Single Topology  [1PGB_input.pdb] 
 Setting lambda to 0.000.
 Generalized Kirkwood  -1242.70475507      0.143
 Cavitation              552.42707867      0.142
 Dispersion             -366.89695638      0.134

 Computed Potential Energy
  Bond Stretching            125.54143463          861        0.001 ( 0.01939)
  Angle Bending              208.81029198         1551        0.002 ( 2.86763)
  Stretch-Bend                 2.53363799         1370        0.002
  Out-of-Plane Bend           28.26414624          504        0.001
  Torsional Angle             84.57541184         2262        0.003
  Pi-Orbital Torsion           9.12988052           99        0.000
  Torsion-Torsion            -14.07958474            4        0.000
  Van der Waals              581.39219333       362673        0.102
  Atomic Multipoles        -1634.20170671       362673
  Polarization              -294.88728791       362673        1.899
  Solvation                -1057.17463278       365940
  Total Potential          -1960.09621562  (Kcal/mole)        2.011 (sec)

 Limited Memory BFGS Quasi-Newton Optimization: 

 Cycle       Energy      G RMS    Delta E   Delta X    Angle  Evals     Time

     0   -1960.0962    14.1298
     1   -2105.5920     8.3412   145.4958    0.0082     0.00      2    0.457
     2   -2167.3935     6.0410    61.8015    0.0041    30.44      3    0.465
     3   -2248.6847     4.2882    81.2913    0.0082    28.90      4    0.486
     4   -2295.4040     5.6161    46.7193    0.0082    33.78      5    0.429
     5   -2331.0232     3.8640    35.6192    0.0082    62.37      6    0.500
     6   -2358.3160     3.6566    27.2928    0.0082    58.86      7    0.457
     7   -2385.5877     2.9829    27.2717    0.0082    59.59      8    0.422
     8   -2409.0554     3.1079    23.4677    0.0082    54.85      9    0.510
     9   -2425.8627     3.4568    16.8073    0.0082    60.50     10    0.431
    10   -2439.7107     2.5729    13.8480    0.0049    62.53     11    0.406
    11   -2455.4634     2.4987    15.7527    0.0068    58.75     12    0.433
    12   -2468.9861     3.2092    13.5227    0.0082    64.94     13    0.376
    13   -2481.3906     2.3072    12.4044    0.0082    72.58     14    0.383
    14   -2490.0180     2.0880     8.6274    0.0061    67.21     15    0.418
    15   -2496.5073     1.8776     6.4894    0.0050    66.87     16    0.385
    16   -2502.1482     1.6803     5.6409    0.0046    65.80     17    0.442
    17   -2507.7171     1.4214     5.5689    0.0050    66.41     18    0.374
    18   -2512.3655     1.7251     4.6483    0.0056    66.68     19    0.449
    19   -2516.6597     1.6320     4.2942    0.0055    72.15     20    0.404
    20   -2520.6574     1.2889     3.9977    0.0036    68.54     21    0.419
    21   -2525.7121     1.3516     5.0547    0.0059    65.93     22    0.375
    22   -2529.2240     2.2994     3.5119    0.0067    69.36     23    0.380
    23   -2533.4037     1.3904     4.1797    0.0037    73.99     24    0.420
    24   -2536.9946     1.1256     3.5909    0.0042    68.54     25    0.403
    25   -2539.9318     1.2932     2.9372    0.0046    72.00     26    0.404
    26   -2543.3628     1.4643     3.4310    0.0067    74.75     27    0.406
    27   -2546.6535     1.0764     3.2906    0.0053    75.68     28    0.383
    28   -2549.2965     1.2913     2.6430    0.0048    70.39     29    0.402
    29   -2551.6651     1.3157     2.3686    0.0043    71.98     30    0.394
    30   -2553.7059     0.9209     2.0408    0.0019    65.12     31    0.387
    31   -2556.4184     0.8793     2.7126    0.0040    64.60     32    0.386
    32   -2558.1619     1.8852     1.7435    0.0057    71.30     33    0.359
    33   -2560.3307     1.0644     2.1688    0.0032    78.64     34    0.378
    34   -2562.4717     0.8955     2.1410    0.0039    73.44     35    0.343
    35   -2564.5100     1.0597     2.0383    0.0049    75.39     36    0.355
    36   -2566.2238     1.9992     1.7138    0.0069    77.48     37    0.358
    37   -2568.6482     1.0282     2.4245    0.0040    80.38     38    0.390
    38   -2570.6758     0.8184     2.0276    0.0040    73.73     39    0.425
    39   -2572.4126     1.0374     1.7367    0.0041    73.81     40    0.415
    40   -2574.1356     1.5641     1.7230    0.0059    77.31     41    0.378
    41   -2576.1533     0.9127     2.0177    0.0037    79.00     42    0.355
    42   -2577.9647     0.8425     1.8114    0.0039    73.40     43    0.360
    43   -2579.7563     1.3019     1.7916    0.0045    72.40     44    0.350
    44   -2581.8643     1.1055     2.1080    0.0053    79.30     45    0.462
    45   -2584.0577     0.9326     2.1934    0.0045    76.58     46    0.418
    46   -2586.2308     1.4547     2.1731    0.0066    73.87     47    0.393
    47   -2588.2988     0.9628     2.0680    0.0038    76.61     48    0.398
    48   -2589.9246     0.8851     1.6258    0.0032    74.01     49    0.395
    49   -2591.7747     1.1912     1.8502    0.0059    75.91     50    0.391
    50   -2593.3201     0.9246     1.5453    0.0047    78.97     51    0.316
    51   -2594.5000     0.7829     1.1800    0.0021    72.41     52    0.368

 Optimization achieved convergence criteria:  0.78291
 Generalized Kirkwood  -1321.90900527      0.018
 Cavitation              573.56414822      0.015
 Dispersion             -388.78104651      0.018

 Computed Potential Energy
  Bond Stretching             74.43835694          861        0.000 ( 0.01602)
  Angle Bending              195.04722460         1551        0.000 ( 2.83008)
  Stretch-Bend                 1.08789147         1370        0.000
  Out-of-Plane Bend            7.76661245          504        0.000
  Torsional Angle             66.72621435         2262        0.000
  Pi-Orbital Torsion           4.28519600           99        0.000
  Torsion-Torsion            -14.89754721            4        0.000
  Van der Waals              159.60558680       362673        0.112
  Atomic Multipoles        -1665.22222860       362673
  Polarization              -286.21144108       362673        0.257
  Solvation                -1137.12590357       365940
  Total Potential          -2594.50003785  (Kcal/mole)        0.370 (sec)
 Setting atom names to PDB standard.
 Saving 1PGB_input.pdb_2

 Script wall clock time: 25.409 (sec)
WARNING: Using incubator modules: jdk.incubator.vector
WARNING: Using incubator modules: jdk.incubator.vector
Too few resources available to assign 1 node, 1 process, and 20 CPUs per process
=== Rotamer job done: Tue Apr 14 20:29:33 CDT 2026 ===
