 Evaluating /Dedicated/schnieders/programs/stack-2021.1.sh
  Loading Modules
   Stack 2021.1
   GCC 9.3.0
   CMake 3.20.0
   Eigen 3.3.9
   Cuda 11.1.1
   Cuda: /usr/share/apps/2021.1/arch/gcc-9.3.0/cuda-11.1.1
   CudaNN 8.0.5.39-11.1
   Swig 4.0.2_gcc-9.3.0
  Loading software from /Dedicated/schnieders/programs/local
   Ant: /Dedicated/schnieders/programs/apache-ant-1.10.11
   FFX: /Dedicated/schnieders/programs/ffx-builds/forcefieldx-2026-01-04
   GDMA: /Dedicated/schnieders/programs/gdma-2.3
   Groovy: /Dedicated/schnieders/programs/groovy-4.0.1
   Java: /Dedicated/schnieders/programs/jdk-25.0.1
   Maven: /Dedicated/schnieders/programs/apache-maven-3.9.5
   VMD: /Dedicated/schnieders/programs/vmd
   NAMD: /Dedicated/schnieders/programs/NAMD_3.0alpha7_Linux-x86_64-multicore-CUDA
   OpenEye: /Dedicated/schnieders/programs/OpenEye
   Tinker: /Dedicated/schnieders/programs/tinker-tools
=== Rotamer job started: Tue Apr 14 22:41:08 CDT 2026 ===
PDB: /Dedicated/schnieders/maemmad/pKa_GNN/ffx_pipeline/data/fixed_pdbs/4KY5/4KY5_input.pdb
WARNING: Using incubator modules: jdk.incubator.vector
 _________________________________________________________________________

        FORCE FIELD X - Polyglot Software for Molecular Biophysics 

        Version 1.0.0-6991  April 2026 
        Git Revision  937dfd3f3a84d0dc91f73b0419518078a8c41842 
 
        Please cite the following reference when using Force Field X:

        RA Gogal, AJ Nessler, AC Thiel, HV Bernabe, RA Corrigan Grove,
        LM Cousineau, JM Litman, JM Miller, G Qi, MJ Speranza,
        MR Tollefson, TD Fenn, JJ Michaelson, O Okada, JP Piquemal,
        JW Ponder, J Shen, RJH Smith, W Yang, P Ren and MJ Schnieders,
        2024, Journal of Chemical Physics, 161 (1).

        Copyright (c)  Michael J. Schnieders  2001-2026
        All Rights Reserved

        Force Field X is distributed under the GPL v. 3 license
        with linking exception and is hosted by the Schnieders Lab
        at The University of Iowa.

        User Manual:   https://ffx.biochem.uiowa.edu/manual.html
        Publications:  https://ffx.biochem.uiowa.edu/publications.html
        License:       https://ffx.biochem.uiowa.edu/licenses.html

 _________________________________________________________________________

 Tue Apr 14 22:41:09 CDT 2026
 Process ID 103601 on argon-itf-bx43-02.hpc.

 Command line arguments:
 [Minimize, -e, 0.8, /Dedicated/schnieders/maemmad/pKa_GNN/ffx_pipeline/data/fixed_pdbs/4KY5/4KY5_input.pdb]

 Executing internal command: ffx.algorithms.commands.Minimize

 Initializing 1 topologies...
 Parsing: Internal force field (amoeba-bio-2018-cphmd).
 Parsing: Structure properties from (/Dedicated/schnieders/maemmad/pKa_GNN/ffx_pipeline/data/fixed_pdbs/4KY5/4KY5_input.properties).
 Parsing: JVM system properties (i.e. command line -Dkey=value pairs).

 Attempting to read force field patch from /Dedicated/schnieders/maemmad/pKa_GNN/naphosphate_solute.09Feb21.prm.

 Renumbering Patch: FALSE
 Reading 4KY5_input.pdb

 Assigning atom types for 1 chains.
 Amino acid chain A
 Renumbering PDB file due to built atoms (2096 vs 1035)
 Total number of atoms: 2096

 Constructing Force Field AMOEBA-BIO-2018-CPHMD

 SMP threads:                               128
 The system will be treated as aperiodic (max separation =   50.0 A).

 Bonded Terms
  Bonds:                                   2114
  Angles:                                  3842
  Stretch-Bends:                           3372
  Out-of-Plane Bends:                      1206
  Torsions:                                5606
  Pi-Orbital Torsions:                      225
  Torsion-Torsions:                           9

 Non-Bonded Terms

  Van der Waals
   Cut-Off:                                NONE
   Long-Range Correction:                 FALSE

 Electrostatics
   Polarization:                         MUTUAL
    SCF Convergence Criteria:         1.000e-06
    SCF Predictor:                         NONE
    SCF Algorithm:                           CG
    CG Preconditioner Cut-Off:            4.500
    CG Preconditioner Ewald Coeff.:       0.000
    CG Preconditioner Scale:              2.000
    CG Preconditioner Mode:     FLETCHER_REEVES
    Electrostatics Cut-Off:                NONE

  Continuum Solvation
   Radii:                                SOLUTE
   Generalized Kirkwood Cut-Off:           NONE
   GKC:                                  2.4550
   Solvent Dielectric:                  78.3000
   Solute Dielectric:                    1.0000
   Descreen with vdW Radii:                TRUE
   Descreen with Hydrogen Atoms:          FALSE
   Descreen Offset:                      0.0000
   General HCT Scale Factor:             0.7200
   Non-Polar Model:                  GAUSS-DISP
    GaussVol Radii Offset:               0.0000
    GaussVol Radii Scale:                1.0000
   Dispersion Integral Offset:           1.0560 (A)
   Cavitation Solvent Pressure:          0.0334 (Kcal/mol/A^3)
   Cavitation Surface Tension:           0.1030 (Kcal/mol/A^2)
   Cavitation Cross-Over Radius:         9.2515 (A)

  Overall system charge:                  7.000

 Opened 4KY5_input.pdb in 6.024 sec.

 System Resources
  Total CPU time:          49.06 (sec)
  System load average:    241.88
  Open file handles:         146 of  81920 allowed
  System memory:           38063 MB free out of  38960 MB
  System swap space:        2023 MB free out of   2053 MB
  JVM memory:               3946 MB free out of   4096 MB

 Minimizing energy of Single Topology  [4KY5_input.pdb] 
 Setting lambda to 0.000.
 Generalized Kirkwood  -2762.24230944      0.993
 Cavitation             1283.39345440      1.756
 Dispersion             -780.69302918      1.033

 Computed Potential Energy
  Bond Stretching            288.49476032         2114        0.013 ( 0.01830)
  Angle Bending              512.88262754         3842        0.008 ( 2.82237)
  Stretch-Bend                -2.12141580         3372        0.008
  Out-of-Plane Bend           71.01021130         1206        0.010
  Torsional Angle            149.33416345         5606        0.030
  Pi-Orbital Torsion          36.84311638          225        0.012
  Torsion-Torsion            -45.38702383            9        0.046
  Van der Waals             1080.89502114      2189604        0.742
  Atomic Multipoles        -3565.15372493      2189604
  Polarization              -810.16981019      2189604       17.465
  Solvation                -2259.54188423      2197656
  Total Potential          -4542.91395885  (Kcal/mole)       18.349 (sec)

 Limited Memory BFGS Quasi-Newton Optimization: 

 Cycle       Energy      G RMS    Delta E   Delta X    Angle  Evals     Time

     0   -4542.9140    14.6224
     1   -4842.7668     7.0206   299.8528    0.0053     0.00      2    5.166
     2   -4977.9041     5.6768   135.1373    0.0045    17.13      3    5.144
     3   -5098.4930     5.1055   120.5889    0.0053    35.37      4    5.331
     4   -5191.4353     4.9760    92.9422    0.0053    44.20      5    4.523
     5   -5270.1589     3.6329    78.7236    0.0053    53.13      6    4.892
     6   -5327.7024     3.1433    57.5436    0.0053    51.36      7    4.932
     7   -5372.0958     2.4949    44.3934    0.0053    55.21      8    5.110
     8   -5406.0444     2.2332    33.9486    0.0053    55.88      9    4.255
     9   -5433.8823     2.1559    27.8379    0.0053    59.06     10    4.629
    10   -5459.4948     2.2198    25.6125    0.0053    60.48     11    4.657
    11   -5484.5142     1.9245    25.0193    0.0053    63.17     12    4.966
    12   -5508.0575     2.0483    23.5434    0.0053    59.75     13    4.496
    13   -5529.9006     1.8043    21.8431    0.0053    63.97     14    4.700
    14   -5550.3516     1.7726    20.4509    0.0053    62.41     15    5.074
    15   -5568.5729     1.8834    18.2213    0.0053    64.42     16    4.728
    16   -5585.9040     1.5433    17.3311    0.0053    67.66     17    4.981
    17   -5601.0631     1.7305    15.1591    0.0053    63.19     18    5.517
    18   -5614.7165     1.4417    13.6534    0.0053    67.32     19    5.227
    19   -5625.3613     1.5870    10.6448    0.0044    62.59     20    5.169
    20   -5635.6053     1.2102    10.2441    0.0033    62.38     21    5.267
    21   -5645.4483     1.4816     9.8430    0.0043    58.73     22    4.575
    22   -5654.5732     1.4633     9.1249    0.0048    68.77     23    5.200
    23   -5663.2111     1.1450     8.6379    0.0044    72.80     24    4.896
    24   -5670.9056     1.0509     7.6944    0.0053    73.33     25    5.461
    25   -5677.2230     1.1023     6.3174    0.0053    74.05     26    5.097
    26   -5683.0807     0.9151     5.8577    0.0053    76.70     27    4.663
    27   -5688.7675     1.0460     5.6868    0.0053    73.28     28    5.147
    28   -5694.8323     0.9702     6.0648    0.0053    73.77     29    4.989
    29   -5700.3942     1.0599     5.5619    0.0039    67.35     30    4.776
    30   -5705.7754     0.9947     5.3812    0.0032    66.72     31    4.529
    31   -5711.4775     1.1900     5.7021    0.0039    66.33     32    5.011
    32   -5717.0670     1.0508     5.5895    0.0038    71.29     33    4.949
    33   -5722.0130     0.8776     4.9460    0.0040    73.93     34    4.925
    34   -5726.5650     1.0006     4.5519    0.0053    75.15     35    4.679
    35   -5730.9227     1.0005     4.3577    0.0053    76.71     36    4.695
    36   -5735.0268     0.7711     4.1041    0.0037    75.41     37    4.803

 Optimization achieved convergence criteria:  0.77111
 Generalized Kirkwood  -2888.92517509      0.242
 Cavitation             1315.99659213      0.322
 Dispersion             -815.96603128      0.110

 Computed Potential Energy
  Bond Stretching            169.47704713         2114        0.004 ( 0.01546)
  Angle Bending              455.80041618         3842        0.003 ( 2.75961)
  Stretch-Bend                 3.33464543         3372        0.000
  Out-of-Plane Bend           18.83643955         1206        0.000
  Torsional Angle            102.66810726         5606        0.000
  Pi-Orbital Torsion          15.81335956          225        0.006
  Torsion-Torsion            -47.84943662            9        0.001
  Van der Waals              362.04831459      2189604        0.058
  Atomic Multipoles        -3627.53196726      2189604
  Polarization              -798.72911203      2189604        3.443
  Solvation                -2388.89461424      2197656
  Total Potential          -5735.02680043  (Kcal/mole)        3.523 (sec)
 Setting atom names to PDB standard.
 Saving 4KY5_input.pdb_2

 Script wall clock time: 220.938 (sec)
WARNING: Using incubator modules: jdk.incubator.vector
WARNING: Using incubator modules: jdk.incubator.vector
Too few resources available to assign 1 node, 1 process, and 20 CPUs per process
=== Rotamer job done: Tue Apr 14 22:48:28 CDT 2026 ===
