 Evaluating /Dedicated/schnieders/programs/stack-2021.1.sh
  Loading Modules
   Stack 2021.1
   GCC 9.3.0
   CMake 3.20.0
   Eigen 3.3.9
   Cuda 11.1.1
   Cuda: /usr/share/apps/2021.1/arch/gcc-9.3.0/cuda-11.1.1
   CudaNN 8.0.5.39-11.1
   Swig 4.0.2_gcc-9.3.0
  Loading software from /Dedicated/schnieders/programs/local
   Ant: /Dedicated/schnieders/programs/apache-ant-1.10.11
   FFX: /Dedicated/schnieders/programs/ffx-builds/forcefieldx-2026-01-04
   GDMA: /Dedicated/schnieders/programs/gdma-2.3
   Groovy: /Dedicated/schnieders/programs/groovy-4.0.1
   Java: /Dedicated/schnieders/programs/jdk-25.0.1
   Maven: /Dedicated/schnieders/programs/apache-maven-3.9.5
   VMD: /Dedicated/schnieders/programs/vmd
   NAMD: /Dedicated/schnieders/programs/NAMD_3.0alpha7_Linux-x86_64-multicore-CUDA
   OpenEye: /Dedicated/schnieders/programs/OpenEye
   Tinker: /Dedicated/schnieders/programs/tinker-tools
=== Rotamer job started: Tue Apr 14 20:27:03 CDT 2026 ===
PDB: /Dedicated/schnieders/maemmad/pKa_GNN/ffx_pipeline/data/fixed_pdbs/1P5F/1P5F_input.pdb
WARNING: Using incubator modules: jdk.incubator.vector
 _________________________________________________________________________

        FORCE FIELD X - Polyglot Software for Molecular Biophysics 

        Version 1.0.0-6991  April 2026 
        Git Revision  937dfd3f3a84d0dc91f73b0419518078a8c41842 
 
        Please cite the following reference when using Force Field X:

        RA Gogal, AJ Nessler, AC Thiel, HV Bernabe, RA Corrigan Grove,
        LM Cousineau, JM Litman, JM Miller, G Qi, MJ Speranza,
        MR Tollefson, TD Fenn, JJ Michaelson, O Okada, JP Piquemal,
        JW Ponder, J Shen, RJH Smith, W Yang, P Ren and MJ Schnieders,
        2024, Journal of Chemical Physics, 161 (1).

        Copyright (c)  Michael J. Schnieders  2001-2026
        All Rights Reserved

        Force Field X is distributed under the GPL v. 3 license
        with linking exception and is hosted by the Schnieders Lab
        at The University of Iowa.

        User Manual:   https://ffx.biochem.uiowa.edu/manual.html
        Publications:  https://ffx.biochem.uiowa.edu/publications.html
        License:       https://ffx.biochem.uiowa.edu/licenses.html

 _________________________________________________________________________

 Tue Apr 14 20:27:04 CDT 2026
 Process ID 39614 on argon-itf-bx43-02.hpc.

 Command line arguments:
 [Minimize, -e, 0.8, /Dedicated/schnieders/maemmad/pKa_GNN/ffx_pipeline/data/fixed_pdbs/1P5F/1P5F_input.pdb]

 Executing internal command: ffx.algorithms.commands.Minimize

 Initializing 1 topologies...
 Parsing: Internal force field (amoeba-bio-2018-cphmd).
 Parsing: Structure properties from (/Dedicated/schnieders/maemmad/pKa_GNN/ffx_pipeline/data/fixed_pdbs/1P5F/1P5F_input.properties).
 Parsing: JVM system properties (i.e. command line -Dkey=value pairs).

 Attempting to read force field patch from /Dedicated/schnieders/maemmad/pKa_GNN/naphosphate_solute.09Feb21.prm.

 Renumbering Patch: FALSE
 Reading 1P5F_input.pdb

 Assigning atom types for 1 chains.
 Amino acid chain A
 Renumbering PDB file due to built atoms (2842 vs 1392)
 Total number of atoms: 2842

 Constructing Force Field AMOEBA-BIO-2018-CPHMD

 SMP threads:                               128
 The system will be treated as aperiodic (max separation =   49.8 A).

 Bonded Terms
  Bonds:                                   2859
  Angles:                                  5224
  Stretch-Bends:                           4530
  Out-of-Plane Bends:                      1500
  Torsions:                                7590
  Pi-Orbital Torsions:                      249
  Torsion-Torsions:                          18

 Non-Bonded Terms

  Van der Waals
   Cut-Off:                                NONE
   Long-Range Correction:                 FALSE

 Electrostatics
   Polarization:                         MUTUAL
    SCF Convergence Criteria:         1.000e-06
    SCF Predictor:                         NONE
    SCF Algorithm:                           CG
    CG Preconditioner Cut-Off:            4.500
    CG Preconditioner Ewald Coeff.:       0.000
    CG Preconditioner Scale:              2.000
    CG Preconditioner Mode:     FLETCHER_REEVES
    Electrostatics Cut-Off:                NONE

  Continuum Solvation
   Radii:                                SOLUTE
   Generalized Kirkwood Cut-Off:           NONE
   GKC:                                  2.4550
   Solvent Dielectric:                  78.3000
   Solute Dielectric:                    1.0000
   Descreen with vdW Radii:                TRUE
   Descreen with Hydrogen Atoms:          FALSE
   Descreen Offset:                      0.0000
   General HCT Scale Factor:             0.7200
   Non-Polar Model:                  GAUSS-DISP
    GaussVol Radii Offset:               0.0000
    GaussVol Radii Scale:                1.0000
   Dispersion Integral Offset:           1.0560 (A)
   Cavitation Solvent Pressure:          0.0334 (Kcal/mol/A^3)
   Cavitation Surface Tension:           0.1030 (Kcal/mol/A^2)
   Cavitation Cross-Over Radius:         9.2515 (A)

  Overall system charge:                  2.000

 Opened 1P5F_input.pdb in 1.367 sec.

 System Resources
  Total CPU time:          60.83 (sec)
  System load average:     81.71
  Open file handles:         146 of  81920 allowed
  System memory:           20521 MB free out of 257653 MB
  System swap space:        2023 MB free out of   2053 MB
  JVM memory:               3900 MB free out of   4096 MB

 Minimizing energy of Single Topology  [1P5F_input.pdb] 
 Setting lambda to 0.000.
 Generalized Kirkwood  -2791.20944525      1.088
 Cavitation             1728.39383758      1.198
 Dispersion            -1010.16636024      1.029

 Computed Potential Energy
  Bond Stretching            291.83988320         2859        0.006 ( 0.01575)
  Angle Bending             1642.68741154         5224        0.010 ( 3.83739)
  Stretch-Bend                -5.27364221         4530        0.002
  Out-of-Plane Bend          150.12529717         1500        0.004
  Torsional Angle            257.38967780         7590        0.009
  Pi-Orbital Torsion          72.99141301          249        0.001
  Torsion-Torsion            -77.18284862           18        0.001
  Van der Waals            12680.81748231      4028978        1.119
  Atomic Multipoles        -5352.80434322      4028978
  Polarization             -1004.83972301      4028978       13.698
  Solvation                -2072.98196791      4039903
  Total Potential           6582.76864007  (Kcal/mole)       14.854 (sec)

 Limited Memory BFGS Quasi-Newton Optimization: 

 Cycle       Energy      G RMS    Delta E   Delta X    Angle  Evals     Time

     0    6582.7686   943.0780
     1   -1864.6840    90.1171  8447.4526    0.0045     0.00      2   10.333
     2   -2179.6511    70.6748   314.9671    0.0005     4.42      3   11.266
     3   -2710.3826    48.8743   530.7315    0.0011    14.74      4    8.603
     4   -3518.9137    27.2790   808.5311    0.0027    17.75      5    8.334
     5   -4280.6841    15.1625   761.7704    0.0045    12.29      6    7.479
     6   -4750.8833    10.2716   470.1992    0.0045     6.79      7    7.501
     7   -5086.7345     9.7487   335.8511    0.0045     6.78      8    6.935
     8   -5377.5408     7.7771   290.8063    0.0045    27.11      9    7.391
     9   -5602.8195     5.8393   225.2788    0.0045    25.96     10    7.458
    10   -5778.5305     5.0568   175.7110    0.0045    25.52     11    7.277
    11   -5925.7301     4.3843   147.1996    0.0045    29.55     12    7.336
    12   -6051.1873     3.6736   125.4572    0.0045    32.61     13    6.874
    13   -6153.2003     3.7045   102.0130    0.0045    33.56     14    8.427
    14   -6243.9655     2.9809    90.7652    0.0045    43.37     15    8.182
    15   -6319.2663     2.8311    75.3008    0.0045    41.63     16    7.526
    16   -6385.0500     2.7553    65.7836    0.0045    44.45     17    8.216
    17   -6442.7212     2.3714    57.6712    0.0045    51.85     18    8.161
    18   -6490.8468     2.8904    48.1256    0.0045    49.61     19    8.413
    19   -6535.5163     2.3688    44.6694    0.0045    62.68     20    8.123
    20   -6574.5345     2.4929    39.0182    0.0045    59.34     21    8.070
    21   -6611.3966     1.9917    36.8621    0.0045    63.60     22    7.607
    22   -6644.5942     1.9272    33.1976    0.0045    59.57     23    8.379
    23   -6675.1683     1.7030    30.5741    0.0045    61.37     24    7.394
    24   -6703.3109     1.6599    28.1426    0.0045    59.79     25    6.216
    25   -6729.3284     1.5947    26.0176    0.0045    61.19     26    9.575
    26   -6754.5977     1.5715    25.2692    0.0045    61.21     27    8.614
    27   -6777.0221     1.5051    22.4244    0.0045    63.74     28    8.992
    28   -6799.8462     1.5036    22.8241    0.0045    62.19     29   10.619
    29   -6820.0983     1.3987    20.2521    0.0045    65.06     30   11.281
    30   -6839.8512     1.3863    19.7529    0.0045    63.32     31   10.133
    31   -6857.6498     1.3237    17.7986    0.0045    65.74     32   10.390
    32   -6874.5116     1.3825    16.8618    0.0045    64.75     33    8.747
    33   -6890.5420     1.2860    16.0304    0.0045    67.66     34    8.787
    34   -6905.6128     1.4258    15.0707    0.0045    66.38     35    8.550
    35   -6921.4214     1.3283    15.8086    0.0045    68.60     36    7.850
    36   -6936.6151     1.5911    15.1937    0.0045    66.09     37    7.003
    37   -6953.1829     1.3642    16.5678    0.0045    69.12     38    8.770
    38   -6969.0484     1.9221    15.8655    0.0045    61.83     39    7.522
    39   -6987.6176     1.3264    18.5692    0.0045    67.34     40    7.521
    40   -7003.8456     1.6066    16.2281    0.0042    55.30     41    7.576
    41   -7015.3644     2.0561    11.5188    0.0045    60.80     42    7.019
    42   -7026.3011     1.0488    10.9366    0.0014    52.25     43    6.765
    43   -7039.2266     1.2615    12.9255    0.0030    47.28     44    8.031
    44   -7052.5370     1.4832    13.3104    0.0045    68.05     45    6.786
    45   -7062.5291     1.7776     9.9921    0.0045    75.60     46    8.195
    46   -7072.6751     1.4229    10.1460    0.0045    79.58     47    8.518
    47   -7082.6652     1.2940     9.9901    0.0045    77.28     48    6.597
    48   -7092.6268     1.0094     9.9615    0.0045    75.77     49    6.773
    49   -7102.4618     0.9647     9.8350    0.0045    72.28     50    8.044
    50   -7111.5295     1.1204     9.0677    0.0045    72.34     51    7.752
    51   -7120.7666     1.0469     9.2371    0.0045    74.90     52    8.811
    52   -7129.9529     1.2167     9.1863    0.0045    73.18     53    8.924
    53   -7138.4628     1.0147     8.5099    0.0045    76.86     54    7.882
    54   -7146.8502     0.9917     8.3875    0.0045    74.22     55    8.648
    55   -7153.9742     1.1096     7.1239    0.0045    74.83     56    7.966
    56   -7162.1659     0.8967     8.1918    0.0045    75.75     57    7.532
    57   -7169.7115     1.2978     7.5456    0.0045    71.21     58    8.979
    58   -7178.1864     0.9420     8.4748    0.0045    76.81     59    7.786
    59   -7186.3416     1.1871     8.1553    0.0045    69.67     60    7.787
    60   -7194.4276     1.0121     8.0860    0.0045    72.22     61    6.558
    61   -7200.5523     0.9971     6.1247    0.0024    63.03     62    7.915
    62   -7207.3569     0.7957     6.8046    0.0025    62.01     63    9.580

 Optimization achieved convergence criteria:  0.79570
 Generalized Kirkwood  -3018.14917022      0.312
 Cavitation             1785.97316820      0.245
 Dispersion            -1059.19424113      0.269

 Computed Potential Energy
  Bond Stretching            246.66724228         2859        0.005 ( 0.01612)
  Angle Bending              651.24874045         5224        0.004 ( 2.83312)
  Stretch-Bend                 5.94849764         4530        0.001
  Out-of-Plane Bend           26.04314003         1500        0.006
  Torsional Angle            194.31822634         7590        0.001
  Pi-Orbital Torsion          34.06003696          249        0.008
  Torsion-Torsion            -84.32635416           18        0.007
  Van der Waals              385.77642319      4028978        0.048
  Atomic Multipoles        -5478.19437898      4028978
  Polarization              -897.52826537      4028978        6.259
  Solvation                -2291.37024316      4039903
  Total Potential          -7207.35693477  (Kcal/mole)        6.342 (sec)
 Setting atom names to PDB standard.
 Saving 1P5F_input.pdb_2

 Script wall clock time: 544.962 (sec)
WARNING: Using incubator modules: jdk.incubator.vector
WARNING: Using incubator modules: jdk.incubator.vector
Too few resources available to assign 1 node, 1 process, and 20 CPUs per process
=== Rotamer job done: Tue Apr 14 20:36:40 CDT 2026 ===
