 Evaluating /Dedicated/schnieders/programs/stack-2021.1.sh
  Loading Modules
   Stack 2021.1
   GCC 9.3.0
   CMake 3.20.0
   Eigen 3.3.9
   Cuda 11.1.1
   Cuda: /usr/share/apps/2021.1/arch/gcc-9.3.0/cuda-11.1.1
   CudaNN 8.0.5.39-11.1
   Swig 4.0.2_gcc-9.3.0
  Loading software from /Dedicated/schnieders/programs/local
   Ant: /Dedicated/schnieders/programs/apache-ant-1.10.11
   FFX: /Dedicated/schnieders/programs/ffx-builds/forcefieldx-2026-01-04
   GDMA: /Dedicated/schnieders/programs/gdma-2.3
   Groovy: /Dedicated/schnieders/programs/groovy-4.0.1
   Java: /Dedicated/schnieders/programs/jdk-25.0.1
   Maven: /Dedicated/schnieders/programs/apache-maven-3.9.5
   VMD: /Dedicated/schnieders/programs/vmd
   NAMD: /Dedicated/schnieders/programs/NAMD_3.0alpha7_Linux-x86_64-multicore-CUDA
   OpenEye: /Dedicated/schnieders/programs/OpenEye
   Tinker: /Dedicated/schnieders/programs/tinker-tools
=== Rotamer job started: Mon Apr 20 10:54:23 CDT 2026 ===
PDB: /Dedicated/schnieders/maemmad/pKa_GNN/ffx_pipeline/data/fixed_pdbs/1NLX/1NLX_input.pdb
WARNING: Using incubator modules: jdk.incubator.vector
 _________________________________________________________________________

        FORCE FIELD X - Polyglot Software for Molecular Biophysics 

        Version 1.0.0-6991  April 2026 
        Git Revision  937dfd3f3a84d0dc91f73b0419518078a8c41842 
 
        Please cite the following reference when using Force Field X:

        RA Gogal, AJ Nessler, AC Thiel, HV Bernabe, RA Corrigan Grove,
        LM Cousineau, JM Litman, JM Miller, G Qi, MJ Speranza,
        MR Tollefson, TD Fenn, JJ Michaelson, O Okada, JP Piquemal,
        JW Ponder, J Shen, RJH Smith, W Yang, P Ren and MJ Schnieders,
        2024, Journal of Chemical Physics, 161 (1).

        Copyright (c)  Michael J. Schnieders  2001-2026
        All Rights Reserved

        Force Field X is distributed under the GPL v. 3 license
        with linking exception and is hosted by the Schnieders Lab
        at The University of Iowa.

        User Manual:   https://ffx.biochem.uiowa.edu/manual.html
        Publications:  https://ffx.biochem.uiowa.edu/publications.html
        License:       https://ffx.biochem.uiowa.edu/licenses.html

 _________________________________________________________________________

 Mon Apr 20 10:54:24 CDT 2026
 Process ID 34803 on argon-itf-bx54-35.hpc.

 Command line arguments:
 [Minimize, -e, 0.8, /Dedicated/schnieders/maemmad/pKa_GNN/ffx_pipeline/data/fixed_pdbs/1NLX/1NLX_input.pdb]

 Executing internal command: ffx.algorithms.commands.Minimize

 Initializing 1 topologies...
 Parsing: Internal force field (amoeba-bio-2018-cphmd).
 Parsing: Structure properties from (/Dedicated/schnieders/maemmad/pKa_GNN/ffx_pipeline/data/fixed_pdbs/1NLX/1NLX_input.properties).
 Parsing: JVM system properties (i.e. command line -Dkey=value pairs).

 Attempting to read force field patch from /Dedicated/schnieders/maemmad/pKa_GNN/naphosphate_solute.09Feb21.prm.

 Renumbering Patch: FALSE
 Reading 1NLX_input.pdb

 Assigning atom types for 14 chains.
 Amino acid chain A
 Amino acid chain B
 Amino acid chain C
 Amino acid chain D
 Amino acid chain E
 Amino acid chain F
 Amino acid chain G
 Amino acid chain H
 Amino acid chain I
 Amino acid chain J
 Amino acid chain K
 Amino acid chain L
 Amino acid chain M
 Amino acid chain N
 Renumbering PDB file due to built atoms (23422 vs 11774)
 Total number of atoms: 23422

 Constructing Force Field AMOEBA-BIO-2018-CPHMD

 SMP threads:                                80
 The system will be treated as aperiodic (max separation =  162.2 A).

 Bonded Terms
  Bonds:                                  23674
  Angles:                                 42966
  Stretch-Bends:                          37786
  Out-of-Plane Bends:                     13902
  Torsions:                               62944
  Pi-Orbital Torsions:                     2604
  Torsion-Torsions:                          42

 Non-Bonded Terms

  Van der Waals
   Cut-Off:                                NONE
   Long-Range Correction:                 FALSE

 Electrostatics
   Polarization:                         MUTUAL
    SCF Convergence Criteria:         1.000e-06
    SCF Predictor:                         NONE
    SCF Algorithm:                           CG
    CG Preconditioner Cut-Off:            4.500
    CG Preconditioner Ewald Coeff.:       0.000
    CG Preconditioner Scale:              2.000
    CG Preconditioner Mode:     FLETCHER_REEVES
    Electrostatics Cut-Off:                NONE

  Continuum Solvation
   Radii:                                SOLUTE
   Generalized Kirkwood Cut-Off:           NONE
   GKC:                                  2.4550
   Solvent Dielectric:                  78.3000
   Solute Dielectric:                    1.0000
   Descreen with vdW Radii:                TRUE
   Descreen with Hydrogen Atoms:          FALSE
   Descreen Offset:                      0.0000
   General HCT Scale Factor:             0.7200
   Non-Polar Model:                  GAUSS-DISP
    GaussVol Radii Offset:               0.0000
    GaussVol Radii Scale:                1.0000
   Dispersion Integral Offset:           1.0560 (A)
   Cavitation Solvent Pressure:          0.0334 (Kcal/mol/A^3)
   Cavitation Surface Tension:           0.1030 (Kcal/mol/A^2)
   Cavitation Cross-Over Radius:         9.2515 (A)

  Overall system charge:                  0.000

 Opened 1NLX_input.pdb in 7.585 sec.

 System Resources
  Total CPU time:         121.04 (sec)
  System load average:     58.07
  Open file handles:         146 of  81920 allowed
  System memory:           21718 MB free out of  21760 MB
  System swap space:        1036 MB free out of   2053 MB
  JVM memory:               2161 MB free out of   4096 MB

 Minimizing energy of Single Topology  [1NLX_input.pdb] 
 Setting lambda to 0.000.
Apr 20, 2026 12:20:57 PM ffx.potential.nonbonded.ParticleMeshEwald selfConsistentField
WARNING: ffx.potential.utils.EnergyException: Maximum SCF iterations reached: (1000)


Apr 20, 2026 1:50:54 PM ffx.potential.nonbonded.ParticleMeshEwald selfConsistentField
WARNING: ffx.potential.utils.EnergyException:  Maximum SCF iterations reached: (1000)


Apr 20, 2026 3:19:42 PM ffx.potential.nonbonded.ParticleMeshEwald selfConsistentField
WARNING: ffx.potential.utils.EnergyException:  Maximum SCF iterations reached: (1000)


Apr 20, 2026 4:49:53 PM ffx.potential.nonbonded.ParticleMeshEwald selfConsistentField
WARNING: ffx.potential.utils.EnergyException:  Maximum SCF iterations reached: (1000)


Apr 20, 2026 6:19:58 PM ffx.potential.nonbonded.ParticleMeshEwald selfConsistentField
WARNING: ffx.potential.utils.EnergyException:  Maximum SCF iterations reached: (1000)


Apr 20, 2026 7:49:30 PM ffx.potential.nonbonded.ParticleMeshEwald selfConsistentField
WARNING: ffx.potential.utils.EnergyException:  Maximum SCF iterations reached: (1000)


Apr 20, 2026 9:19:08 PM ffx.potential.nonbonded.ParticleMeshEwald selfConsistentField
WARNING: ffx.potential.utils.EnergyException:  Maximum SCF iterations reached: (1000)


Apr 20, 2026 10:48:44 PM ffx.potential.nonbonded.ParticleMeshEwald selfConsistentField
WARNING: ffx.potential.utils.EnergyException:  Maximum SCF iterations reached: (1000)


Apr 21, 2026 12:18:54 AM ffx.potential.nonbonded.ParticleMeshEwald selfConsistentField
WARNING: ffx.potential.utils.EnergyException:  Maximum SCF iterations reached: (1000)


Apr 21, 2026 1:48:19 AM ffx.potential.nonbonded.ParticleMeshEwald selfConsistentField
WARNING: ffx.potential.utils.EnergyException:  Maximum SCF iterations reached: (1000)


Apr 21, 2026 3:18:18 AM ffx.potential.nonbonded.ParticleMeshEwald selfConsistentField
WARNING: ffx.potential.utils.EnergyException:  Maximum SCF iterations reached: (1000)


Apr 21, 2026 4:48:25 AM ffx.potential.nonbonded.ParticleMeshEwald selfConsistentField
WARNING: ffx.potential.utils.EnergyException:  Maximum SCF iterations reached: (1000)


Apr 21, 2026 6:18:08 AM ffx.potential.nonbonded.ParticleMeshEwald selfConsistentField
WARNING: ffx.potential.utils.EnergyException:  Maximum SCF iterations reached: (1000)


Apr 21, 2026 7:48:22 AM ffx.potential.nonbonded.ParticleMeshEwald selfConsistentField
WARNING: ffx.potential.utils.EnergyException:  Maximum SCF iterations reached: (1000)


Apr 21, 2026 9:18:37 AM ffx.potential.nonbonded.ParticleMeshEwald selfConsistentField
WARNING: ffx.potential.utils.EnergyException:  Maximum SCF iterations reached: (1000)


Apr 21, 2026 10:47:48 AM ffx.potential.nonbonded.ParticleMeshEwald selfConsistentField
WARNING: ffx.potential.utils.EnergyException:  Maximum SCF iterations reached: (1000)


Apr 21, 2026 12:16:47 PM ffx.potential.nonbonded.ParticleMeshEwald selfConsistentField
WARNING: ffx.potential.utils.EnergyException:  Maximum SCF iterations reached: (1000)


Apr 21, 2026 1:46:59 PM ffx.potential.nonbonded.ParticleMeshEwald selfConsistentField
WARNING: ffx.potential.utils.EnergyException:  Maximum SCF iterations reached: (1000)


Apr 21, 2026 3:16:51 PM ffx.potential.nonbonded.ParticleMeshEwald selfConsistentField
WARNING: ffx.potential.utils.EnergyException:  Maximum SCF iterations reached: (1000)


Apr 21, 2026 4:46:38 PM ffx.potential.nonbonded.ParticleMeshEwald selfConsistentField
WARNING: ffx.potential.utils.EnergyException:  Maximum SCF iterations reached: (1000)


Apr 21, 2026 6:16:18 PM ffx.potential.nonbonded.ParticleMeshEwald selfConsistentField
WARNING: ffx.potential.utils.EnergyException:  Maximum SCF iterations reached: (1000)


Apr 21, 2026 7:46:02 PM ffx.potential.nonbonded.ParticleMeshEwald selfConsistentField
WARNING: ffx.potential.utils.EnergyException:  Maximum SCF iterations reached: (1000)


Apr 21, 2026 9:16:24 PM ffx.potential.nonbonded.ParticleMeshEwald selfConsistentField
WARNING: ffx.potential.utils.EnergyException:  Maximum SCF iterations reached: (1000)


