 Evaluating /Dedicated/schnieders/programs/stack-2021.1.sh
  Loading Modules
   Stack 2021.1
   GCC 9.3.0
   CMake 3.20.0
   Eigen 3.3.9
   Cuda 11.1.1
   Cuda: /usr/share/apps/2021.1/arch/gcc-9.3.0/cuda-11.1.1
   CudaNN 8.0.5.39-11.1
   Swig 4.0.2_gcc-9.3.0
  Loading software from /Dedicated/schnieders/programs/local
   Ant: /Dedicated/schnieders/programs/apache-ant-1.10.11
   FFX: /Dedicated/schnieders/programs/ffx-builds/forcefieldx-2026-01-04
   GDMA: /Dedicated/schnieders/programs/gdma-2.3
   Groovy: /Dedicated/schnieders/programs/groovy-4.0.1
   Java: /Dedicated/schnieders/programs/jdk-25.0.1
   Maven: /Dedicated/schnieders/programs/apache-maven-3.9.5
   VMD: /Dedicated/schnieders/programs/vmd
   NAMD: /Dedicated/schnieders/programs/NAMD_3.0alpha7_Linux-x86_64-multicore-CUDA
   OpenEye: /Dedicated/schnieders/programs/OpenEye
   Tinker: /Dedicated/schnieders/programs/tinker-tools
=== Rotamer job started: Tue Apr 14 19:54:10 CDT 2026 ===
PDB: /Dedicated/schnieders/maemmad/pKa_GNN/ffx_pipeline/data/fixed_pdbs/135L/135L_input.pdb
WARNING: Using incubator modules: jdk.incubator.vector
 _________________________________________________________________________

        FORCE FIELD X - Polyglot Software for Molecular Biophysics 

        Version 1.0.0-6991  April 2026 
        Git Revision  937dfd3f3a84d0dc91f73b0419518078a8c41842 
 
        Please cite the following reference when using Force Field X:

        RA Gogal, AJ Nessler, AC Thiel, HV Bernabe, RA Corrigan Grove,
        LM Cousineau, JM Litman, JM Miller, G Qi, MJ Speranza,
        MR Tollefson, TD Fenn, JJ Michaelson, O Okada, JP Piquemal,
        JW Ponder, J Shen, RJH Smith, W Yang, P Ren and MJ Schnieders,
        2024, Journal of Chemical Physics, 161 (1).

        Copyright (c)  Michael J. Schnieders  2001-2026
        All Rights Reserved

        Force Field X is distributed under the GPL v. 3 license
        with linking exception and is hosted by the Schnieders Lab
        at The University of Iowa.

        User Manual:   https://ffx.biochem.uiowa.edu/manual.html
        Publications:  https://ffx.biochem.uiowa.edu/publications.html
        License:       https://ffx.biochem.uiowa.edu/licenses.html

 _________________________________________________________________________

 Tue Apr 14 19:54:12 CDT 2026
 Process ID 8706 on argon-itf-bx54-12.hpc.

 Command line arguments:
 [Minimize, -e, 0.8, /Dedicated/schnieders/maemmad/pKa_GNN/ffx_pipeline/data/fixed_pdbs/135L/135L_input.pdb]

 Executing internal command: ffx.algorithms.commands.Minimize

 Initializing 1 topologies...
 Parsing: Internal force field (amoeba-bio-2018-cphmd).
 Parsing: Structure properties from (/Dedicated/schnieders/maemmad/pKa_GNN/ffx_pipeline/data/fixed_pdbs/135L/135L_input.properties).
 Parsing: JVM system properties (i.e. command line -Dkey=value pairs).

 Attempting to read force field patch from /Dedicated/schnieders/maemmad/pKa_GNN/naphosphate_solute.09Feb21.prm.

 Renumbering Patch: FALSE
 Reading 135L_input.pdb

 Assigning atom types for 1 chains.
 Amino acid chain A
 Renumbering PDB file due to built atoms (1960 vs 994)
 Total number of atoms: 1960

 Constructing Force Field AMOEBA-BIO-2018-CPHMD

 SMP threads:                               112
 The system will be treated as aperiodic (max separation =   49.6 A).

 Bonded Terms
  Bonds:                                   1981
  Angles:                                  3538
  Stretch-Bends:                           3146
  Out-of-Plane Bends:                      1305
  Torsions:                                5171
  Pi-Orbital Torsions:                      249
  Torsion-Torsions:                          13

 Non-Bonded Terms

  Van der Waals
   Cut-Off:                                NONE
   Long-Range Correction:                 FALSE

 Electrostatics
   Polarization:                         MUTUAL
    SCF Convergence Criteria:         1.000e-06
    SCF Predictor:                         NONE
    SCF Algorithm:                           CG
    CG Preconditioner Cut-Off:            4.500
    CG Preconditioner Ewald Coeff.:       0.000
    CG Preconditioner Scale:              2.000
    CG Preconditioner Mode:     FLETCHER_REEVES
    Electrostatics Cut-Off:                NONE

  Continuum Solvation
   Radii:                                SOLUTE
   Generalized Kirkwood Cut-Off:           NONE
   GKC:                                  2.4550
   Solvent Dielectric:                  78.3000
   Solute Dielectric:                    1.0000
   Descreen with vdW Radii:                TRUE
   Descreen with Hydrogen Atoms:          FALSE
   Descreen Offset:                      0.0000
   General HCT Scale Factor:             0.7200
   Non-Polar Model:                  GAUSS-DISP
    GaussVol Radii Offset:               0.0000
    GaussVol Radii Scale:                1.0000
   Dispersion Integral Offset:           1.0560 (A)
   Cavitation Solvent Pressure:          0.0334 (Kcal/mol/A^3)
   Cavitation Surface Tension:           0.1030 (Kcal/mol/A^2)
   Cavitation Cross-Over Radius:         9.2515 (A)

  Overall system charge:                 11.000

 Opened 135L_input.pdb in 1.234 sec.

 System Resources
  Total CPU time:          61.59 (sec)
  System load average:     12.84
  Open file handles:         146 of  81920 allowed
  System memory:          112362 MB free out of 128546 MB
  System swap space:        2040 MB free out of   2053 MB
  JVM memory:               3963 MB free out of   4096 MB

 Minimizing energy of Single Topology  [135L_input.pdb] 
 Setting lambda to 0.000.
 Generalized Kirkwood  -2619.82398409      0.215
 Cavitation             1197.03027685      0.316
 Dispersion             -727.34026440      0.237

 Computed Potential Energy
  Bond Stretching            199.12500374         1981        0.003 ( 0.01552)
  Angle Bending              702.86146643         3538        0.004 ( 3.52583)
  Stretch-Bend                 5.65675126         3146        0.003
  Out-of-Plane Bend           73.78091796         1305        0.002
  Torsional Angle             57.71046154         5171        0.008
  Pi-Orbital Torsion          42.96923184          249        0.006
  Torsion-Torsion            -70.07976356           13        0.005
  Van der Waals            10461.28596927      1914301        0.311
  Atomic Multipoles        -2699.31661509      1914301
  Polarization              -564.67927663      1914301        9.093
  Solvation                -2150.13397164      1921780
  Total Potential           6059.18017513  (Kcal/mole)        9.435 (sec)

 Limited Memory BFGS Quasi-Newton Optimization: 

 Cycle       Energy      G RMS    Delta E   Delta X    Angle  Evals     Time

     0    6059.1802  1106.8420
     1   -2037.2006    36.2375  8096.3807    0.0054     0.00      2    7.247
     2   -2216.1603    29.7357   178.9597    0.0009     0.16      4    9.801
     3   -2522.6531    21.6783   306.4928    0.0021     6.09      5    4.953
     4   -2985.8203    11.9619   463.1672    0.0049    10.31      6    4.675
     5   -3280.8534     7.3729   295.0331    0.0054    12.67      7    4.454
     6   -3475.3236     5.2920   194.4703    0.0054    11.28      8    4.931
     7   -3611.8470     4.8671   136.5234    0.0054    10.58      9    4.471
     8   -3726.3119     3.4696   114.4649    0.0054    30.24     10    4.396
     9   -3811.8736     3.1699    85.5617    0.0054    25.09     11    4.619
    10   -3879.3117     3.0760    67.4380    0.0054    35.01     12    4.330
    11   -3935.7402     2.5775    56.4285    0.0054    47.81     13    4.554
    12   -3980.1826     3.0415    44.4424    0.0054    47.52     14    4.547
    13   -4020.5052     2.4861    40.3226    0.0054    60.89     15    4.436
    14   -4054.2266     2.7376    33.7214    0.0054    58.29     16    4.445
    15   -4086.0619     2.2155    31.8353    0.0054    64.80     17    4.572
    16   -4114.7098     2.3145    28.6479    0.0054    60.84     18    4.611
    17   -4142.4731     1.9224    27.7633    0.0054    63.87     19    4.675
    18   -4168.4191     1.9005    25.9459    0.0054    60.04     20    4.245
    19   -4191.9338     1.7038    23.5147    0.0054    62.59     21    4.311
    20   -4214.6833     1.7308    22.7495    0.0054    60.20     22    4.267
    21   -4234.9093     1.5762    20.2260    0.0054    63.85     23    4.181
    22   -4254.6628     1.6576    19.7535    0.0054    61.55     24    4.163
    23   -4271.6867     1.5235    17.0239    0.0054    66.42     25    3.848
    24   -4288.4719     1.5152    16.7852    0.0054    64.28     26    4.260
    25   -4303.1417     1.4885    14.6698    0.0054    66.53     27    4.002
    26   -4317.5382     1.4181    14.3965    0.0054    65.75     28    4.230
    27   -4330.1917     1.6116    12.6536    0.0054    64.98     29    4.061
    28   -4342.6910     1.4482    12.4992    0.0054    66.49     30    4.020
    29   -4353.0307     1.6037    10.3398    0.0042    60.54     31    3.862
    30   -4363.2890     1.3025    10.2583    0.0038    62.86     32    3.738
    31   -4372.5605     1.2720     9.2715    0.0036    55.77     33    4.100
    32   -4382.5521     1.1657     9.9916    0.0038    57.38     34    3.914
    33   -4393.2657     1.0207    10.7136    0.0054    66.66     35    3.791
    34   -4401.5702     0.9713     8.3044    0.0054    71.31     36    4.160
    35   -4408.7498     1.0408     7.1796    0.0054    72.95     37    3.622
    36   -4415.2412     0.9356     6.4914    0.0054    75.81     38    3.976
    37   -4421.1673     0.8938     5.9261    0.0054    75.70     39    3.633
    38   -4426.8587     0.8928     5.6914    0.0054    75.42     40    3.988
    39   -4432.4203     0.7934     5.5616    0.0054    75.98     41    3.821

 Optimization achieved convergence criteria:  0.79344
 Generalized Kirkwood  -2748.55258943      0.125
 Cavitation             1239.54822486      0.177
 Dispersion             -759.76467837      0.194

 Computed Potential Energy
  Bond Stretching            159.05323405         1981        0.000 ( 0.01532)
  Angle Bending              543.01179780         3538        0.000 ( 3.20650)
  Stretch-Bend                 3.99452601         3146        0.000
  Out-of-Plane Bend           17.80873408         1305        0.000
  Torsional Angle              8.45973703         5171        0.000
  Pi-Orbital Torsion          22.28335854          249        0.058
  Torsion-Torsion            -71.41249517           13        0.008
  Van der Waals              321.74731781      1914301        0.011
  Atomic Multipoles        -2617.44991111      1914301
  Polarization              -551.14751654      1914301        2.962
  Solvation                -2268.76904293      1921780
  Total Potential          -4432.42026043  (Kcal/mole)        3.058 (sec)
 Setting atom names to PDB standard.
 Saving 135L_input.pdb_2

 Script wall clock time: 193.069 (sec)
WARNING: Using incubator modules: jdk.incubator.vector
WARNING: Using incubator modules: jdk.incubator.vector
Too few resources available to assign 1 node, 1 process, and 20 CPUs per process
=== Rotamer job done: Tue Apr 14 19:59:46 CDT 2026 ===
