 Evaluating /Dedicated/schnieders/programs/stack-2021.1.sh
  Loading Modules
   Stack 2021.1
   GCC 9.3.0
   CMake 3.20.0
   Eigen 3.3.9
   Cuda 11.1.1
   Cuda: /usr/share/apps/2021.1/arch/gcc-9.3.0/cuda-11.1.1
   CudaNN 8.0.5.39-11.1
   Swig 4.0.2_gcc-9.3.0
  Loading software from /Dedicated/schnieders/programs/local
   Ant: /Dedicated/schnieders/programs/apache-ant-1.10.11
   FFX: /Dedicated/schnieders/programs/ffx-builds/forcefieldx-2026-01-04
   GDMA: /Dedicated/schnieders/programs/gdma-2.3
   Groovy: /Dedicated/schnieders/programs/groovy-4.0.1
   Java: /Dedicated/schnieders/programs/jdk-25.0.1
   Maven: /Dedicated/schnieders/programs/apache-maven-3.9.5
   VMD: /Dedicated/schnieders/programs/vmd
   NAMD: /Dedicated/schnieders/programs/NAMD_3.0alpha7_Linux-x86_64-multicore-CUDA
   OpenEye: /Dedicated/schnieders/programs/OpenEye
   Tinker: /Dedicated/schnieders/programs/tinker-tools
=== Rotamer job started: Mon Apr 27 14:57:36 CDT 2026 ===
PDB: /Dedicated/schnieders/maemmad/pKa_GNN/ffx_pipeline/data/fixed_pdbs/7XJD/7XJD_input.pdb
WARNING: Using incubator modules: jdk.incubator.vector
 _________________________________________________________________________

        FORCE FIELD X - Polyglot Software for Molecular Biophysics 

        Version 1.0.0-6991  April 2026 
        Git Revision  937dfd3f3a84d0dc91f73b0419518078a8c41842 
 
        Please cite the following reference when using Force Field X:

        RA Gogal, AJ Nessler, AC Thiel, HV Bernabe, RA Corrigan Grove,
        LM Cousineau, JM Litman, JM Miller, G Qi, MJ Speranza,
        MR Tollefson, TD Fenn, JJ Michaelson, O Okada, JP Piquemal,
        JW Ponder, J Shen, RJH Smith, W Yang, P Ren and MJ Schnieders,
        2024, Journal of Chemical Physics, 161 (1).

        Copyright (c)  Michael J. Schnieders  2001-2026
        All Rights Reserved

        Force Field X is distributed under the GPL v. 3 license
        with linking exception and is hosted by the Schnieders Lab
        at The University of Iowa.

        User Manual:   https://ffx.biochem.uiowa.edu/manual.html
        Publications:  https://ffx.biochem.uiowa.edu/publications.html
        License:       https://ffx.biochem.uiowa.edu/licenses.html

 _________________________________________________________________________

 Mon Apr 27 14:57:37 CDT 2026
 Process ID 11578 on argon-itf-bx51-11.hpc.

 Command line arguments:
 [Minimize, -e, 0.8, /Dedicated/schnieders/maemmad/pKa_GNN/ffx_pipeline/data/fixed_pdbs/7XJD/7XJD_input.pdb]

 Executing internal command: ffx.algorithms.commands.Minimize

 Initializing 1 topologies...
 Parsing: Internal force field (amoeba-bio-2018-cphmd).
 Parsing: Structure properties from (/Dedicated/schnieders/maemmad/pKa_GNN/ffx_pipeline/data/fixed_pdbs/7XJD/7XJD_input.properties).
 Parsing: JVM system properties (i.e. command line -Dkey=value pairs).

 Attempting to read force field patch from /Dedicated/schnieders/maemmad/pKa_GNN/naphosphate_solute.09Feb21.prm.

 Renumbering Patch: FALSE
 Reading 7XJD_input.pdb

 Assigning atom types for 1 chains.
 Amino acid chain A
 Renumbering PDB file due to built atoms (3615 vs 1780)
 Total number of atoms: 3615

 Constructing Force Field AMOEBA-BIO-2018-CPHMD

 SMP threads:                                80
 The system will be treated as aperiodic (max separation =   70.3 A).

 Bonded Terms
  Bonds:                                   3663
  Angles:                                  6645
  Stretch-Bends:                           5795
  Out-of-Plane Bends:                      2187
  Torsions:                                9708
  Pi-Orbital Torsions:                      458
  Torsion-Torsions:                          23

 Non-Bonded Terms

  Van der Waals
   Cut-Off:                                NONE
   Long-Range Correction:                 FALSE

 Electrostatics
   Polarization:                         MUTUAL
    SCF Convergence Criteria:         1.000e-06
    SCF Predictor:                         NONE
    SCF Algorithm:                           CG
    CG Preconditioner Cut-Off:            4.500
    CG Preconditioner Ewald Coeff.:       0.000
    CG Preconditioner Scale:              2.000
    CG Preconditioner Mode:     FLETCHER_REEVES
    Electrostatics Cut-Off:                NONE

  Continuum Solvation
   Radii:                                SOLUTE
   Generalized Kirkwood Cut-Off:           NONE
   GKC:                                  2.4550
   Solvent Dielectric:                  78.3000
   Solute Dielectric:                    1.0000
   Descreen with vdW Radii:                TRUE
   Descreen with Hydrogen Atoms:          FALSE
   Descreen Offset:                      0.0000
   General HCT Scale Factor:             0.7200
   Non-Polar Model:                  GAUSS-DISP
    GaussVol Radii Offset:               0.0000
    GaussVol Radii Scale:                1.0000
   Dispersion Integral Offset:           1.0560 (A)
   Cavitation Solvent Pressure:          0.0334 (Kcal/mol/A^3)
   Cavitation Surface Tension:           0.1030 (Kcal/mol/A^2)
   Cavitation Cross-Over Radius:         9.2515 (A)

  Overall system charge:                 -2.000

 Opened 7XJD_input.pdb in 1.967 sec.

 System Resources
  Total CPU time:          51.86 (sec)
  System load average:      2.99
  Open file handles:         146 of  81920 allowed
  System memory:          340657 MB free out of 385516 MB
  System swap space:        2053 MB free out of   2053 MB
  JVM memory:               3912 MB free out of   4096 MB

 Minimizing energy of Single Topology  [7XJD_input.pdb] 
 Setting lambda to 0.000.
 Generalized Kirkwood  -2275.59366371      0.361
 Cavitation             2101.13210781      0.348
 Dispersion            -1190.66660034      0.577

 Computed Potential Energy
  Bond Stretching            281.72007786         3663        0.021 ( 0.01385)
  Angle Bending              966.68047242         6645        0.009 ( 3.02649)
  Stretch-Bend                -8.32930796         5795        0.003
  Out-of-Plane Bend          218.82514623         2187        0.001
  Torsional Angle             68.28175630         9708        0.007
  Pi-Orbital Torsion          97.18282557          458        0.010
  Torsion-Torsion           -103.36374347           23        0.001
  Van der Waals             2276.85921542      6521997        1.112
  Atomic Multipoles        -5285.01927860      6521997
  Polarization              -826.57531709      6521997        8.608
  Solvation                -1365.12815623      6535920
  Total Potential          -3678.86630956  (Kcal/mole)        9.772 (sec)

 Limited Memory BFGS Quasi-Newton Optimization: 

 Cycle       Energy      G RMS    Delta E   Delta X    Angle  Evals     Time

     0   -3678.8663    13.7586
     1   -4114.7900     8.1308   435.9237    0.0040     0.00      2    9.082
     2   -4372.8592     6.2090   258.0692    0.0040     6.28      3    9.700
     3   -4571.4158     5.4804   198.5566    0.0040    25.94      4   11.241
     4   -4738.7715     5.2154   167.3557    0.0040    35.33      5   10.690
     5   -4886.8034     4.6464   148.0319    0.0040    41.48      6    9.795
     6   -5016.6553     4.0290   129.8519    0.0040    44.07      7   10.315
     7   -5123.8346     3.9700   107.1792    0.0040    45.03      8   10.782
     8   -5222.1316     3.2703    98.2970    0.0040    50.50      9   10.616
     9   -5304.4076     3.0658    82.2760    0.0040    48.85     10   10.466
    10   -5376.5052     2.6221    72.0977    0.0040    52.43     11   11.597
    11   -5439.2926     2.3762    62.7873    0.0040    50.73     12   10.708
    12   -5494.5416     1.9864    55.2491    0.0040    52.90     13   10.831
    13   -5541.7963     1.9805    47.2547    0.0040    51.83     14   10.088
    14   -5586.6824     1.8663    44.8861    0.0040    53.59     15    9.689
    15   -5627.8544     1.7283    41.1719    0.0040    55.83     16    9.798
    16   -5664.5573     1.9827    36.7029    0.0040    55.90     17   10.122
    17   -5701.7146     1.8008    37.1573    0.0040    61.85     18    9.760
    18   -5735.9550     1.9785    34.2404    0.0040    60.36     19    9.336
    19   -5770.4090     1.7506    34.4540    0.0040    64.14     20    9.482
    20   -5801.6921     1.8979    31.2832    0.0040    62.37     21    9.303
    21   -5832.8987     1.6413    31.2065    0.0040    65.63     22    9.709
    22   -5861.7030     1.7660    28.8044    0.0040    62.72     23    9.913
    23   -5889.2859     1.5054    27.5829    0.0040    66.81     24    9.492
    24   -5915.3655     1.5944    26.0796    0.0040    62.72     25   10.101
    25   -5939.2469     1.3440    23.8814    0.0040    67.56     26   10.286
    26   -5961.4545     1.5648    22.2076    0.0040    62.87     27   10.115
    27   -5981.3622     1.2910    19.9077    0.0040    70.76     28    9.677
    28   -5999.2444     1.7735    17.8822    0.0040    64.85     29   10.315
    29   -6015.0548     1.4363    15.8105    0.0040    76.23     30   11.678
    30   -6029.3619     1.8343    14.3070    0.0040    71.11     31   10.015
    31   -6042.1649     1.3262    12.8031    0.0040    78.78     32   10.202
    32   -6055.1126     1.1798    12.9476    0.0040    73.59     33    9.401
    33   -6066.9985     0.8719    11.8859    0.0040    72.65     34   10.113
    34   -6079.7843     0.9439    12.7858    0.0040    64.59     35   10.479
    35   -6090.7756     1.0970    10.9914    0.0040    67.79     36    9.389
    36   -6103.1043     1.0452    12.3287    0.0040    69.33     37   10.026
    37   -6112.3946     1.2216     9.2903    0.0040    70.21     38   10.111
    38   -6122.6669     0.8478    10.2723    0.0040    71.95     39    9.893
    39   -6130.3910     1.1920     7.7241    0.0027    57.88     40    9.071
    40   -6139.5592     0.8261     9.1682    0.0026    66.72     41    8.992
    41   -6149.4034     1.3438     9.8442    0.0038    57.63     42   10.034
    42   -6160.0401     0.8632    10.6367    0.0040    74.87     43    9.681
    43   -6168.0109     0.7835     7.9708    0.0040    74.94     44    8.593

 Optimization achieved convergence criteria:  0.78353
 Generalized Kirkwood  -2534.00745292      0.388
 Cavitation             2184.51638872      0.292
 Dispersion            -1237.84383495      0.704

 Computed Potential Energy
  Bond Stretching            276.77114254         3663        0.000 ( 0.01503)
  Angle Bending              852.68444588         6645        0.000 ( 2.89372)
  Stretch-Bend                 3.81458661         5795        0.000
  Out-of-Plane Bend           29.58351147         2187        0.000
  Torsional Angle             11.25794893         9708        0.000
  Pi-Orbital Torsion          33.61049874          458        0.000
  Torsion-Torsion           -109.63494182           23        0.000
  Van der Waals              576.08564000      6521997        0.007
  Atomic Multipoles        -5414.84811945      6521997
  Polarization              -840.00070861      6521997        5.781
  Solvation                -1587.33489915      6535920
  Total Potential          -6168.01089488  (Kcal/mole)        5.790 (sec)
 Setting atom names to PDB standard.
 Saving 7XJD_input.pdb_2

 Script wall clock time: 456.452 (sec)
WARNING: Using incubator modules: jdk.incubator.vector
WARNING: Using incubator modules: jdk.incubator.vector
Job 2