 Evaluating /Dedicated/schnieders/programs/stack-2021.1.sh
  Loading Modules
   Stack 2021.1
   GCC 9.3.0
   CMake 3.20.0
   Eigen 3.3.9
   Cuda 11.1.1
   Cuda: /usr/share/apps/2021.1/arch/gcc-9.3.0/cuda-11.1.1
   CudaNN 8.0.5.39-11.1
   Swig 4.0.2_gcc-9.3.0
  Loading software from /Dedicated/schnieders/programs/local
   Ant: /Dedicated/schnieders/programs/apache-ant-1.10.11
   FFX: /Dedicated/schnieders/programs/ffx-builds/forcefieldx-2026-01-04
   GDMA: /Dedicated/schnieders/programs/gdma-2.3
   Groovy: /Dedicated/schnieders/programs/groovy-4.0.1
   Java: /Dedicated/schnieders/programs/jdk-25.0.1
   Maven: /Dedicated/schnieders/programs/apache-maven-3.9.5
   VMD: /Dedicated/schnieders/programs/vmd
   NAMD: /Dedicated/schnieders/programs/NAMD_3.0alpha7_Linux-x86_64-multicore-CUDA
   OpenEye: /Dedicated/schnieders/programs/OpenEye
   Tinker: /Dedicated/schnieders/programs/tinker-tools
=== Rotamer job started: Tue Apr 14 19:54:25 CDT 2026 ===
PDB: /Dedicated/schnieders/maemmad/pKa_GNN/ffx_pipeline/data/fixed_pdbs/1A91/1A91_input.pdb
WARNING: Using incubator modules: jdk.incubator.vector
 _________________________________________________________________________

        FORCE FIELD X - Polyglot Software for Molecular Biophysics 

        Version 1.0.0-6991  April 2026 
        Git Revision  937dfd3f3a84d0dc91f73b0419518078a8c41842 
 
        Please cite the following reference when using Force Field X:

        RA Gogal, AJ Nessler, AC Thiel, HV Bernabe, RA Corrigan Grove,
        LM Cousineau, JM Litman, JM Miller, G Qi, MJ Speranza,
        MR Tollefson, TD Fenn, JJ Michaelson, O Okada, JP Piquemal,
        JW Ponder, J Shen, RJH Smith, W Yang, P Ren and MJ Schnieders,
        2024, Journal of Chemical Physics, 161 (1).

        Copyright (c)  Michael J. Schnieders  2001-2026
        All Rights Reserved

        Force Field X is distributed under the GPL v. 3 license
        with linking exception and is hosted by the Schnieders Lab
        at The University of Iowa.

        User Manual:   https://ffx.biochem.uiowa.edu/manual.html
        Publications:  https://ffx.biochem.uiowa.edu/publications.html
        License:       https://ffx.biochem.uiowa.edu/licenses.html

 _________________________________________________________________________

 Tue Apr 14 19:54:27 CDT 2026
 Process ID 10336 on argon-itf-bx54-12.hpc.

 Command line arguments:
 [Minimize, -e, 0.8, /Dedicated/schnieders/maemmad/pKa_GNN/ffx_pipeline/data/fixed_pdbs/1A91/1A91_input.pdb]

 Executing internal command: ffx.algorithms.commands.Minimize

 Initializing 1 topologies...
 Parsing: Internal force field (amoeba-bio-2018-cphmd).
 Parsing: Structure properties from (/Dedicated/schnieders/maemmad/pKa_GNN/ffx_pipeline/data/fixed_pdbs/1A91/1A91_input.properties).
 Parsing: JVM system properties (i.e. command line -Dkey=value pairs).

 Attempting to read force field patch from /Dedicated/schnieders/maemmad/pKa_GNN/naphosphate_solute.09Feb21.prm.

 Renumbering Patch: FALSE
 Reading 1A91_input.pdb

 Assigning atom types for 1 chains.
 Amino acid chain A
 Renumbering PDB file due to built atoms (1191 vs 575)
 Total number of atoms: 1191

 Constructing Force Field AMOEBA-BIO-2018-CPHMD

 SMP threads:                               112
 The system will be treated as aperiodic (max separation =   67.2 A).

 Bonded Terms
  Bonds:                                   1199
  Angles:                                  2189
  Stretch-Bends:                           1870
  Out-of-Plane Bends:                       642
  Torsions:                                3134
  Pi-Orbital Torsions:                      118
  Torsion-Torsions:                          10

 Non-Bonded Terms

  Van der Waals
   Cut-Off:                                NONE
   Long-Range Correction:                 FALSE

 Electrostatics
   Polarization:                         MUTUAL
    SCF Convergence Criteria:         1.000e-06
    SCF Predictor:                         NONE
    SCF Algorithm:                           CG
    CG Preconditioner Cut-Off:            4.500
    CG Preconditioner Ewald Coeff.:       0.000
    CG Preconditioner Scale:              2.000
    CG Preconditioner Mode:     FLETCHER_REEVES
    Electrostatics Cut-Off:                NONE

  Continuum Solvation
   Radii:                                SOLUTE
   Generalized Kirkwood Cut-Off:           NONE
   GKC:                                  2.4550
   Solvent Dielectric:                  78.3000
   Solute Dielectric:                    1.0000
   Descreen with vdW Radii:                TRUE
   Descreen with Hydrogen Atoms:          FALSE
   Descreen Offset:                      0.0000
   General HCT Scale Factor:             0.7200
   Non-Polar Model:                  GAUSS-DISP
    GaussVol Radii Offset:               0.0000
    GaussVol Radii Scale:                1.0000
   Dispersion Integral Offset:           1.0560 (A)
   Cavitation Solvent Pressure:          0.0334 (Kcal/mol/A^3)
   Cavitation Surface Tension:           0.1030 (Kcal/mol/A^2)
   Cavitation Cross-Over Radius:         9.2515 (A)

  Overall system charge:                 -2.000

 Opened 1A91_input.pdb in 1.6 sec.

 System Resources
  Total CPU time:          40.59 (sec)
  System load average:     46.11
  Open file handles:         146 of  81920 allowed
  System memory:          107556 MB free out of 128546 MB
  System swap space:        2040 MB free out of   2053 MB
  JVM memory:               4004 MB free out of   4096 MB

 Minimizing energy of Single Topology  [1A91_input.pdb] 
 Setting lambda to 0.000.
 Generalized Kirkwood   -983.45974945      0.279
 Cavitation              738.23138231      0.526
 Dispersion             -503.56768611      0.382

 Computed Potential Energy
  Bond Stretching             54.57141836         1199        0.025 ( 0.01121)
  Angle Bending              316.58879977         2189        0.015 ( 3.04942)
  Stretch-Bend                 0.04854965         1870        0.003
  Out-of-Plane Bend            7.28894552          642        0.006
  Torsional Angle             77.66487608         3134        0.009
  Pi-Orbital Torsion          15.86424939          118        0.005
  Torsion-Torsion            -43.24742638           10        0.001
  Van der Waals              536.20975108       705257        0.126
  Atomic Multipoles        -1492.67680332       705257
  Polarization              -274.58345452       705257        8.035
  Solvation                 -748.79605324       709836
  Total Potential          -1551.06714761  (Kcal/mole)        8.226 (sec)

 Limited Memory BFGS Quasi-Newton Optimization: 

 Cycle       Energy      G RMS    Delta E   Delta X    Angle  Evals     Time

     0   -1551.0671     9.0772
     1   -1666.7462     6.4563   115.6791    0.0070     0.00      2    3.957
     2   -1729.4944     4.6729    62.7482    0.0043    35.95      3    3.254
     3   -1798.8595     3.2582    69.3651    0.0070    35.39      4    3.070
     4   -1838.2514     3.8775    39.3920    0.0070    37.08      5    2.625
     5   -1865.6341     2.6862    27.3826    0.0070    60.68      6    2.703
     6   -1880.3092     2.8132    14.6751    0.0046    56.26      7    2.410
     7   -1896.7688     2.1620    16.4596    0.0045    60.32      8    2.505
     8   -1914.2016     2.7387    17.4328    0.0070    55.19      9    2.922
     9   -1928.2154     2.8490    14.0138    0.0069    64.63     10    2.598
    10   -1939.9409     1.9761    11.7255    0.0029    60.84     11    2.575
    11   -1956.0709     1.6393    16.1300    0.0064    58.92     12    2.661
    12   -1966.9605     2.5498    10.8896    0.0070    64.38     13    2.599
    13   -1977.6072     2.0846    10.6466    0.0070    76.03     14    2.800
    14   -1988.1061     1.7595    10.4989    0.0070    72.92     15    2.320
    15   -1997.8638     1.7148     9.7577    0.0070    68.26     16    2.843
    16   -2004.3049     1.6594     6.4411    0.0047    66.14     17    2.292
    17   -2009.0989     1.2133     4.7940    0.0026    61.33     18    2.358
    18   -2013.4915     1.2210     4.3927    0.0031    60.08     19    2.704
    19   -2017.1779     1.6545     3.6864    0.0048    68.48     20    2.293
    20   -2020.6198     1.0520     3.4419    0.0027    73.08     21    2.718
    21   -2024.6017     0.9866     3.9819    0.0047    70.36     22    2.388
    22   -2028.1222     1.4047     3.5205    0.0046    70.71     23    2.301
    23   -2032.2844     1.1907     4.1623    0.0059    76.27     24    2.541
    24   -2035.8579     1.1554     3.5735    0.0040    70.39     25    2.772
    25   -2039.3389     1.0571     3.4810    0.0035    68.69     26    2.465
    26   -2042.9904     1.1757     3.6515    0.0043    69.71     27    2.529
    27   -2046.5977     1.2999     3.6073    0.0065    74.65     28    2.686
    28   -2049.3539     1.0223     2.7562    0.0032    72.96     29    2.144
    29   -2051.6806     0.9217     2.3267    0.0027    70.11     30    2.524
    30   -2054.5481     1.1378     2.8675    0.0042    70.24     31    2.448
    31   -2057.7342     1.1397     3.1861    0.0057    75.98     32    2.856
    32   -2060.3516     0.9413     2.6173    0.0033    73.18     33    2.539
    33   -2062.6575     1.0289     2.3059    0.0040    71.91     34    2.551
    34   -2064.6572     0.9081     1.9997    0.0026    72.28     35    2.564
    35   -2067.2579     0.8917     2.6007    0.0036    72.88     36    2.684
    36   -2069.8883     1.5438     2.6304    0.0058    73.78     37    2.557
    37   -2072.6290     0.9201     2.7407    0.0060    81.33     38    2.630
    38   -2074.2995     0.7750     1.6705    0.0016    67.21     39    2.713

 Optimization achieved convergence criteria:  0.77502
 Generalized Kirkwood  -1049.71943289      0.051
 Cavitation              753.26790906      0.125
 Dispersion             -528.04727546      0.053

 Computed Potential Energy
  Bond Stretching            107.05771296         1199        0.000 ( 0.01637)
  Angle Bending              265.15599168         2189        0.002 ( 2.80370)
  Stretch-Bend                 3.72747746         1870        0.000
  Out-of-Plane Bend           11.31831347          642        0.000
  Torsional Angle             52.08156199         3134        0.000
  Pi-Orbital Torsion          17.85781024          118        0.000
  Torsion-Torsion            -38.99420234           10        0.000
  Van der Waals              188.40745197       705257        0.022
  Atomic Multipoles        -1568.40908393       705257
  Polarization              -288.00375440       705257        2.125
  Solvation                 -824.49879930       709836
  Total Potential          -2074.29952020  (Kcal/mole)        2.152 (sec)
 Setting atom names to PDB standard.
 Saving 1A91_input.pdb_2

 Script wall clock time: 119.204 (sec)
WARNING: Using incubator modules: jdk.incubator.vector
WARNING: Using incubator modules: jdk.incubator.vector
Too few resources available to assign 1 node, 1 process, and 20 CPUs per process
=== Rotamer job done: Tue Apr 14 19:58:16 CDT 2026 ===
