 Evaluating /Dedicated/schnieders/programs/stack-2021.1.sh
  Loading Modules
   Stack 2021.1
   GCC 9.3.0
   CMake 3.20.0
   Eigen 3.3.9
   Cuda 11.1.1
   Cuda: /usr/share/apps/2021.1/arch/gcc-9.3.0/cuda-11.1.1
   CudaNN 8.0.5.39-11.1
   Swig 4.0.2_gcc-9.3.0
  Loading software from /Dedicated/schnieders/programs/local
   Ant: /Dedicated/schnieders/programs/apache-ant-1.10.11
   FFX: /Dedicated/schnieders/programs/ffx-builds/forcefieldx-2026-07-06
   GDMA: /Dedicated/schnieders/programs/gdma-2.3
   Groovy: /Dedicated/schnieders/programs/groovy-4.0.1
   Java: /Dedicated/schnieders/programs/jdk-25.0.1
   Maven: /Dedicated/schnieders/programs/apache-maven-3.9.5
   VMD: /Dedicated/schnieders/programs/vmd
   NAMD: /Dedicated/schnieders/programs/NAMD_3.0alpha7_Linux-x86_64-multicore-CUDA
   OpenEye: /Dedicated/schnieders/programs/OpenEye
   Tinker: /Dedicated/schnieders/programs/tinker-tools
=== Rotamer job started: Sat Aug  1 05:46:26 CDT 2026 ===
PDB: /Dedicated/schnieders/maemmad/pKa_GNN/ffx_pipeline/data/fixed_pdbs/4GE0/4GE0_input.pdb
WARNING: Using incubator modules: jdk.incubator.vector
 _________________________________________________________________________

        FORCE FIELD X - Polyglot Software for Molecular Biophysics 

        Version 1.0.0-6991  April 2026 
        Git Revision  937dfd3f3a84d0dc91f73b0419518078a8c41842 
 
        Please cite the following reference when using Force Field X:

        RA Gogal, AJ Nessler, AC Thiel, HV Bernabe, RA Corrigan Grove,
        LM Cousineau, JM Litman, JM Miller, G Qi, MJ Speranza,
        MR Tollefson, TD Fenn, JJ Michaelson, O Okada, JP Piquemal,
        JW Ponder, J Shen, RJH Smith, W Yang, P Ren and MJ Schnieders,
        2024, Journal of Chemical Physics, 161 (1).

        Copyright (c)  Michael J. Schnieders  2001-2026
        All Rights Reserved

        Force Field X is distributed under the GPL v. 3 license
        with linking exception and is hosted by the Schnieders Lab
        at The University of Iowa.

        User Manual:   https://ffx.biochem.uiowa.edu/manual.html
        Publications:  https://ffx.biochem.uiowa.edu/publications.html
        License:       https://ffx.biochem.uiowa.edu/licenses.html

 _________________________________________________________________________

 Sat Aug 01 05:46:27 CDT 2026
 Process ID 254550 on argon-itf-bx53-03.hpc.

 Command line arguments:
 [Minimize, -e, 0.8, /Dedicated/schnieders/maemmad/pKa_GNN/ffx_pipeline/data/fixed_pdbs/4GE0/4GE0_input.pdb]

 Executing internal command: ffx.algorithms.commands.Minimize

 Initializing 1 topologies...
 Parsing: Internal force field (amoeba-bio-2018-cphmd).
 Parsing: Structure properties from (/Dedicated/schnieders/maemmad/pKa_GNN/ffx_pipeline/data/fixed_pdbs/4GE0/4GE0_input.properties).
 Parsing: JVM system properties (i.e. command line -Dkey=value pairs).

 Attempting to read force field patch from /Dedicated/schnieders/maemmad/pKa_GNN/naphosphate_solute.09Feb21.prm.

 Renumbering Patch: FALSE
 Reading 4GE0_input.pdb

 Assigning atom types for 4 chains.
 Amino acid chain A
 Amino acid chain B
 Amino acid chain C
 Amino acid chain D
 Renumbering PDB file due to built atoms (12084 vs 6004)
 Total number of atoms: 12084

 Constructing Force Field AMOEBA-BIO-2018-CPHMD

 SMP threads:                                20
 The system will be treated as aperiodic (max separation =  108.3 A).

 Bonded Terms
  Bonds:                                  12216
  Angles:                                 22220
  Stretch-Bends:                          19532
  Out-of-Plane Bends:                      6972
  Torsions:                               32544
  Pi-Orbital Torsions:                     1332
  Torsion-Torsions:                          68

 Non-Bonded Terms

  Van der Waals
   Cut-Off:                                NONE
   Long-Range Correction:                 FALSE

 Electrostatics
   Polarization:                         MUTUAL
    SCF Convergence Criteria:         1.000e-06
    SCF Predictor:                         NONE
    SCF Algorithm:                           CG
    CG Preconditioner Cut-Off:            4.500
    CG Preconditioner Ewald Coeff.:       0.000
    CG Preconditioner Scale:              2.000
    CG Preconditioner Mode:     FLETCHER_REEVES
    Electrostatics Cut-Off:                NONE

  Continuum Solvation
   Radii:                                SOLUTE
   Generalized Kirkwood Cut-Off:           NONE
   GKC:                                  2.4550
   Solvent Dielectric:                  78.3000
   Solute Dielectric:                    1.0000
   Descreen with vdW Radii:                TRUE
   Descreen with Hydrogen Atoms:          FALSE
   Descreen Offset:                      0.0000
   General HCT Scale Factor:             0.7200
   Non-Polar Model:                  GAUSS-DISP
    GaussVol Radii Offset:               0.0000
    GaussVol Radii Scale:                1.0000
   Dispersion Integral Offset:           1.0560 (A)
   Cavitation Solvent Pressure:          0.0334 (Kcal/mol/A^3)
   Cavitation Surface Tension:           0.1030 (Kcal/mol/A^2)
   Cavitation Cross-Over Radius:         9.2515 (A)

  Overall system charge:                 12.000

 Opened 4GE0_input.pdb in 7.594 sec.

 System Resources
  Total CPU time:          35.54 (sec)
  System load average:     36.36
  Open file handles:         146 of  81920 allowed
  System memory:           43884 MB free out of  45940 MB
  System swap space:        2053 MB free out of   2053 MB
  JVM memory:               3616 MB free out of   4096 MB

 Minimizing energy of Single Topology  [4GE0_input.pdb] 
 Setting lambda to 0.000.
Aug 01, 2026 5:58:22 AM ffx.potential.nonbonded.ParticleMeshEwald selfConsistentField
WARNING: ffx.potential.utils.EnergyException: Maximum SCF iterations reached: (1000)


Aug 01, 2026 6:09:54 AM ffx.potential.nonbonded.ParticleMeshEwald selfConsistentField
WARNING: ffx.potential.utils.EnergyException:  Maximum SCF iterations reached: (1000)


Aug 01, 2026 6:21:28 AM ffx.potential.nonbonded.ParticleMeshEwald selfConsistentField
WARNING: ffx.potential.utils.EnergyException:  Maximum SCF iterations reached: (1000)


Aug 01, 2026 6:33:03 AM ffx.potential.nonbonded.ParticleMeshEwald selfConsistentField
WARNING: ffx.potential.utils.EnergyException:  Maximum SCF iterations reached: (1000)


Aug 01, 2026 6:44:40 AM ffx.potential.nonbonded.ParticleMeshEwald selfConsistentField
WARNING: ffx.potential.utils.EnergyException:  Maximum SCF iterations reached: (1000)


Aug 01, 2026 6:56:16 AM ffx.potential.nonbonded.ParticleMeshEwald selfConsistentField
WARNING: ffx.potential.utils.EnergyException:  Maximum SCF iterations reached: (1000)


Aug 01, 2026 7:07:52 AM ffx.potential.nonbonded.ParticleMeshEwald selfConsistentField
WARNING: ffx.potential.utils.EnergyException:  Maximum SCF iterations reached: (1000)


Aug 01, 2026 7:19:24 AM ffx.potential.nonbonded.ParticleMeshEwald selfConsistentField
WARNING: ffx.potential.utils.EnergyException:  Maximum SCF iterations reached: (1000)


Aug 01, 2026 7:31:03 AM ffx.potential.nonbonded.ParticleMeshEwald selfConsistentField
WARNING: ffx.potential.utils.EnergyException:  Maximum SCF iterations reached: (1000)


Aug 01, 2026 7:42:41 AM ffx.potential.nonbonded.ParticleMeshEwald selfConsistentField
WARNING: ffx.potential.utils.EnergyException:  Maximum SCF iterations reached: (1000)


Aug 01, 2026 7:54:16 AM ffx.potential.nonbonded.ParticleMeshEwald selfConsistentField
WARNING: ffx.potential.utils.EnergyException:  Maximum SCF iterations reached: (1000)


Aug 01, 2026 8:05:56 AM ffx.potential.nonbonded.ParticleMeshEwald selfConsistentField
WARNING: ffx.potential.utils.EnergyException:  Maximum SCF iterations reached: (1000)


Aug 01, 2026 8:17:28 AM ffx.potential.nonbonded.ParticleMeshEwald selfConsistentField
WARNING: ffx.potential.utils.EnergyException:  Maximum SCF iterations reached: (1000)


Aug 01, 2026 8:29:03 AM ffx.potential.nonbonded.ParticleMeshEwald selfConsistentField
WARNING: ffx.potential.utils.EnergyException:  Maximum SCF iterations reached: (1000)


Aug 01, 2026 8:40:36 AM ffx.potential.nonbonded.ParticleMeshEwald selfConsistentField
WARNING: ffx.potential.utils.EnergyException:  Maximum SCF iterations reached: (1000)


Aug 01, 2026 8:52:09 AM ffx.potential.nonbonded.ParticleMeshEwald selfConsistentField
WARNING: ffx.potential.utils.EnergyException:  Maximum SCF iterations reached: (1000)


Aug 01, 2026 9:03:40 AM ffx.potential.nonbonded.ParticleMeshEwald selfConsistentField
WARNING: ffx.potential.utils.EnergyException:  Maximum SCF iterations reached: (1000)


Aug 01, 2026 9:15:09 AM ffx.potential.nonbonded.ParticleMeshEwald selfConsistentField
WARNING: ffx.potential.utils.EnergyException:  Maximum SCF iterations reached: (1000)


Aug 01, 2026 9:26:34 AM ffx.potential.nonbonded.ParticleMeshEwald selfConsistentField
WARNING: ffx.potential.utils.EnergyException:  Maximum SCF iterations reached: (1000)


Aug 01, 2026 9:38:13 AM ffx.potential.nonbonded.ParticleMeshEwald selfConsistentField
WARNING: ffx.potential.utils.EnergyException:  Maximum SCF iterations reached: (1000)


Aug 01, 2026 9:49:56 AM ffx.potential.nonbonded.ParticleMeshEwald selfConsistentField
WARNING: ffx.potential.utils.EnergyException:  Maximum SCF iterations reached: (1000)


Aug 01, 2026 10:01:26 AM ffx.potential.nonbonded.ParticleMeshEwald selfConsistentField
WARNING: ffx.potential.utils.EnergyException:  Maximum SCF iterations reached: (1000)


Aug 01, 2026 10:13:02 AM ffx.potential.nonbonded.ParticleMeshEwald selfConsistentField
WARNING: ffx.potential.utils.EnergyException:  Maximum SCF iterations reached: (1000)


Aug 01, 2026 10:24:38 AM ffx.potential.nonbonded.ParticleMeshEwald selfConsistentField
WARNING: ffx.potential.utils.EnergyException:  Maximum SCF iterations reached: (1000)


Aug 01, 2026 10:36:19 AM ffx.potential.nonbonded.ParticleMeshEwald selfConsistentField
WARNING: ffx.potential.utils.EnergyException:  Maximum SCF iterations reached: (1000)


Aug 01, 2026 10:46:46 AM ffx.potential.nonbonded.ParticleMeshEwald selfConsistentField
WARNING: ffx.potential.utils.EnergyException:  Maximum SCF iterations reached: (1000)


Aug 01, 2026 10:57:21 AM ffx.potential.nonbonded.ParticleMeshEwald selfConsistentField
WARNING: ffx.potential.utils.EnergyException:  Maximum SCF iterations reached: (1000)


Aug 01, 2026 11:07:47 AM ffx.potential.nonbonded.ParticleMeshEwald selfConsistentField
WARNING: ffx.potential.utils.EnergyException:  Maximum SCF iterations reached: (1000)


Aug 01, 2026 11:18:12 AM ffx.potential.nonbonded.ParticleMeshEwald selfConsistentField
WARNING: ffx.potential.utils.EnergyException:  Maximum SCF iterations reached: (1000)


Aug 01, 2026 11:28:45 AM ffx.potential.nonbonded.ParticleMeshEwald selfConsistentField
WARNING: ffx.potential.utils.EnergyException:  Maximum SCF iterations reached: (1000)


Aug 01, 2026 11:39:11 AM ffx.potential.nonbonded.ParticleMeshEwald selfConsistentField
WARNING: ffx.potential.utils.EnergyException:  Maximum SCF iterations reached: (1000)


Aug 01, 2026 11:49:36 AM ffx.potential.nonbonded.ParticleMeshEwald selfConsistentField
WARNING: ffx.potential.utils.EnergyException:  Maximum SCF iterations reached: (1000)


Aug 01, 2026 12:00:06 PM ffx.potential.nonbonded.ParticleMeshEwald selfConsistentField
WARNING: ffx.potential.utils.EnergyException:  Maximum SCF iterations reached: (1000)


Aug 01, 2026 12:10:37 PM ffx.potential.nonbonded.ParticleMeshEwald selfConsistentField
WARNING: ffx.potential.utils.EnergyException:  Maximum SCF iterations reached: (1000)


Aug 01, 2026 12:21:03 PM ffx.potential.nonbonded.ParticleMeshEwald selfConsistentField
WARNING: ffx.potential.utils.EnergyException:  Maximum SCF iterations reached: (1000)


Aug 01, 2026 12:31:31 PM ffx.potential.nonbonded.ParticleMeshEwald selfConsistentField
WARNING: ffx.potential.utils.EnergyException:  Maximum SCF iterations reached: (1000)


Aug 01, 2026 12:42:01 PM ffx.potential.nonbonded.ParticleMeshEwald selfConsistentField
WARNING: ffx.potential.utils.EnergyException:  Maximum SCF iterations reached: (1000)


Aug 01, 2026 12:52:24 PM ffx.potential.nonbonded.ParticleMeshEwald selfConsistentField
WARNING: ffx.potential.utils.EnergyException:  Maximum SCF iterations reached: (1000)


Aug 01, 2026 1:02:50 PM ffx.potential.nonbonded.ParticleMeshEwald selfConsistentField
WARNING: ffx.potential.utils.EnergyException:  Maximum SCF iterations reached: (1000)


Aug 01, 2026 1:13:20 PM ffx.potential.nonbonded.ParticleMeshEwald selfConsistentField
WARNING: ffx.potential.utils.EnergyException:  Maximum SCF iterations reached: (1000)


Aug 01, 2026 1:23:45 PM ffx.potential.nonbonded.ParticleMeshEwald selfConsistentField
WARNING: ffx.potential.utils.EnergyException:  Maximum SCF iterations reached: (1000)


Aug 01, 2026 1:34:16 PM ffx.potential.nonbonded.ParticleMeshEwald selfConsistentField
WARNING: ffx.potential.utils.EnergyException:  Maximum SCF iterations reached: (1000)


Aug 01, 2026 1:44:44 PM ffx.potential.nonbonded.ParticleMeshEwald selfConsistentField
WARNING: ffx.potential.utils.EnergyException:  Maximum SCF iterations reached: (1000)


Aug 01, 2026 1:55:07 PM ffx.potential.nonbonded.ParticleMeshEwald selfConsistentField
WARNING: ffx.potential.utils.EnergyException:  Maximum SCF iterations reached: (1000)


Aug 01, 2026 2:05:35 PM ffx.potential.nonbonded.ParticleMeshEwald selfConsistentField
WARNING: ffx.potential.utils.EnergyException:  Maximum SCF iterations reached: (1000)


Aug 01, 2026 2:16:03 PM ffx.potential.nonbonded.ParticleMeshEwald selfConsistentField
WARNING: ffx.potential.utils.EnergyException:  Maximum SCF iterations reached: (1000)


Aug 01, 2026 2:26:26 PM ffx.potential.nonbonded.ParticleMeshEwald selfConsistentField
WARNING: ffx.potential.utils.EnergyException:  Maximum SCF iterations reached: (1000)


Aug 01, 2026 2:36:56 PM ffx.potential.nonbonded.ParticleMeshEwald selfConsistentField
WARNING: ffx.potential.utils.EnergyException:  Maximum SCF iterations reached: (1000)


Aug 01, 2026 2:47:20 PM ffx.potential.nonbonded.ParticleMeshEwald selfConsistentField
WARNING: ffx.potential.utils.EnergyException:  Maximum SCF iterations reached: (1000)


Aug 01, 2026 2:57:49 PM ffx.potential.nonbonded.ParticleMeshEwald selfConsistentField
WARNING: ffx.potential.utils.EnergyException:  Maximum SCF iterations reached: (1000)


Aug 01, 2026 3:08:20 PM ffx.potential.nonbonded.ParticleMeshEwald selfConsistentField
WARNING: ffx.potential.utils.EnergyException:  Maximum SCF iterations reached: (1000)


Aug 01, 2026 3:18:47 PM ffx.potential.nonbonded.ParticleMeshEwald selfConsistentField
WARNING: ffx.potential.utils.EnergyException:  Maximum SCF iterations reached: (1000)


Aug 01, 2026 3:29:09 PM ffx.potential.nonbonded.ParticleMeshEwald selfConsistentField
WARNING: ffx.potential.utils.EnergyException:  Maximum SCF iterations reached: (1000)


Aug 01, 2026 3:39:42 PM ffx.potential.nonbonded.ParticleMeshEwald selfConsistentField
WARNING: ffx.potential.utils.EnergyException:  Maximum SCF iterations reached: (1000)


Aug 01, 2026 3:50:08 PM ffx.potential.nonbonded.ParticleMeshEwald selfConsistentField
WARNING: ffx.potential.utils.EnergyException:  Maximum SCF iterations reached: (1000)


Aug 01, 2026 4:00:41 PM ffx.potential.nonbonded.ParticleMeshEwald selfConsistentField
WARNING: ffx.potential.utils.EnergyException:  Maximum SCF iterations reached: (1000)


Aug 01, 2026 4:11:11 PM ffx.potential.nonbonded.ParticleMeshEwald selfConsistentField
WARNING: ffx.potential.utils.EnergyException:  Maximum SCF iterations reached: (1000)


Aug 01, 2026 4:21:45 PM ffx.potential.nonbonded.ParticleMeshEwald selfConsistentField
WARNING: ffx.potential.utils.EnergyException:  Maximum SCF iterations reached: (1000)


Aug 01, 2026 4:32:19 PM ffx.potential.nonbonded.ParticleMeshEwald selfConsistentField
WARNING: ffx.potential.utils.EnergyException:  Maximum SCF iterations reached: (1000)


Aug 01, 2026 4:43:00 PM ffx.potential.nonbonded.ParticleMeshEwald selfConsistentField
WARNING: ffx.potential.utils.EnergyException:  Maximum SCF iterations reached: (1000)


Aug 01, 2026 4:53:29 PM ffx.potential.nonbonded.ParticleMeshEwald selfConsistentField
WARNING: ffx.potential.utils.EnergyException:  Maximum SCF iterations reached: (1000)


Aug 01, 2026 5:03:58 PM ffx.potential.nonbonded.ParticleMeshEwald selfConsistentField
WARNING: ffx.potential.utils.EnergyException:  Maximum SCF iterations reached: (1000)


Aug 01, 2026 5:14:38 PM ffx.potential.nonbonded.ParticleMeshEwald selfConsistentField
WARNING: ffx.potential.utils.EnergyException:  Maximum SCF iterations reached: (1000)


Aug 01, 2026 5:25:09 PM ffx.potential.nonbonded.ParticleMeshEwald selfConsistentField
WARNING: ffx.potential.utils.EnergyException:  Maximum SCF iterations reached: (1000)


Aug 01, 2026 5:35:40 PM ffx.potential.nonbonded.ParticleMeshEwald selfConsistentField
WARNING: ffx.potential.utils.EnergyException:  Maximum SCF iterations reached: (1000)


Aug 01, 2026 5:46:03 PM ffx.potential.nonbonded.ParticleMeshEwald selfConsistentField
WARNING: ffx.potential.utils.EnergyException:  Maximum SCF iterations reached: (1000)


Aug 01, 2026 5:56:24 PM ffx.potential.nonbonded.ParticleMeshEwald selfConsistentField
WARNING: ffx.potential.utils.EnergyException:  Maximum SCF iterations reached: (1000)


Aug 01, 2026 6:06:51 PM ffx.potential.nonbonded.ParticleMeshEwald selfConsistentField
WARNING: ffx.potential.utils.EnergyException:  Maximum SCF iterations reached: (1000)


Aug 01, 2026 6:17:11 PM ffx.potential.nonbonded.ParticleMeshEwald selfConsistentField
WARNING: ffx.potential.utils.EnergyException:  Maximum SCF iterations reached: (1000)


Aug 01, 2026 6:27:32 PM ffx.potential.nonbonded.ParticleMeshEwald selfConsistentField
WARNING: ffx.potential.utils.EnergyException:  Maximum SCF iterations reached: (1000)


Aug 01, 2026 6:37:56 PM ffx.potential.nonbonded.ParticleMeshEwald selfConsistentField
WARNING: ffx.potential.utils.EnergyException:  Maximum SCF iterations reached: (1000)


Aug 01, 2026 6:48:20 PM ffx.potential.nonbonded.ParticleMeshEwald selfConsistentField
WARNING: ffx.potential.utils.EnergyException:  Maximum SCF iterations reached: (1000)


Aug 01, 2026 6:58:45 PM ffx.potential.nonbonded.ParticleMeshEwald selfConsistentField
WARNING: ffx.potential.utils.EnergyException:  Maximum SCF iterations reached: (1000)


Aug 01, 2026 7:09:15 PM ffx.potential.nonbonded.ParticleMeshEwald selfConsistentField
WARNING: ffx.potential.utils.EnergyException:  Maximum SCF iterations reached: (1000)


Aug 01, 2026 7:19:39 PM ffx.potential.nonbonded.ParticleMeshEwald selfConsistentField
WARNING: ffx.potential.utils.EnergyException:  Maximum SCF iterations reached: (1000)


Aug 01, 2026 7:30:05 PM ffx.potential.nonbonded.ParticleMeshEwald selfConsistentField
WARNING: ffx.potential.utils.EnergyException:  Maximum SCF iterations reached: (1000)


Aug 01, 2026 7:40:31 PM ffx.potential.nonbonded.ParticleMeshEwald selfConsistentField
WARNING: ffx.potential.utils.EnergyException:  Maximum SCF iterations reached: (1000)


Aug 01, 2026 7:50:56 PM ffx.potential.nonbonded.ParticleMeshEwald selfConsistentField
WARNING: ffx.potential.utils.EnergyException:  Maximum SCF iterations reached: (1000)


Aug 01, 2026 8:01:20 PM ffx.potential.nonbonded.ParticleMeshEwald selfConsistentField
WARNING: ffx.potential.utils.EnergyException:  Maximum SCF iterations reached: (1000)


Aug 01, 2026 8:11:52 PM ffx.potential.nonbonded.ParticleMeshEwald selfConsistentField
WARNING: ffx.potential.utils.EnergyException:  Maximum SCF iterations reached: (1000)


Aug 01, 2026 8:22:18 PM ffx.potential.nonbonded.ParticleMeshEwald selfConsistentField
WARNING: ffx.potential.utils.EnergyException:  Maximum SCF iterations reached: (1000)


Aug 01, 2026 8:32:47 PM ffx.potential.nonbonded.ParticleMeshEwald selfConsistentField
WARNING: ffx.potential.utils.EnergyException:  Maximum SCF iterations reached: (1000)


Aug 01, 2026 8:43:12 PM ffx.potential.nonbonded.ParticleMeshEwald selfConsistentField
WARNING: ffx.potential.utils.EnergyException:  Maximum SCF iterations reached: (1000)


Aug 01, 2026 8:53:40 PM ffx.potential.nonbonded.ParticleMeshEwald selfConsistentField
WARNING: ffx.potential.utils.EnergyException:  Maximum SCF iterations reached: (1000)


Aug 01, 2026 9:04:05 PM ffx.potential.nonbonded.ParticleMeshEwald selfConsistentField
WARNING: ffx.potential.utils.EnergyException:  Maximum SCF iterations reached: (1000)


Aug 01, 2026 9:14:36 PM ffx.potential.nonbonded.ParticleMeshEwald selfConsistentField
WARNING: ffx.potential.utils.EnergyException:  Maximum SCF iterations reached: (1000)


Aug 01, 2026 9:24:58 PM ffx.potential.nonbonded.ParticleMeshEwald selfConsistentField
WARNING: ffx.potential.utils.EnergyException:  Maximum SCF iterations reached: (1000)


Aug 01, 2026 9:35:18 PM ffx.potential.nonbonded.ParticleMeshEwald selfConsistentField
WARNING: ffx.potential.utils.EnergyException:  Maximum SCF iterations reached: (1000)


Aug 01, 2026 9:45:47 PM ffx.potential.nonbonded.ParticleMeshEwald selfConsistentField
WARNING: ffx.potential.utils.EnergyException:  Maximum SCF iterations reached: (1000)


Aug 01, 2026 9:56:15 PM ffx.potential.nonbonded.ParticleMeshEwald selfConsistentField
WARNING: ffx.potential.utils.EnergyException:  Maximum SCF iterations reached: (1000)


Aug 01, 2026 10:06:45 PM ffx.potential.nonbonded.ParticleMeshEwald selfConsistentField
WARNING: ffx.potential.utils.EnergyException:  Maximum SCF iterations reached: (1000)


Aug 01, 2026 10:17:08 PM ffx.potential.nonbonded.ParticleMeshEwald selfConsistentField
WARNING: ffx.potential.utils.EnergyException:  Maximum SCF iterations reached: (1000)


Aug 01, 2026 10:27:34 PM ffx.potential.nonbonded.ParticleMeshEwald selfConsistentField
WARNING: ffx.potential.utils.EnergyException:  Maximum SCF iterations reached: (1000)


Aug 01, 2026 10:38:08 PM ffx.potential.nonbonded.ParticleMeshEwald selfConsistentField
WARNING: ffx.potential.utils.EnergyException:  Maximum SCF iterations reached: (1000)


Aug 01, 2026 10:49:03 PM ffx.potential.nonbonded.ParticleMeshEwald selfConsistentField
WARNING: ffx.potential.utils.EnergyException:  Maximum SCF iterations reached: (1000)


Aug 01, 2026 11:00:10 PM ffx.potential.nonbonded.ParticleMeshEwald selfConsistentField
WARNING: ffx.potential.utils.EnergyException:  Maximum SCF iterations reached: (1000)


Aug 01, 2026 11:11:38 PM ffx.potential.nonbonded.ParticleMeshEwald selfConsistentField
WARNING: ffx.potential.utils.EnergyException:  Maximum SCF iterations reached: (1000)


Aug 01, 2026 11:22:37 PM ffx.potential.nonbonded.ParticleMeshEwald selfConsistentField
WARNING: ffx.potential.utils.EnergyException:  Maximum SCF iterations reached: (1000)


Aug 01, 2026 11:33:42 PM ffx.potential.nonbonded.ParticleMeshEwald selfConsistentField
WARNING: ffx.potential.utils.EnergyException:  Maximum SCF iterations reached: (1000)


Aug 01, 2026 11:44:34 PM ffx.potential.nonbonded.ParticleMeshEwald selfConsistentField
WARNING: ffx.potential.utils.EnergyException:  Maximum SCF iterations reached: (1000)


Aug 01, 2026 11:54:57 PM ffx.potential.nonbonded.ParticleMeshEwald selfConsistentField
WARNING: ffx.potential.utils.EnergyException:  Maximum SCF iterations reached: (1000)


Aug 02, 2026 12:05:28 AM ffx.potential.nonbonded.ParticleMeshEwald selfConsistentField
WARNING: ffx.potential.utils.EnergyException:  Maximum SCF iterations reached: (1000)


Aug 02, 2026 12:15:59 AM ffx.potential.nonbonded.ParticleMeshEwald selfConsistentField
WARNING: ffx.potential.utils.EnergyException:  Maximum SCF iterations reached: (1000)


Aug 02, 2026 12:26:27 AM ffx.potential.nonbonded.ParticleMeshEwald selfConsistentField
WARNING: ffx.potential.utils.EnergyException:  Maximum SCF iterations reached: (1000)


Aug 02, 2026 12:37:00 AM ffx.potential.nonbonded.ParticleMeshEwald selfConsistentField
WARNING: ffx.potential.utils.EnergyException:  Maximum SCF iterations reached: (1000)


Aug 02, 2026 12:47:31 AM ffx.potential.nonbonded.ParticleMeshEwald selfConsistentField
WARNING: ffx.potential.utils.EnergyException:  Maximum SCF iterations reached: (1000)


Aug 02, 2026 12:57:58 AM ffx.potential.nonbonded.ParticleMeshEwald selfConsistentField
WARNING: ffx.potential.utils.EnergyException:  Maximum SCF iterations reached: (1000)


Aug 02, 2026 1:09:25 AM ffx.potential.nonbonded.ParticleMeshEwald selfConsistentField
WARNING: ffx.potential.utils.EnergyException:  Maximum SCF iterations reached: (1000)


Aug 02, 2026 1:20:59 AM ffx.potential.nonbonded.ParticleMeshEwald selfConsistentField
WARNING: ffx.potential.utils.EnergyException:  Maximum SCF iterations reached: (1000)


Aug 02, 2026 1:32:31 AM ffx.potential.nonbonded.ParticleMeshEwald selfConsistentField
WARNING: ffx.potential.utils.EnergyException:  Maximum SCF iterations reached: (1000)


Aug 02, 2026 1:44:08 AM ffx.potential.nonbonded.ParticleMeshEwald selfConsistentField
WARNING: ffx.potential.utils.EnergyException:  Maximum SCF iterations reached: (1000)


Aug 02, 2026 1:55:38 AM ffx.potential.nonbonded.ParticleMeshEwald selfConsistentField
WARNING: ffx.potential.utils.EnergyException:  Maximum SCF iterations reached: (1000)


Aug 02, 2026 2:07:11 AM ffx.potential.nonbonded.ParticleMeshEwald selfConsistentField
WARNING: ffx.potential.utils.EnergyException:  Maximum SCF iterations reached: (1000)


Aug 02, 2026 2:18:53 AM ffx.potential.nonbonded.ParticleMeshEwald selfConsistentField
WARNING: ffx.potential.utils.EnergyException:  Maximum SCF iterations reached: (1000)


Aug 02, 2026 2:30:24 AM ffx.potential.nonbonded.ParticleMeshEwald selfConsistentField
WARNING: ffx.potential.utils.EnergyException:  Maximum SCF iterations reached: (1000)


Aug 02, 2026 2:41:55 AM ffx.potential.nonbonded.ParticleMeshEwald selfConsistentField
WARNING: ffx.potential.utils.EnergyException:  Maximum SCF iterations reached: (1000)


Aug 02, 2026 2:53:29 AM ffx.potential.nonbonded.ParticleMeshEwald selfConsistentField
WARNING: ffx.potential.utils.EnergyException:  Maximum SCF iterations reached: (1000)


Aug 02, 2026 3:05:08 AM ffx.potential.nonbonded.ParticleMeshEwald selfConsistentField
WARNING: ffx.potential.utils.EnergyException:  Maximum SCF iterations reached: (1000)


Aug 02, 2026 3:16:42 AM ffx.potential.nonbonded.ParticleMeshEwald selfConsistentField
WARNING: ffx.potential.utils.EnergyException:  Maximum SCF iterations reached: (1000)


Aug 02, 2026 3:28:23 AM ffx.potential.nonbonded.ParticleMeshEwald selfConsistentField
WARNING: ffx.potential.utils.EnergyException:  Maximum SCF iterations reached: (1000)


Aug 02, 2026 3:40:00 AM ffx.potential.nonbonded.ParticleMeshEwald selfConsistentField
WARNING: ffx.potential.utils.EnergyException:  Maximum SCF iterations reached: (1000)


Aug 02, 2026 3:51:35 AM ffx.potential.nonbonded.ParticleMeshEwald selfConsistentField
WARNING: ffx.potential.utils.EnergyException:  Maximum SCF iterations reached: (1000)


Aug 02, 2026 4:03:12 AM ffx.potential.nonbonded.ParticleMeshEwald selfConsistentField
WARNING: ffx.potential.utils.EnergyException:  Maximum SCF iterations reached: (1000)


Aug 02, 2026 4:14:52 AM ffx.potential.nonbonded.ParticleMeshEwald selfConsistentField
WARNING: ffx.potential.utils.EnergyException:  Maximum SCF iterations reached: (1000)


Aug 02, 2026 4:25:27 AM ffx.potential.nonbonded.ParticleMeshEwald selfConsistentField
WARNING: ffx.potential.utils.EnergyException:  Maximum SCF iterations reached: (1000)


Aug 02, 2026 4:35:49 AM ffx.potential.nonbonded.ParticleMeshEwald selfConsistentField
WARNING: ffx.potential.utils.EnergyException:  Maximum SCF iterations reached: (1000)


Aug 02, 2026 4:46:13 AM ffx.potential.nonbonded.ParticleMeshEwald selfConsistentField
WARNING: ffx.potential.utils.EnergyException:  Maximum SCF iterations reached: (1000)


Aug 02, 2026 4:56:41 AM ffx.potential.nonbonded.ParticleMeshEwald selfConsistentField
WARNING: ffx.potential.utils.EnergyException:  Maximum SCF iterations reached: (1000)


Aug 02, 2026 5:07:10 AM ffx.potential.nonbonded.ParticleMeshEwald selfConsistentField
WARNING: ffx.potential.utils.EnergyException:  Maximum SCF iterations reached: (1000)


Aug 02, 2026 5:17:33 AM ffx.potential.nonbonded.ParticleMeshEwald selfConsistentField
WARNING: ffx.potential.utils.EnergyException:  Maximum SCF iterations reached: (1000)


Aug 02, 2026 5:28:00 AM ffx.potential.nonbonded.ParticleMeshEwald selfConsistentField
WARNING: ffx.potential.utils.EnergyException:  Maximum SCF iterations reached: (1000)


Aug 02, 2026 5:38:35 AM ffx.potential.nonbonded.ParticleMeshEwald selfConsistentField
WARNING: ffx.potential.utils.EnergyException:  Maximum SCF iterations reached: (1000)


Aug 02, 2026 5:49:07 AM ffx.potential.nonbonded.ParticleMeshEwald selfConsistentField
WARNING: ffx.potential.utils.EnergyException:  Maximum SCF iterations reached: (1000)


Aug 02, 2026 5:59:33 AM ffx.potential.nonbonded.ParticleMeshEwald selfConsistentField
WARNING: ffx.potential.utils.EnergyException:  Maximum SCF iterations reached: (1000)


Aug 02, 2026 6:09:58 AM ffx.potential.nonbonded.ParticleMeshEwald selfConsistentField
WARNING: ffx.potential.utils.EnergyException:  Maximum SCF iterations reached: (1000)


Aug 02, 2026 6:20:23 AM ffx.potential.nonbonded.ParticleMeshEwald selfConsistentField
WARNING: ffx.potential.utils.EnergyException:  Maximum SCF iterations reached: (1000)


Aug 02, 2026 6:30:46 AM ffx.potential.nonbonded.ParticleMeshEwald selfConsistentField
WARNING: ffx.potential.utils.EnergyException:  Maximum SCF iterations reached: (1000)


Aug 02, 2026 6:41:12 AM ffx.potential.nonbonded.ParticleMeshEwald selfConsistentField
WARNING: ffx.potential.utils.EnergyException:  Maximum SCF iterations reached: (1000)


Aug 02, 2026 6:51:38 AM ffx.potential.nonbonded.ParticleMeshEwald selfConsistentField
WARNING: ffx.potential.utils.EnergyException:  Maximum SCF iterations reached: (1000)


Aug 02, 2026 7:01:57 AM ffx.potential.nonbonded.ParticleMeshEwald selfConsistentField
WARNING: ffx.potential.utils.EnergyException:  Maximum SCF iterations reached: (1000)


Aug 02, 2026 7:12:26 AM ffx.potential.nonbonded.ParticleMeshEwald selfConsistentField
WARNING: ffx.potential.utils.EnergyException:  Maximum SCF iterations reached: (1000)


Aug 02, 2026 7:22:58 AM ffx.potential.nonbonded.ParticleMeshEwald selfConsistentField
WARNING: ffx.potential.utils.EnergyException:  Maximum SCF iterations reached: (1000)


Aug 02, 2026 7:33:25 AM ffx.potential.nonbonded.ParticleMeshEwald selfConsistentField
WARNING: ffx.potential.utils.EnergyException:  Maximum SCF iterations reached: (1000)


Aug 02, 2026 7:43:54 AM ffx.potential.nonbonded.ParticleMeshEwald selfConsistentField
WARNING: ffx.potential.utils.EnergyException:  Maximum SCF iterations reached: (1000)


Aug 02, 2026 7:54:24 AM ffx.potential.nonbonded.ParticleMeshEwald selfConsistentField
WARNING: ffx.potential.utils.EnergyException:  Maximum SCF iterations reached: (1000)


Aug 02, 2026 8:04:56 AM ffx.potential.nonbonded.ParticleMeshEwald selfConsistentField
WARNING: ffx.potential.utils.EnergyException:  Maximum SCF iterations reached: (1000)


Aug 02, 2026 8:15:30 AM ffx.potential.nonbonded.ParticleMeshEwald selfConsistentField
WARNING: ffx.potential.utils.EnergyException:  Maximum SCF iterations reached: (1000)


Aug 02, 2026 8:25:57 AM ffx.potential.nonbonded.ParticleMeshEwald selfConsistentField
WARNING: ffx.potential.utils.EnergyException:  Maximum SCF iterations reached: (1000)


Aug 02, 2026 8:36:25 AM ffx.potential.nonbonded.ParticleMeshEwald selfConsistentField
WARNING: ffx.potential.utils.EnergyException:  Maximum SCF iterations reached: (1000)


Aug 02, 2026 8:46:48 AM ffx.potential.nonbonded.ParticleMeshEwald selfConsistentField
WARNING: ffx.potential.utils.EnergyException:  Maximum SCF iterations reached: (1000)


Aug 02, 2026 8:57:09 AM ffx.potential.nonbonded.ParticleMeshEwald selfConsistentField
WARNING: ffx.potential.utils.EnergyException:  Maximum SCF iterations reached: (1000)


Aug 02, 2026 9:07:40 AM ffx.potential.nonbonded.ParticleMeshEwald selfConsistentField
WARNING: ffx.potential.utils.EnergyException:  Maximum SCF iterations reached: (1000)


Aug 02, 2026 9:18:03 AM ffx.potential.nonbonded.ParticleMeshEwald selfConsistentField
WARNING: ffx.potential.utils.EnergyException:  Maximum SCF iterations reached: (1000)


Aug 02, 2026 9:28:27 AM ffx.potential.nonbonded.ParticleMeshEwald selfConsistentField
WARNING: ffx.potential.utils.EnergyException:  Maximum SCF iterations reached: (1000)


Aug 02, 2026 9:39:01 AM ffx.potential.nonbonded.ParticleMeshEwald selfConsistentField
WARNING: ffx.potential.utils.EnergyException:  Maximum SCF iterations reached: (1000)


Aug 02, 2026 9:49:26 AM ffx.potential.nonbonded.ParticleMeshEwald selfConsistentField
WARNING: ffx.potential.utils.EnergyException:  Maximum SCF iterations reached: (1000)


Aug 02, 2026 9:59:51 AM ffx.potential.nonbonded.ParticleMeshEwald selfConsistentField
WARNING: ffx.potential.utils.EnergyException:  Maximum SCF iterations reached: (1000)


Aug 02, 2026 10:10:23 AM ffx.potential.nonbonded.ParticleMeshEwald selfConsistentField
WARNING: ffx.potential.utils.EnergyException:  Maximum SCF iterations reached: (1000)


Aug 02, 2026 10:20:51 AM ffx.potential.nonbonded.ParticleMeshEwald selfConsistentField
WARNING: ffx.potential.utils.EnergyException:  Maximum SCF iterations reached: (1000)


Aug 02, 2026 10:31:28 AM ffx.potential.nonbonded.ParticleMeshEwald selfConsistentField
WARNING: ffx.potential.utils.EnergyException:  Maximum SCF iterations reached: (1000)


Aug 02, 2026 10:42:06 AM ffx.potential.nonbonded.ParticleMeshEwald selfConsistentField
WARNING: ffx.potential.utils.EnergyException:  Maximum SCF iterations reached: (1000)


Aug 02, 2026 10:52:34 AM ffx.potential.nonbonded.ParticleMeshEwald selfConsistentField
WARNING: ffx.potential.utils.EnergyException:  Maximum SCF iterations reached: (1000)


Aug 02, 2026 11:02:59 AM ffx.potential.nonbonded.ParticleMeshEwald selfConsistentField
WARNING: ffx.potential.utils.EnergyException:  Maximum SCF iterations reached: (1000)


Aug 02, 2026 11:13:30 AM ffx.potential.nonbonded.ParticleMeshEwald selfConsistentField
WARNING: ffx.potential.utils.EnergyException:  Maximum SCF iterations reached: (1000)


Aug 02, 2026 11:23:54 AM ffx.potential.nonbonded.ParticleMeshEwald selfConsistentField
WARNING: ffx.potential.utils.EnergyException:  Maximum SCF iterations reached: (1000)


Aug 02, 2026 11:34:18 AM ffx.potential.nonbonded.ParticleMeshEwald selfConsistentField
WARNING: ffx.potential.utils.EnergyException:  Maximum SCF iterations reached: (1000)


Aug 02, 2026 11:44:57 AM ffx.potential.nonbonded.ParticleMeshEwald selfConsistentField
WARNING: ffx.potential.utils.EnergyException:  Maximum SCF iterations reached: (1000)


Aug 02, 2026 11:55:21 AM ffx.potential.nonbonded.ParticleMeshEwald selfConsistentField
WARNING: ffx.potential.utils.EnergyException:  Maximum SCF iterations reached: (1000)


Aug 02, 2026 12:05:52 PM ffx.potential.nonbonded.ParticleMeshEwald selfConsistentField
WARNING: ffx.potential.utils.EnergyException:  Maximum SCF iterations reached: (1000)


Aug 02, 2026 12:16:23 PM ffx.potential.nonbonded.ParticleMeshEwald selfConsistentField
WARNING: ffx.potential.utils.EnergyException:  Maximum SCF iterations reached: (1000)


Aug 02, 2026 12:26:48 PM ffx.potential.nonbonded.ParticleMeshEwald selfConsistentField
WARNING: ffx.potential.utils.EnergyException:  Maximum SCF iterations reached: (1000)


Aug 02, 2026 12:37:19 PM ffx.potential.nonbonded.ParticleMeshEwald selfConsistentField
WARNING: ffx.potential.utils.EnergyException:  Maximum SCF iterations reached: (1000)


Aug 02, 2026 12:47:43 PM ffx.potential.nonbonded.ParticleMeshEwald selfConsistentField
WARNING: ffx.potential.utils.EnergyException:  Maximum SCF iterations reached: (1000)


Aug 02, 2026 12:58:04 PM ffx.potential.nonbonded.ParticleMeshEwald selfConsistentField
WARNING: ffx.potential.utils.EnergyException:  Maximum SCF iterations reached: (1000)


Aug 02, 2026 1:08:31 PM ffx.potential.nonbonded.ParticleMeshEwald selfConsistentField
WARNING: ffx.potential.utils.EnergyException:  Maximum SCF iterations reached: (1000)


Aug 02, 2026 1:18:57 PM ffx.potential.nonbonded.ParticleMeshEwald selfConsistentField
WARNING: ffx.potential.utils.EnergyException:  Maximum SCF iterations reached: (1000)


Aug 02, 2026 1:29:20 PM ffx.potential.nonbonded.ParticleMeshEwald selfConsistentField
WARNING: ffx.potential.utils.EnergyException:  Maximum SCF iterations reached: (1000)


Aug 02, 2026 1:39:53 PM ffx.potential.nonbonded.ParticleMeshEwald selfConsistentField
WARNING: ffx.potential.utils.EnergyException:  Maximum SCF iterations reached: (1000)


Aug 02, 2026 1:50:18 PM ffx.potential.nonbonded.ParticleMeshEwald selfConsistentField
WARNING: ffx.potential.utils.EnergyException:  Maximum SCF iterations reached: (1000)


Aug 02, 2026 2:00:44 PM ffx.potential.nonbonded.ParticleMeshEwald selfConsistentField
WARNING: ffx.potential.utils.EnergyException:  Maximum SCF iterations reached: (1000)


Aug 02, 2026 2:11:15 PM ffx.potential.nonbonded.ParticleMeshEwald selfConsistentField
WARNING: ffx.potential.utils.EnergyException:  Maximum SCF iterations reached: (1000)


Aug 02, 2026 2:21:41 PM ffx.potential.nonbonded.ParticleMeshEwald selfConsistentField
WARNING: ffx.potential.utils.EnergyException:  Maximum SCF iterations reached: (1000)


Aug 02, 2026 2:32:03 PM ffx.potential.nonbonded.ParticleMeshEwald selfConsistentField
WARNING: ffx.potential.utils.EnergyException:  Maximum SCF iterations reached: (1000)


Aug 02, 2026 2:42:30 PM ffx.potential.nonbonded.ParticleMeshEwald selfConsistentField
WARNING: ffx.potential.utils.EnergyException:  Maximum SCF iterations reached: (1000)


Aug 02, 2026 2:52:52 PM ffx.potential.nonbonded.ParticleMeshEwald selfConsistentField
WARNING: ffx.potential.utils.EnergyException:  Maximum SCF iterations reached: (1000)


Aug 02, 2026 3:03:23 PM ffx.potential.nonbonded.ParticleMeshEwald selfConsistentField
WARNING: ffx.potential.utils.EnergyException:  Maximum SCF iterations reached: (1000)


Aug 02, 2026 3:13:53 PM ffx.potential.nonbonded.ParticleMeshEwald selfConsistentField
WARNING: ffx.potential.utils.EnergyException:  Maximum SCF iterations reached: (1000)


Aug 02, 2026 3:24:16 PM ffx.potential.nonbonded.ParticleMeshEwald selfConsistentField
WARNING: ffx.potential.utils.EnergyException:  Maximum SCF iterations reached: (1000)


Aug 02, 2026 3:34:43 PM ffx.potential.nonbonded.ParticleMeshEwald selfConsistentField
WARNING: ffx.potential.utils.EnergyException:  Maximum SCF iterations reached: (1000)


Aug 02, 2026 3:45:09 PM ffx.potential.nonbonded.ParticleMeshEwald selfConsistentField
WARNING: ffx.potential.utils.EnergyException:  Maximum SCF iterations reached: (1000)


Aug 02, 2026 3:55:36 PM ffx.potential.nonbonded.ParticleMeshEwald selfConsistentField
WARNING: ffx.potential.utils.EnergyException:  Maximum SCF iterations reached: (1000)


Aug 02, 2026 4:06:12 PM ffx.potential.nonbonded.ParticleMeshEwald selfConsistentField
WARNING: ffx.potential.utils.EnergyException:  Maximum SCF iterations reached: (1000)


Aug 02, 2026 4:16:38 PM ffx.potential.nonbonded.ParticleMeshEwald selfConsistentField
WARNING: ffx.potential.utils.EnergyException:  Maximum SCF iterations reached: (1000)


Aug 02, 2026 4:28:10 PM ffx.potential.nonbonded.ParticleMeshEwald selfConsistentField
WARNING: ffx.potential.utils.EnergyException:  Maximum SCF iterations reached: (1000)


Aug 02, 2026 4:39:49 PM ffx.potential.nonbonded.ParticleMeshEwald selfConsistentField
WARNING: ffx.potential.utils.EnergyException:  Maximum SCF iterations reached: (1000)


Aug 02, 2026 4:51:22 PM ffx.potential.nonbonded.ParticleMeshEwald selfConsistentField
WARNING: ffx.potential.utils.EnergyException:  Maximum SCF iterations reached: (1000)


Aug 02, 2026 5:02:55 PM ffx.potential.nonbonded.ParticleMeshEwald selfConsistentField
WARNING: ffx.potential.utils.EnergyException:  Maximum SCF iterations reached: (1000)


Aug 02, 2026 5:14:33 PM ffx.potential.nonbonded.ParticleMeshEwald selfConsistentField
WARNING: ffx.potential.utils.EnergyException:  Maximum SCF iterations reached: (1000)


Aug 02, 2026 5:26:15 PM ffx.potential.nonbonded.ParticleMeshEwald selfConsistentField
WARNING: ffx.potential.utils.EnergyException:  Maximum SCF iterations reached: (1000)


Aug 02, 2026 5:37:50 PM ffx.potential.nonbonded.ParticleMeshEwald selfConsistentField
WARNING: ffx.potential.utils.EnergyException:  Maximum SCF iterations reached: (1000)


Aug 02, 2026 5:49:31 PM ffx.potential.nonbonded.ParticleMeshEwald selfConsistentField
WARNING: ffx.potential.utils.EnergyException:  Maximum SCF iterations reached: (1000)


Aug 02, 2026 6:01:09 PM ffx.potential.nonbonded.ParticleMeshEwald selfConsistentField
WARNING: ffx.potential.utils.EnergyException:  Maximum SCF iterations reached: (1000)


Aug 02, 2026 6:12:46 PM ffx.potential.nonbonded.ParticleMeshEwald selfConsistentField
WARNING: ffx.potential.utils.EnergyException:  Maximum SCF iterations reached: (1000)


Aug 02, 2026 6:24:25 PM ffx.potential.nonbonded.ParticleMeshEwald selfConsistentField
WARNING: ffx.potential.utils.EnergyException:  Maximum SCF iterations reached: (1000)


Aug 02, 2026 6:36:07 PM ffx.potential.nonbonded.ParticleMeshEwald selfConsistentField
WARNING: ffx.potential.utils.EnergyException:  Maximum SCF iterations reached: (1000)


Aug 02, 2026 6:47:40 PM ffx.potential.nonbonded.ParticleMeshEwald selfConsistentField
WARNING: ffx.potential.utils.EnergyException:  Maximum SCF iterations reached: (1000)


Aug 02, 2026 6:59:18 PM ffx.potential.nonbonded.ParticleMeshEwald selfConsistentField
WARNING: ffx.potential.utils.EnergyException:  Maximum SCF iterations reached: (1000)


Aug 02, 2026 7:10:58 PM ffx.potential.nonbonded.ParticleMeshEwald selfConsistentField
WARNING: ffx.potential.utils.EnergyException:  Maximum SCF iterations reached: (1000)


Aug 02, 2026 7:22:38 PM ffx.potential.nonbonded.ParticleMeshEwald selfConsistentField
WARNING: ffx.potential.utils.EnergyException:  Maximum SCF iterations reached: (1000)


Aug 02, 2026 7:33:57 PM ffx.potential.nonbonded.ParticleMeshEwald selfConsistentField
WARNING: ffx.potential.utils.EnergyException:  Maximum SCF iterations reached: (1000)


Aug 02, 2026 7:44:28 PM ffx.potential.nonbonded.ParticleMeshEwald selfConsistentField
WARNING: ffx.potential.utils.EnergyException:  Maximum SCF iterations reached: (1000)


Aug 02, 2026 7:54:55 PM ffx.potential.nonbonded.ParticleMeshEwald selfConsistentField
WARNING: ffx.potential.utils.EnergyException:  Maximum SCF iterations reached: (1000)


Aug 02, 2026 8:05:23 PM ffx.potential.nonbonded.ParticleMeshEwald selfConsistentField
WARNING: ffx.potential.utils.EnergyException:  Maximum SCF iterations reached: (1000)


Aug 02, 2026 8:15:51 PM ffx.potential.nonbonded.ParticleMeshEwald selfConsistentField
WARNING: ffx.potential.utils.EnergyException:  Maximum SCF iterations reached: (1000)


Aug 02, 2026 8:26:17 PM ffx.potential.nonbonded.ParticleMeshEwald selfConsistentField
WARNING: ffx.potential.utils.EnergyException:  Maximum SCF iterations reached: (1000)


Aug 02, 2026 8:36:47 PM ffx.potential.nonbonded.ParticleMeshEwald selfConsistentField
WARNING: ffx.potential.utils.EnergyException:  Maximum SCF iterations reached: (1000)


Aug 02, 2026 8:47:10 PM ffx.potential.nonbonded.ParticleMeshEwald selfConsistentField
WARNING: ffx.potential.utils.EnergyException:  Maximum SCF iterations reached: (1000)


Aug 02, 2026 8:57:36 PM ffx.potential.nonbonded.ParticleMeshEwald selfConsistentField
WARNING: ffx.potential.utils.EnergyException:  Maximum SCF iterations reached: (1000)


Aug 02, 2026 9:08:48 PM ffx.potential.nonbonded.ParticleMeshEwald selfConsistentField
WARNING: ffx.potential.utils.EnergyException:  Maximum SCF iterations reached: (1000)


Aug 02, 2026 9:19:16 PM ffx.potential.nonbonded.ParticleMeshEwald selfConsistentField
WARNING: ffx.potential.utils.EnergyException:  Maximum SCF iterations reached: (1000)


Aug 02, 2026 9:29:39 PM ffx.potential.nonbonded.ParticleMeshEwald selfConsistentField
WARNING: ffx.potential.utils.EnergyException:  Maximum SCF iterations reached: (1000)


Aug 02, 2026 9:40:15 PM ffx.potential.nonbonded.ParticleMeshEwald selfConsistentField
WARNING: ffx.potential.utils.EnergyException:  Maximum SCF iterations reached: (1000)


Aug 02, 2026 9:50:39 PM ffx.potential.nonbonded.ParticleMeshEwald selfConsistentField
WARNING: ffx.potential.utils.EnergyException:  Maximum SCF iterations reached: (1000)


Aug 02, 2026 10:01:14 PM ffx.potential.nonbonded.ParticleMeshEwald selfConsistentField
WARNING: ffx.potential.utils.EnergyException:  Maximum SCF iterations reached: (1000)


Aug 02, 2026 10:11:46 PM ffx.potential.nonbonded.ParticleMeshEwald selfConsistentField
WARNING: ffx.potential.utils.EnergyException:  Maximum SCF iterations reached: (1000)


Aug 02, 2026 10:22:14 PM ffx.potential.nonbonded.ParticleMeshEwald selfConsistentField
WARNING: ffx.potential.utils.EnergyException:  Maximum SCF iterations reached: (1000)


Aug 02, 2026 10:32:41 PM ffx.potential.nonbonded.ParticleMeshEwald selfConsistentField
WARNING: ffx.potential.utils.EnergyException:  Maximum SCF iterations reached: (1000)


Aug 02, 2026 10:43:12 PM ffx.potential.nonbonded.ParticleMeshEwald selfConsistentField
WARNING: ffx.potential.utils.EnergyException:  Maximum SCF iterations reached: (1000)


Aug 02, 2026 10:53:47 PM ffx.potential.nonbonded.ParticleMeshEwald selfConsistentField
WARNING: ffx.potential.utils.EnergyException:  Maximum SCF iterations reached: (1000)


Aug 02, 2026 11:04:12 PM ffx.potential.nonbonded.ParticleMeshEwald selfConsistentField
WARNING: ffx.potential.utils.EnergyException:  Maximum SCF iterations reached: (1000)


Aug 02, 2026 11:14:42 PM ffx.potential.nonbonded.ParticleMeshEwald selfConsistentField
WARNING: ffx.potential.utils.EnergyException:  Maximum SCF iterations reached: (1000)


Aug 02, 2026 11:25:08 PM ffx.potential.nonbonded.ParticleMeshEwald selfConsistentField
WARNING: ffx.potential.utils.EnergyException:  Maximum SCF iterations reached: (1000)


Aug 02, 2026 11:35:27 PM ffx.potential.nonbonded.ParticleMeshEwald selfConsistentField
WARNING: ffx.potential.utils.EnergyException:  Maximum SCF iterations reached: (1000)


Aug 02, 2026 11:45:51 PM ffx.potential.nonbonded.ParticleMeshEwald selfConsistentField
WARNING: ffx.potential.utils.EnergyException:  Maximum SCF iterations reached: (1000)


Aug 02, 2026 11:56:16 PM ffx.potential.nonbonded.ParticleMeshEwald selfConsistentField
WARNING: ffx.potential.utils.EnergyException:  Maximum SCF iterations reached: (1000)


Aug 03, 2026 12:06:45 AM ffx.potential.nonbonded.ParticleMeshEwald selfConsistentField
WARNING: ffx.potential.utils.EnergyException:  Maximum SCF iterations reached: (1000)


Aug 03, 2026 12:17:09 AM ffx.potential.nonbonded.ParticleMeshEwald selfConsistentField
WARNING: ffx.potential.utils.EnergyException:  Maximum SCF iterations reached: (1000)


Aug 03, 2026 12:27:33 AM ffx.potential.nonbonded.ParticleMeshEwald selfConsistentField
WARNING: ffx.potential.utils.EnergyException:  Maximum SCF iterations reached: (1000)


Aug 03, 2026 12:38:08 AM ffx.potential.nonbonded.ParticleMeshEwald selfConsistentField
WARNING: ffx.potential.utils.EnergyException:  Maximum SCF iterations reached: (1000)


Aug 03, 2026 12:48:38 AM ffx.potential.nonbonded.ParticleMeshEwald selfConsistentField
WARNING: ffx.potential.utils.EnergyException:  Maximum SCF iterations reached: (1000)


Aug 03, 2026 12:59:08 AM ffx.potential.nonbonded.ParticleMeshEwald selfConsistentField
WARNING: ffx.potential.utils.EnergyException:  Maximum SCF iterations reached: (1000)


Aug 03, 2026 1:09:48 AM ffx.potential.nonbonded.ParticleMeshEwald selfConsistentField
WARNING: ffx.potential.utils.EnergyException:  Maximum SCF iterations reached: (1000)


Aug 03, 2026 1:20:14 AM ffx.potential.nonbonded.ParticleMeshEwald selfConsistentField
WARNING: ffx.potential.utils.EnergyException:  Maximum SCF iterations reached: (1000)


Aug 03, 2026 1:30:44 AM ffx.potential.nonbonded.ParticleMeshEwald selfConsistentField
WARNING: ffx.potential.utils.EnergyException:  Maximum SCF iterations reached: (1000)


Aug 03, 2026 1:41:13 AM ffx.potential.nonbonded.ParticleMeshEwald selfConsistentField
WARNING: ffx.potential.utils.EnergyException:  Maximum SCF iterations reached: (1000)


Aug 03, 2026 1:51:35 AM ffx.potential.nonbonded.ParticleMeshEwald selfConsistentField
WARNING: ffx.potential.utils.EnergyException:  Maximum SCF iterations reached: (1000)


Aug 03, 2026 2:02:05 AM ffx.potential.nonbonded.ParticleMeshEwald selfConsistentField
WARNING: ffx.potential.utils.EnergyException:  Maximum SCF iterations reached: (1000)


Aug 03, 2026 2:12:33 AM ffx.potential.nonbonded.ParticleMeshEwald selfConsistentField
WARNING: ffx.potential.utils.EnergyException:  Maximum SCF iterations reached: (1000)


Aug 03, 2026 2:23:00 AM ffx.potential.nonbonded.ParticleMeshEwald selfConsistentField
WARNING: ffx.potential.utils.EnergyException:  Maximum SCF iterations reached: (1000)


Aug 03, 2026 2:33:38 AM ffx.potential.nonbonded.ParticleMeshEwald selfConsistentField
WARNING: ffx.potential.utils.EnergyException:  Maximum SCF iterations reached: (1000)


Aug 03, 2026 2:44:05 AM ffx.potential.nonbonded.ParticleMeshEwald selfConsistentField
WARNING: ffx.potential.utils.EnergyException:  Maximum SCF iterations reached: (1000)


Aug 03, 2026 2:54:33 AM ffx.potential.nonbonded.ParticleMeshEwald selfConsistentField
WARNING: ffx.potential.utils.EnergyException:  Maximum SCF iterations reached: (1000)


Aug 03, 2026 3:04:56 AM ffx.potential.nonbonded.ParticleMeshEwald selfConsistentField
WARNING: ffx.potential.utils.EnergyException:  Maximum SCF iterations reached: (1000)


Aug 03, 2026 3:15:23 AM ffx.potential.nonbonded.ParticleMeshEwald selfConsistentField
WARNING: ffx.potential.utils.EnergyException:  Maximum SCF iterations reached: (1000)


Aug 03, 2026 3:25:50 AM ffx.potential.nonbonded.ParticleMeshEwald selfConsistentField
WARNING: ffx.potential.utils.EnergyException:  Maximum SCF iterations reached: (1000)


Aug 03, 2026 3:36:19 AM ffx.potential.nonbonded.ParticleMeshEwald selfConsistentField
WARNING: ffx.potential.utils.EnergyException:  Maximum SCF iterations reached: (1000)


Aug 03, 2026 3:46:44 AM ffx.potential.nonbonded.ParticleMeshEwald selfConsistentField
WARNING: ffx.potential.utils.EnergyException:  Maximum SCF iterations reached: (1000)


Aug 03, 2026 3:57:09 AM ffx.potential.nonbonded.ParticleMeshEwald selfConsistentField
WARNING: ffx.potential.utils.EnergyException:  Maximum SCF iterations reached: (1000)


Aug 03, 2026 4:07:44 AM ffx.potential.nonbonded.ParticleMeshEwald selfConsistentField
WARNING: ffx.potential.utils.EnergyException:  Maximum SCF iterations reached: (1000)


Aug 03, 2026 4:18:06 AM ffx.potential.nonbonded.ParticleMeshEwald selfConsistentField
WARNING: ffx.potential.utils.EnergyException:  Maximum SCF iterations reached: (1000)


Aug 03, 2026 4:28:30 AM ffx.potential.nonbonded.ParticleMeshEwald selfConsistentField
WARNING: ffx.potential.utils.EnergyException:  Maximum SCF iterations reached: (1000)


Aug 03, 2026 4:38:57 AM ffx.potential.nonbonded.ParticleMeshEwald selfConsistentField
WARNING: ffx.potential.utils.EnergyException:  Maximum SCF iterations reached: (1000)


Aug 03, 2026 4:49:17 AM ffx.potential.nonbonded.ParticleMeshEwald selfConsistentField
WARNING: ffx.potential.utils.EnergyException:  Maximum SCF iterations reached: (1000)


Aug 03, 2026 4:59:44 AM ffx.potential.nonbonded.ParticleMeshEwald selfConsistentField
WARNING: ffx.potential.utils.EnergyException:  Maximum SCF iterations reached: (1000)


Aug 03, 2026 5:10:14 AM ffx.potential.nonbonded.ParticleMeshEwald selfConsistentField
WARNING: ffx.potential.utils.EnergyException:  Maximum SCF iterations reached: (1000)


Aug 03, 2026 5:20:38 AM ffx.potential.nonbonded.ParticleMeshEwald selfConsistentField
WARNING: ffx.potential.utils.EnergyException:  Maximum SCF iterations reached: (1000)


Aug 03, 2026 5:31:02 AM ffx.potential.nonbonded.ParticleMeshEwald selfConsistentField
WARNING: ffx.potential.utils.EnergyException:  Maximum SCF iterations reached: (1000)


Aug 03, 2026 5:41:31 AM ffx.potential.nonbonded.ParticleMeshEwald selfConsistentField
WARNING: ffx.potential.utils.EnergyException:  Maximum SCF iterations reached: (1000)


Aug 03, 2026 5:51:58 AM ffx.potential.nonbonded.ParticleMeshEwald selfConsistentField
WARNING: ffx.potential.utils.EnergyException:  Maximum SCF iterations reached: (1000)


Aug 03, 2026 6:02:23 AM ffx.potential.nonbonded.ParticleMeshEwald selfConsistentField
WARNING: ffx.potential.utils.EnergyException:  Maximum SCF iterations reached: (1000)


Aug 03, 2026 6:12:52 AM ffx.potential.nonbonded.ParticleMeshEwald selfConsistentField
WARNING: ffx.potential.utils.EnergyException:  Maximum SCF iterations reached: (1000)


Aug 03, 2026 6:23:13 AM ffx.potential.nonbonded.ParticleMeshEwald selfConsistentField
WARNING: ffx.potential.utils.EnergyException:  Maximum SCF iterations reached: (1000)


Aug 03, 2026 6:33:36 AM ffx.potential.nonbonded.ParticleMeshEwald selfConsistentField
WARNING: ffx.potential.utils.EnergyException:  Maximum SCF iterations reached: (1000)


Aug 03, 2026 6:44:07 AM ffx.potential.nonbonded.ParticleMeshEwald selfConsistentField
WARNING: ffx.potential.utils.EnergyException:  Maximum SCF iterations reached: (1000)


Aug 03, 2026 6:54:33 AM ffx.potential.nonbonded.ParticleMeshEwald selfConsistentField
WARNING: ffx.potential.utils.EnergyException:  Maximum SCF iterations reached: (1000)


Aug 03, 2026 7:04:58 AM ffx.potential.nonbonded.ParticleMeshEwald selfConsistentField
WARNING: ffx.potential.utils.EnergyException:  Maximum SCF iterations reached: (1000)


Aug 03, 2026 7:15:26 AM ffx.potential.nonbonded.ParticleMeshEwald selfConsistentField
WARNING: ffx.potential.utils.EnergyException:  Maximum SCF iterations reached: (1000)


Aug 03, 2026 7:25:52 AM ffx.potential.nonbonded.ParticleMeshEwald selfConsistentField
WARNING: ffx.potential.utils.EnergyException:  Maximum SCF iterations reached: (1000)


Aug 03, 2026 7:36:21 AM ffx.potential.nonbonded.ParticleMeshEwald selfConsistentField
WARNING: ffx.potential.utils.EnergyException:  Maximum SCF iterations reached: (1000)


Aug 03, 2026 7:46:45 AM ffx.potential.nonbonded.ParticleMeshEwald selfConsistentField
WARNING: ffx.potential.utils.EnergyException:  Maximum SCF iterations reached: (1000)


Aug 03, 2026 7:57:07 AM ffx.potential.nonbonded.ParticleMeshEwald selfConsistentField
WARNING: ffx.potential.utils.EnergyException:  Maximum SCF iterations reached: (1000)


Aug 03, 2026 8:07:35 AM ffx.potential.nonbonded.ParticleMeshEwald selfConsistentField
WARNING: ffx.potential.utils.EnergyException:  Maximum SCF iterations reached: (1000)


Aug 03, 2026 8:17:59 AM ffx.potential.nonbonded.ParticleMeshEwald selfConsistentField
WARNING: ffx.potential.utils.EnergyException:  Maximum SCF iterations reached: (1000)


Aug 03, 2026 8:28:27 AM ffx.potential.nonbonded.ParticleMeshEwald selfConsistentField
WARNING: ffx.potential.utils.EnergyException:  Maximum SCF iterations reached: (1000)


Aug 03, 2026 8:39:17 AM ffx.potential.nonbonded.ParticleMeshEwald selfConsistentField
WARNING: ffx.potential.utils.EnergyException:  Maximum SCF iterations reached: (1000)


Aug 03, 2026 8:50:56 AM ffx.potential.nonbonded.ParticleMeshEwald selfConsistentField
WARNING: ffx.potential.utils.EnergyException:  Maximum SCF iterations reached: (1000)


Aug 03, 2026 9:02:47 AM ffx.potential.nonbonded.ParticleMeshEwald selfConsistentField
WARNING: ffx.potential.utils.EnergyException:  Maximum SCF iterations reached: (1000)


Aug 03, 2026 9:14:47 AM ffx.potential.nonbonded.ParticleMeshEwald selfConsistentField
WARNING: ffx.potential.utils.EnergyException:  Maximum SCF iterations reached: (1000)


Aug 03, 2026 9:26:36 AM ffx.potential.nonbonded.ParticleMeshEwald selfConsistentField
WARNING: ffx.potential.utils.EnergyException:  Maximum SCF iterations reached: (1000)


Aug 03, 2026 9:38:30 AM ffx.potential.nonbonded.ParticleMeshEwald selfConsistentField
WARNING: ffx.potential.utils.EnergyException:  Maximum SCF iterations reached: (1000)


Aug 03, 2026 9:50:20 AM ffx.potential.nonbonded.ParticleMeshEwald selfConsistentField
WARNING: ffx.potential.utils.EnergyException:  Maximum SCF iterations reached: (1000)


Aug 03, 2026 10:02:05 AM ffx.potential.nonbonded.ParticleMeshEwald selfConsistentField
WARNING: ffx.potential.utils.EnergyException:  Maximum SCF iterations reached: (1000)


Aug 03, 2026 10:13:59 AM ffx.potential.nonbonded.ParticleMeshEwald selfConsistentField
WARNING: ffx.potential.utils.EnergyException:  Maximum SCF iterations reached: (1000)


Aug 03, 2026 10:25:49 AM ffx.potential.nonbonded.ParticleMeshEwald selfConsistentField
WARNING: ffx.potential.utils.EnergyException:  Maximum SCF iterations reached: (1000)


Aug 03, 2026 10:37:47 AM ffx.potential.nonbonded.ParticleMeshEwald selfConsistentField
WARNING: ffx.potential.utils.EnergyException:  Maximum SCF iterations reached: (1000)


Aug 03, 2026 10:49:29 AM ffx.potential.nonbonded.ParticleMeshEwald selfConsistentField
WARNING: ffx.potential.utils.EnergyException:  Maximum SCF iterations reached: (1000)


Aug 03, 2026 11:01:17 AM ffx.potential.nonbonded.ParticleMeshEwald selfConsistentField
WARNING: ffx.potential.utils.EnergyException:  Maximum SCF iterations reached: (1000)


Aug 03, 2026 11:13:01 AM ffx.potential.nonbonded.ParticleMeshEwald selfConsistentField
WARNING: ffx.potential.utils.EnergyException:  Maximum SCF iterations reached: (1000)


Aug 03, 2026 11:24:53 AM ffx.potential.nonbonded.ParticleMeshEwald selfConsistentField
WARNING: ffx.potential.utils.EnergyException:  Maximum SCF iterations reached: (1000)


Aug 03, 2026 11:36:53 AM ffx.potential.nonbonded.ParticleMeshEwald selfConsistentField
WARNING: ffx.potential.utils.EnergyException:  Maximum SCF iterations reached: (1000)


Aug 03, 2026 11:48:37 AM ffx.potential.nonbonded.ParticleMeshEwald selfConsistentField
WARNING: ffx.potential.utils.EnergyException:  Maximum SCF iterations reached: (1000)


Aug 03, 2026 12:00:30 PM ffx.potential.nonbonded.ParticleMeshEwald selfConsistentField
WARNING: ffx.potential.utils.EnergyException:  Maximum SCF iterations reached: (1000)


Aug 03, 2026 12:12:19 PM ffx.potential.nonbonded.ParticleMeshEwald selfConsistentField
WARNING: ffx.potential.utils.EnergyException:  Maximum SCF iterations reached: (1000)


Aug 03, 2026 12:24:04 PM ffx.potential.nonbonded.ParticleMeshEwald selfConsistentField
WARNING: ffx.potential.utils.EnergyException:  Maximum SCF iterations reached: (1000)


Aug 03, 2026 12:35:51 PM ffx.potential.nonbonded.ParticleMeshEwald selfConsistentField
WARNING: ffx.potential.utils.EnergyException:  Maximum SCF iterations reached: (1000)


Aug 03, 2026 12:47:33 PM ffx.potential.nonbonded.ParticleMeshEwald selfConsistentField
WARNING: ffx.potential.utils.EnergyException:  Maximum SCF iterations reached: (1000)


Aug 03, 2026 12:59:27 PM ffx.potential.nonbonded.ParticleMeshEwald selfConsistentField
WARNING: ffx.potential.utils.EnergyException:  Maximum SCF iterations reached: (1000)


Aug 03, 2026 1:11:24 PM ffx.potential.nonbonded.ParticleMeshEwald selfConsistentField
WARNING: ffx.potential.utils.EnergyException:  Maximum SCF iterations reached: (1000)


Aug 03, 2026 1:23:09 PM ffx.potential.nonbonded.ParticleMeshEwald selfConsistentField
WARNING: ffx.potential.utils.EnergyException:  Maximum SCF iterations reached: (1000)


Aug 03, 2026 1:34:55 PM ffx.potential.nonbonded.ParticleMeshEwald selfConsistentField
WARNING: ffx.potential.utils.EnergyException:  Maximum SCF iterations reached: (1000)


Aug 03, 2026 1:46:40 PM ffx.potential.nonbonded.ParticleMeshEwald selfConsistentField
WARNING: ffx.potential.utils.EnergyException:  Maximum SCF iterations reached: (1000)


Aug 03, 2026 1:58:23 PM ffx.potential.nonbonded.ParticleMeshEwald selfConsistentField
WARNING: ffx.potential.utils.EnergyException:  Maximum SCF iterations reached: (1000)


Aug 03, 2026 2:09:36 PM ffx.potential.nonbonded.ParticleMeshEwald selfConsistentField
WARNING: ffx.potential.utils.EnergyException:  Maximum SCF iterations reached: (1000)


Aug 03, 2026 2:19:55 PM ffx.potential.nonbonded.ParticleMeshEwald selfConsistentField
WARNING: ffx.potential.utils.EnergyException:  Maximum SCF iterations reached: (1000)


Aug 03, 2026 2:30:18 PM ffx.potential.nonbonded.ParticleMeshEwald selfConsistentField
WARNING: ffx.potential.utils.EnergyException:  Maximum SCF iterations reached: (1000)


Aug 03, 2026 2:41:44 PM ffx.potential.nonbonded.ParticleMeshEwald selfConsistentField
WARNING: ffx.potential.utils.EnergyException:  Maximum SCF iterations reached: (1000)


Aug 03, 2026 2:53:25 PM ffx.potential.nonbonded.ParticleMeshEwald selfConsistentField
WARNING: ffx.potential.utils.EnergyException:  Maximum SCF iterations reached: (1000)


Aug 03, 2026 3:04:50 PM ffx.potential.nonbonded.ParticleMeshEwald selfConsistentField
WARNING: ffx.potential.utils.EnergyException:  Maximum SCF iterations reached: (1000)


Aug 03, 2026 3:16:43 PM ffx.potential.nonbonded.ParticleMeshEwald selfConsistentField
WARNING: ffx.potential.utils.EnergyException:  Maximum SCF iterations reached: (1000)


Aug 03, 2026 3:28:40 PM ffx.potential.nonbonded.ParticleMeshEwald selfConsistentField
WARNING: ffx.potential.utils.EnergyException:  Maximum SCF iterations reached: (1000)


Aug 03, 2026 3:40:35 PM ffx.potential.nonbonded.ParticleMeshEwald selfConsistentField
WARNING: ffx.potential.utils.EnergyException:  Maximum SCF iterations reached: (1000)


Aug 03, 2026 3:52:30 PM ffx.potential.nonbonded.ParticleMeshEwald selfConsistentField
WARNING: ffx.potential.utils.EnergyException:  Maximum SCF iterations reached: (1000)


Aug 03, 2026 4:04:27 PM ffx.potential.nonbonded.ParticleMeshEwald selfConsistentField
WARNING: ffx.potential.utils.EnergyException:  Maximum SCF iterations reached: (1000)


Aug 03, 2026 4:16:26 PM ffx.potential.nonbonded.ParticleMeshEwald selfConsistentField
WARNING: ffx.potential.utils.EnergyException:  Maximum SCF iterations reached: (1000)


Aug 03, 2026 4:28:06 PM ffx.potential.nonbonded.ParticleMeshEwald selfConsistentField
WARNING: ffx.potential.utils.EnergyException:  Maximum SCF iterations reached: (1000)


Aug 03, 2026 4:39:59 PM ffx.potential.nonbonded.ParticleMeshEwald selfConsistentField
WARNING: ffx.potential.utils.EnergyException:  Maximum SCF iterations reached: (1000)


Aug 03, 2026 4:51:54 PM ffx.potential.nonbonded.ParticleMeshEwald selfConsistentField
WARNING: ffx.potential.utils.EnergyException:  Maximum SCF iterations reached: (1000)


Aug 03, 2026 5:03:30 PM ffx.potential.nonbonded.ParticleMeshEwald selfConsistentField
WARNING: ffx.potential.utils.EnergyException:  Maximum SCF iterations reached: (1000)


Aug 03, 2026 5:14:47 PM ffx.potential.nonbonded.ParticleMeshEwald selfConsistentField
WARNING: ffx.potential.utils.EnergyException:  Maximum SCF iterations reached: (1000)


Aug 03, 2026 5:25:38 PM ffx.potential.nonbonded.ParticleMeshEwald selfConsistentField
WARNING: ffx.potential.utils.EnergyException:  Maximum SCF iterations reached: (1000)


Aug 03, 2026 5:36:51 PM ffx.potential.nonbonded.ParticleMeshEwald selfConsistentField
WARNING: ffx.potential.utils.EnergyException:  Maximum SCF iterations reached: (1000)


Aug 03, 2026 5:47:46 PM ffx.potential.nonbonded.ParticleMeshEwald selfConsistentField
WARNING: ffx.potential.utils.EnergyException:  Maximum SCF iterations reached: (1000)


Aug 03, 2026 5:59:05 PM ffx.potential.nonbonded.ParticleMeshEwald selfConsistentField
WARNING: ffx.potential.utils.EnergyException:  Maximum SCF iterations reached: (1000)


Aug 03, 2026 6:09:59 PM ffx.potential.nonbonded.ParticleMeshEwald selfConsistentField
WARNING: ffx.potential.utils.EnergyException:  Maximum SCF iterations reached: (1000)


Aug 03, 2026 6:21:29 PM ffx.potential.nonbonded.ParticleMeshEwald selfConsistentField
WARNING: ffx.potential.utils.EnergyException:  Maximum SCF iterations reached: (1000)


Aug 03, 2026 6:31:52 PM ffx.potential.nonbonded.ParticleMeshEwald selfConsistentField
WARNING: ffx.potential.utils.EnergyException:  Maximum SCF iterations reached: (1000)


Aug 03, 2026 6:41:58 PM ffx.potential.nonbonded.ParticleMeshEwald selfConsistentField
WARNING: ffx.potential.utils.EnergyException:  Maximum SCF iterations reached: (1000)


Aug 03, 2026 6:52:13 PM ffx.potential.nonbonded.ParticleMeshEwald selfConsistentField
WARNING: ffx.potential.utils.EnergyException:  Maximum SCF iterations reached: (1000)


Aug 03, 2026 7:02:49 PM ffx.potential.nonbonded.ParticleMeshEwald selfConsistentField
WARNING: ffx.potential.utils.EnergyException:  Maximum SCF iterations reached: (1000)


Aug 03, 2026 7:13:12 PM ffx.potential.nonbonded.ParticleMeshEwald selfConsistentField
WARNING: ffx.potential.utils.EnergyException:  Maximum SCF iterations reached: (1000)


Aug 03, 2026 7:23:28 PM ffx.potential.nonbonded.ParticleMeshEwald selfConsistentField
WARNING: ffx.potential.utils.EnergyException:  Maximum SCF iterations reached: (1000)


Aug 03, 2026 7:33:40 PM ffx.potential.nonbonded.ParticleMeshEwald selfConsistentField
WARNING: ffx.potential.utils.EnergyException:  Maximum SCF iterations reached: (1000)


Aug 03, 2026 7:43:57 PM ffx.potential.nonbonded.ParticleMeshEwald selfConsistentField
WARNING: ffx.potential.utils.EnergyException:  Maximum SCF iterations reached: (1000)


Aug 03, 2026 7:50:52 PM ffx.potential.nonbonded.ParticleMeshEwald selfConsistentField
WARNING: ffx.potential.utils.EnergyException:  Maximum SCF iterations reached: (1000)


Aug 03, 2026 7:57:28 PM ffx.potential.nonbonded.ParticleMeshEwald selfConsistentField
WARNING: ffx.potential.utils.EnergyException:  Maximum SCF iterations reached: (1000)


Aug 03, 2026 8:04:04 PM ffx.potential.nonbonded.ParticleMeshEwald selfConsistentField
WARNING: ffx.potential.utils.EnergyException:  Maximum SCF iterations reached: (1000)


Aug 03, 2026 8:10:55 PM ffx.potential.nonbonded.ParticleMeshEwald selfConsistentField
WARNING: ffx.potential.utils.EnergyException:  Maximum SCF iterations reached: (1000)


Aug 03, 2026 8:17:48 PM ffx.potential.nonbonded.ParticleMeshEwald selfConsistentField
WARNING: ffx.potential.utils.EnergyException:  Maximum SCF iterations reached: (1000)


Aug 03, 2026 8:24:41 PM ffx.potential.nonbonded.ParticleMeshEwald selfConsistentField
WARNING: ffx.potential.utils.EnergyException:  Maximum SCF iterations reached: (1000)


Aug 03, 2026 8:31:17 PM ffx.potential.nonbonded.ParticleMeshEwald selfConsistentField
WARNING: ffx.potential.utils.EnergyException:  Maximum SCF iterations reached: (1000)


Aug 03, 2026 8:38:08 PM ffx.potential.nonbonded.ParticleMeshEwald selfConsistentField
WARNING: ffx.potential.utils.EnergyException:  Maximum SCF iterations reached: (1000)


Aug 03, 2026 8:44:50 PM ffx.potential.nonbonded.ParticleMeshEwald selfConsistentField
WARNING: ffx.potential.utils.EnergyException:  Maximum SCF iterations reached: (1000)


Aug 03, 2026 8:52:26 PM ffx.potential.nonbonded.ParticleMeshEwald selfConsistentField
WARNING: ffx.potential.utils.EnergyException:  Maximum SCF iterations reached: (1000)


Aug 03, 2026 9:02:24 PM ffx.potential.nonbonded.ParticleMeshEwald selfConsistentField
WARNING: ffx.potential.utils.EnergyException:  Maximum SCF iterations reached: (1000)


Aug 03, 2026 9:10:29 PM ffx.potential.nonbonded.ParticleMeshEwald selfConsistentField
WARNING: ffx.potential.utils.EnergyException:  Maximum SCF iterations reached: (1000)


Aug 03, 2026 9:17:42 PM ffx.potential.nonbonded.ParticleMeshEwald selfConsistentField
WARNING: ffx.potential.utils.EnergyException:  Maximum SCF iterations reached: (1000)


Aug 03, 2026 9:27:30 PM ffx.potential.nonbonded.ParticleMeshEwald selfConsistentField
WARNING: ffx.potential.utils.EnergyException:  Maximum SCF iterations reached: (1000)


Aug 03, 2026 9:38:27 PM ffx.potential.nonbonded.ParticleMeshEwald selfConsistentField
WARNING: ffx.potential.utils.EnergyException:  Maximum SCF iterations reached: (1000)


Aug 03, 2026 9:50:04 PM ffx.potential.nonbonded.ParticleMeshEwald selfConsistentField
WARNING: ffx.potential.utils.EnergyException:  Maximum SCF iterations reached: (1000)


Aug 03, 2026 10:00:53 PM ffx.potential.nonbonded.ParticleMeshEwald selfConsistentField
WARNING: ffx.potential.utils.EnergyException:  Maximum SCF iterations reached: (1000)


Aug 03, 2026 10:11:38 PM ffx.potential.nonbonded.ParticleMeshEwald selfConsistentField
WARNING: ffx.potential.utils.EnergyException:  Maximum SCF iterations reached: (1000)


Aug 03, 2026 10:22:35 PM ffx.potential.nonbonded.ParticleMeshEwald selfConsistentField
WARNING: ffx.potential.utils.EnergyException:  Maximum SCF iterations reached: (1000)


Aug 03, 2026 10:33:32 PM ffx.potential.nonbonded.ParticleMeshEwald selfConsistentField
WARNING: ffx.potential.utils.EnergyException:  Maximum SCF iterations reached: (1000)


Aug 03, 2026 10:44:26 PM ffx.potential.nonbonded.ParticleMeshEwald selfConsistentField
WARNING: ffx.potential.utils.EnergyException:  Maximum SCF iterations reached: (1000)


Aug 03, 2026 10:55:35 PM ffx.potential.nonbonded.ParticleMeshEwald selfConsistentField
WARNING: ffx.potential.utils.EnergyException:  Maximum SCF iterations reached: (1000)


Aug 03, 2026 11:06:15 PM ffx.potential.nonbonded.ParticleMeshEwald selfConsistentField
WARNING: ffx.potential.utils.EnergyException:  Maximum SCF iterations reached: (1000)


Aug 03, 2026 11:17:00 PM ffx.potential.nonbonded.ParticleMeshEwald selfConsistentField
WARNING: ffx.potential.utils.EnergyException:  Maximum SCF iterations reached: (1000)


Aug 03, 2026 11:27:52 PM ffx.potential.nonbonded.ParticleMeshEwald selfConsistentField
WARNING: ffx.potential.utils.EnergyException:  Maximum SCF iterations reached: (1000)


Aug 03, 2026 11:38:49 PM ffx.potential.nonbonded.ParticleMeshEwald selfConsistentField
WARNING: ffx.potential.utils.EnergyException:  Maximum SCF iterations reached: (1000)


Aug 03, 2026 11:49:35 PM ffx.potential.nonbonded.ParticleMeshEwald selfConsistentField
WARNING: ffx.potential.utils.EnergyException:  Maximum SCF iterations reached: (1000)


Aug 04, 2026 12:00:37 AM ffx.potential.nonbonded.ParticleMeshEwald selfConsistentField
WARNING: ffx.potential.utils.EnergyException:  Maximum SCF iterations reached: (1000)


Aug 04, 2026 12:11:22 AM ffx.potential.nonbonded.ParticleMeshEwald selfConsistentField
WARNING: ffx.potential.utils.EnergyException:  Maximum SCF iterations reached: (1000)


Aug 04, 2026 12:22:32 AM ffx.potential.nonbonded.ParticleMeshEwald selfConsistentField
WARNING: ffx.potential.utils.EnergyException:  Maximum SCF iterations reached: (1000)


Aug 04, 2026 12:33:56 AM ffx.potential.nonbonded.ParticleMeshEwald selfConsistentField
WARNING: ffx.potential.utils.EnergyException:  Maximum SCF iterations reached: (1000)


Aug 04, 2026 12:44:48 AM ffx.potential.nonbonded.ParticleMeshEwald selfConsistentField
WARNING: ffx.potential.utils.EnergyException:  Maximum SCF iterations reached: (1000)


Aug 04, 2026 12:55:34 AM ffx.potential.nonbonded.ParticleMeshEwald selfConsistentField
WARNING: ffx.potential.utils.EnergyException:  Maximum SCF iterations reached: (1000)


Aug 04, 2026 1:06:29 AM ffx.potential.nonbonded.ParticleMeshEwald selfConsistentField
WARNING: ffx.potential.utils.EnergyException:  Maximum SCF iterations reached: (1000)


Aug 04, 2026 1:17:13 AM ffx.potential.nonbonded.ParticleMeshEwald selfConsistentField
WARNING: ffx.potential.utils.EnergyException:  Maximum SCF iterations reached: (1000)


Aug 04, 2026 1:28:11 AM ffx.potential.nonbonded.ParticleMeshEwald selfConsistentField
WARNING: ffx.potential.utils.EnergyException:  Maximum SCF iterations reached: (1000)


Aug 04, 2026 1:38:48 AM ffx.potential.nonbonded.ParticleMeshEwald selfConsistentField
WARNING: ffx.potential.utils.EnergyException:  Maximum SCF iterations reached: (1000)


Aug 04, 2026 1:49:34 AM ffx.potential.nonbonded.ParticleMeshEwald selfConsistentField
WARNING: ffx.potential.utils.EnergyException:  Maximum SCF iterations reached: (1000)


Aug 04, 2026 2:00:31 AM ffx.potential.nonbonded.ParticleMeshEwald selfConsistentField
WARNING: ffx.potential.utils.EnergyException:  Maximum SCF iterations reached: (1000)


Aug 04, 2026 2:11:32 AM ffx.potential.nonbonded.ParticleMeshEwald selfConsistentField
WARNING: ffx.potential.utils.EnergyException:  Maximum SCF iterations reached: (1000)


Aug 04, 2026 2:22:29 AM ffx.potential.nonbonded.ParticleMeshEwald selfConsistentField
WARNING: ffx.potential.utils.EnergyException:  Maximum SCF iterations reached: (1000)


Aug 04, 2026 2:33:26 AM ffx.potential.nonbonded.ParticleMeshEwald selfConsistentField
WARNING: ffx.potential.utils.EnergyException:  Maximum SCF iterations reached: (1000)


Aug 04, 2026 2:44:18 AM ffx.potential.nonbonded.ParticleMeshEwald selfConsistentField
WARNING: ffx.potential.utils.EnergyException:  Maximum SCF iterations reached: (1000)


Aug 04, 2026 2:55:52 AM ffx.potential.nonbonded.ParticleMeshEwald selfConsistentField
WARNING: ffx.potential.utils.EnergyException:  Maximum SCF iterations reached: (1000)


Aug 04, 2026 3:06:39 AM ffx.potential.nonbonded.ParticleMeshEwald selfConsistentField
WARNING: ffx.potential.utils.EnergyException:  Maximum SCF iterations reached: (1000)


Aug 04, 2026 3:17:49 AM ffx.potential.nonbonded.ParticleMeshEwald selfConsistentField
WARNING: ffx.potential.utils.EnergyException:  Maximum SCF iterations reached: (1000)


Aug 04, 2026 3:28:33 AM ffx.potential.nonbonded.ParticleMeshEwald selfConsistentField
WARNING: ffx.potential.utils.EnergyException:  Maximum SCF iterations reached: (1000)


Aug 04, 2026 3:39:20 AM ffx.potential.nonbonded.ParticleMeshEwald selfConsistentField
WARNING: ffx.potential.utils.EnergyException:  Maximum SCF iterations reached: (1000)


Aug 04, 2026 3:50:31 AM ffx.potential.nonbonded.ParticleMeshEwald selfConsistentField
WARNING: ffx.potential.utils.EnergyException:  Maximum SCF iterations reached: (1000)


Aug 04, 2026 4:01:30 AM ffx.potential.nonbonded.ParticleMeshEwald selfConsistentField
WARNING: ffx.potential.utils.EnergyException:  Maximum SCF iterations reached: (1000)


Aug 04, 2026 4:12:43 AM ffx.potential.nonbonded.ParticleMeshEwald selfConsistentField
WARNING: ffx.potential.utils.EnergyException:  Maximum SCF iterations reached: (1000)


Aug 04, 2026 4:23:24 AM ffx.potential.nonbonded.ParticleMeshEwald selfConsistentField
WARNING: ffx.potential.utils.EnergyException:  Maximum SCF iterations reached: (1000)


Aug 04, 2026 4:34:29 AM ffx.potential.nonbonded.ParticleMeshEwald selfConsistentField
WARNING: ffx.potential.utils.EnergyException:  Maximum SCF iterations reached: (1000)


Aug 04, 2026 4:45:19 AM ffx.potential.nonbonded.ParticleMeshEwald selfConsistentField
WARNING: ffx.potential.utils.EnergyException:  Maximum SCF iterations reached: (1000)


Aug 04, 2026 4:56:16 AM ffx.potential.nonbonded.ParticleMeshEwald selfConsistentField
WARNING: ffx.potential.utils.EnergyException:  Maximum SCF iterations reached: (1000)


Aug 04, 2026 5:07:05 AM ffx.potential.nonbonded.ParticleMeshEwald selfConsistentField
WARNING: ffx.potential.utils.EnergyException:  Maximum SCF iterations reached: (1000)


Aug 04, 2026 5:18:03 AM ffx.potential.nonbonded.ParticleMeshEwald selfConsistentField
WARNING: ffx.potential.utils.EnergyException:  Maximum SCF iterations reached: (1000)


Aug 04, 2026 5:29:03 AM ffx.potential.nonbonded.ParticleMeshEwald selfConsistentField
WARNING: ffx.potential.utils.EnergyException:  Maximum SCF iterations reached: (1000)


Aug 04, 2026 5:39:35 AM ffx.potential.nonbonded.ParticleMeshEwald selfConsistentField
WARNING: ffx.potential.utils.EnergyException:  Maximum SCF iterations reached: (1000)


Aug 04, 2026 5:50:05 AM ffx.potential.nonbonded.ParticleMeshEwald selfConsistentField
WARNING: ffx.potential.utils.EnergyException:  Maximum SCF iterations reached: (1000)


Aug 04, 2026 6:01:12 AM ffx.potential.nonbonded.ParticleMeshEwald selfConsistentField
WARNING: ffx.potential.utils.EnergyException:  Maximum SCF iterations reached: (1000)


Aug 04, 2026 6:12:26 AM ffx.potential.nonbonded.ParticleMeshEwald selfConsistentField
WARNING: ffx.potential.utils.EnergyException:  Maximum SCF iterations reached: (1000)


Aug 04, 2026 6:23:07 AM ffx.potential.nonbonded.ParticleMeshEwald selfConsistentField
WARNING: ffx.potential.utils.EnergyException:  Maximum SCF iterations reached: (1000)


Aug 04, 2026 6:32:39 AM ffx.potential.nonbonded.ParticleMeshEwald selfConsistentField
WARNING: ffx.potential.utils.EnergyException:  Maximum SCF iterations reached: (1000)


Aug 04, 2026 6:39:29 AM ffx.potential.nonbonded.ParticleMeshEwald selfConsistentField
WARNING: ffx.potential.utils.EnergyException:  Maximum SCF iterations reached: (1000)


Aug 04, 2026 6:46:06 AM ffx.potential.nonbonded.ParticleMeshEwald selfConsistentField
WARNING: ffx.potential.utils.EnergyException:  Maximum SCF iterations reached: (1000)


Aug 04, 2026 6:52:44 AM ffx.potential.nonbonded.ParticleMeshEwald selfConsistentField
WARNING: ffx.potential.utils.EnergyException:  Maximum SCF iterations reached: (1000)


Aug 04, 2026 6:59:22 AM ffx.potential.nonbonded.ParticleMeshEwald selfConsistentField
WARNING: ffx.potential.utils.EnergyException:  Maximum SCF iterations reached: (1000)


Aug 04, 2026 7:06:13 AM ffx.potential.nonbonded.ParticleMeshEwald selfConsistentField
WARNING: ffx.potential.utils.EnergyException:  Maximum SCF iterations reached: (1000)


Aug 04, 2026 7:12:55 AM ffx.potential.nonbonded.ParticleMeshEwald selfConsistentField
WARNING: ffx.potential.utils.EnergyException:  Maximum SCF iterations reached: (1000)


Aug 04, 2026 7:19:37 AM ffx.potential.nonbonded.ParticleMeshEwald selfConsistentField
WARNING: ffx.potential.utils.EnergyException:  Maximum SCF iterations reached: (1000)


Aug 04, 2026 7:26:18 AM ffx.potential.nonbonded.ParticleMeshEwald selfConsistentField
WARNING: ffx.potential.utils.EnergyException:  Maximum SCF iterations reached: (1000)


Aug 04, 2026 7:32:56 AM ffx.potential.nonbonded.ParticleMeshEwald selfConsistentField
WARNING: ffx.potential.utils.EnergyException:  Maximum SCF iterations reached: (1000)


Aug 04, 2026 7:39:44 AM ffx.potential.nonbonded.ParticleMeshEwald selfConsistentField
WARNING: ffx.potential.utils.EnergyException:  Maximum SCF iterations reached: (1000)


Aug 04, 2026 7:46:18 AM ffx.potential.nonbonded.ParticleMeshEwald selfConsistentField
WARNING: ffx.potential.utils.EnergyException:  Maximum SCF iterations reached: (1000)


Aug 04, 2026 7:52:56 AM ffx.potential.nonbonded.ParticleMeshEwald selfConsistentField
WARNING: ffx.potential.utils.EnergyException:  Maximum SCF iterations reached: (1000)


Aug 04, 2026 7:59:33 AM ffx.potential.nonbonded.ParticleMeshEwald selfConsistentField
WARNING: ffx.potential.utils.EnergyException:  Maximum SCF iterations reached: (1000)


Aug 04, 2026 8:06:23 AM ffx.potential.nonbonded.ParticleMeshEwald selfConsistentField
WARNING: ffx.potential.utils.EnergyException:  Maximum SCF iterations reached: (1000)


Aug 04, 2026 8:12:59 AM ffx.potential.nonbonded.ParticleMeshEwald selfConsistentField
WARNING: ffx.potential.utils.EnergyException:  Maximum SCF iterations reached: (1000)


Aug 04, 2026 8:19:37 AM ffx.potential.nonbonded.ParticleMeshEwald selfConsistentField
WARNING: ffx.potential.utils.EnergyException:  Maximum SCF iterations reached: (1000)


Aug 04, 2026 8:26:15 AM ffx.potential.nonbonded.ParticleMeshEwald selfConsistentField
WARNING: ffx.potential.utils.EnergyException:  Maximum SCF iterations reached: (1000)


Aug 04, 2026 8:32:49 AM ffx.potential.nonbonded.ParticleMeshEwald selfConsistentField
WARNING: ffx.potential.utils.EnergyException:  Maximum SCF iterations reached: (1000)


Aug 04, 2026 8:39:38 AM ffx.potential.nonbonded.ParticleMeshEwald selfConsistentField
WARNING: ffx.potential.utils.EnergyException:  Maximum SCF iterations reached: (1000)


Aug 04, 2026 8:46:15 AM ffx.potential.nonbonded.ParticleMeshEwald selfConsistentField
WARNING: ffx.potential.utils.EnergyException:  Maximum SCF iterations reached: (1000)


Aug 04, 2026 8:52:51 AM ffx.potential.nonbonded.ParticleMeshEwald selfConsistentField
WARNING: ffx.potential.utils.EnergyException:  Maximum SCF iterations reached: (1000)


Aug 04, 2026 8:59:26 AM ffx.potential.nonbonded.ParticleMeshEwald selfConsistentField
WARNING: ffx.potential.utils.EnergyException:  Maximum SCF iterations reached: (1000)


Aug 04, 2026 9:06:17 AM ffx.potential.nonbonded.ParticleMeshEwald selfConsistentField
WARNING: ffx.potential.utils.EnergyException:  Maximum SCF iterations reached: (1000)


Aug 04, 2026 9:12:52 AM ffx.potential.nonbonded.ParticleMeshEwald selfConsistentField
WARNING: ffx.potential.utils.EnergyException:  Maximum SCF iterations reached: (1000)


Aug 04, 2026 9:19:34 AM ffx.potential.nonbonded.ParticleMeshEwald selfConsistentField
WARNING: ffx.potential.utils.EnergyException:  Maximum SCF iterations reached: (1000)


Aug 04, 2026 9:26:14 AM ffx.potential.nonbonded.ParticleMeshEwald selfConsistentField
WARNING: ffx.potential.utils.EnergyException:  Maximum SCF iterations reached: (1000)


Aug 04, 2026 9:32:52 AM ffx.potential.nonbonded.ParticleMeshEwald selfConsistentField
WARNING: ffx.potential.utils.EnergyException:  Maximum SCF iterations reached: (1000)


Aug 04, 2026 9:39:40 AM ffx.potential.nonbonded.ParticleMeshEwald selfConsistentField
WARNING: ffx.potential.utils.EnergyException:  Maximum SCF iterations reached: (1000)


Aug 04, 2026 9:46:16 AM ffx.potential.nonbonded.ParticleMeshEwald selfConsistentField
WARNING: ffx.potential.utils.EnergyException:  Maximum SCF iterations reached: (1000)


Aug 04, 2026 9:52:54 AM ffx.potential.nonbonded.ParticleMeshEwald selfConsistentField
WARNING: ffx.potential.utils.EnergyException:  Maximum SCF iterations reached: (1000)


Aug 04, 2026 9:59:33 AM ffx.potential.nonbonded.ParticleMeshEwald selfConsistentField
WARNING: ffx.potential.utils.EnergyException:  Maximum SCF iterations reached: (1000)


Aug 04, 2026 10:06:28 AM ffx.potential.nonbonded.ParticleMeshEwald selfConsistentField
WARNING: ffx.potential.utils.EnergyException:  Maximum SCF iterations reached: (1000)


Aug 04, 2026 10:17:12 AM ffx.potential.nonbonded.ParticleMeshEwald selfConsistentField
WARNING: ffx.potential.utils.EnergyException:  Maximum SCF iterations reached: (1000)


Aug 04, 2026 10:27:26 AM ffx.potential.nonbonded.ParticleMeshEwald selfConsistentField
WARNING: ffx.potential.utils.EnergyException:  Maximum SCF iterations reached: (1000)


Aug 04, 2026 10:38:14 AM ffx.potential.nonbonded.ParticleMeshEwald selfConsistentField
WARNING: ffx.potential.utils.EnergyException:  Maximum SCF iterations reached: (1000)


Aug 04, 2026 10:49:52 AM ffx.potential.nonbonded.ParticleMeshEwald selfConsistentField
WARNING: ffx.potential.utils.EnergyException:  Maximum SCF iterations reached: (1000)


Aug 04, 2026 11:00:54 AM ffx.potential.nonbonded.ParticleMeshEwald selfConsistentField
WARNING: ffx.potential.utils.EnergyException:  Maximum SCF iterations reached: (1000)


Aug 04, 2026 11:12:58 AM ffx.potential.nonbonded.ParticleMeshEwald selfConsistentField
WARNING: ffx.potential.utils.EnergyException:  Maximum SCF iterations reached: (1000)


Aug 04, 2026 11:25:12 AM ffx.potential.nonbonded.ParticleMeshEwald selfConsistentField
WARNING: ffx.potential.utils.EnergyException:  Maximum SCF iterations reached: (1000)


Aug 04, 2026 11:36:51 AM ffx.potential.nonbonded.ParticleMeshEwald selfConsistentField
WARNING: ffx.potential.utils.EnergyException:  Maximum SCF iterations reached: (1000)


Aug 04, 2026 11:48:49 AM ffx.potential.nonbonded.ParticleMeshEwald selfConsistentField
WARNING: ffx.potential.utils.EnergyException:  Maximum SCF iterations reached: (1000)


Aug 04, 2026 12:00:44 PM ffx.potential.nonbonded.ParticleMeshEwald selfConsistentField
WARNING: ffx.potential.utils.EnergyException:  Maximum SCF iterations reached: (1000)


Aug 04, 2026 12:13:38 PM ffx.potential.nonbonded.ParticleMeshEwald selfConsistentField
WARNING: ffx.potential.utils.EnergyException:  Maximum SCF iterations reached: (1000)


Aug 04, 2026 12:26:39 PM ffx.potential.nonbonded.ParticleMeshEwald selfConsistentField
WARNING: ffx.potential.utils.EnergyException:  Maximum SCF iterations reached: (1000)


Aug 04, 2026 12:39:18 PM ffx.potential.nonbonded.ParticleMeshEwald selfConsistentField
WARNING: ffx.potential.utils.EnergyException:  Maximum SCF iterations reached: (1000)


Aug 04, 2026 12:51:39 PM ffx.potential.nonbonded.ParticleMeshEwald selfConsistentField
WARNING: ffx.potential.utils.EnergyException:  Maximum SCF iterations reached: (1000)


Aug 04, 2026 1:03:46 PM ffx.potential.nonbonded.ParticleMeshEwald selfConsistentField
WARNING: ffx.potential.utils.EnergyException:  Maximum SCF iterations reached: (1000)


Aug 04, 2026 1:16:51 PM ffx.potential.nonbonded.ParticleMeshEwald selfConsistentField
WARNING: ffx.potential.utils.EnergyException:  Maximum SCF iterations reached: (1000)


Aug 04, 2026 1:30:07 PM ffx.potential.nonbonded.ParticleMeshEwald selfConsistentField
WARNING: ffx.potential.utils.EnergyException:  Maximum SCF iterations reached: (1000)


Aug 04, 2026 1:43:02 PM ffx.potential.nonbonded.ParticleMeshEwald selfConsistentField
WARNING: ffx.potential.utils.EnergyException:  Maximum SCF iterations reached: (1000)


Aug 04, 2026 1:55:50 PM ffx.potential.nonbonded.ParticleMeshEwald selfConsistentField
WARNING: ffx.potential.utils.EnergyException:  Maximum SCF iterations reached: (1000)


Aug 04, 2026 2:09:15 PM ffx.potential.nonbonded.ParticleMeshEwald selfConsistentField
WARNING: ffx.potential.utils.EnergyException:  Maximum SCF iterations reached: (1000)


Aug 04, 2026 2:21:39 PM ffx.potential.nonbonded.ParticleMeshEwald selfConsistentField
WARNING: ffx.potential.utils.EnergyException:  Maximum SCF iterations reached: (1000)


Aug 04, 2026 2:34:16 PM ffx.potential.nonbonded.ParticleMeshEwald selfConsistentField
WARNING: ffx.potential.utils.EnergyException:  Maximum SCF iterations reached: (1000)


Aug 04, 2026 2:46:23 PM ffx.potential.nonbonded.ParticleMeshEwald selfConsistentField
WARNING: ffx.potential.utils.EnergyException:  Maximum SCF iterations reached: (1000)


Aug 04, 2026 2:58:19 PM ffx.potential.nonbonded.ParticleMeshEwald selfConsistentField
WARNING: ffx.potential.utils.EnergyException:  Maximum SCF iterations reached: (1000)


Aug 04, 2026 3:09:57 PM ffx.potential.nonbonded.ParticleMeshEwald selfConsistentField
WARNING: ffx.potential.utils.EnergyException:  Maximum SCF iterations reached: (1000)


Aug 04, 2026 3:21:29 PM ffx.potential.nonbonded.ParticleMeshEwald selfConsistentField
WARNING: ffx.potential.utils.EnergyException:  Maximum SCF iterations reached: (1000)


Aug 04, 2026 3:33:33 PM ffx.potential.nonbonded.ParticleMeshEwald selfConsistentField
WARNING: ffx.potential.utils.EnergyException:  Maximum SCF iterations reached: (1000)


Aug 04, 2026 3:45:28 PM ffx.potential.nonbonded.ParticleMeshEwald selfConsistentField
WARNING: ffx.potential.utils.EnergyException:  Maximum SCF iterations reached: (1000)


Aug 04, 2026 3:56:39 PM ffx.potential.nonbonded.ParticleMeshEwald selfConsistentField
WARNING: ffx.potential.utils.EnergyException:  Maximum SCF iterations reached: (1000)


