 Evaluating /Dedicated/schnieders/programs/stack-2021.1.sh
  Loading Modules
   Stack 2021.1
   GCC 9.3.0
   CMake 3.20.0
   Eigen 3.3.9
   Cuda 11.1.1
   Cuda: /usr/share/apps/2021.1/arch/gcc-9.3.0/cuda-11.1.1
   CudaNN 8.0.5.39-11.1
   Swig 4.0.2_gcc-9.3.0
  Loading software from /Dedicated/schnieders/programs/local
   Ant: /Dedicated/schnieders/programs/apache-ant-1.10.11
   FFX: /Dedicated/schnieders/programs/ffx-builds/forcefieldx-2026-01-04
   GDMA: /Dedicated/schnieders/programs/gdma-2.3
   Groovy: /Dedicated/schnieders/programs/groovy-4.0.1
   Java: /Dedicated/schnieders/programs/jdk-25.0.1
   Maven: /Dedicated/schnieders/programs/apache-maven-3.9.5
   VMD: /Dedicated/schnieders/programs/vmd
   NAMD: /Dedicated/schnieders/programs/NAMD_3.0alpha7_Linux-x86_64-multicore-CUDA
   OpenEye: /Dedicated/schnieders/programs/OpenEye
   Tinker: /Dedicated/schnieders/programs/tinker-tools
=== Rotamer job started: Tue Apr 14 19:54:47 CDT 2026 ===
PDB: /Dedicated/schnieders/maemmad/pKa_GNN/ffx_pipeline/data/fixed_pdbs/1BED/1BED_input.pdb
WARNING: Using incubator modules: jdk.incubator.vector
 _________________________________________________________________________

        FORCE FIELD X - Polyglot Software for Molecular Biophysics 

        Version 1.0.0-6991  April 2026 
        Git Revision  937dfd3f3a84d0dc91f73b0419518078a8c41842 
 
        Please cite the following reference when using Force Field X:

        RA Gogal, AJ Nessler, AC Thiel, HV Bernabe, RA Corrigan Grove,
        LM Cousineau, JM Litman, JM Miller, G Qi, MJ Speranza,
        MR Tollefson, TD Fenn, JJ Michaelson, O Okada, JP Piquemal,
        JW Ponder, J Shen, RJH Smith, W Yang, P Ren and MJ Schnieders,
        2024, Journal of Chemical Physics, 161 (1).

        Copyright (c)  Michael J. Schnieders  2001-2026
        All Rights Reserved

        Force Field X is distributed under the GPL v. 3 license
        with linking exception and is hosted by the Schnieders Lab
        at The University of Iowa.

        User Manual:   https://ffx.biochem.uiowa.edu/manual.html
        Publications:  https://ffx.biochem.uiowa.edu/publications.html
        License:       https://ffx.biochem.uiowa.edu/licenses.html

 _________________________________________________________________________

 Tue Apr 14 19:54:49 CDT 2026
 Process ID 90692 on argon-itf-bx43-02.hpc.

 Command line arguments:
 [Minimize, -e, 0.8, /Dedicated/schnieders/maemmad/pKa_GNN/ffx_pipeline/data/fixed_pdbs/1BED/1BED_input.pdb]

 Executing internal command: ffx.algorithms.commands.Minimize

 Initializing 1 topologies...
 Parsing: Internal force field (amoeba-bio-2018-cphmd).
 Parsing: Structure properties from (/Dedicated/schnieders/maemmad/pKa_GNN/ffx_pipeline/data/fixed_pdbs/1BED/1BED_input.properties).
 Parsing: JVM system properties (i.e. command line -Dkey=value pairs).

 Attempting to read force field patch from /Dedicated/schnieders/maemmad/pKa_GNN/naphosphate_solute.09Feb21.prm.

 Renumbering Patch: FALSE
 Reading 1BED_input.pdb

 Assigning atom types for 1 chains.
 Amino acid chain A
 Renumbering PDB file due to built atoms (2868 vs 1443)
 Total number of atoms: 2868

 Constructing Force Field AMOEBA-BIO-2018-CPHMD

 SMP threads:                               128
 The system will be treated as aperiodic (max separation =   59.3 A).

 Bonded Terms
  Bonds:                                   2901
  Angles:                                  5241
  Stretch-Bends:                           4637
  Out-of-Plane Bends:                      1782
  Torsions:                                7678
  Pi-Orbital Torsions:                      347
  Torsion-Torsions:                          10

 Non-Bonded Terms

  Van der Waals
   Cut-Off:                                NONE
   Long-Range Correction:                 FALSE

 Electrostatics
   Polarization:                         MUTUAL
    SCF Convergence Criteria:         1.000e-06
    SCF Predictor:                         NONE
    SCF Algorithm:                           CG
    CG Preconditioner Cut-Off:            4.500
    CG Preconditioner Ewald Coeff.:       0.000
    CG Preconditioner Scale:              2.000
    CG Preconditioner Mode:     FLETCHER_REEVES
    Electrostatics Cut-Off:                NONE

  Continuum Solvation
   Radii:                                SOLUTE
   Generalized Kirkwood Cut-Off:           NONE
   GKC:                                  2.4550
   Solvent Dielectric:                  78.3000
   Solute Dielectric:                    1.0000
   Descreen with vdW Radii:                TRUE
   Descreen with Hydrogen Atoms:          FALSE
   Descreen Offset:                      0.0000
   General HCT Scale Factor:             0.7200
   Non-Polar Model:                  GAUSS-DISP
    GaussVol Radii Offset:               0.0000
    GaussVol Radii Scale:                1.0000
   Dispersion Integral Offset:           1.0560 (A)
   Cavitation Solvent Pressure:          0.0334 (Kcal/mol/A^3)
   Cavitation Surface Tension:           0.1030 (Kcal/mol/A^2)
   Cavitation Cross-Over Radius:         9.2515 (A)

  Overall system charge:                  2.000

 Opened 1BED_input.pdb in 2.018 sec.

 System Resources
  Total CPU time:          44.52 (sec)
  System load average:     48.43
  Open file handles:         146 of  81920 allowed
  System memory:           21862 MB free out of 257653 MB
  System swap space:        2023 MB free out of   2053 MB
  JVM memory:               3896 MB free out of   4096 MB

 Minimizing energy of Single Topology  [1BED_input.pdb] 
 Setting lambda to 0.000.
 Generalized Kirkwood  -2758.43730949      0.390
 Cavitation             1774.46321784      0.589
 Dispersion            -1082.20680938      0.472

 Computed Potential Energy
  Bond Stretching            169.06987281         2901        0.017 ( 0.01228)
  Angle Bending              961.49173612         5241        0.020 ( 3.18476)
  Stretch-Bend                 5.58100323         4637        0.014
  Out-of-Plane Bend           70.24296522         1782        0.010
  Torsional Angle            205.36143480         7678        0.014
  Pi-Orbital Torsion          21.93311134          347        0.010
  Torsion-Torsion            -43.97059899           10        0.004
  Van der Waals             4865.81205489      4103136        1.062
  Atomic Multipoles        -5236.59996320      4103136
  Polarization              -824.73690651      4103136        9.887
  Solvation                -2066.18090103      4114146
  Total Potential          -1871.99619132  (Kcal/mole)       11.046 (sec)

 Limited Memory BFGS Quasi-Newton Optimization: 

 Cycle       Energy      G RMS    Delta E   Delta X    Angle  Evals     Time

     0   -1871.9962    96.1517
     1   -3418.4990    27.6211  1546.5028    0.0045     0.00      2    8.227
     2   -3806.3000    21.2813   387.8010    0.0019     7.50      3    7.504
     3   -4435.2592    13.9943   628.9591    0.0044    14.94      4    8.302
     4   -4873.4910    10.1046   438.2319    0.0045    18.12      5    6.749
     5   -5191.9472     7.8691   318.4562    0.0045    20.32      6    7.062
     6   -5440.1843     6.4104   248.2371    0.0045    18.45      7    7.616
     7   -5643.0344     4.9795   202.8501    0.0045    22.15      8    7.086
     8   -5800.4864     4.4574   157.4520    0.0045    18.55      9    6.370
     9   -5933.8490     3.3992   133.3626    0.0045    27.68     10    6.630
    10   -6040.0793     2.8782   106.2304    0.0045    22.47     11    6.686
    11   -6125.4196     2.7324    85.3402    0.0045    25.73     12    7.494
    12   -6198.2646     2.1763    72.8450    0.0045    38.16     13    6.803
    13   -6257.3347     2.3572    59.0701    0.0045    35.24     14    7.253
    14   -6309.7284     1.9682    52.3938    0.0045    49.18     15    6.728
    15   -6355.1635     2.0013    45.4351    0.0045    47.16     16    6.911
    16   -6396.3447     1.8933    41.1812    0.0045    52.83     17    8.271
    17   -6433.4796     1.7947    37.1349    0.0045    55.01     18    7.535
    18   -6467.8367     1.7886    34.3570    0.0045    55.87     19    7.060
    19   -6500.0531     1.6876    32.2164    0.0045    58.59     20    7.314
    20   -6529.9971     1.6702    29.9440    0.0045    58.93     21    7.778
    21   -6559.5284     1.5833    29.5313    0.0045    59.55     22    6.805
    22   -6586.6338     1.5991    27.1054    0.0045    60.04     23    5.389
    23   -6613.4610     1.4442    26.8272    0.0045    61.19     24    6.098
    24   -6638.5055     1.5151    25.0445    0.0045    59.55     25    5.607
    25   -6662.4277     1.3449    23.9223    0.0045    63.04     26    5.813
    26   -6685.0045     1.4201    22.5768    0.0045    60.26     27    6.290
    27   -6706.0645     1.2694    21.0600    0.0045    64.59     28    6.003
    28   -6725.3114     1.5337    19.2469    0.0045    61.77     29    6.206
    29   -6743.3669     1.3103    18.0555    0.0045    69.99     30    5.591
    30   -6760.1645     1.7397    16.7976    0.0045    65.56     31    5.094
    31   -6776.2679     1.4502    16.1034    0.0045    74.25     32    8.416
    32   -6791.6655     1.7226    15.3976    0.0045    69.59     33    6.995
    33   -6806.3246     1.3771    14.6591    0.0045    75.37     34    5.595
    34   -6820.1847     1.5453    13.8602    0.0045    71.01     35    6.796
    35   -6833.5787     1.1607    13.3940    0.0045    74.77     36    5.809
    36   -6846.4918     1.2597    12.9131    0.0045    69.34     37    8.300
    37   -6858.2773     0.9799    11.7855    0.0045    72.98     38    6.401
    38   -6870.1819     1.2924    11.9046    0.0045    66.06     39    6.582
    39   -6880.6006     0.9844    10.4187    0.0045    74.63     40    5.810
    40   -6891.5105     1.2970    10.9099    0.0045    66.99     41    5.913
    41   -6901.2487     1.0027     9.7382    0.0045    74.28     42    6.504
    42   -6911.2073     1.1833     9.9586    0.0045    66.30     43    6.287
    43   -6919.3333     1.2190     8.1260    0.0045    70.25     44    6.604
    44   -6926.8339     0.9241     7.5006    0.0028    67.52     45   14.030
    45   -6934.3659     0.9589     7.5320    0.0031    58.88     46   19.579
    46   -6941.9620     0.8330     7.5961    0.0027    58.18     47    7.817
    47   -6951.5448     0.9492     9.5828    0.0045    66.07     48    7.902
    48   -6959.7089     0.8199     8.1641    0.0045    74.26     49    7.402
    49   -6966.4701     0.9763     6.7612    0.0045    75.23     50    7.172
    50   -6973.0917     0.8779     6.6216    0.0045    78.17     51    6.821
    51   -6979.3709     0.8595     6.2792    0.0045    77.34     52    8.208
    52   -6985.3242     0.7802     5.9533    0.0045    78.17     53    7.285

 Optimization achieved convergence criteria:  0.78018
 Generalized Kirkwood  -2925.77638181      0.305
 Cavitation             1825.99935621      0.199
 Dispersion            -1133.06903879      0.263

 Computed Potential Energy
  Bond Stretching            238.49177992         2901        0.004 ( 0.01561)
  Angle Bending              582.28136981         5241        0.001 ( 2.66397)
  Stretch-Bend                 3.76692071         4637        0.001
  Out-of-Plane Bend           24.47377730         1782        0.000
  Torsional Angle            139.51550233         7678        0.001
  Pi-Orbital Torsion          20.61626339          347        0.002
  Torsion-Torsion            -50.33396104           10        0.001
  Van der Waals              473.35558395      4103136        0.144
  Atomic Multipoles        -5371.14578619      4103136
  Polarization              -813.49953894      4103136        5.122
  Solvation                -2232.84606439      4114146
  Total Potential          -6985.32415315  (Kcal/mole)        5.286 (sec)
 Setting atom names to PDB standard.
 Saving 1BED_input.pdb_2

 Script wall clock time: 403.548 (sec)
WARNING: Using incubator modules: jdk.incubator.vector
WARNING: Using incubator modules: jdk.incubator.vector
Too few resources available to assign 1 node, 1 process, and 20 CPUs per process
=== Rotamer job done: Tue Apr 14 20:03:35 CDT 2026 ===
