 Evaluating /Dedicated/schnieders/programs/stack-2021.1.sh
  Loading Modules
   Stack 2021.1
   GCC 9.3.0
   CMake 3.20.0
   Eigen 3.3.9
   Cuda 11.1.1
   Cuda: /usr/share/apps/2021.1/arch/gcc-9.3.0/cuda-11.1.1
   CudaNN 8.0.5.39-11.1
   Swig 4.0.2_gcc-9.3.0
  Loading software from /Dedicated/schnieders/programs/local
   Ant: /Dedicated/schnieders/programs/apache-ant-1.10.11
   FFX: /Dedicated/schnieders/programs/ffx-builds/forcefieldx-2026-01-04
   GDMA: /Dedicated/schnieders/programs/gdma-2.3
   Groovy: /Dedicated/schnieders/programs/groovy-4.0.1
   Java: /Dedicated/schnieders/programs/jdk-25.0.1
   Maven: /Dedicated/schnieders/programs/apache-maven-3.9.5
   VMD: /Dedicated/schnieders/programs/vmd
   NAMD: /Dedicated/schnieders/programs/NAMD_3.0alpha7_Linux-x86_64-multicore-CUDA
   OpenEye: /Dedicated/schnieders/programs/OpenEye
   Tinker: /Dedicated/schnieders/programs/tinker-tools
=== Rotamer job started: Thu Apr 16 14:57:57 CDT 2026 ===
PDB: /Dedicated/schnieders/maemmad/pKa_GNN/ffx_pipeline/data/fixed_pdbs/1STN/1STN_input.pdb
WARNING: Using incubator modules: jdk.incubator.vector
 _________________________________________________________________________

        FORCE FIELD X - Polyglot Software for Molecular Biophysics 

        Version 1.0.0-6991  April 2026 
        Git Revision  937dfd3f3a84d0dc91f73b0419518078a8c41842 
 
        Please cite the following reference when using Force Field X:

        RA Gogal, AJ Nessler, AC Thiel, HV Bernabe, RA Corrigan Grove,
        LM Cousineau, JM Litman, JM Miller, G Qi, MJ Speranza,
        MR Tollefson, TD Fenn, JJ Michaelson, O Okada, JP Piquemal,
        JW Ponder, J Shen, RJH Smith, W Yang, P Ren and MJ Schnieders,
        2024, Journal of Chemical Physics, 161 (1).

        Copyright (c)  Michael J. Schnieders  2001-2026
        All Rights Reserved

        Force Field X is distributed under the GPL v. 3 license
        with linking exception and is hosted by the Schnieders Lab
        at The University of Iowa.

        User Manual:   https://ffx.biochem.uiowa.edu/manual.html
        Publications:  https://ffx.biochem.uiowa.edu/publications.html
        License:       https://ffx.biochem.uiowa.edu/licenses.html

 _________________________________________________________________________

 Thu Apr 16 14:57:58 CDT 2026
 Process ID 5698 on argon-itf-bx43-03.hpc.

 Command line arguments:
 [Minimize, -e, 0.8, /Dedicated/schnieders/maemmad/pKa_GNN/ffx_pipeline/data/fixed_pdbs/1STN/1STN_input.pdb]

 Executing internal command: ffx.algorithms.commands.Minimize

 Initializing 1 topologies...
 Parsing: Internal force field (amoeba-bio-2018-cphmd).
 Parsing: Structure properties from (/Dedicated/schnieders/maemmad/pKa_GNN/ffx_pipeline/data/fixed_pdbs/1STN/1STN_input.properties).
 Parsing: JVM system properties (i.e. command line -Dkey=value pairs).

 Attempting to read force field patch from /Dedicated/schnieders/maemmad/pKa_GNN/naphosphate_solute.09Feb21.prm.

 Renumbering Patch: FALSE
 Reading 1STN_input.pdb

 Assigning atom types for 1 chains.
 Amino acid chain A
 Renumbering PDB file due to built atoms (2399 vs 1183)
 Total number of atoms: 2399

 Constructing Force Field AMOEBA-BIO-2018-CPHMD

 SMP threads:                               128
 The system will be treated as aperiodic (max separation =   94.3 A).

 Bonded Terms
  Bonds:                                   2420
  Angles:                                  4406
  Stretch-Bends:                           3872
  Out-of-Plane Bends:                      1350
  Torsions:                                6441
  Pi-Orbital Torsions:                      250
  Torsion-Torsions:                          10

 Non-Bonded Terms

  Van der Waals
   Cut-Off:                                NONE
   Long-Range Correction:                 FALSE

 Electrostatics
   Polarization:                         MUTUAL
    SCF Convergence Criteria:         1.000e-06
    SCF Predictor:                         NONE
    SCF Algorithm:                           CG
    CG Preconditioner Cut-Off:            4.500
    CG Preconditioner Ewald Coeff.:       0.000
    CG Preconditioner Scale:              2.000
    CG Preconditioner Mode:     FLETCHER_REEVES
    Electrostatics Cut-Off:                NONE

  Continuum Solvation
   Radii:                                SOLUTE
   Generalized Kirkwood Cut-Off:           NONE
   GKC:                                  2.4550
   Solvent Dielectric:                  78.3000
   Solute Dielectric:                    1.0000
   Descreen with vdW Radii:                TRUE
   Descreen with Hydrogen Atoms:          FALSE
   Descreen Offset:                      0.0000
   General HCT Scale Factor:             0.7200
   Non-Polar Model:                  GAUSS-DISP
    GaussVol Radii Offset:               0.0000
    GaussVol Radii Scale:                1.0000
   Dispersion Integral Offset:           1.0560 (A)
   Cavitation Solvent Pressure:          0.0334 (Kcal/mol/A^3)
   Cavitation Surface Tension:           0.1030 (Kcal/mol/A^2)
   Cavitation Cross-Over Radius:         9.2515 (A)

  Overall system charge:                 12.000

 Opened 1STN_input.pdb in 1.404 sec.

 System Resources
  Total CPU time:          57.42 (sec)
  System load average:    113.52
  Open file handles:         146 of  81920 allowed
  System memory:           92316 MB free out of 257653 MB
  System swap space:        1860 MB free out of   2053 MB
  JVM memory:               3926 MB free out of   4096 MB

 Minimizing energy of Single Topology  [1STN_input.pdb] 
 Setting lambda to 0.000.
 Generalized Kirkwood  -4326.65361717      0.258
 Cavitation             1513.61837635      0.520
 Dispersion             -998.89950560      0.216

 Computed Potential Energy
  Bond Stretching            653.25569416         2420        0.016 ( 0.02874)
  Angle Bending             6557.11144539         4406        0.010 ( 6.30202)
  Stretch-Bend                32.18233700         3872        0.006
  Out-of-Plane Bend          104.74055199         1350        0.004
  Torsional Angle            291.92255967         6441        0.005
  Pi-Orbital Torsion         100.41618637          250        0.015
  Torsion-Torsion            -46.80605774           10        0.002
  Van der Waals             8283.85277841      2869575        0.677
  Atomic Multipoles        -2954.36262805      2869575
  Polarization              -935.79154740      2869575        9.578
  Solvation                -3811.93474642      2878800
  Total Potential           8274.58657337  (Kcal/mole)       10.321 (sec)

 Limited Memory BFGS Quasi-Newton Optimization: 

 Cycle       Energy      G RMS    Delta E   Delta X    Angle  Evals     Time

     0    8274.5866   349.9543
     1    4541.3681    82.8527  3733.2184    0.0049     0.00      2    9.746
     2    3773.2273    72.8728   768.1408    0.0014    11.09      3    8.473
     3    2380.2239    59.4103  1393.0034    0.0031    19.16      4    7.472
     4     702.3780    43.8823  1677.8460    0.0049    24.11      5    6.691
     5    -521.5711    32.1307  1223.9491    0.0049    24.39      6    7.517
     6   -1427.9939    23.9227   906.4228    0.0049    25.06      7    7.552
     7   -2112.1653    18.3924   684.1714    0.0049    24.43      8    8.400
     8   -2641.0758    14.6837   528.9105    0.0049    24.42      9    7.143
     9   -3076.0686    11.7254   434.9927    0.0049    21.31     10    8.195
    10   -3423.2667     9.5444   347.1982    0.0049    20.06     11    7.274
    11   -3713.7087     7.5820   290.4419    0.0049    17.76     12    6.533
    12   -3945.8160     6.5302   232.1073    0.0049    17.49     13    6.164
    13   -4143.9794     5.3777   198.1634    0.0049    16.43     14    6.740
    14   -4312.5941     4.5276   168.6146    0.0049    13.89     15    7.349
    15   -4450.7912     4.5307   138.1971    0.0049    10.87     16    6.208
    16   -4575.8971     3.6557   125.1059    0.0049    31.52     17    6.328
    17   -4677.3590     4.1414   101.4619    0.0049    26.49     18    6.841
    18   -4771.3708     3.2446    94.0118    0.0049    45.37     19    7.525
    19   -4850.6697     3.1820    79.2989    0.0049    40.45     20    6.847
    20   -4921.8966     2.7700    71.2270    0.0049    45.21     21    7.670
    21   -4984.7278     2.4244    62.8311    0.0049    45.43     22    7.211
    22   -5038.9218     2.6671    54.1941    0.0049    44.02     23    7.450
    23   -5089.4215     2.3329    50.4997    0.0049    54.37     24    7.327
    24   -5134.2178     2.7941    44.7963    0.0049    51.43     25    6.209
    25   -5177.2200     2.4225    43.0022    0.0049    61.89     26    7.403
    26   -5216.4035     2.6181    39.1834    0.0049    59.49     27    7.460
    27   -5255.3642     2.2657    38.9607    0.0049    63.02     28    7.573
    28   -5291.3646     2.2170    36.0005    0.0049    60.82     29    6.956
    29   -5325.7808     2.0334    34.4162    0.0049    61.77     30    6.325
    30   -5359.1031     1.9345    33.3223    0.0049    59.92     31    6.255
    31   -5390.0085     1.8313    30.9054    0.0049    60.89     32    7.955
    32   -5420.3739     1.7218    30.3654    0.0049    59.47     33    7.801
    33   -5448.4483     1.6731    28.0744    0.0049    60.29     34    7.318
    34   -5476.3574     1.6772    27.9091    0.0049    58.64     35    7.498
    35   -5502.1445     1.5946    25.7871    0.0049    62.40     36    7.220
    36   -5526.5230     2.1643    24.3784    0.0049    59.07     37    7.673
    37   -5549.5804     2.0278    23.0574    0.0049    71.17     38    6.960
    38   -5573.5447     2.6112    23.9643    0.0049    65.23     39    6.930
    39   -5595.1170     2.4385    21.5724    0.0049    75.54     40    7.852
    40   -5621.0575     2.5850    25.9404    0.0049    69.32     41    7.140
    41   -5643.2683     2.2620    22.2109    0.0049    74.89     42    7.919
    42   -5666.0878     2.2844    22.8195    0.0049    71.33     43    7.487
    43   -5688.1952     1.8416    22.1074    0.0049    72.79     44    8.250
    44   -5708.3093     1.7866    20.1141    0.0049    70.22     45    8.059
    45   -5728.5267     1.4483    20.2174    0.0049    69.07     46    7.886
    46   -5746.0118     1.2962    17.4852    0.0049    68.21     47    5.792
    47   -5762.2829     1.7627    16.2711    0.0049    63.92     48    5.259
    48   -5776.7271     1.6052    14.4442    0.0049    75.22     49    7.191
    49   -5791.7652     1.6411    15.0381    0.0049    72.29     50    6.814
    50   -5805.3358     1.4607    13.5706    0.0049    75.34     51    5.675
    51   -5818.9638     1.6430    13.6280    0.0049    72.49     52    6.299
    52   -5832.1742     1.4952    13.2104    0.0049    75.93     53    5.909
    53   -5845.3407     1.6450    13.1665    0.0049    73.63     54    6.014
    54   -5858.3384     1.5108    12.9976    0.0049    76.21     55    6.616
