 Evaluating /Dedicated/schnieders/programs/stack-2021.1.sh
  Loading Modules
   Stack 2021.1
   GCC 9.3.0
   CMake 3.20.0
   Eigen 3.3.9
   Cuda 11.1.1
   Cuda: /usr/share/apps/2021.1/arch/gcc-9.3.0/cuda-11.1.1
   CudaNN 8.0.5.39-11.1
   Swig 4.0.2_gcc-9.3.0
  Loading software from /Dedicated/schnieders/programs/local
   Ant: /Dedicated/schnieders/programs/apache-ant-1.10.11
   FFX: /Dedicated/schnieders/programs/ffx-builds/forcefieldx-2026-01-04
   GDMA: /Dedicated/schnieders/programs/gdma-2.3
   Groovy: /Dedicated/schnieders/programs/groovy-4.0.1
   Java: /Dedicated/schnieders/programs/jdk-25.0.1
   Maven: /Dedicated/schnieders/programs/apache-maven-3.9.5
   VMD: /Dedicated/schnieders/programs/vmd
   NAMD: /Dedicated/schnieders/programs/NAMD_3.0alpha7_Linux-x86_64-multicore-CUDA
   OpenEye: /Dedicated/schnieders/programs/OpenEye
   Tinker: /Dedicated/schnieders/programs/tinker-tools
=== Rotamer job started: Tue Apr 14 20:11:34 CDT 2026 ===
PDB: /Dedicated/schnieders/maemmad/pKa_GNN/ffx_pipeline/data/fixed_pdbs/1KXI/1KXI_input.pdb
WARNING: Using incubator modules: jdk.incubator.vector
 _________________________________________________________________________

        FORCE FIELD X - Polyglot Software for Molecular Biophysics 

        Version 1.0.0-6991  April 2026 
        Git Revision  937dfd3f3a84d0dc91f73b0419518078a8c41842 
 
        Please cite the following reference when using Force Field X:

        RA Gogal, AJ Nessler, AC Thiel, HV Bernabe, RA Corrigan Grove,
        LM Cousineau, JM Litman, JM Miller, G Qi, MJ Speranza,
        MR Tollefson, TD Fenn, JJ Michaelson, O Okada, JP Piquemal,
        JW Ponder, J Shen, RJH Smith, W Yang, P Ren and MJ Schnieders,
        2024, Journal of Chemical Physics, 161 (1).

        Copyright (c)  Michael J. Schnieders  2001-2026
        All Rights Reserved

        Force Field X is distributed under the GPL v. 3 license
        with linking exception and is hosted by the Schnieders Lab
        at The University of Iowa.

        User Manual:   https://ffx.biochem.uiowa.edu/manual.html
        Publications:  https://ffx.biochem.uiowa.edu/publications.html
        License:       https://ffx.biochem.uiowa.edu/licenses.html

 _________________________________________________________________________

 Tue Apr 14 20:11:35 CDT 2026
 Process ID 4635 on argon-itf-bx43-02.hpc.

 Command line arguments:
 [Minimize, -e, 0.8, /Dedicated/schnieders/maemmad/pKa_GNN/ffx_pipeline/data/fixed_pdbs/1KXI/1KXI_input.pdb]

 Executing internal command: ffx.algorithms.commands.Minimize

 Initializing 1 topologies...
 Parsing: Internal force field (amoeba-bio-2018-cphmd).
 Parsing: Structure properties from (/Dedicated/schnieders/maemmad/pKa_GNN/ffx_pipeline/data/fixed_pdbs/1KXI/1KXI_input.properties).
 Parsing: JVM system properties (i.e. command line -Dkey=value pairs).

 Attempting to read force field patch from /Dedicated/schnieders/maemmad/pKa_GNN/naphosphate_solute.09Feb21.prm.

 Renumbering Patch: FALSE
 Reading 1KXI_input.pdb

 Assigning atom types for 2 chains.
 Amino acid chain A
 Amino acid chain B
 Renumbering PDB file due to built atoms (1998 vs 974)
 Total number of atoms: 1998

 Constructing Force Field AMOEBA-BIO-2018-CPHMD

 SMP threads:                               128
 The system will be treated as aperiodic (max separation =   45.9 A).

 Bonded Terms
  Bonds:                                   2020
  Angles:                                  3686
  Stretch-Bends:                           3258
  Out-of-Plane Bends:                      1098
  Torsions:                                5438
  Pi-Orbital Torsions:                      216
  Torsion-Torsions:                           4

 Non-Bonded Terms

  Van der Waals
   Cut-Off:                                NONE
   Long-Range Correction:                 FALSE

 Electrostatics
   Polarization:                         MUTUAL
    SCF Convergence Criteria:         1.000e-06
    SCF Predictor:                         NONE
    SCF Algorithm:                           CG
    CG Preconditioner Cut-Off:            4.500
    CG Preconditioner Ewald Coeff.:       0.000
    CG Preconditioner Scale:              2.000
    CG Preconditioner Mode:     FLETCHER_REEVES
    Electrostatics Cut-Off:                NONE

  Continuum Solvation
   Radii:                                SOLUTE
   Generalized Kirkwood Cut-Off:           NONE
   GKC:                                  2.4550
   Solvent Dielectric:                  78.3000
   Solute Dielectric:                    1.0000
   Descreen with vdW Radii:                TRUE
   Descreen with Hydrogen Atoms:          FALSE
   Descreen Offset:                      0.0000
   General HCT Scale Factor:             0.7200
   Non-Polar Model:                  GAUSS-DISP
    GaussVol Radii Offset:               0.0000
    GaussVol Radii Scale:                1.0000
   Dispersion Integral Offset:           1.0560 (A)
   Cavitation Solvent Pressure:          0.0334 (Kcal/mol/A^3)
   Cavitation Surface Tension:           0.1030 (Kcal/mol/A^2)
   Cavitation Cross-Over Radius:         9.2515 (A)

  Overall system charge:                 20.000

 Opened 1KXI_input.pdb in 1.647 sec.

 System Resources
  Total CPU time:          89.32 (sec)
  System load average:    140.45
  Open file handles:         146 of  81920 allowed
  System memory:           16927 MB free out of 257653 MB
  System swap space:        2023 MB free out of   2053 MB
  JVM memory:               3952 MB free out of   4096 MB

 Minimizing energy of Single Topology  [1KXI_input.pdb] 
 Setting lambda to 0.000.
 Generalized Kirkwood  -5622.51447181      0.189
 Cavitation             1255.37016202      0.266
 Dispersion             -831.80090671      0.140

 Computed Potential Energy
  Bond Stretching            135.80006206         2020        0.018 ( 0.01330)
  Angle Bending              495.60953423         3686        0.013 ( 2.83726)
  Stretch-Bend                 5.34044258         3258        0.005
  Out-of-Plane Bend           67.76723419         1098        0.007
  Torsional Angle            340.27748958         5438        0.006
  Pi-Orbital Torsion          61.49261580          216        0.002
  Torsion-Torsion            -10.11889424            4        0.006
  Van der Waals             3000.67925242      1989297        0.512
  Atomic Multipoles          685.58134432      1989297
  Polarization              -791.41876534      1989297        4.492
  Solvation                -5198.94521650      1997001
  Total Potential          -1207.93490090  (Kcal/mole)        5.066 (sec)

 Limited Memory BFGS Quasi-Newton Optimization: 

 Cycle       Energy      G RMS    Delta E   Delta X    Angle  Evals     Time

     0   -1207.9349    37.3421
     1   -2103.1242    20.4272   895.1893    0.0054     0.00      2    2.009
     2   -2616.8811    12.4265   513.7570    0.0054     9.29      3    1.816
     3   -2941.6011     8.4088   324.7200    0.0054    13.60      4    5.480
     4   -3164.6621     6.1395   223.0610    0.0054    16.08      5    3.867
     5   -3322.8834     5.1908   158.2213    0.0054    13.95      6    4.083
     6   -3452.3099     3.5831   129.4265    0.0054    25.39      7    4.641
     7   -3547.5869     3.2412    95.2769    0.0054    14.67      8    4.305
     8   -3624.0828     2.7981    76.4959    0.0054    29.18      9    5.168
     9   -3686.2517     2.2218    62.1689    0.0054    36.61     10    5.216
    10   -3735.0943     2.4496    48.8427    0.0054    35.69     11    5.286
    11   -3777.0400     2.1321    41.9457    0.0054    51.42     12    5.023
    12   -3812.5191     2.1419    35.4790    0.0054    52.32     13    5.051
    13   -3843.9140     2.0019    31.3949    0.0054    58.08     14    4.759
    14   -3871.9394     2.0659    28.0254    0.0054    59.16     15    5.485
    15   -3898.3507     1.8566    26.4113    0.0054    62.80     16    4.579
    16   -3922.7545     1.9110    24.4038    0.0054    61.45     17    5.452
    17   -3946.0169     1.6980    23.2623    0.0054    64.28     18    5.785
    18   -3968.6382     1.8861    22.6213    0.0054    60.62     19    4.484
    19   -3989.8289     1.6066    21.1907    0.0054    66.67     20    5.103
    20   -4009.3942     2.0110    19.5653    0.0054    62.55     21    4.631
    21   -4028.2167     1.7182    18.8225    0.0054    70.68     22    5.193
    22   -4045.6253     2.3099    17.4086    0.0054    66.05     23    4.937
    23   -4062.7994     1.9210    17.1740    0.0054    74.65     24    4.101
    24   -4079.3984     2.3447    16.5990    0.0054    69.95     25    3.927
    25   -4095.7131     1.8321    16.3147    0.0054    75.52     26    4.739
    26   -4111.7478     1.8872    16.0347    0.0054    70.68     27    5.120
    27   -4126.6686     1.4088    14.9208    0.0054    73.04     28    4.996
    28   -4141.4604     1.5467    14.7917    0.0054    66.43     29    5.358
    29   -4154.2264     1.2726    12.7660    0.0054    71.56     30    4.716
    30   -4167.6307     1.4949    13.4043    0.0054    65.72     31    4.473
    31   -4178.9863     1.3076    11.3557    0.0054    72.70     32    5.170
    32   -4191.6558     1.5396    12.6695    0.0054    67.30     33    4.840
    33   -4202.8569     1.3129    11.2011    0.0054    72.97     34    4.585
    34   -4215.4060     1.4210    12.5491    0.0054    66.46     35    5.429
    35   -4226.5757     1.2953    11.1698    0.0054    69.55     36    4.022
    36   -4237.7005     1.4751    11.1248    0.0054    63.74     37    4.846
    37   -4246.4015     1.6046     8.7009    0.0047    65.35     38    4.386
    38   -4254.6873     1.1209     8.2858    0.0023    59.46     39    3.550
    39   -4265.1066     1.1556    10.4193    0.0040    51.48     40    4.677
    40   -4274.4788     1.4563     9.3722    0.0054    65.56     41    5.231
    41   -4283.2685     1.2710     8.7897    0.0054    76.97     42    4.834
    42   -4291.4054     1.0587     8.1369    0.0054    76.61     43    4.758
    43   -4298.8223     1.0352     7.4169    0.0054    75.50     44    3.641
    44   -4305.6775     0.9301     6.8552    0.0054    76.53     45    3.808
    45   -4312.0176     0.9516     6.3402    0.0054    76.00     46    4.638
    46   -4318.0309     0.8972     6.0133    0.0054    77.17     47    4.758
    47   -4323.6400     0.8771     5.6091    0.0054    77.19     48    3.847
    48   -4329.3647     0.8849     5.7247    0.0054    76.50     49    4.398
    49   -4334.7018     0.8058     5.3371    0.0054    77.57     50    4.595
    50   -4339.9367     0.8408     5.2348    0.0054    76.34     51    4.054
    51   -4345.2321     0.8068     5.2955    0.0054    76.76     52    3.606
    52   -4350.0686     0.7456     4.8364    0.0054    77.22     53    4.831

 Optimization achieved convergence criteria:  0.74560
 Generalized Kirkwood  -5701.49537511      0.169
 Cavitation             1301.63591167      0.220
 Dispersion             -890.80385140      0.153

 Computed Potential Energy
  Bond Stretching            176.17708261         2020        0.010 ( 0.01618)
  Angle Bending              391.85788118         3686        0.004 ( 2.63808)
  Stretch-Bend                 2.97540686         3258        0.006
  Out-of-Plane Bend           21.45147403         1098        0.008
  Torsional Angle            241.20232810         5438        0.004
  Pi-Orbital Torsion          21.27916369          216        0.012
  Torsion-Torsion            -12.35481051            4        0.005
  Van der Waals              418.84730372      1989297        0.094
  Atomic Multipoles          420.34167513      1989297
  Polarization              -741.18277054      1989297        3.160
  Solvation                -5290.66331484      1997001
  Total Potential          -4350.06858057  (Kcal/mole)        3.319 (sec)
 Setting atom names to PDB standard.
 Saving 1KXI_input.pdb_2

 Script wall clock time: 252.881 (sec)
WARNING: Using incubator modules: jdk.incubator.vector
WARNING: Using incubator modules: jdk.incubator.vector
Too few resources available to assign 1 node, 1 process, and 20 CPUs per process
=== Rotamer job done: Tue Apr 14 20:18:25 CDT 2026 ===
