 Evaluating /Dedicated/schnieders/programs/stack-2021.1.sh
  Loading Modules
   Stack 2021.1
   GCC 9.3.0
   CMake 3.20.0
   Eigen 3.3.9
   Cuda 11.1.1
   Cuda: /usr/share/apps/2021.1/arch/gcc-9.3.0/cuda-11.1.1
   CudaNN 8.0.5.39-11.1
   Swig 4.0.2_gcc-9.3.0
  Loading software from /Dedicated/schnieders/programs/local
   Ant: /Dedicated/schnieders/programs/apache-ant-1.10.11
   FFX: /Dedicated/schnieders/programs/ffx-builds/forcefieldx-2026-01-04
   GDMA: /Dedicated/schnieders/programs/gdma-2.3
   Groovy: /Dedicated/schnieders/programs/groovy-4.0.1
   Java: /Dedicated/schnieders/programs/jdk-25.0.1
   Maven: /Dedicated/schnieders/programs/apache-maven-3.9.5
   VMD: /Dedicated/schnieders/programs/vmd
   NAMD: /Dedicated/schnieders/programs/NAMD_3.0alpha7_Linux-x86_64-multicore-CUDA
   OpenEye: /Dedicated/schnieders/programs/OpenEye
   Tinker: /Dedicated/schnieders/programs/tinker-tools
=== Rotamer job started: Tue Apr 14 20:15:24 CDT 2026 ===
PDB: /Dedicated/schnieders/maemmad/pKa_GNN/ffx_pipeline/data/fixed_pdbs/1L54/1L54_input.pdb
WARNING: Using incubator modules: jdk.incubator.vector
 _________________________________________________________________________

        FORCE FIELD X - Polyglot Software for Molecular Biophysics 

        Version 1.0.0-6991  April 2026 
        Git Revision  937dfd3f3a84d0dc91f73b0419518078a8c41842 
 
        Please cite the following reference when using Force Field X:

        RA Gogal, AJ Nessler, AC Thiel, HV Bernabe, RA Corrigan Grove,
        LM Cousineau, JM Litman, JM Miller, G Qi, MJ Speranza,
        MR Tollefson, TD Fenn, JJ Michaelson, O Okada, JP Piquemal,
        JW Ponder, J Shen, RJH Smith, W Yang, P Ren and MJ Schnieders,
        2024, Journal of Chemical Physics, 161 (1).

        Copyright (c)  Michael J. Schnieders  2001-2026
        All Rights Reserved

        Force Field X is distributed under the GPL v. 3 license
        with linking exception and is hosted by the Schnieders Lab
        at The University of Iowa.

        User Manual:   https://ffx.biochem.uiowa.edu/manual.html
        Publications:  https://ffx.biochem.uiowa.edu/publications.html
        License:       https://ffx.biochem.uiowa.edu/licenses.html

 _________________________________________________________________________

 Tue Apr 14 20:15:25 CDT 2026
 Process ID 111545 on argon-itf-bx43-03.hpc.

 Command line arguments:
 [Minimize, -e, 0.8, /Dedicated/schnieders/maemmad/pKa_GNN/ffx_pipeline/data/fixed_pdbs/1L54/1L54_input.pdb]

 Executing internal command: ffx.algorithms.commands.Minimize

 Initializing 1 topologies...
 Parsing: Internal force field (amoeba-bio-2018-cphmd).
 Parsing: Structure properties from (/Dedicated/schnieders/maemmad/pKa_GNN/ffx_pipeline/data/fixed_pdbs/1L54/1L54_input.properties).
 Parsing: JVM system properties (i.e. command line -Dkey=value pairs).

 Attempting to read force field patch from /Dedicated/schnieders/maemmad/pKa_GNN/naphosphate_solute.09Feb21.prm.

 Renumbering Patch: FALSE
 Reading 1L54_input.pdb

 Assigning atom types for 1 chains.
 Amino acid chain A
 Renumbering PDB file due to built atoms (2651 vs 1310)
 Total number of atoms: 2651

 Constructing Force Field AMOEBA-BIO-2018-CPHMD

 SMP threads:                                20
 The system will be treated as aperiodic (max separation =   58.1 A).

 Bonded Terms
  Bonds:                                   2671
  Angles:                                  4825
  Stretch-Bends:                           4227
  Out-of-Plane Bends:                      1587
  Torsions:                                7031
  Pi-Orbital Torsions:                      281
  Torsion-Torsions:                          11

 Non-Bonded Terms

  Van der Waals
   Cut-Off:                                NONE
   Long-Range Correction:                 FALSE

 Electrostatics
   Polarization:                         MUTUAL
    SCF Convergence Criteria:         1.000e-06
    SCF Predictor:                         NONE
    SCF Algorithm:                           CG
    CG Preconditioner Cut-Off:            4.500
    CG Preconditioner Ewald Coeff.:       0.000
    CG Preconditioner Scale:              2.000
    CG Preconditioner Mode:     FLETCHER_REEVES
    Electrostatics Cut-Off:                NONE

  Continuum Solvation
   Radii:                                SOLUTE
   Generalized Kirkwood Cut-Off:           NONE
   GKC:                                  2.4550
   Solvent Dielectric:                  78.3000
   Solute Dielectric:                    1.0000
   Descreen with vdW Radii:                TRUE
   Descreen with Hydrogen Atoms:          FALSE
   Descreen Offset:                      0.0000
   General HCT Scale Factor:             0.7200
   Non-Polar Model:                  GAUSS-DISP
    GaussVol Radii Offset:               0.0000
    GaussVol Radii Scale:                1.0000
   Dispersion Integral Offset:           1.0560 (A)
   Cavitation Solvent Pressure:          0.0334 (Kcal/mol/A^3)
   Cavitation Surface Tension:           0.1030 (Kcal/mol/A^2)
   Cavitation Cross-Over Radius:         9.2515 (A)

  Overall system charge:                 10.000

 Opened 1L54_input.pdb in 1.114 sec.

 System Resources
  Total CPU time:          16.95 (sec)
  System load average:    301.62
  Open file handles:         146 of  81920 allowed
  System memory:           38106 MB free out of  38960 MB
  System swap space:        1858 MB free out of   2053 MB
  JVM memory:               4016 MB free out of   4096 MB

 Minimizing energy of Single Topology  [1L54_input.pdb] 
 Setting lambda to 0.000.
 Generalized Kirkwood  -2941.97831596      0.274
 Cavitation             1586.54099502      0.349
 Dispersion             -942.33656202      0.312

 Computed Potential Energy
  Bond Stretching            306.68233273         2671        0.002 ( 0.01627)
  Angle Bending              854.58094546         4825        0.011 ( 3.30707)
  Stretch-Bend                12.26844356         4227        0.004
  Out-of-Plane Bend          108.54569153         1587        0.003
  Torsional Angle            203.80849417         7031        0.006
  Pi-Orbital Torsion          44.65924502          281        0.003
  Torsion-Torsion            -53.11224565           11        0.003
  Van der Waals             1962.75442263      3505079        0.652
  Atomic Multipoles        -4389.95226153      3505079
  Polarization              -814.18752919      3505079        5.201
  Solvation                -2297.77388296      3515226
  Total Potential          -4061.72634425  (Kcal/mole)        5.888 (sec)

 Limited Memory BFGS Quasi-Newton Optimization: 

 Cycle       Energy      G RMS    Delta E   Delta X    Angle  Evals     Time

     0   -4061.7263    14.9249
     1   -4427.4947     8.3321   365.7684    0.0047     0.00      2    3.109
     2   -4658.1688     7.4540   230.6740    0.0047    18.31      3    3.086
     3   -4855.4831     6.9124   197.3143    0.0047    35.30      4    2.939
     4   -5022.1184     6.8988   166.6353    0.0047    41.09      5    2.868
     5   -5175.4538     5.5776   153.3354    0.0047    47.78      6    2.717
     6   -5300.2048     5.0162   124.7510    0.0047    47.07      7    2.902
     7   -5406.8020     4.1911   106.5972    0.0047    49.10      8    3.077
     8   -5497.1366     3.4115    90.3346    0.0047    49.04      9    3.033
     9   -5570.6536     3.2124    73.5170    0.0047    47.84     10    3.124
    10   -5636.2299     2.5587    65.5762    0.0047    51.36     11    3.056
    11   -5690.8409     2.4571    54.6110    0.0047    49.01     12    2.816
    12   -5741.1250     2.2698    50.2841    0.0047    50.21     13    3.091
    13   -5784.6682     2.1134    43.5431    0.0047    54.72     14    3.095
    14   -5823.7393     2.8999    39.0711    0.0047    52.08     15    2.917
    15   -5861.1264     2.7012    37.3871    0.0047    67.48     16    2.902
    16   -5897.5681     3.2193    36.4417    0.0047    64.04     17    3.003
    17   -5933.7601     2.9079    36.1920    0.0047    70.82     18    2.790
    18   -5969.2867     2.9968    35.5266    0.0047    67.54     19    2.812
    19   -6004.0780     2.5931    34.7913    0.0047    70.27     20    3.085
    20   -6037.5403     2.5958    33.4623    0.0047    67.04     21    3.011
    21   -6069.4548     2.1211    31.9145    0.0047    68.90     22    2.904
    22   -6098.2045     2.0768    28.7497    0.0047    65.90     23    3.086
    23   -6124.6598     1.6783    26.4552    0.0047    67.62     24    2.735
    24   -6148.1032     1.4895    23.4435    0.0047    64.96     25    2.755
    25   -6168.5871     1.3522    20.4839    0.0047    64.78     26    3.060
    26   -6186.8127     1.1044    18.2256    0.0047    65.39     27    3.100
    27   -6201.9903     1.1849    15.1776    0.0047    64.01     28    2.992
    28   -6216.1619     1.0304    14.1716    0.0047    67.58     29    2.863
    29   -6227.9543     1.0449    11.7924    0.0047    68.38     30    2.860
    30   -6239.7404     1.2826    11.7861    0.0047    67.28     31    2.740
    31   -6250.4500     1.1565    10.7096    0.0047    74.67     32    2.706
    32   -6260.4683     1.9393    10.0183    0.0047    70.13     33    3.000
    33   -6272.1211     1.6422    11.6528    0.0047    79.18     34    3.083
    34   -6284.7625     1.6875    12.6415    0.0047    74.94     35    3.012
    35   -6298.9166     1.2139    14.1540    0.0047    74.63     36    2.879
    36   -6312.8612     1.1966    13.9446    0.0047    67.85     37    2.812
    37   -6326.2454     1.0964    13.3842    0.0047    66.84     38    2.826
    38   -6338.2527     1.0182    12.0073    0.0047    67.23     39    2.898
    39   -6346.4871     1.4232     8.2344    0.0047    68.58     40    2.953
    40   -6356.2249     1.0886     9.7378    0.0047    73.32     41    3.031
    41   -6364.0642     1.2128     7.8393    0.0035    65.20     42    2.993
    42   -6374.3072     0.8997    10.2431    0.0037    66.19     43    2.729
    43   -6381.7781     2.3299     7.4708    0.0047    54.56     44    2.872
    44   -6392.3525     1.1179    10.5744    0.0024    70.31     45    2.878
    45   -6402.6528     0.8753    10.3003    0.0047    70.11     46    2.922
    46   -6409.4532     1.0614     6.8004    0.0047    75.38     47    2.990
    47   -6415.5692     1.1327     6.1160    0.0047    78.62     48    2.878
    48   -6421.2252     1.0051     5.6559    0.0047    81.02     49    3.025
    49   -6426.7409     1.2304     5.5157    0.0047    79.23     50    2.787
    50   -6432.4712     1.0049     5.7303    0.0047    81.79     51    2.911
    51   -6438.2680     0.9666     5.7968    0.0047    79.43     52    2.896
    52   -6444.1797     0.7458     5.9117    0.0047    79.17     53    2.923

 Optimization achieved convergence criteria:  0.74582
 Generalized Kirkwood  -3155.77531693      0.119
 Cavitation             1650.30247123      0.089
 Dispersion             -998.73151850      0.172

 Computed Potential Energy
  Bond Stretching            230.42703449         2671        0.000 ( 0.01606)
  Angle Bending              603.92109144         4825        0.000 ( 2.85835)
  Stretch-Bend                 5.24374673         4227        0.000
  Out-of-Plane Bend           23.30803458         1587        0.000
  Torsional Angle            111.27311449         7031        0.000
  Pi-Orbital Torsion          23.06244952          281        0.000
  Torsion-Torsion            -60.43651270           11        0.000
  Van der Waals              385.78739830      3505079        0.021
  Atomic Multipoles        -4453.20355894      3505079
  Polarization              -809.35815448      3505079        1.975
  Solvation                -2504.20436421      3515226
  Total Potential          -6444.17972078  (Kcal/mole)        1.997 (sec)
 Setting atom names to PDB standard.
 Saving 1L54_input.pdb_2

 Script wall clock time: 167.043 (sec)
WARNING: Using incubator modules: jdk.incubator.vector
WARNING: Using incubator modules: jdk.incubator.vector
Too few resources available to assign 1 node, 1 process, and 20 CPUs per process
=== Rotamer job done: Tue Apr 14 20:20:56 CDT 2026 ===
