Tue Apr 14 19:56:04 CDT 2026 Started Parallel Java v20120620
Tue Apr 14 19:56:04 CDT 2026 Job Scheduler at /127.0.0.1:20618
Tue Apr 14 19:56:04 CDT 2026 Web interface at /127.0.0.1:8081
Tue Apr 14 19:56:04 CDT 2026 Backend node0 at argon-itf-bx43-03.hpc, 1 CPU
Tue Apr 14 19:56:04 CDT 2026 Backend node1 at argon-itf-bx43-03.hpc, 1 CPU
Tue Apr 14 19:56:04 CDT 2026 Backend node2 at argon-itf-bx43-03.hpc, 1 CPU
Tue Apr 14 19:56:04 CDT 2026 Backend node3 at argon-itf-bx43-03.hpc, 1 CPU
Tue Apr 14 19:56:04 CDT 2026 Backend node4 at argon-itf-bx43-03.hpc, 1 CPU
Tue Apr 14 19:56:04 CDT 2026 Backend node5 at argon-itf-bx43-03.hpc, 1 CPU
Tue Apr 14 19:56:04 CDT 2026 Backend node6 at argon-itf-bx43-03.hpc, 1 CPU
Tue Apr 14 19:56:04 CDT 2026 Backend node7 at argon-itf-bx43-03.hpc, 1 CPU
Tue Apr 14 19:56:04 CDT 2026 Backend node8 at argon-itf-bx43-03.hpc, 1 CPU
Tue Apr 14 19:56:04 CDT 2026 Backend node9 at argon-itf-bx43-03.hpc, 1 CPU
Tue Apr 14 19:56:04 CDT 2026 Backend node10 at argon-itf-bx43-03.hpc, 1 CPU
Tue Apr 14 19:56:04 CDT 2026 Backend node11 at argon-itf-bx43-03.hpc, 1 CPU
Tue Apr 14 19:56:04 CDT 2026 Backend node12 at argon-itf-bx43-03.hpc, 1 CPU
Tue Apr 14 19:56:04 CDT 2026 Backend node13 at argon-itf-bx43-03.hpc, 1 CPU
Tue Apr 14 19:56:04 CDT 2026 Backend node14 at argon-itf-bx43-03.hpc, 1 CPU
Tue Apr 14 19:56:04 CDT 2026 Backend node15 at argon-itf-bx43-03.hpc, 1 CPU
Tue Apr 14 19:56:04 CDT 2026 Backend node16 at argon-itf-bx43-03.hpc, 1 CPU
Tue Apr 14 19:56:04 CDT 2026 Backend node17 at argon-itf-bx43-03.hpc, 1 CPU
Tue Apr 14 19:56:04 CDT 2026 Backend node18 at argon-itf-bx43-03.hpc, 1 CPU
Tue Apr 14 19:56:04 CDT 2026 Backend node19 at argon-itf-bx43-03.hpc, 1 CPU
Tue Apr 14 19:56:31 CDT 2026 Job 1 queued, username=maemmad, nn=1, np=1, nt=20
Tue Apr 14 19:56:31 CDT 2026 Job 1 canceled: Too few resources available to assign 1 node, 1 process, and 20 CPUs per process
Tue Apr 14 19:56:32 CDT 2026 Job 2 queued, username=maemmad, nn=1, np=1, nt=20
Tue Apr 14 19:56:32 CDT 2026 Job 2 canceled: Too few resources available to assign 1 node, 1 process, and 20 CPUs per process
Tue Apr 14 20:04:24 CDT 2026 Started Parallel Java v20120620
Tue Apr 14 20:04:24 CDT 2026 Job Scheduler at /127.0.0.1:20618
Tue Apr 14 20:04:24 CDT 2026 Web interface at /127.0.0.1:8081
Tue Apr 14 20:04:24 CDT 2026 Backend node0 at argon-itf-bx54-12.hpc, 1 CPU
Tue Apr 14 20:04:24 CDT 2026 Backend node1 at argon-itf-bx54-12.hpc, 1 CPU
Tue Apr 14 20:04:24 CDT 2026 Backend node2 at argon-itf-bx54-12.hpc, 1 CPU
Tue Apr 14 20:04:24 CDT 2026 Backend node3 at argon-itf-bx54-12.hpc, 1 CPU
Tue Apr 14 20:04:24 CDT 2026 Backend node4 at argon-itf-bx54-12.hpc, 1 CPU
Tue Apr 14 20:04:24 CDT 2026 Backend node5 at argon-itf-bx54-12.hpc, 1 CPU
Tue Apr 14 20:04:24 CDT 2026 Backend node6 at argon-itf-bx54-12.hpc, 1 CPU
Tue Apr 14 20:04:24 CDT 2026 Backend node7 at argon-itf-bx54-12.hpc, 1 CPU
Tue Apr 14 20:04:24 CDT 2026 Backend node8 at argon-itf-bx54-12.hpc, 1 CPU
Tue Apr 14 20:04:24 CDT 2026 Backend node9 at argon-itf-bx54-12.hpc, 1 CPU
Tue Apr 14 20:04:24 CDT 2026 Backend node10 at argon-itf-bx54-12.hpc, 1 CPU
Tue Apr 14 20:04:24 CDT 2026 Backend node11 at argon-itf-bx54-12.hpc, 1 CPU
Tue Apr 14 20:04:24 CDT 2026 Backend node12 at argon-itf-bx54-12.hpc, 1 CPU
Tue Apr 14 20:04:24 CDT 2026 Backend node13 at argon-itf-bx54-12.hpc, 1 CPU
Tue Apr 14 20:04:24 CDT 2026 Backend node14 at argon-itf-bx54-12.hpc, 1 CPU
Tue Apr 14 20:04:24 CDT 2026 Backend node15 at argon-itf-bx54-12.hpc, 1 CPU
Tue Apr 14 20:04:24 CDT 2026 Backend node16 at argon-itf-bx54-12.hpc, 1 CPU
Tue Apr 14 20:04:24 CDT 2026 Backend node17 at argon-itf-bx54-12.hpc, 1 CPU
Tue Apr 14 20:04:24 CDT 2026 Backend node18 at argon-itf-bx54-12.hpc, 1 CPU
Tue Apr 14 20:04:24 CDT 2026 Backend node19 at argon-itf-bx54-12.hpc, 1 CPU
Tue Apr 14 20:06:06 CDT 2026 Started Parallel Java v20120620
Tue Apr 14 20:06:06 CDT 2026 Job Scheduler at /127.0.0.1:20618
Tue Apr 14 20:06:06 CDT 2026 Web interface at /127.0.0.1:8081
Tue Apr 14 20:06:06 CDT 2026 Backend node0 at argon-itf-bx51-13.hpc, 1 CPU
Tue Apr 14 20:06:06 CDT 2026 Backend node1 at argon-itf-bx51-13.hpc, 1 CPU
Tue Apr 14 20:06:06 CDT 2026 Backend node2 at argon-itf-bx51-13.hpc, 1 CPU
Tue Apr 14 20:06:06 CDT 2026 Backend node3 at argon-itf-bx51-13.hpc, 1 CPU
Tue Apr 14 20:06:06 CDT 2026 Backend node4 at argon-itf-bx51-13.hpc, 1 CPU
Tue Apr 14 20:06:06 CDT 2026 Backend node5 at argon-itf-bx51-13.hpc, 1 CPU
Tue Apr 14 20:06:06 CDT 2026 Backend node6 at argon-itf-bx51-13.hpc, 1 CPU
Tue Apr 14 20:06:06 CDT 2026 Backend node7 at argon-itf-bx51-13.hpc, 1 CPU
Tue Apr 14 20:06:06 CDT 2026 Backend node8 at argon-itf-bx51-13.hpc, 1 CPU
Tue Apr 14 20:06:06 CDT 2026 Backend node9 at argon-itf-bx51-13.hpc, 1 CPU
Tue Apr 14 20:06:06 CDT 2026 Backend node10 at argon-itf-bx51-13.hpc, 1 CPU
Tue Apr 14 20:06:06 CDT 2026 Backend node11 at argon-itf-bx51-13.hpc, 1 CPU
Tue Apr 14 20:06:06 CDT 2026 Backend node12 at argon-itf-bx51-13.hpc, 1 CPU
Tue Apr 14 20:06:06 CDT 2026 Backend node13 at argon-itf-bx51-13.hpc, 1 CPU
Tue Apr 14 20:06:06 CDT 2026 Backend node14 at argon-itf-bx51-13.hpc, 1 CPU
Tue Apr 14 20:06:06 CDT 2026 Backend node15 at argon-itf-bx51-13.hpc, 1 CPU
Tue Apr 14 20:06:06 CDT 2026 Backend node16 at argon-itf-bx51-13.hpc, 1 CPU
Tue Apr 14 20:06:06 CDT 2026 Backend node17 at argon-itf-bx51-13.hpc, 1 CPU
Tue Apr 14 20:06:06 CDT 2026 Backend node18 at argon-itf-bx51-13.hpc, 1 CPU
Tue Apr 14 20:06:06 CDT 2026 Backend node19 at argon-itf-bx51-13.hpc, 1 CPU
Tue Apr 14 20:06:16 CDT 2026 Job 1 queued, username=maemmad, nn=1, np=1, nt=20
Tue Apr 14 20:06:16 CDT 2026 Job 1 canceled: Too few resources available to assign 1 node, 1 process, and 20 CPUs per process
Tue Apr 14 20:28:37 CDT 2026 Job 1 queued, username=maemmad, nn=1, np=1, nt=20
Tue Apr 14 20:28:37 CDT 2026 Job 1 canceled: Too few resources available to assign 1 node, 1 process, and 20 CPUs per process
 CDT 2026 Backend node0 at argon-itf-bx51-13.hpc, 1 CPU
Tue Apr 14 20:28:25 CDT 2026 Backend node1 at argon-itf-bx51-13.hpc, 1 CPU
Tue Apr 14 20:28:25 CDT 2026 Backend node2 at argon-itf-bx51-13.hpc, 1 CPU
Tue Apr 14 20:28:25 CDT 2026 Backend node3 at argon-itf-bx51-13.hpc, 1 CPU
Tue Apr 14 20:28:25 CDT 2026 Backend node4 at argon-itf-bx51-13.hpc, 1 CPU
Tue Apr 14 20:28:25 CDT 2026 Backend node5 at argon-itf-bx51-13.hpc, 1 CPU
Tue Apr 14 20:28:25 CDT 2026 Backend node6 at argon-itf-bx51-13.hpc, 1 CPU
Tue Apr 14 20:28:25 CDT 2026 Backend node7 at argon-itf-bx51-13.hpc, 1 CPU
Tue Apr 14 20:28:25 CDT 2026 Backend node8 at argon-itf-bx51-13.hpc, 1 CPU
Tue Apr 14 20:28:25 CDT 2026 Backend node9 at argon-itf-bx51-13.hpc, 1 CPU
Tue Apr 14 20:28:25 CDT 2026 Backend node10 at argon-itf-bx51-13.hpc, 1 CPU
Tue Apr 14 20:28:25 CDT 2026 Backend node11 at argon-itf-bx51-13.hpc, 1 CPU
Tue Apr 14 20:28:25 CDT 2026 Backend node12 at argon-itf-bx51-13.hpc, 1 CPU
Tue Apr 14 20:28:25 CDT 2026 Backend node13 at argon-itf-bx51-13.hpc, 1 CPU
Tue Apr 14 20:28:25 CDT 2026 Backend node14 at argon-itf-bx51-13.hpc, 1 CPU
Tue Apr 14 20:28:25 CDT 2026 Backend node15 at argon-itf-bx51-13.hpc, 1 CPU
Tue Apr 14 20:28:25 CDT 2026 Backend node16 at argon-itf-bx51-13.hpc, 1 CPU
Tue Apr 14 20:28:25 CDT 2026 Backend node17 at argon-itf-bx51-13.hpc, 1 CPU
Tue Apr 14 20:28:25 CDT 2026 Backend node18 at argon-itf-bx51-13.hpc, 1 CPU
Tue Apr 14 20:28:25 CDT 2026 Backend node19 at argon-itf-bx51-13.hpc, 1 CPU
Tue Apr 14 20:28:53 CDT 2026 Job 1 queued, username=maemmad, nn=1, np=1, nt=20
Tue Apr 14 20:28:53 CDT 2026 Job 1 canceled: Too few resources available to assign 1 node, 1 process, and 20 CPUs per process
Tue Apr 14 20:30:53 CDT 2026 Started Parallel Java v20120620
Tue Apr 14 20:30:53 CDT 2026 Job Scheduler at /127.0.0.1:20618
Tue Apr 14 20:30:53 CDT 2026 Web interface at /127.0.0.1:8081
Tue Apr 14 20:30:53 CDT 2026 Backend node0 at argon-itf-bx43-02.hpc, 1 CPU
Tue Apr 14 20:30:53 CDT 2026 Backend node1 at argon-itf-bx43-02.hpc, 1 CPU
Tue Apr 14 20:30:53 CDT 2026 Backend node2 at argon-itf-bx43-02.hpc, 1 CPU
Tue Apr 14 20:30:53 CDT 2026 Backend node3 at argon-itf-bx43-02.hpc, 1 CPU
Tue Apr 14 20:30:53 CDT 2026 Backend node4 at argon-itf-bx43-02.hpc, 1 CPU
Tue Apr 14 20:30:53 CDT 2026 Backend node5 at argon-itf-bx43-02.hpc, 1 CPU
Tue Apr 14 20:30:53 CDT 2026 Backend node6 at argon-itf-bx43-02.hpc, 1 CPU
Tue Apr 14 20:30:53 CDT 2026 Backend node7 at argon-itf-bx43-02.hpc, 1 CPU
Tue Apr 14 20:30:53 CDT 2026 Backend node8 at argon-itf-bx43-02.hpc, 1 CPU
Tue Apr 14 20:30:53 CDT 2026 Backend node9 at argon-itf-bx43-02.hpc, 1 CPU
Tue Apr 14 20:30:53 CDT 2026 Backend node10 at argon-itf-bx43-02.hpc, 1 CPU
Tue Apr 14 20:30:53 CDT 2026 Backend node11 at argon-itf-bx43-02.hpc, 1 CPU
Tue Apr 14 20:30:53 CDT 2026 Backend node12 at argon-itf-bx43-02.hpc, 1 CPU
Tue Apr 14 20:30:53 CDT 2026 Backend node13 at argon-itf-bx43-02.hpc, 1 CPU
Tue Apr 14 20:30:53 CDT 2026 Backend node14 at argon-itf-bx43-02.hpc, 1 CPU
Tue Apr 14 20:30:53 CDT 2026 Backend node15 at argon-itf-bx43-02.hpc, 1 CPU
Tue Apr 14 20:30:53 CDT 2026 Backend node16 at argon-itf-bx43-02.hpc, 1 CPU
Tue Apr 14 20:30:53 CDT 2026 Backend node17 at argon-itf-bx43-02.hpc, 1 CPU
Tue Apr 14 20:30:53 CDT 2026 Backend node18 at argon-itf-bx43-02.hpc, 1 CPU
Tue Apr 14 20:30:53 CDT 2026 Backend node19 at argon-itf-bx43-02.hpc, 1 CPU
Tue Apr 14 20:31:04 CDT 2026 Job 1 queued, username=maemmad, nn=1, np=1, nt=20
Tue Apr 14 20:31:04 CDT 2026 Job 1 canceled: Too few resources available to assign 1 node, 1 process, and 20 CPUs per process
Tue Apr 14 20:31:21 CDT 2026 Job 2 queued, username=maemmad, nn=1, np=1, nt=20
Tue Apr 14 20:31:21 CDT 2026 Job 2 canceled: Too few resources available to assign 1 node, 1 process, and 20 CPUs per process
Tue Apr 14 20:31:33 CDT 2026 Job 1 queued, username=maemmad, nn=1, np=1, nt=20
Tue Apr 14 20:31:33 CDT 2026 Job 1 canceled: Too few resources available to assign 1 node, 1 process, and 20 CPUs per process
Tue Apr 14 20:41:11 CDT 2026 Started Parallel Java v20120620
Tue Apr 14 20:41:11 CDT 2026 Job Scheduler at /127.0.0.1:20618
Tue Apr 14 20:41:11 CDT 2026 Web interface at /127.0.0.1:8081
Tue Apr 14 20:41:11 CDT 2026 Backend node0 at argon-itf-bx51-13.hpc, 1 CPU
Tue Apr 14 20:41:11 CDT 2026 Backend node1 at argon-itf-bx51-13.hpc, 1 CPU
Tue Apr 14 20:41:11 CDT 2026 Backend node2 at argon-itf-bx51-13.hpc, 1 CPU
Tue Apr 14 20:41:11 CDT 2026 Backend node3 at argon-itf-bx51-13.hpc, 1 CPU
Tue Apr 14 20:41:11 CDT 2026 Backend node4 at argon-itf-bx51-13.hpc, 1 CPU
Tue Apr 14 20:41:11 CDT 2026 Backend node5 at argon-itf-bx51-13.hpc, 1 CPU
Tue Apr 14 20:41:11 CDT 2026 Backend node6 at argon-itf-bx51-13.hpc, 1 CPU
Tue Apr 14 20:41:11 CDT 2026 Backend node7 at argon-itf-bx51-13.hpc, 1 CPU
Tue Apr 14 20:41:11 CDT 2026 Backend node8 at argon-itf-bx51-13.hpc, 1 CPU
Tue Apr 14 20:41:11 CDT 2026 Backend node9 at argon-itf-bx51-13.hpc, 1 CPU
Tue Apr 14 20:41:11 CDT 2026 Backend node10 at argon-itf-bx51-13.hpc, 1 CPU
Tue Apr 14 20:41:11 CDT 2026 Backend node11 at argon-itf-bx51-13.hpc, 1 CPU
Tue Apr 14 20:41:11 CDT 2026 Backend node12 at argon-itf-bx51-13.hpc, 1 CPU
Tue Apr 14 20:41:11 CDT 2026 Backend node13 at argon-itf-bx51-13.hpc, 1 CPU
Tue Apr 14 20:41:11 CDT 2026 Backend node14 at argon-itf-bx51-13.hpc, 1 CPU
Tue Apr 14 20:41:11 CDT 2026 Backend node15 at argon-itf-bx51-13.hpc, 1 CPU
Tue Apr 14 20:41:11 CDT 2026 Backend node16 at argon-itf-bx51-13.hpc, 1 CPU
Tue Apr 14 20:41:11 CDT 2026 Backend node17 at argon-itf-bx51-13.hpc, 1 CPU
Tue Apr 14 20:41:11 CDT 2026 Backend node18 at argon-itf-bx51-13.hpc, 1 CPU
Tue Apr 14 20:41:11 CDT 2026 Backend node19 at argon-itf-bx51-13.hpc, 1 CPU
Tue Apr 14 20:41:39 CDT 2026 Job 1 queued, username=maemmad, nn=1, np=1, nt=20
Tue Apr 14 20:41:39 CDT 2026 Job 1 canceled: Too few resources available to assign 1 node, 1 process, and 20 CPUs per process
Tue Apr 14 20:54:11 CDT 2026 Started Parallel Java v20120620
Tue Apr 14 20:54:11 CDT 2026 Job Scheduler at /127.0.0.1:20618
Tue Apr 14 20:54:11 CDT 2026 Web interface at /127.0.0.1:8081
Tue Apr 14 20:54:11 CDT 2026 Backend node0 at argon-itf-bx51-13.hpc, 1 CPU
Tue Apr 14 20:54:11 CDT 2026 Backend node1 at argon-itf-bx51-13.hpc, 1 CPU
Tue Apr 14 20:54:11 CDT 2026 Backend node2 at argon-itf-bx51-13.hpc, 1 CPU
Tue Apr 14 20:54:11 CDT 2026 Backend node3 at argon-itf-bx51-13.hpc, 1 CPU
Tue Apr 14 20:54:11 CDT 2026 Backend node4 at argon-itf-bx51-13.hpc, 1 CPU
Tue Apr 14 20:54:11 CDT 2026 Backend node5 at argon-itf-bx51-13.hpc, 1 CPU
Tue Apr 14 20:54:11 CDT 2026 Backend node6 at argon-itf-bx51-13.hpc, 1 CPU
Tue Apr 14 20:54:11 CDT 2026 Backend node7 at argon-itf-bx51-13.hpc, 1 CPU
Tue Apr 14 20:54:11 CDT 2026 Backend node8 at argon-itf-bx51-13.hpc, 1 CPU
Tue Apr 14 20:54:11 CDT 2026 Backend node9 at argon-itf-bx51-13.hpc, 1 CPU
Tue Apr 14 20:54:11 CDT 2026 Backend node10 at argon-itf-bx51-13.hpc, 1 CPU
Tue Apr 14 20:54:11 CDT 2026 Backend node11 at argon-itf-bx51-13.hpc, 1 CPU
Tue Apr 14 20:54:11 CDT 2026 Backend node12 at argon-itf-bx51-13.hpc, 1 CPU
Tue Apr 14 20:54:11 CDT 2026 Backend node13 at argon-itf-bx51-13.hpc, 1 CPU
Tue Apr 14 20:54:11 CDT 2026 Backend node14 at argon-itf-bx51-13.hpc, 1 CPU
Tue Apr 14 20:54:11 CDT 2026 Backend node15 at argon-itf-bx51-13.hpc, 1 CPU
Tue Apr 14 20:54:11 CDT 2026 Backend node16 at argon-itf-bx51-13.hpc, 1 CPU
Tue Apr 14 20:54:11 CDT 2026 Backend node17 at argon-itf-bx51-13.hpc, 1 CPU
Tue Apr 14 20:54:11 CDT 2026 Backend node18 at argon-itf-bx51-13.hpc, 1 CPU
Tue Apr 14 20:54:11 CDT 2026 Backend node19 at argon-itf-bx51-13.hpc, 1 CPU
Tue Apr 14 20:54:38 CDT 2026 Job 1 queued, username=maemmad, nn=1, np=1, nt=20
Tue Apr 14 20:54:38 CDT 2026 Job 1 canceled: Too few resources available to assign 1 node, 1 process, and 20 CPUs per process
Tue Apr 14 20:58:05 CDT 2026 Started Parallel Java v20120620
Tue Apr 14 20:58:05 CDT 2026 Job Scheduler at /127.0.0.1:20618
Tue Apr 14 20:58:05 CDT 2026 Web interface at /127.0.0.1:8081
Tue Apr 14 20:58:05 CDT 2026 Backend node0 at argon-itf-bx43-03.hpc, 1 CPU
Tue Apr 14 20:58:05 CDT 2026 Backend node1 at argon-itf-bx43-03.hpc, 1 CPU
Tue Apr 14 20:58:05 CDT 2026 Backend node2 at argon-itf-bx43-03.hpc, 1 CPU
Tue Apr 14 20:58:05 CDT 2026 Backend node3 at argon-itf-bx43-03.hpc, 1 CPU
Tue Apr 14 20:58:05 CDT 2026 Backend node4 at argon-itf-bx43-03.hpc, 1 CPU
Tue Apr 14 20:58:05 CDT 2026 Backend node5 at argon-itf-bx43-03.hpc, 1 CPU
Tue Apr 14 20:58:05 CDT 2026 Backend node6 at argon-itf-bx43-03.hpc, 1 CPU
Tue Apr 14 20:58:05 CDT 2026 Backend node7 at argon-itf-bx43-03.hpc, 1 CPU
Tue Apr 14 20:58:05 CDT 2026 Backend node8 at argon-itf-bx43-03.hpc, 1 CPU
Tue Apr 14 20:58:05 CDT 2026 Backend node9 at argon-itf-bx43-03.hpc, 1 CPU
Tue Apr 14 20:58:05 CDT 2026 Backend node10 at argon-itf-bx43-03.hpc, 1 CPU
Tue Apr 14 20:58:05 CDT 2026 Backend node11 at argon-itf-bx43-03.hpc, 1 CPU
Tue Apr 14 20:58:05 CDT 2026 Backend node12 at argon-itf-bx43-03.hpc, 1 CPU
Tue Apr 14 20:58:05 CDT 2026 Backend node13 at argon-itf-bx43-03.hpc, 1 CPU
Tue Apr 14 20:58:05 CDT 2026 Backend node14 at argon-itf-bx43-03.hpc, 1 CPU
Tue Apr 14 20:58:05 CDT 2026 Backend node15 at argon-itf-bx43-03.hpc, 1 CPU
Tue Apr 14 20:58:05 CDT 2026 Backend node16 at argon-itf-bx43-03.hpc, 1 CPU
Tue Apr 14 20:58:05 CDT 2026 Backend node17 at argon-itf-bx43-03.hpc, 1 CPU
Tue Apr 14 20:58:05 CDT 2026 Backend node18 at argon-itf-bx43-03.hpc, 1 CPU
Tue Apr 14 20:58:05 CDT 2026 Backend node19 at argon-itf-bx43-03.hpc, 1 CPU
Tue Apr 14 20:58:33 CDT 2026 Job 1 queued, username=maemmad, nn=1, np=1, nt=20
Tue Apr 14 20:58:33 CDT 2026 Job 1 canceled: Too few resources available to assign 1 node, 1 process, and 20 CPUs per process
Tue Apr 14 21:00:17 CDT 2026 Started Parallel Java v20120620
Tue Apr 14 21:00:17 CDT 2026 Job Scheduler at /127.0.0.1:20618
Tue Apr 14 21:00:17 CDT 2026 Web interface at /127.0.0.1:8081
Tue Apr 14 21:00:17 CDT 2026 Backend node0 at argon-itf-bx43-02.hpc, 1 CPU
Tue Apr 14 21:00:17 CDT 2026 Backend node1 at argon-itf-bx43-02.hpc, 1 CPU
Tue Apr 14 21:00:17 CDT 2026 Backend node2 at argon-itf-bx43-02.hpc, 1 CPU
Tue Apr 14 21:00:17 CDT 2026 Backend node3 at argon-itf-bx43-02.hpc, 1 CPU
Tue Apr 14 21:00:17 CDT 2026 Backend node4 at argon-itf-bx43-02.hpc, 1 CPU
Tue Apr 14 21:00:17 CDT 2026 Backend node5 at argon-itf-bx43-02.hpc, 1 CPU
Tue Apr 14 21:00:17 CDT 2026 Backend node6 at argon-itf-bx43-02.hpc, 1 CPU
Tue Apr 14 21:00:17 CDT 2026 Backend node7 at argon-itf-bx43-02.hpc, 1 CPU
Tue Apr 14 21:00:17 CDT 2026 Backend node8 at argon-itf-bx43-02.hpc, 1 CPU
Tue Apr 14 21:00:17 CDT 2026 Backend node9 at argon-itf-bx43-02.hpc, 1 CPU
Tue Apr 14 21:00:17 CDT 2026 Backend node10 at argon-itf-bx43-02.hpc, 1 CPU
Tue Apr 14 21:00:17 CDT 2026 Backend node11 at argon-itf-bx43-02.hpc, 1 CPU
Tue Apr 14 21:00:17 CDT 2026 Backend node12 at argon-itf-bx43-02.hpc, 1 CPU
Tue Apr 14 21:00:17 CDT 2026 Backend node13 at argon-itf-bx43-02.hpc, 1 CPU
Tue Apr 14 21:00:17 CDT 2026 Backend node14 at argon-itf-bx43-02.hpc, 1 CPU
Tue Apr 14 21:00:17 CDT 2026 Backend node15 at argon-itf-bx43-02.hpc, 1 CPU
Tue Apr 14 21:00:17 CDT 2026 Backend node16 at argon-itf-bx43-02.hpc, 1 CPU
Tue Apr 14 21:00:17 CDT 2026 Backend node17 at argon-itf-bx43-02.hpc, 1 CPU
Tue Apr 14 21:00:17 CDT 2026 Backend node18 at argon-itf-bx43-02.hpc, 1 CPU
Tue Apr 14 21:00:17 CDT 2026 Backend node19 at argon-itf-bx43-02.hpc, 1 CPU
Tue Apr 14 21:00:44 CDT 2026 Job 1 queued, username=maemmad, nn=1, np=1, nt=20
Tue Apr 14 21:00:44 CDT 2026 Job 1 canceled: Too few resources available to assign 1 node, 1 process, and 20 CPUs per process
Tue Apr 14 21:00:45 CDT 2026 Job 2 queued, username=maemmad, nn=1, np=1, nt=20
Tue Apr 14 21:00:45 CDT 2026 Job 2 canceled: Too few resources available to assign 1 node, 1 process, and 20 CPUs per process
Tue Apr 14 21:25:10 CDT 2026 Started Parallel Java v20120620
Tue Apr 14 21:25:10 CDT 2026 Job Scheduler at /127.0.0.1:20618
Tue Apr 14 21:25:10 CDT 2026 Web interface at /127.0.0.1:8081
Tue Apr 14 21:25:10 CDT 2026 Backend node0 at argon-itf-bx43-03.hpc, 1 CPU
Tue Apr 14 21:25:10 CDT 2026 Backend node1 at argon-itf-bx43-03.hpc, 1 CPU
Tue Apr 14 21:25:10 CDT 2026 Backend node2 at argon-itf-bx43-03.hpc, 1 CPU
Tue Apr 14 21:25:10 CDT 2026 Backend node3 at argon-itf-bx43-03.hpc, 1 CPU
Tue Apr 14 21:25:10 CDT 2026 Backend node4 at argon-itf-bx43-03.hpc, 1 CPU
Tue Apr 14 21:25:10 CDT 2026 Backend node5 at argon-itf-bx43-03.hpc, 1 CPU
Tue Apr 14 21:25:10 CDT 2026 Backend node6 at argon-itf-bx43-03.hpc, 1 CPU
Tue Apr 14 21:25:10 CDT 2026 Backend node7 at argon-itf-bx43-03.hpc, 1 CPU
Tue Apr 14 21:25:10 CDT 2026 Backend node8 at argon-itf-bx43-03.hpc, 1 CPU
Tue Apr 14 21:25:10 CDT 2026 Backend node9 at argon-itf-bx43-03.hpc, 1 CPU
Tue Apr 14 21:25:10 CDT 2026 Backend node10 at argon-itf-bx43-03.hpc, 1 CPU
Tue Apr 14 21:25:10 CDT 2026 Backend node11 at argon-itf-bx43-03.hpc, 1 CPU
Tue Apr 14 21:25:10 CDT 2026 Backend node12 at argon-itf-bx43-03.hpc, 1 CPU
Tue Apr 14 21:25:10 CDT 2026 Backend node13 at argon-itf-bx43-03.hpc, 1 CPU
Tue Apr 14 21:25:10 CDT 2026 Backend node14 at argon-itf-bx43-03.hpc, 1 CPU
Tue Apr 14 21:25:10 CDT 2026 Backend node15 at argon-itf-bx43-03.hpc, 1 CPU
Tue Apr 14 21:25:10 CDT 2026 Backend node16 at argon-itf-bx43-03.hpc, 1 CPU
Tue Apr 14 21:25:10 CDT 2026 Backend node17 at argon-itf-bx43-03.hpc, 1 CPU
Tue Apr 14 21:25:10 CDT 2026 Backend node18 at argon-itf-bx43-03.hpc, 1 CPU
Tue Apr 14 21:25:10 CDT 2026 Backend node19 at argon-itf-bx43-03.hpc, 1 CPU
Tue Apr 14 21:25:38 CDT 2026 Job 1 queued, username=maemmad, nn=1, np=1, nt=20
Tue Apr 14 21:25:38 CDT 2026 Job 1 canceled: Too few resources available to assign 1 node, 1 process, and 20 CPUs per process
Tue Apr 14 21:31:29 CDT 2026 Started Parallel Java v20120620
Tue Apr 14 21:31:29 CDT 2026 Job Scheduler at /127.0.0.1:20618
Tue Apr 14 21:31:29 CDT 2026 Web interface at /127.0.0.1:8081
Tue Apr 14 21:31:29 CDT 2026 Backend node0 at argon-itf-bx43-03.hpc, 1 CPU
Tue Apr 14 21:31:29 CDT 2026 Backend node1 at argon-itf-bx43-03.hpc, 1 CPU
Tue Apr 14 21:31:29 CDT 2026 Backend node2 at argon-itf-bx43-03.hpc, 1 CPU
Tue Apr 14 21:31:29 CDT 2026 Backend node3 at argon-itf-bx43-03.hpc, 1 CPU
Tue Apr 14 21:31:29 CDT 2026 Backend node4 at argon-itf-bx43-03.hpc, 1 CPU
Tue Apr 14 21:31:29 CDT 2026 Backend node5 at argon-itf-bx43-03.hpc, 1 CPU
Tue Apr 14 21:31:29 CDT 2026 Backend node6 at argon-itf-bx43-03.hpc, 1 CPU
Tue Apr 14 21:31:29 CDT 2026 Backend node7 at argon-itf-bx43-03.hpc, 1 CPU
Tue Apr 14 21:31:29 CDT 2026 Backend node8 at argon-itf-bx43-03.hpc, 1 CPU
Tue Apr 14 21:31:29 CDT 2026 Backend node9 at argon-itf-bx43-03.hpc, 1 CPU
Tue Apr 14 21:31:29 CDT 2026 Backend node10 at argon-itf-bx43-03.hpc, 1 CPU
Tue Apr 14 21:31:29 CDT 2026 Backend node11 at argon-itf-bx43-03.hpc, 1 CPU
Tue Apr 14 21:31:29 CDT 2026 Backend node12 at argon-itf-bx43-03.hpc, 1 CPU
Tue Apr 14 21:31:29 CDT 2026 Backend node13 at argon-itf-bx43-03.hpc, 1 CPU
Tue Apr 14 21:31:29 CDT 2026 Backend node14 at argon-itf-bx43-03.hpc, 1 CPU
Tue Apr 14 21:31:29 CDT 2026 Backend node15 at argon-itf-bx43-03.hpc, 1 CPU
Tue Apr 14 21:31:29 CDT 2026 Backend node16 at argon-itf-bx43-03.hpc, 1 CPU
Tue Apr 14 21:31:29 CDT 2026 Backend node17 at argon-itf-bx43-03.hpc, 1 CPU
Tue Apr 14 21:31:29 CDT 2026 Backend node18 at argon-itf-bx43-03.hpc, 1 CPU
Tue Apr 14 21:31:29 CDT 2026 Backend node19 at argon-itf-bx43-03.hpc, 1 CPU
Tue Apr 14 21:31:57 CDT 2026 Job 1 queued, username=maemmad, nn=1, np=1, nt=20
Tue Apr 14 21:31:57 CDT 2026 Job 1 canceled: Too few resources available to assign 1 node, 1 process, and 20 CPUs per process
Tue Apr 14 21:52:23 CDT 2026 Started Parallel Java v20120620
Tue Apr 14 21:52:23 CDT 2026 Job Scheduler at /127.0.0.1:20618
Tue Apr 14 21:52:23 CDT 2026 Web interface at /127.0.0.1:8081
Tue Apr 14 21:52:23 CDT 2026 Backend node0 at argon-itf-bx43-03.hpc, 1 CPU
Tue Apr 14 21:52:23 CDT 2026 Backend node1 at argon-itf-bx43-03.hpc, 1 CPU
Tue Apr 14 21:52:23 CDT 2026 Backend node2 at argon-itf-bx43-03.hpc, 1 CPU
Tue Apr 14 21:52:23 CDT 2026 Backend node3 at argon-itf-bx43-03.hpc, 1 CPU
Tue Apr 14 21:52:23 CDT 2026 Backend node4 at argon-itf-bx43-03.hpc, 1 CPU
Tue Apr 14 21:52:23 CDT 2026 Backend node5 at argon-itf-bx43-03.hpc, 1 CPU
Tue Apr 14 21:52:23 CDT 2026 Backend node6 at argon-itf-bx43-03.hpc, 1 CPU
Tue Apr 14 21:52:23 CDT 2026 Backend node7 at argon-itf-bx43-03.hpc, 1 CPU
Tue Apr 14 21:52:23 CDT 2026 Backend node8 at argon-itf-bx43-03.hpc, 1 CPU
Tue Apr 14 21:52:23 CDT 2026 Backend node9 at argon-itf-bx43-03.hpc, 1 CPU
Tue Apr 14 21:52:23 CDT 2026 Backend node10 at argon-itf-bx43-03.hpc, 1 CPU
Tue Apr 14 21:52:23 CDT 2026 Backend node11 at argon-itf-bx43-03.hpc, 1 CPU
Tue Apr 14 21:52:23 CDT 2026 Backend node12 at argon-itf-bx43-03.hpc, 1 CPU
Tue Apr 14 21:52:23 CDT 2026 Backend node13 at argon-itf-bx43-03.hpc, 1 CPU
Tue Apr 14 21:52:23 CDT 2026 Backend node14 at argon-itf-bx43-03.hpc, 1 CPU
Tue Apr 14 21:52:23 CDT 2026 Backend node15 at argon-itf-bx43-03.hpc, 1 CPU
Tue Apr 14 21:52:23 CDT 2026 Backend node16 at argon-itf-bx43-03.hpc, 1 CPU
Tue Apr 14 21:52:23 CDT 2026 Backend node17 at argon-itf-bx43-03.hpc, 1 CPU
Tue Apr 14 21:52:23 CDT 2026 Backend node18 at argon-itf-bx43-03.hpc, 1 CPU
Tue Apr 14 21:52:23 CDT 2026 Backend node19 at argon-itf-bx43-03.hpc, 1 CPU
Tue Apr 14 21:52:51 CDT 2026 Job 1 queued, username=maemmad, nn=1, np=1, nt=20
Tue Apr 14 21:52:51 CDT 2026 Job 1 canceled: Too few resources available to assign 1 node, 1 process, and 20 CPUs per process
Tue Apr 14 22:00:17 CDT 2026 Started Parallel Java v20120620
Tue Apr 14 22:00:17 CDT 2026 Job Scheduler at /127.0.0.1:20618
Tue Apr 14 22:00:17 CDT 2026 Web interface at /127.0.0.1:8081
Tue Apr 14 22:00:17 CDT 2026 Backend node0 at argon-itf-bx43-03.hpc, 1 CPU
Tue Apr 14 22:00:17 CDT 2026 Backend node1 at argon-itf-bx43-03.hpc, 1 CPU
Tue Apr 14 22:00:17 CDT 2026 Backend node2 at argon-itf-bx43-03.hpc, 1 CPU
Tue Apr 14 22:00:17 CDT 2026 Backend node3 at argon-itf-bx43-03.hpc, 1 CPU
Tue Apr 14 22:00:17 CDT 2026 Backend node4 at argon-itf-bx43-03.hpc, 1 CPU
Tue Apr 14 22:00:17 CDT 2026 Backend node5 at argon-itf-bx43-03.hpc, 1 CPU
Tue Apr 14 22:00:17 CDT 2026 Backend node6 at argon-itf-bx43-03.hpc, 1 CPU
Tue Apr 14 22:00:17 CDT 2026 Backend node7 at argon-itf-bx43-03.hpc, 1 CPU
Tue Apr 14 22:00:17 CDT 2026 Backend node8 at argon-itf-bx43-03.hpc, 1 CPU
Tue Apr 14 22:00:17 CDT 2026 Backend node9 at argon-itf-bx43-03.hpc, 1 CPU
Tue Apr 14 22:00:17 CDT 2026 Backend node10 at argon-itf-bx43-03.hpc, 1 CPU
Tue Apr 14 22:00:17 CDT 2026 Backend node11 at argon-itf-bx43-03.hpc, 1 CPU
Tue Apr 14 22:00:17 CDT 2026 Backend node12 at argon-itf-bx43-03.hpc, 1 CPU
Tue Apr 14 22:00:17 CDT 2026 Backend node13 at argon-itf-bx43-03.hpc, 1 CPU
Tue Apr 14 22:00:17 CDT 2026 Backend node14 at argon-itf-bx43-03.hpc, 1 CPU
Tue Apr 14 22:00:17 CDT 2026 Backend node15 at argon-itf-bx43-03.hpc, 1 CPU
Tue Apr 14 22:00:17 CDT 2026 Backend node16 at argon-itf-bx43-03.hpc, 1 CPU
Tue Apr 14 22:00:17 CDT 2026 Backend node17 at argon-itf-bx43-03.hpc, 1 CPU
Tue Apr 14 22:00:17 CDT 2026 Backend node18 at argon-itf-bx43-03.hpc, 1 CPU
Tue Apr 14 22:00:17 CDT 2026 Backend node19 at argon-itf-bx43-03.hpc, 1 CPU
Tue Apr 14 22:00:45 CDT 2026 Job 1 queued, username=maemmad, nn=1, np=1, nt=20
Tue Apr 14 22:00:45 CDT 2026 Job 1 canceled: Too few resources available to assign 1 node, 1 process, and 20 CPUs per process
Tue Apr 14 22:05:48 CDT 2026 Started Parallel Java v20120620
Tue Apr 14 22:05:48 CDT 2026 Job Scheduler at /127.0.0.1:20618
Tue Apr 14 22:05:48 CDT 2026 Web interface at /127.0.0.1:8081
Tue Apr 14 22:05:48 CDT 2026 Backend node0 at argon-itf-bx43-03.hpc, 1 CPU
Tue Apr 14 22:05:48 CDT 2026 Backend node1 at argon-itf-bx43-03.hpc, 1 CPU
Tue Apr 14 22:05:48 CDT 2026 Backend node2 at argon-itf-bx43-03.hpc, 1 CPU
Tue Apr 14 22:05:48 CDT 2026 Backend node3 at argon-itf-bx43-03.hpc, 1 CPU
Tue Apr 14 22:05:48 CDT 2026 Backend node4 at argon-itf-bx43-03.hpc, 1 CPU
Tue Apr 14 22:05:48 CDT 2026 Backend node5 at argon-itf-bx43-03.hpc, 1 CPU
Tue Apr 14 22:05:48 CDT 2026 Backend node6 at argon-itf-bx43-03.hpc, 1 CPU
Tue Apr 14 22:05:48 CDT 2026 Backend node7 at argon-itf-bx43-03.hpc, 1 CPU
Tue Apr 14 22:05:48 CDT 2026 Backend node8 at argon-itf-bx43-03.hpc, 1 CPU
Tue Apr 14 22:05:48 CDT 2026 Backend node9 at argon-itf-bx43-03.hpc, 1 CPU
Tue Apr 14 22:05:48 CDT 2026 Backend node10 at argon-itf-bx43-03.hpc, 1 CPU
Tue Apr 14 22:05:48 CDT 2026 Backend node11 at argon-itf-bx43-03.hpc, 1 CPU
Tue Apr 14 22:05:48 CDT 2026 Backend node12 at argon-itf-bx43-03.hpc, 1 CPU
Tue Apr 14 22:05:48 CDT 2026 Backend node13 at argon-itf-bx43-03.hpc, 1 CPU
Tue Apr 14 22:05:48 CDT 2026 Backend node14 at argon-itf-bx43-03.hpc, 1 CPU
Tue Apr 14 22:05:48 CDT 2026 Backend node15 at argon-itf-bx43-03.hpc, 1 CPU
Tue Apr 14 22:05:48 CDT 2026 Backend node16 at argon-itf-bx43-03.hpc, 1 CPU
Tue Apr 14 22:05:48 CDT 2026 Backend node17 at argon-itf-bx43-03.hpc, 1 CPU
Tue Apr 14 22:05:48 CDT 2026 Backend node18 at argon-itf-bx43-03.hpc, 1 CPU
Tue Apr 14 22:05:48 CDT 2026 Backend node19 at argon-itf-bx43-03.hpc, 1 CPU
Tue Apr 14 22:06:16 CDT 2026 Job 1 queued, username=maemmad, nn=1, np=1, nt=20
Tue Apr 14 22:06:16 CDT 2026 Job 1 canceled: Too few resources available to assign 1 node, 1 process, and 20 CPUs per process
Tue Apr 14 22:10:38 CDT 2026 Started Parallel Java v20120620
Tue Apr 14 22:10:38 CDT 2026 Job Scheduler at /127.0.0.1:20618
Tue Apr 14 22:10:38 CDT 2026 Web interface at /127.0.0.1:8081
Tue Apr 14 22:10:38 CDT 2026 Backend node0 at argon-itf-bx43-03.hpc, 1 CPU
Tue Apr 14 22:10:38 CDT 2026 Backend node1 at argon-itf-bx43-03.hpc, 1 CPU
Tue Apr 14 22:10:38 CDT 2026 Backend node2 at argon-itf-bx43-03.hpc, 1 CPU
Tue Apr 14 22:10:38 CDT 2026 Backend node3 at argon-itf-bx43-03.hpc, 1 CPU
Tue Apr 14 22:10:38 CDT 2026 Backend node4 at argon-itf-bx43-03.hpc, 1 CPU
Tue Apr 14 22:10:38 CDT 2026 Backend node5 at argon-itf-bx43-03.hpc, 1 CPU
Tue Apr 14 22:10:38 CDT 2026 Backend node6 at argon-itf-bx43-03.hpc, 1 CPU
Tue Apr 14 22:10:38 CDT 2026 Backend node7 at argon-itf-bx43-03.hpc, 1 CPU
Tue Apr 14 22:10:38 CDT 2026 Backend node8 at argon-itf-bx43-03.hpc, 1 CPU
Tue Apr 14 22:10:38 CDT 2026 Backend node9 at argon-itf-bx43-03.hpc, 1 CPU
Tue Apr 14 22:10:38 CDT 2026 Backend node10 at argon-itf-bx43-03.hpc, 1 CPU
Tue Apr 14 22:10:38 CDT 2026 Backend node11 at argon-itf-bx43-03.hpc, 1 CPU
Tue Apr 14 22:10:38 CDT 2026 Backend node12 at argon-itf-bx43-03.hpc, 1 CPU
Tue Apr 14 22:10:38 CDT 2026 Backend node13 at argon-itf-bx43-03.hpc, 1 CPU
Tue Apr 14 22:10:38 CDT 2026 Backend node14 at argon-itf-bx43-03.hpc, 1 CPU
Tue Apr 14 22:10:38 CDT 2026 Backend node15 at argon-itf-bx43-03.hpc, 1 CPU
Tue Apr 14 22:10:38 CDT 2026 Backend node16 at argon-itf-bx43-03.hpc, 1 CPU
Tue Apr 14 22:10:38 CDT 2026 Backend node17 at argon-itf-bx43-03.hpc, 1 CPU
Tue Apr 14 22:10:38 CDT 2026 Backend node18 at argon-itf-bx43-03.hpc, 1 CPU
Tue Apr 14 22:10:38 CDT 2026 Backend node19 at argon-itf-bx43-03.hpc, 1 CPU
Tue Apr 14 22:11:06 CDT 2026 Job 1 queued, username=maemmad, nn=1, np=1, nt=20
Tue Apr 14 22:11:06 CDT 2026 Job 1 canceled: Too few resources available to assign 1 node, 1 process, and 20 CPUs per process
Tue Apr 14 22:17:15 CDT 2026 Started Parallel Java v20120620
Tue Apr 14 22:17:15 CDT 2026 Job Scheduler at /127.0.0.1:20618
Tue Apr 14 22:17:15 CDT 2026 Web interface at /127.0.0.1:8081
Tue Apr 14 22:17:15 CDT 2026 Backend node0 at argon-itf-bx43-03.hpc, 1 CPU
Tue Apr 14 22:17:15 CDT 2026 Backend node1 at argon-itf-bx43-03.hpc, 1 CPU
Tue Apr 14 22:17:15 CDT 2026 Backend node2 at argon-itf-bx43-03.hpc, 1 CPU
Tue Apr 14 22:17:15 CDT 2026 Backend node3 at argon-itf-bx43-03.hpc, 1 CPU
Tue Apr 14 22:17:15 CDT 2026 Backend node4 at argon-itf-bx43-03.hpc, 1 CPU
Tue Apr 14 22:17:15 CDT 2026 Backend node5 at argon-itf-bx43-03.hpc, 1 CPU
Tue Apr 14 22:17:15 CDT 2026 Backend node6 at argon-itf-bx43-03.hpc, 1 CPU
Tue Apr 14 22:17:15 CDT 2026 Backend node7 at argon-itf-bx43-03.hpc, 1 CPU
Tue Apr 14 22:17:15 CDT 2026 Backend node8 at argon-itf-bx43-03.hpc, 1 CPU
Tue Apr 14 22:17:15 CDT 2026 Backend node9 at argon-itf-bx43-03.hpc, 1 CPU
Tue Apr 14 22:17:15 CDT 2026 Backend node10 at argon-itf-bx43-03.hpc, 1 CPU
Tue Apr 14 22:17:15 CDT 2026 Backend node11 at argon-itf-bx43-03.hpc, 1 CPU
Tue Apr 14 22:17:15 CDT 2026 Backend node12 at argon-itf-bx43-03.hpc, 1 CPU
Tue Apr 14 22:17:15 CDT 2026 Backend node13 at argon-itf-bx43-03.hpc, 1 CPU
Tue Apr 14 22:17:15 CDT 2026 Backend node14 at argon-itf-bx43-03.hpc, 1 CPU
Tue Apr 14 22:17:15 CDT 2026 Backend node15 at argon-itf-bx43-03.hpc, 1 CPU
Tue Apr 14 22:17:15 CDT 2026 Backend node16 at argon-itf-bx43-03.hpc, 1 CPU
Tue Apr 14 22:17:15 CDT 2026 Backend node17 at argon-itf-bx43-03.hpc, 1 CPU
Tue Apr 14 22:17:15 CDT 2026 Backend node18 at argon-itf-bx43-03.hpc, 1 CPU
Tue Apr 14 22:17:15 CDT 2026 Backend node19 at argon-itf-bx43-03.hpc, 1 CPU
Tue Apr 14 22:22:29 CDT 2026 Started Parallel Java v20120620
Tue Apr 14 22:22:29 CDT 2026 Job Scheduler at /127.0.0.1:20618
Tue Apr 14 22:22:29 CDT 2026 Web interface at /127.0.0.1:8081
Tue Apr 14 22:22:29 CDT 2026 Backend node0 at argon-itf-bx43-03.hpc, 1 CPU
Tue Apr 14 22:22:29 CDT 2026 Backend node1 at argon-itf-bx43-03.hpc, 1 CPU
Tue Apr 14 22:22:29 CDT 2026 Backend node2 at argon-itf-bx43-03.hpc, 1 CPU
Tue Apr 14 22:22:29 CDT 2026 Backend node3 at argon-itf-bx43-03.hpc, 1 CPU
Tue Apr 14 22:22:29 CDT 2026 Backend node4 at argon-itf-bx43-03.hpc, 1 CPU
Tue Apr 14 22:22:29 CDT 2026 Backend node5 at argon-itf-bx43-03.hpc, 1 CPU
Tue Apr 14 22:22:29 CDT 2026 Backend node6 at argon-itf-bx43-03.hpc, 1 CPU
Tue Apr 14 22:22:29 CDT 2026 Backend node7 at argon-itf-bx43-03.hpc, 1 CPU
Tue Apr 14 22:22:29 CDT 2026 Backend node8 at argon-itf-bx43-03.hpc, 1 CPU
Tue Apr 14 22:22:29 CDT 2026 Backend node9 at argon-itf-bx43-03.hpc, 1 CPU
Tue Apr 14 22:22:29 CDT 2026 Backend node10 at argon-itf-bx43-03.hpc, 1 CPU
Tue Apr 14 22:22:29 CDT 2026 Backend node11 at argon-itf-bx43-03.hpc, 1 CPU
Tue Apr 14 22:22:29 CDT 2026 Backend node12 at argon-itf-bx43-03.hpc, 1 CPU
Tue Apr 14 22:22:29 CDT 2026 Backend node13 at argon-itf-bx43-03.hpc, 1 CPU
Tue Apr 14 22:22:29 CDT 2026 Backend node14 at argon-itf-bx43-03.hpc, 1 CPU
Tue Apr 14 22:22:29 CDT 2026 Backend node15 at argon-itf-bx43-03.hpc, 1 CPU
Tue Apr 14 22:22:29 CDT 2026 Backend node16 at argon-itf-bx43-03.hpc, 1 CPU
Tue Apr 14 22:22:29 CDT 2026 Backend node17 at argon-itf-bx43-03.hpc, 1 CPU
Tue Apr 14 22:22:29 CDT 2026 Backend node18 at argon-itf-bx43-03.hpc, 1 CPU
Tue Apr 14 22:22:29 CDT 2026 Backend node19 at argon-itf-bx43-03.hpc, 1 CPU
Tue Apr 14 22:22:58 CDT 2026 Job 1 queued, username=maemmad, nn=1, np=1, nt=20
Tue Apr 14 22:22:58 CDT 2026 Job 1 canceled: Too few resources available to assign 1 node, 1 process, and 20 CPUs per process
Tue Apr 14 22:28:50 CDT 2026 Started Parallel Java v20120620
Tue Apr 14 22:28:50 CDT 2026 Job Scheduler at /127.0.0.1:20618
Tue Apr 14 22:28:50 CDT 2026 Web interface at /127.0.0.1:8081
Tue Apr 14 22:28:50 CDT 2026 Backend node0 at argon-itf-bx43-03.hpc, 1 CPU
Tue Apr 14 22:28:50 CDT 2026 Backend node1 at argon-itf-bx43-03.hpc, 1 CPU
Tue Apr 14 22:28:50 CDT 2026 Backend node2 at argon-itf-bx43-03.hpc, 1 CPU
Tue Apr 14 22:28:50 CDT 2026 Backend node3 at argon-itf-bx43-03.hpc, 1 CPU
Tue Apr 14 22:28:50 CDT 2026 Backend node4 at argon-itf-bx43-03.hpc, 1 CPU
Tue Apr 14 22:28:50 CDT 2026 Backend node5 at argon-itf-bx43-03.hpc, 1 CPU
Tue Apr 14 22:28:50 CDT 2026 Backend node6 at argon-itf-bx43-03.hpc, 1 CPU
Tue Apr 14 22:28:50 CDT 2026 Backend node7 at argon-itf-bx43-03.hpc, 1 CPU
Tue Apr 14 22:28:50 CDT 2026 Backend node8 at argon-itf-bx43-03.hpc, 1 CPU
Tue Apr 14 22:28:50 CDT 2026 Backend node9 at argon-itf-bx43-03.hpc, 1 CPU
Tue Apr 14 22:28:50 CDT 2026 Backend node10 at argon-itf-bx43-03.hpc, 1 CPU
Tue Apr 14 22:28:50 CDT 2026 Backend node11 at argon-itf-bx43-03.hpc, 1 CPU
Tue Apr 14 22:28:50 CDT 2026 Backend node12 at argon-itf-bx43-03.hpc, 1 CPU
Tue Apr 14 22:28:50 CDT 2026 Backend node13 at argon-itf-bx43-03.hpc, 1 CPU
Tue Apr 14 22:28:50 CDT 2026 Backend node14 at argon-itf-bx43-03.hpc, 1 CPU
Tue Apr 14 22:28:50 CDT 2026 Backend node15 at argon-itf-bx43-03.hpc, 1 CPU
Tue Apr 14 22:28:50 CDT 2026 Backend node16 at argon-itf-bx43-03.hpc, 1 CPU
Tue Apr 14 22:28:50 CDT 2026 Backend node17 at argon-itf-bx43-03.hpc, 1 CPU
Tue Apr 14 22:28:50 CDT 2026 Backend node18 at argon-itf-bx43-03.hpc, 1 CPU
Tue Apr 14 22:28:50 CDT 2026 Backend node19 at argon-itf-bx43-03.hpc, 1 CPU
Tue Apr 14 22:29:18 CDT 2026 Job 1 queued, username=maemmad, nn=1, np=1, nt=20
Tue Apr 14 22:29:18 CDT 2026 Job 1 canceled: Too few resources available to assign 1 node, 1 process, and 20 CPUs per process
Tue Apr 14 22:31:39 CDT 2026 Started Parallel Java v20120620
Tue Apr 14 22:31:39 CDT 2026 Job Scheduler at /127.0.0.1:20618
Tue Apr 14 22:31:39 CDT 2026 Web interface at /127.0.0.1:8081
Tue Apr 14 22:31:39 CDT 2026 Backend node0 at argon-itf-bx43-03.hpc, 1 CPU
Tue Apr 14 22:31:39 CDT 2026 Backend node1 at argon-itf-bx43-03.hpc, 1 CPU
Tue Apr 14 22:31:39 CDT 2026 Backend node2 at argon-itf-bx43-03.hpc, 1 CPU
Tue Apr 14 22:31:39 CDT 2026 Backend node3 at argon-itf-bx43-03.hpc, 1 CPU
Tue Apr 14 22:31:39 CDT 2026 Backend node4 at argon-itf-bx43-03.hpc, 1 CPU
Tue Apr 14 22:31:39 CDT 2026 Backend node5 at argon-itf-bx43-03.hpc, 1 CPU
Tue Apr 14 22:31:39 CDT 2026 Backend node6 at argon-itf-bx43-03.hpc, 1 CPU
Tue Apr 14 22:31:39 CDT 2026 Backend node7 at argon-itf-bx43-03.hpc, 1 CPU
Tue Apr 14 22:31:39 CDT 2026 Backend node8 at argon-itf-bx43-03.hpc, 1 CPU
Tue Apr 14 22:31:39 CDT 2026 Backend node9 at argon-itf-bx43-03.hpc, 1 CPU
Tue Apr 14 22:31:39 CDT 2026 Backend node10 at argon-itf-bx43-03.hpc, 1 CPU
Tue Apr 14 22:31:39 CDT 2026 Backend node11 at argon-itf-bx43-03.hpc, 1 CPU
Tue Apr 14 22:31:39 CDT 2026 Backend node12 at argon-itf-bx43-03.hpc, 1 CPU
Tue Apr 14 22:31:39 CDT 2026 Backend node13 at argon-itf-bx43-03.hpc, 1 CPU
Tue Apr 14 22:31:39 CDT 2026 Backend node14 at argon-itf-bx43-03.hpc, 1 CPU
Tue Apr 14 22:31:39 CDT 2026 Backend node15 at argon-itf-bx43-03.hpc, 1 CPU
Tue Apr 14 22:31:39 CDT 2026 Backend node16 at argon-itf-bx43-03.hpc, 1 CPU
Tue Apr 14 22:31:39 CDT 2026 Backend node17 at argon-itf-bx43-03.hpc, 1 CPU
Tue Apr 14 22:31:39 CDT 2026 Backend node18 at argon-itf-bx43-03.hpc, 1 CPU
Tue Apr 14 22:31:39 CDT 2026 Backend node19 at argon-itf-bx43-03.hpc, 1 CPU
Tue Apr 14 22:32:08 CDT 2026 Job 1 queued, username=maemmad, nn=1, np=1, nt=20
Tue Apr 14 22:32:08 CDT 2026 Job 1 canceled: Too few resources available to assign 1 node, 1 process, and 20 CPUs per process
Tue Apr 14 22:54:12 CDT 2026 Started Parallel Java v20120620
Tue Apr 14 22:54:12 CDT 2026 Job Scheduler at /127.0.0.1:20618
Tue Apr 14 22:54:12 CDT 2026 Web interface at /127.0.0.1:8081
Tue Apr 14 22:54:12 CDT 2026 Backend node0 at argon-itf-bx43-03.hpc, 1 CPU
Tue Apr 14 22:54:12 CDT 2026 Backend node1 at argon-itf-bx43-03.hpc, 1 CPU
Tue Apr 14 22:54:12 CDT 2026 Backend node2 at argon-itf-bx43-03.hpc, 1 CPU
Tue Apr 14 22:54:12 CDT 2026 Backend node3 at argon-itf-bx43-03.hpc, 1 CPU
Tue Apr 14 22:54:12 CDT 2026 Backend node4 at argon-itf-bx43-03.hpc, 1 CPU
Tue Apr 14 22:54:12 CDT 2026 Backend node5 at argon-itf-bx43-03.hpc, 1 CPU
Tue Apr 14 22:54:12 CDT 2026 Backend node6 at argon-itf-bx43-03.hpc, 1 CPU
Tue Apr 14 22:54:12 CDT 2026 Backend node7 at argon-itf-bx43-03.hpc, 1 CPU
Tue Apr 14 22:54:12 CDT 2026 Backend node8 at argon-itf-bx43-03.hpc, 1 CPU
Tue Apr 14 22:54:12 CDT 2026 Backend node9 at argon-itf-bx43-03.hpc, 1 CPU
Tue Apr 14 22:54:12 CDT 2026 Backend node10 at argon-itf-bx43-03.hpc, 1 CPU
Tue Apr 14 22:54:12 CDT 2026 Backend node11 at argon-itf-bx43-03.hpc, 1 CPU
Tue Apr 14 22:54:12 CDT 2026 Backend node12 at argon-itf-bx43-03.hpc, 1 CPU
Tue Apr 14 22:54:12 CDT 2026 Backend node13 at argon-itf-bx43-03.hpc, 1 CPU
Tue Apr 14 22:54:12 CDT 2026 Backend node14 at argon-itf-bx43-03.hpc, 1 CPU
Tue Apr 14 22:54:12 CDT 2026 Backend node15 at argon-itf-bx43-03.hpc, 1 CPU
Tue Apr 14 22:54:12 CDT 2026 Backend node16 at argon-itf-bx43-03.hpc, 1 CPU
Tue Apr 14 22:54:12 CDT 2026 Backend node17 at argon-itf-bx43-03.hpc, 1 CPU
Tue Apr 14 22:54:12 CDT 2026 Backend node18 at argon-itf-bx43-03.hpc, 1 CPU
Tue Apr 14 22:54:12 CDT 2026 Backend node19 at argon-itf-bx43-03.hpc, 1 CPU
Tue Apr 14 22:54:40 CDT 2026 Job 1 queued, username=maemmad, nn=1, np=1, nt=20
Tue Apr 14 22:54:40 CDT 2026 Job 1 canceled: Too few resources available to assign 1 node, 1 process, and 20 CPUs per process
Tue Apr 14 23:26:02 CDT 2026 Started Parallel Java v20120620
Tue Apr 14 23:26:02 CDT 2026 Job Scheduler at /127.0.0.1:20618
Tue Apr 14 23:26:02 CDT 2026 Web interface at /127.0.0.1:8081
Tue Apr 14 23:26:02 CDT 2026 Backend node0 at argon-itf-bx43-02.hpc, 1 CPU
Tue Apr 14 23:26:02 CDT 2026 Backend node1 at argon-itf-bx43-02.hpc, 1 CPU
Tue Apr 14 23:26:02 CDT 2026 Backend node2 at argon-itf-bx43-02.hpc, 1 CPU
Tue Apr 14 23:26:02 CDT 2026 Backend node3 at argon-itf-bx43-02.hpc, 1 CPU
Tue Apr 14 23:26:02 CDT 2026 Backend node4 at argon-itf-bx43-02.hpc, 1 CPU
Tue Apr 14 23:26:02 CDT 2026 Backend node5 at argon-itf-bx43-02.hpc, 1 CPU
Tue Apr 14 23:26:02 CDT 2026 Backend node6 at argon-itf-bx43-02.hpc, 1 CPU
Tue Apr 14 23:26:02 CDT 2026 Backend node7 at argon-itf-bx43-02.hpc, 1 CPU
Tue Apr 14 23:26:02 CDT 2026 Backend node8 at argon-itf-bx43-02.hpc, 1 CPU
Tue Apr 14 23:26:02 CDT 2026 Backend node9 at argon-itf-bx43-02.hpc, 1 CPU
Tue Apr 14 23:26:02 CDT 2026 Backend node10 at argon-itf-bx43-02.hpc, 1 CPU
Tue Apr 14 23:26:02 CDT 2026 Backend node11 at argon-itf-bx43-02.hpc, 1 CPU
Tue Apr 14 23:26:02 CDT 2026 Backend node12 at argon-itf-bx43-02.hpc, 1 CPU
Tue Apr 14 23:26:02 CDT 2026 Backend node13 at argon-itf-bx43-02.hpc, 1 CPU
Tue Apr 14 23:26:02 CDT 2026 Backend node14 at argon-itf-bx43-02.hpc, 1 CPU
Tue Apr 14 23:26:02 CDT 2026 Backend node15 at argon-itf-bx43-02.hpc, 1 CPU
Tue Apr 14 23:26:02 CDT 2026 Backend node16 at argon-itf-bx43-02.hpc, 1 CPU
Tue Apr 14 23:26:02 CDT 2026 Backend node17 at argon-itf-bx43-02.hpc, 1 CPU
Tue Apr 14 23:26:02 CDT 2026 Backend node18 at argon-itf-bx43-02.hpc, 1 CPU
Tue Apr 14 23:26:02 CDT 2026 Backend node19 at argon-itf-bx43-02.hpc, 1 CPU
Tue Apr 14 23:26:08 CDT 2026 Job 1 queued, username=maemmad, nn=1, np=1, nt=20
Tue Apr 14 23:26:08 CDT 2026 Job 1 canceled: Too few resources available to assign 1 node, 1 process, and 20 CPUs per process
Tue Apr 14 23:26:30 CDT 2026 Job 2 queued, username=maemmad, nn=1, np=1, nt=20
Tue Apr 14 23:26:30 CDT 2026 Job 2 canceled: Too few resources available to assign 1 node, 1 process, and 20 CPUs per process
