 Evaluating /Dedicated/schnieders/programs/stack-2021.1.sh
  Loading Modules
   Stack 2021.1
   GCC 9.3.0
   CMake 3.20.0
   Eigen 3.3.9
   Cuda 11.1.1
   Cuda: /usr/share/apps/2021.1/arch/gcc-9.3.0/cuda-11.1.1
   CudaNN 8.0.5.39-11.1
   Swig 4.0.2_gcc-9.3.0
  Loading software from /Dedicated/schnieders/programs/local
   Ant: /Dedicated/schnieders/programs/apache-ant-1.10.11
   FFX: /Dedicated/schnieders/programs/ffx-builds/forcefieldx-2026-01-04
   GDMA: /Dedicated/schnieders/programs/gdma-2.3
   Groovy: /Dedicated/schnieders/programs/groovy-4.0.1
   Java: /Dedicated/schnieders/programs/jdk-25.0.1
   Maven: /Dedicated/schnieders/programs/apache-maven-3.9.5
   VMD: /Dedicated/schnieders/programs/vmd
   NAMD: /Dedicated/schnieders/programs/NAMD_3.0alpha7_Linux-x86_64-multicore-CUDA
   OpenEye: /Dedicated/schnieders/programs/OpenEye
   Tinker: /Dedicated/schnieders/programs/tinker-tools
=== Titration pH 4.4 started: Wed Apr 29 12:26:50 CDT 2026 ===
  Copy already exists, skipping.
  ManyBody output already exists, skipping.
WARNING: Using incubator modules: jdk.incubator.vector
 _________________________________________________________________________

        FORCE FIELD X - Polyglot Software for Molecular Biophysics 

        Version 1.0.0-6991  April 2026 
        Git Revision  937dfd3f3a84d0dc91f73b0419518078a8c41842 
 
        Please cite the following reference when using Force Field X:

        RA Gogal, AJ Nessler, AC Thiel, HV Bernabe, RA Corrigan Grove,
        LM Cousineau, JM Litman, JM Miller, G Qi, MJ Speranza,
        MR Tollefson, TD Fenn, JJ Michaelson, O Okada, JP Piquemal,
        JW Ponder, J Shen, RJH Smith, W Yang, P Ren and MJ Schnieders,
        2024, Journal of Chemical Physics, 161 (1).

        Copyright (c)  Michael J. Schnieders  2001-2026
        All Rights Reserved

        Force Field X is distributed under the GPL v. 3 license
        with linking exception and is hosted by the Schnieders Lab
        at The University of Iowa.

        User Manual:   https://ffx.biochem.uiowa.edu/manual.html
        Publications:  https://ffx.biochem.uiowa.edu/publications.html
        License:       https://ffx.biochem.uiowa.edu/licenses.html

 _________________________________________________________________________

 Wed Apr 29 12:26:51 CDT 2026
 Process ID 485883 on argon-itf-bx51-06.hpc.

 Command line arguments:
 [Minimize, -e, 0.1, /Dedicated/schnieders/maemmad/pKa_GNN/ffx_pipeline/data/fixed_pdbs/1HRC/1HRC_pH4.4.pdb_2, --saveInduced, --savePermanentMoments]

 Executing internal command: ffx.algorithms.commands.Minimize

 Initializing 1 topologies...
 Parsing: Internal force field (amoeba-bio-2018-cphmd).
 Parsing: Structure properties from (/Dedicated/schnieders/maemmad/pKa_GNN/ffx_pipeline/data/fixed_pdbs/1HRC/1HRC_input.properties).
 Parsing: JVM system properties (i.e. command line -Dkey=value pairs).

 Attempting to read force field patch from /Dedicated/schnieders/maemmad/pKa_GNN/naphosphate_solute.09Feb21.prm.

 Renumbering Patch: FALSE
 Reading 1HRC_pH4.4.pdb_2

 Assigning atom types for 1 chains.
 Amino acid chain A
 Constructing Force Field AMOEBA-BIO-2018-CPHMD

 SMP threads:                                20
 The system will be treated as aperiodic (max separation =   43.0 A).

 Bonded Terms
  Bonds:                                   1692
  Angles:                                  3082
  Stretch-Bends:                           2716
  Out-of-Plane Bends:                       945
  Torsions:                                4511
  Pi-Orbital Torsions:                      184
  Torsion-Torsions:                          11

 Non-Bonded Terms

  Van der Waals
   Cut-Off:                                NONE
   Long-Range Correction:                 FALSE

 Electrostatics
   Polarization:                         MUTUAL
    SCF Convergence Criteria:         1.000e-06
    SCF Predictor:                         NONE
    SCF Algorithm:                           CG
    CG Preconditioner Cut-Off:            4.500
    CG Preconditioner Ewald Coeff.:       0.000
    CG Preconditioner Scale:              2.000
    CG Preconditioner Mode:     FLETCHER_REEVES
    Electrostatics Cut-Off:                NONE

  Continuum Solvation
   Radii:                                SOLUTE
   Generalized Kirkwood Cut-Off:           NONE
   GKC:                                  2.4550
   Solvent Dielectric:                  78.3000
   Solute Dielectric:                    1.0000
   Descreen with vdW Radii:                TRUE
   Descreen with Hydrogen Atoms:          FALSE
   Descreen Offset:                      0.0000
   General HCT Scale Factor:             0.7200
   Non-Polar Model:                  GAUSS-DISP
    GaussVol Radii Offset:               0.0000
    GaussVol Radii Scale:                1.0000
   Dispersion Integral Offset:           1.0560 (A)
   Cavitation Solvent Pressure:          0.0334 (Kcal/mol/A^3)
   Cavitation Surface Tension:           0.1030 (Kcal/mol/A^2)
   Cavitation Cross-Over Radius:         9.2515 (A)

  Overall system charge:                 13.000

 Opened 1HRC_pH4.4.pdb_2 in 0.931 sec.

 System Resources
  Total CPU time:          17.55 (sec)
  System load average:      6.61
  Open file handles:         146 of  81920 allowed
  System memory:           93656 MB free out of  94320 MB
  System swap space:        2053 MB free out of   2053 MB
  JVM memory:               4038 MB free out of   4096 MB

 Minimizing energy of Single Topology  [1HRC_pH4.4.pdb_2] 
 Setting lambda to 0.000.
 Generalized Kirkwood  -3549.27424958      0.211
 Cavitation             1077.33816085      0.145
 Dispersion             -717.08821007      0.227

 Computed Potential Energy
  Bond Stretching            141.02958475         1692        0.002 ( 0.01575)
  Angle Bending              360.10754763         3082        0.003 ( 2.73185)
  Stretch-Bend                 2.49664692         2716        0.002
  Out-of-Plane Bend           15.79952030          945        0.001
  Torsional Angle             38.61031073         4511        0.004
  Pi-Orbital Torsion          15.09102756          184        0.000
  Torsion-Torsion            -63.04997670           11        0.000
  Van der Waals              258.52485067      1398876        0.458
  Atomic Multipoles        -1445.89805092      1398876
  Polarization              -554.11351892      1398876        3.240
  Solvation                -3189.02429880      1405326
  Total Potential          -4420.42635678  (Kcal/mole)        3.711 (sec)

 Limited Memory BFGS Quasi-Newton Optimization: 

 Cycle       Energy      G RMS    Delta E   Delta X    Angle  Evals     Time

     0   -4420.4264     2.3294
     1   -4431.5616     2.2026    11.1352    0.0019     0.00      3    2.966
     2   -4439.1874     1.4630     7.6258    0.0013    43.40      4    1.498
     3   -4447.4238     1.2796     8.2364    0.0024    42.71      5    1.431
     4   -4453.3317     1.8419     5.9079    0.0029    51.64      6    1.435
     5   -4459.0916     1.1444     5.7599    0.0020    63.82      7    1.344
     6   -4464.5924     1.0580     5.5009    0.0025    56.53      8    1.486
     7   -4469.3051     1.3669     4.7126    0.0031    62.57      9    1.467
     8   -4472.8346     1.5658     3.5296    0.0039    70.52     10    1.482
     9   -4476.0795     0.8402     3.2449    0.0009    50.01     11    1.518
    10   -4479.2460     0.8603     3.1665    0.0017    49.54     12    1.411
    11   -4481.9642     0.8913     2.7182    0.0021    67.62     13    1.403
    12   -4484.8805     1.3963     2.9163    0.0035    69.75     14    1.444
    13   -4488.3743     0.7613     3.4938    0.0038    77.50     15    1.518
    14   -4490.5297     0.7057     2.1554    0.0020    66.80     16    1.450
    15   -4493.2083     0.8842     2.6786    0.0030    66.40     17    1.425
    16   -4495.5208     1.0787     2.3125    0.0031    72.86     18    1.414
    17   -4497.8332     0.7281     2.3124    0.0024    74.72     19    1.437
    18   -4499.9687     0.6611     2.1354    0.0023    68.57     20    1.406
    19   -4502.1383     1.0957     2.1697    0.0035    71.30     21    1.470
    20   -4504.4979     0.7196     2.3596    0.0031    77.69     22    1.431
    21   -4506.5358     0.6552     2.0379    0.0026    71.60     23    1.388
    22   -4508.5851     0.9213     2.0493    0.0036    71.69     24    1.334
    23   -4510.6379     0.7784     2.0528    0.0028    76.09     25    1.367
    24   -4512.7615     0.6586     2.1236    0.0028    74.02     26    1.292
    25   -4514.2683     1.1795     1.5068    0.0045    74.57     27    1.304
    26   -4515.8851     0.6200     1.6167    0.0015    73.48     28    1.299
    27   -4517.0744     0.6271     1.1893    0.0011    65.56     29    1.364
    28   -4518.8862     0.7072     1.8118    0.0030    75.40     30    1.302
    29   -4520.4960     1.3488     1.6098    0.0053    78.91     31    1.308
    30   -4522.5531     0.6941     2.0572    0.0038    83.17     32    1.188
    31   -4524.1049     0.5136     1.5517    0.0028    77.67     33    1.195
    32   -4525.8106     0.7421     1.7057    0.0038    74.43     34    1.189
    33   -4527.3026     1.0211     1.4920    0.0043    79.87     35    1.171
    34   -4529.0590     0.6681     1.7564    0.0026    80.25     36    1.250
    35   -4531.3670     0.6087     2.3080    0.0039    74.29     37    1.401
    36   -4532.8041     1.0894     1.4371    0.0044    77.13     38    1.327
    37   -4534.2908     0.6861     1.4867    0.0022    80.25     39    1.386
    38   -4535.8241     0.5280     1.5332    0.0028    76.17     40    1.377
    39   -4536.9464     0.6472     1.1224    0.0026    76.55     41    1.282
    40   -4538.3420     0.7292     1.3955    0.0044    80.91     42    1.276
    41   -4539.8451     0.5639     1.5031    0.0039    81.30     43    1.338
    42   -4541.1650     0.7800     1.3200    0.0043    78.02     44    1.402
    43   -4542.3515     0.5617     1.1865    0.0024    78.35     45    1.385
    44   -4543.3812     0.5116     1.0297    0.0016    72.64     46    1.400
    45   -4544.7033     0.6879     1.3222    0.0032    75.28     47    1.337
    46   -4546.0545     0.6174     1.3512    0.0048    81.22     48    1.374
    47   -4546.9510     0.5338     0.8965    0.0021    78.94     49    1.419
    48   -4548.1912     0.4693     1.2402    0.0033    78.34     50    1.407
    49   -4549.2257     0.8901     1.0345    0.0045    78.15     51    1.412
    50   -4550.4789     0.4910     1.2532    0.0031    82.21     52    1.374
    51   -4551.4778     0.4422     0.9989    0.0022    75.49     53    1.403
    52   -4552.5693     0.5923     1.0915    0.0033    76.76     54    1.436
    53   -4553.6097     0.8028     1.0404    0.0045    80.62     55    1.345
    54   -4554.7496     0.5279     1.1399    0.0018    78.43     56    1.361
    55   -4556.1478     0.4737     1.3982    0.0034    75.18     57    1.333
    56   -4556.9304     0.6504     0.7825    0.0027    77.77     58    1.324
    57   -4557.8726     0.4669     0.9422    0.0025    81.20     59    1.366
    58   -4559.0147     0.5557     1.1421    0.0038    77.91     60    1.278
    59   -4559.8083     0.6840     0.7936    0.0034    78.98     61    1.288
    60   -4560.5084     0.4455     0.7001    0.0007    67.09     62    1.365
    61   -4561.5209     0.3643     1.0125    0.0020    71.38     63    1.343
    62   -4562.3915     0.5318     0.8706    0.0030    75.70     64    1.433
    63   -4562.9336     0.8582     0.5421    0.0045    81.64     65    1.469
    64   -4563.7544     0.4394     0.8208    0.0005    59.43     66    1.420
    65   -4564.6121     0.4007     0.8577    0.0018    70.98     67    1.435
    66   -4565.2511     0.4424     0.6390    0.0021    78.57     68    1.426
    67   -4565.9565     0.8006     0.7054    0.0029    78.76     69    1.391
    68   -4566.9108     0.4748     0.9543    0.0036    84.47     70    1.313
    69   -4567.6770     0.4310     0.7663    0.0019    75.42     71    1.153
    70   -4568.4285     0.4779     0.7514    0.0027    78.21     72    0.998
    71   -4569.1993     0.5137     0.7709    0.0018    73.95     73    0.991
    72   -4569.9464     0.4640     0.7471    0.0017    72.64     74    0.984
    73   -4570.5906     0.4222     0.6442    0.0023    78.40     75    0.971
    74   -4571.1813     0.3790     0.5907    0.0010    65.91     76    0.973
    75   -4571.8437     0.4750     0.6625    0.0018    70.02     77    0.959
    76   -4572.4090     0.3825     0.5652    0.0018    77.31     78    0.973
    77   -4572.8661     0.3421     0.4572    0.0012    74.33     79    0.985
    78   -4573.4347     0.3823     0.5686    0.0018    73.02     80    1.128
    79   -4573.8752     0.5922     0.4404    0.0023    75.68     81    0.973
    80   -4574.3821     0.3280     0.5069    0.0006    65.53     82    1.050
    81   -4574.8663     0.2932     0.4842    0.0010    64.09     83    1.126
    82   -4575.2392     0.3658     0.3729    0.0012    73.62     84    1.309
    83   -4575.7168     0.3427     0.4777    0.0019    77.60     85    1.433
    84   -4576.2260     0.2869     0.5092    0.0019    76.86     86    1.432
    85   -4576.6485     0.4772     0.4224    0.0021    74.27     87    1.389
    86   -4577.1089     0.3328     0.4604    0.0013    76.37     88    1.415
    87   -4577.5141     0.3000     0.4052    0.0008    67.14     89    1.306
    88   -4577.9605     0.4584     0.4464    0.0016    70.68     90    1.431
    89   -4578.3888     0.3250     0.4282    0.0018    79.62     91    1.417
    90   -4578.6760     0.2774     0.2872    0.0009    74.88     92    1.382
    91   -4579.0688     0.3013     0.3928    0.0016    75.00     93    1.417
    92   -4579.4468     0.4683     0.3780    0.0024    77.39     94    1.435
    93   -4579.8022     0.3192     0.3554    0.0011    78.86     95    1.439
    94   -4580.2531     0.2909     0.4509    0.0017    75.71     96    1.275
    95   -4580.6284     0.3876     0.3753    0.0018    77.41     97    1.247
    96   -4581.0803     0.3317     0.4519    0.0022    80.08     98    1.465
    97   -4581.4967     0.2962     0.4164    0.0016    76.89     99    1.375
    98   -4581.8696     0.3652     0.3729    0.0018    74.21    100    1.441
    99   -4582.1593     0.2970     0.2897    0.0006    66.42    101    1.400
   100   -4582.4632     0.2704     0.3039    0.0007    66.27    102    1.408
   101   -4582.8445     0.3671     0.3813    0.0017    74.33    103    1.391
   102   -4583.1570     0.4148     0.3125    0.0028    81.69    104    1.331
   103   -4583.4051     0.2523     0.2481    0.0004    68.71    105    1.392
   104   -4583.7314     0.2687     0.3263    0.0011    70.21    106    1.316
   105   -4584.0251     0.3145     0.2938    0.0014    78.26    107    1.231
   106   -4584.2784     0.5176     0.2533    0.0023    80.51    108    1.321
   107   -4584.6311     0.2669     0.3526    0.0014    82.00    109    1.443
   108   -4584.9146     0.2364     0.2835    0.0011    75.02    110    1.376
   109   -4585.2146     0.2772     0.3001    0.0013    74.60    111    1.386
   110   -4585.4621     0.5140     0.2475    0.0019    77.18    112    1.397
   111   -4585.8106     0.2626     0.3485    0.0010    79.07    113    1.387
   112   -4586.0853     0.2328     0.2746    0.0009    71.68    114    1.363
   113   -4586.3484     0.2950     0.2631    0.0011    73.27    115    1.372
   114   -4586.6340     0.4302     0.2857    0.0018    78.43    116    1.391
   115   -4586.9821     0.2767     0.3481    0.0015    81.25    117    1.339
   116   -4587.3109     0.2630     0.3288    0.0016    76.68    118    1.442
   117   -4587.5810     0.3712     0.2701    0.0015    76.05    119    1.433
   118   -4587.8781     0.2881     0.2971    0.0011    79.30    120    1.425
   119   -4588.2665     0.2801     0.3884    0.0018    76.93    121    1.322
   120   -4588.4872     0.4968     0.2208    0.0023    78.82    122    1.298
   121   -4588.7525     0.2686     0.2652    0.0005    74.70    123    1.306
   122   -4589.0381     0.2542     0.2856    0.0012    74.88    124    1.239
   123   -4589.2899     0.2916     0.2518    0.0017    81.13    125    1.265
   124   -4589.5997     0.4367     0.3099    0.0025    82.01    126    1.239
   125   -4590.0137     0.2710     0.4139    0.0033    85.05    127    1.333
   126   -4590.3483     0.3235     0.3346    0.0025    80.97    128    1.251
   127   -4590.7131     0.3420     0.3648    0.0025    80.55    129    1.218
   128   -4590.9969     0.2755     0.2838    0.0007    71.37    130    1.275
   129   -4591.3595     0.3165     0.3626    0.0013    72.24    131    1.276
   130   -4591.6843     0.3385     0.3247    0.0022    79.41    132    1.223
   131   -4591.9248     0.2682     0.2405    0.0011    80.58    133    1.190
   132   -4592.2755     0.2283     0.3507    0.0019    79.13    134    1.219
   133   -4592.6112     0.4175     0.3357    0.0031    80.05    135    1.196
   134   -4592.9113     0.3296     0.3001    0.0027    84.05    136    1.223
   135   -4593.1642     0.2440     0.2529    0.0009    78.39    137    1.214
   136   -4593.4963     0.2465     0.3321    0.0017    76.11    138    1.211
   137   -4593.7456     0.4373     0.2492    0.0029    81.14    139    1.144
   138   -4594.0124     0.2718     0.2668    0.0015    83.94    140    1.077
   139   -4594.3688     0.2470     0.3565    0.0028    81.91    141    1.122
   140   -4594.6484     0.2863     0.2796    0.0020    81.63    142    1.230
   141   -4594.9909     0.3806     0.3425    0.0025    81.11    143    1.343
   142   -4595.4250     0.2752     0.4341    0.0027    82.51    144    1.386
   143   -4595.7020     0.3390     0.2770    0.0015    75.60    145    1.421
   144   -4595.9678     0.2324     0.2657    0.0007    68.63    146    1.420
   145   -4596.1824     0.2192     0.2146    0.0006    63.05    147    1.391
   146   -4596.4337     0.3077     0.2513    0.0015    74.81    148    1.362
   147   -4596.6959     0.2348     0.2622    0.0020    82.59    149    1.409
   148   -4596.9298     0.2607     0.2339    0.0023    82.63    150    1.358
   149   -4597.1935     0.2885     0.2638    0.0031    83.38    151    1.346
   150   -4597.4302     0.2318     0.2366    0.0020    83.36    152    1.430
   151   -4597.6668     0.2460     0.2366    0.0023    81.50    153    1.338
   152   -4597.8818     0.2765     0.2150    0.0015    79.10    154    1.256
   153   -4598.1219     0.2388     0.2401    0.0012    78.53    155    1.239
   154   -4598.4232     0.2555     0.3013    0.0023    79.99    156    1.127
   155   -4598.6780     0.3266     0.2548    0.0030    82.68    157    1.305
   156   -4598.9072     0.2531     0.2292    0.0019    83.45    158    1.412
   157   -4599.1376     0.2217     0.2304    0.0017    81.28    159    1.373
   158   -4599.3933     0.3056     0.2557    0.0024    81.08    160    1.419
   159   -4599.6750     0.3395     0.2818    0.0032    83.95    161    1.442
   160   -4599.9359     0.2485     0.2608    0.0018    83.49    162    1.450
   161   -4600.2400     0.2537     0.3041    0.0026    80.83    163    1.403
   162   -4600.4624     0.4301     0.2225    0.0025    81.71    164    1.203
   163   -4600.7309     0.2912     0.2684    0.0012    82.65    165    1.305
   164   -4601.0988     0.1994     0.3679    0.0023    80.75    166    1.289
   165   -4601.3319     0.3679     0.2331    0.0027    80.74    167    1.374
   166   -4601.5624     0.2789     0.2305    0.0013    82.75    168    1.320
   167   -4601.9035     0.2391     0.3411    0.0017    79.11    169    1.346
   168   -4602.2003     0.4736     0.2968    0.0026    77.23    170    1.300
   169   -4602.4616     0.2913     0.2613    0.0009    77.48    171    1.308
   170   -4602.6328     0.2371     0.1712    0.0003    55.64    172    1.331
   171   -4602.8900     0.2274     0.2572    0.0010    72.57    173    1.476
   172   -4603.1468     0.4260     0.2569    0.0025    79.59    174    1.434
   173   -4603.3852     0.2586     0.2384    0.0016    83.87    175    1.421
   174   -4603.5907     0.2084     0.2055    0.0013    80.84    176    1.502
   175   -4603.8385     0.2602     0.2478    0.0021    79.54    177    1.470
   176   -4603.9856     0.4584     0.1472    0.0021    80.92    178    1.493
   177   -4604.1839     0.2361     0.1982    0.0004    71.71    179    1.350
   178   -4604.3718     0.1793     0.1880    0.0008    72.18    180    1.409
   179   -4604.5001     0.2037     0.1283    0.0008    77.03    181    1.465
   180   -4604.6838     0.2899     0.1837    0.0012    78.28    182    1.413
   181   -4604.9360     0.2048     0.2522    0.0019    82.57    183    1.353
   182   -4605.1107     0.3090     0.1748    0.0017    79.08    184    1.329
   183   -4605.2972     0.1947     0.1865    0.0011    79.97    185    1.423
   184   -4605.4477     0.1876     0.1505    0.0004    59.85    186    1.488
   185   -4605.6301     0.2583     0.1825    0.0007    64.65    187    1.369
   186   -4605.8024     0.2590     0.1723    0.0013    77.78    188    1.326
   187   -4605.9337     0.1778     0.1313    0.0005    75.33    189    1.380
   188   -4606.1174     0.1605     0.1838    0.0012    76.01    190    1.425
   189   -4606.2743     0.3279     0.1569    0.0017    77.64    191    1.469
   190   -4606.4548     0.2084     0.1804    0.0015    83.68    192    1.360
   191   -4606.6271     0.1698     0.1724    0.0011    78.46    193    1.332
   192   -4606.8027     0.2658     0.1756    0.0015    74.93    194    1.425
   193   -4606.9519     0.2623     0.1491    0.0012    79.23    195    1.398
   194   -4607.0901     0.1884     0.1382    0.0004    72.59    196    1.371
   195   -4607.2791     0.1615     0.1890    0.0010    73.51    197    1.449
   196   -4607.4078     0.3338     0.1288    0.0017    77.81    198    1.369
   197   -4607.5455     0.2002     0.1377    0.0008    82.33    199    1.508
   198   -4607.7146     0.1694     0.1691    0.0013    79.58    200    1.499
   199   -4607.8429     0.1933     0.1283    0.0012    80.15    201    1.397
   200   -4607.9432     0.3390     0.1003    0.0017    81.24    202    1.440
   201   -4608.0861     0.1750     0.1428    0.0007    80.34    203    1.413
   202   -4608.2287     0.1639     0.1426    0.0008    73.92    204    1.414
   203   -4608.3462     0.1901     0.1175    0.0009    78.02    205    1.300
   204   -4608.4378     0.3584     0.0916    0.0015    80.41    206    1.201
   205   -4608.5718     0.1835     0.1341    0.0008    82.50    207    1.231
   206   -4608.6856     0.1382     0.1138    0.0009    78.70    208    1.129
   207   -4608.7751     0.1685     0.0895    0.0009    78.49    209    1.149
   208   -4608.8767     0.2709     0.1015    0.0013    80.69    210    1.199
   209   -4609.0144     0.1680     0.1377    0.0014    83.91    211    1.236
   210   -4609.1319     0.1427     0.1175    0.0010    79.13    212    1.437
   211   -4609.2363     0.2677     0.1044    0.0014    76.26    213    1.464
   212   -4609.3453     0.1679     0.1090    0.0006    78.26    214    1.413
   213   -4609.4442     0.1607     0.0990    0.0006    75.03    215    1.443
   214   -4609.5780     0.1934     0.1337    0.0013    79.41    216    1.285
   215   -4609.6267     0.3968     0.0487    0.0023    83.02    217    1.336
   216   -4609.7078     0.2605     0.0811    0.0001    61.67    218    1.360
   217   -4609.8192     0.1217     0.1114    0.0006    76.99    219    1.310
   218   -4609.8853     0.1565     0.0661    0.0008    79.92    220    1.290
   219   -4609.9797     0.1801     0.0945    0.0014    83.75    221    1.318
   220   -4610.1097     0.2734     0.1299    0.0019    83.64    222    1.300
   221   -4610.2818     0.1955     0.1721    0.0026    85.77    223    1.433
   222   -4610.4162     0.1918     0.1344    0.0020    83.95    224    1.425
   223   -4610.5422     0.2147     0.1260    0.0018    81.94    225    1.355
   224   -4610.6402     0.1841     0.0980    0.0003    66.97    226    1.494
   225   -4610.7623     0.1801     0.1221    0.0007    71.38    227    1.440
   226   -4610.8496     0.2646     0.0873    0.0011    79.15    228    1.455
   227   -4610.9474     0.1611     0.0978    0.0007    82.60    229    1.405
   228   -4611.0677     0.1401     0.1203    0.0016    81.18    230    1.360
   229   -4611.1403     0.1683     0.0726    0.0011    82.42    231    1.414
   230   -4611.2414     0.1365     0.1011    0.0015    83.33    232    1.396
   231   -4611.3515     0.1743     0.1100    0.0018    80.95    233    1.367
   232   -4611.4168     0.2465     0.0654    0.0012    80.41    234    1.351
   233   -4611.4946     0.1437     0.0778    0.0002    68.47    235    1.324
   234   -4611.5966     0.1336     0.1020    0.0004    56.37    236    1.424
   235   -4611.6960     0.1831     0.0994    0.0011    79.13    237    1.461
   236   -4611.7878     0.2747     0.0918    0.0019    83.52    238    1.396
   237   -4611.8938     0.1485     0.1060    0.0012    84.65    239    1.419
   238   -4611.9802     0.1363     0.0864    0.0010    81.18    240    1.382
   239   -4612.0781     0.1893     0.0979    0.0013    80.24    241    1.405
   240   -4612.1820     0.2187     0.1038    0.0014    81.82    242    1.301
   241   -4612.2803     0.1471     0.0983    0.0005    76.25    243    1.381
   242   -4612.3872     0.1597     0.1069    0.0007    70.24    244    1.353
   243   -4612.4546     0.2059     0.0674    0.0006    72.36    245    1.279
   244   -4612.5302     0.1425     0.0756    0.0004    78.73    246    1.272
   245   -4612.6365     0.1219     0.1063    0.0010    77.68    247    1.237
   246   -4612.6979     0.2722     0.0614    0.0014    78.19    248    1.274
   247   -4612.7684     0.1474     0.0705    0.0004    78.63    249    1.222
   248   -4612.8467     0.1420     0.0783    0.0005    75.28    250    1.201
   249   -4612.9403     0.1755     0.0937    0.0010    79.27    251    1.216
   250   -4613.0601     0.1967     0.1197    0.0014    82.46    252    1.191
   251   -4613.1482     0.2721     0.0881    0.0021    83.44    253    1.208
   252   -4613.2449     0.1169     0.0967    0.0004    75.67    254    1.191
   253   -4613.2922     0.1200     0.0473    0.0002    50.17    255    1.190
   254   -4613.3622     0.1510     0.0701    0.0005    71.34    256    1.191
   255   -4613.4404     0.2326     0.0781    0.0010    79.77    257    1.174
   256   -4613.5329     0.1450     0.0925    0.0010    83.86    258    1.187
   257   -4613.6202     0.1349     0.0873    0.0011    81.10    259    1.130
   258   -4613.6871     0.2413     0.0669    0.0014    80.68    260    1.052
   259   -4613.7597     0.1432     0.0727    0.0004    78.01    261    1.057
   260   -4613.8426     0.1190     0.0829    0.0006    73.08    262    1.282
   261   -4613.9078     0.1381     0.0652    0.0007    77.98    263    1.374
   262   -4613.9725     0.2356     0.0646    0.0012    80.70    264    1.452
   263   -4614.0602     0.1322     0.0877    0.0010    83.62    265    1.385
   264   -4614.1328     0.1142     0.0726    0.0009    79.56    266    1.402
   265   -4614.1968     0.1873     0.0640    0.0010    78.18    267    1.425
   266   -4614.2631     0.1306     0.0663    0.0007    81.05    268    1.418
   267   -4614.3312     0.1221     0.0682    0.0006    77.18    269    1.418
   268   -4614.4014     0.2030     0.0701    0.0011    78.10    270    1.421
   269   -4614.4762     0.1400     0.0748    0.0009    82.16    271    1.417
   270   -4614.5416     0.1228     0.0655    0.0007    79.47    272    1.344
   271   -4614.6138     0.1841     0.0722    0.0012    80.04    273    1.323
   272   -4614.6755     0.1459     0.0618    0.0011    83.43    274    1.281
   273   -4614.7200     0.1220     0.0444    0.0004    79.25    275    1.407
   274   -4614.7917     0.1120     0.0718    0.0008    79.04    276    1.330
   275   -4614.8790     0.1672     0.0873    0.0015    80.41    277    1.328
   276   -4614.9498     0.1352     0.0708    0.0015    84.91    278    1.353
   277   -4615.0128     0.1409     0.0630    0.0012    83.88    279    1.341
   278   -4615.1028     0.1183     0.0900    0.0015    83.12    280    1.392
   279   -4615.1722     0.2420     0.0694    0.0016    79.26    281    1.358
   280   -4615.2523     0.1233     0.0801    0.0004    76.20    282    1.403
   281   -4615.3098     0.1182     0.0575    0.0002    55.26    283    1.475
   282   -4615.3917     0.1471     0.0819    0.0008    75.42    284    1.422
   283   -4615.4459     0.2657     0.0541    0.0016    82.20    285    1.518
   284   -4615.5146     0.1233     0.0687    0.0005    81.69    286    1.503
   285   -4615.5681     0.1107     0.0536    0.0008    81.30    287    1.464
   286   -4615.6254     0.1306     0.0572    0.0011    82.91    288    1.309
   287   -4615.7011     0.1976     0.0757    0.0015    83.39    289    1.386
   288   -4615.7932     0.1406     0.0921    0.0021    85.92    290    1.422
   289   -4615.8593     0.1500     0.0661    0.0010    81.70    291    1.421
   290   -4615.9365     0.1418     0.0772    0.0007    77.78    292    1.446
   291   -4616.0309     0.1630     0.0944    0.0009    77.91    293    1.350
   292   -4616.0914     0.3011     0.0604    0.0016    81.90    294    1.441
   293   -4616.1753     0.1358     0.0839    0.0006    82.56    295    1.323
   294   -4616.2242     0.1085     0.0489    0.0006    80.23    296    1.235
   295   -4616.2734     0.1262     0.0492    0.0008    81.32    297    1.284
   296   -4616.3455     0.1725     0.0721    0.0012    82.75    298    1.312
   297   -4616.4357     0.1493     0.0902    0.0020    85.25    299    1.448
   298   -4616.5023     0.1540     0.0666    0.0015    84.17    300    1.407
   299   -4616.5684     0.1346     0.0661    0.0010    82.54    301    1.400
   300   -4616.6444     0.1367     0.0760    0.0008    78.48    302    1.521
   301   -4616.7231     0.1835     0.0787    0.0013    80.32    303    1.481
   302   -4616.7946     0.1441     0.0715    0.0013    83.64    304    1.363
   303   -4616.8491     0.1201     0.0545    0.0006    81.32    305    1.431
   304   -4616.9241     0.1221     0.0750    0.0010    79.66    306    1.355
   305   -4616.9955     0.2026     0.0714    0.0019    82.66    307    1.385
   306   -4617.0552     0.1293     0.0597    0.0009    84.34    308    1.349
   307   -4617.1135     0.1091     0.0583    0.0009    81.77    309    1.374
   308   -4617.1665     0.1216     0.0530    0.0008    80.61    310    1.373
   309   -4617.2173     0.1986     0.0508    0.0013    82.20    311    1.332
   310   -4617.2847     0.1164     0.0674    0.0008    83.19    312    1.310
   311   -4617.3542     0.1082     0.0695    0.0009    79.00    313    1.329
   312   -4617.4056     0.1588     0.0514    0.0008    79.44    314    1.320
   313   -4617.4748     0.1221     0.0692    0.0010    82.79    315    1.292
   314   -4617.5513     0.1424     0.0765    0.0011    80.39    316    1.340
   315   -4617.6193     0.1814     0.0680    0.0014    81.46    317    1.385
   316   -4617.6792     0.1221     0.0599    0.0002    68.14    318    1.198
   317   -4617.7589     0.1228     0.0797    0.0006    72.73    319    1.141
   318   -4617.8294     0.2021     0.0704    0.0014    82.23    320    1.107
   319   -4617.9086     0.1514     0.0792    0.0020    86.09    321    1.096
   320   -4617.9689     0.1203     0.0603    0.0010    83.78    322    1.122
   321   -4618.0485     0.1291     0.0796    0.0011    79.78    323    1.135
   322   -4618.1173     0.1924     0.0688    0.0009    77.04    324    1.229
   323   -4618.1869     0.1261     0.0696    0.0004    75.50    325    1.404
   324   -4618.2460     0.1063     0.0591    0.0004    64.16    326    1.541
   325   -4618.2812     0.1332     0.0352    0.0004    72.85    327    1.457
   326   -4618.3222     0.0989     0.0410    0.0003    75.03    328    1.498

 Optimization achieved convergence criteria:  0.09889
 Generalized Kirkwood  -3483.36458613      0.077
 Cavitation             1083.31512249      0.049
 Dispersion             -764.14878046      0.081

 Computed Potential Energy
  Bond Stretching            146.50234352         1692        0.000 ( 0.01601)
  Angle Bending              346.07005452         3082        0.000 ( 2.68669)
  Stretch-Bend                 3.28457526         2716        0.000
  Out-of-Plane Bend           10.41736273          945        0.000
  Torsional Angle             10.03804667         4511        0.000
  Pi-Orbital Torsion          12.14167589          184        0.000
  Torsion-Torsion            -64.51072707           11        0.000
  Van der Waals              217.57810874      1398876        0.012
  Atomic Multipoles        -1574.50270957      1398876
  Polarization              -561.14273524      1398876        0.979
  Solvation                -3164.19824410      1405326
  Total Potential          -4618.32224867  (Kcal/mole)        0.992 (sec)
 Setting atom names to PDB standard.
 Saving 1HRC_pH4.4.pdb_4
 Wrote induced dipoles to: /Dedicated/schnieders/maemmad/pKa_GNN/ffx_pipeline/data/fixed_pdbs/1HRC/1HRC_pH4.4.uind
 Wrote permanent multipoles to: /Dedicated/schnieders/maemmad/pKa_GNN/ffx_pipeline/data/fixed_pdbs/1HRC/1HRC_pH4.4.uperm

 Script wall clock time: 446.638 (sec)
=== Titration pH 4.4 done: Wed Apr 29 12:34:19 CDT 2026 ===
