 Evaluating /Dedicated/schnieders/programs/stack-2021.1.sh
  Loading Modules
   Stack 2021.1
   GCC 9.3.0
   CMake 3.20.0
   Eigen 3.3.9
   Cuda 11.1.1
   Cuda: /usr/share/apps/2021.1/arch/gcc-9.3.0/cuda-11.1.1
   CudaNN 8.0.5.39-11.1
   Swig 4.0.2_gcc-9.3.0
  Loading software from /Dedicated/schnieders/programs/local
   Ant: /Dedicated/schnieders/programs/apache-ant-1.10.11
   FFX: /Dedicated/schnieders/programs/ffx-builds/forcefieldx-2026-01-04
   GDMA: /Dedicated/schnieders/programs/gdma-2.3
   Groovy: /Dedicated/schnieders/programs/groovy-4.0.1
   Java: /Dedicated/schnieders/programs/jdk-25.0.1
   Maven: /Dedicated/schnieders/programs/apache-maven-3.9.5
   VMD: /Dedicated/schnieders/programs/vmd
   NAMD: /Dedicated/schnieders/programs/NAMD_3.0alpha7_Linux-x86_64-multicore-CUDA
   OpenEye: /Dedicated/schnieders/programs/OpenEye
   Tinker: /Dedicated/schnieders/programs/tinker-tools
=== Titration pH 8.55 started: Thu Apr 30 08:12:28 CDT 2026 ===
  Copy already exists, skipping.
  ManyBody output already exists, skipping.
WARNING: Using incubator modules: jdk.incubator.vector
 _________________________________________________________________________

        FORCE FIELD X - Polyglot Software for Molecular Biophysics 

        Version 1.0.0-6991  April 2026 
        Git Revision  937dfd3f3a84d0dc91f73b0419518078a8c41842 
 
        Please cite the following reference when using Force Field X:

        RA Gogal, AJ Nessler, AC Thiel, HV Bernabe, RA Corrigan Grove,
        LM Cousineau, JM Litman, JM Miller, G Qi, MJ Speranza,
        MR Tollefson, TD Fenn, JJ Michaelson, O Okada, JP Piquemal,
        JW Ponder, J Shen, RJH Smith, W Yang, P Ren and MJ Schnieders,
        2024, Journal of Chemical Physics, 161 (1).

        Copyright (c)  Michael J. Schnieders  2001-2026
        All Rights Reserved

        Force Field X is distributed under the GPL v. 3 license
        with linking exception and is hosted by the Schnieders Lab
        at The University of Iowa.

        User Manual:   https://ffx.biochem.uiowa.edu/manual.html
        Publications:  https://ffx.biochem.uiowa.edu/publications.html
        License:       https://ffx.biochem.uiowa.edu/licenses.html

 _________________________________________________________________________

 Thu Apr 30 08:12:29 CDT 2026
 Process ID 63452 on argon-itf-bx50-02.hpc.

 Command line arguments:
 [Minimize, -e, 0.1, /Dedicated/schnieders/maemmad/pKa_GNN/ffx_pipeline/data/fixed_pdbs/2KIX/2KIX_pH8.55.pdb_2, --saveInduced, --savePermanentMoments]

 Executing internal command: ffx.algorithms.commands.Minimize

 Initializing 1 topologies...
 Parsing: Internal force field (amoeba-bio-2018-cphmd).
 Parsing: Structure properties from (/Dedicated/schnieders/maemmad/pKa_GNN/ffx_pipeline/data/fixed_pdbs/2KIX/2KIX_input.properties).
 Parsing: JVM system properties (i.e. command line -Dkey=value pairs).

 Attempting to read force field patch from /Dedicated/schnieders/maemmad/pKa_GNN/naphosphate_solute.09Feb21.prm.

 Renumbering Patch: FALSE
 Reading 2KIX_pH8.55.pdb_2

 Assigning atom types for 4 chains.
 Amino acid chain A
 Amino acid chain B
 Amino acid chain C
 Amino acid chain D
 Constructing Force Field AMOEBA-BIO-2018-CPHMD

 SMP threads:                                80
 The system will be treated as aperiodic (max separation =   55.5 A).

 Bonded Terms
  Bonds:                                   2257
  Angles:                                  4091
  Stretch-Bends:                           3572
  Out-of-Plane Bends:                      1350
  Torsions:                                5990
  Pi-Orbital Torsions:                      288
  Torsion-Torsions:                           4

 Non-Bonded Terms

  Van der Waals
   Cut-Off:                                NONE
   Long-Range Correction:                 FALSE

 Electrostatics
   Polarization:                         MUTUAL
    SCF Convergence Criteria:         1.000e-06
    SCF Predictor:                         NONE
    SCF Algorithm:                           CG
    CG Preconditioner Cut-Off:            4.500
    CG Preconditioner Ewald Coeff.:       0.000
    CG Preconditioner Scale:              2.000
    CG Preconditioner Mode:     FLETCHER_REEVES
    Electrostatics Cut-Off:                NONE

  Continuum Solvation
   Radii:                                SOLUTE
   Generalized Kirkwood Cut-Off:           NONE
   GKC:                                  2.4550
   Solvent Dielectric:                  78.3000
   Solute Dielectric:                    1.0000
   Descreen with vdW Radii:                TRUE
   Descreen with Hydrogen Atoms:          FALSE
   Descreen Offset:                      0.0000
   General HCT Scale Factor:             0.7200
   Non-Polar Model:                  GAUSS-DISP
    GaussVol Radii Offset:               0.0000
    GaussVol Radii Scale:                1.0000
   Dispersion Integral Offset:           1.0560 (A)
   Cavitation Solvent Pressure:          0.0334 (Kcal/mol/A^3)
   Cavitation Surface Tension:           0.1030 (Kcal/mol/A^2)
   Cavitation Cross-Over Radius:         9.2515 (A)

  Overall system charge:                 13.000

 Opened 2KIX_pH8.55.pdb_2 in 1.333 sec.

 System Resources
  Total CPU time:          38.87 (sec)
  System load average:     30.89
  Open file handles:         146 of  81920 allowed
  System memory:           72446 MB free out of  95213 MB
  System swap space:        2053 MB free out of   2053 MB
  JVM memory:               3977 MB free out of   4096 MB

 Minimizing energy of Single Topology  [2KIX_pH8.55.pdb_2] 
 Setting lambda to 0.000.
 Generalized Kirkwood  -3035.66757070      0.273
 Cavitation             1449.52917973      0.249
 Dispersion            -1094.71268964      0.393

 Computed Potential Energy
  Bond Stretching            216.16878078         2257        0.013 ( 0.01677)
  Angle Bending              471.51974212         4091        0.011 ( 2.74920)
  Stretch-Bend                 2.59921483         3572        0.003
  Out-of-Plane Bend           19.26412362         1350        0.002
  Torsional Angle            141.56041382         5990        0.007
  Pi-Orbital Torsion          20.41482210          288        0.006
  Torsion-Torsion            -16.77334312            4        0.001
  Van der Waals              537.29231517      2476758        0.679
  Atomic Multipoles        -1537.59827284      2476758
  Polarization              -645.21950477      2476758        6.187
  Solvation                -2680.85108061      2485335
  Total Potential          -3471.62278890  (Kcal/mole)        6.913 (sec)

 Limited Memory BFGS Quasi-Newton Optimization: 

 Cycle       Energy      G RMS    Delta E   Delta X    Angle  Evals     Time

     0   -3471.6228     4.6875
     1   -3495.0500     1.8641    23.4272    0.0016     0.00      3   11.732
     2   -3500.5421     1.3742     5.4921    0.0005    20.52      4    4.785
     3   -3509.4560     1.0419     8.9139    0.0013    17.18      5    4.610
     4   -3521.9319     1.1866    12.4759    0.0028    21.79      6    4.473
     5   -3528.7279     2.1307     6.7960    0.0043    53.61      7    5.024
     6   -3536.2780     1.1345     7.5501    0.0015    55.44      8    4.801
     7   -3541.1188     0.8577     4.8408    0.0013    47.96      9    4.696
     8   -3545.9937     0.9984     4.8749    0.0024    58.90     10    4.580
     9   -3550.7299     1.5809     4.7362    0.0036    67.65     11    4.695
    10   -3556.0806     1.0603     5.3507    0.0028    75.11     12    5.114
    11   -3561.6415     0.8103     5.5609    0.0032    68.93     13    4.686
    12   -3566.0336     1.0943     4.3921    0.0032    65.43     14    5.041
    13   -3569.9443     1.1231     3.9107    0.0035    72.62     15    4.396
    14   -3573.6054     0.7918     3.6611    0.0018    68.54     16    4.275
    15   -3577.6016     0.7424     3.9962    0.0025    62.62     17    4.628
    16   -3580.9097     1.1201     3.3081    0.0033    69.99     18    4.782
    17   -3584.6794     0.7654     3.7697    0.0039    77.62     19    4.297
    18   -3587.4927     0.7126     2.8133    0.0026    72.06     20    4.886
    19   -3590.7305     0.7924     3.2379    0.0035    71.96     21    4.605
    20   -3593.9358     0.9381     3.2053    0.0037    74.23     22    5.012
    21   -3597.5714     0.7680     3.6356    0.0037    76.27     23    4.619
    22   -3600.9326     0.8650     3.3612    0.0042    74.19     24    5.072
    23   -3603.7882     0.8845     2.8556    0.0035    75.99     25    4.524
    24   -3606.5039     0.6867     2.7157    0.0021    73.49     26    5.179
    25   -3610.0738     0.7744     3.5699    0.0040    72.92     27    4.492
    26   -3612.8862     0.9861     2.8124    0.0051    77.43     28    6.130
    27   -3615.4622     0.7271     2.5760    0.0029    79.80     29    4.611
    28   -3618.8878     0.6852     3.4256    0.0046    76.75     30    4.459
    29   -3621.4701     1.0492     2.5822    0.0044    76.86     31    4.019
    30   -3624.5591     0.7032     3.0890    0.0042    80.54     32    5.097
    31   -3627.3576     0.6696     2.7985    0.0034    75.72     33    5.603
    32   -3630.1444     0.9240     2.7869    0.0046    75.89     34    6.611
    33   -3632.7207     0.7948     2.5762    0.0030    77.02     35    6.664
    34   -3635.2162     0.6552     2.4956    0.0023    73.79     36    6.350
    35   -3638.0558     0.8212     2.8396    0.0045    75.37     37    6.960
    36   -3640.0774     1.0535     2.0216    0.0051    80.37     38    7.255
    37   -3641.9593     0.6624     1.8819    0.0010    71.37     39    5.184
    38   -3644.5155     0.5275     2.5562    0.0034    75.66     40    5.951
    39   -3646.4473     0.6825     1.9318    0.0038    78.56     41    5.738
    40   -3648.5285     0.8711     2.0812    0.0051    81.68     42    6.077
    41   -3650.9226     0.5989     2.3940    0.0051    83.35     43    6.325
    42   -3653.1784     0.6558     2.2559    0.0039    77.16     44    5.526
    43   -3655.1995     0.8200     2.0211    0.0040    75.92     45    7.077
    44   -3657.0034     0.5921     1.8039    0.0010    63.48     46    6.864
    45   -3659.2851     0.5563     2.2817    0.0022    65.57     47    6.002
    46   -3660.8043     0.8036     1.5192    0.0029    75.69     48    6.525
    47   -3662.6257     0.5571     1.8214    0.0036    82.35     49    6.289
    48   -3664.5725     0.5943     1.9468    0.0048    79.63     50    6.926
    49   -3666.0103     0.7127     1.4378    0.0037    79.68     51    5.967
    50   -3667.5147     0.5211     1.5044    0.0018    76.48     52    5.819
    51   -3669.5594     0.4909     2.0447    0.0027    71.25     53    8.008
    52   -3670.9966     0.8895     1.4372    0.0035    73.65     54    6.065
    53   -3672.4949     0.5565     1.4983    0.0023    80.49     55    6.806
    54   -3673.8019     0.4652     1.3070    0.0018    75.09     56    7.085
    55   -3675.3497     0.5204     1.5478    0.0029    75.52     57    6.046
    56   -3676.0760     1.1359     0.7263    0.0044    78.37     58    5.890
    57   -3677.2371     0.6726     1.1611    0.0004    60.59     59    6.130
    58   -3678.6227     0.3897     1.3856    0.0014    69.14     60    5.146
    59   -3679.3366     0.4486     0.7139    0.0014    75.91     61    5.927
    60   -3680.5222     0.4907     1.1856    0.0021    77.09     62    6.200
    61   -3681.9351     0.6808     1.4129    0.0037    78.82     63    6.984
    62   -3683.4432     0.4291     1.5081    0.0041    82.01     64    6.413
    63   -3684.2791     0.4258     0.8359    0.0014    73.53     65    7.006
    64   -3685.5454     0.4140     1.2663    0.0018    71.02     66    7.878
    65   -3686.7406     0.8471     1.1952    0.0031    72.75     67    7.195
    66   -3687.9280     0.4300     1.1874    0.0020    79.20     68    7.006
    67   -3688.6242     0.3642     0.6963    0.0006    57.71     69    7.686
    68   -3689.6353     0.4024     1.0111    0.0016    69.25     70    6.939
    69   -3690.6002     0.6764     0.9649    0.0033    76.93     71    6.910
    70   -3691.4472     0.4229     0.8469    0.0020    81.64     72    6.965
    71   -3692.2196     0.3583     0.7724    0.0019    78.58     73    7.316
    72   -3693.1138     0.4471     0.8941    0.0027    78.11     74    5.283
    73   -3693.9362     0.7048     0.8224    0.0035    80.15     75    7.147
    74   -3694.9068     0.4255     0.9706    0.0016    80.12     76    6.866
    75   -3696.0583     0.3653     1.1515    0.0025    75.25     77    5.896
    76   -3696.8067     0.4835     0.7483    0.0020    77.22     78    4.878
    77   -3697.8810     0.4065     1.0744    0.0029    80.91     79    5.537
    78   -3698.9932     0.6362     1.1122    0.0041    78.96     80    5.072
    79   -3699.9669     0.4205     0.9737    0.0024    79.79     81    5.113
    80   -3700.6260     0.3527     0.6590    0.0005    53.67     82    4.174
    81   -3701.5396     0.3942     0.9136    0.0014    66.02     83    6.147
    82   -3702.3399     0.6396     0.8003    0.0034    78.20     84    7.292
    83   -3703.0708     0.3792     0.7309    0.0015    81.06     85    4.987
    84   -3703.8110     0.3503     0.7402    0.0023    79.54     86    5.006
    85   -3704.5435     0.4095     0.7325    0.0026    80.50     87    4.885
    86   -3705.3103     0.5595     0.7668    0.0035    81.19     88    5.611
    87   -3706.1632     0.3319     0.8529    0.0023    81.74     89    4.801
    88   -3706.8541     0.3282     0.6909    0.0015    72.25     90    5.195
    89   -3707.4233     0.5107     0.5692    0.0016    71.45     91    5.474
    90   -3708.0661     0.3220     0.6428    0.0010    75.97     92    5.713
    91   -3708.8918     0.3290     0.8256    0.0021    73.92     93    4.796
    92   -3709.4823     0.4645     0.5906    0.0021    77.77     94    4.912
    93   -3710.1757     0.3584     0.6934    0.0026    82.28     95    4.978
    94   -3710.8459     0.3435     0.6702    0.0021    78.83     96    4.433
    95   -3711.5158     0.4665     0.6700    0.0028    78.04     97    4.499
    96   -3712.0946     0.3415     0.5788    0.0012    77.60     98    4.409
    97   -3712.7361     0.3450     0.6414    0.0016    75.60     99    4.372
    98   -3713.4059     0.4776     0.6698    0.0028    79.32    100    4.490
    99   -3713.9434     0.5214     0.5375    0.0038    83.58    101    4.229
   100   -3714.4393     0.3118     0.4959    0.0003    46.85    102    5.078
   101   -3715.1101     0.2905     0.6708    0.0015    71.96    103    4.414
   102   -3715.6125     0.3538     0.5024    0.0021    80.70    104    3.989
   103   -3716.1791     0.5162     0.5666    0.0029    81.44    105    4.187
   104   -3716.8977     0.3405     0.7187    0.0036    84.98    106    4.432
   105   -3717.4984     0.3457     0.6006    0.0019    78.40    107    4.088
   106   -3718.1143     0.3659     0.6159    0.0020    76.29    108    4.294
   107   -3718.6579     0.3195     0.5436    0.0008    68.00    109    4.099
   108   -3719.3221     0.3279     0.6641    0.0015    69.52    110    4.810
   109   -3719.7146     0.4589     0.3925    0.0017    75.06    111    4.099
   110   -3720.1232     0.2708     0.4086    0.0009    78.88    112    4.185
   111   -3720.6712     0.2769     0.5480    0.0019    76.14    113    4.323
   112   -3721.1102     0.3632     0.4390    0.0021    81.16    114    4.371
   113   -3721.6296     0.4148     0.5195    0.0030    83.01    115    5.124
   114   -3722.2526     0.3012     0.6230    0.0026    83.07    116    4.596
   115   -3722.8840     0.4267     0.6314    0.0028    78.66    117    4.796
   116   -3723.4365     0.3792     0.5525    0.0021    80.14    118    3.905
   117   -3723.8811     0.2940     0.4446    0.0008    74.43    119    5.389
   118   -3724.4738     0.2929     0.5926    0.0017    74.94    120    4.317
   119   -3725.0344     0.4234     0.5607    0.0033    80.62    121    4.074
   120   -3725.5173     0.3306     0.4828    0.0019    83.19    122    4.207
   121   -3726.1830     0.2653     0.6658    0.0030    81.64    123    4.605
   122   -3726.6481     0.4534     0.4651    0.0031    79.70    124    4.486
   123   -3727.0555     0.2884     0.4074    0.0013    81.04    125    5.125
   124   -3727.5131     0.2770     0.4576    0.0013    76.26    126    4.505
   125   -3728.0715     0.3613     0.5584    0.0023    78.39    127    4.472
   126   -3728.3341     0.7083     0.2626    0.0034    82.08    128    4.522
   127   -3728.7579     0.4219     0.4238    0.0002    62.82    129    4.399
   128   -3729.3249     0.2392     0.5669    0.0012    75.68    130    4.206
   129   -3729.6600     0.3018     0.3352    0.0016    80.15    131    4.282
   130   -3730.1920     0.3356     0.5319    0.0027    83.00    132    4.189
   131   -3730.4993     0.7198     0.3074    0.0036    82.41    133    4.311
   132   -3730.9972     0.4616     0.4979    0.0015    85.07    134    4.114
   133   -3731.6318     0.2331     0.6346    0.0025    82.64    135    4.576
   134   -3731.9762     0.2791     0.3444    0.0015    79.23    136    4.698
   135   -3732.4744     0.3435     0.4982    0.0023    80.60    137    4.509
   136   -3733.0093     0.3549     0.5349    0.0031    82.01    138    4.320
   137   -3733.4009     0.2556     0.3915    0.0012    78.87    139    4.512
   138   -3733.8354     0.2952     0.4345    0.0012    71.34    140    4.374
   139   -3734.2793     0.3708     0.4439    0.0017    77.93    141    4.489
   140   -3734.7403     0.3731     0.4610    0.0023    81.86    142    4.701
   141   -3735.1697     0.2693     0.4294    0.0020    82.82    143    5.226
   142   -3735.6008     0.2915     0.4311    0.0023    81.03    144    4.369
   143   -3736.0004     0.3704     0.3996    0.0027    82.41    145    4.206
   144   -3736.4977     0.2940     0.4972    0.0026    83.75    146    4.314
   145   -3737.0263     0.3190     0.5286    0.0031    81.83    147    4.114
   146   -3737.4206     0.4336     0.3943    0.0033    82.85    148    4.391
   147   -3737.8005     0.2693     0.3799    0.0007    76.70    149    4.701
   148   -3738.3423     0.2250     0.5419    0.0020    78.10    150    4.596
   149   -3738.7579     0.3458     0.4155    0.0031    82.10    151    4.784
   150   -3739.0312     0.5424     0.2733    0.0046    85.51    152    4.819
   151   -3739.4268     0.2744     0.3957    0.0007    78.60    153    4.401
   152   -3739.8445     0.2357     0.4177    0.0019    79.48    154    5.599
   153   -3740.1492     0.2614     0.3047    0.0020    82.73    155    3.876
   154   -3740.5131     0.4760     0.3640    0.0028    82.79    156    4.623
   155   -3741.0146     0.3073     0.5015    0.0036    86.34    157    4.508
   156   -3741.4591     0.2791     0.4445    0.0023    82.21    158    4.375
   157   -3741.9584     0.3535     0.4993    0.0029    80.78    159    5.026
   158   -3742.4303     0.3332     0.4719    0.0015    78.82    160    4.379
   159   -3742.9318     0.3237     0.5015    0.0019    78.05    161    4.310
   160   -3743.2418     0.3965     0.3101    0.0021    80.69    162    4.487
   161   -3743.5253     0.2621     0.2834    0.0004    69.34    163    4.720
   162   -3743.9548     0.2326     0.4295    0.0016    78.06    164    4.279
   163   -3744.4652     0.3349     0.5104    0.0034    81.92    165    5.196
   164   -3744.7720     0.6594     0.3068    0.0044    83.99    166    4.625
   165   -3745.2527     0.3741     0.4806    0.0013    83.72    167    4.989
   166   -3745.8153     0.2260     0.5626    0.0023    81.22    168    4.790
   167   -3746.1156     0.2548     0.3003    0.0017    81.37    169    4.513
   168   -3746.5503     0.3802     0.4347    0.0025    81.74    170    5.486
   169   -3747.1531     0.2809     0.6028    0.0037    84.72    171    4.512
   170   -3747.7579     0.3352     0.6048    0.0032    81.12    172    4.702
   171   -3748.1684     0.5346     0.4105    0.0035    81.12    173    4.084
   172   -3748.6843     0.2453     0.5159    0.0005    66.62    174    4.617
   173   -3748.9917     0.2318     0.3074    0.0007    65.96    175    4.281
   174   -3749.3379     0.2635     0.3462    0.0009    71.61    176    4.824
   175   -3749.6637     0.4561     0.3259    0.0023    80.30    177    4.174
   176   -3750.1073     0.2543     0.4435    0.0022    84.73    178    4.232
   177   -3750.4917     0.2386     0.3845    0.0026    83.15    179    4.190
   178   -3750.8846     0.3732     0.3929    0.0035    83.27    180    4.498
   179   -3751.2744     0.3407     0.3898    0.0035    85.07    181    4.003
   180   -3751.5952     0.2319     0.3208    0.0006    73.87    182    4.600
   181   -3751.9942     0.2566     0.3990    0.0012    69.70    183    4.482
   182   -3752.2856     0.3652     0.2914    0.0017    79.21    184    3.914
   183   -3752.6022     0.2697     0.3166    0.0015    83.97    185    3.902
   184   -3753.0384     0.2209     0.4361    0.0028    82.72    186    4.293
   185   -3753.2947     0.4159     0.2563    0.0034    81.78    187    4.114
   186   -3753.5521     0.2300     0.2574    0.0006    76.76    188    4.597
   187   -3753.8490     0.2236     0.2969    0.0008    71.66    189    4.516
   188   -3754.1612     0.2713     0.3122    0.0015    78.91    190    3.986
   189   -3754.4319     0.4961     0.2706    0.0025    81.96    191    4.180
   190   -3754.7986     0.2348     0.3668    0.0016    84.08    192    4.395
   191   -3755.0645     0.1797     0.2659    0.0011    77.11    193    4.516
   192   -3755.2913     0.2377     0.2268    0.0011    76.02    194    4.297
   193   -3755.5075     0.3827     0.2161    0.0017    80.60    195    3.993
   194   -3755.7810     0.2183     0.2735    0.0010    81.82    196    4.102
   195   -3756.0484     0.1866     0.2675    0.0011    76.77    197    4.018
   196   -3756.2806     0.2477     0.2322    0.0012    77.00    198    4.196
   197   -3756.5227     0.2964     0.2421    0.0018    80.82    199    4.876
   198   -3756.7737     0.1963     0.2511    0.0010    80.36    200    3.907
   199   -3757.0514     0.2042     0.2776    0.0014    76.19    201    4.511
   200   -3757.2312     0.3309     0.1798    0.0014    78.83    202    3.905
   201   -3757.4447     0.2088     0.2136    0.0009    82.16    203    4.578
   202   -3757.7107     0.1861     0.2659    0.0016    79.57    204    4.305
   203   -3757.8893     0.2526     0.1787    0.0014    80.82    205    4.293
   204   -3758.1300     0.2077     0.2407    0.0020    83.80    206    4.724
   205   -3758.3952     0.2246     0.2652    0.0021    81.86    207    4.077
   206   -3758.6412     0.2997     0.2460    0.0025    81.87    208    4.533
   207   -3758.8602     0.2005     0.2190    0.0006    76.00    209    4.306
   208   -3759.1295     0.2011     0.2693    0.0012    75.06    210    4.285
   209   -3759.3677     0.2980     0.2382    0.0020    81.76    211    4.300
   210   -3759.6583     0.2434     0.2906    0.0030    85.39    212    3.901
   211   -3759.9176     0.2114     0.2593    0.0018    83.03    213    4.275
   212   -3760.2249     0.2376     0.3074    0.0026    81.73    214    5.011
   213   -3760.4722     0.2889     0.2472    0.0017    80.86    215    4.308
   214   -3760.7236     0.2157     0.2515    0.0010    80.06    216    4.209
   215   -3760.9992     0.2160     0.2755    0.0015    76.69    217    4.497
   216   -3761.1950     0.3121     0.1959    0.0016    80.58    218    4.290
   217   -3761.4109     0.2229     0.2159    0.0005    75.46    219    4.087
   218   -3761.7172     0.1595     0.3063    0.0011    74.83    220    4.628
   219   -3761.8852     0.3525     0.1680    0.0017    75.68    221    4.304
   220   -3762.0576     0.1994     0.1724    0.0005    77.65    222    4.593
   221   -3762.2222     0.1846     0.1646    0.0006    74.10    223    4.193
   222   -3762.4449     0.2221     0.2227    0.0012    77.74    224    4.490
   223   -3762.6791     0.2769     0.2343    0.0015    81.06    225    4.691
   224   -3762.9525     0.2117     0.2734    0.0022    83.25    226    4.429
   225   -3763.1780     0.1967     0.2256    0.0011    78.62    227    4.574
   226   -3763.4101     0.2548     0.2321    0.0012    75.37    228    4.703
   227   -3763.6016     0.2234     0.1915    0.0007    75.89    229    5.203
   228   -3763.7999     0.1875     0.1983    0.0008    76.91    230    4.996
   229   -3764.0120     0.2239     0.2122    0.0013    75.96    231    4.703
   230   -3764.1916     0.2227     0.1796    0.0014    81.82    232    4.533
   231   -3764.3459     0.1839     0.1542    0.0007    79.77    233    4.179
   232   -3764.5528     0.1785     0.2069    0.0013    78.75    234    4.203
   233   -3764.7187     0.2585     0.1660    0.0017    79.85    235    4.809
   234   -3764.8583     0.1975     0.1396    0.0008    81.36    236    4.302
   235   -3765.0320     0.1691     0.1737    0.0010    78.86    237    4.098
   236   -3765.2125     0.1816     0.1804    0.0012    79.20    238    4.093
   237   -3765.3626     0.3132     0.1502    0.0018    80.48    239    4.503
   238   -3765.5580     0.1705     0.1954    0.0009    81.24    240    4.287
   239   -3765.7261     0.1685     0.1681    0.0009    76.22    241    4.398
   240   -3765.8947     0.1929     0.1686    0.0011    78.92    242    4.192
   241   -3766.0603     0.2689     0.1657    0.0015    80.08    243    4.309
   242   -3766.2405     0.1592     0.1802    0.0009    81.26    244    4.506
   243   -3766.3917     0.1609     0.1512    0.0008    75.24    245    4.386
   244   -3766.5340     0.2226     0.1423    0.0009    76.32    246    4.098
   245   -3766.7133     0.1682     0.1793    0.0011    80.66    247    4.712
   246   -3766.9063     0.1826     0.1930    0.0013    78.44    248    4.513
   247   -3767.0323     0.3162     0.1259    0.0017    80.04    249    4.901
   248   -3767.1849     0.1697     0.1526    0.0002    62.68    250    4.774
   249   -3767.3534     0.1677     0.1685    0.0006    70.74    251    4.505
   250   -3767.5353     0.2124     0.1819    0.0013    80.57    252    5.112
   251   -3767.6997     0.3779     0.1644    0.0023    83.67    253    5.013
   252   -3767.9347     0.2056     0.2350    0.0015    85.00    254    4.889
   253   -3768.1545     0.1552     0.2198    0.0014    80.92    255    4.991
   254   -3768.3544     0.2091     0.1998    0.0015    79.13    256    4.307
   255   -3768.4966     0.3754     0.1423    0.0021    82.23    257    4.593
   256   -3768.6995     0.1898     0.2029    0.0005    75.82    258    4.307
   257   -3768.8690     0.1649     0.1695    0.0006    71.20    259    5.076
   258   -3769.0308     0.1921     0.1617    0.0008    76.53    260    4.319
   259   -3769.2034     0.3462     0.1727    0.0018    81.79    261    4.420
   260   -3769.4266     0.2029     0.2231    0.0017    84.93    262    4.876
   261   -3769.5716     0.1473     0.1451    0.0010    81.02    263    4.712
   262   -3769.7248     0.1955     0.1532    0.0010    77.01    264    4.373
   263   -3769.9126     0.2397     0.1878    0.0013    80.71    265    4.030
   264   -3770.1336     0.2609     0.2210    0.0018    82.63    266    4.605
   265   -3770.2951     0.2429     0.1614    0.0016    82.63    267    4.464
   266   -3770.4223     0.1605     0.1272    0.0002    49.11    268    4.526
   267   -3770.5854     0.1620     0.1631    0.0004    59.97    269    4.794
   268   -3770.7383     0.2670     0.1529    0.0013    79.56    270    4.902
   269   -3770.9158     0.1816     0.1775    0.0017    84.67    271    4.300
   270   -3771.0555     0.1482     0.1396    0.0013    82.99    272    4.603
   271   -3771.2309     0.1830     0.1754    0.0018    80.81    273    4.677
   272   -3771.3943     0.2653     0.1634    0.0017    81.27    274    4.713
   273   -3771.5777     0.1814     0.1834    0.0007    79.66    275    3.790
   274   -3771.7831     0.1840     0.2055    0.0012    75.79    276    4.313
   275   -3771.8938     0.2263     0.1107    0.0008    77.08    277    4.823
   276   -3772.0190     0.1752     0.1251    0.0005    78.92    278    4.074
   277   -3772.2116     0.1381     0.1926    0.0011    78.86    279    4.514
   278   -3772.3811     0.2755     0.1695    0.0022    79.19    280    4.974
   279   -3772.4989     0.1860     0.1178    0.0010    83.21    281    4.405
   280   -3772.5964     0.1562     0.0975    0.0004    78.24    282    4.393
   281   -3772.7535     0.1441     0.1571    0.0010    78.81    283    4.025
   282   -3772.9317     0.2689     0.1783    0.0020    80.55    284    4.980
   283   -3773.0947     0.1796     0.1630    0.0021    85.33    285    4.010
   284   -3773.2007     0.1374     0.1060    0.0006    80.32    286    4.510
   285   -3773.3591     0.1260     0.1584    0.0011    77.49    287    4.102
   286   -3773.5068     0.2720     0.1477    0.0019    78.94    288    4.580
   287   -3773.6453     0.1941     0.1385    0.0016    84.79    289    4.212
   288   -3773.7610     0.1488     0.1157    0.0006    79.17    290    3.903
   289   -3773.9244     0.1401     0.1634    0.0012    79.09    291    4.205
   290   -3774.0306     0.3085     0.1062    0.0024    81.81    292    3.983
   291   -3774.1574     0.1601     0.1268    0.0006    81.64    293    4.189
   292   -3774.2824     0.1525     0.1250    0.0009    80.01    294    4.415
   293   -3774.4261     0.1764     0.1437    0.0016    82.82    295    4.693
   294   -3774.6184     0.2523     0.1923    0.0023    83.90    296    4.416
   295   -3774.8307     0.1859     0.2123    0.0031    85.77    297    4.403
   296   -3774.9748     0.1522     0.1441    0.0010    80.13    298    4.294
   297   -3775.1079     0.1745     0.1331    0.0007    73.97    299    4.479
   298   -3775.2497     0.2161     0.1418    0.0010    79.79    300    3.904
   299   -3775.4319     0.1837     0.1822    0.0018    83.71    301    4.811
   300   -3775.5953     0.2102     0.1634    0.0023    83.85    302    5.385
   301   -3775.7285     0.1694     0.1332    0.0014    83.88    303    4.329
   302   -3775.8448     0.1477     0.1163    0.0008    80.05    304    4.105
   303   -3775.9936     0.1894     0.1488    0.0014    80.56    305    4.195
   304   -3776.1283     0.2155     0.1347    0.0022    83.76    306    4.586
   305   -3776.2416     0.1449     0.1133    0.0008    82.30    307    4.512
   306   -3776.3814     0.1451     0.1398    0.0012    80.04    308    4.677
   307   -3776.5151     0.2113     0.1337    0.0018    83.29    309    4.199
   308   -3776.6815     0.1625     0.1665    0.0025    85.60    310    4.202
   309   -3776.8271     0.1551     0.1456    0.0018    83.43    311    4.110
   310   -3776.9540     0.2060     0.1269    0.0020    82.63    312    4.886
   311   -3777.0682     0.1440     0.1143    0.0004    73.34    313    3.917
   312   -3777.2027     0.1465     0.1345    0.0006    70.78    314    4.809
   313   -3777.3348     0.2421     0.1320    0.0015    79.61    315    4.497
   314   -3777.4516     0.1868     0.1169    0.0021    86.00    316    5.903
   315   -3777.5329     0.1344     0.0813    0.0004    79.50    317    3.901
   316   -3777.6540     0.1228     0.1211    0.0011    80.21    318    4.500
   317   -3777.7816     0.2022     0.1276    0.0020    82.75    319    4.688
   318   -3777.8895     0.2291     0.1079    0.0021    85.66    320    4.191
   319   -3778.0011     0.1531     0.1116    0.0008    83.73    321    4.621
   320   -3778.1431     0.1225     0.1419    0.0012    79.49    322    4.590
   321   -3778.2369     0.1831     0.0938    0.0009    77.92    323    3.995
   322   -3778.3641     0.1453     0.1272    0.0011    82.15    324    4.108
   323   -3778.4907     0.2173     0.1266    0.0015    79.84    325    4.683
   324   -3778.6000     0.1376     0.1093    0.0007    78.97    326    4.228
   325   -3778.6724     0.1242     0.0723    0.0002    56.75    327    4.204
   326   -3778.7804     0.1428     0.1080    0.0005    71.27    328    4.772
   327   -3778.9191     0.1340     0.1387    0.0013    80.16    329    4.510
   328   -3779.0168     0.1753     0.0978    0.0015    83.00    330    3.806
   329   -3779.1295     0.1354     0.1127    0.0014    84.29    331    4.104
   330   -3779.2705     0.1445     0.1410    0.0016    81.69    332    4.390
   331   -3779.3382     0.3055     0.0677    0.0019    81.18    333    4.303
   332   -3779.4408     0.1607     0.1026    0.0002    64.88    334    4.203
   333   -3779.5420     0.1221     0.1012    0.0002    50.80    335    4.510
   334   -3779.6275     0.1517     0.0855    0.0007    79.29    336    4.374
   335   -3779.7626     0.1679     0.1351    0.0014    83.20    337    4.618
   336   -3779.8686     0.3016     0.1060    0.0025    84.40    338    4.282
   337   -3780.0100     0.1248     0.1414    0.0013    85.38    339    4.116
   338   -3780.0899     0.1191     0.0798    0.0008    80.65    340    3.906
   339   -3780.1921     0.1616     0.1023    0.0010    80.47    341    4.393
   340   -3780.3277     0.2220     0.1355    0.0016    83.24    342    3.992
   341   -3780.4831     0.1801     0.1555    0.0022    85.30    343    4.309
   342   -3780.6100     0.1515     0.1269    0.0010    81.29    344    3.980
   343   -3780.7424     0.1735     0.1324    0.0012    78.25    345    4.504
   344   -3780.8331     0.1526     0.0907    0.0005    78.06    346    4.199
   345   -3780.9455     0.1427     0.1125    0.0011    81.37    347    4.607
   346   -3781.0620     0.2062     0.1165    0.0019    83.16    348    4.797
   347   -3781.1923     0.1615     0.1302    0.0018    85.66    349    4.014
   348   -3781.3428     0.1561     0.1505    0.0018    83.75    350    4.395
   349   -3781.4788     0.2175     0.1360    0.0023    84.04    351    4.195
   350   -3781.5881     0.1782     0.1093    0.0018    84.97    352    3.811
   351   -3781.6697     0.1346     0.0816    0.0002    68.90    353    4.416
   352   -3781.7846     0.1303     0.1149    0.0007    74.47    354    4.390
   353   -3781.9129     0.2094     0.1283    0.0019    82.54    355    5.100
   354   -3782.0520     0.1673     0.1391    0.0020    85.44    356    4.376
   355   -3782.1795     0.1476     0.1275    0.0016    83.81    357    4.407
   356   -3782.2905     0.1660     0.1110    0.0015    82.19    358    5.004
   357   -3782.3837     0.1299     0.0932    0.0004    74.12    359    4.487
   358   -3782.5155     0.1339     0.1317    0.0006    69.21    360    4.598
   359   -3782.5969     0.3103     0.0814    0.0012    75.56    361    3.798
   360   -3782.7087     0.1404     0.1118    0.0007    83.26    362    4.224
   361   -3782.7775     0.1099     0.0688    0.0006    79.95    363    4.399
   362   -3782.8451     0.1366     0.0676    0.0009    81.96    364    4.692
   363   -3782.9479     0.1587     0.1028    0.0013    83.55    365    4.419
   364   -3783.0623     0.2063     0.1143    0.0021    84.60    366    4.094
   365   -3783.1906     0.1376     0.1283    0.0016    85.03    367    3.993
   366   -3783.3056     0.1469     0.1151    0.0011    80.94    368    3.999
   367   -3783.4219     0.1952     0.1162    0.0014    80.86    369    4.198
   368   -3783.5261     0.1530     0.1042    0.0009    81.52    370    4.319
   369   -3783.6172     0.1288     0.0911    0.0007    79.11    371    4.493
   370   -3783.7220     0.1570     0.1048    0.0011    79.72    372    4.401
   371   -3783.8314     0.2205     0.1095    0.0019    83.82    373    4.294
   372   -3783.9462     0.1431     0.1148    0.0011    84.71    374    4.495
   373   -3784.0649     0.1254     0.1187    0.0016    82.63    375    4.801
   374   -3784.1280     0.1871     0.0631    0.0012    82.79    376    4.996
   375   -3784.2054     0.1400     0.0774    0.0007    83.59    377    4.700
   376   -3784.3238     0.1086     0.1184    0.0011    81.41    378    4.219
   377   -3784.4224     0.2428     0.0986    0.0021    81.13    379    4.587
   378   -3784.5091     0.1422     0.0867    0.0007    83.13    380    4.483
   379   -3784.5884     0.1338     0.0794    0.0006    79.27    381    4.231
   380   -3784.7063     0.1496     0.1178    0.0012    81.59    382    4.282
   381   -3784.7895     0.3113     0.0833    0.0022    83.74    383    4.091
   382   -3784.9027     0.1499     0.1132    0.0007    83.46    384    4.406
   383   -3784.9927     0.1164     0.0900    0.0005    76.65    385    4.212
   384   -3785.1038     0.1598     0.1111    0.0011    78.92    386    4.490
   385   -3785.2216     0.1892     0.1179    0.0013    82.94    387    4.795
   386   -3785.3327     0.1987     0.1111    0.0019    84.50    388    4.422
   387   -3785.4243     0.1065     0.0916    0.0007    82.17    389    4.383
   388   -3785.4975     0.1256     0.0732    0.0006    75.34    390    4.008
   389   -3785.5840     0.1600     0.0865    0.0009    81.10    391    4.292
   390   -3785.6806     0.2114     0.0966    0.0015    83.79    392    4.598
   391   -3785.7928     0.1299     0.1122    0.0014    85.37    393    4.789
   392   -3785.8955     0.1323     0.1027    0.0011    81.58    394    4.422
   393   -3785.9999     0.2258     0.1044    0.0019    82.96    395    4.488
   394   -3786.1054     0.1478     0.1056    0.0010    84.21    396    3.893
   395   -3786.1999     0.1254     0.0945    0.0010    82.20    397    4.201
   396   -3786.2914     0.1591     0.0915    0.0012    82.09    398    4.691
   397   -3786.4126     0.1684     0.1212    0.0017    84.34    399    4.224
   398   -3786.5613     0.1643     0.1487    0.0021    84.53    400    4.793
   399   -3786.6732     0.2237     0.1119    0.0023    83.67    401    4.395
   400   -3786.7774     0.1270     0.1042    0.0002    55.23    402    4.097
   401   -3786.8652     0.1186     0.0878    0.0002    52.16    403    4.305
   402   -3786.9743     0.1842     0.1091    0.0012    79.93    404    4.310
   403   -3787.0826     0.1955     0.1082    0.0021    85.26    405    4.986
   404   -3787.1746     0.1297     0.0921    0.0011    85.32    406    4.902
   405   -3787.2912     0.1302     0.1165    0.0019    83.52    407    4.892
   406   -3787.3771     0.1884     0.0859    0.0014    83.21    408    4.220
   407   -3787.4778     0.1280     0.1007    0.0012    84.47    409    5.186
   408   -3787.5714     0.1479     0.0936    0.0010    77.79    410    4.622
   409   -3787.6426     0.1435     0.0712    0.0005    75.09    411    4.289
   410   -3787.7130     0.1253     0.0704    0.0002    69.40    412    4.400
   411   -3787.8157     0.1490     0.1027    0.0007    76.24    413    4.410
   412   -3787.9397     0.1104     0.1240    0.0015    81.93    414    4.284
   413   -3788.0026     0.1522     0.0629    0.0011    82.51    415    4.796
   414   -3788.0924     0.1299     0.0898    0.0012    84.56    416    4.607
   415   -3788.2153     0.1653     0.1229    0.0016    82.40    417    4.695
   416   -3788.3417     0.1546     0.1264    0.0021    83.80    418    4.413
   417   -3788.4220     0.1340     0.0803    0.0006    79.66    419    4.512
   418   -3788.5206     0.1325     0.0986    0.0007    77.47    420    4.361
   419   -3788.6286     0.1947     0.1080    0.0014    81.80    421    4.732
   420   -3788.7401     0.1512     0.1115    0.0018    85.08    422    4.496
   421   -3788.8275     0.1223     0.0874    0.0010    83.11    423    5.387
   422   -3788.9255     0.1305     0.0980    0.0014    82.32    424    4.990
   423   -3789.0035     0.2243     0.0780    0.0016    82.56    425    3.909
   424   -3789.1004     0.1290     0.0969    0.0007    82.83    426    4.311
   425   -3789.2057     0.1044     0.1053    0.0011    79.09    427    4.104
   426   -3789.2701     0.1406     0.0645    0.0009    81.62    428    4.790
   427   -3789.3684     0.1143     0.0983    0.0011    83.13    429    4.810
   428   -3789.4665     0.2251     0.0981    0.0017    81.15    430    5.014
   429   -3789.5712     0.1151     0.1047    0.0012    84.37    431    4.784
   430   -3789.6302     0.1035     0.0590    0.0002    65.88    432    4.205
   431   -3789.7149     0.1157     0.0847    0.0005    70.77    433    4.488
   432   -3789.7998     0.1920     0.0849    0.0013    80.11    434    3.890
   433   -3789.8820     0.1236     0.0822    0.0009    84.17    435    4.229
   434   -3789.9666     0.1107     0.0846    0.0012    82.53    436    4.368
   435   -3790.0484     0.1686     0.0817    0.0015    83.10    437    4.522
   436   -3790.1441     0.1391     0.0958    0.0016    85.17    438    4.286
   437   -3790.2428     0.1315     0.0986    0.0012    83.12    439    3.696
   438   -3790.3552     0.1619     0.1124    0.0016    82.19    440    3.990
   439   -3790.4547     0.1712     0.0995    0.0013    83.19    441    4.006
   440   -3790.5565     0.1341     0.1018    0.0008    81.86    442    3.826
   441   -3790.6813     0.1535     0.1248    0.0016    81.98    443    4.576
   442   -3790.7712     0.1975     0.0899    0.0021    84.85    444    3.917
   443   -3790.8550     0.1357     0.0838    0.0009    84.79    445    4.178
   444   -3790.9739     0.1155     0.1189    0.0017    83.63    446    4.717
   445   -3791.0754     0.1773     0.1014    0.0019    83.94    447    4.719
   446   -3791.1786     0.1765     0.1033    0.0024    85.99    448    4.568
   447   -3791.2801     0.1160     0.1014    0.0008    82.32    449    4.923
   448   -3791.3961     0.1356     0.1161    0.0012    77.29    450    4.184
   449   -3791.4529     0.2156     0.0567    0.0011    81.51    451    4.219
   450   -3791.5222     0.1368     0.0693    0.0004    81.11    452    4.473
   451   -3791.6284     0.0919     0.1061    0.0010    81.62    453    3.824

 Optimization achieved convergence criteria:  0.09192
 Generalized Kirkwood  -3002.54950244      0.203
 Cavitation             1452.41088134      0.178
 Dispersion            -1153.51933656      0.231

 Computed Potential Energy
  Bond Stretching            207.09082932         2257        0.008 ( 0.01658)
  Angle Bending              460.60551878         4091        0.000 ( 2.74185)
  Stretch-Bend                 3.10396663         3572        0.000
  Out-of-Plane Bend           13.61090507         1350        0.000
  Torsional Angle             91.68431187         5990        0.000
  Pi-Orbital Torsion          16.29080330          288        0.060
  Torsion-Torsion            -16.00289932            4        0.005
  Van der Waals              410.37328745      2476758        0.009
  Atomic Multipoles        -1700.53137147      2476758
  Polarization              -574.19574769      2476758        3.203
  Solvation                -2703.65795766      2485335
  Total Potential          -3791.62835371  (Kcal/mole)        3.286 (sec)
 Setting atom names to PDB standard.
 Saving 2KIX_pH8.55.pdb_3
 Wrote induced dipoles to: /Dedicated/schnieders/maemmad/pKa_GNN/ffx_pipeline/data/fixed_pdbs/2KIX/2KIX_pH8.55.uind
 Wrote permanent multipoles to: /Dedicated/schnieders/maemmad/pKa_GNN/ffx_pipeline/data/fixed_pdbs/2KIX/2KIX_pH8.55.uperm

 Script wall clock time: 2143.207 (sec)
=== Titration pH 8.55 done: Thu Apr 30 08:48:14 CDT 2026 ===
