 Evaluating /Dedicated/schnieders/programs/stack-2021.1.sh
  Loading Modules
   Stack 2021.1
   GCC 9.3.0
   CMake 3.20.0
   Eigen 3.3.9
   Cuda 11.1.1
   Cuda: /usr/share/apps/2021.1/arch/gcc-9.3.0/cuda-11.1.1
   CudaNN 8.0.5.39-11.1
   Swig 4.0.2_gcc-9.3.0
  Loading software from /Dedicated/schnieders/programs/local
   Ant: /Dedicated/schnieders/programs/apache-ant-1.10.11
   FFX: /Dedicated/schnieders/programs/ffx-builds/forcefieldx-2026-01-04
   GDMA: /Dedicated/schnieders/programs/gdma-2.3
   Groovy: /Dedicated/schnieders/programs/groovy-4.0.1
   Java: /Dedicated/schnieders/programs/jdk-25.0.1
   Maven: /Dedicated/schnieders/programs/apache-maven-3.9.5
   VMD: /Dedicated/schnieders/programs/vmd
   NAMD: /Dedicated/schnieders/programs/NAMD_3.0alpha7_Linux-x86_64-multicore-CUDA
   OpenEye: /Dedicated/schnieders/programs/OpenEye
   Tinker: /Dedicated/schnieders/programs/tinker-tools
=== Titration pH 8.55 started: Wed May  6 08:17:54 CDT 2026 ===
  Copy already exists, skipping.
  ManyBody output already exists, skipping.
WARNING: Using incubator modules: jdk.incubator.vector
 _________________________________________________________________________

        FORCE FIELD X - Polyglot Software for Molecular Biophysics 

        Version 1.0.0-6991  April 2026 
        Git Revision  937dfd3f3a84d0dc91f73b0419518078a8c41842 
 
        Please cite the following reference when using Force Field X:

        RA Gogal, AJ Nessler, AC Thiel, HV Bernabe, RA Corrigan Grove,
        LM Cousineau, JM Litman, JM Miller, G Qi, MJ Speranza,
        MR Tollefson, TD Fenn, JJ Michaelson, O Okada, JP Piquemal,
        JW Ponder, J Shen, RJH Smith, W Yang, P Ren and MJ Schnieders,
        2024, Journal of Chemical Physics, 161 (1).

        Copyright (c)  Michael J. Schnieders  2001-2026
        All Rights Reserved

        Force Field X is distributed under the GPL v. 3 license
        with linking exception and is hosted by the Schnieders Lab
        at The University of Iowa.

        User Manual:   https://ffx.biochem.uiowa.edu/manual.html
        Publications:  https://ffx.biochem.uiowa.edu/publications.html
        License:       https://ffx.biochem.uiowa.edu/licenses.html

 _________________________________________________________________________

 Wed May 06 08:17:56 CDT 2026
 Process ID 6070 on argon-itf-ca43-04.hpc.

 Command line arguments:
 [Minimize, -e, 0.1, /Dedicated/schnieders/maemmad/pKa_GNN/ffx_pipeline/data/fixed_pdbs/3EJI/3EJI_pH8.55.pdb_2, --saveInduced, --savePermanentMoments]

 Executing internal command: ffx.algorithms.commands.Minimize

 Initializing 1 topologies...
 Parsing: Internal force field (amoeba-bio-2018-cphmd).
 Parsing: Structure properties from (/Dedicated/schnieders/maemmad/pKa_GNN/ffx_pipeline/data/fixed_pdbs/3EJI/3EJI_input.properties).
 Parsing: JVM system properties (i.e. command line -Dkey=value pairs).

 Attempting to read force field patch from /Dedicated/schnieders/maemmad/pKa_GNN/naphosphate_solute.09Feb21.prm.

 Renumbering Patch: FALSE
 Reading 3EJI_pH8.55.pdb_2

 Assigning atom types for 1 chains.
 Amino acid chain A
 Constructing Force Field AMOEBA-BIO-2018-CPHMD

 SMP threads:                                20
 The system will be treated as aperiodic (max separation =   51.7 A).

 Bonded Terms
  Bonds:                                   2141
  Angles:                                  3895
  Stretch-Bends:                           3415
  Out-of-Plane Bends:                      1203
  Torsions:                                5680
  Pi-Orbital Torsions:                      222
  Torsion-Torsions:                           9

 Non-Bonded Terms

  Van der Waals
   Cut-Off:                                NONE
   Long-Range Correction:                 FALSE

 Electrostatics
   Polarization:                         MUTUAL
    SCF Convergence Criteria:         1.000e-06
    SCF Predictor:                         NONE
    SCF Algorithm:                           CG
    CG Preconditioner Cut-Off:            4.500
    CG Preconditioner Ewald Coeff.:       0.000
    CG Preconditioner Scale:              2.000
    CG Preconditioner Mode:     FLETCHER_REEVES
    Electrostatics Cut-Off:                NONE

  Continuum Solvation
   Radii:                                SOLUTE
   Generalized Kirkwood Cut-Off:           NONE
   GKC:                                  2.4550
   Solvent Dielectric:                  78.3000
   Solute Dielectric:                    1.0000
   Descreen with vdW Radii:                TRUE
   Descreen with Hydrogen Atoms:          FALSE
   Descreen Offset:                      0.0000
   General HCT Scale Factor:             0.7200
   Non-Polar Model:                  GAUSS-DISP
    GaussVol Radii Offset:               0.0000
    GaussVol Radii Scale:                1.0000
   Dispersion Integral Offset:           1.0560 (A)
   Cavitation Solvent Pressure:          0.0334 (Kcal/mol/A^3)
   Cavitation Surface Tension:           0.1030 (Kcal/mol/A^2)
   Cavitation Cross-Over Radius:         9.2515 (A)

  Overall system charge:                  8.000

 Opened 3EJI_pH8.55.pdb_2 in 0.903 sec.

 System Resources
  Total CPU time:          15.88 (sec)
  System load average:      1.57
  Open file handles:         146 of  81920 allowed
  System memory:          159133 MB free out of 159920 MB
  System swap space:        2053 MB free out of   2053 MB
  JVM memory:               4029 MB free out of   4096 MB

 Minimizing energy of Single Topology  [3EJI_pH8.55.pdb_2] 
 Setting lambda to 0.000.
 Generalized Kirkwood  -2981.60117304      0.159
 Cavitation             1338.97490878      0.177
 Dispersion             -840.08460412      0.211

 Computed Potential Energy
  Bond Stretching            159.13303939         2141        0.002 ( 0.01489)
  Angle Bending              447.34698735         3895        0.004 ( 2.70773)
  Stretch-Bend                 1.68589892         3415        0.003
  Out-of-Plane Bend           17.19661301         1203        0.001
  Torsional Angle             96.05147216         5680        0.005
  Pi-Orbital Torsion          16.26408774          222        0.000
  Torsion-Torsion            -48.93171061            9        0.000
  Van der Waals              386.20512525      2246467        0.408
  Atomic Multipoles        -3547.25027069      2246467
  Polarization              -689.37667933      2246467        3.281
  Solvation                -2482.71086839      2254626
  Total Potential          -5644.38630519  (Kcal/mole)        3.705 (sec)

 Limited Memory BFGS Quasi-Newton Optimization: 

 Cycle       Energy      G RMS    Delta E   Delta X    Angle  Evals     Time

     0   -5644.3863     1.8243
     1   -5652.1366     1.6785     7.7503    0.0013     0.00      3    2.605
     2   -5657.4179     1.1217     5.2813    0.0009    42.53      4    1.256
     3   -5663.9816     1.0002     6.5637    0.0018    41.26      5    1.238
     4   -5669.1732     1.3734     5.1916    0.0023    51.46      6    1.214
     5   -5673.9249     1.0962     4.7517    0.0022    65.20      7    1.201
     6   -5678.1921     0.9488     4.2672    0.0016    60.49      8    1.191
     7   -5683.9640     0.9503     5.7719    0.0029    61.17      9    1.186
     8   -5688.2889     1.6794     4.3249    0.0044    66.97     10    1.174
     9   -5692.3466     0.8429     4.0577    0.0015    67.89     11    1.177
    10   -5695.2485     0.6971     2.9019    0.0014    57.19     12    1.173
    11   -5697.8099     0.8007     2.5614    0.0019    65.16     13    1.173
    12   -5700.2411     1.3696     2.4313    0.0030    70.28     14    1.170
    13   -5703.2757     0.7451     3.0346    0.0021    76.23     15    1.169
    14   -5705.6434     0.5801     2.3677    0.0019    67.07     16    1.168
    15   -5707.5304     0.7113     1.8870    0.0019    67.55     17    1.169
    16   -5709.7372     0.9388     2.2068    0.0030    73.85     18    1.169
    17   -5711.9763     0.6157     2.2390    0.0024    77.06     19    1.177
    18   -5713.9596     0.6363     1.9833    0.0023    69.52     20    1.177
    19   -5715.8392     0.7905     1.8796    0.0025    71.10     21    1.245
    20   -5717.8490     0.6832     2.0098    0.0019    73.66     22    1.356
    21   -5720.4061     0.6800     2.5571    0.0031    72.41     23    1.376
    22   -5722.5640     0.8425     2.1579    0.0035    74.15     24    1.360
    23   -5724.4170     0.6333     1.8530    0.0020    75.97     25    1.344
    24   -5726.7394     0.5597     2.3224    0.0030    72.54     26    1.501
    25   -5728.3759     0.7993     1.6366    0.0030    75.35     27    1.447
    26   -5730.2628     0.6118     1.8869    0.0036    80.38     28    1.521
    27   -5731.9257     0.5295     1.6629    0.0022    73.93     29    1.474
    28   -5733.8440     0.6153     1.9183    0.0034    74.92     30    1.435
    29   -5735.5693     0.9738     1.7253    0.0039    75.32     31    1.614
    30   -5737.5220     0.5671     1.9527    0.0019    77.05     32    1.529
    31   -5739.4713     0.5158     1.9492    0.0026    71.56     33    1.534
    32   -5741.0667     0.7871     1.5954    0.0029    74.86     34    1.557
    33   -5743.2242     0.5868     2.1575    0.0037    80.19     35    1.476
    34   -5745.4494     0.7512     2.2251    0.0039    75.83     36    1.422
    35   -5747.4828     0.7494     2.0334    0.0043    78.18     37    1.314
    36   -5748.9690     0.5302     1.4862    0.0011    66.27     38    1.494
    37   -5750.6243     0.4859     1.6554    0.0020    67.72     39    1.521
    38   -5751.9767     0.6848     1.3524    0.0025    73.50     40    1.365
    39   -5753.7577     0.5868     1.7809    0.0042    81.42     41    1.244
    40   -5755.6352     0.6119     1.8775    0.0037    77.60     42    1.488
    41   -5757.3135     0.6364     1.6783    0.0042    79.55     43    1.477
    42   -5758.7101     0.5452     1.3966    0.0022    75.36     44    1.441
    43   -5760.0980     0.4899     1.3878    0.0020    73.17     45    1.442
    44   -5761.4607     0.6479     1.3627    0.0034    74.85     46    1.215
    45   -5762.5926     0.5852     1.1319    0.0028    79.57     47    1.227
    46   -5763.4892     0.4534     0.8966    0.0006    61.29     48    1.311
    47   -5764.7741     0.3874     1.2849    0.0018    70.36     49    1.308
    48   -5765.9156     0.8599     1.1415    0.0038    73.92     50    1.208
    49   -5767.1037     0.5151     1.1881    0.0020    81.09     51    1.460
    50   -5768.3173     0.4438     1.2137    0.0024    77.67     52    1.317
    51   -5769.4829     0.5318     1.1656    0.0027    77.56     53    1.252
    52   -5770.4634     0.8423     0.9805    0.0040    80.12     54    1.195
    53   -5771.6751     0.4497     1.2116    0.0015    78.48     55    1.233
    54   -5772.8700     0.4215     1.1949    0.0018    70.78     56    1.278
    55   -5773.9288     0.4893     1.0588    0.0022    76.21     57    1.261
    56   -5774.9258     0.7972     0.9970    0.0033    78.12     58    1.310
    57   -5776.2096     0.4196     1.2838    0.0028    82.10     59    1.400
    58   -5777.1396     0.3879     0.9299    0.0017    73.50     60    1.319
    59   -5778.1091     0.5810     0.9695    0.0024    74.54     61    1.347
    60   -5779.1527     0.5299     1.0436    0.0027    79.98     62    1.325
    61   -5780.1919     0.4542     1.0392    0.0022    79.08     63    1.386
    62   -5781.4154     0.4860     1.2235    0.0034    77.75     64    1.310
    63   -5782.4535     0.5362     1.0381    0.0027    78.57     65    1.250
    64   -5783.4838     0.4506     1.0302    0.0022    79.14     66    1.321
    65   -5784.5676     0.5986     1.0838    0.0035    78.21     67    1.413
    66   -5785.4472     0.4451     0.8796    0.0022    79.95     68    1.301
    67   -5786.1995     0.4243     0.7523    0.0015    76.94     69    1.292
    68   -5787.2746     0.4667     1.0751    0.0029    78.91     70    1.347
    69   -5788.1933     0.7093     0.9187    0.0048    81.37     71    1.353
    70   -5789.0413     0.3848     0.8480    0.0015    79.56     72    1.405
    71   -5789.7516     0.3612     0.7104    0.0013    72.93     73    1.416
    72   -5790.6073     0.4618     0.8556    0.0026    78.02     74    1.338
    73   -5791.2182     0.7885     0.6110    0.0038    81.18     75    1.342
    74   -5792.1035     0.4002     0.8852    0.0015    80.47     76    1.460
    75   -5792.9256     0.3532     0.8222    0.0021    77.21     77    1.354
    76   -5793.6958     0.4128     0.7702    0.0023    78.91     78    1.410
    77   -5794.5213     0.7559     0.8254    0.0036    80.62     79    1.347
    78   -5795.6451     0.4498     1.1238    0.0036    84.46     80    1.383
    79   -5796.4484     0.3639     0.8033    0.0025    80.18     81    1.376
    80   -5797.1395     0.4551     0.6911    0.0021    75.81     82    1.335
    81   -5797.8300     0.3924     0.6906    0.0015    77.85     83    1.364
    82   -5798.7310     0.3955     0.9009    0.0026    77.60     84    1.402
    83   -5799.0550     0.7897     0.3241    0.0036    79.59     85    1.394
    84   -5799.5697     0.4692     0.5146    0.0002    55.10     86    1.407
    85   -5800.1889     0.2851     0.6193    0.0005    54.18     87    1.452
    86   -5800.6047     0.3619     0.4157    0.0014    78.03     88    1.396
    87   -5801.2666     0.3765     0.6620    0.0027    82.26     89    1.360
    88   -5801.8942     0.7303     0.6275    0.0042    82.52     90    1.357
    89   -5802.7218     0.3773     0.8276    0.0035    85.63     91    1.336
    90   -5803.2771     0.2909     0.5553    0.0022    81.88     92    1.396
    91   -5803.9774     0.4125     0.7003    0.0028    78.31     93    1.410
    92   -5804.6863     0.5769     0.7088    0.0028    80.25     94    1.373
    93   -5805.4746     0.3819     0.7884    0.0022    82.41     95    1.392
    94   -5806.3553     0.4017     0.8807    0.0022    75.06     96    1.418
    95   -5806.9642     0.6099     0.6088    0.0026    78.86     97    1.386
    96   -5807.5681     0.3850     0.6039    0.0009    77.25     98    1.452
    97   -5808.2920     0.3094     0.7239    0.0021    77.83     99    1.369
    98   -5808.8133     0.3757     0.5213    0.0023    81.13    100    1.363
    99   -5809.4135     0.5046     0.6002    0.0038    83.44    101    1.396
   100   -5810.1177     0.3354     0.7041    0.0031    84.24    102    1.383
   101   -5810.7767     0.3866     0.6590    0.0029    80.28    103    1.350
   102   -5811.4132     0.4270     0.6365    0.0028    80.59    104    1.391
   103   -5811.9929     0.3495     0.5797    0.0015    78.84    105    1.347
   104   -5812.6360     0.4220     0.6432    0.0025    77.97    106    1.368
   105   -5813.1646     0.3568     0.5285    0.0020    80.13    107    1.368
   106   -5813.6097     0.3037     0.4451    0.0010    76.42    108    1.366
   107   -5814.2397     0.2990     0.6301    0.0020    77.02    109    1.291
   108   -5814.8093     0.4757     0.5696    0.0033    78.78    110    1.324
   109   -5815.2247     0.3410     0.4154    0.0014    80.76    111    1.355
   110   -5815.6723     0.2980     0.4476    0.0012    77.03    112    1.390
   111   -5816.2755     0.3449     0.6032    0.0022    77.70    113    1.304
   112   -5816.5498     0.6879     0.2744    0.0035    80.97    114    1.303
   113   -5816.9821     0.3947     0.4322    0.0002    45.99    115    1.397
   114   -5817.5035     0.2534     0.5215    0.0009    69.01    116    1.368
   115   -5817.8397     0.3077     0.3362    0.0012    77.59    117    1.365
   116   -5818.3835     0.3348     0.5439    0.0021    80.59    118    1.333
   117   -5818.7909     0.6462     0.4074    0.0036    81.89    119    1.365
   118   -5819.3446     0.2858     0.5536    0.0016    82.85    120    1.414
   119   -5819.6606     0.2358     0.3161    0.0009    73.77    121    1.369
   120   -5820.0207     0.3103     0.3601    0.0012    74.63    122    1.437
   121   -5820.4580     0.4503     0.4373    0.0020    79.29    123    1.286
   122   -5820.9464     0.3150     0.4884    0.0025    83.00    124    1.265
   123   -5821.2785     0.2447     0.3320    0.0008    74.01    125    1.342
   124   -5821.7030     0.2882     0.4246    0.0012    68.68    126    1.398
   125   -5822.0481     0.3113     0.3451    0.0013    76.64    127    1.414
   126   -5822.3696     0.2935     0.3215    0.0015    80.39    128    1.347
   127   -5822.7325     0.2394     0.3629    0.0018    79.89    129    1.445
   128   -5823.0395     0.2711     0.3070    0.0012    75.67    130    1.356
   129   -5823.4122     0.2559     0.3727    0.0013    75.78    131    1.428
   130   -5823.7565     0.3644     0.3442    0.0018    76.53    132    1.323
   131   -5824.0686     0.2348     0.3122    0.0010    77.60    133    1.312
   132   -5824.3155     0.2115     0.2468    0.0008    74.10    134    1.376
   133   -5824.6191     0.2791     0.3036    0.0014    75.66    135    1.327
   134   -5824.9351     0.3189     0.3160    0.0020    80.19    136    1.279
   135   -5825.2529     0.2207     0.3178    0.0011    79.39    137    1.187
   136   -5825.6029     0.2474     0.3500    0.0016    74.25    138    1.338
   137   -5825.8237     0.4132     0.2209    0.0015    77.42    139    1.271
   138   -5826.1031     0.2564     0.2794    0.0006    77.77    140    1.308
   139   -5826.4995     0.1759     0.3964    0.0014    75.96    141    1.314
   140   -5826.7929     0.2445     0.2934    0.0016    76.63    142    1.305
   141   -5826.9887     0.5012     0.1957    0.0023    80.51    143    1.270
   142   -5827.2903     0.2747     0.3017    0.0007    80.23    144    1.093
   143   -5827.6166     0.1979     0.3263    0.0011    75.51    145    1.149
   144   -5827.8145     0.2295     0.1979    0.0009    77.13    146    1.166
   145   -5828.1015     0.3115     0.2871    0.0014    78.98    147    1.310
   146   -5828.4975     0.2329     0.3960    0.0022    82.59    148    1.129
   147   -5828.8612     0.2989     0.3637    0.0023    80.34    149    1.228
   148   -5829.1710     0.3461     0.3098    0.0024    80.98    150    1.364
   149   -5829.4738     0.2092     0.3029    0.0003    57.30    151    1.321
   150   -5829.7512     0.2084     0.2774    0.0005    54.47    152    1.333
   151   -5829.9639     0.4058     0.2127    0.0013    75.10    153    1.158
   152   -5830.2427     0.2357     0.2788    0.0011    82.13    154    1.068
   153   -5830.5328     0.1917     0.2901    0.0018    80.44    155    1.143
   154   -5830.7275     0.2479     0.1948    0.0014    80.70    156    1.353
   155   -5830.9961     0.2263     0.2686    0.0016    81.04    157    1.394
   156   -5831.3268     0.2471     0.3306    0.0018    78.40    158    1.361
   157   -5831.5076     0.4091     0.1809    0.0018    78.47    159    1.404
   158   -5831.7546     0.2027     0.2470    0.0003    63.22    160    1.409
   159   -5831.9603     0.1812     0.2058    0.0004    54.07    161    1.424
   160   -5832.2045     0.2318     0.2441    0.0013    77.20    162    1.330
   161   -5832.3983     0.4360     0.1938    0.0022    81.51    163    1.221
   162   -5832.6713     0.2198     0.2730    0.0015    84.51    164    1.182
   163   -5832.8925     0.1833     0.2212    0.0014    81.02    165    1.256
   164   -5833.1284     0.2206     0.2359    0.0016    80.26    166    1.326
   165   -5833.3404     0.4221     0.2120    0.0023    81.63    167    1.112
   166   -5833.6270     0.2257     0.2865    0.0013    83.22    168    1.216
   167   -5833.8389     0.1829     0.2119    0.0007    73.12    169    1.317
   168   -5834.0746     0.2451     0.2357    0.0010    72.56    170    1.334
   169   -5834.3128     0.3363     0.2382    0.0019    80.76    171    1.222
   170   -5834.5517     0.2098     0.2389    0.0011    82.08    172    1.290
   171   -5834.7684     0.1832     0.2166    0.0013    79.02    173    1.372
   172   -5834.9264     0.2398     0.1581    0.0010    78.17    174    1.486
   173   -5835.1622     0.2169     0.2358    0.0015    81.90    175    1.476
   174   -5835.4011     0.3485     0.2389    0.0022    81.01    176    1.319
   175   -5835.6355     0.1926     0.2344    0.0014    82.15    177    1.331
   176   -5835.7675     0.1656     0.1321    0.0003    63.24    178    1.274
   177   -5835.9623     0.1696     0.1947    0.0008    70.72    179    1.125
   178   -5836.1653     0.2983     0.2031    0.0019    79.07    180    1.059
   179   -5836.3473     0.2042     0.1820    0.0013    83.72    181    1.112
   180   -5836.5339     0.1794     0.1866    0.0014    81.64    182    1.126
   181   -5836.7741     0.2359     0.2402    0.0019    80.52    183    1.103
   182   -5836.9737     0.3526     0.1996    0.0025    82.61    184    1.103
   183   -5837.2064     0.1930     0.2327    0.0007    77.93    185    1.102
   184   -5837.4002     0.1695     0.1938    0.0007    71.00    186    1.101
   185   -5837.5635     0.2199     0.1633    0.0010    78.11    187    1.103
   186   -5837.7915     0.2032     0.2280    0.0016    81.76    188    1.103
   187   -5838.0625     0.2479     0.2710    0.0026    82.29    189    1.102
   188   -5838.2423     0.2911     0.1798    0.0022    82.81    190    1.102
   189   -5838.4225     0.1777     0.1802    0.0002    49.87    191    1.101
   190   -5838.6494     0.1695     0.2269    0.0006    58.55    192    1.103
   191   -5838.8330     0.2941     0.1836    0.0014    77.89    193    1.103
   192   -5839.0567     0.2124     0.2237    0.0019    84.31    194    1.103
   193   -5839.2489     0.1811     0.1922    0.0013    81.33    195    1.103
   194   -5839.4633     0.2374     0.2144    0.0019    79.83    196    1.101
   195   -5839.6637     0.2079     0.2003    0.0012    80.23    197    1.102
   196   -5839.8643     0.1951     0.2006    0.0010    77.95    198    1.102
   197   -5840.0409     0.3055     0.1766    0.0015    77.54    199    1.107
   198   -5840.2239     0.1803     0.1830    0.0007    78.56    200    1.102
   199   -5840.3967     0.1858     0.1728    0.0006    70.95    201    1.103
   200   -5840.6148     0.2180     0.2181    0.0015    79.09    202    1.103
   201   -5840.7188     0.2801     0.1040    0.0010    81.13    204    2.189
   202   -5840.8685     0.1910     0.1497    0.0010    83.55    205    1.102
   203   -5841.0780     0.1732     0.2095    0.0014    80.07    206    1.045
   204   -5841.2596     0.2846     0.1816    0.0016    79.66    207    1.045
   205   -5841.4352     0.1998     0.1756    0.0012    82.81    208    1.046
   206   -5841.5807     0.1644     0.1456    0.0006    74.54    209    1.046
   207   -5841.7588     0.2084     0.1781    0.0009    71.35    210    1.045
   208   -5841.9381     0.2508     0.1792    0.0013    78.82    211    1.046
   209   -5842.1019     0.1963     0.1638    0.0009    81.79    212    1.045
   210   -5842.2989     0.1864     0.1970    0.0015    80.03    213    1.049
   211   -5842.4475     0.1971     0.1486    0.0012    80.57    214    1.088
   212   -5842.6139     0.1890     0.1664    0.0011    81.25    215    1.048
   213   -5842.8198     0.2414     0.2059    0.0017    80.77    216    1.051
   214   -5843.0212     0.1942     0.2014    0.0017    82.26    217    1.102
   215   -5843.1636     0.1867     0.1424    0.0008    78.13    218    1.073
   216   -5843.3690     0.1689     0.2054    0.0012    78.18    219    1.077
   217   -5843.5384     0.3879     0.1694    0.0021    79.51    220    1.164
   218   -5843.7584     0.1853     0.2200    0.0012    83.28    221    1.093
   219   -5843.9047     0.1593     0.1463    0.0008    78.51    222    1.069
   220   -5844.0843     0.2014     0.1796    0.0015    80.36    223    1.045
   221   -5844.2271     0.3619     0.1428    0.0022    82.79    224    1.047
   222   -5844.4184     0.1878     0.1913    0.0010    83.68    225    1.046
   223   -5844.5845     0.1525     0.1660    0.0012    80.24    226    1.046
   224   -5844.7169     0.1837     0.1324    0.0012    81.17    227    1.048
   225   -5844.8788     0.2557     0.1618    0.0018    82.96    228    1.045
   226   -5845.0951     0.1778     0.2163    0.0022    85.12    229    1.045
   227   -5845.2929     0.1929     0.1978    0.0022    83.28    230    1.046
   228   -5845.4777     0.2716     0.1848    0.0024    82.20    231    1.045
   229   -5845.6714     0.1877     0.1937    0.0004    67.39    232    1.046
   230   -5845.8968     0.1842     0.2254    0.0007    65.22    233    1.075
   231   -5846.0455     0.2838     0.1487    0.0014    79.82    234    1.076
   232   -5846.2132     0.1777     0.1677    0.0011    83.59    235    1.074
   233   -5846.4058     0.1663     0.1927    0.0020    82.50    236    1.137
   234   -5846.5408     0.2334     0.1349    0.0015    82.05    237    1.106
   235   -5846.7223     0.1740     0.1815    0.0016    83.53    238    1.079
   236   -5846.9155     0.1983     0.1932    0.0014    78.38    239    1.076
   237   -5847.0621     0.2700     0.1466    0.0014    77.84    240    1.073
   238   -5847.2005     0.1687     0.1384    0.0002    57.40    241    1.074
   239   -5847.3717     0.1576     0.1712    0.0006    68.20    242    1.078
   240   -5847.5287     0.1993     0.1570    0.0014    80.85    243    1.075
   241   -5847.6528     0.3141     0.1241    0.0021    83.36    244    1.080
   242   -5847.8072     0.1606     0.1544    0.0008    82.35    245    1.075
   243   -5847.9473     0.1525     0.1401    0.0009    77.53    246    1.076
   244   -5848.0834     0.1753     0.1361    0.0010    79.55    247    1.074
   245   -5848.2131     0.3211     0.1297    0.0014    79.63    248    1.076
   246   -5848.3892     0.1799     0.1761    0.0010    82.79    249    1.078
   247   -5848.5229     0.1476     0.1337    0.0006    75.31    250    1.073
   248   -5848.6598     0.1891     0.1369    0.0007    71.34    251    1.074
   249   -5848.8139     0.2338     0.1541    0.0011    77.63    252    1.141
   250   -5848.9573     0.1666     0.1434    0.0007    79.46    253    1.228
   251   -5849.0873     0.1745     0.1300    0.0010    76.94    254    1.222
   252   -5849.1913     0.1688     0.1040    0.0006    76.92    255    1.308
   253   -5849.3514     0.1734     0.1600    0.0010    78.32    256    1.286
   254   -5849.5042     0.3433     0.1528    0.0016    79.86    257    1.325
   255   -5849.6932     0.1730     0.1890    0.0012    83.28    258    1.403
   256   -5849.8130     0.1437     0.1199    0.0005    73.84    259    1.357
   257   -5849.9728     0.1822     0.1597    0.0010    75.35    260    1.291
   258   -5850.0917     0.3187     0.1189    0.0017    81.11    261    1.349
   259   -5850.2291     0.1753     0.1375    0.0005    79.65    262    1.362
   260   -5850.3553     0.1473     0.1262    0.0008    77.84    263    1.336
   261   -5850.4691     0.1660     0.1138    0.0008    79.52    264    1.428
   262   -5850.6026     0.2701     0.1335    0.0013    80.53    265    1.396
   263   -5850.7730     0.1652     0.1704    0.0016    84.43    266    1.362
   264   -5850.8791     0.1503     0.1062    0.0008    78.69    267    1.413
   265   -5851.0075     0.1658     0.1283    0.0007    73.64    268    1.369
   266   -5851.1518     0.1945     0.1443    0.0008    76.38    269    1.438
   267   -5851.3071     0.2278     0.1553    0.0013    79.98    270    1.359
   268   -5851.4409     0.1589     0.1337    0.0010    80.62    271    1.347
   269   -5851.5301     0.1386     0.0893    0.0004    74.34    272    1.404
   270   -5851.6557     0.1359     0.1255    0.0006    71.56    273    1.444
   271   -5851.7623     0.2843     0.1066    0.0012    76.32    274    1.360
   272   -5851.8757     0.1474     0.1135    0.0006    80.82    275    1.326
   273   -5851.9550     0.1201     0.0792    0.0005    76.40    276    1.330
   274   -5852.0445     0.1380     0.0896    0.0007    76.74    277    1.360
   275   -5852.1483     0.2192     0.1038    0.0011    79.18    278    1.400
   276   -5852.2854     0.1493     0.1371    0.0013    83.44    279    1.312
   277   -5852.4004     0.1476     0.1150    0.0010    79.68    280    1.393
   278   -5852.5220     0.1850     0.1216    0.0011    78.20    281    1.316
   279   -5852.6343     0.1568     0.1123    0.0006    77.15    282    1.340
   280   -5852.7693     0.1679     0.1351    0.0010    76.81    283    1.334
   281   -5852.8567     0.1933     0.0874    0.0009    78.87    284    1.286
   282   -5852.9354     0.1359     0.0786    0.0005    79.65    285    1.297
   283   -5853.0492     0.1225     0.1138    0.0008    76.45    286    1.346
   284   -5853.1604     0.1791     0.1112    0.0013    80.10    287    1.324
   285   -5853.2332     0.2537     0.0728    0.0017    83.35    288    1.288
   286   -5853.3324     0.1281     0.0993    0.0002    65.30    289    1.301
   287   -5853.4315     0.1184     0.0991    0.0005    68.99    290    1.296
   288   -5853.5163     0.1303     0.0848    0.0008    79.27    291    1.262
   289   -5853.5927     0.2652     0.0764    0.0012    80.57    292    1.290
   290   -5853.7003     0.1442     0.1075    0.0009    84.36    293    1.204
   291   -5853.7870     0.1125     0.0868    0.0007    79.56    294    1.149
   292   -5853.8809     0.1489     0.0939    0.0008    76.21    295    1.183
   293   -5853.9755     0.2286     0.0946    0.0011    79.23    296    1.266
   294   -5854.0709     0.1350     0.0955    0.0005    79.35    297    1.292
   295   -5854.1501     0.1136     0.0792    0.0005    71.51    298    1.295
   296   -5854.2093     0.1409     0.0592    0.0004    70.55    299    1.290
   297   -5854.2973     0.1368     0.0881    0.0007    78.96    300    1.274
   298   -5854.3956     0.1896     0.0983    0.0011    79.42    301    1.303
   299   -5854.4859     0.1320     0.0902    0.0011    82.38    302    1.289
   300   -5854.5449     0.1094     0.0590    0.0003    70.94    303    1.240
   301   -5854.6325     0.1149     0.0877    0.0005    71.84    304    1.198
   302   -5854.7232     0.1832     0.0907    0.0012    78.01    305    1.120
   303   -5854.7998     0.1333     0.0766    0.0008    82.96    306    1.049
   304   -5854.8913     0.1286     0.0915    0.0009    80.87    307    1.107
   305   -5854.9918     0.1901     0.1005    0.0012    80.00    308    1.141
   306   -5855.0884     0.1577     0.0966    0.0011    82.21    309    1.108
   307   -5855.1742     0.1171     0.0859    0.0005    75.85    310    1.133
   308   -5855.2787     0.1345     0.1045    0.0008    72.88    311    1.228
   309   -5855.3480     0.2207     0.0692    0.0009    79.19    312    1.149
   310   -5855.4321     0.1402     0.0841    0.0005    81.01    313    1.251
   311   -5855.5470     0.0962     0.1149    0.0010    79.33    314    1.279

 Optimization achieved convergence criteria:  0.09625
 Generalized Kirkwood  -2957.95433979      0.054
 Cavitation             1357.95097439      0.048
 Dispersion             -922.29904259      0.078

 Computed Potential Energy
  Bond Stretching            180.86865485         2141        0.000 ( 0.01584)
  Angle Bending              437.11617252         3895        0.000 ( 2.69070)
  Stretch-Bend                 2.20175048         3415        0.000
  Out-of-Plane Bend           15.84128705         1203        0.000
  Torsional Angle             61.24207195         5680        0.000
  Pi-Orbital Torsion          12.37906825          222        0.000
  Torsion-Torsion            -49.20557246            9        0.000
  Van der Waals              341.56674356      2246467        0.007
  Atomic Multipoles        -3620.65753187      2246467
  Polarization              -714.59723011      2246467        0.808
  Solvation                -2522.30240799      2254626
  Total Potential          -5855.54699377  (Kcal/mole)        0.816 (sec)
 Setting atom names to PDB standard.
 Saving 3EJI_pH8.55.pdb_3
 Wrote induced dipoles to: /Dedicated/schnieders/maemmad/pKa_GNN/ffx_pipeline/data/fixed_pdbs/3EJI/3EJI_pH8.55.uind
 Wrote permanent multipoles to: /Dedicated/schnieders/maemmad/pKa_GNN/ffx_pipeline/data/fixed_pdbs/3EJI/3EJI_pH8.55.uperm

 Script wall clock time: 404.158 (sec)
=== Titration pH 8.55 done: Wed May  6 08:24:41 CDT 2026 ===
