 Evaluating /Dedicated/schnieders/programs/stack-2021.1.sh
  Loading Modules
   Stack 2021.1
   GCC 9.3.0
   CMake 3.20.0
   Eigen 3.3.9
   Cuda 11.1.1
   Cuda: /usr/share/apps/2021.1/arch/gcc-9.3.0/cuda-11.1.1
   CudaNN 8.0.5.39-11.1
   Swig 4.0.2_gcc-9.3.0
  Loading software from /Dedicated/schnieders/programs/local
   Ant: /Dedicated/schnieders/programs/apache-ant-1.10.11
   FFX: /Dedicated/schnieders/programs/ffx-builds/forcefieldx-2026-01-04
   GDMA: /Dedicated/schnieders/programs/gdma-2.3
   Groovy: /Dedicated/schnieders/programs/groovy-4.0.1
   Java: /Dedicated/schnieders/programs/jdk-25.0.1
   Maven: /Dedicated/schnieders/programs/apache-maven-3.9.5
   VMD: /Dedicated/schnieders/programs/vmd
   NAMD: /Dedicated/schnieders/programs/NAMD_3.0alpha7_Linux-x86_64-multicore-CUDA
   OpenEye: /Dedicated/schnieders/programs/OpenEye
   Tinker: /Dedicated/schnieders/programs/tinker-tools
=== Titration pH 6.45 started: Wed May  6 15:21:58 CDT 2026 ===
WARNING: Using incubator modules: jdk.incubator.vector
WARNING: Using incubator modules: jdk.incubator.vector
 _________________________________________________________________________

        FORCE FIELD X - Polyglot Software for Molecular Biophysics 

        Version 1.0.0-6947  April 2026 
        Git Revision  519408079905b3dd4b967041b75b836f63fb563f 
 
        Please cite the following reference when using Force Field X:

        RA Gogal, AJ Nessler, AC Thiel, HV Bernabe, RA Corrigan Grove,
        LM Cousineau, JM Litman, JM Miller, G Qi, MJ Speranza,
        MR Tollefson, TD Fenn, JJ Michaelson, O Okada, JP Piquemal,
        JW Ponder, J Shen, RJH Smith, W Yang, P Ren and MJ Schnieders,
        2024, Journal of Chemical Physics, 161 (1).

        Copyright (c)  Michael J. Schnieders  2001-2025
        All Rights Reserved

        Force Field X is distributed under the GPL v. 3 license
        with linking exception and is hosted by the Schnieders Lab
        at The University of Iowa.

        User Manual:   https://ffx.biochem.uiowa.edu/manual.html
        Publications:  https://ffx.biochem.uiowa.edu/publications.html
        License:       https://ffx.biochem.uiowa.edu/licenses.html

 _________________________________________________________________________

 Wed May 06 15:22:29 CDT 2026
 Process ID 64806 on argon-itf-bx53-04.hpc.

 Command line arguments:
 [ManyBody, --tR, --pH, 6.45, --oT, -T, --kPH, 3.0, /Dedicated/schnieders/maemmad/pKa_GNN/ffx_pipeline/data/fixed_pdbs/7XJD/7XJD_pH6.45.pdb]

 Executing internal command: ffx.algorithms.commands.ManyBody

 Parsing: Internal force field (amoeba-bio-2018-cphmd).
 Parsing: Structure properties from (/Dedicated/schnieders/maemmad/pKa_GNN/ffx_pipeline/data/fixed_pdbs/7XJD/titrate.properties).
 Parsing: JVM system properties (i.e. command line -Dkey=value pairs).

 Attempting to read force field patch from /Dedicated/schnieders/maemmad/pKa_GNN/naphosphate_solute.09Feb21.prm.

 Renumbering Patch: FALSE
 Reading 7XJD_pH6.45.pdb

 Assigning atom types for 1 chains.
 Amino acid chain A
 Constructing Force Field AMOEBA-BIO-2018-CPHMD

 SMP threads:                                20
 The system will be treated as aperiodic (max separation =   70.6 A).

 Bonded Terms
  Bonds:                                   3663
  Angles:                                  6645
  Stretch-Bends:                           5795
  Out-of-Plane Bends:                      2187
  Torsions:                                9708
  Pi-Orbital Torsions:                      458
  Torsion-Torsions:                          23

 Non-Bonded Terms

  Van der Waals
   Cut-Off:                                NONE
   Long-Range Correction:                 FALSE

 Electrostatics
   Polarization:                         MUTUAL
    SCF Convergence Criteria:         1.000e-06
    SCF Predictor:                         NONE
    SCF Algorithm:                           CG
    CG Preconditioner Cut-Off:            4.500
    CG Preconditioner Ewald Coeff.:       0.000
    CG Preconditioner Scale:              2.000
    CG Preconditioner Mode:     FLETCHER_REEVES
    Electrostatics Cut-Off:                NONE

  Continuum Solvation
   Radii:                                SOLUTE
   Generalized Kirkwood Cut-Off:           NONE
   GKC:                                  2.4550
   Solvent Dielectric:                  78.3000
   Solute Dielectric:                    2.0000
   Descreen with vdW Radii:                TRUE
   Descreen with Hydrogen Atoms:          FALSE
   Descreen Offset:                      0.0000
   General HCT Scale Factor:             0.7200
   Non-Polar Model:                  GAUSS-DISP
    GaussVol Radii Offset:               0.0000
    GaussVol Radii Scale:                1.0000
   Dispersion Integral Offset:           1.0560 (A)
   Cavitation Solvent Pressure:          0.0334 (Kcal/mol/A^3)
   Cavitation Surface Tension:           0.1030 (Kcal/mol/A^2)
   Cavitation Cross-Over Radius:         9.2515 (A)

  Overall system charge:                 -2.000

 Opened 7XJD_pH6.45.pdb in 1.717 sec.

 System Resources
  Total CPU time:          22.00 (sec)
  System load average:     77.33
  Open file handles:         146 of  81920 allowed
  System memory:           44911 MB free out of  45940 MB
  System swap space:        2053 MB free out of   2053 MB
  JVM memory:               3990 MB free out of   4096 MB

 Adding titration hydrogen to : /Dedicated/schnieders/maemmad/pKa_GNN/ffx_pipeline/data/fixed_pdbs/7XJD/7XJD_pH6.45.pdb

 Reading 7XJD_pH6.45.pdb

 Assigning atom types for 1 chains.
 Amino acid chain A
 Renumbering PDB file due to built atoms (3631 vs 3615)
 Total number of atoms: 3631

 Constructing Force Field AMOEBA-BIO-2018-CPHMD

 SMP threads:                                20
 The system will be treated as aperiodic (max separation =   71.2 A).

 Bonded Terms
  Bonds:                                   3679
  Angles:                                  6661
  Stretch-Bends:                           5795
  Out-of-Plane Bends:                      2187
  Torsions:                                9740
  Pi-Orbital Torsions:                      458
  Torsion-Torsions:                          23

 Non-Bonded Terms

  Van der Waals
   Cut-Off:                                NONE
   Long-Range Correction:                 FALSE

 Electrostatics
   Polarization:                         MUTUAL
    SCF Convergence Criteria:         1.000e-06
    SCF Predictor:                         NONE
    SCF Algorithm:                           CG
    CG Preconditioner Cut-Off:            4.500
    CG Preconditioner Ewald Coeff.:       0.000
    CG Preconditioner Scale:              2.000
    CG Preconditioner Mode:     FLETCHER_REEVES
    Electrostatics Cut-Off:                NONE

  Continuum Solvation
   Radii:                                SOLUTE
   Generalized Kirkwood Cut-Off:           NONE
   GKC:                                  2.4550
   Solvent Dielectric:                  78.3000
   Solute Dielectric:                    2.0000
   Descreen with vdW Radii:                TRUE
   Descreen with Hydrogen Atoms:          FALSE
   Descreen Offset:                      0.0000
   General HCT Scale Factor:             0.7200
   Non-Polar Model:                  GAUSS-DISP
    GaussVol Radii Offset:               0.0000
    GaussVol Radii Scale:                1.0000
   Dispersion Integral Offset:           1.0560 (A)
   Cavitation Solvent Pressure:          0.0334 (Kcal/mol/A^3)
   Cavitation Surface Tension:           0.1030 (Kcal/mol/A^2)
   Cavitation Cross-Over Radius:         9.2515 (A)

  Overall system charge:                 14.000
 Temperature: 298.150000

 Energy restart file: 7XJD_pH6.45.restart

 Initial Potential Energy:
 Generalized Kirkwood  -1564.93740420      0.400
 Cavitation             2190.56531301      0.310
 Dispersion            -1248.53897716      0.605

 Computed Potential Energy
  Bond Stretching            360.78643534         3679        0.008 ( 0.01624)
  Angle Bending              818.40240117         6661        0.006 ( 2.82145)
  Stretch-Bend                -2.28420865         5795        0.005
  Out-of-Plane Bend           29.49677261         2187        0.003
  Torsional Angle             37.87982571         9740        0.004
  Pi-Orbital Torsion          33.49381932          458        0.001
  Torsion-Torsion           -109.63682108           23        0.000
  Van der Waals              603.69753246      6579925        0.119
  Atomic Multipoles        -1759.73220379      6579925
  Polarization              -165.73783220      6579925        4.279
  Solvation                 -622.91106835      6593896
  Total Potential           -776.54534746  (Kcal/mole)        4.426 (sec)

 Initial Rotamer Torsion Angles:

 Residue    Current Torsional Angles
 A    5-GLH   67.852  -77.971 -174.079    0.000
 A   26-LYS -166.091  178.796 -170.124  -53.383
 A   32-ASH -179.075   66.183    0.000    0.000
 A   34-ASH  -63.666  -40.727    0.000    0.000
 A   36-LYS  -68.227 -161.295 -159.339  164.727
 A   37-LYS   77.328 -163.023  166.717  175.080
 A   70-GLH  -64.982  -65.028  -39.992    0.000
 A   81-ASH  176.740  -16.186    0.000    0.000
 A   92-ASH  -83.481  -34.131    0.000    0.000
 A   98-ASH -171.692   30.183    0.000    0.000
 A  100-ASH -177.022   65.017    0.000    0.000
 A  111-ASH -168.641  -68.050    0.000    0.000
 A  125-LYS  -53.363 -178.550 -178.484 -163.715
 A  155-LYS  -61.991  -67.984 -179.967  179.988
 A  157-GLH   45.477   76.689 -104.119    0.000
 A  162-GLH   66.849  -74.583   18.437    0.000
 A  168-LYS -177.004  179.989  180.000 -179.977
 A  190-GLH  -46.581   99.110  -28.088    0.000
 A  200-GLH  169.054 -164.352  -38.573    0.000
 A  208-ASH  -73.899  -29.488    0.000    0.000
 A  212-LYS  -60.580 -169.295  166.896   66.207
 A  228-GLH -177.004  -80.004  -25.014    0.000
 A  230-GLH -168.530   47.494   45.813    0.000

 Rotamer Library:     Richardson
 Algorithm:           ALL
 Goldstein Criteria:  true
 Three-Body Energies: true


 Computing Residue Distance Matrix
 Built residue neighbor list:              0.014 sec
 Pairwise distance matrix:               141.373 sec

 Beginning Energy   -1566.38520013

     Residue  Nrot
   1   A5-GLH   42
   2  A26-LYS   56
   3  A32-ASH   27
   4  A34-ASH   27
   5  A36-LYS   56
   6  A37-LYS   56
   7  A70-GLH   42
   8  A81-ASH   27
   9  A92-ASH   27
  10  A98-ASH   27
  11 A100-ASH   27
  12 A111-ASH   27
  13 A125-LYS   56
  14 A155-LYS   56
  15 A157-GLH   42
  16 A162-GLH   42
  17 A168-LYS   56
  18 A190-GLH   42
  19 A200-GLH   42
  20 A208-ASH   27
  21 A212-LYS   56
  22 A228-GLH   42
  23 A230-GLH   42

 Number of self energies: 944
 Backbone energy:     -707.69300466

 Self   A5-GLU 0 :      -6.87028870 in 3.7128 (sec).
 Self   A5-GLH 1 :      26.49644119 in 3.9997 (sec).
 Self   A5-GLH 2 :     736.98287666 in 3.2509 (sec).
 Self   A5-GLH 3 :      49.24042923 in 3.4812 (sec).
 Self   A5-GLH 4 :     562.90330888 in 3.8434 (sec).
 Self   A5-GLH 5 :    5205.47111353 in 3.7733 (sec).
 Self   A5-GLH 6 :    1159.63722720 in 3.7665 (sec).
 Self   A5-GLH 7 :     399.06967657 in 3.6151 (sec).
 Self   A5-GLH 8 :    4932.34355573 in 3.2403 (sec).
 Self   A5-GLH 9 :    6674.74058565 in 3.1288 (sec).
 Self   A5-GLH 10:     198.67116784 in 3.1524 (sec).
 Self   A5-GLH 11:      78.70231488 in 3.1502 (sec).
 Self   A5-GLH 12:     446.57518063 in 2.9681 (sec).
 Self   A5-GLH 13:    2071.57256903 in 3.1928 (sec).
 Self   A5-GLH 14:    1138.58322410 in 3.4806 (sec).
 Self   A5-GLH 15:     265.91246378 in 3.6478 (sec).
 Self   A5-GLH 16:    6900.26168831 in 3.7502 (sec).
 Self   A5-GLH 17:    1489.52558481 in 3.9663 (sec).
 Self   A5-GLH 18:     139.86953164 in 3.3708 (sec).
 Self   A5-GLH 19:      57.88476189 in 3.4692 (sec).
 Self   A5-GLH 20:     745.77731279 in 3.6286 (sec).
 Self   A5-GLH 21:  486576.73342227 in 3.6413 (sec).
 Self   A5-GLH 22:    1059.70506461 in 3.3223 (sec).
 Self   A5-GLH 23:    1101.17821278 in 3.2741 (sec).
 Self   A5-GLH 24:    4969.99509879 in 3.0517 (sec).
 Self   A5-GLH 25:   13392.09271034 in 3.0979 (sec).
 Self   A5-GLH 26:     235.31444773 in 3.1819 (sec).
 Self   A5-GLH 27:     120.82762029 in 3.3007 (sec).
 Self   A5-GLH 28:     437.78353083 in 3.2031 (sec).
 Self   A5-GLH 29:    2079.83116212 in 3.2546 (sec).
 Self   A5-GLH 30:    1123.42020855 in 3.9633 (sec).
 Self   A5-GLH 31:     299.12993489 in 3.9603 (sec).
 Self   A5-GLH 32:    6862.80573104 in 3.7237 (sec).
 Self   A5-GLH 33:    1345.96511923 in 3.2829 (sec).
 Self   A5-GLU 34:     109.32068203 in 3.2341 (sec).
 Self   A5-GLU 35:       8.05256355 in 3.3772 (sec).
 Self   A5-GLU 36:     495.73558296 in 3.3978 (sec).
 Self   A5-GLU 37:    3238.34029503 in 3.4126 (sec).
 Self   A5-GLU 38:     942.01272653 in 3.5644 (sec).
 Self   A5-GLU 39:     284.90013862 in 4.0944 (sec).
 Self   A5-GLU 40:    9377.03378045 in 4.0505 (sec).
 Self   A5-GLU 41:    1809.77153202 in 4.1843 (sec).
 Self  A26-LYS 0 :     -18.93357543 in 3.8863 (sec).
 Self  A26-LYD 1 :      34.39173031 in 4.1343 (sec).
 Self  A26-LYD 2 :     377.05230153 in 4.0623 (sec).
 Self  A26-LYD 3 :    3822.51837066 in 3.9853 (sec).
 Self  A26-LYD 4 :    1386.72035374 in 3.9490 (sec).
 Self  A26-LYD 5 :   19422.54643565 in 4.2324 (sec).
 Self  A26-LYD 6 :     253.19237924 in 4.1705 (sec).
 Self  A26-LYD 7 :      37.86159511 in 4.0014 (sec).
 Self  A26-LYD 8 :      36.67834220 in 4.0906 (sec).
 Self  A26-LYD 9 :      38.27478823 in 4.0013 (sec).
 Self  A26-LYD 10:     256.07557140 in 4.2858 (sec).
 Self  A26-LYD 11:     147.23380010 in 4.1043 (sec).
 Self  A26-LYD 12:      36.79882366 in 4.0438 (sec).
 Self  A26-LYD 13:      44.82599994 in 4.1421 (sec).
 Self  A26-LYD 14:     147.54125062 in 4.0377 (sec).
 Self  A26-LYD 15:      66.90062465 in 4.0200 (sec).
 Self  A26-LYD 16:      50.85677307 in 3.9028 (sec).
 Self  A26-LYD 17:     567.09135159 in 3.7642 (sec).
 Self  A26-LYD 18:     268.20675237 in 4.0419 (sec).
 Self  A26-LYD 19:     237.99340017 in 4.1015 (sec).
 Self  A26-LYD 20:   10397.41687920 in 4.1636 (sec).
 Self  A26-LYD 21:   17933.27194450 in 3.8017 (sec).
 Self  A26-LYD 22:   19921.70105929 in 4.0897 (sec).
 Self  A26-LYD 23:     552.30728199 in 3.9700 (sec).
 Self  A26-LYD 24:     709.34337342 in 4.1627 (sec).
 Self  A26-LYD 25:    2430.77719753 in 3.9594 (sec).
 Self  A26-LYD 26:     155.66344120 in 3.9377 (sec).
 Self  A26-LYD 27:     179.73745465 in 4.1707 (sec).
 Self  A26-LYD 28:      45.54922527 in 3.9906 (sec).
 Self  A26-LYS 29:     518.63460817 in 4.0183 (sec).
 Self  A26-LYS 30:    8608.50917691 in 3.9782 (sec).
 Self  A26-LYS 31:    1355.76920239 in 3.8889 (sec).
 Self  A26-LYS 32:   19376.87928373 in 4.1190 (sec).
 Self  A26-LYS 33:     205.17627560 in 3.8413 (sec).
 Self  A26-LYS 34:     -13.02832666 in 4.0575 (sec).
 Self  A26-LYS 35:     -15.68361355 in 3.8849 (sec).
 Self  A26-LYS 36:     -13.37127216 in 4.0391 (sec).
 Self  A26-LYS 37:     298.28543772 in 3.9839 (sec).
 Self  A26-LYS 38:     105.24019589 in 3.8233 (sec).
 Self  A26-LYS 39:     -13.78499150 in 3.9399 (sec).
 Self  A26-LYS 40:      -4.19787885 in 4.0858 (sec).
 Self  A26-LYS 41:     101.77564207 in 4.0094 (sec).
 Self  A26-LYS 42:      20.14632604 in 3.9927 (sec).
 Self  A26-LYS 43:      -0.72267436 in 4.2347 (sec).
 Self  A26-LYS 44:     537.70919013 in 4.0458 (sec).
 Self  A26-LYS 45:     222.45667504 in 4.1188 (sec).
 Self  A26-LYS 46:     205.28554941 in 3.8560 (sec).
 Self  A26-LYS 47:   10361.89338254 in 4.3926 (sec).
 Self  A26-LYS 48:   19197.38010769 in 3.8600 (sec).
 Self  A26-LYS 49:   19877.20756681 in 3.8953 (sec).
 Self  A26-LYS 50:     506.97652540 in 4.1727 (sec).
 Self  A26-LYS 51:    1516.36714398 in 4.0178 (sec).
 Self  A26-LYS 52:    2771.13945114 in 4.1222 (sec).
 Self  A26-LYS 53:     106.21908960 in 4.0380 (sec).
 Self  A26-LYS 54:     128.00608740 in 3.7915 (sec).
 Self  A26-LYS 55:      -6.38851778 in 3.9256 (sec).
 Self  A32-ASP 0 :     -15.92164176 in 4.0207 (sec).
 Self  A32-ASH 1 :      28.88992084 in 3.8404 (sec).
 Self  A32-ASH 2 :     272.12821049 in 4.1546 (sec).
 Self  A32-ASH 3 :     275.88827723 in 3.9838 (sec).
 Self  A32-ASH 4 :      75.92229092 in 4.1544 (sec).
 Self  A32-ASH 5 :      17.37665568 in 3.9849 (sec).
 Self  A32-ASH 6 :      54.06896745 in 3.8470 (sec).
 Self  A32-ASH 7 :     412.13376508 in 3.8718 (sec).
 Self  A32-ASH 8 :     411.01025326 in 4.0279 (sec).
 Self  A32-ASH 9 :      23.97530958 in 3.8737 (sec).
 Self  A32-ASH 10:      12.23974175 in 4.0319 (sec).
 Self  A32-ASH 11:      31.20029301 in 3.8293 (sec).
 Self  A32-ASH 12:     442.53847549 in 3.8950 (sec).
 Self  A32-ASH 13:     341.45958525 in 4.0023 (sec).
 Self  A32-ASH 14:      32.00637244 in 3.9495 (sec).
 Self  A32-ASH 15:      30.20335152 in 4.0363 (sec).
 Self  A32-ASH 16:     251.80959116 in 4.0801 (sec).
 Self  A32-ASH 17:     521.41075432 in 4.0034 (sec).
 Self  A32-ASH 18:     620.40036888 in 4.2018 (sec).
 Self  A32-ASH 19:      54.14178464 in 4.0611 (sec).
 Self  A32-ASH 20:      17.08433387 in 3.9486 (sec).
 Self  A32-ASH 21:      52.76913412 in 3.8636 (sec).
 Self  A32-ASP 22:     221.84852256 in 4.0478 (sec).
 Self  A32-ASP 23:     262.70249684 in 4.0040 (sec).
 Self  A32-ASP 24:      -9.68470498 in 4.0414 (sec).
 Self  A32-ASP 25:     -15.15150613 in 4.0807 (sec).
 Self  A32-ASP 26:      23.38174891 in 4.0841 (sec).
 Self  A34-ASP 0 :     -17.25238870 in 4.2244 (sec).
 Self  A34-ASH 1 :       8.38713889 in 4.0796 (sec).
 Self  A34-ASH 2 :     587.96725840 in 4.0184 (sec).
 Self  A34-ASH 3 :     276.70526435 in 4.1649 (sec).
 Self  A34-ASH 4 :      19.52263930 in 4.0066 (sec).
 Self  A34-ASH 5 :      52.63854127 in 4.0199 (sec).
 Self  A34-ASH 6 :       3.94066370 in 3.9418 (sec).
 Self  A34-ASH 7 :     272.49400220 in 4.0405 (sec).
 Self  A34-ASH 8 :     234.60435026 in 4.0093 (sec).
 Self  A34-ASH 9 :      23.63834271 in 4.0912 (sec).
 Self  A34-ASH 10:      13.13419002 in 3.9251 (sec).
 Self  A34-ASH 11:       7.71206565 in 4.1198 (sec).
 Self  A34-ASH 12:     138.89653363 in 4.0645 (sec).
 Self  A34-ASH 13:     104.14389124 in 3.8731 (sec).
 Self  A34-ASH 14:      24.48629343 in 4.0302 (sec).
 Self  A34-ASH 15:      63.20004793 in 4.0234 (sec).
 Self  A34-ASH 16:       9.36710794 in 4.0286 (sec).
 Self  A34-ASH 17:     453.27932634 in 3.9081 (sec).
