 Evaluating /Dedicated/schnieders/programs/stack-2021.1.sh
  Loading Modules
   Stack 2021.1
   GCC 9.3.0
   CMake 3.20.0
   Eigen 3.3.9
   Cuda 11.1.1
   Cuda: /usr/share/apps/2021.1/arch/gcc-9.3.0/cuda-11.1.1
   CudaNN 8.0.5.39-11.1
   Swig 4.0.2_gcc-9.3.0
  Loading software from /Dedicated/schnieders/programs/local
   Ant: /Dedicated/schnieders/programs/apache-ant-1.10.11
   FFX: /Dedicated/schnieders/programs/ffx-builds/forcefieldx-2026-01-04
   GDMA: /Dedicated/schnieders/programs/gdma-2.3
   Groovy: /Dedicated/schnieders/programs/groovy-4.0.1
   Java: /Dedicated/schnieders/programs/jdk-25.0.1
   Maven: /Dedicated/schnieders/programs/apache-maven-3.9.5
   VMD: /Dedicated/schnieders/programs/vmd
   NAMD: /Dedicated/schnieders/programs/NAMD_3.0alpha7_Linux-x86_64-multicore-CUDA
   OpenEye: /Dedicated/schnieders/programs/OpenEye
   Tinker: /Dedicated/schnieders/programs/tinker-tools
=== Titration pH 6.45 started: Mon Apr 27 20:21:17 CDT 2026 ===
WARNING: Using incubator modules: jdk.incubator.vector
WARNING: Using incubator modules: jdk.incubator.vector
 _________________________________________________________________________

        FORCE FIELD X - Polyglot Software for Molecular Biophysics 

        Version 1.0.0-6947  April 2026 
        Git Revision  519408079905b3dd4b967041b75b836f63fb563f 
 
        Please cite the following reference when using Force Field X:

        RA Gogal, AJ Nessler, AC Thiel, HV Bernabe, RA Corrigan Grove,
        LM Cousineau, JM Litman, JM Miller, G Qi, MJ Speranza,
        MR Tollefson, TD Fenn, JJ Michaelson, O Okada, JP Piquemal,
        JW Ponder, J Shen, RJH Smith, W Yang, P Ren and MJ Schnieders,
        2024, Journal of Chemical Physics, 161 (1).

        Copyright (c)  Michael J. Schnieders  2001-2025
        All Rights Reserved

        Force Field X is distributed under the GPL v. 3 license
        with linking exception and is hosted by the Schnieders Lab
        at The University of Iowa.

        User Manual:   https://ffx.biochem.uiowa.edu/manual.html
        Publications:  https://ffx.biochem.uiowa.edu/publications.html
        License:       https://ffx.biochem.uiowa.edu/licenses.html

 _________________________________________________________________________

 Mon Apr 27 20:21:48 CDT 2026
 Process ID 94312 on argon-itf-bx54-07.hpc.

 Command line arguments:
 [ManyBody, --tR, --pH, 6.45, --oT, -T, --kPH, 3.0, /Dedicated/schnieders/maemmad/pKa_GNN/ffx_pipeline/data/fixed_pdbs/1UBQ/1UBQ_pH6.45.pdb]

 Executing internal command: ffx.algorithms.commands.ManyBody

 Parsing: Internal force field (amoeba-bio-2018-cphmd).
 Parsing: Structure properties from (/Dedicated/schnieders/maemmad/pKa_GNN/ffx_pipeline/data/fixed_pdbs/1UBQ/titrate.properties).
 Parsing: JVM system properties (i.e. command line -Dkey=value pairs).

 Attempting to read force field patch from /Dedicated/schnieders/maemmad/pKa_GNN/naphosphate_solute.09Feb21.prm.

 Renumbering Patch: FALSE
 Reading 1UBQ_pH6.45.pdb

 Assigning atom types for 1 chains.
 Amino acid chain A
 Constructing Force Field AMOEBA-BIO-2018-CPHMD

 SMP threads:                                20
 The system will be treated as aperiodic (max separation =   44.7 A).

 Bonded Terms
  Bonds:                                   1238
  Angles:                                  2259
  Stretch-Bends:                           1965
  Out-of-Plane Bends:                       651
  Torsions:                                3297
  Pi-Orbital Torsions:                      106
  Torsion-Torsions:                           5

 Non-Bonded Terms

  Van der Waals
   Cut-Off:                                NONE
   Long-Range Correction:                 FALSE

 Electrostatics
   Polarization:                         MUTUAL
    SCF Convergence Criteria:         1.000e-06
    SCF Predictor:                         NONE
    SCF Algorithm:                           CG
    CG Preconditioner Cut-Off:            4.500
    CG Preconditioner Ewald Coeff.:       0.000
    CG Preconditioner Scale:              2.000
    CG Preconditioner Mode:     FLETCHER_REEVES
    Electrostatics Cut-Off:                NONE

  Continuum Solvation
   Radii:                                SOLUTE
   Generalized Kirkwood Cut-Off:           NONE
   GKC:                                  2.4550
   Solvent Dielectric:                  78.3000
   Solute Dielectric:                    2.0000
   Descreen with vdW Radii:                TRUE
   Descreen with Hydrogen Atoms:          FALSE
   Descreen Offset:                      0.0000
   General HCT Scale Factor:             0.7200
   Non-Polar Model:                  GAUSS-DISP
    GaussVol Radii Offset:               0.0000
    GaussVol Radii Scale:                1.0000
   Dispersion Integral Offset:           1.0560 (A)
   Cavitation Solvent Pressure:          0.0334 (Kcal/mol/A^3)
   Cavitation Surface Tension:           0.1030 (Kcal/mol/A^2)
   Cavitation Cross-Over Radius:         9.2515 (A)

  Overall system charge:                  1.000

 Opened 1UBQ_pH6.45.pdb in 0.857 sec.

 System Resources
  Total CPU time:          17.17 (sec)
  System load average:     45.64
  Open file handles:         146 of  81920 allowed
  System memory:           43915 MB free out of  44520 MB
  System swap space:        2053 MB free out of   2053 MB
  JVM memory:               4047 MB free out of   4096 MB

 Adding titration hydrogen to : /Dedicated/schnieders/maemmad/pKa_GNN/ffx_pipeline/data/fixed_pdbs/1UBQ/1UBQ_pH6.45.pdb

 Reading 1UBQ_pH6.45.pdb

 Assigning atom types for 1 chains.
 Amino acid chain A
 Renumbering PDB file due to built atoms (1243 vs 1232)
 Total number of atoms: 1243

 Constructing Force Field AMOEBA-BIO-2018-CPHMD

 SMP threads:                                20
 The system will be treated as aperiodic (max separation =   44.7 A).

 Bonded Terms
  Bonds:                                   1249
  Angles:                                  2270
  Stretch-Bends:                           1965
  Out-of-Plane Bends:                       651
  Torsions:                                3319
  Pi-Orbital Torsions:                      106
  Torsion-Torsions:                           5

 Non-Bonded Terms

  Van der Waals
   Cut-Off:                                NONE
   Long-Range Correction:                 FALSE

 Electrostatics
   Polarization:                         MUTUAL
    SCF Convergence Criteria:         1.000e-06
    SCF Predictor:                         NONE
    SCF Algorithm:                           CG
    CG Preconditioner Cut-Off:            4.500
    CG Preconditioner Ewald Coeff.:       0.000
    CG Preconditioner Scale:              2.000
    CG Preconditioner Mode:     FLETCHER_REEVES
    Electrostatics Cut-Off:                NONE

  Continuum Solvation
   Radii:                                SOLUTE
   Generalized Kirkwood Cut-Off:           NONE
   GKC:                                  2.4550
   Solvent Dielectric:                  78.3000
   Solute Dielectric:                    2.0000
   Descreen with vdW Radii:                TRUE
   Descreen with Hydrogen Atoms:          FALSE
   Descreen Offset:                      0.0000
   General HCT Scale Factor:             0.7200
   Non-Polar Model:                  GAUSS-DISP
    GaussVol Radii Offset:               0.0000
    GaussVol Radii Scale:                1.0000
   Dispersion Integral Offset:           1.0560 (A)
   Cavitation Solvent Pressure:          0.0334 (Kcal/mol/A^3)
   Cavitation Surface Tension:           0.1030 (Kcal/mol/A^2)
   Cavitation Cross-Over Radius:         9.2515 (A)

  Overall system charge:                 12.000
 Temperature: 298.150000

 Energy restart file: 1UBQ_pH6.45.restart

 Initial Potential Energy:
 Generalized Kirkwood  -1284.43940137      0.065
 Cavitation              800.04717566      0.052
 Dispersion             -527.32915815      0.111

 Computed Potential Energy
  Bond Stretching            169.15213766         1249        0.001 ( 0.01869)
  Angle Bending              231.40323123         2270        0.003 ( 2.55241)
  Stretch-Bend                -1.69037235         1965        0.003
  Out-of-Plane Bend           12.45690142          651        0.001
  Torsional Angle            108.32248721         3319        0.005
  Pi-Orbital Torsion           8.61648816          106        0.000
  Torsion-Torsion            -28.41788011            5        0.000
  Van der Waals              322.10048239       768384        0.295
  Atomic Multipoles         -153.42839621       768384
  Polarization               -90.15582767       768384        0.717
  Solvation                -1011.72138386       773146
  Total Potential           -433.36213213  (Kcal/mole)        1.026 (sec)

 Initial Rotamer Torsion Angles:

 Residue    Current Torsional Angles
 A    6-LYS -170.610  177.321 -174.861 -178.730
 A   11-LYS -172.469 -179.879 -154.454  -62.705
 A   16-GLH  -65.386 -171.960  148.532    0.000
 A   18-GLH  -68.164  -59.289  -21.863    0.000
 A   21-ASH  -68.366   -7.133    0.000    0.000
 A   24-GLH -176.992  -80.021  -24.979    0.000
 A   27-LYS  -64.862  179.679  173.112  176.019
 A   29-LYS  -67.564  169.752  153.331  -75.766
 A   32-ASH -158.241   50.079    0.000    0.000
 A   33-LYS   77.483  140.589   61.329 -168.633
 A   34-GLH  -63.939  -66.940  -15.749    0.000
 A   39-ASH   62.011    9.987    0.000    0.000
 A   48-LYS  -67.009 -179.995 -179.978  179.983
 A   51-GLH -176.999  -79.998  -24.986    0.000
 A   52-ASH  -66.405 -176.116    0.000    0.000
 A   58-ASH  -59.457  154.873    0.000    0.000
 A   63-LYS   60.411  164.744  156.746   60.809
 A   64-GLH  -66.994  179.996   -9.978    0.000
 A   68-HIS  -65.006   79.985    0.000    0.000

 Rotamer Library:     Richardson
 Algorithm:           ALL
 Goldstein Criteria:  true
 Three-Body Energies: true


 Computing Residue Distance Matrix
 Built residue neighbor list:              0.002 sec
 Pairwise distance matrix:               149.719 sec

 Beginning Energy   -1000.54404664

     Residue  Nrot
   1   A6-LYS   56
   2  A11-LYS   56
   3  A16-GLH   42
   4  A18-GLH   42
   5  A21-ASH   27
   6  A24-GLH   42
   7  A27-LYS   56
   8  A29-LYS   56
   9  A32-ASH   27
  10  A33-LYS   56
  11  A34-GLH   42
  12  A39-ASH   27
  13  A48-LYS   56
  14  A51-GLH   42
  15  A52-ASH   27
  16  A58-ASH   27
  17  A63-LYS   56
  18  A64-GLH   42
  19  A68-HIS   27

 Number of self energies: 806
 Backbone energy:     -324.64167125

 Self   A6-LYS 0 :     -24.35807508 in 0.7015 (sec).
 Self   A6-LYD 1 :      29.08489968 in 0.7183 (sec).
 Self   A6-LYD 2 :     679.27225286 in 0.8551 (sec).
 Self   A6-LYD 3 :      40.48748072 in 0.7124 (sec).
 Self   A6-LYD 4 :      39.17536255 in 0.6979 (sec).
 Self   A6-LYD 5 :      51.98099541 in 0.6656 (sec).
 Self   A6-LYD 6 :      41.29652076 in 0.6411 (sec).
 Self   A6-LYD 7 :      43.09284831 in 0.5933 (sec).
 Self   A6-LYD 8 :      33.75086173 in 0.6588 (sec).
 Self   A6-LYD 9 :      35.39118917 in 0.6039 (sec).
 Self   A6-LYD 10:      30.86740037 in 0.6773 (sec).
 Self   A6-LYD 11:      29.71107059 in 0.6507 (sec).
 Self   A6-LYD 12:      30.71431431 in 0.5484 (sec).
 Self   A6-LYD 13:      29.71380509 in 0.6183 (sec).
 Self   A6-LYD 14:      31.54172317 in 0.6330 (sec).
 Self   A6-LYD 15:      31.55427607 in 0.5777 (sec).
 Self   A6-LYD 16:      33.79199629 in 0.5766 (sec).
 Self   A6-LYD 17:     293.68802468 in 0.6410 (sec).
 Self   A6-LYD 18:     121.11352799 in 0.6114 (sec).
 Self   A6-LYD 19:      76.37025700 in 0.6312 (sec).
 Self   A6-LYD 20:     337.96015756 in 0.6346 (sec).
 Self   A6-LYD 21:      95.76931954 in 0.5894 (sec).
 Self   A6-LYD 22:      95.34877110 in 0.5707 (sec).
 Self   A6-LYD 23:    2607.90920507 in 0.6314 (sec).
 Self   A6-LYD 24:   56834.72899581 in 0.5880 (sec).
 Self   A6-LYD 25:     173.86295846 in 0.5765 (sec).
 Self   A6-LYD 26:     346.65133839 in 0.6416 (sec).
 Self   A6-LYD 27:     363.44480680 in 0.5924 (sec).
 Self   A6-LYD 28:     192.27174028 in 0.6261 (sec).
 Self   A6-LYS 29:     630.43701805 in 0.5989 (sec).
 Self   A6-LYS 30:      -9.94212082 in 0.6113 (sec).
 Self   A6-LYS 31:     -13.33754952 in 0.6105 (sec).
 Self   A6-LYS 32:       4.30365815 in 0.5478 (sec).
 Self   A6-LYS 33:     -11.34092953 in 0.6265 (sec).
 Self   A6-LYS 34:      -7.50748303 in 0.5705 (sec).
 Self   A6-LYS 35:     -18.01308838 in 0.5640 (sec).
 Self   A6-LYS 36:     -17.20813222 in 0.6196 (sec).
 Self   A6-LYS 37:     -20.09380783 in 0.5743 (sec).
 Self   A6-LYS 38:     -22.82641483 in 0.5733 (sec).
 Self   A6-LYS 39:     -20.93414605 in 0.5808 (sec).
 Self   A6-LYS 40:     -23.19658765 in 0.5869 (sec).
 Self   A6-LYS 41:     -20.97046924 in 0.5832 (sec).
 Self   A6-LYS 42:     -20.87001908 in 0.6666 (sec).
 Self   A6-LYS 43:     -18.67788501 in 0.6270 (sec).
 Self   A6-LYS 44:     245.38930194 in 0.6066 (sec).
 Self   A6-LYS 45:      73.18639928 in 0.6193 (sec).
 Self   A6-LYS 46:      24.05441209 in 0.5918 (sec).
 Self   A6-LYS 47:     292.61518327 in 0.6156 (sec).
 Self   A6-LYS 48:      44.23014359 in 0.5881 (sec).
 Self   A6-LYS 49:      43.70334845 in 0.6749 (sec).
 Self   A6-LYS 50:    2552.94194569 in 0.6045 (sec).
 Self   A6-LYS 51:   57283.58728584 in 0.7097 (sec).
 Self   A6-LYS 52:     121.86913480 in 0.6464 (sec).
 Self   A6-LYS 53:     312.57283628 in 0.5894 (sec).
 Self   A6-LYS 54:     829.37665069 in 0.5918 (sec).
 Self   A6-LYS 55:     162.55838597 in 0.6152 (sec).
 Self  A11-LYS 0 :     -21.94996826 in 0.5792 (sec).
 Self  A11-LYD 1 :      31.26663619 in 0.5968 (sec).
 Self  A11-LYD 2 :      96.30209175 in 0.6042 (sec).
 Self  A11-LYD 3 :    6613.61418734 in 0.6015 (sec).
 Self  A11-LYD 4 :     694.03729773 in 0.5777 (sec).
 Self  A11-LYD 5 :    1281.25355014 in 0.6009 (sec).
 Self  A11-LYD 6 :      78.12307800 in 0.6216 (sec).
 Self  A11-LYD 7 :      37.63038694 in 0.6017 (sec).
 Self  A11-LYD 8 :      33.76448548 in 0.5761 (sec).
 Self  A11-LYD 9 :      35.46133054 in 0.6161 (sec).
 Self  A11-LYD 10:      73.00439479 in 0.5708 (sec).
 Self  A11-LYD 11:      32.50278287 in 0.6119 (sec).
 Self  A11-LYD 12:      31.57818877 in 0.5888 (sec).
 Self  A11-LYD 13:      29.31469573 in 0.6115 (sec).
 Self  A11-LYD 14:      32.33081544 in 0.6272 (sec).
 Self  A11-LYD 15:      32.82694307 in 0.6079 (sec).
 Self  A11-LYD 16:      35.53564381 in 0.6265 (sec).
 Self  A11-LYD 17:      47.00236341 in 0.6838 (sec).
 Self  A11-LYD 18:      78.31944447 in 0.5943 (sec).
 Self  A11-LYD 19:      33.43240334 in 0.5685 (sec).
 Self  A11-LYD 20:      33.46974674 in 0.6225 (sec).
 Self  A11-LYD 21:      32.28177079 in 0.6104 (sec).
 Self  A11-LYD 22:      34.17252114 in 0.5900 (sec).
 Self  A11-LYD 23:      45.30572056 in 0.6028 (sec).
 Self  A11-LYD 24:     259.99279027 in 0.6181 (sec).
 Self  A11-LYD 25:      34.89358553 in 0.5505 (sec).
 Self  A11-LYD 26:      33.97275430 in 0.7085 (sec).
 Self  A11-LYD 27:      35.78530410 in 0.6193 (sec).
 Self  A11-LYD 28:      35.67009334 in 0.5673 (sec).
 Self  A11-LYS 29:      46.10961551 in 0.6864 (sec).
 Self  A11-LYS 30:     -15.78011994 in 0.5979 (sec).
 Self  A11-LYS 31:     642.88695589 in 0.6347 (sec).
 Self  A11-LYS 32:    1201.76170145 in 0.5534 (sec).
