 Evaluating /Dedicated/schnieders/programs/stack-2021.1.sh
  Loading Modules
   Stack 2021.1
   GCC 9.3.0
   CMake 3.20.0
   Eigen 3.3.9
   Cuda 11.1.1
   Cuda: /usr/share/apps/2021.1/arch/gcc-9.3.0/cuda-11.1.1
   CudaNN 8.0.5.39-11.1
   Swig 4.0.2_gcc-9.3.0
  Loading software from /Dedicated/schnieders/programs/local
   Ant: /Dedicated/schnieders/programs/apache-ant-1.10.11
   FFX: /Dedicated/schnieders/programs/ffx-builds/forcefieldx-2026-01-04
   GDMA: /Dedicated/schnieders/programs/gdma-2.3
   Groovy: /Dedicated/schnieders/programs/groovy-4.0.1
   Java: /Dedicated/schnieders/programs/jdk-25.0.1
   Maven: /Dedicated/schnieders/programs/apache-maven-3.9.5
   VMD: /Dedicated/schnieders/programs/vmd
   NAMD: /Dedicated/schnieders/programs/NAMD_3.0alpha7_Linux-x86_64-multicore-CUDA
   OpenEye: /Dedicated/schnieders/programs/OpenEye
   Tinker: /Dedicated/schnieders/programs/tinker-tools
=== Titration pH 6.45 started: Mon Apr 27 21:35:18 CDT 2026 ===
WARNING: Using incubator modules: jdk.incubator.vector
WARNING: Using incubator modules: jdk.incubator.vector
 _________________________________________________________________________

        FORCE FIELD X - Polyglot Software for Molecular Biophysics 

        Version 1.0.0-6947  April 2026 
        Git Revision  519408079905b3dd4b967041b75b836f63fb563f 
 
        Please cite the following reference when using Force Field X:

        RA Gogal, AJ Nessler, AC Thiel, HV Bernabe, RA Corrigan Grove,
        LM Cousineau, JM Litman, JM Miller, G Qi, MJ Speranza,
        MR Tollefson, TD Fenn, JJ Michaelson, O Okada, JP Piquemal,
        JW Ponder, J Shen, RJH Smith, W Yang, P Ren and MJ Schnieders,
        2024, Journal of Chemical Physics, 161 (1).

        Copyright (c)  Michael J. Schnieders  2001-2025
        All Rights Reserved

        Force Field X is distributed under the GPL v. 3 license
        with linking exception and is hosted by the Schnieders Lab
        at The University of Iowa.

        User Manual:   https://ffx.biochem.uiowa.edu/manual.html
        Publications:  https://ffx.biochem.uiowa.edu/publications.html
        License:       https://ffx.biochem.uiowa.edu/licenses.html

 _________________________________________________________________________

 Mon Apr 27 21:35:49 CDT 2026
 Process ID 19836 on argon-itf-bx54-08.hpc.

 Command line arguments:
 [ManyBody, --tR, --pH, 6.45, --oT, -T, --kPH, 3.0, /Dedicated/schnieders/maemmad/pKa_GNN/ffx_pipeline/data/fixed_pdbs/2KIX/2KIX_pH6.45.pdb]

 Executing internal command: ffx.algorithms.commands.ManyBody

 Parsing: Internal force field (amoeba-bio-2018-cphmd).
 Parsing: Structure properties from (/Dedicated/schnieders/maemmad/pKa_GNN/ffx_pipeline/data/fixed_pdbs/2KIX/titrate.properties).
 Parsing: JVM system properties (i.e. command line -Dkey=value pairs).

 Attempting to read force field patch from /Dedicated/schnieders/maemmad/pKa_GNN/naphosphate_solute.09Feb21.prm.

 Renumbering Patch: FALSE
 Reading 2KIX_pH6.45.pdb

 Assigning atom types for 4 chains.
 Amino acid chain A
 Amino acid chain B
 Amino acid chain C
 Amino acid chain D
 Constructing Force Field AMOEBA-BIO-2018-CPHMD

 SMP threads:                                20
 The system will be treated as aperiodic (max separation =   55.5 A).

 Bonded Terms
  Bonds:                                   2256
  Angles:                                  4092
  Stretch-Bends:                           3576
  Out-of-Plane Bends:                      1356
  Torsions:                                5992
  Pi-Orbital Torsions:                      292
  Torsion-Torsions:                           4

 Non-Bonded Terms

  Van der Waals
   Cut-Off:                                NONE
   Long-Range Correction:                 FALSE

 Electrostatics
   Polarization:                         MUTUAL
    SCF Convergence Criteria:         1.000e-06
    SCF Predictor:                         NONE
    SCF Algorithm:                           CG
    CG Preconditioner Cut-Off:            4.500
    CG Preconditioner Ewald Coeff.:       0.000
    CG Preconditioner Scale:              2.000
    CG Preconditioner Mode:     FLETCHER_REEVES
    Electrostatics Cut-Off:                NONE

  Continuum Solvation
   Radii:                                SOLUTE
   Generalized Kirkwood Cut-Off:           NONE
   GKC:                                  2.4550
   Solvent Dielectric:                  78.3000
   Solute Dielectric:                    2.0000
   Descreen with vdW Radii:                TRUE
   Descreen with Hydrogen Atoms:          FALSE
   Descreen Offset:                      0.0000
   General HCT Scale Factor:             0.7200
   Non-Polar Model:                  GAUSS-DISP
    GaussVol Radii Offset:               0.0000
    GaussVol Radii Scale:                1.0000
   Dispersion Integral Offset:           1.0560 (A)
   Cavitation Solvent Pressure:          0.0334 (Kcal/mol/A^3)
   Cavitation Surface Tension:           0.1030 (Kcal/mol/A^2)
   Cavitation Cross-Over Radius:         9.2515 (A)

  Overall system charge:                 12.000

 Opened 2KIX_pH6.45.pdb in 1.19 sec.

 System Resources
  Total CPU time:          20.98 (sec)
  System load average:     53.92
  Open file handles:         146 of  81920 allowed
  System memory:           43754 MB free out of  44520 MB
  System swap space:        2053 MB free out of   2053 MB
  JVM memory:               4026 MB free out of   4096 MB

 Adding titration hydrogen to : /Dedicated/schnieders/maemmad/pKa_GNN/ffx_pipeline/data/fixed_pdbs/2KIX/2KIX_pH6.45.pdb

 Reading 2KIX_pH6.45.pdb

 Assigning atom types for 4 chains.
 Amino acid chain A
 Amino acid chain B
 Amino acid chain C
 Amino acid chain D
 Renumbering PDB file due to built atoms (2232 vs 2228)
 Total number of atoms: 2232

 Constructing Force Field AMOEBA-BIO-2018-CPHMD

 SMP threads:                                20
 The system will be treated as aperiodic (max separation =   55.5 A).

 Bonded Terms
  Bonds:                                   2260
  Angles:                                  4096
  Stretch-Bends:                           3576
  Out-of-Plane Bends:                      1356
  Torsions:                                6000
  Pi-Orbital Torsions:                      292
  Torsion-Torsions:                           4

 Non-Bonded Terms

  Van der Waals
   Cut-Off:                                NONE
   Long-Range Correction:                 FALSE

 Electrostatics
   Polarization:                         MUTUAL
    SCF Convergence Criteria:         1.000e-06
    SCF Predictor:                         NONE
    SCF Algorithm:                           CG
    CG Preconditioner Cut-Off:            4.500
    CG Preconditioner Ewald Coeff.:       0.000
    CG Preconditioner Scale:              2.000
    CG Preconditioner Mode:     FLETCHER_REEVES
    Electrostatics Cut-Off:                NONE

  Continuum Solvation
   Radii:                                SOLUTE
   Generalized Kirkwood Cut-Off:           NONE
   GKC:                                  2.4550
   Solvent Dielectric:                  78.3000
   Solute Dielectric:                    2.0000
   Descreen with vdW Radii:                TRUE
   Descreen with Hydrogen Atoms:          FALSE
   Descreen Offset:                      0.0000
   General HCT Scale Factor:             0.7200
   Non-Polar Model:                  GAUSS-DISP
    GaussVol Radii Offset:               0.0000
    GaussVol Radii Scale:                1.0000
   Dispersion Integral Offset:           1.0560 (A)
   Cavitation Solvent Pressure:          0.0334 (Kcal/mol/A^3)
   Cavitation Surface Tension:           0.1030 (Kcal/mol/A^2)
   Cavitation Cross-Over Radius:         9.2515 (A)

  Overall system charge:                 16.000
 Temperature: 298.150000

 Energy restart file: 2KIX_pH6.45.restart

 Initial Potential Energy:
 Generalized Kirkwood  -1901.63031796      0.149
 Cavitation             1449.17165202      0.100
 Dispersion            -1094.35310222      0.206

 Computed Potential Energy
  Bond Stretching            221.95469396         2260        0.002 ( 0.01690)
  Angle Bending              468.76238127         4096        0.005 ( 2.74188)
  Stretch-Bend                 2.44280220         3576        0.005
  Out-of-Plane Bend           19.38593113         1356        0.002
  Torsional Angle            146.25362753         6000        0.012
  Pi-Orbital Torsion          20.58026338          292        0.007
  Torsion-Torsion            -16.77334312            4        0.000
  Van der Waals              531.97680682      2483440        0.120
  Atomic Multipoles         -351.97867811      2483440
  Polarization              -192.03246544      2483440        1.714
  Solvation                -1546.81176816      2492028
  Total Potential           -696.23974855  (Kcal/mole)        1.867 (sec)

 Initial Rotamer Torsion Angles:

 Residue    Current Torsional Angles
 A    3-GLH  -64.974  -65.016  -40.018    0.000
 A   19-HIS  179.580 -123.040    0.000    0.000
 A   27-HIS -170.834   66.667    0.000    0.000
 A   32-LYS  175.455   48.516  171.337   50.645

 Rotamer Library:     Richardson
 Algorithm:           ALL
 Goldstein Criteria:  true
 Three-Body Energies: true


 Computing Residue Distance Matrix
 Built residue neighbor list:              0.012 sec
 Pairwise distance matrix:               129.373 sec

 Beginning Energy    -748.38402594

     Residue  Nrot
   1   A3-GLH   42
   2  A19-HIS   27
   3  A27-HIS   27
   4  A32-LYS   56

 Number of self energies: 152
 Backbone energy:     -662.19531944

 Self   A3-GLU 0 :     -10.09625988 in 1.5194 (sec).
 Self   A3-GLH 1 :      15.14428819 in 1.5845 (sec).
 Self   A3-GLH 2 :      57.98579917 in 1.8016 (sec).
 Self   A3-GLH 3 :     111.90951926 in 1.5220 (sec).
 Self   A3-GLH 4 :      14.93647785 in 1.4100 (sec).
 Self   A3-GLH 5 :      12.92961538 in 1.4658 (sec).
 Self   A3-GLH 6 :      14.33768091 in 1.4611 (sec).
 Self   A3-GLH 7 :      16.15726453 in 1.3960 (sec).
 Self   A3-GLH 8 :       9.64132601 in 1.4941 (sec).
 Self   A3-GLH 9 :      11.03764374 in 1.4710 (sec).
 Self   A3-GLH 10:      61.27159224 in 1.3502 (sec).
 Self   A3-GLH 11:     185.20262920 in 1.5432 (sec).
 Self   A3-GLH 12:      17.34475896 in 1.4995 (sec).
 Self   A3-GLH 13:      15.92907569 in 1.5469 (sec).
 Self   A3-GLH 14:      25.53579290 in 1.5111 (sec).
 Self   A3-GLH 15:      20.26935200 in 1.5271 (sec).
 Self   A3-GLH 16:      12.97437470 in 1.8205 (sec).
 Self   A3-GLH 17:      13.57409415 in 1.5832 (sec).
 Self   A3-GLH 18:      62.42441824 in 1.5323 (sec).
 Self   A3-GLH 19:     115.61121469 in 1.4030 (sec).
 Self   A3-GLH 20:      18.89183675 in 1.5113 (sec).
 Self   A3-GLH 21:      16.70095624 in 1.6017 (sec).
 Self   A3-GLH 22:      18.25373463 in 1.5695 (sec).
 Self   A3-GLH 23:      19.65114301 in 1.3716 (sec).
 Self   A3-GLH 24:      13.37179260 in 1.3404 (sec).
 Self   A3-GLH 25:      15.73313249 in 1.3561 (sec).
 Self   A3-GLH 26:      79.80767669 in 1.2647 (sec).
 Self   A3-GLH 27:     195.64265650 in 1.4361 (sec).
 Self   A3-GLH 28:      35.67079704 in 1.3802 (sec).
 Self   A3-GLH 29:      33.73284387 in 1.4056 (sec).
 Self   A3-GLH 30:      55.86488839 in 1.5631 (sec).
 Self   A3-GLH 31:      53.96610808 in 1.4027 (sec).
 Self   A3-GLH 32:      31.27123183 in 1.4360 (sec).
 Self   A3-GLH 33:      28.34548971 in 1.4085 (sec).
 Self   A3-GLU 34:      38.25940013 in 1.3979 (sec).
 Self   A3-GLU 35:      98.22368720 in 1.6005 (sec).
 Self   A3-GLU 36:      -6.34942988 in 1.4286 (sec).
 Self   A3-GLU 37:      -5.51367524 in 1.2624 (sec).
 Self   A3-GLU 38:      -5.81560478 in 1.4642 (sec).
 Self   A3-GLU 39:      -3.99098360 in 1.3607 (sec).
 Self   A3-GLU 40:      -8.98047655 in 1.3655 (sec).
 Self   A3-GLU 41:     -10.11002548 in 1.3208 (sec).
 Self  A19-HIS 0 :     -26.85094321 in 1.3690 (sec).
 Self  A19-HID 1 :     -22.41541405 in 1.3499 (sec).
 Self  A19-HIE 2 :     -25.67165236 in 1.4406 (sec).
 Self  A19-HIS 3 :  278866.94628825 in 1.4360 (sec).
 Self  A19-HIS 4 :   37645.17096287 in 1.3139 (sec).
 Self  A19-HIS 5 :     -22.83414164 in 1.3281 (sec).
 Self  A19-HIS 6 :      61.97577427 in 1.3611 (sec).
 Self  A19-HIS 7 :     -23.70603479 in 1.3824 (sec).
 Self  A19-HIS 8 :    1912.63961218 in 1.3877 (sec).
 Self  A19-HIS 9 :     210.92750382 in 1.4206 (sec).
 Self  A19-HIS 10:    5359.59019694 in 1.2775 (sec).
 Self  A19-HID 11:  223990.87433624 in 1.3101 (sec).
 Self  A19-HID 12:   16706.23574828 in 1.2534 (sec).
 Self  A19-HID 13:     -20.97318797 in 1.3649 (sec).
 Self  A19-HID 14:      57.78462915 in 1.3002 (sec).
 Self  A19-HID 15:     -20.11698175 in 1.3498 (sec).
 Self  A19-HID 16:    2009.78074530 in 1.4010 (sec).
 Self  A19-HID 17:     224.29806266 in 1.3634 (sec).
 Self  A19-HID 18:    2996.16053689 in 1.3378 (sec).
 Self  A19-HIE 19: *     1.0173e+06 in 1.3639 (sec).
 Self  A19-HIE 20:   26691.32757484 in 1.3798 (sec).
 Self  A19-HIE 21:     -21.14048502 in 1.4177 (sec).
 Self  A19-HIE 22:      71.14263778 in 1.3166 (sec).
 Self  A19-HIE 23:     -25.67784286 in 1.3161 (sec).
 Self  A19-HIE 24:    1492.73462584 in 1.2931 (sec).
 Self  A19-HIE 25:     201.53626669 in 1.3427 (sec).
 Self  A19-HIE 26:    5357.16427988 in 1.3575 (sec).
 Self  A27-HIS 0 :     -28.91850727 in 1.3424 (sec).
 Self  A27-HID 1 :     -22.67486856 in 1.3627 (sec).
 Self  A27-HIE 2 :     -25.81199458 in 1.2816 (sec).
 Self  A27-HIS 3 :  485904.60145897 in 1.4373 (sec).
 Self  A27-HIS 4 :   22982.34789984 in 1.5982 (sec).
 Self  A27-HIS 5 :     -25.03438083 in 1.6439 (sec).
 Self  A27-HIS 6 :     -26.97147887 in 1.4391 (sec).
 Self  A27-HIS 7 :     -28.71609083 in 1.4154 (sec).
 Self  A27-HIS 8 :    1931.85768562 in 1.4211 (sec).
 Self  A27-HIS 9 : *     3.9951e+06 in 1.3621 (sec).
 Self  A27-HIS 10:    3617.70983319 in 1.2945 (sec).
 Self  A27-HID 11:  561453.60433719 in 1.3277 (sec).
 Self  A27-HID 12:   30311.86946396 in 1.3334 (sec).
 Self  A27-HID 13:     -20.39752772 in 1.3607 (sec).
 Self  A27-HID 14:     -22.50250386 in 1.3099 (sec).
 Self  A27-HID 15:     -23.88726570 in 1.2857 (sec).
 Self  A27-HID 16:    1047.66094788 in 1.2722 (sec).
 Self  A27-HID 17: *     1.5893e+07 in 1.3229 (sec).
 Self  A27-HID 18:    2026.21351918 in 1.3593 (sec).
 Self  A27-HIE 19:   35429.31352411 in 1.4713 (sec).
 Self  A27-HIE 20:   18175.78718919 in 1.3064 (sec).
 Self  A27-HIE 21:     -23.20506512 in 1.3608 (sec).
 Self  A27-HIE 22:     -25.66236890 in 1.3610 (sec).
 Self  A27-HIE 23:     -26.81028723 in 1.4275 (sec).
 Self  A27-HIE 24:    1862.37717784 in 1.5110 (sec).
 Self  A27-HIE 25: *     2.2582e+06 in 1.3997 (sec).
 Self  A27-HIE 26:    2920.17889429 in 1.3384 (sec).
 Self  A32-LYS 0 :     -22.61510169 in 1.3819 (sec).
 Self  A32-LYD 1 :      31.13649611 in 1.3379 (sec).
 Self  A32-LYD 2 :    3739.33662347 in 1.3641 (sec).
 Self  A32-LYD 3 :   12767.47438625 in 1.4028 (sec).
 Self  A32-LYD 4 :  124404.74234012 in 1.3989 (sec).
 Self  A32-LYD 5 :  244626.49806813 in 1.3862 (sec).
 Self  A32-LYD 6 :     368.39132458 in 1.3949 (sec).
 Self  A32-LYD 7 :      33.01182999 in 1.4039 (sec).
 Self  A32-LYD 8 :      32.20924791 in 1.3159 (sec).
 Self  A32-LYD 9 :      34.06115460 in 1.3244 (sec).
 Self  A32-LYD 10:      34.41764094 in 1.3133 (sec).
 Self  A32-LYD 11:      33.79879843 in 1.4494 (sec).
 Self  A32-LYD 12:      32.03337021 in 1.3702 (sec).
 Self  A32-LYD 13:      30.93658209 in 1.3880 (sec).
 Self  A32-LYD 14:      32.66974504 in 1.4108 (sec).
 Self  A32-LYD 15:     140.43847430 in 1.3982 (sec).
 Self  A32-LYD 16:      98.79849785 in 1.3663 (sec).
 Self  A32-LYD 17:     781.06559529 in 1.2656 (sec).
 Self  A32-LYD 18:    1549.25925512 in 1.4948 (sec).
 Self  A32-LYD 19:    1541.31871024 in 1.4333 (sec).
 Self  A32-LYD 20:   13914.06841637 in 1.5267 (sec).
 Self  A32-LYD 21:    4886.71303514 in 1.3438 (sec).
 Self  A32-LYD 22:    3189.08682356 in 1.4056 (sec).
 Self  A32-LYD 23:   36330.58193106 in 1.3549 (sec).
 Self  A32-LYD 24:   32500.37615978 in 1.3196 (sec).
 Self  A32-LYD 25:      71.68009265 in 1.4401 (sec).
 Self  A32-LYD 26:      62.60396777 in 1.3504 (sec).
 Self  A32-LYD 27:      73.50357098 in 1.3929 (sec).
 Self  A32-LYD 28:      63.95601196 in 1.3111 (sec).
 Self  A32-LYS 29:    3690.91340844 in 1.2468 (sec).
 Self  A32-LYS 30:     303.66636224 in 1.4032 (sec).
 Self  A32-LYS 31:  124445.17150666 in 1.3479 (sec).
 Self  A32-LYS 32:  247385.74469747 in 1.4273 (sec).
 Self  A32-LYS 33:     316.50434857 in 1.3396 (sec).
 Self  A32-LYS 34:     -19.18002486 in 1.4603 (sec).
 Self  A32-LYS 35:     -21.06742646 in 1.3877 (sec).
 Self  A32-LYS 36:     -18.94064099 in 1.5080 (sec).
 Self  A32-LYS 37:     -17.59142506 in 1.3616 (sec).
 Self  A32-LYS 38:     -19.17021636 in 1.4138 (sec).
 Self  A32-LYS 39:     -19.83855176 in 1.3405 (sec).
 Self  A32-LYS 40:     -21.99344960 in 1.3790 (sec).
 Self  A32-LYS 41:     -20.26681010 in 1.3042 (sec).
 Self  A32-LYS 42:      91.98752458 in 1.2887 (sec).
 Self  A32-LYS 43:      46.10187470 in 1.4512 (sec).
 Self  A32-LYS 44:     732.92792854 in 1.3266 (sec).
 Self  A32-LYS 45:    1501.20651218 in 1.4450 (sec).
 Self  A32-LYS 46:    1503.03019709 in 1.4020 (sec).
 Self  A32-LYS 47:   13945.91313576 in 1.3908 (sec).
 Self  A32-LYS 48:    5893.28948280 in 1.4163 (sec).
 Self  A32-LYS 49:    3136.29044725 in 1.3662 (sec).
 Self  A32-LYS 50:   36251.78005585 in 1.3612 (sec).
 Self  A32-LYS 51:   32683.02943558 in 1.4136 (sec).
 Self  A32-LYS 52:      35.62506850 in 1.3360 (sec).
 Self  A32-LYS 53:       9.53077238 in 1.3838 (sec).
 Self  A32-LYS 54:      19.99425582 in 1.2633 (sec).
 Self  A32-LYS 55:      11.28607750 in 1.1683 (sec).
  Rotamer ( A3-GLH, 1) self-energy      15.14428819 pruned by ( A3-GLU,41)     -10.11002548.
  Rotamer ( A3-GLH, 2) self-energy      57.98579917 pruned by ( A3-GLU,41)     -10.11002548.
  Rotamer ( A3-GLH, 3) self-energy     111.90951926 pruned by ( A3-GLU,41)     -10.11002548.
  Rotamer ( A3-GLH, 4) self-energy      14.93647785 pruned by ( A3-GLU,41)     -10.11002548.
  Rotamer ( A3-GLH, 7) self-energy      16.15726453 pruned by ( A3-GLU,41)     -10.11002548.
  Rotamer ( A3-GLH,10) self-energy      61.27159224 pruned by ( A3-GLU,41)     -10.11002548.
  Rotamer ( A3-GLH,11) self-energy     185.20262920 pruned by ( A3-GLU,41)     -10.11002548.
  Rotamer ( A3-GLH,12) self-energy      17.34475896 pruned by ( A3-GLU,41)     -10.11002548.
  Rotamer ( A3-GLH,13) self-energy      15.92907569 pruned by ( A3-GLU,41)     -10.11002548.
  Rotamer ( A3-GLH,14) self-energy      25.53579290 pruned by ( A3-GLU,41)     -10.11002548.
  Rotamer ( A3-GLH,15) self-energy      20.26935200 pruned by ( A3-GLU,41)     -10.11002548.
  Rotamer ( A3-GLH,18) self-energy      62.42441824 pruned by ( A3-GLU,41)     -10.11002548.
  Rotamer ( A3-GLH,19) self-energy     115.61121469 pruned by ( A3-GLU,41)     -10.11002548.
  Rotamer ( A3-GLH,20) self-energy      18.89183675 pruned by ( A3-GLU,41)     -10.11002548.
  Rotamer ( A3-GLH,21) self-energy      16.70095624 pruned by ( A3-GLU,41)     -10.11002548.
  Rotamer ( A3-GLH,22) self-energy      18.25373463 pruned by ( A3-GLU,41)     -10.11002548.
  Rotamer ( A3-GLH,23) self-energy      19.65114301 pruned by ( A3-GLU,41)     -10.11002548.
  Rotamer ( A3-GLH,25) self-energy      15.73313249 pruned by ( A3-GLU,41)     -10.11002548.
  Rotamer ( A3-GLH,26) self-energy      79.80767669 pruned by ( A3-GLU,41)     -10.11002548.
  Rotamer ( A3-GLH,27) self-energy     195.64265650 pruned by ( A3-GLU,41)     -10.11002548.
  Rotamer ( A3-GLH,28) self-energy      35.67079704 pruned by ( A3-GLU,41)     -10.11002548.
  Rotamer ( A3-GLH,29) self-energy      33.73284387 pruned by ( A3-GLU,41)     -10.11002548.
  Rotamer ( A3-GLH,30) self-energy      55.86488839 pruned by ( A3-GLU,41)     -10.11002548.
  Rotamer ( A3-GLH,31) self-energy      53.96610808 pruned by ( A3-GLU,41)     -10.11002548.
  Rotamer ( A3-GLH,32) self-energy      31.27123183 pruned by ( A3-GLU,41)     -10.11002548.
  Rotamer ( A3-GLH,33) self-energy      28.34548971 pruned by ( A3-GLU,41)     -10.11002548.
  Rotamer ( A3-GLU,34) self-energy      38.25940013 pruned by ( A3-GLU,41)     -10.11002548.
  Rotamer ( A3-GLU,35) self-energy      98.22368720 pruned by ( A3-GLU,41)     -10.11002548.
  Rotamer (A19-HIS, 3) self-energy  278866.94628825 pruned by (A19-HIS, 0)     -26.85094321.
  Rotamer (A19-HIS, 4) self-energy   37645.17096287 pruned by (A19-HIS, 0)     -26.85094321.
  Rotamer (A19-HIS, 6) self-energy      61.97577427 pruned by (A19-HIS, 0)     -26.85094321.
  Rotamer (A19-HIS, 8) self-energy    1912.63961218 pruned by (A19-HIS, 0)     -26.85094321.
  Rotamer (A19-HIS, 9) self-energy     210.92750382 pruned by (A19-HIS, 0)     -26.85094321.
  Rotamer (A19-HIS,10) self-energy    5359.59019694 pruned by (A19-HIS, 0)     -26.85094321.
  Rotamer (A19-HID,11) self-energy  223990.87433624 pruned by (A19-HIS, 0)     -26.85094321.
  Rotamer (A19-HID,12) self-energy   16706.23574828 pruned by (A19-HIS, 0)     -26.85094321.
  Rotamer (A19-HID,14) self-energy      57.78462915 pruned by (A19-HIS, 0)     -26.85094321.
  Rotamer (A19-HID,16) self-energy    2009.78074530 pruned by (A19-HIS, 0)     -26.85094321.
  Rotamer (A19-HID,17) self-energy     224.29806266 pruned by (A19-HIS, 0)     -26.85094321.
  Rotamer (A19-HID,18) self-energy    2996.16053689 pruned by (A19-HIS, 0)     -26.85094321.
  Rotamer (A19-HIE,19) self-energy *     1.0173e+06 pruned by (A19-HIS, 0)     -26.85094321.
  Rotamer (A19-HIE,20) self-energy   26691.32757484 pruned by (A19-HIS, 0)     -26.85094321.
  Rotamer (A19-HIE,22) self-energy      71.14263778 pruned by (A19-HIS, 0)     -26.85094321.
  Rotamer (A19-HIE,24) self-energy    1492.73462584 pruned by (A19-HIS, 0)     -26.85094321.
  Rotamer (A19-HIE,25) self-energy     201.53626669 pruned by (A19-HIS, 0)     -26.85094321.
  Rotamer (A19-HIE,26) self-energy    5357.16427988 pruned by (A19-HIS, 0)     -26.85094321.
  Rotamer (A27-HIS, 3) self-energy  485904.60145897 pruned by (A27-HIS, 0)     -28.91850727.
  Rotamer (A27-HIS, 4) self-energy   22982.34789984 pruned by (A27-HIS, 0)     -28.91850727.
  Rotamer (A27-HIS, 8) self-energy    1931.85768562 pruned by (A27-HIS, 0)     -28.91850727.
  Rotamer (A27-HIS, 9) self-energy *     3.9951e+06 pruned by (A27-HIS, 0)     -28.91850727.
  Rotamer (A27-HIS,10) self-energy    3617.70983319 pruned by (A27-HIS, 0)     -28.91850727.
  Rotamer (A27-HID,11) self-energy  561453.60433719 pruned by (A27-HIS, 0)     -28.91850727.
  Rotamer (A27-HID,12) self-energy   30311.86946396 pruned by (A27-HIS, 0)     -28.91850727.
  Rotamer (A27-HID,16) self-energy    1047.66094788 pruned by (A27-HIS, 0)     -28.91850727.
  Rotamer (A27-HID,17) self-energy *     1.5893e+07 pruned by (A27-HIS, 0)     -28.91850727.
  Rotamer (A27-HID,18) self-energy    2026.21351918 pruned by (A27-HIS, 0)     -28.91850727.
  Rotamer (A27-HIE,19) self-energy   35429.31352411 pruned by (A27-HIS, 0)     -28.91850727.
  Rotamer (A27-HIE,20) self-energy   18175.78718919 pruned by (A27-HIS, 0)     -28.91850727.
  Rotamer (A27-HIE,24) self-energy    1862.37717784 pruned by (A27-HIS, 0)     -28.91850727.
  Rotamer (A27-HIE,25) self-energy *     2.2582e+06 pruned by (A27-HIS, 0)     -28.91850727.
  Rotamer (A27-HIE,26) self-energy    2920.17889429 pruned by (A27-HIS, 0)     -28.91850727.
  Rotamer (A32-LYD, 1) self-energy      31.13649611 pruned by (A32-LYS, 0)     -22.61510169.
  Rotamer (A32-LYD, 2) self-energy    3739.33662347 pruned by (A32-LYS, 0)     -22.61510169.
  Rotamer (A32-LYD, 3) self-energy   12767.47438625 pruned by (A32-LYS, 0)     -22.61510169.
  Rotamer (A32-LYD, 4) self-energy  124404.74234012 pruned by (A32-LYS, 0)     -22.61510169.
  Rotamer (A32-LYD, 5) self-energy  244626.49806813 pruned by (A32-LYS, 0)     -22.61510169.
  Rotamer (A32-LYD, 6) self-energy     368.39132458 pruned by (A32-LYS, 0)     -22.61510169.
  Rotamer (A32-LYD, 7) self-energy      33.01182999 pruned by (A32-LYS, 0)     -22.61510169.
  Rotamer (A32-LYD, 8) self-energy      32.20924791 pruned by (A32-LYS, 0)     -22.61510169.
  Rotamer (A32-LYD, 9) self-energy      34.06115460 pruned by (A32-LYS, 0)     -22.61510169.
  Rotamer (A32-LYD,10) self-energy      34.41764094 pruned by (A32-LYS, 0)     -22.61510169.
  Rotamer (A32-LYD,11) self-energy      33.79879843 pruned by (A32-LYS, 0)     -22.61510169.
  Rotamer (A32-LYD,12) self-energy      32.03337021 pruned by (A32-LYS, 0)     -22.61510169.
  Rotamer (A32-LYD,13) self-energy      30.93658209 pruned by (A32-LYS, 0)     -22.61510169.
  Rotamer (A32-LYD,14) self-energy      32.66974504 pruned by (A32-LYS, 0)     -22.61510169.
  Rotamer (A32-LYD,15) self-energy     140.43847430 pruned by (A32-LYS, 0)     -22.61510169.
  Rotamer (A32-LYD,16) self-energy      98.79849785 pruned by (A32-LYS, 0)     -22.61510169.
  Rotamer (A32-LYD,17) self-energy     781.06559529 pruned by (A32-LYS, 0)     -22.61510169.
  Rotamer (A32-LYD,18) self-energy    1549.25925512 pruned by (A32-LYS, 0)     -22.61510169.
  Rotamer (A32-LYD,19) self-energy    1541.31871024 pruned by (A32-LYS, 0)     -22.61510169.
  Rotamer (A32-LYD,20) self-energy   13914.06841637 pruned by (A32-LYS, 0)     -22.61510169.
  Rotamer (A32-LYD,21) self-energy    4886.71303514 pruned by (A32-LYS, 0)     -22.61510169.
  Rotamer (A32-LYD,22) self-energy    3189.08682356 pruned by (A32-LYS, 0)     -22.61510169.
  Rotamer (A32-LYD,23) self-energy   36330.58193106 pruned by (A32-LYS, 0)     -22.61510169.
  Rotamer (A32-LYD,24) self-energy   32500.37615978 pruned by (A32-LYS, 0)     -22.61510169.
  Rotamer (A32-LYD,25) self-energy      71.68009265 pruned by (A32-LYS, 0)     -22.61510169.
  Rotamer (A32-LYD,26) self-energy      62.60396777 pruned by (A32-LYS, 0)     -22.61510169.
  Rotamer (A32-LYD,27) self-energy      73.50357098 pruned by (A32-LYS, 0)     -22.61510169.
  Rotamer (A32-LYD,28) self-energy      63.95601196 pruned by (A32-LYS, 0)     -22.61510169.
  Rotamer (A32-LYS,29) self-energy    3690.91340844 pruned by (A32-LYS, 0)     -22.61510169.
  Rotamer (A32-LYS,30) self-energy     303.66636224 pruned by (A32-LYS, 0)     -22.61510169.
  Rotamer (A32-LYS,31) self-energy  124445.17150666 pruned by (A32-LYS, 0)     -22.61510169.
  Rotamer (A32-LYS,32) self-energy  247385.74469747 pruned by (A32-LYS, 0)     -22.61510169.
  Rotamer (A32-LYS,33) self-energy     316.50434857 pruned by (A32-LYS, 0)     -22.61510169.
  Rotamer (A32-LYS,42) self-energy      91.98752458 pruned by (A32-LYS, 0)     -22.61510169.
  Rotamer (A32-LYS,43) self-energy      46.10187470 pruned by (A32-LYS, 0)     -22.61510169.
  Rotamer (A32-LYS,44) self-energy     732.92792854 pruned by (A32-LYS, 0)     -22.61510169.
  Rotamer (A32-LYS,45) self-energy    1501.20651218 pruned by (A32-LYS, 0)     -22.61510169.
  Rotamer (A32-LYS,46) self-energy    1503.03019709 pruned by (A32-LYS, 0)     -22.61510169.
  Rotamer (A32-LYS,47) self-energy   13945.91313576 pruned by (A32-LYS, 0)     -22.61510169.
  Rotamer (A32-LYS,48) self-energy    5893.28948280 pruned by (A32-LYS, 0)     -22.61510169.
  Rotamer (A32-LYS,49) self-energy    3136.29044725 pruned by (A32-LYS, 0)     -22.61510169.
  Rotamer (A32-LYS,50) self-energy   36251.78005585 pruned by (A32-LYS, 0)     -22.61510169.
  Rotamer (A32-LYS,51) self-energy   32683.02943558 pruned by (A32-LYS, 0)     -22.61510169.
  Rotamer (A32-LYS,52) self-energy      35.62506850 pruned by (A32-LYS, 0)     -22.61510169.
  Rotamer (A32-LYS,53) self-energy       9.53077238 pruned by (A32-LYS, 0)     -22.61510169.
  Rotamer (A32-LYS,54) self-energy      19.99425582 pruned by (A32-LYS, 0)     -22.61510169.
  Rotamer (A32-LYS,55) self-energy      11.28607750 pruned by (A32-LYS, 0)     -22.61510169.
 Time for single energies:        216.8
 Number of 2-body energies to calculate: 0
 Time for 2-body energies:       0.002336
 Number of 3-Body energies to calculate: 0
 Time for 3-Body energies:    0.0008129
 Time for all energies:           216.8
 Energy of the system with rotamers in their default conformation:    -786.21850566

 Iteration 1: Applying Single Goldstein DEE conditions 
  Rotamer elimination of (  A3-GLH, 0) by (  A3-GLH,41):       0.0138 > 0.0000.
   Self:       0.0138, Pairs:       0.0000, Triples:       0.0000.
  Rotamer elimination of (  A3-GLH, 5) by (  A3-GLH, 8):       3.2883 > 0.0000.
   Self:       3.2883, Pairs:       0.0000, Triples:       0.0000.
  Rotamer elimination of (  A3-GLH, 6) by (  A3-GLH, 8):       4.6964 > 0.0000.
   Self:       4.6964, Pairs:       0.0000, Triples:       0.0000.
  Rotamer elimination of (  A3-GLH, 8) by (  A3-GLH,36):      15.9908 > 0.0000.
   Self:      15.9908, Pairs:       0.0000, Triples:       0.0000.
  Rotamer elimination of (  A3-GLH, 9) by (  A3-GLH,36):      17.3871 > 0.0000.
   Self:      17.3871, Pairs:       0.0000, Triples:       0.0000.
  Rotamer elimination of (  A3-GLH,16) by (  A3-GLH,36):      19.3238 > 0.0000.
   Self:      19.3238, Pairs:       0.0000, Triples:       0.0000.
  Rotamer elimination of (  A3-GLH,17) by (  A3-GLH,24):       0.2023 > 0.0000.
   Self:       0.2023, Pairs:       0.0000, Triples:       0.0000.
  Rotamer elimination of (  A3-GLH,24) by (  A3-GLH,36):      19.7212 > 0.0000.
   Self:      19.7212, Pairs:       0.0000, Triples:       0.0000.
  Rotamer elimination of (  A3-GLH,36) by (  A3-GLH,40):       2.6310 > 0.0000.
   Self:       2.6310, Pairs:       0.0000, Triples:       0.0000.
  Rotamer elimination of (  A3-GLH,37) by (  A3-GLH,38):       0.3019 > 0.0000.
   Self:       0.3019, Pairs:       0.0000, Triples:       0.0000.
  Rotamer elimination of (  A3-GLH,38) by (  A3-GLH,40):       3.1649 > 0.0000.
   Self:       3.1649, Pairs:       0.0000, Triples:       0.0000.
  Rotamer elimination of (  A3-GLH,39) by (  A3-GLH,40):       4.9895 > 0.0000.
   Self:       4.9895, Pairs:       0.0000, Triples:       0.0000.
  Rotamer elimination of (  A3-GLH,40) by (  A3-GLH,41):       1.1295 > 0.0000.
   Self:       1.1295, Pairs:       0.0000, Triples:       0.0000.
  Rotamer elimination of ( A19-HIS, 1) by ( A19-HIS, 0):       4.4355 > 0.0000.
   Self:       4.4355, Pairs:       0.0000, Triples:       0.0000.
  Rotamer elimination of ( A19-HIS, 2) by ( A19-HIS, 0):       1.1793 > 0.0000.
   Self:       1.1793, Pairs:       0.0000, Triples:       0.0000.
  Rotamer elimination of ( A19-HIS, 5) by ( A19-HIS, 0):       4.0168 > 0.0000.
   Self:       4.0168, Pairs:       0.0000, Triples:       0.0000.
  Rotamer elimination of ( A19-HIS, 7) by ( A19-HIS, 0):       3.1449 > 0.0000.
   Self:       3.1449, Pairs:       0.0000, Triples:       0.0000.
  Rotamer elimination of ( A19-HIS,13) by ( A19-HIS, 0):       5.8778 > 0.0000.
   Self:       5.8778, Pairs:       0.0000, Triples:       0.0000.
  Rotamer elimination of ( A19-HIS,15) by ( A19-HIS, 0):       6.7340 > 0.0000.
   Self:       6.7340, Pairs:       0.0000, Triples:       0.0000.
  Rotamer elimination of ( A19-HIS,21) by ( A19-HIS, 0):       5.7105 > 0.0000.
   Self:       5.7105, Pairs:       0.0000, Triples:       0.0000.
  Rotamer elimination of ( A19-HIS,23) by ( A19-HIS, 0):       1.1731 > 0.0000.
   Self:       1.1731, Pairs:       0.0000, Triples:       0.0000.
  Rotamer elimination of ( A27-HIS, 1) by ( A27-HIS, 0):       6.2436 > 0.0000.
   Self:       6.2436, Pairs:       0.0000, Triples:       0.0000.
  Rotamer elimination of ( A27-HIS, 2) by ( A27-HIS, 0):       3.1065 > 0.0000.
   Self:       3.1065, Pairs:       0.0000, Triples:       0.0000.
  Rotamer elimination of ( A27-HIS, 5) by ( A27-HIS, 0):       3.8841 > 0.0000.
   Self:       3.8841, Pairs:       0.0000, Triples:       0.0000.
  Rotamer elimination of ( A27-HIS, 6) by ( A27-HIS, 0):       1.9470 > 0.0000.
   Self:       1.9470, Pairs:       0.0000, Triples:       0.0000.
  Rotamer elimination of ( A27-HIS, 7) by ( A27-HIS, 0):       0.2024 > 0.0000.
   Self:       0.2024, Pairs:       0.0000, Triples:       0.0000.
  Rotamer elimination of ( A27-HIS,13) by ( A27-HIS, 0):       8.5210 > 0.0000.
   Self:       8.5210, Pairs:       0.0000, Triples:       0.0000.
  Rotamer elimination of ( A27-HIS,14) by ( A27-HIS, 0):       6.4160 > 0.0000.
   Self:       6.4160, Pairs:       0.0000, Triples:       0.0000.
  Rotamer elimination of ( A27-HIS,15) by ( A27-HIS, 0):       5.0312 > 0.0000.
   Self:       5.0312, Pairs:       0.0000, Triples:       0.0000.
  Rotamer elimination of ( A27-HIS,21) by ( A27-HIS, 0):       5.7134 > 0.0000.
   Self:       5.7134, Pairs:       0.0000, Triples:       0.0000.
  Rotamer elimination of ( A27-HIS,22) by ( A27-HIS, 0):       3.2561 > 0.0000.
   Self:       3.2561, Pairs:       0.0000, Triples:       0.0000.
  Rotamer elimination of ( A27-HIS,23) by ( A27-HIS, 0):       2.1082 > 0.0000.
   Self:       2.1082, Pairs:       0.0000, Triples:       0.0000.
  Rotamer elimination of ( A32-LYS,34) by ( A32-LYS, 0):       3.4351 > 0.0000.
   Self:       3.4351, Pairs:       0.0000, Triples:       0.0000.
  Rotamer elimination of ( A32-LYS,35) by ( A32-LYS, 0):       1.5477 > 0.0000.
   Self:       1.5477, Pairs:       0.0000, Triples:       0.0000.
  Rotamer elimination of ( A32-LYS,36) by ( A32-LYS, 0):       3.6745 > 0.0000.
   Self:       3.6745, Pairs:       0.0000, Triples:       0.0000.
  Rotamer elimination of ( A32-LYS,37) by ( A32-LYS, 0):       5.0237 > 0.0000.
   Self:       5.0237, Pairs:       0.0000, Triples:       0.0000.
  Rotamer elimination of ( A32-LYS,38) by ( A32-LYS, 0):       3.4449 > 0.0000.
   Self:       3.4449, Pairs:       0.0000, Triples:       0.0000.
  Rotamer elimination of ( A32-LYS,39) by ( A32-LYS, 0):       2.7765 > 0.0000.
   Self:       2.7765, Pairs:       0.0000, Triples:       0.0000.
  Rotamer elimination of ( A32-LYS,40) by ( A32-LYS, 0):       0.6217 > 0.0000.
   Self:       0.6217, Pairs:       0.0000, Triples:       0.0000.
  Rotamer elimination of ( A32-LYS,41) by ( A32-LYS, 0):       2.3483 > 0.0000.
   Self:       2.3483, Pairs:       0.0000, Triples:       0.0000.
 148 out of 152 rotamers eliminated.
 8367 out of 8373 rotamer pairs eliminated.

 Iteration 2: Applying Single Rotamer Goldstein DEE conditions 
 No more single rotamers to eliminate.

 Iteration 3: Applying Rotamer Pair Goldstein DEE conditions 
 148 out of 152 rotamers eliminated.
 8367 out of 8373 rotamer pairs eliminated.
 Self-consistent DEE rotamer elimination achieved.

 Collecting Permutations:
                     Condition         Number of Permutations Left      Number of Permutations Removed
               No Eliminations                           1714608.0                                    
           Single Eliminations                                 1.0                           1714607.0
             Pair Eliminations                                 1.0                                 0.0
  Single and Pair Eliminations                                 1.0                           1714607.0

 Energy of permutations:
  Permutation                    Energy    Lowest Possible Energy
            1               -750.689897               -750.689897

 Energy contributions:
            Type                    Energy    Lowest Possible Energy
       Backbone:               -662.195319                          
           Self:                -88.494578                -88.494578
           Pair:                  0.000000                  0.000000
         Trimer:                  0.000000                          
      Neglected:                  0.666272                          
    Approximate:               -750.689897                          

 Final rotamers:
          Residue      Chi 1       Chi 2        Chi 3       Chi 4         Energy
   1 A ( A3-GLU,41)   -65.0  0.0  -65.0  0.0  -40.0  0.0    0.0  0.0     -10.1100 
   2 A (A19-HIS, 0)   179.6  0.0 -123.0  0.0    0.0  0.0    0.0  0.0     -26.8509 
   3 A (A27-HIS, 0)  -170.8  0.0   66.7  0.0    0.0  0.0    0.0  0.0     -28.9185 
   4 A (A32-LYS, 0)   175.5  0.0   48.5  0.0  171.3  0.0   50.6  0.0     -22.6151 


 Final Minimum Energy
 Generalized Kirkwood  -1041.97318288      0.098
 Cavitation             1449.98214710      0.074
 Dispersion            -1094.96619509      0.123

 Computed Potential Energy
  Bond Stretching            201.56644171         2260        0.000 ( 0.01649)
  Angle Bending              484.97327599         4096        0.000 ( 7.89390)
  Stretch-Bend                 3.43590285         3576        0.000
  Out-of-Plane Bend           19.37179336         1356        0.000
  Torsional Angle            135.29424363         6000        0.000
  Pi-Orbital Torsion          20.48948728          292        0.000
  Torsion-Torsion            -16.77334312            4        0.000
  Van der Waals              532.04416160      2483395        0.017
  Atomic Multipoles        -1344.92377084      2461201
  Polarization              -134.75324322      2461201        1.106
  Solvation                 -686.95723087      2492028
  Total Potential           -786.23228164  (Kcal/mole)        1.124 (sec)

  Rotamer pH Bias         36.20865657
  Potential with Bias   -750.02362507

 Saving 2KIX_pH6.45.pdb_2

 Script wall clock time: 362.667 (sec)
WARNING: Using incubator modules: jdk.incubator.vector
 _________________________________________________________________________

        FORCE FIELD X - Polyglot Software for Molecular Biophysics 

        Version 1.0.0-6991  April 2026 
        Git Revision  937dfd3f3a84d0dc91f73b0419518078a8c41842 
 
        Please cite the following reference when using Force Field X:

        RA Gogal, AJ Nessler, AC Thiel, HV Bernabe, RA Corrigan Grove,
        LM Cousineau, JM Litman, JM Miller, G Qi, MJ Speranza,
        MR Tollefson, TD Fenn, JJ Michaelson, O Okada, JP Piquemal,
        JW Ponder, J Shen, RJH Smith, W Yang, P Ren and MJ Schnieders,
        2024, Journal of Chemical Physics, 161 (1).

        Copyright (c)  Michael J. Schnieders  2001-2026
        All Rights Reserved

        Force Field X is distributed under the GPL v. 3 license
        with linking exception and is hosted by the Schnieders Lab
        at The University of Iowa.

        User Manual:   https://ffx.biochem.uiowa.edu/manual.html
        Publications:  https://ffx.biochem.uiowa.edu/publications.html
        License:       https://ffx.biochem.uiowa.edu/licenses.html

 _________________________________________________________________________

 Mon Apr 27 21:41:55 CDT 2026
 Process ID 43356 on argon-itf-bx54-08.hpc.

 Command line arguments:
 [Minimize, -e, 0.1, /Dedicated/schnieders/maemmad/pKa_GNN/ffx_pipeline/data/fixed_pdbs/2KIX/2KIX_pH6.45.pdb_2, --saveInduced, --savePermanentMoments]

 Executing internal command: ffx.algorithms.commands.Minimize

 Initializing 1 topologies...
 Parsing: Internal force field (amoeba-bio-2018-cphmd).
 Parsing: Structure properties from (/Dedicated/schnieders/maemmad/pKa_GNN/ffx_pipeline/data/fixed_pdbs/2KIX/2KIX_input.properties).
 Parsing: JVM system properties (i.e. command line -Dkey=value pairs).

 Attempting to read force field patch from /Dedicated/schnieders/maemmad/pKa_GNN/naphosphate_solute.09Feb21.prm.

 Renumbering Patch: FALSE
 Reading 2KIX_pH6.45.pdb_2

 Assigning atom types for 4 chains.
 Amino acid chain A
 Amino acid chain B
 Amino acid chain C
 Amino acid chain D
 Constructing Force Field AMOEBA-BIO-2018-CPHMD

 SMP threads:                                20
 The system will be treated as aperiodic (max separation =   55.5 A).

 Bonded Terms
  Bonds:                                   2259
  Angles:                                  4095
  Stretch-Bends:                           3576
  Out-of-Plane Bends:                      1356
  Torsions:                                5998
  Pi-Orbital Torsions:                      292
  Torsion-Torsions:                           4

 Non-Bonded Terms

  Van der Waals
   Cut-Off:                                NONE
   Long-Range Correction:                 FALSE

 Electrostatics
   Polarization:                         MUTUAL
    SCF Convergence Criteria:         1.000e-06
    SCF Predictor:                         NONE
    SCF Algorithm:                           CG
    CG Preconditioner Cut-Off:            4.500
    CG Preconditioner Ewald Coeff.:       0.000
    CG Preconditioner Scale:              2.000
    CG Preconditioner Mode:     FLETCHER_REEVES
    Electrostatics Cut-Off:                NONE

  Continuum Solvation
   Radii:                                SOLUTE
   Generalized Kirkwood Cut-Off:           NONE
   GKC:                                  2.4550
   Solvent Dielectric:                  78.3000
   Solute Dielectric:                    1.0000
   Descreen with vdW Radii:                TRUE
   Descreen with Hydrogen Atoms:          FALSE
   Descreen Offset:                      0.0000
   General HCT Scale Factor:             0.7200
   Non-Polar Model:                  GAUSS-DISP
    GaussVol Radii Offset:               0.0000
    GaussVol Radii Scale:                1.0000
   Dispersion Integral Offset:           1.0560 (A)
   Cavitation Solvent Pressure:          0.0334 (Kcal/mol/A^3)
   Cavitation Surface Tension:           0.1030 (Kcal/mol/A^2)
   Cavitation Cross-Over Radius:         9.2515 (A)

  Overall system charge:                 15.000

 Opened 2KIX_pH6.45.pdb_2 in 1.165 sec.

 System Resources
  Total CPU time:          20.50 (sec)
  System load average:    266.39
  Open file handles:         146 of  81920 allowed
  System memory:           43737 MB free out of  44520 MB
  System swap space:        2053 MB free out of   2053 MB
  JVM memory:               4026 MB free out of   4096 MB

 Minimizing energy of Single Topology  [2KIX_pH6.45.pdb_2] 
 Setting lambda to 0.000.
 Generalized Kirkwood  -3605.26857829      0.308
 Cavitation             1449.39284115      0.252
 Dispersion            -1094.22115462      0.303

 Computed Potential Energy
  Bond Stretching            216.45456056         2259        0.012 ( 0.01677)
  Angle Bending              471.84853937         4095        0.011 ( 2.74949)
  Stretch-Bend                 2.62900874         3576        0.003
  Out-of-Plane Bend           19.38593043         1356        0.001
  Torsional Angle            142.75794562         5998        0.007
  Pi-Orbital Torsion          20.58026338          292        0.000
  Torsion-Torsion            -16.77334312            4        0.000
  Van der Waals              532.10135089      2481211        0.796
  Atomic Multipoles         -924.28814344      2481211
  Polarization              -751.48156859      2481211        4.913
  Solvation                -3250.09689177      2489796
  Total Potential          -3536.88234792  (Kcal/mole)        5.744 (sec)

 Limited Memory BFGS Quasi-Newton Optimization: 

 Cycle       Energy      G RMS    Delta E   Delta X    Angle  Evals     Time

     0   -3536.8823     4.6636
     1   -3559.9879     1.8407    23.1055    0.0016     0.00      3    4.633
     2   -3565.3323     1.3589     5.3444    0.0005    20.32      4    2.193
     3   -3574.0296     1.0317     8.6973    0.0012    16.96      5    2.193
     4   -3586.2923     1.1659    12.2627    0.0027    21.42      6    2.238
     5   -3593.1391     2.1142     6.8468    0.0043    53.18      7    2.280
     6   -3600.6568     1.1351     7.5177    0.0015    56.32      8    2.216
     7   -3605.4468     0.8577     4.7901    0.0013    48.41      9    2.120
     8   -3610.3583     0.9951     4.9114    0.0024    58.86     10    2.189
     9   -3615.0046     1.5381     4.6463    0.0035    67.84     11    2.180
    10   -3620.2541     1.0600     5.2495    0.0028    75.18     12    2.124
    11   -3625.8560     0.8018     5.6019    0.0033    69.31     13    2.169
    12   -3630.2039     1.0826     4.3479    0.0032    65.16     14    2.227
    13   -3634.1628     1.0544     3.9588    0.0033    72.35     15    2.360
    14   -3637.8867     0.8147     3.7240    0.0022    69.53     16    2.322
    15   -3641.7320     0.7439     3.8453    0.0025    64.97     17    2.150
    16   -3644.8884     1.2993     3.1563    0.0036    69.46     18    2.196
