 Evaluating /Dedicated/schnieders/programs/stack-2021.1.sh
  Loading Modules
   Stack 2021.1
   GCC 9.3.0
   CMake 3.20.0
   Eigen 3.3.9
   Cuda 11.1.1
   Cuda: /usr/share/apps/2021.1/arch/gcc-9.3.0/cuda-11.1.1
   CudaNN 8.0.5.39-11.1
   Swig 4.0.2_gcc-9.3.0
  Loading software from /Dedicated/schnieders/programs/local
   Ant: /Dedicated/schnieders/programs/apache-ant-1.10.11
   FFX: /Dedicated/schnieders/programs/ffx-builds/forcefieldx-2026-01-04
   GDMA: /Dedicated/schnieders/programs/gdma-2.3
   Groovy: /Dedicated/schnieders/programs/groovy-4.0.1
   Java: /Dedicated/schnieders/programs/jdk-25.0.1
   Maven: /Dedicated/schnieders/programs/apache-maven-3.9.5
   VMD: /Dedicated/schnieders/programs/vmd
   NAMD: /Dedicated/schnieders/programs/NAMD_3.0alpha7_Linux-x86_64-multicore-CUDA
   OpenEye: /Dedicated/schnieders/programs/OpenEye
   Tinker: /Dedicated/schnieders/programs/tinker-tools
=== Titration pH 8.55 started: Fri May  1 05:05:46 CDT 2026 ===
  Copy already exists, skipping.
  ManyBody output already exists, skipping.
WARNING: Using incubator modules: jdk.incubator.vector
 _________________________________________________________________________

        FORCE FIELD X - Polyglot Software for Molecular Biophysics 

        Version 1.0.0-6991  April 2026 
        Git Revision  937dfd3f3a84d0dc91f73b0419518078a8c41842 
 
        Please cite the following reference when using Force Field X:

        RA Gogal, AJ Nessler, AC Thiel, HV Bernabe, RA Corrigan Grove,
        LM Cousineau, JM Litman, JM Miller, G Qi, MJ Speranza,
        MR Tollefson, TD Fenn, JJ Michaelson, O Okada, JP Piquemal,
        JW Ponder, J Shen, RJH Smith, W Yang, P Ren and MJ Schnieders,
        2024, Journal of Chemical Physics, 161 (1).

        Copyright (c)  Michael J. Schnieders  2001-2026
        All Rights Reserved

        Force Field X is distributed under the GPL v. 3 license
        with linking exception and is hosted by the Schnieders Lab
        at The University of Iowa.

        User Manual:   https://ffx.biochem.uiowa.edu/manual.html
        Publications:  https://ffx.biochem.uiowa.edu/publications.html
        License:       https://ffx.biochem.uiowa.edu/licenses.html

 _________________________________________________________________________

 Fri May 01 05:05:47 CDT 2026
 Process ID 232846 on argon-itf-bx53-13.hpc.

 Command line arguments:
 [Minimize, -e, 0.1, /Dedicated/schnieders/maemmad/pKa_GNN/ffx_pipeline/data/fixed_pdbs/3TP8/3TP8_pH8.55.pdb_2, --saveInduced, --savePermanentMoments]

 Executing internal command: ffx.algorithms.commands.Minimize

 Initializing 1 topologies...
 Parsing: Internal force field (amoeba-bio-2018-cphmd).
 Parsing: Structure properties from (/Dedicated/schnieders/maemmad/pKa_GNN/ffx_pipeline/data/fixed_pdbs/3TP8/3TP8_input.properties).
 Parsing: JVM system properties (i.e. command line -Dkey=value pairs).

 Attempting to read force field patch from /Dedicated/schnieders/maemmad/pKa_GNN/naphosphate_solute.09Feb21.prm.

 Renumbering Patch: FALSE
 Reading 3TP8_pH8.55.pdb_2

 Assigning atom types for 1 chains.
 Amino acid chain A
 Constructing Force Field AMOEBA-BIO-2018-CPHMD

 SMP threads:                                80
 The system will be treated as aperiodic (max separation =   50.4 A).

 Bonded Terms
  Bonds:                                   2112
  Angles:                                  3838
  Stretch-Bends:                           3368
  Out-of-Plane Bends:                      1200
  Torsions:                                5598
  Pi-Orbital Torsions:                      221
  Torsion-Torsions:                           9

 Non-Bonded Terms

  Van der Waals
   Cut-Off:                                NONE
   Long-Range Correction:                 FALSE

 Electrostatics
   Polarization:                         MUTUAL
    SCF Convergence Criteria:         1.000e-06
    SCF Predictor:                         NONE
    SCF Algorithm:                           CG
    CG Preconditioner Cut-Off:            4.500
    CG Preconditioner Ewald Coeff.:       0.000
    CG Preconditioner Scale:              2.000
    CG Preconditioner Mode:     FLETCHER_REEVES
    Electrostatics Cut-Off:                NONE

  Continuum Solvation
   Radii:                                SOLUTE
   Generalized Kirkwood Cut-Off:           NONE
   GKC:                                  2.4550
   Solvent Dielectric:                  78.3000
   Solute Dielectric:                    1.0000
   Descreen with vdW Radii:                TRUE
   Descreen with Hydrogen Atoms:          FALSE
   Descreen Offset:                      0.0000
   General HCT Scale Factor:             0.7200
   Non-Polar Model:                  GAUSS-DISP
    GaussVol Radii Offset:               0.0000
    GaussVol Radii Scale:                1.0000
   Dispersion Integral Offset:           1.0560 (A)
   Cavitation Solvent Pressure:          0.0334 (Kcal/mol/A^3)
   Cavitation Surface Tension:           0.1030 (Kcal/mol/A^2)
   Cavitation Cross-Over Radius:         9.2515 (A)

  Overall system charge:                  5.000

 Opened 3TP8_pH8.55.pdb_2 in 1.668 sec.

 System Resources
  Total CPU time:          48.57 (sec)
  System load average:     38.37
  Open file handles:         146 of  81920 allowed
  System memory:          138580 MB free out of 192017 MB
  System swap space:        2053 MB free out of   2053 MB
  JVM memory:               3983 MB free out of   4096 MB

 Minimizing energy of Single Topology  [3TP8_pH8.55.pdb_2] 
 Setting lambda to 0.000.
 Generalized Kirkwood  -2683.70764528      0.342
 Cavitation             1324.35682101      0.937
 Dispersion             -832.45343234      0.395

 Computed Potential Energy
  Bond Stretching            161.76934889         2112        0.014 ( 0.01512)
  Angle Bending              434.76550279         3838        0.015 ( 2.68459)
  Stretch-Bend                 1.38981119         3368        0.002
  Out-of-Plane Bend           19.13540060         1200        0.005
  Torsional Angle             85.82303763         5598        0.007
  Pi-Orbital Torsion          16.14437695          221        0.006
  Torsion-Torsion            -48.33722798            9        0.001
  Van der Waals              388.65448997      2185421        0.694
  Atomic Multipoles        -3787.62617550      2185421
  Polarization              -736.76855977      2185421        7.762
  Solvation                -2191.80425661      2193465
  Total Potential          -5656.85425183  (Kcal/mole)        8.513 (sec)

 Limited Memory BFGS Quasi-Newton Optimization: 

 Cycle       Energy      G RMS    Delta E   Delta X    Angle  Evals     Time

     0   -5656.8543     1.8590
     1   -5665.8887     1.8258     9.0345    0.0015     0.00      3   16.958
     2   -5672.3865     1.2445     6.4978    0.0011    44.45      4   11.705
     3   -5680.3070     1.1646     7.9205    0.0021    44.20      5    7.093
     4   -5687.1430     1.6387     6.8360    0.0029    54.14      6    7.009
     5   -5693.5125     1.2193     6.3695    0.0027    66.55      7    7.407
     6   -5698.5284     1.0255     5.0159    0.0017    60.51      8    6.827
     7   -5704.9810     1.0970     6.4526    0.0032    60.42      9    7.472
     8   -5708.8597     1.7593     3.8787    0.0040    67.44     10    6.750
     9   -5712.8701     0.8381     4.0105    0.0009    55.02     11    7.258
    10   -5715.8927     0.7071     3.0226    0.0014    51.65     12    8.423
    11   -5718.3165     0.7751     2.4238    0.0017    64.77     13    6.274
    12   -5720.9616     1.3160     2.6451    0.0028    69.04     14    5.668
    13   -5724.3423     0.7155     3.3807    0.0030    77.80     15    6.058
    14   -5726.4760     0.5936     2.1338    0.0018    68.22     16    5.563
    15   -5728.7490     0.8033     2.2730    0.0025    65.49     17    6.818
    16   -5730.9064     0.8639     2.1574    0.0022    72.19     18    7.102
    17   -5733.3278     0.6889     2.4214    0.0023    74.10     19    6.645
    18   -5735.7146     0.9198     2.3868    0.0035    71.45     20    6.669
    19   -5737.7693     0.7333     2.0547    0.0019    73.47     21    6.495
    20   -5739.8808     0.7076     2.1115    0.0018    70.53     22    6.155
    21   -5742.7829     0.8342     2.9021    0.0034    73.58     23    6.689
    22   -5745.0446     1.1681     2.2618    0.0053    77.84     24    6.209
    23   -5747.2588     0.6014     2.2142    0.0011    67.70     25    5.957
    24   -5749.0676     0.5756     1.8087    0.0018    68.17     26    6.968
    25   -5750.7928     0.6755     1.7252    0.0027    75.49     27    7.111
    26   -5752.5157     0.9373     1.7229    0.0037    77.29     28    5.415
    27   -5754.5398     0.5697     2.0241    0.0028    80.51     29    5.621
    28   -5756.7452     0.5751     2.2053    0.0029    71.94     30    6.366
    29   -5758.7102     0.8605     1.9650    0.0037    75.86     31    6.765
    30   -5760.6933     0.7944     1.9831    0.0041    79.86     32    6.345
    31   -5762.3038     0.5437     1.6106    0.0014    71.91     33    7.488
    32   -5764.2509     0.6075     1.9470    0.0031    73.22     34    7.440
    33   -5765.9454     0.7872     1.6945    0.0029    76.70     35    6.604
    34   -5768.2257     0.6546     2.2803    0.0039    80.00     36    7.022
    35   -5770.5712     0.8188     2.3455    0.0050    77.46     37    6.407
    36   -5772.5214     0.6696     1.9502    0.0027    75.90     38    7.372
    37   -5773.9221     0.5589     1.4007    0.0010    63.43     39    7.344
    38   -5775.6629     0.6472     1.7408    0.0023    69.43     40    6.898
    39   -5777.2858     0.7281     1.6229    0.0039    78.36     41    7.150
    40   -5778.6021     0.5479     1.3162    0.0020    79.54     42    5.415
    41   -5780.3917     0.4659     1.7896    0.0035    77.30     43    7.889
    42   -5781.6556     0.8952     1.2640    0.0040    76.65     44    4.829
    43   -5783.0526     0.5448     1.3970    0.0020    80.20     45    6.683
    44   -5784.7264     0.4733     1.6738    0.0023    72.59     46    5.301
    45   -5786.1361     0.5724     1.4097    0.0025    73.81     47    6.080
    46   -5787.0054     0.9581     0.8693    0.0035    76.98     48    6.234
    47   -5788.2675     0.4410     1.2621    0.0006    61.38     49    5.124
    48   -5789.3330     0.4003     1.0655    0.0012    62.10     50    6.692
    49   -5790.3238     0.5007     0.9909    0.0017    72.93     51    5.938
    50   -5791.5324     0.7810     1.2086    0.0026    76.01     52    5.562
    51   -5793.1375     0.4913     1.6051    0.0035    82.01     53    5.145
    52   -5794.4687     0.4625     1.3312    0.0027    77.16     54    5.721
    53   -5795.6622     0.7379     1.1934    0.0036    75.39     55    5.381
    54   -5796.6559     0.4608     0.9938    0.0009    68.60     56    6.181
    55   -5797.4467     0.3834     0.7908    0.0008    61.95     57    6.111
    56   -5798.3935     0.4735     0.9468    0.0018    70.94     58    6.638
    57   -5799.0699     0.7596     0.6764    0.0034    79.17     59    5.246
    58   -5799.8541     0.3878     0.7842    0.0008    73.07     60    4.323
    59   -5800.5152     0.3366     0.6611    0.0014    73.61     61    4.417
    60   -5801.1202     0.3946     0.6050    0.0018    78.12     62    5.087
    61   -5801.9179     0.5970     0.7977    0.0025    78.86     63    7.298
    62   -5803.0001     0.4339     1.0822    0.0039    83.70     64    4.377
    63   -5803.9117     0.5210     0.9116    0.0032    80.22     65    4.618
    64   -5804.9242     0.4226     1.0125    0.0035    80.89     66    4.923
    65   -5805.6904     0.3981     0.7662    0.0011    69.33     67    6.168
    66   -5806.6675     0.4192     0.9771    0.0018    70.44     68    5.926
    67   -5807.5212     0.5493     0.8536    0.0029    77.16     69    6.278
    68   -5808.2345     0.3820     0.7134    0.0019    81.17     70    7.069
    69   -5808.9678     0.3326     0.7333    0.0025    79.63     71    6.367
    70   -5809.6220     0.4584     0.6542    0.0029    80.38     72    6.755
    71   -5810.4433     0.3916     0.8213    0.0036    82.66     73    7.908
    72   -5811.2302     0.4083     0.7868    0.0030    80.53     74    7.040
    73   -5812.0400     0.4139     0.8098    0.0030    79.79     75    7.008
    74   -5812.8008     0.4075     0.7609    0.0023    79.42     76    7.375
    75   -5813.7952     0.4038     0.9943    0.0033    79.70     77    7.856
    76   -5814.5289     0.6772     0.7337    0.0044    80.51     78    7.508
    77   -5815.3252     0.3650     0.7963    0.0012    77.01     79    7.777
    78   -5815.9529     0.3385     0.6278    0.0012    71.12     80    7.579
    79   -5816.7114     0.4161     0.7585    0.0031    80.67     81    7.822
    80   -5817.2646     0.7187     0.5532    0.0053    83.73     82    7.761
    81   -5817.9955     0.3478     0.7309    0.0022    83.90     83    6.919
    82   -5818.5574     0.3041     0.5619    0.0020    79.61     84    6.760
    83   -5819.1246     0.3425     0.5673    0.0026    81.19     85    5.851
    84   -5819.5908     0.6728     0.4662    0.0038    82.06     86    6.594
    85   -5820.2654     0.3595     0.6746    0.0018    82.77     87    5.768
    86   -5820.8486     0.2989     0.5832    0.0016    76.62     88    6.785
    87   -5821.3862     0.3826     0.5376    0.0015    75.01     89    6.899
    88   -5822.0243     0.5497     0.6381    0.0025    79.84     90    6.045
    89   -5822.8128     0.3758     0.7886    0.0026    82.76     91    6.806
    90   -5823.4754     0.3641     0.6625    0.0023    79.18     92    7.403
    91   -5824.0775     0.4197     0.6021    0.0020    75.91     93    5.539
    92   -5824.6189     0.3425     0.5414    0.0010    74.98     94    5.182
    93   -5825.3545     0.3392     0.7357    0.0019    74.93     95    5.757
    94   -5825.7988     0.6731     0.4443    0.0035    79.10     96    5.948
    95   -5826.3691     0.3363     0.5703    0.0008    76.81     97    6.809
    96   -5826.8661     0.3030     0.4970    0.0014    76.43     98    5.289
    97   -5827.3309     0.3361     0.4648    0.0020    80.44     99    6.451
    98   -5827.9587     0.4440     0.6278    0.0029    81.42    100    6.370
    99   -5828.6611     0.3101     0.7024    0.0043    84.05    101    5.707
   100   -5829.1437     0.3137     0.4826    0.0016    76.68    102    6.294
   101   -5829.7095     0.3668     0.5659    0.0016    73.23    103    7.363
   102   -5830.2159     0.3874     0.5064    0.0014    75.62    104    7.181
   103   -5830.8458     0.3580     0.6299    0.0022    79.58    105    6.792
   104   -5831.4252     0.3669     0.5793    0.0025    79.51    106    6.713
   105   -5831.9268     0.3232     0.5017    0.0020    80.81    107    5.879
   106   -5832.5008     0.2976     0.5740    0.0018    77.08    108    5.472
   107   -5833.0107     0.5394     0.5098    0.0030    78.32    109    5.638
   108   -5833.5422     0.2950     0.5316    0.0015    80.13    110    6.264
   109   -5833.8993     0.2801     0.3571    0.0009    72.58    111    6.351
   110   -5834.3866     0.3403     0.4874    0.0016    75.11    112    6.521
   111   -5834.8669     0.4575     0.4802    0.0026    79.98    113    6.244
   112   -5835.3708     0.2759     0.5040    0.0015    80.66    114    6.489
   113   -5835.8810     0.2836     0.5101    0.0018    75.58    115    6.201
   114   -5836.3086     0.3869     0.4277    0.0018    78.31    116    6.018
   115   -5836.8641     0.3120     0.5554    0.0024    81.66    117    6.188
   116   -5837.3903     0.3731     0.5262    0.0021    77.36    118    5.595
   117   -5837.8796     0.2983     0.4893    0.0013    74.16    119    6.425
   118   -5838.2737     0.2863     0.3941    0.0008    69.09    120    6.133
   119   -5838.7465     0.3142     0.4728    0.0016    74.00    121    6.966
   120   -5839.1728     0.3290     0.4264    0.0021    79.77    122    7.989
   121   -5839.5626     0.2867     0.3897    0.0019    81.75    123    6.168
   122   -5840.0603     0.2866     0.4977    0.0023    79.37    124    5.512
   123   -5840.4359     0.5599     0.3756    0.0024    76.89    125    5.526
   124   -5840.9252     0.2790     0.4893    0.0006    72.65    126    7.495
   125   -5841.3110     0.2433     0.3858    0.0013    74.87    127    5.130
   126   -5841.6380     0.2700     0.3270    0.0013    77.43    128    5.332
   127   -5841.9722     0.4452     0.3342    0.0018    77.37    129    5.003
   128   -5842.4365     0.2450     0.4643    0.0013    79.77    130    6.294
   129   -5842.8273     0.2437     0.3908    0.0012    72.37    131    4.007
   130   -5843.1869     0.3993     0.3596    0.0016    74.49    132    4.032
   131   -5843.5432     0.2863     0.3564    0.0012    79.11    133    4.013
   132   -5843.8620     0.2394     0.3187    0.0010    76.23    134    4.469
   133   -5844.2337     0.3089     0.3717    0.0017    76.11    135    3.918
   134   -5844.5628     0.3584     0.3292    0.0017    79.54    136    4.575
   135   -5844.8806     0.2638     0.3177    0.0010    78.97    137    5.528
   136   -5845.2507     0.2573     0.3701    0.0015    75.34    138    4.973
   137   -5845.5067     0.2933     0.2560    0.0011    76.42    139    3.917
   138   -5845.8014     0.2595     0.2948    0.0011    79.34    140    4.893
   139   -5846.1613     0.3221     0.3599    0.0017    78.07    141    5.816
   140   -5846.4727     0.3129     0.3114    0.0020    80.78    142    6.164
   141   -5846.7069     0.2265     0.2342    0.0005    71.19    143    6.741
   142   -5847.0497     0.2162     0.3428    0.0010    71.12    144    7.627
   143   -5847.4110     0.3328     0.3613    0.0018    76.22    145    8.072
   144   -5847.6955     0.3815     0.2845    0.0026    82.25    146    6.243
   145   -5847.9917     0.2188     0.2962    0.0005    71.20    147    8.191
   146   -5848.3344     0.2217     0.3427    0.0012    70.46    148    6.785
   147   -5848.6059     0.2952     0.2715    0.0015    79.36    149    6.878
   148   -5848.9738     0.2686     0.3680    0.0022    82.43    150    7.354
   149   -5849.3266     0.3092     0.3528    0.0025    81.52    151    8.518
   150   -5849.6251     0.2670     0.2985    0.0018    81.68    152    7.296
   151   -5849.9242     0.2212     0.2991    0.0007    70.58    153    6.855
   152   -5850.3079     0.2907     0.3836    0.0013    69.88    154    5.938
   153   -5850.6105     0.3685     0.3027    0.0023    79.64    155    5.456
   154   -5850.8512     0.2281     0.2407    0.0006    75.97    156    5.860
   155   -5851.1176     0.2242     0.2664    0.0011    76.53    157    7.416
   156   -5851.3974     0.2449     0.2799    0.0016    80.85    158    6.788
   157   -5851.6372     0.4570     0.2398    0.0024    81.13    159    8.057
   158   -5851.9762     0.2384     0.3390    0.0017    84.35    160    6.856
   159   -5852.2479     0.1962     0.2717    0.0014    79.75    161    7.147
   160   -5852.5303     0.2539     0.2824    0.0016    78.45    162    6.361
   161   -5852.8274     0.3715     0.2970    0.0025    81.78    163    6.407
   162   -5853.1578     0.2340     0.3304    0.0016    82.75    164    6.405
   163   -5853.4695     0.2315     0.3117    0.0016    77.93    165    5.563
   164   -5853.7381     0.3159     0.2686    0.0014    76.97    166    6.261
   165   -5854.0542     0.2542     0.3161    0.0013    80.66    167    5.243
   166   -5854.4299     0.2892     0.3757    0.0021    79.28    168    5.432
   167   -5854.6691     0.3394     0.2392    0.0019    80.60    169    6.399
   168   -5854.8731     0.2133     0.2040    0.0003    68.87    170    5.678
   169   -5855.1545     0.1973     0.2814    0.0011    74.13    171    5.335
   170   -5855.4041     0.2485     0.2496    0.0018    81.33    172    6.486
   171   -5855.6125     0.4095     0.2085    0.0028    83.37    173    6.987
   172   -5855.8953     0.2081     0.2827    0.0016    84.27    174    6.086
   173   -5856.1230     0.1827     0.2277    0.0012    78.35    175    6.744
   174   -5856.3480     0.2388     0.2250    0.0015    79.07    176    6.298
   175   -5856.5723     0.3249     0.2243    0.0020    81.58    177    7.049
   176   -5856.8071     0.2128     0.2348    0.0008    78.56    178    7.240
   177   -5857.0926     0.2162     0.2855    0.0011    73.41    179    6.907
   178   -5857.3134     0.3304     0.2208    0.0013    76.51    180    6.952
   179   -5857.5807     0.2260     0.2673    0.0013    82.25    181    7.534
   180   -5857.8534     0.2071     0.2727    0.0016    79.33    182    6.097
   181   -5858.0249     0.3362     0.1715    0.0015    78.42    183    6.176
   182   -5858.2316     0.2188     0.2067    0.0005    76.29    184    5.684
   183   -5858.5374     0.1833     0.3058    0.0011    73.73    185    6.920
   184   -5858.8222     0.2602     0.2849    0.0017    77.57    186    6.794
   185   -5858.8977     0.5427     0.0755    0.0025    81.95    187    5.307
   186   -5859.0323     0.4215     0.1346    0.0001    35.22    188    6.021
   187   -5859.2517     0.2392     0.2193    0.0002    62.24    189    5.084
   188   -5859.5019     0.1831     0.2503    0.0008    71.02    190    4.984
   189   -5859.6234     0.2139     0.1214    0.0008    80.38    191    5.665
   190   -5859.8351     0.2250     0.2117    0.0012    81.12    192    4.871
   191   -5860.0535     0.4118     0.2184    0.0018    80.62    193    5.909
   192   -5860.3711     0.2388     0.3177    0.0021    85.31    194    7.463
   193   -5860.6210     0.1675     0.2499    0.0020    83.16    195    7.359
   194   -5860.8478     0.2502     0.2267    0.0018    79.72    196    6.916
   195   -5861.1104     0.2667     0.2626    0.0019    81.44    197    8.634
   196   -5861.3618     0.2357     0.2514    0.0010    76.89    198    6.460
   197   -5861.6180     0.2158     0.2561    0.0008    69.80    199    7.103
   198   -5861.8465     0.2224     0.2285    0.0007    67.95    200    5.859
   199   -5862.1026     0.2739     0.2561    0.0016    78.36    201    4.316
   200   -5862.3196     0.2349     0.2170    0.0018    82.45    202    5.035
   201   -5862.4871     0.1902     0.1675    0.0010    81.77    203    7.604
   202   -5862.7149     0.1763     0.2278    0.0018    80.79    204    5.516
   203   -5862.9288     0.4039     0.2139    0.0025    80.67    205    6.836
   204   -5863.1751     0.2288     0.2463    0.0014    84.40    206   10.371
   205   -5863.4090     0.1800     0.2339    0.0016    80.63    207    5.678
   206   -5863.5572     0.2168     0.1482    0.0010    79.84    208    4.219
   207   -5863.7695     0.2335     0.2123    0.0015    81.56    209    4.295
   208   -5864.0538     0.2130     0.2843    0.0022    82.37    210    4.327
   209   -5864.2651     0.3568     0.2113    0.0027    81.99    211    4.757
   210   -5864.5058     0.1983     0.2407    0.0008    78.66    212    4.109
   211   -5864.7136     0.1981     0.2078    0.0006    66.45    213    3.902
   212   -5864.9732     0.2798     0.2595    0.0017    79.20    214    4.597
   213   -5865.1930     0.3276     0.2198    0.0029    84.14    215    4.714
   214   -5865.3893     0.1862     0.1963    0.0008    80.16    216    4.976
   215   -5865.5872     0.1917     0.1979    0.0012    78.38    217    6.630
   216   -5865.8067     0.2441     0.2195    0.0017    81.86    218    6.291
   217   -5866.0762     0.3053     0.2695    0.0026    83.65    219    7.107
   218   -5866.3672     0.2234     0.2910    0.0027    84.66    220   10.420
   219   -5866.5569     0.2419     0.1896    0.0013    79.63    221    7.655
   220   -5866.7750     0.2011     0.2181    0.0007    73.28    222    8.404
   221   -5867.0771     0.2366     0.3021    0.0013    74.67    223    6.241
   222   -5867.2155     0.4646     0.1384    0.0025    80.64    224    5.891
   223   -5867.4274     0.2517     0.2119    0.0003    72.34    225    5.698
   224   -5867.6164     0.1681     0.1890    0.0008    77.15    226    6.194
   225   -5867.7465     0.1959     0.1301    0.0011    81.73    227    6.583
   226   -5867.9492     0.2404     0.2027    0.0016    82.61    228    5.010
   227   -5868.2233     0.2200     0.2741    0.0028    84.53    229    5.485
   228   -5868.4757     0.2310     0.2524    0.0031    84.39    230    4.301
   229   -5868.6758     0.2962     0.2001    0.0024    83.80    231    4.808
   230   -5868.9223     0.2057     0.2465    0.0010    80.33    232    4.510
   231   -5869.2400     0.2143     0.3177    0.0013    72.64    233    4.093
   232   -5869.3576     0.4539     0.1176    0.0021    80.98    234    4.095
   233   -5869.5441     0.2679     0.1864    0.0002    64.54    235    4.195
   234   -5869.7888     0.1768     0.2448    0.0010    76.78    236    4.502
   235   -5869.9430     0.2052     0.1541    0.0013    82.06    237    4.514
   236   -5870.1593     0.2796     0.2163    0.0021    83.47    238    4.590
   237   -5870.4158     0.2254     0.2565    0.0030    85.26    239    5.231
   238   -5870.6144     0.1980     0.1986    0.0017    82.89    240    6.709
   239   -5870.8258     0.1994     0.2114    0.0016    80.76    241    7.279
   240   -5871.0751     0.2464     0.2493    0.0015    79.04    242    8.160
   241   -5871.3223     0.3174     0.2473    0.0020    81.12    243    6.159
   242   -5871.5363     0.2049     0.2140    0.0015    82.59    244    6.447
   243   -5871.6779     0.1810     0.1415    0.0002    54.33    245    5.396
   244   -5871.8763     0.2365     0.1985    0.0008    72.89    246    6.278
   245   -5872.1323     0.1826     0.2560    0.0017    80.80    247    6.529
   246   -5872.3271     0.2300     0.1948    0.0020    82.32    248    7.051
   247   -5872.5623     0.2123     0.2352    0.0027    84.25    249    6.635
   248   -5872.8161     0.2239     0.2539    0.0018    81.08    250    6.664
   249   -5873.1385     0.2302     0.3224    0.0019    78.80    251    8.074
   250   -5873.4166     0.3282     0.2780    0.0018    77.04    252    6.978
   251   -5873.6677     0.2240     0.2512    0.0006    72.81    253    3.690
   252   -5873.8745     0.1894     0.2068    0.0006    67.42    254    5.197
   253   -5874.0993     0.2506     0.2248    0.0013    77.76    255    7.869
   254   -5874.3524     0.2469     0.2531    0.0020    81.86    256    5.549
   255   -5874.5794     0.1977     0.2270    0.0015    82.06    257    4.409
   256   -5874.8062     0.2088     0.2268    0.0015    78.40    258    7.378
   257   -5874.9979     0.2785     0.1917    0.0012    76.44    259    5.464
   258   -5875.2058     0.1852     0.2078    0.0006    75.95    260    5.036
   259   -5875.4307     0.1838     0.2249    0.0011    71.07    261    5.962
   260   -5875.5222     0.2853     0.0915    0.0009    75.47    262    7.054
   261   -5875.6321     0.1739     0.1099    0.0002    61.34    263    5.959
   262   -5875.7977     0.1129     0.1656    0.0007    72.28    264    5.085
   263   -5875.9418     0.1681     0.1441    0.0012    74.75    265    6.061
   264   -5876.0476     0.3123     0.1058    0.0013    80.18    266    7.149
   265   -5876.2006     0.1734     0.1530    0.0009    83.48    267    6.073
   266   -5876.3421     0.1190     0.1415    0.0008    76.46    268    7.093
   267   -5876.4295     0.1640     0.0875    0.0006    72.08    269    6.254
   268   -5876.5358     0.1844     0.1063    0.0008    77.70    270    8.018
   269   -5876.6608     0.1488     0.1250    0.0007    78.14    271    7.123
   270   -5876.7918     0.1900     0.1309    0.0010    75.44    272   11.247
   271   -5876.8899     0.1877     0.0981    0.0008    77.46    273    8.771
   272   -5876.9649     0.1331     0.0750    0.0002    61.97    274    7.641
   273   -5877.0755     0.1105     0.1106    0.0005    69.78    275    6.249
   274   -5877.1721     0.2354     0.0966    0.0013    76.09    276    6.998
   275   -5877.2602     0.1531     0.0882    0.0007    82.44    277    4.322
   276   -5877.3505     0.1381     0.0903    0.0008    80.79    278    4.753
   277   -5877.4667     0.1548     0.1162    0.0013    81.10    279    5.519
   278   -5877.5087     0.3575     0.0420    0.0017    81.75    280    5.982
   279   -5877.5809     0.2522     0.0722    0.0001    50.51    281    5.620
   280   -5877.6911     0.1161     0.1102    0.0002    66.96    282    7.526
   281   -5877.7844     0.1378     0.0933    0.0005    69.33    283   10.253
   282   -5877.8555     0.1606     0.0711    0.0006    80.52    284    9.142
   283   -5877.9684     0.2036     0.1129    0.0009    81.46    285    6.652
   284   -5878.1324     0.1697     0.1640    0.0014    82.68    286    6.190
   285   -5878.2727     0.2352     0.1403    0.0020    82.41    287    6.505
   286   -5878.3750     0.1643     0.1023    0.0009    81.49    288    6.283
   287   -5878.4600     0.1365     0.0850    0.0002    60.33    289    6.391
   288   -5878.5760     0.1349     0.1160    0.0005    65.65    290    5.408
   289   -5878.6328     0.3337     0.0569    0.0012    76.76    291    6.996
   290   -5878.7227     0.1916     0.0899    0.0001    57.60    292    7.496
   291   -5878.8374     0.1060     0.1147    0.0005    74.51    293    6.919
   292   -5878.9065     0.1342     0.0691    0.0007    78.16    294    6.791
   293   -5879.0151     0.1598     0.1087    0.0011    81.13    295    7.237
   294   -5879.1016     0.2807     0.0865    0.0017    82.51    296    8.588
   295   -5879.2230     0.1334     0.1214    0.0009    83.58    297    7.681
   296   -5879.3052     0.1089     0.0822    0.0006    77.06    298    6.967
   297   -5879.3822     0.1382     0.0770    0.0007    76.68    299    6.464
   298   -5879.4575     0.2253     0.0752    0.0011    80.78    300    6.205
   299   -5879.5506     0.1244     0.0931    0.0007    82.19    301    5.528
   300   -5879.6285     0.1112     0.0779    0.0006    76.20    302    5.000
   301   -5879.7154     0.1721     0.0869    0.0009    77.94    303    7.397
   302   -5879.8125     0.1556     0.0971    0.0012    82.81    304    5.391
   303   -5879.9067     0.1246     0.0942    0.0009    81.96    305    5.118
   304   -5880.0079     0.1827     0.1012    0.0014    79.96    306    5.375
   305   -5880.1001     0.1645     0.0922    0.0011    82.72    307    4.727
   306   -5880.1758     0.1383     0.0757    0.0006    80.93    308    5.583
   307   -5880.2878     0.1342     0.1120    0.0011    80.93    309    4.545
   308   -5880.4138     0.1649     0.1259    0.0021    82.73    310    4.942
   309   -5880.4975     0.1677     0.0838    0.0014    84.79    311    4.589
   310   -5880.6053     0.1403     0.1077    0.0012    83.51    312    4.741
   311   -5880.7383     0.1782     0.1330    0.0016    80.97    313    4.551
   312   -5880.8506     0.2111     0.1124    0.0018    83.06    314    4.112
   313   -5880.9507     0.1516     0.1000    0.0004    76.87    315    6.099
   314   -5881.0926     0.1338     0.1420    0.0010    77.36    316    4.987
   315   -5881.2215     0.2083     0.1289    0.0015    80.64    317    5.032
   316   -5881.3561     0.1939     0.1346    0.0019    84.07    318    5.161
   317   -5881.4791     0.1357     0.1229    0.0007    78.45    319    5.833
   318   -5881.6178     0.1555     0.1388    0.0010    73.47    320    4.314
   319   -5881.7044     0.2032     0.0866    0.0007    76.91    321    4.302
   320   -5881.7986     0.1571     0.0942    0.0005    80.02    322    5.069
   321   -5881.9394     0.1312     0.1408    0.0009    78.38    323    5.320
   322   -5882.0553     0.2558     0.1159    0.0018    78.91    324    5.273
   323   -5882.1470     0.1482     0.0917    0.0004    78.55    325    5.224
   324   -5882.2381     0.1435     0.0912    0.0004    73.76    326    6.600
   325   -5882.3647     0.1636     0.1265    0.0009    77.18    327    5.005
   326   -5882.4350     0.3289     0.0703    0.0013    80.82    328    4.591
   327   -5882.5397     0.1713     0.1047    0.0004    79.80    329    5.097
   328   -5882.6407     0.1070     0.1011    0.0005    75.23    330    5.501
   329   -5882.7106     0.1348     0.0699    0.0006    75.64    331    4.482
   330   -5882.8168     0.1435     0.1062    0.0009    79.31    332    4.084
   331   -5882.8428     0.3509     0.0259    0.0014    80.64    333    3.938
   332   -5882.8897     0.2826     0.0469    0.0001    66.17    334    4.592
   333   -5882.9657     0.1655     0.0760    0.0001    66.30    335    4.976
   334   -5883.0399     0.1012     0.0742    0.0004    70.88    336    4.333
   335   -5883.0709     0.1207     0.0310    0.0003    77.37    337    5.096
   336   -5883.1262     0.1265     0.0553    0.0004    79.29    338    4.191
   337   -5883.2154     0.1673     0.0892    0.0007    78.72    339    4.986
   338   -5883.3430     0.1388     0.1276    0.0013    82.47    340    5.390
   339   -5883.4307     0.1724     0.0877    0.0017    83.12    341    4.433
   340   -5883.4865     0.1432     0.0558    0.0008    82.00    342    4.493
   341   -5883.5418     0.1076     0.0554    0.0002    61.72    343    3.973
   342   -5883.6241     0.0855     0.0822    0.0003    59.86    344    4.310

 Optimization achieved convergence criteria:  0.08555
 Generalized Kirkwood  -2616.45077131      0.199
 Cavitation             1331.20494281      0.110
 Dispersion             -906.63832383      0.212

 Computed Potential Energy
  Bond Stretching            179.16856230         2112        0.003 ( 0.01588)
  Angle Bending              436.07586953         3838        0.000 ( 2.70312)
  Stretch-Bend                 2.13059090         3368        0.000
  Out-of-Plane Bend           17.30134533         1200        0.000
  Torsional Angle             53.67242372         5598        0.000
  Pi-Orbital Torsion          12.64570485          221        0.003
  Torsion-Torsion            -49.88135403            9        0.005
  Van der Waals              353.02111991      2185421        0.010
  Atomic Multipoles        -3929.03563217      2185421
  Polarization              -766.83857081      2185421        2.901
  Solvation                -2191.88415233      2193465
  Total Potential          -5883.62409278  (Kcal/mole)        2.924 (sec)
 Setting atom names to PDB standard.
 Saving 3TP8_pH8.55.pdb_4
 Wrote induced dipoles to: /Dedicated/schnieders/maemmad/pKa_GNN/ffx_pipeline/data/fixed_pdbs/3TP8/3TP8_pH8.55.uind
 Wrote permanent multipoles to: /Dedicated/schnieders/maemmad/pKa_GNN/ffx_pipeline/data/fixed_pdbs/3TP8/3TP8_pH8.55.uperm

 Script wall clock time: 2140.618 (sec)
=== Titration pH 8.55 done: Fri May  1 05:41:29 CDT 2026 ===
