 Evaluating /Dedicated/schnieders/programs/stack-2021.1.sh
  Loading Modules
   Stack 2021.1
   GCC 9.3.0
   CMake 3.20.0
   Eigen 3.3.9
   Cuda 11.1.1
   Cuda: /usr/share/apps/2021.1/arch/gcc-9.3.0/cuda-11.1.1
   CudaNN 8.0.5.39-11.1
   Swig 4.0.2_gcc-9.3.0
  Loading software from /Dedicated/schnieders/programs/local
   Ant: /Dedicated/schnieders/programs/apache-ant-1.10.11
   FFX: /Dedicated/schnieders/programs/ffx-builds/forcefieldx-2026-01-04
   GDMA: /Dedicated/schnieders/programs/gdma-2.3
   Groovy: /Dedicated/schnieders/programs/groovy-4.0.1
   Java: /Dedicated/schnieders/programs/jdk-25.0.1
   Maven: /Dedicated/schnieders/programs/apache-maven-3.9.5
   VMD: /Dedicated/schnieders/programs/vmd
   NAMD: /Dedicated/schnieders/programs/NAMD_3.0alpha7_Linux-x86_64-multicore-CUDA
   OpenEye: /Dedicated/schnieders/programs/OpenEye
   Tinker: /Dedicated/schnieders/programs/tinker-tools
=== Titration pH 8.55 started: Fri May  1 03:21:54 CDT 2026 ===
  Copy already exists, skipping.
  ManyBody output already exists, skipping.
WARNING: Using incubator modules: jdk.incubator.vector
 _________________________________________________________________________

        FORCE FIELD X - Polyglot Software for Molecular Biophysics 

        Version 1.0.0-6991  April 2026 
        Git Revision  937dfd3f3a84d0dc91f73b0419518078a8c41842 
 
        Please cite the following reference when using Force Field X:

        RA Gogal, AJ Nessler, AC Thiel, HV Bernabe, RA Corrigan Grove,
        LM Cousineau, JM Litman, JM Miller, G Qi, MJ Speranza,
        MR Tollefson, TD Fenn, JJ Michaelson, O Okada, JP Piquemal,
        JW Ponder, J Shen, RJH Smith, W Yang, P Ren and MJ Schnieders,
        2024, Journal of Chemical Physics, 161 (1).

        Copyright (c)  Michael J. Schnieders  2001-2026
        All Rights Reserved

        Force Field X is distributed under the GPL v. 3 license
        with linking exception and is hosted by the Schnieders Lab
        at The University of Iowa.

        User Manual:   https://ffx.biochem.uiowa.edu/manual.html
        Publications:  https://ffx.biochem.uiowa.edu/publications.html
        License:       https://ffx.biochem.uiowa.edu/licenses.html

 _________________________________________________________________________

 Fri May 01 03:21:55 CDT 2026
 Process ID 3588 on argon-itf-bx54-09.hpc.

 Command line arguments:
 [Minimize, -e, 0.1, /Dedicated/schnieders/maemmad/pKa_GNN/ffx_pipeline/data/fixed_pdbs/3RUZ/3RUZ_pH8.55.pdb_2, --saveInduced, --savePermanentMoments]

 Executing internal command: ffx.algorithms.commands.Minimize

 Initializing 1 topologies...
 Parsing: Internal force field (amoeba-bio-2018-cphmd).
 Parsing: Structure properties from (/Dedicated/schnieders/maemmad/pKa_GNN/ffx_pipeline/data/fixed_pdbs/3RUZ/3RUZ_input.properties).
 Parsing: JVM system properties (i.e. command line -Dkey=value pairs).

 Attempting to read force field patch from /Dedicated/schnieders/maemmad/pKa_GNN/naphosphate_solute.09Feb21.prm.

 Renumbering Patch: FALSE
 Reading 3RUZ_pH8.55.pdb_2

 Assigning atom types for 1 chains.
 Amino acid chain A
 Constructing Force Field AMOEBA-BIO-2018-CPHMD

 SMP threads:                               112
 The system will be treated as aperiodic (max separation =   50.8 A).

 Bonded Terms
  Bonds:                                   2122
  Angles:                                  3859
  Stretch-Bends:                           3384
  Out-of-Plane Bends:                      1197
  Torsions:                                5628
  Pi-Orbital Torsions:                      221
  Torsion-Torsions:                           9

 Non-Bonded Terms

  Van der Waals
   Cut-Off:                                NONE
   Long-Range Correction:                 FALSE

 Electrostatics
   Polarization:                         MUTUAL
    SCF Convergence Criteria:         1.000e-06
    SCF Predictor:                         NONE
    SCF Algorithm:                           CG
    CG Preconditioner Cut-Off:            4.500
    CG Preconditioner Ewald Coeff.:       0.000
    CG Preconditioner Scale:              2.000
    CG Preconditioner Mode:     FLETCHER_REEVES
    Electrostatics Cut-Off:                NONE

  Continuum Solvation
   Radii:                                SOLUTE
   Generalized Kirkwood Cut-Off:           NONE
   GKC:                                  2.4550
   Solvent Dielectric:                  78.3000
   Solute Dielectric:                    1.0000
   Descreen with vdW Radii:                TRUE
   Descreen with Hydrogen Atoms:          FALSE
   Descreen Offset:                      0.0000
   General HCT Scale Factor:             0.7200
   Non-Polar Model:                  GAUSS-DISP
    GaussVol Radii Offset:               0.0000
    GaussVol Radii Scale:                1.0000
   Dispersion Integral Offset:           1.0560 (A)
   Cavitation Solvent Pressure:          0.0334 (Kcal/mol/A^3)
   Cavitation Surface Tension:           0.1030 (Kcal/mol/A^2)
   Cavitation Cross-Over Radius:         9.2515 (A)

  Overall system charge:                  7.000

 Opened 3RUZ_pH8.55.pdb_2 in 1.327 sec.

 System Resources
  Total CPU time:          53.43 (sec)
  System load average:     71.15
  Open file handles:         146 of  81920 allowed
  System memory:          192148 MB free out of 257591 MB
  System swap space:        2053 MB free out of   2053 MB
  JVM memory:               3958 MB free out of   4096 MB

 Minimizing energy of Single Topology  [3RUZ_pH8.55.pdb_2] 
 Setting lambda to 0.000.
 Generalized Kirkwood  -2825.31895345      0.218
 Cavitation             1322.45653755      0.252
 Dispersion             -823.67574692      0.161

 Computed Potential Energy
  Bond Stretching            164.25896358         2122        0.012 ( 0.01519)
  Angle Bending              434.27350657         3859        0.007 ( 2.67938)
  Stretch-Bend                 1.83281158         3384        0.003
  Out-of-Plane Bend           18.92773383         1197        0.001
  Torsional Angle             96.13375861         5628        0.004
  Pi-Orbital Torsion          17.96596296          221        0.001
  Torsion-Torsion            -50.12244102            9        0.001
  Van der Waals              367.53981880      2206375        0.264
  Atomic Multipoles        -3600.03285574      2206375
  Polarization              -726.15034560      2206375        5.756
  Solvation                -2326.53816281      2214460
  Total Potential          -5601.91124925  (Kcal/mole)        6.052 (sec)

 Limited Memory BFGS Quasi-Newton Optimization: 

 Cycle       Energy      G RMS    Delta E   Delta X    Angle  Evals     Time

     0   -5601.9112     1.7014
     1   -5609.0953     1.6541     7.1840    0.0013     0.00      3    4.738
     2   -5614.3701     1.1387     5.2748    0.0009    44.15      4    2.221
     3   -5621.6047     1.0796     7.2345    0.0020    43.06      5    2.180
     4   -5627.9722     1.4172     6.3675    0.0027    54.52      6    2.135
     5   -5633.2926     1.3170     5.3204    0.0030    66.29      7    6.337
     6   -5637.5456     0.9267     4.2529    0.0013    57.96      8    7.652
     7   -5642.8819     0.9023     5.3364    0.0025    55.10      9    7.143
     8   -5646.6280     1.2162     3.7460    0.0027    65.79     10    7.457
     9   -5650.6194     0.7476     3.9914    0.0029    73.30     11    6.333
    10   -5653.2453     0.7221     2.6259    0.0017    60.61     12    5.635
    11   -5655.8141     0.7550     2.5688    0.0019    62.71     13    5.075
    12   -5658.4077     0.8231     2.5936    0.0023    67.77     14    6.021
    13   -5660.9349     0.7495     2.5272    0.0029    71.59     15    5.934
    14   -5662.7707     0.6143     1.8359    0.0015    66.65     16    6.343
    15   -5664.5689     0.6031     1.7981    0.0017    66.60     17    5.658
    16   -5666.7543     0.7479     2.1854    0.0027    69.55     18    5.563
    17   -5668.9087     0.7743     2.1544    0.0033    75.05     19    6.691
    18   -5670.8406     0.6173     1.9319    0.0019    71.85     20    5.769
    19   -5672.9232     0.6129     2.0826    0.0021    68.29     21    5.479
    20   -5675.1708     0.8341     2.2476    0.0031    71.27     22    6.771
    21   -5677.6012     0.6483     2.4304    0.0034    77.18     23    6.811
    22   -5679.4288     0.5937     1.8277    0.0024    72.17     24    6.463
    23   -5680.8593     0.6144     1.4305    0.0023    72.45     25    7.154
    24   -5682.1335     0.5013     1.2742    0.0013    69.81     26    7.188
    25   -5683.9221     0.4983     1.7885    0.0023    69.66     27    6.339
    26   -5685.4730     1.0255     1.5510    0.0039    72.90     28    6.405
    27   -5687.3659     0.6126     1.8929    0.0024    80.01     29    6.485
    28   -5689.2171     0.5554     1.8512    0.0025    74.92     30    6.670
    29   -5691.0755     0.6572     1.8585    0.0033    76.52     31    6.639
    30   -5692.2601     1.2148     1.1845    0.0047    78.94     32    5.911
    31   -5694.0470     0.6218     1.7870    0.0010    71.92     33    6.640
    32   -5695.8958     0.5630     1.8488    0.0020    70.22     34    6.151
    33   -5697.4125     0.6623     1.5167    0.0026    77.76     35    6.070
    34   -5699.7387     0.8449     2.3262    0.0040    79.47     36    5.908
    35   -5702.4080     0.6921     2.6693    0.0052    82.16     37    6.180
    36   -5704.5064     0.6425     2.0984    0.0052    81.24     38    6.354
    37   -5706.0234     0.6527     1.5169    0.0037    78.80     39    6.036
    38   -5707.4581     0.5550     1.4347    0.0010    64.15     40    5.458
    39   -5709.4154     0.5842     1.9573    0.0019    64.92     41    5.664
    40   -5710.8366     1.0577     1.4212    0.0041    74.88     42    5.437
    41   -5712.3921     0.5248     1.5555    0.0011    73.23     43    6.211
    42   -5713.8125     0.4994     1.4204    0.0028    77.16     44    6.136
    43   -5715.0392     0.5386     1.2267    0.0031    80.21     45    6.156
    44   -5716.3075     0.9207     1.2683    0.0045    80.77     46    6.816
    45   -5717.9713     0.5046     1.6638    0.0043    84.20     47    5.370
    46   -5719.0412     0.4255     1.0699    0.0024    78.07     48    5.335
    47   -5720.0684     0.5538     1.0272    0.0022    74.70     49    5.685
    48   -5721.3584     0.6517     1.2900    0.0029    78.87     50    5.194
    49   -5722.9261     0.5447     1.5677    0.0034    80.63     51    5.226
    50   -5724.3466     0.6882     1.4205    0.0044    79.19     52    6.074
    51   -5725.5208     0.5254     1.1742    0.0020    77.78     53    5.710
    52   -5726.6651     0.4705     1.1444    0.0016    73.13     54    6.103
    53   -5728.0659     0.6258     1.4008    0.0033    76.56     55    5.604
    54   -5729.2887     0.6668     1.2228    0.0044    81.42     56    6.589
    55   -5730.3296     0.4461     1.0409    0.0015    77.54     57    5.874
    56   -5731.5138     0.4046     1.1842    0.0026    75.03     58    6.054
    57   -5732.3786     0.6370     0.8648    0.0030    78.65     59    6.166
    58   -5733.5114     0.4422     1.1329    0.0032    82.96     60    5.296
    59   -5734.7281     0.5346     1.2166    0.0035    77.63     61    6.533
    60   -5735.5983     0.6336     0.8703    0.0031    79.67     62    5.567
    61   -5736.4262     0.4308     0.8278    0.0005    60.05     63    5.859
    62   -5737.6377     0.3255     1.2115    0.0014    64.23     64    6.245
    63   -5738.5998     0.6363     0.9621    0.0029    72.56     65    6.321
    64   -5739.4175     0.5596     0.8177    0.0033    83.06     66    5.407
    65   -5740.1382     0.3969     0.7208    0.0015    80.64     67    7.068
    66   -5741.1544     0.3189     1.0162    0.0028    77.93     68    6.143
    67   -5741.9196     0.5953     0.7651    0.0036    77.92     69    6.371
    68   -5742.6255     0.4524     0.7059    0.0020    82.00     70    6.285
    69   -5743.4372     0.3746     0.8118    0.0016    76.06     71    5.436
    70   -5744.2904     0.4843     0.8532    0.0023    74.57     72    6.559
    71   -5745.0115     0.5371     0.7210    0.0024    78.36     73    6.426
    72   -5745.7004     0.3772     0.6889    0.0010    75.65     74    6.097
    73   -5746.5890     0.3285     0.8886    0.0021    73.67     75    6.268
    74   -5747.1805     0.5259     0.5915    0.0021    76.39     76    5.721
    75   -5747.8907     0.3802     0.7103    0.0017    80.58     77    4.833
    76   -5748.8250     0.3678     0.9343    0.0026    76.88     78    6.069
    77   -5749.3270     0.6467     0.5020    0.0026    76.02     79    5.732
    78   -5749.8829     0.3328     0.5559    0.0003    56.01     80    5.080
    79   -5750.3986     0.3028     0.5157    0.0007    60.43     81    4.792
    80   -5750.9735     0.3641     0.5749    0.0016    75.00     82    5.393
    81   -5751.5783     0.6067     0.6049    0.0027    79.17     83    5.636
    82   -5752.3162     0.3304     0.7379    0.0025    83.18     84    6.644
    83   -5752.8615     0.2795     0.5453    0.0015    76.19     85    6.943
    84   -5753.4010     0.4329     0.5395    0.0018    72.21     86    6.085
    85   -5753.9179     0.3774     0.5169    0.0013    77.83     87    6.619
    86   -5754.5080     0.3265     0.5901    0.0015    76.92     88    6.346
    87   -5755.0742     0.5361     0.5662    0.0023    75.35     89    6.602
    88   -5755.6052     0.3566     0.5309    0.0020    81.52     90    6.291
    89   -5755.9293     0.2891     0.3242    0.0005    68.51     91    5.868
    90   -5756.4344     0.2569     0.5051    0.0012    72.96     92    6.833
    91   -5756.9771     0.4558     0.5427    0.0028    77.10     93    6.459
    92   -5757.4346     0.3316     0.4575    0.0021    83.22     94    6.069
    93   -5757.8909     0.3016     0.4563    0.0019    81.35     95    6.398
    94   -5758.4771     0.3685     0.5862    0.0027    79.80     96    4.335
    95   -5758.9732     0.4182     0.4961    0.0026    80.47     97    5.702
    96   -5759.4215     0.3048     0.4482    0.0009    75.49     98    5.273
    97   -5759.9655     0.2894     0.5441    0.0013    71.29     99    5.888
    98   -5760.4182     0.4028     0.4526    0.0017    76.66    100    6.017
    99   -5760.9561     0.3248     0.5380    0.0026    82.09    101    8.001
   100   -5761.4329     0.2969     0.4767    0.0019    80.37    102    6.676
   101   -5761.9455     0.3580     0.5127    0.0027    79.33    103    6.714
   102   -5762.3646     0.3248     0.4191    0.0016    79.71    104    6.311
   103   -5762.8013     0.2935     0.4367    0.0014    78.47    105    6.812
   104   -5763.3006     0.3885     0.4993    0.0024    78.43    106    6.573
   105   -5763.7478     0.3601     0.4472    0.0026    82.54    107    5.428
   106   -5764.1051     0.2826     0.3573    0.0010    78.33    108    6.800
   107   -5764.6110     0.2352     0.5059    0.0018    77.14    109    6.042
   108   -5764.9786     0.4975     0.3676    0.0028    78.34    110    6.513
   109   -5765.3759     0.2913     0.3973    0.0016    83.08    111    6.450
   110   -5765.7246     0.2509     0.3488    0.0012    78.56    112    6.931
   111   -5766.1858     0.3070     0.4611    0.0023    78.95    113    6.290
   112   -5766.4707     0.5961     0.2849    0.0029    80.62    114    5.371
   113   -5766.9071     0.3150     0.4364    0.0006    74.81    115    6.277
   114   -5767.4000     0.2447     0.4928    0.0013    73.35    116    6.752
   115   -5767.7387     0.2801     0.3387    0.0014    78.53    117    6.466
   116   -5768.1967     0.4153     0.4580    0.0021    79.39    118    6.505
   117   -5768.7962     0.2794     0.5995    0.0033    83.85    119    6.401
   118   -5769.1822     0.4237     0.3861    0.0020    78.00    120    6.171
   119   -5769.6153     0.2624     0.4331    0.0013    79.14    121    6.423
   120   -5769.9617     0.2495     0.3464    0.0006    63.77    122    6.900
   121   -5770.3536     0.3778     0.3919    0.0012    69.17    123    6.033
   122   -5770.7606     0.2786     0.4070    0.0018    80.25    124    6.860
   123   -5771.0353     0.2257     0.2747    0.0009    77.13    125    7.371
   124   -5771.3983     0.2295     0.3630    0.0019    78.37    126    6.461
   125   -5771.7058     0.4835     0.3076    0.0028    79.81    127    6.937
   126   -5772.0809     0.2837     0.3751    0.0014    82.90    128    7.058
   127   -5772.4445     0.2253     0.3636    0.0018    80.44    129    6.867
   128   -5772.7108     0.2622     0.2663    0.0016    81.06    130    6.677
   129   -5773.0248     0.3545     0.3140    0.0024    82.15    131    5.999
   130   -5773.4156     0.2398     0.3908    0.0020    82.90    132    6.096
   131   -5773.7917     0.2804     0.3761    0.0021    78.85    133    7.302
   132   -5774.1026     0.3604     0.3110    0.0021    79.90    134    6.729
   133   -5774.3946     0.2547     0.2919    0.0006    75.67    135    6.329
   134   -5774.8048     0.2256     0.4102    0.0016    77.06    136    7.373
   135   -5775.1498     0.3765     0.3450    0.0025    80.14    137    6.181
   136   -5775.5233     0.2991     0.3735    0.0025    84.48    138    6.623
   137   -5775.9218     0.2575     0.3985    0.0025    83.09    139    6.318
   138   -5776.3360     0.3666     0.4142    0.0032    81.11    140    4.670
   139   -5776.6943     0.2966     0.3582    0.0014    80.28    141    5.079
   140   -5777.0731     0.2744     0.3788    0.0012    77.83    142    6.058
   141   -5777.5360     0.3655     0.4629    0.0026    80.14    143    5.071
   142   -5777.9002     0.4505     0.3642    0.0034    83.28    144    6.124
   143   -5778.2238     0.2743     0.3236    0.0003    54.99    145    6.832
   144   -5778.6751     0.2415     0.4513    0.0019    78.52    146    6.374
   145   -5779.0291     0.2742     0.3540    0.0019    80.02    147    6.180
   146   -5779.3448     0.5028     0.3157    0.0032    82.58    148    6.483
   147   -5779.7936     0.2616     0.4488    0.0017    83.22    149    6.419
   148   -5780.1929     0.2437     0.3993    0.0012    73.13    150    6.676
   149   -5780.5331     0.2990     0.3403    0.0019    80.63    151    6.421
   150   -5780.9057     0.3861     0.3726    0.0023    81.07    152    6.512
   151   -5781.2767     0.2823     0.3710    0.0020    83.13    153    6.749
   152   -5781.6006     0.2546     0.3239    0.0016    80.67    154    6.858
   153   -5782.0359     0.3097     0.4353    0.0017    75.89    155    6.992
   154   -5782.4941     0.4592     0.4582    0.0022    78.14    156    6.502
   155   -5782.9810     0.2798     0.4870    0.0015    81.07    157    6.605
   156   -5783.3687     0.2558     0.3876    0.0014    74.58    158    6.845
   157   -5783.6148     0.3180     0.2461    0.0011    75.26    159    6.899
   158   -5783.9048     0.2501     0.2900    0.0009    78.62    160    6.503
   159   -5784.3291     0.2451     0.4243    0.0017    77.22    161    7.325
   160   -5784.7470     0.3736     0.4179    0.0029    79.24    162    6.717
   161   -5785.0444     0.3005     0.2974    0.0014    81.82    163    6.129
   162   -5785.3946     0.2820     0.3502    0.0013    79.81    164    6.550
   163   -5785.8808     0.3049     0.4862    0.0022    79.91    165    6.214
   164   -5785.9819     0.6746     0.1011    0.0036    81.90    166    6.385
   165   -5786.1638     0.5405     0.1819    0.0001    57.19    167    6.829
   166   -5786.4633     0.3263     0.2996    0.0001    42.12    168    6.683
   167   -5786.8348     0.2324     0.3715    0.0008    67.96    169    6.368
   168   -5787.0187     0.2848     0.1838    0.0009    80.47    170    6.146
   169   -5787.3343     0.2990     0.3156    0.0016    82.63    171    6.315
   170   -5787.6480     0.5257     0.3137    0.0021    81.04    172    6.784
   171   -5788.0971     0.3098     0.4491    0.0026    85.86    173    6.855
   172   -5788.4284     0.2109     0.3313    0.0023    83.63    174    6.114
   173   -5788.7023     0.2905     0.2739    0.0019    79.56    175    6.000
   174   -5789.0022     0.2706     0.2998    0.0010    77.10    176    6.652
   175   -5789.3627     0.2816     0.3605    0.0012    73.26    177    6.497
   176   -5789.6185     0.3418     0.2559    0.0011    71.57    178    6.634
   177   -5789.8555     0.2064     0.2369    0.0002    53.15    179    6.998
   178   -5790.1428     0.1958     0.2873    0.0012    72.41    180    6.150
   179   -5790.3287     0.2673     0.1859    0.0013    79.96    181    6.496
   180   -5790.5835     0.2048     0.2548    0.0018    83.02    182    7.094
   181   -5790.8371     0.2402     0.2536    0.0020    80.04    183    5.306
   182   -5791.0572     0.2280     0.2200    0.0015    79.77    184    6.011
   183   -5791.2282     0.1789     0.1711    0.0004    65.33    185    6.674
   184   -5791.4616     0.1799     0.2334    0.0007    64.69    186    6.722
   185   -5791.6671     0.3076     0.2055    0.0013    74.25    187    6.212
   186   -5791.8599     0.2131     0.1928    0.0012    82.90    188    5.903
   187   -5792.0333     0.1702     0.1734    0.0009    78.99    189    6.073
   188   -5792.2197     0.2013     0.1864    0.0012    77.75    190    5.693
   189   -5792.3418     0.3506     0.1221    0.0016    79.75    191    6.426
   190   -5792.5177     0.1766     0.1759    0.0002    62.17    192    6.731
   191   -5792.6878     0.1646     0.1701    0.0005    64.85    193    6.183
   192   -5792.8324     0.1759     0.1446    0.0007    76.38    194    7.219
   193   -5793.0033     0.3191     0.1709    0.0013    78.06    195    7.181
   194   -5793.2333     0.1937     0.2300    0.0016    83.90    196    7.548
   195   -5793.3871     0.1963     0.1538    0.0011    79.28    197    6.417
   196   -5793.5385     0.1768     0.1515    0.0009    78.54    198    7.050
   197   -5793.7058     0.1920     0.1672    0.0007    73.40    199    7.068
   198   -5793.8640     0.3322     0.1582    0.0012    76.62    200    5.708
   199   -5794.0564     0.1651     0.1924    0.0008    80.43    201    5.745
   200   -5794.1818     0.1511     0.1255    0.0006    73.40    202    7.054
   201   -5794.3341     0.2296     0.1523    0.0012    77.92    203    6.738
   202   -5794.4981     0.2166     0.1640    0.0014    81.64    204    6.693
   203   -5794.6532     0.1630     0.1551    0.0009    80.21    205    7.150
   204   -5794.8607     0.1727     0.2076    0.0013    76.75    206    6.590
   205   -5795.0292     0.3291     0.1684    0.0019    79.58    207    6.275
   206   -5795.2025     0.2021     0.1733    0.0007    80.57    208    7.218
   207   -5795.3821     0.1642     0.1796    0.0009    77.13    209    7.025
   208   -5795.5165     0.1839     0.1344    0.0009    78.51    210    6.215
   209   -5795.6557     0.3003     0.1392    0.0015    80.89    211    7.160
   210   -5795.8448     0.1844     0.1892    0.0011    83.05    212    6.083
   211   -5796.0305     0.1548     0.1857    0.0012    78.23    213    7.420
   212   -5796.1636     0.2429     0.1331    0.0011    77.16    214    8.019
   213   -5796.3128     0.1821     0.1491    0.0009    80.95    215    7.506
   214   -5796.4756     0.1764     0.1629    0.0011    78.23    216    6.983
   215   -5796.6091     0.2224     0.1335    0.0011    77.23    217    6.194
   216   -5796.7357     0.1545     0.1266    0.0005    76.25    218    6.232
   217   -5796.9062     0.1519     0.1705    0.0009    73.46    219    6.264
   218   -5797.0202     0.2552     0.1140    0.0012    79.06    220    5.777
   219   -5797.1401     0.1476     0.1199    0.0009    82.90    221    6.354
   220   -5797.2387     0.1356     0.0986    0.0006    77.14    222    5.906
   221   -5797.3646     0.1730     0.1258    0.0010    77.27    223    6.579
   222   -5797.4405     0.3259     0.0760    0.0015    81.22    224    6.161
   223   -5797.5552     0.1676     0.1147    0.0002    72.74    225    5.321
   224   -5797.6648     0.1181     0.1096    0.0006    74.43    226    6.047
   225   -5797.7323     0.1338     0.0675    0.0006    78.75    227    5.752
   226   -5797.8309     0.1934     0.0986    0.0008    78.61    228    6.775
   227   -5797.9698     0.1468     0.1389    0.0013    82.72    229    6.922
   228   -5798.0492     0.2797     0.0794    0.0014    80.11    230    7.017
   229   -5798.1553     0.1260     0.1061    0.0004    75.72    231    6.337
   230   -5798.2325     0.1163     0.0772    0.0002    55.71    232    6.644
   231   -5798.3399     0.1380     0.1074    0.0006    68.63    233    7.115
   232   -5798.4101     0.2984     0.0702    0.0011    77.35    234    7.350
   233   -5798.5110     0.1448     0.1009    0.0004    79.61    235    6.161
   234   -5798.5917     0.1001     0.0806    0.0005    73.86    236    5.683
   235   -5798.6563     0.1250     0.0646    0.0005    75.01    237    6.643
   236   -5798.7421     0.1837     0.0859    0.0009    79.01    238    6.814
   237   -5798.8496     0.1372     0.1074    0.0012    82.87    239    6.547
   238   -5798.9358     0.1233     0.0862    0.0007    79.15    240    7.625
   239   -5799.0324     0.1462     0.0966    0.0009    76.36    241    6.115
   240   -5799.1161     0.1514     0.0838    0.0006    75.76    242    7.053
   241   -5799.1932     0.1291     0.0770    0.0005    76.74    243    6.054
   242   -5799.2713     0.1848     0.0781    0.0009    77.94    244    6.173
   243   -5799.3467     0.1232     0.0754    0.0007    81.75    245    6.591
   244   -5799.4094     0.1195     0.0627    0.0006    79.71    246    7.600
   245   -5799.4961     0.1409     0.0867    0.0010    80.63    247    6.700
   246   -5799.5684     0.2033     0.0723    0.0015    82.64    248    7.253
   247   -5799.6371     0.1138     0.0686    0.0004    80.34    249    5.471
   248   -5799.7054     0.1105     0.0684    0.0006    76.01    250    6.283
   249   -5799.7688     0.1251     0.0633    0.0007    80.28    251    6.483
   250   -5799.8284     0.2149     0.0596    0.0011    81.66    252    6.383
   251   -5799.9118     0.1206     0.0835    0.0009    84.54    253    6.367
   252   -5799.9902     0.1035     0.0784    0.0009    80.56    254    6.268
   253   -5800.0535     0.1438     0.0632    0.0009    79.94    255    6.735
   254   -5800.1248     0.1368     0.0713    0.0011    82.98    256    6.519
   255   -5800.1915     0.1022     0.0667    0.0006    80.05    257    4.695
   256   -5800.2669     0.1345     0.0754    0.0009    76.57    258    5.098
   257   -5800.3241     0.1474     0.0572    0.0007    80.09    259    5.954
   258   -5800.3818     0.1161     0.0576    0.0005    80.84    260    6.846
   259   -5800.4644     0.1049     0.0827    0.0009    79.90    261    6.378
   260   -5800.5317     0.1705     0.0673    0.0016    81.29    262    6.865
   261   -5800.5788     0.1200     0.0471    0.0005    81.96    263    6.511
   262   -5800.6333     0.1178     0.0544    0.0005    80.29    264    6.099
   263   -5800.7104     0.1224     0.0771    0.0011    82.12    265    6.850
   264   -5800.7531     0.2680     0.0427    0.0017    83.73    266    6.853
   265   -5800.8182     0.1454     0.0651    0.0004    83.12    267    6.557
   266   -5800.8880     0.0981     0.0699    0.0007    80.96    268    6.695

 Optimization achieved convergence criteria:  0.09813
 Generalized Kirkwood  -2814.26772495      0.254
 Cavitation             1338.31280495      0.458
 Dispersion             -904.27744391      0.346

 Computed Potential Energy
  Bond Stretching            176.37436273         2122        0.014 ( 0.01569)
  Angle Bending              431.36342901         3859        0.012 ( 2.68557)
  Stretch-Bend                 1.96327567         3384        0.023
  Out-of-Plane Bend           17.44252113         1197        0.010
  Torsional Angle             61.01032294         5628        0.041
  Pi-Orbital Torsion          14.98372244          221        0.013
  Torsion-Torsion            -50.16120623            9        0.003
  Van der Waals              350.03675163      2206375        0.096
  Atomic Multipoles        -3683.18682657      2206375
  Polarization              -740.48203411      2206375        5.022
  Solvation                -2380.23236391      2214460
  Total Potential          -5800.88804526  (Kcal/mole)        5.248 (sec)
 Setting atom names to PDB standard.
 Saving 3RUZ_pH8.55.pdb_4
 Wrote induced dipoles to: /Dedicated/schnieders/maemmad/pKa_GNN/ffx_pipeline/data/fixed_pdbs/3RUZ/3RUZ_pH8.55.uind
 Wrote permanent multipoles to: /Dedicated/schnieders/maemmad/pKa_GNN/ffx_pipeline/data/fixed_pdbs/3RUZ/3RUZ_pH8.55.uperm

 Script wall clock time: 1693.481 (sec)
=== Titration pH 8.55 done: Fri May  1 03:50:10 CDT 2026 ===
