 Evaluating /Dedicated/schnieders/programs/stack-2021.1.sh
  Loading Modules
   Stack 2021.1
   GCC 9.3.0
   CMake 3.20.0
   Eigen 3.3.9
   Cuda 11.1.1
   Cuda: /usr/share/apps/2021.1/arch/gcc-9.3.0/cuda-11.1.1
   CudaNN 8.0.5.39-11.1
   Swig 4.0.2_gcc-9.3.0
  Loading software from /Dedicated/schnieders/programs/local
   Ant: /Dedicated/schnieders/programs/apache-ant-1.10.11
   FFX: /Dedicated/schnieders/programs/ffx-builds/forcefieldx-2026-01-04
   GDMA: /Dedicated/schnieders/programs/gdma-2.3
   Groovy: /Dedicated/schnieders/programs/groovy-4.0.1
   Java: /Dedicated/schnieders/programs/jdk-25.0.1
   Maven: /Dedicated/schnieders/programs/apache-maven-3.9.5
   VMD: /Dedicated/schnieders/programs/vmd
   NAMD: /Dedicated/schnieders/programs/NAMD_3.0alpha7_Linux-x86_64-multicore-CUDA
   OpenEye: /Dedicated/schnieders/programs/OpenEye
   Tinker: /Dedicated/schnieders/programs/tinker-tools
=== Titration pH 4.4 started: Mon Apr 27 19:56:34 CDT 2026 ===
WARNING: Using incubator modules: jdk.incubator.vector
WARNING: Using incubator modules: jdk.incubator.vector
 _________________________________________________________________________

        FORCE FIELD X - Polyglot Software for Molecular Biophysics 

        Version 1.0.0-6947  April 2026 
        Git Revision  519408079905b3dd4b967041b75b836f63fb563f 
 
        Please cite the following reference when using Force Field X:

        RA Gogal, AJ Nessler, AC Thiel, HV Bernabe, RA Corrigan Grove,
        LM Cousineau, JM Litman, JM Miller, G Qi, MJ Speranza,
        MR Tollefson, TD Fenn, JJ Michaelson, O Okada, JP Piquemal,
        JW Ponder, J Shen, RJH Smith, W Yang, P Ren and MJ Schnieders,
        2024, Journal of Chemical Physics, 161 (1).

        Copyright (c)  Michael J. Schnieders  2001-2025
        All Rights Reserved

        Force Field X is distributed under the GPL v. 3 license
        with linking exception and is hosted by the Schnieders Lab
        at The University of Iowa.

        User Manual:   https://ffx.biochem.uiowa.edu/manual.html
        Publications:  https://ffx.biochem.uiowa.edu/publications.html
        License:       https://ffx.biochem.uiowa.edu/licenses.html

 _________________________________________________________________________

 Mon Apr 27 19:57:06 CDT 2026
 Process ID 63259 on argon-itf-bx54-10.hpc.

 Command line arguments:
 [ManyBody, --tR, --pH, 4.4, --oT, -T, --kPH, 3.0, /Dedicated/schnieders/maemmad/pKa_GNN/ffx_pipeline/data/fixed_pdbs/1PGB/1PGB_pH4.4.pdb]

 Executing internal command: ffx.algorithms.commands.ManyBody

 Parsing: Internal force field (amoeba-bio-2018-cphmd).
 Parsing: Structure properties from (/Dedicated/schnieders/maemmad/pKa_GNN/ffx_pipeline/data/fixed_pdbs/1PGB/titrate.properties).
 Parsing: JVM system properties (i.e. command line -Dkey=value pairs).

 Attempting to read force field patch from /Dedicated/schnieders/maemmad/pKa_GNN/naphosphate_solute.09Feb21.prm.

 Renumbering Patch: FALSE
 Reading 1PGB_pH4.4.pdb

 Assigning atom types for 1 chains.
 Amino acid chain A
 Constructing Force Field AMOEBA-BIO-2018-CPHMD

 SMP threads:                                20
 The system will be treated as aperiodic (max separation =   37.1 A).

 Bonded Terms
  Bonds:                                    861
  Angles:                                  1551
  Stretch-Bends:                           1370
  Out-of-Plane Bends:                       504
  Torsions:                                2262
  Pi-Orbital Torsions:                       99
  Torsion-Torsions:                           4

 Non-Bonded Terms

  Van der Waals
   Cut-Off:                                NONE
   Long-Range Correction:                 FALSE

 Electrostatics
   Polarization:                         MUTUAL
    SCF Convergence Criteria:         1.000e-06
    SCF Predictor:                         NONE
    SCF Algorithm:                           CG
    CG Preconditioner Cut-Off:            4.500
    CG Preconditioner Ewald Coeff.:       0.000
    CG Preconditioner Scale:              2.000
    CG Preconditioner Mode:     FLETCHER_REEVES
    Electrostatics Cut-Off:                NONE

  Continuum Solvation
   Radii:                                SOLUTE
   Generalized Kirkwood Cut-Off:           NONE
   GKC:                                  2.4550
   Solvent Dielectric:                  78.3000
   Solute Dielectric:                    2.0000
   Descreen with vdW Radii:                TRUE
   Descreen with Hydrogen Atoms:          FALSE
   Descreen Offset:                      0.0000
   General HCT Scale Factor:             0.7200
   Non-Polar Model:                  GAUSS-DISP
    GaussVol Radii Offset:               0.0000
    GaussVol Radii Scale:                1.0000
   Dispersion Integral Offset:           1.0560 (A)
   Cavitation Solvent Pressure:          0.0334 (Kcal/mol/A^3)
   Cavitation Surface Tension:           0.1030 (Kcal/mol/A^2)
   Cavitation Cross-Over Radius:         9.2515 (A)

  Overall system charge:                 -4.000

 Opened 1PGB_pH4.4.pdb in 0.801 sec.

 System Resources
  Total CPU time:          16.09 (sec)
  System load average:     28.33
  Open file handles:         146 of  81920 allowed
  System memory:           43959 MB free out of  44520 MB
  System swap space:        2053 MB free out of   2053 MB
  JVM memory:               4053 MB free out of   4096 MB

 Adding titration hydrogen to : /Dedicated/schnieders/maemmad/pKa_GNN/ffx_pipeline/data/fixed_pdbs/1PGB/1PGB_pH4.4.pdb

 Reading 1PGB_pH4.4.pdb

 Assigning atom types for 1 chains.
 Amino acid chain A
 Renumbering PDB file due to built atoms (865 vs 855)
 Total number of atoms: 865

 Constructing Force Field AMOEBA-BIO-2018-CPHMD

 SMP threads:                                20
 The system will be treated as aperiodic (max separation =   37.1 A).

 Bonded Terms
  Bonds:                                    871
  Angles:                                  1561
  Stretch-Bends:                           1370
  Out-of-Plane Bends:                       504
  Torsions:                                2282
  Pi-Orbital Torsions:                       99
  Torsion-Torsions:                           4

 Non-Bonded Terms

  Van der Waals
   Cut-Off:                                NONE
   Long-Range Correction:                 FALSE

 Electrostatics
   Polarization:                         MUTUAL
    SCF Convergence Criteria:         1.000e-06
    SCF Predictor:                         NONE
    SCF Algorithm:                           CG
    CG Preconditioner Cut-Off:            4.500
    CG Preconditioner Ewald Coeff.:       0.000
    CG Preconditioner Scale:              2.000
    CG Preconditioner Mode:     FLETCHER_REEVES
    Electrostatics Cut-Off:                NONE

  Continuum Solvation
   Radii:                                SOLUTE
   Generalized Kirkwood Cut-Off:           NONE
   GKC:                                  2.4550
   Solvent Dielectric:                  78.3000
   Solute Dielectric:                    2.0000
   Descreen with vdW Radii:                TRUE
   Descreen with Hydrogen Atoms:          FALSE
   Descreen Offset:                      0.0000
   General HCT Scale Factor:             0.7200
   Non-Polar Model:                  GAUSS-DISP
    GaussVol Radii Offset:               0.0000
    GaussVol Radii Scale:                1.0000
   Dispersion Integral Offset:           1.0560 (A)
   Cavitation Solvent Pressure:          0.0334 (Kcal/mol/A^3)
   Cavitation Surface Tension:           0.1030 (Kcal/mol/A^2)
   Cavitation Cross-Over Radius:         9.2515 (A)

  Overall system charge:                  6.000
 Temperature: 298.150000

 Energy restart file: 1PGB_pH4.4.restart

 Initial Potential Energy:
 Generalized Kirkwood   -528.21172678      0.042
 Cavitation              573.08880516      0.023
 Dispersion             -397.30347717      0.069

 Computed Potential Energy
  Bond Stretching            130.42306322          871        0.011 ( 0.01904)
  Angle Bending              174.99262811         1561        0.011 ( 2.65019)
  Stretch-Bend                -2.77047906         1370        0.011
  Out-of-Plane Bend            7.93046525          504        0.004
  Torsional Angle             94.15640882         2282        0.005
  Pi-Orbital Torsion           4.29409210           99        0.002
  Torsion-Torsion            -14.89498209            4        0.000
  Van der Waals              182.23075863       371248        0.087
  Atomic Multipoles         -588.10337879       371248
  Polarization               -45.92034139       371248        0.562
  Solvation                 -352.42639879       374545
  Total Potential           -410.08816399  (Kcal/mole)        0.693 (sec)

 Initial Rotamer Torsion Angles:

 Residue    Current Torsional Angles
 A    4-LYS -172.898  179.630  -86.300  -64.408
 A   10-LYS  -66.988 -179.972  180.000  179.983
 A   13-LYS  -62.576 -167.910  169.690   56.195
 A   15-GLH  -52.217 -178.974  -22.568    0.000
 A   19-GLH  -58.973  -55.487  -27.760    0.000
 A   22-ASH   61.061   -1.825    0.000    0.000
 A   27-GLH -177.022  -79.978  -25.019    0.000
 A   28-LYS -177.006  179.982  180.000 -179.964
 A   31-LYS -177.001 -179.987 -179.967 -179.981
 A   36-ASH  -63.598  -18.403    0.000    0.000
 A   40-ASH  178.892   32.929    0.000    0.000
 A   42-GLH  -54.023  -59.306   -8.227    0.000
 A   46-ASH -179.645   -0.439    0.000    0.000
 A   47-ASH -158.708   52.396    0.000    0.000
 A   50-LYS  -85.660   74.725 -169.457  174.224
 A   56-GLH  -56.489 -173.834  -72.830    0.000

 Rotamer Library:     Richardson
 Algorithm:           ALL
 Goldstein Criteria:  true
 Three-Body Energies: true


 Computing Residue Distance Matrix
 Built residue neighbor list:              0.007 sec
 Pairwise distance matrix:               100.346 sec

 Beginning Energy    -875.75215275

     Residue  Nrot
   1   A4-LYS   56
   2  A10-LYS   56
   3  A13-LYS   56
   4  A15-GLH   42
   5  A19-GLH   42
   6  A22-ASH   27
   7  A27-GLH   42
   8  A28-LYS   56
   9  A31-LYS   56
  10  A36-ASH   27
  11  A40-ASH   27
  12  A42-GLH   42
  13  A46-ASH   27
  14  A47-ASH   27
  15  A50-LYS   56
  16  A56-GLH   42

 Number of self energies: 681
 Backbone energy:     -262.22864965

 Self   A4-LYS 0 :     -22.69603148 in 0.4199 (sec).
 Self   A4-LYD 1 :      95.39690065 in 0.3827 (sec).
 Self   A4-LYD 2 :     369.31089136 in 0.5543 (sec).
 Self   A4-LYD 3 :   11325.95259355 in 0.3845 (sec).
 Self   A4-LYD 4 :    8301.20634074 in 0.4573 (sec).
 Self   A4-LYD 5 :    7947.99029852 in 0.4558 (sec).
 Self   A4-LYD 6 :     417.63049692 in 0.4637 (sec).
 Self   A4-LYD 7 :     168.34928954 in 0.4024 (sec).
 Self   A4-LYD 8 :     109.83878518 in 0.3936 (sec).
 Self   A4-LYD 9 :     104.52304115 in 0.3501 (sec).
 Self   A4-LYD 10:     190.11284366 in 0.3887 (sec).
 Self   A4-LYD 11:     101.15053722 in 0.3482 (sec).
 Self   A4-LYD 12:      94.87980001 in 0.3582 (sec).
 Self   A4-LYD 13:      94.66871142 in 0.3664 (sec).
 Self   A4-LYD 14:     165.68936298 in 0.3481 (sec).
 Self   A4-LYD 15:      97.23439866 in 0.3707 (sec).
 Self   A4-LYD 16:      99.47849883 in 0.3702 (sec).
 Self   A4-LYD 17:     170.62265333 in 0.3879 (sec).
 Self   A4-LYD 18:     153.72587212 in 0.3970 (sec).
 Self   A4-LYD 19:     108.86465107 in 0.3569 (sec).
 Self   A4-LYD 20:     108.48246649 in 0.3458 (sec).
 Self   A4-LYD 21:     107.64720561 in 0.3603 (sec).
 Self   A4-LYD 22:     110.96400692 in 0.3402 (sec).
 Self   A4-LYD 23:     110.16299152 in 0.3769 (sec).
 Self   A4-LYD 24:     112.19469005 in 0.3153 (sec).
 Self   A4-LYD 25:    2611.28156652 in 0.3774 (sec).
 Self   A4-LYD 26:   11996.52443256 in 0.3438 (sec).
 Self   A4-LYD 27:    2471.53292713 in 0.3736 (sec).
 Self   A4-LYD 28:    1861.87203686 in 0.3544 (sec).
 Self   A4-LYS 29:     250.00163790 in 0.3579 (sec).
 Self   A4-LYS 30:      -6.14715890 in 0.3167 (sec).
 Self   A4-LYS 31:    8122.15498052 in 0.3291 (sec).
 Self   A4-LYS 32:    7870.44723683 in 0.3269 (sec).
 Self   A4-LYS 33:     296.47351437 in 0.3800 (sec).
 Self   A4-LYS 34:      58.77545828 in 0.3258 (sec).
 Self   A4-LYS 35:       0.43012834 in 0.3463 (sec).
 Self   A4-LYS 36:     -11.99476385 in 0.3494 (sec).
 Self   A4-LYS 37:      84.54991913 in 0.3519 (sec).
 Self   A4-LYS 38:     -16.10049769 in 0.3651 (sec).
 Self   A4-LYS 39:     -21.17997631 in 0.3869 (sec).
 Self   A4-LYS 40:     -22.91641349 in 0.3567 (sec).
 Self   A4-LYS 41:      71.95568127 in 0.3135 (sec).
 Self   A4-LYS 42:     -20.23998290 in 0.4025 (sec).
 Self   A4-LYS 43:     -17.83608225 in 0.3242 (sec).
 Self   A4-LYS 44:      56.14493066 in 0.3603 (sec).
 Self   A4-LYS 45:      41.04982548 in 0.3486 (sec).
 Self   A4-LYS 46:      -8.36977892 in 0.3289 (sec).
 Self   A4-LYS 47:      -7.38420169 in 0.3317 (sec).
 Self   A4-LYS 48:      -9.71275775 in 0.3863 (sec).
 Self   A4-LYS 49:      -6.12263018 in 0.3272 (sec).
 Self   A4-LYS 50:      -7.23408443 in 0.3187 (sec).
 Self   A4-LYS 51:      -5.40699595 in 0.3313 (sec).
 Self   A4-LYS 52:    2496.69568842 in 0.3173 (sec).
 Self   A4-LYS 53:   12020.78469926 in 0.3224 (sec).
 Self   A4-LYS 54:    2363.77744828 in 0.3413 (sec).
 Self   A4-LYS 55:    1781.56053878 in 0.3355 (sec).
 Self  A10-LYS 0 :     -24.20706981 in 0.3074 (sec).
 Self  A10-LYD 1 :      93.98279922 in 0.3225 (sec).
 Self  A10-LYD 2 :     108.50055989 in 0.2861 (sec).
 Self  A10-LYD 3 :     111.00501354 in 0.2844 (sec).
 Self  A10-LYD 4 :     107.28536282 in 0.2991 (sec).
 Self  A10-LYD 5 :     108.91978545 in 0.3056 (sec).
 Self  A10-LYD 6 :     108.68276534 in 0.3063 (sec).
 Self  A10-LYD 7 :      96.75563914 in 0.3292 (sec).
 Self  A10-LYD 8 :      95.98795743 in 0.3352 (sec).
 Self  A10-LYD 9 :      97.84241719 in 0.3104 (sec).
 Self  A10-LYD 10:      96.63787424 in 0.3005 (sec).
 Self  A10-LYD 11:      95.33476383 in 0.3423 (sec).
 Self  A10-LYD 12:      94.85312718 in 0.3226 (sec).
 Self  A10-LYD 13:      93.86786935 in 0.3381 (sec).
 Self  A10-LYD 14:      95.78264270 in 0.3171 (sec).
 Self  A10-LYD 15:      95.46894148 in 0.3302 (sec).
 Self  A10-LYD 16:      97.82853978 in 0.3199 (sec).
 Self  A10-LYD 17:     110.99031975 in 0.2900 (sec).
 Self  A10-LYD 18:     140.51782284 in 0.2971 (sec).
 Self  A10-LYD 19:      95.62202617 in 0.3053 (sec).
 Self  A10-LYD 20:      94.20357787 in 0.3256 (sec).
 Self  A10-LYD 21:      93.97790634 in 0.3349 (sec).
 Self  A10-LYD 22:      95.73325991 in 0.3308 (sec).
 Self  A10-LYD 23:      95.41746291 in 0.3605 (sec).
 Self  A10-LYD 24:      97.06674126 in 0.3663 (sec).
 Self  A10-LYD 25:      96.68051104 in 0.3414 (sec).
 Self  A10-LYD 26:      95.53358399 in 0.3476 (sec).
 Self  A10-LYD 27:     147.18771371 in 0.3466 (sec).
 Self  A10-LYD 28:      97.43355790 in 0.3578 (sec).
 Self  A10-LYS 29:      -9.56435083 in 0.3419 (sec).
 Self  A10-LYS 30:     -19.87739977 in 0.3463 (sec).
 Self  A10-LYS 31:     -10.73842633 in 0.3187 (sec).
 Self  A10-LYS 32:      -8.80575694 in 0.3289 (sec).
 Self  A10-LYS 33:      -9.44124303 in 0.3268 (sec).
 Self  A10-LYS 34:     -20.27017914 in 0.3110 (sec).
 Self  A10-LYS 35:     -22.33947948 in 0.3137 (sec).
 Self  A10-LYS 36:     -20.20637334 in 0.3026 (sec).
 Self  A10-LYS 37:     -20.42587523 in 0.3298 (sec).
 Self  A10-LYS 38:     -22.48944738 in 0.3413 (sec).
 Self  A10-LYS 39:     -22.17126888 in 0.3532 (sec).
 Self  A10-LYS 40:     -24.25273084 in 0.3698 (sec).
 Self  A10-LYS 41:     -22.05993907 in 0.3672 (sec).
 Self  A10-LYS 42:     -22.44002233 in 0.3617 (sec).
 Self  A10-LYS 43:     -20.07829946 in 0.3127 (sec).
 Self  A10-LYS 44:      -4.67731403 in 0.3042 (sec).
 Self  A10-LYS 45:      27.09922341 in 0.3242 (sec).
 Self  A10-LYS 46:     -22.27528963 in 0.3125 (sec).
 Self  A10-LYS 47:     -23.24605723 in 0.3104 (sec).
 Self  A10-LYS 48:     -24.19911538 in 0.3374 (sec).
 Self  A10-LYS 49:     -22.34998934 in 0.2965 (sec).
 Self  A10-LYS 50:     -22.42207075 in 0.3253 (sec).
 Self  A10-LYS 51:     -20.78376029 in 0.3054 (sec).
 Self  A10-LYS 52:     -20.57996511 in 0.2880 (sec).
 Self  A10-LYS 53:     -22.92468526 in 0.3255 (sec).
 Self  A10-LYS 54:      30.55981844 in 0.3288 (sec).
 Self  A10-LYS 55:     -20.58586755 in 0.3450 (sec).
 Self  A13-LYS 0 :     -24.19921468 in 0.2832 (sec).
 Self  A13-LYD 1 :      95.03290902 in 0.3339 (sec).
 Self  A13-LYD 2 :      96.22321595 in 0.3383 (sec).
 Self  A13-LYD 3 :      95.59413333 in 0.3209 (sec).
 Self  A13-LYD 4 :      94.60970956 in 0.2980 (sec).
 Self  A13-LYD 5 :      96.55872037 in 0.3285 (sec).
 Self  A13-LYD 6 :      96.20445980 in 0.3556 (sec).
 Self  A13-LYD 7 :     156.99585331 in 0.3421 (sec).
 Self  A13-LYD 8 :     177.14897522 in 0.3181 (sec).
 Self  A13-LYD 9 :     157.98044204 in 0.3585 (sec).
 Self  A13-LYD 10:      98.25521360 in 0.3709 (sec).
 Self  A13-LYD 11:      97.06868865 in 0.3421 (sec).
 Self  A13-LYD 12:      96.30513173 in 0.3405 (sec).
 Self  A13-LYD 13:      95.60650402 in 0.3435 (sec).
 Self  A13-LYD 14:      97.55860215 in 0.3526 (sec).
 Self  A13-LYD 15:      97.06264075 in 0.3654 (sec).
 Self  A13-LYD 16:     105.06131631 in 0.3571 (sec).
 Self  A13-LYD 17:    1335.16278853 in 0.3796 (sec).
 Self  A13-LYD 18:     140.69463102 in 0.3846 (sec).
 Self  A13-LYD 19:      95.77413970 in 0.3401 (sec).
 Self  A13-LYD 20:     100.06250384 in 0.3733 (sec).
 Self  A13-LYD 21:      94.44068418 in 0.3521 (sec).
 Self  A13-LYD 22:     103.49854628 in 0.3437 (sec).
 Self  A13-LYD 23:      95.90133464 in 0.3030 (sec).
 Self  A13-LYD 24:      98.17188995 in 0.3697 (sec).
 Self  A13-LYD 25:     633.76619645 in 0.2949 (sec).
 Self  A13-LYD 26:    3683.74365318 in 0.3073 (sec).
 Self  A13-LYD 27:   32984.88377392 in 0.3092 (sec).
 Self  A13-LYD 28:     549.30915491 in 0.3072 (sec).
 Self  A13-LYS 29:     -21.52093010 in 0.3066 (sec).
 Self  A13-LYS 30:      -7.14413811 in 0.2943 (sec).
 Self  A13-LYS 31:     -23.32879299 in 0.3040 (sec).
 Self  A13-LYS 32:     -21.19366840 in 0.3437 (sec).
 Self  A13-LYS 33:     -21.56166787 in 0.3389 (sec).
 Self  A13-LYS 34:      41.90443635 in 0.2921 (sec).
 Self  A13-LYS 35:      64.75376444 in 0.3179 (sec).
 Self  A13-LYS 36:      40.74802026 in 0.3135 (sec).
 Self  A13-LYS 37:     -18.22684123 in 0.3240 (sec).
 Self  A13-LYS 38:     -20.88327043 in 0.3110 (sec).
 Self  A13-LYS 39:     -20.50508428 in 0.3326 (sec).
 Self  A13-LYS 40:     -22.60255725 in 0.3101 (sec).
 Self  A13-LYS 41:     -20.22244703 in 0.2957 (sec).
 Self  A13-LYS 42:     -21.03181486 in 0.3115 (sec).
 Self  A13-LYS 43:     -13.16444854 in 0.3156 (sec).
 Self  A13-LYS 44:    1224.30235823 in 0.3143 (sec).
 Self  A13-LYS 45:      27.46537464 in 0.3003 (sec).
 Self  A13-LYS 46:     -21.88716938 in 0.2963 (sec).
 Self  A13-LYS 47:     -17.46013327 in 0.3054 (sec).
 Self  A13-LYS 48:     -23.58704600 in 0.3186 (sec).
 Self  A13-LYS 49:     -14.72378223 in 0.3042 (sec).
 Self  A13-LYS 50:     -21.75119901 in 0.2921 (sec).
 Self  A13-LYS 51:     -19.78157139 in 0.3194 (sec).
 Self  A13-LYS 52:     508.86923328 in 0.3057 (sec).
 Self  A13-LYS 53:    3629.77656808 in 0.3387 (sec).
 Self  A13-LYS 54:   33005.59713842 in 0.3311 (sec).
 Self  A13-LYS 55:     598.68931944 in 0.3084 (sec).
 Self  A15-GLU 0 :      -8.54710566 in 0.3279 (sec).
 Self  A15-GLH 1 :      -1.42886519 in 0.3094 (sec).
 Self  A15-GLH 2 :      -4.77245205 in 0.3216 (sec).
 Self  A15-GLH 3 :       6.13097044 in 0.3019 (sec).
 Self  A15-GLH 4 :      50.35779631 in 0.3564 (sec).
 Self  A15-GLH 5 :      -7.88709336 in 0.2529 (sec).
 Self  A15-GLH 6 :      18.83648615 in 0.2565 (sec).
 Self  A15-GLH 7 :      -1.17291573 in 0.2572 (sec).
 Self  A15-GLH 8 :      -7.16390149 in 0.2552 (sec).
 Self  A15-GLH 9 :     160.64675344 in 0.2410 (sec).
 Self  A15-GLH 10:      -1.40919309 in 0.2443 (sec).
 Self  A15-GLH 11:      26.50220556 in 0.2606 (sec).
 Self  A15-GLH 12:      43.07879371 in 0.2490 (sec).
 Self  A15-GLH 13:      -4.95737673 in 0.2371 (sec).
 Self  A15-GLH 14:      12.21849826 in 0.2512 (sec).
 Self  A15-GLH 15:       3.33738140 in 0.2581 (sec).
 Self  A15-GLH 16:      -3.95023027 in 0.2544 (sec).
 Self  A15-GLH 17:     103.49364919 in 0.2627 (sec).
 Self  A15-GLH 18:      -0.94413196 in 0.2535 (sec).
 Self  A15-GLH 19:       9.88167745 in 0.2896 (sec).
 Self  A15-GLH 20:      39.64207522 in 0.2867 (sec).
 Self  A15-GLH 21:      -3.82852598 in 0.3162 (sec).
 Self  A15-GLH 22:       5.78779577 in 0.2838 (sec).
 Self  A15-GLH 23:       2.73153489 in 0.2823 (sec).
 Self  A15-GLH 24:      -3.16511912 in 0.2436 (sec).
 Self  A15-GLH 25:      93.92231396 in 0.2682 (sec).
 Self  A15-GLH 26:      17.00780261 in 0.2586 (sec).
 Self  A15-GLH 27:      60.18986264 in 0.2753 (sec).
 Self  A15-GLH 28:      41.88472886 in 0.2934 (sec).
 Self  A15-GLH 29:      12.56278941 in 0.2779 (sec).
 Self  A15-GLH 30:      41.52525553 in 0.2709 (sec).
 Self  A15-GLH 31:      34.52576130 in 0.2538 (sec).
 Self  A15-GLH 32:      14.05204270 in 0.2825 (sec).
 Self  A15-GLH 33:     103.96847914 in 0.2645 (sec).
 Self  A15-GLU 34:      -4.55838148 in 0.3035 (sec).
 Self  A15-GLU 35:       5.81001772 in 0.2863 (sec).
 Self  A15-GLU 36:      41.57273554 in 0.2642 (sec).
 Self  A15-GLU 37:      -7.99742847 in 0.2958 (sec).
 Self  A15-GLU 38:       3.91127767 in 0.2681 (sec).
 Self  A15-GLU 39:      -2.57947837 in 0.2604 (sec).
 Self  A15-GLU 40:      -7.41769219 in 0.2766 (sec).
 Self  A15-GLU 41:      99.77481199 in 0.2842 (sec).
 Self  A19-GLU 0 :     -10.91654615 in 0.2875 (sec).
 Self  A19-GLH 1 :       1.62617877 in 0.2780 (sec).
 Self  A19-GLH 2 :       1.12308243 in 0.2966 (sec).
 Self  A19-GLH 3 :      14.70719914 in 0.2564 (sec).
 Self  A19-GLH 4 :     145.20815173 in 0.2671 (sec).
 Self  A19-GLH 5 :      -2.72479015 in 0.2853 (sec).
 Self  A19-GLH 6 :      -0.68260394 in 0.2721 (sec).
 Self  A19-GLH 7 :      -0.18977623 in 0.3012 (sec).
 Self  A19-GLH 8 :      -4.72129390 in 0.2627 (sec).
 Self  A19-GLH 9 :      -2.97022513 in 0.2916 (sec).
 Self  A19-GLH 10:       4.50480649 in 0.3012 (sec).
 Self  A19-GLH 11:      40.08888388 in 0.2909 (sec).
 Self  A19-GLH 12:      10.59761747 in 0.2772 (sec).
 Self  A19-GLH 13:       0.16675714 in 0.2663 (sec).
 Self  A19-GLH 14:       9.70386856 in 0.2599 (sec).
 Self  A19-GLH 15:       4.57784492 in 0.2522 (sec).
 Self  A19-GLH 16:      -1.42310576 in 0.3038 (sec).
 Self  A19-GLH 17:       0.28204037 in 0.2768 (sec).
 Self  A19-GLH 18:       4.97335044 in 0.2480 (sec).
 Self  A19-GLH 19:      18.40516277 in 0.2339 (sec).
 Self  A19-GLH 20:      16.80662003 in 0.3206 (sec).
 Self  A19-GLH 21:       1.42743308 in 0.2564 (sec).
 Self  A19-GLH 22:       4.03785475 in 0.2845 (sec).
 Self  A19-GLH 23:       3.60125781 in 0.2584 (sec).
 Self  A19-GLH 24:      -0.94344983 in 0.2600 (sec).
 Self  A19-GLH 25:       0.15176904 in 0.2627 (sec).
 Self  A19-GLH 26:      22.93146611 in 0.2968 (sec).
 Self  A19-GLH 27:      70.95504618 in 0.2591 (sec).
 Self  A19-GLH 28:      27.97591404 in 0.2884 (sec).
 Self  A19-GLH 29:      17.69685356 in 0.2653 (sec).
 Self  A19-GLH 30:      39.31862629 in 0.2667 (sec).
 Self  A19-GLH 31:      36.95383421 in 0.2848 (sec).
 Self  A19-GLH 32:      16.62398093 in 0.2901 (sec).
 Self  A19-GLH 33:      13.16607400 in 0.2892 (sec).
 Self  A19-GLU 34:       1.14697505 in 0.2815 (sec).
 Self  A19-GLU 35:      13.64570909 in 0.3127 (sec).
 Self  A19-GLU 36:       2.63481619 in 0.3203 (sec).
 Self  A19-GLU 37:      -3.16045445 in 0.3624 (sec).
 Self  A19-GLU 38:      -3.23968607 in 0.3270 (sec).
 Self  A19-GLU 39:      -2.27277297 in 0.3224 (sec).
 Self  A19-GLU 40:      -5.39892709 in 0.3400 (sec).
 Self  A19-GLU 41:      -8.07817869 in 0.3678 (sec).
 Self  A22-ASP 0 :     -13.62549887 in 0.3509 (sec).
 Self  A22-ASH 1 :      -2.99401354 in 0.3198 (sec).
 Self  A22-ASH 2 :      -3.87471369 in 0.3065 (sec).
 Self  A22-ASH 3 :      -2.00001202 in 0.3426 (sec).
 Self  A22-ASH 4 :      59.30351525 in 0.3149 (sec).
 Self  A22-ASH 5 :       3.25674420 in 0.3378 (sec).
 Self  A22-ASH 6 :      18.62766969 in 0.3688 (sec).
 Self  A22-ASH 7 :      22.70719570 in 0.3051 (sec).
 Self  A22-ASH 8 :      19.07891689 in 0.2855 (sec).
 Self  A22-ASH 9 :      78.91068571 in 0.2965 (sec).
 Self  A22-ASH 10:       0.18168458 in 0.2821 (sec).
 Self  A22-ASH 11:     108.17528582 in 0.3335 (sec).
 Self  A22-ASH 12:       1.08573152 in 0.3196 (sec).
 Self  A22-ASH 13:       3.54029540 in 0.3531 (sec).
 Self  A22-ASH 14:      64.33071811 in 0.3284 (sec).
 Self  A22-ASH 15:      11.28903519 in 0.3227 (sec).
 Self  A22-ASH 16:      23.86232776 in 0.3205 (sec).
 Self  A22-ASH 17:      55.67575685 in 0.3459 (sec).
 Self  A22-ASH 18:      55.76912260 in 0.3199 (sec).
 Self  A22-ASH 19:     150.71693270 in 0.3206 (sec).
 Self  A22-ASH 20:       5.61228281 in 0.3418 (sec).
 Self  A22-ASH 21:     137.23555064 in 0.3248 (sec).
 Self  A22-ASP 22:      -9.10907647 in 0.3303 (sec).
 Self  A22-ASP 23:      -6.43746569 in 0.3283 (sec).
 Self  A22-ASP 24:      62.97198095 in 0.3222 (sec).
 Self  A22-ASP 25:      -4.10969583 in 0.3156 (sec).
 Self  A22-ASP 26:      28.55262863 in 0.3458 (sec).
 Self  A27-GLU 0 :      -3.56415580 in 0.3604 (sec).
 Self  A27-GLH 1 :       2.29078345 in 0.3244 (sec).
 Self  A27-GLH 2 :      58.47898257 in 0.3562 (sec).
 Self  A27-GLH 3 :    2867.03457430 in 0.3618 (sec).
 Self  A27-GLH 4 :      22.63850651 in 0.3565 (sec).
 Self  A27-GLH 5 :      -3.15173972 in 0.3475 (sec).
 Self  A27-GLH 6 :      -1.85747838 in 0.3388 (sec).
 Self  A27-GLH 7 :    4069.10231164 in 0.3996 (sec).
 Self  A27-GLH 8 :     154.54535555 in 0.3601 (sec).
 Self  A27-GLH 9 : *     2.1194e+06 in 0.2818 (sec).
 Self  A27-GLH 10:      61.80656071 in 0.3073 (sec).
 Self  A27-GLH 11:    3776.64262215 in 0.3465 (sec).
 Self  A27-GLH 12:      96.53051904 in 0.3353 (sec).
 Self  A27-GLH 13:      -0.14139711 in 0.3086 (sec).
 Self  A27-GLH 14:       7.92148193 in 0.3483 (sec).
 Self  A27-GLH 15:    1528.29379322 in 0.3045 (sec).
 Self  A27-GLH 16:     156.46171788 in 0.3609 (sec).
 Self  A27-GLH 17: *     3.0372e+06 in 0.3853 (sec).
 Self  A27-GLH 18:      75.23461944 in 0.3195 (sec).
 Self  A27-GLH 19:    1559.08020620 in 0.3143 (sec).
 Self  A27-GLH 20:      26.34807127 in 0.3012 (sec).
 Self  A27-GLH 21:       0.56065656 in 0.3519 (sec).
 Self  A27-GLH 22:       2.10410185 in 0.2967 (sec).
 Self  A27-GLH 23:    4071.20429406 in 0.2766 (sec).
 Self  A27-GLH 24:     170.06526995 in 0.2832 (sec).
 Self  A27-GLH 25: *     2.1197e+06 in 0.2505 (sec).
 Self  A27-GLH 26:      80.34496046 in 0.3409 (sec).
 Self  A27-GLH 27:    3813.18759172 in 0.3490 (sec).
 Self  A27-GLH 28:      94.20303504 in 0.3383 (sec).
 Self  A27-GLH 29:      17.69373663 in 0.3241 (sec).
 Self  A27-GLH 30:      37.74465133 in 0.4403 (sec).
 Self  A27-GLH 31:    1228.62527711 in 0.4196 (sec).
 Self  A27-GLH 32:     174.62413793 in 0.4056 (sec).
 Self  A27-GLH 33: *     3.0372e+06 in 0.3242 (sec).
 Self  A27-GLU 34:      68.75035144 in 0.4175 (sec).
 Self  A27-GLU 35:    3573.55543479 in 0.4304 (sec).
 Self  A27-GLU 36:      29.33530959 in 0.3265 (sec).
 Self  A27-GLU 37:      -2.89439657 in 0.3265 (sec).
 Self  A27-GLU 38:      -3.57221043 in 0.3278 (sec).
 Self  A27-GLU 39:    4165.56099666 in 0.3287 (sec).
 Self  A27-GLU 40:     157.54311080 in 0.3232 (sec).
 Self  A27-GLU 41: *     7.3016e+06 in 0.3318 (sec).
 Self  A28-LYS 0 :     -21.39628288 in 0.2751 (sec).
 Self  A28-LYD 1 :      96.13171376 in 0.3069 (sec).
 Self  A28-LYD 2 :    8112.72297520 in 0.2961 (sec).
 Self  A28-LYD 3 :   14919.84067753 in 0.3275 (sec).
 Self  A28-LYD 4 :    4852.35551419 in 0.2865 (sec).
 Self  A28-LYD 5 :    9323.54245531 in 0.2987 (sec).
 Self  A28-LYD 6 :     316.41811405 in 0.3029 (sec).
 Self  A28-LYD 7 :      98.85576969 in 0.3095 (sec).
 Self  A28-LYD 8 :      98.04849733 in 0.3539 (sec).
 Self  A28-LYD 9 :      99.89794215 in 0.3012 (sec).
 Self  A28-LYD 10:      98.60654718 in 0.3095 (sec).
 Self  A28-LYD 11:      97.74610569 in 0.2877 (sec).
 Self  A28-LYD 12:      97.10844553 in 0.3260 (sec).
 Self  A28-LYD 13:      96.12195574 in 0.2736 (sec).
 Self  A28-LYD 14:      98.05934621 in 0.3072 (sec).
 Self  A28-LYD 15:      97.80169951 in 0.2855 (sec).
 Self  A28-LYD 16:     100.18874644 in 0.2911 (sec).
 Self  A28-LYD 17:     193.05542830 in 0.3039 (sec).
 Self  A28-LYD 18:     154.30568659 in 0.3040 (sec).
 Self  A28-LYD 19:     109.44706187 in 0.2856 (sec).
 Self  A28-LYD 20:     115.75468048 in 0.2963 (sec).
 Self  A28-LYD 21:     107.99659369 in 0.2830 (sec).
 Self  A28-LYD 22:     109.89674499 in 0.2728 (sec).
 Self  A28-LYD 23:     273.81942547 in 0.2929 (sec).
 Self  A28-LYD 24:     642.69498971 in 0.2669 (sec).
 Self  A28-LYD 25:     115.88776015 in 0.2998 (sec).
 Self  A28-LYD 26:     114.96307349 in 0.2845 (sec).
 Self  A28-LYD 27:     116.49610100 in 0.2999 (sec).
 Self  A28-LYD 28:     116.82619004 in 0.3177 (sec).
 Self  A28-LYS 29:    7998.57895698 in 0.3100 (sec).
 Self  A28-LYS 30:     -15.58234698 in 0.2989 (sec).
 Self  A28-LYS 31:    4760.12957810 in 0.2923 (sec).
 Self  A28-LYS 32:   10419.10981183 in 0.3091 (sec).
 Self  A28-LYS 33:     200.09441673 in 0.2931 (sec).
 Self  A28-LYS 34:     -17.45738725 in 0.3168 (sec).
 Self  A28-LYS 35:     -19.71426743 in 0.2778 (sec).
 Self  A28-LYS 36:     -17.58332682 in 0.2823 (sec).
 Self  A28-LYS 37:     -16.70272067 in 0.2887 (sec).
 Self  A28-LYS 38:     -19.09767263 in 0.2714 (sec).
 Self  A28-LYS 39:     -19.32585813 in 0.2960 (sec).
 Self  A28-LYS 40:     -21.40811799 in 0.2910 (sec).
 Self  A28-LYS 41:     -19.15649532 in 0.3164 (sec).
 Self  A28-LYS 42:     -19.29543386 in 0.3128 (sec).
 Self  A28-LYS 43:     -16.96196098 in 0.3019 (sec).
 Self  A28-LYS 44:      78.80757802 in 0.3197 (sec).
 Self  A28-LYS 45:      42.16207351 in 0.2944 (sec).
 Self  A28-LYS 46:      -7.27457666 in 0.2701 (sec).
 Self  A28-LYS 47:       3.21316183 in 0.2577 (sec).
 Self  A28-LYS 48:      -8.77697640 in 0.2851 (sec).
 Self  A28-LYS 49:      -6.74733488 in 0.2896 (sec).
 Self  A28-LYS 50:     156.79952412 in 0.2890 (sec).
 Self  A28-LYS 51:     530.65019047 in 0.2881 (sec).
 Self  A28-LYS 52:      -0.49550319 in 0.2556 (sec).
 Self  A28-LYS 53:      -2.89015808 in 0.2736 (sec).
 Self  A28-LYS 54:      -1.17510751 in 0.2670 (sec).
 Self  A28-LYS 55:      -0.84104344 in 0.2967 (sec).
 Self  A31-LYS 0 :     -22.05191334 in 0.2776 (sec).
 Self  A31-LYD 1 :      95.66944618 in 0.2826 (sec).
 Self  A31-LYD 2 :     107.34366977 in 0.3330 (sec).
 Self  A31-LYD 3 :     130.81503076 in 0.3252 (sec).
 Self  A31-LYD 4 :     130.20459069 in 0.3108 (sec).
 Self  A31-LYD 5 :    1182.45197350 in 0.3050 (sec).
 Self  A31-LYD 6 :     107.69719927 in 0.3010 (sec).
 Self  A31-LYD 7 :      98.76772899 in 0.3164 (sec).
 Self  A31-LYD 8 :      98.09121124 in 0.2818 (sec).
 Self  A31-LYD 9 :      99.82654116 in 0.2922 (sec).
 Self  A31-LYD 10:      98.36297401 in 0.2879 (sec).
 Self  A31-LYD 11:      97.15144622 in 0.2517 (sec).
 Self  A31-LYD 12:      96.65255191 in 0.2845 (sec).
 Self  A31-LYD 13:      95.66775840 in 0.3039 (sec).
 Self  A31-LYD 14:      97.66873318 in 0.3191 (sec).
 Self  A31-LYD 15:      96.52584952 in 0.3432 (sec).
 Self  A31-LYD 16:      98.82796254 in 0.3199 (sec).
 Self  A31-LYD 17:     123.81319434 in 0.3897 (sec).
 Self  A31-LYD 18:     140.73476768 in 0.3325 (sec).
 Self  A31-LYD 19:      95.76803604 in 0.2807 (sec).
 Self  A31-LYD 20:      93.67475051 in 0.3026 (sec).
 Self  A31-LYD 21:      93.10921629 in 0.2887 (sec).
 Self  A31-LYD 22:      94.74570306 in 0.3400 (sec).
 Self  A31-LYD 23:      94.66398687 in 0.3516 (sec).
 Self  A31-LYD 24:     127.60814789 in 0.3095 (sec).
 Self  A31-LYD 25:     130.53262681 in 0.3091 (sec).
 Self  A31-LYD 26:     997.85752533 in 0.3264 (sec).
 Self  A31-LYD 27:     145.53889577 in 0.3565 (sec).
 Self  A31-LYD 28:     147.78991836 in 0.3281 (sec).
 Self  A31-LYS 29:      -9.34795148 in 0.3525 (sec).
 Self  A31-LYS 30:     -20.87385837 in 0.3274 (sec).
 Self  A31-LYS 31:      13.18002108 in 0.3081 (sec).
 Self  A31-LYS 32:    1133.83469751 in 0.3406 (sec).
 Self  A31-LYS 33:      -9.53421049 in 0.3360 (sec).
 Self  A31-LYS 34:     -16.89794022 in 0.3445 (sec).
 Self  A31-LYS 35:     -17.00832866 in 0.3469 (sec).
 Self  A31-LYS 36:     -17.42924593 in 0.3429 (sec).
 Self  A31-LYS 37:     -17.51133859 in 0.3381 (sec).
 Self  A31-LYS 38:     -20.23928991 in 0.3545 (sec).
 Self  A31-LYS 39:     -19.82698451 in 0.3537 (sec).
 Self  A31-LYS 40:     -22.05068978 in 0.3784 (sec).
 Self  A31-LYS 41:     -19.67332641 in 0.3308 (sec).
 Self  A31-LYS 42:     -20.89457938 in 0.3217 (sec).
 Self  A31-LYS 43:     -18.61642873 in 0.3691 (sec).
 Self  A31-LYS 44:       7.93739752 in 0.3587 (sec).
 Self  A31-LYS 45:      27.86464271 in 0.3607 (sec).
 Self  A31-LYS 46:     -21.53869928 in 0.3363 (sec).
 Self  A31-LYS 47:     -22.32710655 in 0.3652 (sec).
 Self  A31-LYS 48:     -24.32946735 in 0.3195 (sec).
 Self  A31-LYS 49:     -22.97147736 in 0.3420 (sec).
 Self  A31-LYS 50:     -22.29888774 in 0.3345 (sec).
 Self  A31-LYS 51:      11.26692511 in 0.3243 (sec).
 Self  A31-LYS 52:      13.35993735 in 0.3592 (sec).
 Self  A31-LYS 53:     899.05321966 in 0.3528 (sec).
 Self  A31-LYS 54:      53.85679732 in 0.3575 (sec).
 Self  A31-LYS 55:      53.24136003 in 0.3107 (sec).
 Self  A36-ASP 0 :     -13.68838219 in 0.2958 (sec).
 Self  A36-ASH 1 :      -8.37983782 in 0.3363 (sec).
 Self  A36-ASH 2 :     120.87428516 in 0.3222 (sec).
 Self  A36-ASH 3 :     246.52620843 in 0.3515 (sec).
 Self  A36-ASH 4 :       3.29118426 in 0.3238 (sec).
 Self  A36-ASH 5 :      -9.55436535 in 0.3668 (sec).
 Self  A36-ASH 6 :     -12.86788552 in 0.3661 (sec).
 Self  A36-ASH 7 :     192.84576691 in 0.3620 (sec).
 Self  A36-ASH 8 :     203.56421867 in 0.3716 (sec).
 Self  A36-ASH 9 :       9.96985295 in 0.3303 (sec).
 Self  A36-ASH 10:      -9.93404564 in 0.3082 (sec).
 Self  A36-ASH 11:      -9.95728090 in 0.2861 (sec).
 Self  A36-ASH 12:     106.45814021 in 0.3062 (sec).
 Self  A36-ASH 13:      88.40599777 in 0.3452 (sec).
 Self  A36-ASH 14:       8.56490510 in 0.3054 (sec).
 Self  A36-ASH 15:      -2.92170389 in 0.3208 (sec).
 Self  A36-ASH 16:      -8.18200466 in 0.3016 (sec).
 Self  A36-ASH 17:     143.46696885 in 0.2886 (sec).
 Self  A36-ASH 18:     136.50687638 in 0.2891 (sec).
 Self  A36-ASH 19:      47.80848185 in 0.3087 (sec).
 Self  A36-ASH 20:      -4.43784689 in 0.2957 (sec).
 Self  A36-ASH 21:      11.32345677 in 0.2826 (sec).
 Self  A36-ASP 22:     126.83006741 in 0.2774 (sec).
 Self  A36-ASP 23:      90.17726118 in 0.3031 (sec).
 Self  A36-ASP 24:       5.12166660 in 0.3254 (sec).
 Self  A36-ASP 25:     -12.02628910 in 0.2688 (sec).
 Self  A36-ASP 26:     -11.72100634 in 0.2995 (sec).
 Self  A40-ASP 0 :     -12.65540495 in 0.3110 (sec).
 Self  A40-ASH 1 :      -3.54237931 in 0.2917 (sec).
 Self  A40-ASH 2 :      12.32623614 in 0.3089 (sec).
 Self  A40-ASH 3 :      24.23366880 in 0.2796 (sec).
 Self  A40-ASH 4 :      -8.06870185 in 0.3108 (sec).
 Self  A40-ASH 5 :      -7.83573608 in 0.2858 (sec).
 Self  A40-ASH 6 :      -7.68488352 in 0.3397 (sec).
 Self  A40-ASH 7 :      79.38692939 in 0.2932 (sec).
 Self  A40-ASH 8 :      88.35045622 in 0.3001 (sec).
 Self  A40-ASH 9 :      -5.47168823 in 0.2989 (sec).
 Self  A40-ASH 10:      -8.11159686 in 0.2977 (sec).
 Self  A40-ASH 11:       6.03417456 in 0.2961 (sec).
 Self  A40-ASH 12:      17.65064556 in 0.3195 (sec).
 Self  A40-ASH 13:      30.22490731 in 0.3058 (sec).
 Self  A40-ASH 14:      -2.97963306 in 0.3310 (sec).
 Self  A40-ASH 15:      -1.85661857 in 0.2885 (sec).
 Self  A40-ASH 16:      -2.61968419 in 0.3350 (sec).
 Self  A40-ASH 17:     256.84317177 in 0.3080 (sec).
 Self  A40-ASH 18:     760.54517115 in 0.3023 (sec).
 Self  A40-ASH 19:      16.87043753 in 0.3205 (sec).
 Self  A40-ASH 20:      -2.64919441 in 0.2926 (sec).
 Self  A40-ASH 21:      32.59288662 in 0.2659 (sec).
 Self  A40-ASP 22:      15.81917335 in 0.2877 (sec).
 Self  A40-ASP 23:      30.49149452 in 0.2569 (sec).
 Self  A40-ASP 24:     -11.04452540 in 0.2759 (sec).
 Self  A40-ASP 25:      -9.85675018 in 0.2387 (sec).
 Self  A40-ASP 26:      -3.54686680 in 0.2785 (sec).
 Self  A42-GLU 0 :      -9.12224374 in 0.2750 (sec).
 Self  A42-GLH 1 :      -0.20962247 in 0.2729 (sec).
 Self  A42-GLH 2 :      -2.52100957 in 0.3064 (sec).
 Self  A42-GLH 3 :     395.86281225 in 0.2707 (sec).
 Self  A42-GLH 4 :      -1.68470500 in 0.2824 (sec).
 Self  A42-GLH 5 :      -3.97669391 in 0.2800 (sec).
 Self  A42-GLH 6 :       6.25637797 in 0.2619 (sec).
 Self  A42-GLH 7 :       0.42920013 in 0.2852 (sec).
 Self  A42-GLH 8 :      -6.60222187 in 0.2877 (sec).
 Self  A42-GLH 9 :      -5.24202631 in 0.2935 (sec).
 Self  A42-GLH 10:       0.19205030 in 0.2762 (sec).
 Self  A42-GLH 11:     263.61799878 in 0.2739 (sec).
 Self  A42-GLH 12:       0.75355656 in 0.3171 (sec).
 Self  A42-GLH 13:      -1.06956586 in 0.2569 (sec).
 Self  A42-GLH 14:       9.08109837 in 0.2723 (sec).
 Self  A42-GLH 15:       5.66911509 in 0.2904 (sec).
 Self  A42-GLH 16:      -3.28775749 in 0.2786 (sec).
 Self  A42-GLH 17:      -2.76565069 in 0.2858 (sec).
 Self  A42-GLH 18:       7.00216483 in 0.2824 (sec).
 Self  A42-GLH 19:     228.65193826 in 0.3030 (sec).
 Self  A42-GLH 20:       2.22945020 in 0.3083 (sec).
 Self  A42-GLH 21:      -0.14596138 in 0.2772 (sec).
 Self  A42-GLH 22:       2.07933526 in 0.3026 (sec).
 Self  A42-GLH 23:       4.21902995 in 0.3082 (sec).
 Self  A42-GLH 24:      -2.92149409 in 0.3032 (sec).
 Self  A42-GLH 25:      -0.84982181 in 0.3018 (sec).
 Self  A42-GLH 26:      18.59299639 in 0.3009 (sec).
 Self  A42-GLH 27:     258.82435303 in 0.3185 (sec).
