 Evaluating /Dedicated/schnieders/programs/stack-2021.1.sh
  Loading Modules
   Stack 2021.1
   GCC 9.3.0
   CMake 3.20.0
   Eigen 3.3.9
   Cuda 11.1.1
   Cuda: /usr/share/apps/2021.1/arch/gcc-9.3.0/cuda-11.1.1
   CudaNN 8.0.5.39-11.1
   Swig 4.0.2_gcc-9.3.0
  Loading software from /Dedicated/schnieders/programs/local
   Ant: /Dedicated/schnieders/programs/apache-ant-1.10.11
   FFX: /Dedicated/schnieders/programs/ffx-builds/forcefieldx-2026-01-04
   GDMA: /Dedicated/schnieders/programs/gdma-2.3
   Groovy: /Dedicated/schnieders/programs/groovy-4.0.1
   Java: /Dedicated/schnieders/programs/jdk-25.0.1
   Maven: /Dedicated/schnieders/programs/apache-maven-3.9.5
   VMD: /Dedicated/schnieders/programs/vmd
   NAMD: /Dedicated/schnieders/programs/NAMD_3.0alpha7_Linux-x86_64-multicore-CUDA
   OpenEye: /Dedicated/schnieders/programs/OpenEye
   Tinker: /Dedicated/schnieders/programs/tinker-tools
=== Titration pH 6.45 started: Sun May 17 12:05:32 CDT 2026 ===
  Copy already exists, skipping.
  ManyBody output already exists, skipping.
WARNING: Using incubator modules: jdk.incubator.vector
 _________________________________________________________________________

        FORCE FIELD X - Polyglot Software for Molecular Biophysics 

        Version 1.0.0-6991  April 2026 
        Git Revision  937dfd3f3a84d0dc91f73b0419518078a8c41842 
 
        Please cite the following reference when using Force Field X:

        RA Gogal, AJ Nessler, AC Thiel, HV Bernabe, RA Corrigan Grove,
        LM Cousineau, JM Litman, JM Miller, G Qi, MJ Speranza,
        MR Tollefson, TD Fenn, JJ Michaelson, O Okada, JP Piquemal,
        JW Ponder, J Shen, RJH Smith, W Yang, P Ren and MJ Schnieders,
        2024, Journal of Chemical Physics, 161 (1).

        Copyright (c)  Michael J. Schnieders  2001-2026
        All Rights Reserved

        Force Field X is distributed under the GPL v. 3 license
        with linking exception and is hosted by the Schnieders Lab
        at The University of Iowa.

        User Manual:   https://ffx.biochem.uiowa.edu/manual.html
        Publications:  https://ffx.biochem.uiowa.edu/publications.html
        License:       https://ffx.biochem.uiowa.edu/licenses.html

 _________________________________________________________________________

 Sun May 17 12:05:33 CDT 2026
 Process ID 489889 on argon-itf-bx50-08.hpc.

 Command line arguments:
 [Minimize, -e, 0.1, /Dedicated/schnieders/maemmad/pKa_GNN/ffx_pipeline/data/fixed_pdbs/1GYM/1GYM_pH6.45.pdb_2, --saveInduced, --savePermanentMoments]

 Executing internal command: ffx.algorithms.commands.Minimize

 Initializing 1 topologies...
 Parsing: Internal force field (amoeba-bio-2018-cphmd).
 Parsing: Structure properties from (/Dedicated/schnieders/maemmad/pKa_GNN/ffx_pipeline/data/fixed_pdbs/1GYM/1GYM_input.properties).
 Parsing: JVM system properties (i.e. command line -Dkey=value pairs).

 Attempting to read force field patch from /Dedicated/schnieders/maemmad/pKa_GNN/naphosphate_solute.09Feb21.prm.

 Renumbering Patch: FALSE
 Reading 1GYM_pH6.45.pdb_2

 Assigning atom types for 1 chains.
 Amino acid chain A
 Constructing Force Field AMOEBA-BIO-2018-CPHMD

 SMP threads:                                20
 The system will be treated as aperiodic (max separation =   65.6 A).

 Bonded Terms
  Bonds:                                   4868
  Angles:                                  8778
  Stretch-Bends:                           7811
  Out-of-Plane Bends:                      3051
  Torsions:                               12933
  Pi-Orbital Torsions:                      614
  Torsion-Torsions:                          16

 Non-Bonded Terms

  Van der Waals
   Cut-Off:                                NONE
   Long-Range Correction:                 FALSE

 Electrostatics
   Polarization:                         MUTUAL
    SCF Convergence Criteria:         1.000e-06
    SCF Predictor:                         NONE
    SCF Algorithm:                           CG
    CG Preconditioner Cut-Off:            4.500
    CG Preconditioner Ewald Coeff.:       0.000
    CG Preconditioner Scale:              2.000
    CG Preconditioner Mode:     FLETCHER_REEVES
    Electrostatics Cut-Off:                NONE

  Continuum Solvation
   Radii:                                SOLUTE
   Generalized Kirkwood Cut-Off:           NONE
   GKC:                                  2.4550
   Solvent Dielectric:                  78.3000
   Solute Dielectric:                    1.0000
   Descreen with vdW Radii:                TRUE
   Descreen with Hydrogen Atoms:          FALSE
   Descreen Offset:                      0.0000
   General HCT Scale Factor:             0.7200
   Non-Polar Model:                  GAUSS-DISP
    GaussVol Radii Offset:               0.0000
    GaussVol Radii Scale:                1.0000
   Dispersion Integral Offset:           1.0560 (A)
   Cavitation Solvent Pressure:          0.0334 (Kcal/mol/A^3)
   Cavitation Surface Tension:           0.1030 (Kcal/mol/A^2)
   Cavitation Cross-Over Radius:         9.2515 (A)

  Overall system charge:                 -2.000

 Opened 1GYM_pH6.45.pdb_2 in 1.844 sec.

 System Resources
  Total CPU time:          22.73 (sec)
  System load average:     36.65
  Open file handles:         146 of  81920 allowed
  System memory:           20764 MB free out of  21740 MB
  System swap space:        2053 MB free out of   2053 MB
  JVM memory:               3955 MB free out of   4096 MB

 Minimizing energy of Single Topology  [1GYM_pH6.45.pdb_2] 
 Setting lambda to 0.000.
 Generalized Kirkwood  -4500.32553914      0.735
 Cavitation             2969.55083104      0.542
 Dispersion            -1668.47233397      0.836

 Computed Potential Energy
  Bond Stretching            331.61778449         4868        0.008 ( 0.01330)
  Angle Bending             1955.83754045         8778        0.010 ( 3.30412)
  Stretch-Bend                10.47183356         7811        0.007
  Out-of-Plane Bend          148.89886825         3051        0.002
  Torsional Angle            146.87720225        12933        0.010
  Pi-Orbital Torsion          66.65789694          614        0.000
  Torsion-Torsion            -74.67049552           16        0.000
  Van der Waals            58628.69726718     11523160        0.431
  Atomic Multipoles        -9514.40959772     11523160
  Polarization             -1345.77795109     11523160       12.455
  Solvation                -3199.24704206     11541610
  Total Potential          47154.95330673  (Kcal/mole)       12.925 (sec)

 Limited Memory BFGS Quasi-Newton Optimization: 

 Cycle       Energy      G RMS    Delta E   Delta X    Angle  Evals     Time

     0   47154.9533  4237.5795
     1    3514.4083   392.2395 43640.5450    0.0035     0.00      2   12.386
     2    1708.7604   312.1552  1805.6479    0.0004     2.94      3   14.377
     3   -1196.3851   195.4658  2905.1455    0.0008    11.43      4   14.759
     4   -4263.3989    87.2386  3067.0137    0.0016    17.26      5   13.472
     5   -5761.1654    46.9492  1497.7665    0.0017    15.94      6   15.577
     6   -6944.9679    25.9182  1183.8025    0.0024    12.84      7   13.972
     7   -7898.6526    15.8981   953.6847    0.0035    13.11      8   13.455
     8   -8528.6512    11.2263   629.9986    0.0035    15.26      9   13.467
     9   -8995.1527     8.8854   466.5014    0.0035    16.49     10   13.615
    10   -9362.9577     7.0820   367.8050    0.0035    19.27     11   13.713
    11   -9665.9250     5.7783   302.9673    0.0035    16.05     12   13.265
    12   -9909.9571     4.9720   244.0321    0.0035    17.99     13   13.351
    13  -10115.6789     4.1738   205.7218    0.0035    20.80     14   12.903
    14  -10290.4371     3.5048   174.7582    0.0035    21.93     15   12.990
    15  -10435.1030     3.3260   144.6659    0.0035    23.07     16   12.362
    16  -10567.1479     2.7788   132.0449    0.0035    28.48     17   13.195
    17  -10679.7355     2.5448   112.5876    0.0035    28.15     18   13.007
    18  -10775.6650     2.7284    95.9295    0.0035    29.16     19   12.881
    19  -10865.4054     2.3786    89.7404    0.0035    44.56     20   13.116
    20  -10942.0682     2.7334    76.6628    0.0035    42.98     21   12.985
    21  -11016.1308     2.3100    74.0626    0.0035    54.10     22   13.342
    22  -11080.1080     2.3840    63.9772    0.0035    51.94     23   14.733
    23  -11140.7200     2.0755    60.6120    0.0035    56.68     24   13.085
    24  -11195.4301     2.0214    54.7101    0.0035    54.51     25   13.096
    25  -11246.2220     1.7789    50.7919    0.0035    57.19     26   13.299
    26  -11292.1357     1.8026    45.9137    0.0035    55.31     27   13.302
    27  -11335.4310     1.5848    43.2953    0.0035    59.00     28   13.725
    28  -11375.2258     1.6825    39.7948    0.0035    56.76     29   12.742
    29  -11414.1006     1.4728    38.8748    0.0035    60.20     30   12.647
    30  -11449.8445     1.4733    35.7439    0.0035    58.38     31   12.862
    31  -11484.4835     1.3891    34.6390    0.0035    59.20     32   12.766
    32  -11517.0176     1.2896    32.5342    0.0035    59.95     33   13.091
    33  -11547.6081     1.4594    30.5905    0.0035    58.34     34   12.951
    34  -11577.6706     1.3252    30.0625    0.0035    63.98     35   13.220
    35  -11604.5522     1.6561    26.8816    0.0035    62.58     36   12.653
    36  -11632.0525     1.4869    27.5004    0.0035    69.23     37   12.750
    37  -11658.3136     1.6487    26.2610    0.0035    66.63     38   12.572
    38  -11684.2919     1.4273    25.9783    0.0035    70.30     39   13.037
    39  -11708.9451     1.4507    24.6532    0.0035    67.59     40   14.156
    40  -11732.7567     1.2742    23.8117    0.0035    69.38     41   12.586
    41  -11756.0862     1.3105    23.3295    0.0035    65.76     42   13.227
    42  -11777.4450     1.1592    21.3588    0.0035    69.42     43   12.811
    43  -11798.9231     1.3379    21.4780    0.0035    64.30     44   12.424
    44  -11817.7903     1.2293    18.8672    0.0035    72.23     45   12.756
    45  -11836.6362     1.7406    18.8460    0.0035    65.59     46   13.001
    46  -11853.5274     1.6160    16.8912    0.0035    77.82     47   12.631
    47  -11873.3913     1.8668    19.8639    0.0035    72.06     48   13.134
    48  -11890.4300     1.6680    17.0387    0.0035    78.66     49   12.593
    49  -11909.8792     1.5144    19.4493    0.0035    75.15     50   12.235
    50  -11928.8404     1.2189    18.9612    0.0035    74.32     51   12.816
    51  -11946.4532     1.1207    17.6127    0.0035    71.72     52   12.627
    52  -11964.0014     1.0611    17.5482    0.0035    68.92     53   12.840
    53  -11979.4164     0.8656    15.4150    0.0035    71.35     54   12.570
    54  -11993.2149     1.0421    13.7985    0.0035    67.81     55   12.754
    55  -12005.9866     0.8375    12.7717    0.0035    74.04     56   13.449
    56  -12017.2819     0.9060    11.2953    0.0035    71.79     57   13.213
    57  -12028.0847     0.7072    10.8028    0.0035    74.08     58   12.878
    58  -12037.6258     0.6988     9.5411    0.0035    71.94     59   12.937
    59  -12046.6232     0.8016     8.9974    0.0035    71.48     60   13.618
    60  -12055.2206     0.6966     8.5974    0.0035    75.72     61   11.723
    61  -12062.8346     0.9259     7.6140    0.0035    73.99     62   11.806
    62  -12071.5798     0.7918     8.7452    0.0035    77.34     63   11.456
    63  -12079.8433     0.7303     8.2635    0.0035    75.52     64   12.605
    64  -12089.5421     0.6879     9.6988    0.0035    71.76     65   11.755
    65  -12099.3456     0.6064     9.8035    0.0035    70.37     66   12.353
    66  -12108.9411     0.7264     9.5955    0.0035    66.75     67   11.872
    67  -12119.0463     0.6680    10.1052    0.0035    70.13     68   12.561
    68  -12127.1798     0.7933     8.1335    0.0035    69.95     69   12.005
    69  -12136.3164     0.6589     9.1366    0.0035    71.66     70   12.612
    70  -12142.3186     1.0169     6.0022    0.0035    69.22     71   12.196
    71  -12149.4946     0.5738     7.1760    0.0029    74.08     72   11.810
    72  -12154.4812     0.5785     4.9866    0.0020    63.97     73   13.060
    73  -12160.1155     0.5890     5.6343    0.0028    64.80     74   13.084
    74  -12164.8319     0.5909     4.7165    0.0016    56.59     75   11.554
    75  -12170.3399     0.6518     5.5079    0.0023    67.50     76   10.212
    76  -12176.4395     0.6805     6.0997    0.0035    75.64     77   11.651
    77  -12181.3564     0.7567     4.9169    0.0035    79.14     78   12.190
    78  -12186.2899     0.6400     4.9335    0.0035    80.97     79   12.191
    79  -12191.0346     0.6910     4.7446    0.0035    79.58     80   11.530
    80  -12196.0375     0.5343     5.0030    0.0035    80.00     81   11.222
    81  -12200.7311     0.4824     4.6936    0.0035    77.86     82   10.752
    82  -12204.8192     0.6063     4.0880    0.0035    76.82     83   11.740
    83  -12208.9562     0.4902     4.1370    0.0035    80.01     84   11.726
    84  -12212.3819     0.5303     3.4257    0.0035    79.27     85   11.448
    85  -12216.4878     0.5154     4.1058    0.0035    78.41     86   11.261
    86  -12220.4691     0.5570     3.9813    0.0035    78.31     87   10.783
    87  -12225.3905     0.5437     4.9214    0.0035    77.23     88   11.541
    88  -12230.6152     0.6754     5.2247    0.0035    75.34     89   12.201
    89  -12236.4867     0.5830     5.8715    0.0035    77.21     90    9.875
    90  -12241.8829     0.7851     5.3962    0.0035    74.06     91   10.493
    91  -12247.6714     0.5676     5.7886    0.0035    77.29     92   12.068
    92  -12252.4480     0.7680     4.7766    0.0030    67.91     93   12.102
    93  -12257.1703     0.6475     4.7223    0.0018    66.43     94   12.305
    94  -12261.2488     0.5433     4.0785    0.0012    59.80     95   12.562
    95  -12265.3573     0.7970     4.1084    0.0021    60.37     96   13.046
    96  -12269.3470     0.4713     3.9898    0.0026    77.73     97   14.558
    97  -12272.7212     0.5287     3.3741    0.0035    79.43     98   13.118
    98  -12275.9593     0.5810     3.2381    0.0035    81.08     99   12.321
    99  -12279.1405     0.4967     3.1812    0.0035    82.29    100   12.341
   100  -12282.2641     0.4426     3.1236    0.0035    81.14    101   12.209
   101  -12285.3517     0.4101     3.0876    0.0035    80.23    102   12.126
   102  -12288.5337     0.4053     3.1819    0.0035    79.11    103   11.664
   103  -12291.8696     0.4053     3.3360    0.0035    78.43    104   12.002
   104  -12295.0951     0.4146     3.2255    0.0035    78.59    105   11.889
   105  -12298.5806     0.5394     3.4855    0.0035    76.89    106   12.822
   106  -12301.9079     0.4423     3.3273    0.0035    80.44    107   12.271
   107  -12305.6472     0.6298     3.7393    0.0035    74.68    108   12.570
   108  -12309.5646     0.6524     3.9174    0.0035    76.60    109   13.103
   109  -12313.1338     0.5793     3.5692    0.0018    70.17    110   12.326
   110  -12316.4277     0.4376     3.2939    0.0025    75.81    111   12.459
   111  -12318.8997     0.6875     2.4720    0.0018    62.40    112   12.630
   112  -12321.7818     0.3915     2.8821    0.0014    73.66    113   12.470
   113  -12325.0077     0.4182     3.2259    0.0035    76.50    114   12.544
   114  -12327.4689     0.5847     2.4612    0.0035    80.48    115   12.215
   115  -12330.0747     0.4836     2.6058    0.0035    83.31    116   12.685
   116  -12332.9012     0.4572     2.8265    0.0035    81.58    117   12.160
   117  -12335.7990     0.4372     2.8978    0.0035    80.57    118   11.913
   118  -12339.0539     0.4064     3.2549    0.0035    78.93    119   12.008
   119  -12341.8153     0.5113     2.7614    0.0035    78.52    120   12.669
   120  -12344.5587     0.3868     2.7434    0.0035    80.86    121   12.055
   121  -12347.0786     0.6225     2.5199    0.0027    73.84    122   12.255
   122  -12350.0893     0.4718     3.0107    0.0029    78.82    123   11.848
   123  -12352.8522     0.4114     2.7629    0.0012    60.79    124   12.468
   124  -12355.5733     0.6357     2.7212    0.0018    58.98    125   13.098
   125  -12358.4248     0.4465     2.8515    0.0019    75.16    126   13.305
   126  -12361.3341     0.4709     2.9094    0.0030    78.17    127   12.687
   127  -12363.8827     0.5991     2.5486    0.0035    80.56    128   12.553
   128  -12366.2326     0.4089     2.3499    0.0035    83.97    129   12.641
   129  -12368.3868     0.3789     2.1542    0.0035    81.44    130   12.798
   130  -12370.3657     0.3971     1.9789    0.0035    80.72    131   12.546
   131  -12372.3936     0.4334     2.0279    0.0028    78.48    132   12.263
   132  -12374.2175     0.4680     1.8239    0.0021    75.86    133   12.321
   133  -12376.2653     0.3800     2.0479    0.0014    72.67    134   12.370
   134  -12378.9377     0.4498     2.6724    0.0020    68.13    135   12.215
   135  -12380.9396     0.7937     2.0018    0.0030    74.76    136   12.538
   136  -12383.3217     0.4308     2.3821    0.0015    79.10    137   12.497
   137  -12385.4966     0.3970     2.1749    0.0026    78.50    138   12.224
   138  -12387.4484     0.4516     1.9518    0.0031    81.15    139   12.244
   139  -12389.2962     0.5271     1.8478    0.0035    82.25    140   12.888
   140  -12391.4501     0.3487     2.1539    0.0035    83.39    141   12.362
   141  -12393.4613     0.4439     2.0112    0.0031    78.45    142   12.105
   142  -12395.2545     0.5607     1.7932    0.0034    80.07    143   13.237
   143  -12397.0010     0.3908     1.7465    0.0010    73.84    144   12.904
   144  -12399.5180     0.3783     2.5170    0.0018    69.33    145   12.867
   145  -12401.8646     0.6163     2.3467    0.0027    74.64    146   12.501
   146  -12404.0060     0.5982     2.1413    0.0035    82.33    147   12.244
   147  -12405.9817     0.3931     1.9758    0.0012    75.32    148   12.584
   148  -12408.2665     0.3900     2.2848    0.0020    70.09    149   12.376
   149  -12409.5863     0.5591     1.3198    0.0022    79.00    150   11.940
   150  -12411.1053     0.4018     1.5190    0.0019    82.83    151   12.109
   151  -12412.8905     0.3872     1.7852    0.0032    80.55    152   11.905
   152  -12414.1023     0.5133     1.2118    0.0026    79.86    153   11.993
   153  -12415.3711     0.4121     1.2688    0.0006    72.66    154   12.233
   154  -12417.5304     0.3135     2.1593    0.0012    69.82    155   12.464
   155  -12420.2414     0.5397     2.7111    0.0027    69.36    156   12.118
   156  -12422.0159     0.4832     1.7744    0.0034    80.74    157   12.125
   157  -12423.0330     0.3286     1.0172    0.0003    55.04    158   12.408
   158  -12424.4697     0.3579     1.4366    0.0008    58.21    159   12.304
   159  -12426.1131     0.4253     1.6435    0.0017    74.07    160   13.197
   160  -12426.8041     0.8169     0.6910    0.0028    78.76    161   12.570
   161  -12427.9366     0.5124     1.1325    0.0003    69.74    162   12.160
   162  -12429.4741     0.2593     1.5375    0.0010    72.39    163   12.925
   163  -12430.3806     0.3455     0.9065    0.0012    73.86    164   12.526
   164  -12431.6645     0.3652     1.2839    0.0020    79.67    165   12.317
   165  -12432.2483     0.7965     0.5839    0.0031    80.89    166   12.075
   166  -12433.2218     0.5198     0.9734    0.0004    74.15    167   11.885
   167  -12434.5563     0.2365     1.3346    0.0008    70.83    168   12.224
   168  -12435.3076     0.3404     0.7513    0.0009    71.38    169   11.988
   169  -12436.3729     0.3954     1.0653    0.0016    79.75    170   12.255
   170  -12437.6438     0.6509     1.2709    0.0024    81.20    171   12.340
   171  -12439.3462     0.3898     1.7024    0.0027    84.25    172   12.673
   172  -12440.5785     0.2582     1.2323    0.0018    80.10    173   12.694
   173  -12441.5789     0.3987     1.0004    0.0019    74.57    174   12.326
   174  -12442.3851     0.3512     0.8063    0.0010    77.45    175   12.224
   175  -12443.2441     0.2868     0.8589    0.0010    77.28    176   13.063
   176  -12444.3114     0.3666     1.0673    0.0017    75.58    177   13.313
   177  -12445.3771     0.3990     1.0657    0.0027    81.60    178   13.475
   178  -12446.2200     0.2968     0.8429    0.0010    79.06    179   12.216
   179  -12447.3660     0.2293     1.1460    0.0018    77.37    180   12.249
   180  -12448.2348     0.3664     0.8687    0.0023    78.60    181   12.134
   181  -12449.0815     0.3103     0.8467    0.0021    83.18    182   12.421
   182  -12449.9799     0.2592     0.8984    0.0019    81.19    183   12.600
   183  -12450.8431     0.2911     0.8632    0.0018    77.10    184   12.275
   184  -12451.6766     0.2894     0.8335    0.0012    74.75    185   11.916
   185  -12452.7548     0.2723     1.0781    0.0014    75.89    186   12.282
   186  -12453.7105     0.5291     0.9557    0.0026    77.63    187   12.480
   187  -12454.6704     0.2635     0.9598    0.0016    81.91    188   12.560
   188  -12455.1709     0.2236     0.5006    0.0004    65.65    189   12.086
   189  -12455.9593     0.2229     0.7884    0.0011    73.07    190   12.419
   190  -12456.8056     0.4232     0.8462    0.0024    78.15    191   12.113
   191  -12457.6568     0.2738     0.8512    0.0022    84.44    192   12.404
   192  -12458.4075     0.2449     0.7507    0.0019    82.08    193   13.137
   193  -12459.3387     0.3176     0.9312    0.0028    81.15    194   12.632
   194  -12460.1477     0.3150     0.8090    0.0023    81.95    195   13.465
   195  -12460.8621     0.2494     0.7144    0.0011    78.64    196   12.010
   196  -12461.8041     0.2538     0.9420    0.0014    74.09    197   12.670
   197  -12462.6042     0.4575     0.8002    0.0023    78.91    198   12.326
   198  -12463.5683     0.2849     0.9640    0.0014    81.72    199   12.608
   199  -12464.6493     0.2559     1.0811    0.0023    80.50    200   12.008
   200  -12465.5114     0.3511     0.8621    0.0026    81.73    201   12.173
   201  -12466.4760     0.3381     0.9646    0.0034    84.31    202   12.066
   202  -12467.3540     0.2549     0.8780    0.0018    82.02    203   12.043
   203  -12468.3148     0.2775     0.9608    0.0023    78.65    204   12.177
   204  -12469.0630     0.3358     0.7482    0.0016    79.54    205   12.323
   205  -12470.0710     0.2986     1.0080    0.0020    82.06    206   12.525
   206  -12471.1879     0.4304     1.1168    0.0031    81.21    207   12.514
   207  -12472.2179     0.2923     1.0300    0.0029    84.23    208   12.028
   208  -12472.9601     0.2586     0.7422    0.0008    73.03    209   12.532
   209  -12474.0858     0.2489     1.1257    0.0017    76.35    210   12.585
   210  -12474.8603     0.6042     0.7745    0.0031    78.35    211   12.277
   211  -12475.8757     0.2829     1.0154    0.0011    81.01    212   12.405
   212  -12476.5189     0.2357     0.6432    0.0009    77.19    213   12.854
   213  -12477.3815     0.2774     0.8626    0.0020    79.58    214   11.783
   214  -12478.1584     0.5387     0.7769    0.0024    79.59    215   12.149
   215  -12479.1787     0.2770     1.0203    0.0017    83.85    216   12.997
   216  -12480.0004     0.2010     0.8217    0.0013    76.07    217   13.121
   217  -12480.6086     0.2759     0.6082    0.0010    70.76    218   12.305
   218  -12481.3053     0.3162     0.6967    0.0015    77.88    219   12.260
   219  -12482.0564     0.2366     0.7511    0.0010    77.41    220   12.250
   220  -12482.9273     0.2954     0.8709    0.0016    74.25    221   12.132
   221  -12483.6046     0.3245     0.6773    0.0014    77.48    222   12.277
   222  -12484.1982     0.2545     0.5936    0.0007    77.92    223   12.304
   223  -12485.0547     0.2221     0.8565    0.0014    76.64    224   12.138
   224  -12485.7943     0.3531     0.7396    0.0026    78.57    225   12.596
   225  -12486.3146     0.2694     0.5203    0.0010    80.92    226   12.753
   226  -12486.9059     0.2515     0.5913    0.0010    78.67    227   12.874
   227  -12487.7215     0.2555     0.8156    0.0018    79.48    228   12.875
   228  -12487.8994     0.6312     0.1779    0.0030    81.56    229   12.348
   229  -12488.2216     0.5103     0.3221    0.0000    21.23    230   13.704
   230  -12488.7636     0.3200     0.5421    0.0002    64.25    231   12.530
   231  -12489.4824     0.1872     0.7187    0.0008    73.34    232   12.656
   232  -12489.8549     0.2643     0.3726    0.0009    78.89    233   12.652
   233  -12490.4535     0.3063     0.5986    0.0016    83.10    234   12.694
   234  -12491.1476     0.4250     0.6941    0.0023    83.24    235   12.743
   235  -12492.0554     0.2597     0.9078    0.0026    84.92    236   12.510
   236  -12492.7424     0.2143     0.6870    0.0014    80.30    237   12.055
   237  -12493.5463     0.3346     0.8039    0.0019    76.40    238   12.033
   238  -12494.1587     0.3217     0.6125    0.0013    79.65    239   12.407
   239  -12494.7159     0.2340     0.5571    0.0006    75.16    240   13.512
   240  -12495.4785     0.2201     0.7626    0.0010    70.66    241   13.113
   241  -12496.1535     0.3397     0.6750    0.0019    78.76    242   12.602
   242  -12496.7653     0.2569     0.6118    0.0014    82.35    243   12.009
   243  -12497.4375     0.2246     0.6722    0.0018    80.55    244   12.346
   244  -12497.9703     0.2443     0.5328    0.0014    78.81    245   12.225
   245  -12498.5133     0.2168     0.5430    0.0012    79.76    246   12.358
   246  -12499.1454     0.2598     0.6322    0.0018    78.72    247   12.951
   247  -12499.7092     0.2642     0.5638    0.0017    81.24    248   12.657
   248  -12500.2300     0.2182     0.5207    0.0012    81.38    249   12.607
   249  -12500.9510     0.1990     0.7210    0.0018    79.20    250   12.311
   250  -12501.4966     0.4341     0.5456    0.0027    79.15    251   12.447
   251  -12502.1645     0.2187     0.6679    0.0009    79.37    252   12.582
   252  -12502.6447     0.2028     0.4802    0.0006    71.01    253   12.691
   253  -12503.1782     0.2354     0.5335    0.0012    78.34    254   11.907
   254  -12503.7073     0.4194     0.5291    0.0017    79.28    255   12.698
   255  -12504.4849     0.2574     0.7776    0.0017    84.09    256   12.499
   256  -12505.2733     0.2059     0.7883    0.0021    80.99    257   12.454
   257  -12505.7640     0.3250     0.4907    0.0013    75.53    258   12.158
   258  -12506.3180     0.2075     0.5540    0.0007    75.39    259   12.371
   259  -12506.9227     0.1919     0.6047    0.0008    67.65    260   12.463
   260  -12507.4209     0.2880     0.4982    0.0011    73.23    261   11.964
   261  -12507.9195     0.2225     0.4986    0.0009    78.71    262   12.039
   262  -12508.4545     0.2030     0.5349    0.0011    77.65    263   11.729
   263  -12508.9165     0.3247     0.4620    0.0017    77.70    264   12.822
   264  -12509.3391     0.1826     0.4227    0.0007    77.61    265   12.955
   265  -12509.6450     0.1755     0.3058    0.0005    70.91    266   12.208
   266  -12510.0585     0.2075     0.4135    0.0010    76.19    267   12.163
   267  -12510.3486     0.3688     0.2901    0.0016    80.13    268   11.986
   268  -12510.7748     0.1944     0.4262    0.0005    77.98    269   12.045
   269  -12511.2708     0.1682     0.4960    0.0011    75.88    270   12.826
   270  -12511.5995     0.1826     0.3287    0.0010    79.37    271   11.935
   271  -12511.9294     0.3520     0.3298    0.0014    79.87    272   11.847
   272  -12512.3942     0.1963     0.4649    0.0013    84.08    273   12.302
   273  -12512.7944     0.1579     0.4002    0.0010    78.09    274   12.440
   274  -12513.2091     0.2238     0.4147    0.0010    74.27    275   12.458
   275  -12513.7117     0.2849     0.5026    0.0013    78.91    276   12.316
   276  -12514.2706     0.2212     0.5589    0.0012    80.78    277   12.652
   277  -12514.6951     0.2911     0.4245    0.0015    77.91    278   12.168
   278  -12515.0303     0.1714     0.3352    0.0003    61.05    279   12.134
   279  -12515.2660     0.1656     0.2357    0.0002    60.43    280   12.769
   280  -12515.6368     0.1827     0.3709    0.0007    74.08    281   12.084
   281  -12516.0814     0.2284     0.4446    0.0015    78.89    282   12.949
   282  -12516.4734     0.1871     0.3920    0.0016    83.39    283   12.080
   283  -12516.8390     0.1973     0.3656    0.0015    82.02    284   12.430
   284  -12517.3129     0.1772     0.4739    0.0017    81.26    285   12.255
   285  -12517.7015     0.2386     0.3886    0.0013    77.03    286   11.859
   286  -12518.0674     0.1732     0.3659    0.0007    76.02    287   12.285
   287  -12518.3720     0.1676     0.3046    0.0004    66.92    288   11.818
   288  -12518.7816     0.2128     0.4096    0.0009    73.39    289   12.509
   289  -12519.2681     0.1977     0.4865    0.0016    80.39    290   12.144
   290  -12519.6396     0.1839     0.3715    0.0012    81.18    291   12.438
   291  -12520.0461     0.1881     0.4064    0.0017    80.53    292   11.956
   292  -12520.3348     0.1944     0.2888    0.0006    73.29    293   12.156
   293  -12520.6526     0.1644     0.3177    0.0004    68.19    294   11.888
   294  -12521.0908     0.1964     0.4382    0.0009    72.36    295   12.483
   295  -12521.4844     0.2615     0.3936    0.0018    80.14    296   11.953
   296  -12521.7956     0.1619     0.3112    0.0006    79.31    297   12.592
   297  -12522.0888     0.1513     0.2932    0.0008    77.03    298   11.741
   298  -12522.4079     0.2037     0.3191    0.0011    78.42    299   13.092
   299  -12522.7114     0.2416     0.3034    0.0015    81.74    300   12.601
   300  -12523.0151     0.1551     0.3037    0.0005    78.27    301   12.267
   301  -12523.3981     0.1568     0.3831    0.0009    73.23    302   12.361
   302  -12523.6752     0.2422     0.2771    0.0009    76.12    303   12.947
   303  -12524.0375     0.1607     0.3623    0.0009    81.08    304   12.705
   304  -12524.4002     0.1967     0.3627    0.0012    75.66    305   12.067
   305  -12524.6057     0.2114     0.2055    0.0008    76.93    306   11.857
   306  -12524.7804     0.1486     0.1747    0.0001    51.82    307   12.015
   307  -12525.0649     0.1081     0.2845    0.0004    65.33    308   12.351
   308  -12525.4498     0.1816     0.3849    0.0012    72.03    309   12.664
   309  -12525.6489     0.3365     0.1991    0.0017    80.95    310   12.149
   310  -12525.9420     0.1769     0.2931    0.0004    78.54    311   12.345
   311  -12526.2267     0.1360     0.2847    0.0007    77.26    312   12.248
   312  -12526.4554     0.1531     0.2287    0.0009    79.48    313   11.921
   313  -12526.7957     0.1966     0.3403    0.0012    80.14    314   12.646
   314  -12527.1812     0.1845     0.3854    0.0019    82.71    315   12.289
   315  -12527.5039     0.1530     0.3228    0.0010    79.80    316   12.598
   316  -12527.7875     0.1719     0.2836    0.0007    73.69    317   12.510
   317  -12528.0848     0.2329     0.2973    0.0010    76.39    318   11.963
   318  -12528.3728     0.1483     0.2880    0.0005    76.99    319   12.341
   319  -12528.7303     0.1580     0.3575    0.0011    76.48    320   12.377
   320  -12529.0325     0.2328     0.3022    0.0013    80.75    321   12.538
   321  -12529.4167     0.1872     0.3842    0.0017    84.19    322   12.325
   322  -12529.8296     0.2003     0.4128    0.0019    82.41    323   12.216
   323  -12530.1859     0.2204     0.3563    0.0018    82.18    324   12.129
   324  -12530.4823     0.1658     0.2964    0.0005    75.43    325   12.423
   325  -12530.9018     0.1508     0.4195    0.0010    75.60    326   12.326
   326  -12531.2606     0.3279     0.3588    0.0023    81.03    327   12.111
   327  -12531.6370     0.1904     0.3763    0.0017    85.47    328   12.508
   328  -12531.9085     0.1573     0.2715    0.0008    80.60    329   12.554
   329  -12532.2824     0.1749     0.3740    0.0016    81.21    330   12.465
   330  -12532.5319     0.3768     0.2495    0.0023    82.67    331   12.617
   331  -12532.9125     0.1996     0.3805    0.0007    82.19    332   12.375
   332  -12533.3259     0.1502     0.4135    0.0012    79.40    333   12.700
   333  -12533.6196     0.1722     0.2937    0.0011    80.65    334   13.142
   334  -12534.0666     0.2234     0.4470    0.0013    79.85    335   12.116
   335  -12534.6380     0.1795     0.5714    0.0021    82.58    336   12.319
   336  -12535.0188     0.1868     0.3807    0.0013    79.08    337   12.397
   337  -12535.2782     0.1907     0.2594    0.0006    73.73    338   12.037
   338  -12535.5531     0.1631     0.2749    0.0003    65.66    339   12.106
   339  -12535.9416     0.1605     0.3885    0.0005    63.75    340   12.124
   340  -12536.2461     0.2959     0.3045    0.0012    73.22    341   12.067
   341  -12536.5442     0.1509     0.2982    0.0005    78.69    342   11.754
   342  -12536.7862     0.1391     0.2420    0.0009    80.38    343   12.388
   343  -12537.0387     0.1610     0.2525    0.0012    81.80    344   12.219
   344  -12537.2786     0.2939     0.2399    0.0016    82.25    345   11.925
   345  -12537.6230     0.1730     0.3444    0.0012    84.85    346   12.335
   346  -12537.9449     0.1344     0.3219    0.0012    80.90    347   11.835
   347  -12538.1795     0.1839     0.2346    0.0010    79.15    348   12.680
   348  -12538.4645     0.1789     0.2851    0.0014    82.88    349   12.309
   349  -12538.7394     0.1557     0.2749    0.0011    81.88    350   12.483
   350  -12539.0118     0.1862     0.2724    0.0014    79.83    351   12.784
   351  -12539.2431     0.1465     0.2313    0.0005    77.02    352   13.386
   352  -12539.5690     0.1572     0.3259    0.0010    77.68    353   12.893
   353  -12539.8458     0.3028     0.2768    0.0020    81.86    354   12.101
   354  -12540.1502     0.1502     0.3044    0.0013    84.75    355   12.621
   355  -12540.3403     0.1344     0.1902    0.0005    77.80    356   12.353
   356  -12540.6228     0.1536     0.2824    0.0011    80.03    357   12.656
   357  -12540.8481     0.3006     0.2253    0.0021    82.86    358   12.182
   358  -12541.1343     0.1519     0.2863    0.0010    84.54    359   12.399
   359  -12541.3729     0.1241     0.2386    0.0009    80.85    360   12.275
   360  -12541.6360     0.1575     0.2631    0.0012    80.39    361   12.661
   361  -12541.8886     0.2966     0.2526    0.0017    82.06    362   12.426
   362  -12542.2502     0.1878     0.3616    0.0011    84.44    363   12.220
   363  -12542.6964     0.1470     0.4462    0.0015    80.38    364   11.704
   364  -12542.9776     0.2431     0.2812    0.0012    77.99    365   12.080
   365  -12543.2944     0.1700     0.3168    0.0011    82.97    366   12.180
   366  -12543.6049     0.1490     0.3105    0.0010    79.60    367   12.806
   367  -12543.9039     0.2529     0.2990    0.0016    79.72    368   11.604
   368  -12544.2285     0.1761     0.3246    0.0011    83.31    369   13.494
   369  -12544.5643     0.1773     0.3359    0.0012    81.66    370   12.904
   370  -12545.0090     0.2280     0.4446    0.0022    83.02    371   12.678
   371  -12545.3184     0.3210     0.3095    0.0031    85.04    372   13.001
   372  -12545.6779     0.1696     0.3595    0.0005    77.46    373   12.326
   373  -12546.0801     0.1737     0.4022    0.0012    78.97    374   12.486
   374  -12546.4423     0.2024     0.3622    0.0018    84.15    375   12.182
   375  -12546.8696     0.3407     0.4273    0.0027    84.77    376   12.555
   376  -12547.4728     0.2499     0.6033    0.0035    87.28    377   12.264
   377  -12548.1912     0.2308     0.7184    0.0034    84.60    378   12.275
   378  -12548.7145     0.4515     0.5232    0.0018    76.24    379   11.890
   379  -12549.3753     0.2396     0.6608    0.0009    80.41    380   12.052
   380  -12549.8395     0.1930     0.4642    0.0005    67.00    381   12.221
   381  -12550.4051     0.2309     0.5655    0.0009    71.48    382   12.385
   382  -12550.8365     0.4665     0.4315    0.0024    81.97    383   11.809
   383  -12551.4308     0.2190     0.5942    0.0008    81.05    384   12.814
   384  -12551.8745     0.1791     0.4438    0.0007    73.19    385   11.915
   385  -12552.3220     0.2370     0.4475    0.0011    77.93    386   13.612
   386  -12552.9541     0.2721     0.6321    0.0018    81.54    387   14.508
   387  -12553.1715     0.4609     0.2174    0.0027    83.15    388   14.542
   388  -12553.5329     0.2964     0.3614    0.0002    65.86    389   12.328
   389  -12553.9948     0.1420     0.4619    0.0003    60.63    390   12.966
   390  -12554.2165     0.1809     0.2218    0.0003    66.64    391   12.905
   391  -12554.5810     0.2046     0.3644    0.0008    77.55    392   12.205
   392  -12554.9236     0.3936     0.3426    0.0015    80.59    393   12.029
   393  -12555.3837     0.2014     0.4601    0.0013    84.47    394   12.221
   394  -12555.6557     0.1267     0.2720    0.0008    80.89    395   11.984
   395  -12555.9380     0.1604     0.2823    0.0008    74.70    396   12.546
   396  -12556.2246     0.2255     0.2866    0.0009    77.23    397   12.089
   397  -12556.5475     0.2014     0.3229    0.0011    81.10    398   12.805
   398  -12556.8542     0.1500     0.3067    0.0006    76.98    399   12.150
   399  -12557.2328     0.1741     0.3786    0.0010    72.87    400   12.208
   400  -12557.4838     0.2410     0.2509    0.0011    79.67    401   12.803
   401  -12557.7414     0.1578     0.2576    0.0006    80.91    402   11.681
   402  -12558.0424     0.1384     0.3010    0.0010    77.87    403   12.911
   403  -12558.2743     0.1763     0.2319    0.0009    78.86    404   12.123
   404  -12558.5776     0.1738     0.3033    0.0012    81.45    405   12.609
   405  -12558.9103     0.1818     0.3326    0.0012    78.99    406   12.650
   406  -12559.1859     0.1589     0.2757    0.0008    77.82    407   12.551
   407  -12559.4358     0.1473     0.2498    0.0006    75.65    408   12.195
   408  -12559.7605     0.1730     0.3248    0.0010    76.71    409   12.151
   409  -12560.0415     0.2530     0.2809    0.0016    80.65    410   12.412
   410  -12560.3181     0.1478     0.2766    0.0006    80.25    411   12.270
   411  -12560.5862     0.1334     0.2681    0.0007    75.62    412   11.915
   412  -12560.8584     0.1762     0.2722    0.0012    80.01    413   12.115
   413  -12561.1223     0.2261     0.2639    0.0017    82.92    414   12.382
   414  -12561.4023     0.1393     0.2800    0.0009    82.29    415   12.777
   415  -12561.6781     0.1373     0.2758    0.0009    77.14    416   12.592
   416  -12561.9468     0.2131     0.2687    0.0010    77.64    417   12.351
   417  -12562.3110     0.1573     0.3642    0.0012    81.82    418   12.136
   418  -12562.6672     0.1930     0.3562    0.0013    77.88    419   12.446
   419  -12562.9423     0.1858     0.2752    0.0010    78.56    420   13.096
   420  -12563.1697     0.1485     0.2274    0.0002    62.95    421   12.377
   421  -12563.5104     0.1226     0.3407    0.0006    68.12    422   12.444
   422  -12563.8022     0.2839     0.2917    0.0015    75.22    423   12.207
   423  -12564.0477     0.1628     0.2455    0.0008    82.28    424   12.790
   424  -12564.2081     0.1335     0.1604    0.0004    76.66    425   12.494
   425  -12564.4521     0.1264     0.2439    0.0008    77.55    426   12.650
   426  -12564.6821     0.2679     0.2301    0.0014    79.04    427   12.076
   427  -12564.9465     0.1528     0.2644    0.0011    84.41    428   12.053
   428  -12565.1588     0.1211     0.2123    0.0006    77.02    429   11.864
   429  -12565.4188     0.1577     0.2600    0.0008    73.41    430   12.228
   430  -12565.5723     0.2863     0.1536    0.0010    78.16    431   11.680
   431  -12565.8072     0.1498     0.2348    0.0002    66.29    432   12.210
   432  -12566.0605     0.1200     0.2534    0.0005    67.87    433   11.937
   433  -12566.2247     0.1330     0.1642    0.0005    75.82    434   12.078
   434  -12566.4636     0.1832     0.2388    0.0007    76.10    435   12.554
   435  -12566.7769     0.1285     0.3134    0.0011    80.75    436   12.802
   436  -12566.9868     0.1730     0.2099    0.0009    77.17    437   12.083
   437  -12567.1821     0.1287     0.1953    0.0006    78.09    438   12.327
   438  -12567.3600     0.1223     0.1779    0.0003    63.29    439   12.478
   439  -12567.5732     0.1593     0.2132    0.0005    65.59    440   12.422
   440  -12567.7674     0.1690     0.1942    0.0009    77.86    441   12.689
   441  -12567.9078     0.1143     0.1405    0.0003    73.22    442   12.626
   442  -12568.0916     0.1020     0.1838    0.0007    75.43    443   12.380
   443  -12568.2431     0.1439     0.1515    0.0007    77.82    444   12.318
   444  -12568.4393     0.1240     0.1962    0.0010    81.23    445   12.276
   445  -12568.6249     0.1312     0.1856    0.0008    77.06    446   11.988
   446  -12568.7809     0.1258     0.1560    0.0005    74.92    447   12.229
   447  -12568.9277     0.1072     0.1468    0.0003    68.09    448   11.901
   448  -12569.1156     0.1115     0.1879    0.0005    69.06    449   12.348
   449  -12569.2367     0.2192     0.1210    0.0009    75.88    450   12.323
   450  -12569.3918     0.1062     0.1551    0.0004    78.53    451   11.547
   451  -12569.4995     0.0995     0.1077    0.0004    75.46    452   12.167

 Optimization achieved convergence criteria:  0.09955
 Generalized Kirkwood  -4694.64781030      0.612
 Cavitation             3065.22121439      0.397
 Dispersion            -1939.94496906      0.833

 Computed Potential Energy
  Bond Stretching            447.60251314         4868        0.000 ( 0.01650)
  Angle Bending             1106.50043096         8778        0.000 ( 2.85334)
  Stretch-Bend                 4.80789532         7811        0.000
  Out-of-Plane Bend           36.59997579         3051        0.000
  Torsional Angle             65.54815562        12933        0.001
  Pi-Orbital Torsion          34.40744171          614        0.000
  Torsion-Torsion            -79.55332368           16        0.000
  Van der Waals              628.67582350     11523160        0.059
  Atomic Multipoles        -9831.70666458     11523160
  Polarization             -1413.01020438     11523160        8.326
  Solvation                -3569.37156496     11541610
  Total Potential         -12569.49952157  (Kcal/mole)        8.387 (sec)
 Setting atom names to PDB standard.
 Saving 1GYM_pH6.45.pdb_3
 Wrote induced dipoles to: /Dedicated/schnieders/maemmad/pKa_GNN/ffx_pipeline/data/fixed_pdbs/1GYM/1GYM_pH6.45.uind
 Wrote permanent multipoles to: /Dedicated/schnieders/maemmad/pKa_GNN/ffx_pipeline/data/fixed_pdbs/1GYM/1GYM_pH6.45.uperm

 Script wall clock time: 5656.384 (sec)
=== Titration pH 6.45 done: Sun May 17 13:39:50 CDT 2026 ===
