 Evaluating /Dedicated/schnieders/programs/stack-2021.1.sh
  Loading Modules
   Stack 2021.1
   GCC 9.3.0
   CMake 3.20.0
   Eigen 3.3.9
   Cuda 11.1.1
   Cuda: /usr/share/apps/2021.1/arch/gcc-9.3.0/cuda-11.1.1
   CudaNN 8.0.5.39-11.1
   Swig 4.0.2_gcc-9.3.0
  Loading software from /Dedicated/schnieders/programs/local
   Ant: /Dedicated/schnieders/programs/apache-ant-1.10.11
   FFX: /Dedicated/schnieders/programs/ffx-builds/forcefieldx-2026-01-04
   GDMA: /Dedicated/schnieders/programs/gdma-2.3
   Groovy: /Dedicated/schnieders/programs/groovy-4.0.1
   Java: /Dedicated/schnieders/programs/jdk-25.0.1
   Maven: /Dedicated/schnieders/programs/apache-maven-3.9.5
   VMD: /Dedicated/schnieders/programs/vmd
   NAMD: /Dedicated/schnieders/programs/NAMD_3.0alpha7_Linux-x86_64-multicore-CUDA
   OpenEye: /Dedicated/schnieders/programs/OpenEye
   Tinker: /Dedicated/schnieders/programs/tinker-tools
=== Titration pH 6.45 started: Mon Apr 27 21:02:36 CDT 2026 ===
WARNING: Using incubator modules: jdk.incubator.vector
WARNING: Using incubator modules: jdk.incubator.vector
 _________________________________________________________________________

        FORCE FIELD X - Polyglot Software for Molecular Biophysics 

        Version 1.0.0-6947  April 2026 
        Git Revision  519408079905b3dd4b967041b75b836f63fb563f 
 
        Please cite the following reference when using Force Field X:

        RA Gogal, AJ Nessler, AC Thiel, HV Bernabe, RA Corrigan Grove,
        LM Cousineau, JM Litman, JM Miller, G Qi, MJ Speranza,
        MR Tollefson, TD Fenn, JJ Michaelson, O Okada, JP Piquemal,
        JW Ponder, J Shen, RJH Smith, W Yang, P Ren and MJ Schnieders,
        2024, Journal of Chemical Physics, 161 (1).

        Copyright (c)  Michael J. Schnieders  2001-2025
        All Rights Reserved

        Force Field X is distributed under the GPL v. 3 license
        with linking exception and is hosted by the Schnieders Lab
        at The University of Iowa.

        User Manual:   https://ffx.biochem.uiowa.edu/manual.html
        Publications:  https://ffx.biochem.uiowa.edu/publications.html
        License:       https://ffx.biochem.uiowa.edu/licenses.html

 _________________________________________________________________________

 Mon Apr 27 21:03:08 CDT 2026
 Process ID 11860 on argon-itf-bx54-08.hpc.

 Command line arguments:
 [ManyBody, --tR, --pH, 6.45, --oT, -T, --kPH, 3.0, /Dedicated/schnieders/maemmad/pKa_GNN/ffx_pipeline/data/fixed_pdbs/2CI2/2CI2_pH6.45.pdb]

 Executing internal command: ffx.algorithms.commands.ManyBody

 Parsing: Internal force field (amoeba-bio-2018-cphmd).
 Parsing: Structure properties from (/Dedicated/schnieders/maemmad/pKa_GNN/ffx_pipeline/data/fixed_pdbs/2CI2/titrate.properties).
 Parsing: JVM system properties (i.e. command line -Dkey=value pairs).

 Attempting to read force field patch from /Dedicated/schnieders/maemmad/pKa_GNN/naphosphate_solute.09Feb21.prm.

 Renumbering Patch: FALSE
 Reading 2CI2_pH6.45.pdb

 Assigning atom types for 1 chains.
 Amino acid chain A
 Constructing Force Field AMOEBA-BIO-2018-CPHMD

 SMP threads:                                20
 The system will be treated as aperiodic (max separation =  116.1 A).

 Bonded Terms
  Bonds:                                   1340
  Angles:                                  2454
  Stretch-Bends:                           2130
  Out-of-Plane Bends:                       705
  Torsions:                                3587
  Pi-Orbital Torsions:                      114
  Torsion-Torsions:                           5

 Non-Bonded Terms

  Van der Waals
   Cut-Off:                                NONE
   Long-Range Correction:                 FALSE

 Electrostatics
   Polarization:                         MUTUAL
    SCF Convergence Criteria:         1.000e-06
    SCF Predictor:                         NONE
    SCF Algorithm:                           CG
    CG Preconditioner Cut-Off:            4.500
    CG Preconditioner Ewald Coeff.:       0.000
    CG Preconditioner Scale:              2.000
    CG Preconditioner Mode:     FLETCHER_REEVES
    Electrostatics Cut-Off:                NONE

  Continuum Solvation
   Radii:                                SOLUTE
   Generalized Kirkwood Cut-Off:           NONE
   GKC:                                  2.4550
   Solvent Dielectric:                  78.3000
   Solute Dielectric:                    2.0000
   Descreen with vdW Radii:                TRUE
   Descreen with Hydrogen Atoms:          FALSE
   Descreen Offset:                      0.0000
   General HCT Scale Factor:             0.7200
   Non-Polar Model:                  GAUSS-DISP
    GaussVol Radii Offset:               0.0000
    GaussVol Radii Scale:                1.0000
   Dispersion Integral Offset:           1.0560 (A)
   Cavitation Solvent Pressure:          0.0334 (Kcal/mol/A^3)
   Cavitation Surface Tension:           0.1030 (Kcal/mol/A^2)
   Cavitation Cross-Over Radius:         9.2515 (A)

  Overall system charge:                  0.000

 Opened 2CI2_pH6.45.pdb in 0.931 sec.

 System Resources
  Total CPU time:          19.85 (sec)
  System load average:     48.71
  Open file handles:         146 of  81920 allowed
  System memory:           43910 MB free out of  44520 MB
  System swap space:        2053 MB free out of   2053 MB
  JVM memory:               4045 MB free out of   4096 MB

 Adding titration hydrogen to : /Dedicated/schnieders/maemmad/pKa_GNN/ffx_pipeline/data/fixed_pdbs/2CI2/2CI2_pH6.45.pdb

 Reading 2CI2_pH6.45.pdb

 Assigning atom types for 1 chains.
 Amino acid chain A
 Renumbering PDB file due to built atoms (1345 vs 1331)
 Total number of atoms: 1345

 Constructing Force Field AMOEBA-BIO-2018-CPHMD

 SMP threads:                                20
 The system will be treated as aperiodic (max separation =  116.1 A).

 Bonded Terms
  Bonds:                                   1354
  Angles:                                  2468
  Stretch-Bends:                           2130
  Out-of-Plane Bends:                       705
  Torsions:                                3615
  Pi-Orbital Torsions:                      114
  Torsion-Torsions:                           5

 Non-Bonded Terms

  Van der Waals
   Cut-Off:                                NONE
   Long-Range Correction:                 FALSE

 Electrostatics
   Polarization:                         MUTUAL
    SCF Convergence Criteria:         1.000e-06
    SCF Predictor:                         NONE
    SCF Algorithm:                           CG
    CG Preconditioner Cut-Off:            4.500
    CG Preconditioner Ewald Coeff.:       0.000
    CG Preconditioner Scale:              2.000
    CG Preconditioner Mode:     FLETCHER_REEVES
    Electrostatics Cut-Off:                NONE

  Continuum Solvation
   Radii:                                SOLUTE
   Generalized Kirkwood Cut-Off:           NONE
   GKC:                                  2.4550
   Solvent Dielectric:                  78.3000
   Solute Dielectric:                    2.0000
   Descreen with vdW Radii:                TRUE
   Descreen with Hydrogen Atoms:          FALSE
   Descreen Offset:                      0.0000
   General HCT Scale Factor:             0.7200
   Non-Polar Model:                  GAUSS-DISP
    GaussVol Radii Offset:               0.0000
    GaussVol Radii Scale:                1.0000
   Dispersion Integral Offset:           1.0560 (A)
   Cavitation Solvent Pressure:          0.0334 (Kcal/mol/A^3)
   Cavitation Surface Tension:           0.1030 (Kcal/mol/A^2)
   Cavitation Cross-Over Radius:         9.2515 (A)

  Overall system charge:                 14.000
 Temperature: 298.150000

 Energy restart file: 2CI2_pH6.45.restart

 Initial Potential Energy:
 Generalized Kirkwood  -1303.62431200      0.073
 Cavitation              907.75213587      0.046
 Dispersion             -717.57060358      0.117

 Computed Potential Energy
  Bond Stretching            354.70438735         1354        0.001 ( 0.02761)
  Angle Bending              488.83764962         2468        0.003 ( 3.62372)
  Stretch-Bend                 9.86424917         2130        0.002
  Out-of-Plane Bend           17.97912027          705        0.001
  Torsional Angle            179.46102431         3615        0.005
  Pi-Orbital Torsion          33.64277926          114        0.000
  Torsion-Torsion            -25.62871599            5        0.000
  Van der Waals              357.06880012       900018        0.386
  Atomic Multipoles         -253.44645274       900018
  Polarization               -79.73319956       900018        0.863
  Solvation                -1113.44277971       905185
  Total Potential            -30.69313790  (Kcal/mole)        1.261 (sec)

 Initial Rotamer Torsion Angles:

 Residue    Current Torsional Angles
 A    4-GLH  -51.381   78.197   30.549    0.000
 A    5-LYS   61.999 -179.997  180.000 -179.991
 A    6-LYS  -38.082  117.844  162.713  -82.059
 A    8-GLH  -65.012  -64.967  -40.067    0.000
 A   16-ASH   49.378    7.655    0.000    0.000
 A   18-HIS   61.995  -74.990    0.000    0.000
 A   21-LYS   62.004 -179.987 -180.000  179.983
 A   23-GLH  -66.993 -179.994  -10.047    0.000
 A   26-GLH   79.064  -63.522  -15.901    0.000
 A   30-LYS  -56.065 -172.145  164.756   62.897
 A   33-GLH  -65.012  -65.012  -40.004    0.000
 A   34-GLH  -60.849  175.099   74.404    0.000
 A   36-LYS  -66.984  179.997  -68.043  179.989
 A   37-LYS -177.018  179.970  180.000 -179.968
 A   42-ASH  -71.141   20.044    0.000    0.000
 A   43-LYS -171.218  177.167  164.891   52.701
 A   45-GLH   92.948  -45.794  152.277    0.000
 A   60-GLH   50.288  131.147   74.396    0.000
 A   64-ASH   47.863   -9.036    0.000    0.000
 A   71-ASH   59.662   18.747    0.000    0.000
 A   72-LYS  -60.788  164.375   76.932  178.121
 A   74-ASH  -40.857  -28.690    0.000    0.000
 A   78-GLH   56.471  175.847   -1.103    0.000

 Rotamer Library:     Richardson
 Algorithm:           ALL
 Goldstein Criteria:  true
 Three-Body Energies: true


 Computing Residue Distance Matrix
 Built residue neighbor list:              0.007 sec
 Pairwise distance matrix:               120.517 sec

 Beginning Energy    -748.20896285

     Residue  Nrot
   1   A4-GLH   42
   2   A5-LYS   56
   3   A6-LYS   56
   4   A8-GLH   42
   5  A16-ASH   27
   6  A18-HIS   27
   7  A21-LYS   56
   8  A23-GLH   42
   9  A26-GLH   42
  10  A30-LYS   56
  11  A33-GLH   42
  12  A34-GLH   42
  13  A36-LYS   56
  14  A37-LYS   56
  15  A42-ASH   27
  16  A43-LYS   56
  17  A45-GLH   42
  18  A60-GLH   42
  19  A64-ASH   27
  20  A71-ASH   27
  21  A72-LYS   56
  22  A74-ASH   27
  23  A78-GLH   42

 Number of self energies: 988
 Backbone energy:       87.83894105

 Self   A4-GLU 0 :      -9.67820242 in 0.9932 (sec).
 Self   A4-GLH 1 :      18.91163430 in 0.9345 (sec).
 Self   A4-GLH 2 :       9.52024502 in 1.0388 (sec).
 Self   A4-GLH 3 :      15.64615992 in 0.8837 (sec).
 Self   A4-GLH 4 :    1105.66182180 in 0.9054 (sec).
 Self   A4-GLH 5 :    1390.07756824 in 0.8781 (sec).
 Self   A4-GLH 6 :   42904.44548940 in 0.8113 (sec).
 Self   A4-GLH 7 :      19.65679721 in 0.9398 (sec).
 Self   A4-GLH 8 :      12.03277210 in 0.8654 (sec).
 Self   A4-GLH 9 :      13.80551171 in 1.0040 (sec).
 Self   A4-GLH 10:      12.88387296 in 0.9239 (sec).
 Self   A4-GLH 11:      34.08658380 in 0.9041 (sec).
 Self   A4-GLH 12:    1105.48308474 in 0.9143 (sec).
 Self   A4-GLH 13:    1392.82963647 in 0.8857 (sec).
 Self   A4-GLH 14:   44738.59429243 in 0.8948 (sec).
 Self   A4-GLH 15:      22.10419825 in 0.8502 (sec).
 Self   A4-GLH 16:      15.32428528 in 0.8287 (sec).
 Self   A4-GLH 17:      16.52110273 in 0.8304 (sec).
 Self   A4-GLH 18:      13.38962944 in 0.8321 (sec).
 Self   A4-GLH 19:      19.34927547 in 0.8429 (sec).
 Self   A4-GLH 20:    1112.22862244 in 0.8686 (sec).
 Self   A4-GLH 21:    1394.24264615 in 0.8723 (sec).
 Self   A4-GLH 22:   42759.81529027 in 0.8082 (sec).
 Self   A4-GLH 23:      22.19877965 in 0.8354 (sec).
 Self   A4-GLH 24:      15.71354232 in 0.8613 (sec).
 Self   A4-GLH 25:      18.01620222 in 0.8263 (sec).
 Self   A4-GLH 26:      31.26213391 in 0.8907 (sec).
 Self   A4-GLH 27:      65.67133382 in 0.8269 (sec).
 Self   A4-GLH 28:    1123.38871000 in 0.8538 (sec).
 Self   A4-GLH 29:    1410.29035013 in 0.9010 (sec).
 Self   A4-GLH 30:   44747.17712358 in 0.8268 (sec).
 Self   A4-GLH 31:      52.27062586 in 0.8512 (sec).
 Self   A4-GLH 32:      33.22536824 in 0.8126 (sec).
 Self   A4-GLH 33:      31.23126687 in 0.9494 (sec).
 Self   A4-GLU 34:      -8.02449821 in 0.8848 (sec).
 Self   A4-GLU 35:      -3.02667537 in 0.8641 (sec).
 Self   A4-GLU 36:    1085.96518246 in 1.0003 (sec).
 Self   A4-GLU 37:    1364.50229277 in 0.9085 (sec).
 Self   A4-GLU 38:   44539.76946804 in 0.8394 (sec).
 Self   A4-GLU 39:      -1.13113740 in 0.8254 (sec).
 Self   A4-GLU 40:      -5.90052929 in 0.8663 (sec).
 Self   A4-GLU 41:      -5.72843754 in 0.9770 (sec).
 Self   A5-LYS 0 :     -21.66743066 in 0.8180 (sec).
 Self   A5-LYD 1 :      31.35891824 in 0.8713 (sec).
 Self   A5-LYD 2 :      32.96424341 in 0.8294 (sec).
 Self   A5-LYD 3 :      32.28500539 in 0.8170 (sec).
 Self   A5-LYD 4 :      31.35103185 in 0.7137 (sec).
 Self   A5-LYD 5 :      33.26143295 in 0.8172 (sec).
 Self   A5-LYD 6 :      32.68962379 in 0.7416 (sec).
 Self   A5-LYD 7 :      40.04243405 in 0.8472 (sec).
 Self   A5-LYD 8 :      38.93926792 in 0.7912 (sec).
 Self   A5-LYD 9 :      41.01958534 in 0.8294 (sec).
 Self   A5-LYD 10:      42.15276037 in 0.7623 (sec).
 Self   A5-LYD 11:      41.77135132 in 0.7769 (sec).
 Self   A5-LYD 12:      39.13209021 in 0.8338 (sec).
 Self   A5-LYD 13:      39.06383076 in 0.7961 (sec).
 Self   A5-LYD 14:      40.16338722 in 0.8038 (sec).
 Self   A5-LYD 15:      41.86219819 in 0.8260 (sec).
 Self   A5-LYD 16:      43.72802904 in 0.7756 (sec).
 Self   A5-LYD 17:      51.35194899 in 0.8222 (sec).
 Self   A5-LYD 18:      76.62812834 in 0.8620 (sec).
 Self   A5-LYD 19:      32.58674023 in 0.8015 (sec).
 Self   A5-LYD 20:      32.18268841 in 0.7785 (sec).
 Self   A5-LYD 21:      31.39901959 in 0.8090 (sec).
 Self   A5-LYD 22:      33.01513170 in 0.8170 (sec).
 Self   A5-LYD 23:      33.09757634 in 0.8356 (sec).
 Self   A5-LYD 24:      35.52502247 in 0.8119 (sec).
 Self   A5-LYD 25:      32.71165643 in 0.7883 (sec).
 Self   A5-LYD 26:      30.91678824 in 0.8166 (sec).
 Self   A5-LYD 27:      32.96148395 in 0.8728 (sec).
 Self   A5-LYD 28:      33.38260973 in 0.8401 (sec).
 Self   A5-LYS 29:     -19.77913739 in 0.8002 (sec).
 Self   A5-LYS 30:     -17.15344782 in 0.7871 (sec).
 Self   A5-LYS 31:     -21.66842408 in 0.7589 (sec).
 Self   A5-LYS 32:     -19.48560368 in 0.7922 (sec).
 Self   A5-LYS 33:     -20.02958530 in 0.7842 (sec).
 Self   A5-LYS 34:     -11.44755271 in 0.8087 (sec).
 Self   A5-LYS 35:     -13.65813516 in 0.7847 (sec).
 Self   A5-LYS 36:     -11.34810502 in 0.7539 (sec).
 Self   A5-LYS 37:      -7.49525646 in 0.7836 (sec).
 Self   A5-LYS 38:     -11.22525699 in 0.7690 (sec).
 Self   A5-LYS 39:     -13.04105299 in 0.8066 (sec).
 Self   A5-LYS 40:     -14.29576082 in 0.8771 (sec).
 Self   A5-LYS 41:     -12.78161140 in 0.7568 (sec).
 Self   A5-LYS 42:     -11.24406908 in 0.7765 (sec).
 Self   A5-LYS 43:      -9.30191331 in 0.7599 (sec).
 Self   A5-LYS 44:       1.27818770 in 0.7922 (sec).
 Self   A5-LYS 45:      28.46205437 in 0.8463 (sec).
 Self   A5-LYS 46:     -20.00782627 in 0.8149 (sec).
 Self   A5-LYS 47:     -19.02169314 in 0.7894 (sec).
 Self   A5-LYS 48:     -21.34697188 in 0.8383 (sec).
 Self   A5-LYS 49:     -19.50996224 in 0.7677 (sec).
 Self   A5-LYS 50:     -19.45693064 in 0.7958 (sec).
 Self   A5-LYS 51:     -16.78753406 in 0.6646 (sec).
 Self   A5-LYS 52:     -19.06317276 in 0.7972 (sec).
 Self   A5-LYS 53:     -21.99675275 in 0.7808 (sec).
 Self   A5-LYS 54:     -19.24221395 in 0.8231 (sec).
 Self   A5-LYS 55:     -19.38745421 in 0.8757 (sec).
 Self   A6-LYS 0 :     -15.67777676 in 0.7997 (sec).
 Self   A6-LYD 1 :      37.48321484 in 0.7497 (sec).
 Self   A6-LYD 2 :      39.44596492 in 0.7471 (sec).
 Self   A6-LYD 3 :      38.84748405 in 0.7631 (sec).
 Self   A6-LYD 4 :      37.85423065 in 0.8257 (sec).
 Self   A6-LYD 5 :      39.73859790 in 0.8047 (sec).
 Self   A6-LYD 6 :      39.60430707 in 0.7503 (sec).
 Self   A6-LYD 7 :   30569.59666294 in 0.7567 (sec).
 Self   A6-LYD 8 :   21047.36690494 in 0.7710 (sec).
 Self   A6-LYD 9 :   21033.48266339 in 0.7151 (sec).
 Self   A6-LYD 10:   18892.27524012 in 0.7667 (sec).
 Self   A6-LYD 11:   18888.60890975 in 0.8190 (sec).
 Self   A6-LYD 12:   18889.05270035 in 0.7888 (sec).
 Self   A6-LYD 13:   18887.92814838 in 0.7903 (sec).
 Self   A6-LYD 14:   18907.32763878 in 0.7893 (sec).
 Self   A6-LYD 15:   18888.59330014 in 0.7931 (sec).
 Self   A6-LYD 16:   18890.99220063 in 0.7419 (sec).
 Self   A6-LYD 17:      59.06613177 in 0.7738 (sec).
 Self   A6-LYD 18:      96.22360699 in 0.8352 (sec).
 Self   A6-LYD 19:      43.83438777 in 0.7855 (sec).
 Self   A6-LYD 20:      43.28569060 in 0.8412 (sec).
 Self   A6-LYD 21:      42.29638868 in 0.8388 (sec).
 Self   A6-LYD 22:      44.17650530 in 0.8510 (sec).
 Self   A6-LYD 23:      43.89026642 in 0.8589 (sec).
 Self   A6-LYD 24:      46.20001972 in 0.7699 (sec).
 Self   A6-LYD 25:      44.19633268 in 0.8683 (sec).
 Self   A6-LYD 26:      43.25546360 in 0.8916 (sec).
 Self   A6-LYD 27:      44.82330340 in 0.7977 (sec).
 Self   A6-LYD 28:      45.03285214 in 0.8524 (sec).
 Self   A6-LYS 29:     -13.08455288 in 0.8670 (sec).
 Self   A6-LYS 30:      -8.57703957 in 0.7591 (sec).
 Self   A6-LYS 31:     -14.96294042 in 0.8039 (sec).
 Self   A6-LYS 32:     -12.79935356 in 0.7689 (sec).
 Self   A6-LYS 33:     -12.89400567 in 0.8608 (sec).
 Self   A6-LYS 34:   31036.93519472 in 0.8264 (sec).
 Self   A6-LYS 35:   20931.10015776 in 0.8015 (sec).
 Self   A6-LYS 36:   20917.35069057 in 0.7969 (sec).
 Self   A6-LYS 37:   18796.01579107 in 0.8058 (sec).
 Self   A6-LYS 38:   18783.28025249 in 0.8107 (sec).
 Self   A6-LYS 39:   18785.05088941 in 0.8248 (sec).
 Self   A6-LYS 40:   18782.44281448 in 0.8752 (sec).
 Self   A6-LYS 41:   18801.89385443 in 0.7925 (sec).
 Self   A6-LYS 42:   18783.10898489 in 0.8073 (sec).
 Self   A6-LYS 43:   18785.63403424 in 0.8322 (sec).
 Self   A6-LYS 44:       8.81384720 in 0.8291 (sec).
 Self   A6-LYS 45:      48.56919069 in 0.8171 (sec).
 Self   A6-LYS 46:      -8.47113171 in 0.8656 (sec).
 Self   A6-LYS 47:      -8.08056732 in 0.8295 (sec).
 Self   A6-LYS 48:     -10.26901276 in 0.8360 (sec).
 Self   A6-LYS 49:      -8.17452168 in 0.8313 (sec).
 Self   A6-LYS 50:      -8.45237497 in 0.8198 (sec).
 Self   A6-LYS 51:      -6.05438459 in 0.7702 (sec).
 Self   A6-LYS 52:      -7.38374454 in 0.9247 (sec).
 Self   A6-LYS 53:      -9.47079219 in 0.7978 (sec).
 Self   A6-LYS 54:      -7.46846959 in 0.7702 (sec).
 Self   A6-LYS 55:      -7.32683576 in 0.7953 (sec).
 Self   A8-GLU 0 :      -3.67024945 in 0.7379 (sec).
 Self   A8-GLH 1 :      21.17994421 in 0.7596 (sec).
 Self   A8-GLH 2 :      33.64808670 in 0.7334 (sec).
 Self   A8-GLH 3 :   82995.00958327 in 0.7632 (sec).
 Self   A8-GLH 4 :      30.50984526 in 0.7320 (sec).
 Self   A8-GLH 5 :      22.38938947 in 0.7686 (sec).
 Self   A8-GLH 6 :     195.69367290 in 0.7194 (sec).
 Self   A8-GLH 7 :    7083.16806528 in 0.7570 (sec).
 Self   A8-GLH 8 :      14.57612719 in 0.7553 (sec).
 Self   A8-GLH 9 :      17.08846313 in 0.7504 (sec).
 Self   A8-GLH 10:      37.01203079 in 0.7337 (sec).
 Self   A8-GLH 11:  221797.49201056 in 0.7369 (sec).
 Self   A8-GLH 12:      32.24158327 in 0.7382 (sec).
 Self   A8-GLH 13:      25.33062162 in 0.6546 (sec).
 Self   A8-GLH 14:     331.84086475 in 0.6797 (sec).
 Self   A8-GLH 15:    4272.58452742 in 0.6509 (sec).
 Self   A8-GLH 16:      17.84239311 in 0.7444 (sec).
 Self   A8-GLH 17:      19.92060161 in 0.7302 (sec).
 Self   A8-GLH 18:      37.31083321 in 0.6797 (sec).
 Self   A8-GLH 19:   82999.04728116 in 0.7202 (sec).
 Self   A8-GLH 20:      34.35464125 in 0.6769 (sec).
 Self   A8-GLH 21:      26.27520795 in 0.7456 (sec).
 Self   A8-GLH 22:     155.21330995 in 0.7114 (sec).
 Self   A8-GLH 23:    7086.02034604 in 0.7027 (sec).
 Self   A8-GLH 24:      18.34075692 in 0.7952 (sec).
 Self   A8-GLH 25:      21.80279798 in 0.7313 (sec).
 Self   A8-GLH 26:      55.49894742 in 0.7924 (sec).
 Self   A8-GLH 27:  217793.43011782 in 0.6742 (sec).
 Self   A8-GLH 28:      50.62026559 in 0.7210 (sec).
 Self   A8-GLH 29:      42.72625706 in 0.7853 (sec).
 Self   A8-GLH 30:     361.11536523 in 0.7214 (sec).
 Self   A8-GLH 31:    4277.71754483 in 0.7901 (sec).
 Self   A8-GLH 32:      35.74891409 in 0.6948 (sec).
 Self   A8-GLH 33:      35.11853588 in 0.6638 (sec).
 Self   A8-GLU 34:      19.13784008 in 0.6480 (sec).
 Self   A8-GLU 35:  116932.78776672 in 0.7008 (sec).
 Self   A8-GLU 36:       9.85998788 in 0.6624 (sec).
 Self   A8-GLU 37:       4.32094221 in 0.7319 (sec).
 Self   A8-GLU 38:     325.09885126 in 0.6785 (sec).
 Self   A8-GLU 39:    9492.69382665 in 0.6733 (sec).
 Self   A8-GLU 40:      -2.92491781 in 0.7462 (sec).
 Self   A8-GLU 41:      -3.68739457 in 0.7061 (sec).
 Self  A16-ASP 0 :     -15.31780685 in 0.7357 (sec).
 Self  A16-ASH 1 :      14.86533809 in 0.7174 (sec).
 Self  A16-ASH 2 :      10.96622079 in 0.7080 (sec).
 Self  A16-ASH 3 :      11.15592522 in 0.7236 (sec).
 Self  A16-ASH 4 :      92.00608494 in 0.7012 (sec).
 Self  A16-ASH 5 :      29.48237243 in 0.7298 (sec).
 Self  A16-ASH 6 :      12.44992300 in 0.6815 (sec).
 Self  A16-ASH 7 :      16.63603322 in 0.6722 (sec).
 Self  A16-ASH 8 :      17.02792652 in 0.7401 (sec).
 Self  A16-ASH 9 :      68.33365553 in 0.6941 (sec).
 Self  A16-ASH 10:      22.58711521 in 0.6736 (sec).
 Self  A16-ASH 11:      23.78877622 in 0.7315 (sec).
 Self  A16-ASH 12:      16.25745311 in 0.7404 (sec).
 Self  A16-ASH 13:      17.11231865 in 0.6673 (sec).
 Self  A16-ASH 14:      96.97476337 in 0.6971 (sec).
 Self  A16-ASH 15:      34.80556608 in 0.7332 (sec).
 Self  A16-ASH 16:      17.55849718 in 0.7004 (sec).
 Self  A16-ASH 17:      49.74826294 in 0.6744 (sec).
 Self  A16-ASH 18:      57.23297126 in 0.6477 (sec).
 Self  A16-ASH 19:     101.31179169 in 0.7197 (sec).
 Self  A16-ASH 20:      27.93215232 in 0.6975 (sec).
 Self  A16-ASH 21:      41.86554681 in 0.6701 (sec).
 Self  A16-ASP 22:     -14.34804238 in 0.7147 (sec).
 Self  A16-ASP 23:     -13.48447777 in 0.7132 (sec).
 Self  A16-ASP 24:      74.48307431 in 0.6815 (sec).
 Self  A16-ASP 25:      -2.69315430 in 0.6538 (sec).
 Self  A16-ASP 26:      -6.59424335 in 0.7943 (sec).
 Self  A18-HIS 0 :     -27.85038138 in 0.7315 (sec).
 Self  A18-HID 1 :     -22.49145667 in 0.7213 (sec).
 Self  A18-HIE 2 :     -27.77640956 in 0.7110 (sec).
 Self  A18-HIS 3 :     -27.85242249 in 0.6309 (sec).
 Self  A18-HIS 4 :     -27.31822821 in 0.6797 (sec).
 Self  A18-HIS 5 :      24.64359235 in 0.6555 (sec).
 Self  A18-HIS 6 :      70.75383262 in 0.6970 (sec).
 Self  A18-HIS 7 :     -21.87141234 in 0.7598 (sec).
 Self  A18-HIS 8 :   30810.89600488 in 0.7379 (sec).
 Self  A18-HIS 9 :   79655.55090304 in 0.7261 (sec).
 Self  A18-HIS 10:   23630.78931748 in 0.7351 (sec).
 Self  A18-HID 11:     -24.38222378 in 0.6618 (sec).
 Self  A18-HID 12:     -24.23575888 in 0.6726 (sec).
 Self  A18-HID 13:      21.92271297 in 0.6793 (sec).
