 Evaluating /Dedicated/schnieders/programs/stack-2021.1.sh
  Loading Modules
   Stack 2021.1
   GCC 9.3.0
   CMake 3.20.0
   Eigen 3.3.9
   Cuda 11.1.1
   Cuda: /usr/share/apps/2021.1/arch/gcc-9.3.0/cuda-11.1.1
   CudaNN 8.0.5.39-11.1
   Swig 4.0.2_gcc-9.3.0
  Loading software from /Dedicated/schnieders/programs/local
   Ant: /Dedicated/schnieders/programs/apache-ant-1.10.11
   FFX: /Dedicated/schnieders/programs/ffx-builds/forcefieldx-2026-01-04
   GDMA: /Dedicated/schnieders/programs/gdma-2.3
   Groovy: /Dedicated/schnieders/programs/groovy-4.0.1
   Java: /Dedicated/schnieders/programs/jdk-25.0.1
   Maven: /Dedicated/schnieders/programs/apache-maven-3.9.5
   VMD: /Dedicated/schnieders/programs/vmd
   NAMD: /Dedicated/schnieders/programs/NAMD_3.0alpha7_Linux-x86_64-multicore-CUDA
   OpenEye: /Dedicated/schnieders/programs/OpenEye
   Tinker: /Dedicated/schnieders/programs/tinker-tools
=== Titration pH 8.55 started: Fri May  1 04:35:42 CDT 2026 ===
  Copy already exists, skipping.
  ManyBody output already exists, skipping.
WARNING: Using incubator modules: jdk.incubator.vector
 _________________________________________________________________________

        FORCE FIELD X - Polyglot Software for Molecular Biophysics 

        Version 1.0.0-6991  April 2026 
        Git Revision  937dfd3f3a84d0dc91f73b0419518078a8c41842 
 
        Please cite the following reference when using Force Field X:

        RA Gogal, AJ Nessler, AC Thiel, HV Bernabe, RA Corrigan Grove,
        LM Cousineau, JM Litman, JM Miller, G Qi, MJ Speranza,
        MR Tollefson, TD Fenn, JJ Michaelson, O Okada, JP Piquemal,
        JW Ponder, J Shen, RJH Smith, W Yang, P Ren and MJ Schnieders,
        2024, Journal of Chemical Physics, 161 (1).

        Copyright (c)  Michael J. Schnieders  2001-2026
        All Rights Reserved

        Force Field X is distributed under the GPL v. 3 license
        with linking exception and is hosted by the Schnieders Lab
        at The University of Iowa.

        User Manual:   https://ffx.biochem.uiowa.edu/manual.html
        Publications:  https://ffx.biochem.uiowa.edu/publications.html
        License:       https://ffx.biochem.uiowa.edu/licenses.html

 _________________________________________________________________________

 Fri May 01 04:35:43 CDT 2026
 Process ID 176431 on argon-itf-bx53-13.hpc.

 Command line arguments:
 [Minimize, -e, 0.1, /Dedicated/schnieders/maemmad/pKa_GNN/ffx_pipeline/data/fixed_pdbs/3TP7/3TP7_pH8.55.pdb_2, --saveInduced, --savePermanentMoments]

 Executing internal command: ffx.algorithms.commands.Minimize

 Initializing 1 topologies...
 Parsing: Internal force field (amoeba-bio-2018-cphmd).
 Parsing: Structure properties from (/Dedicated/schnieders/maemmad/pKa_GNN/ffx_pipeline/data/fixed_pdbs/3TP7/3TP7_input.properties).
 Parsing: JVM system properties (i.e. command line -Dkey=value pairs).

 Attempting to read force field patch from /Dedicated/schnieders/maemmad/pKa_GNN/naphosphate_solute.09Feb21.prm.

 Renumbering Patch: FALSE
 Reading 3TP7_pH8.55.pdb_2

 Assigning atom types for 1 chains.
 Amino acid chain A
 Constructing Force Field AMOEBA-BIO-2018-CPHMD

 SMP threads:                                80
 The system will be treated as aperiodic (max separation =   50.1 A).

 Bonded Terms
  Bonds:                                   2115
  Angles:                                  3844
  Stretch-Bends:                           3373
  Out-of-Plane Bends:                      1200
  Torsions:                                5607
  Pi-Orbital Torsions:                      221
  Torsion-Torsions:                           9

 Non-Bonded Terms

  Van der Waals
   Cut-Off:                                NONE
   Long-Range Correction:                 FALSE

 Electrostatics
   Polarization:                         MUTUAL
    SCF Convergence Criteria:         1.000e-06
    SCF Predictor:                         NONE
    SCF Algorithm:                           CG
    CG Preconditioner Cut-Off:            4.500
    CG Preconditioner Ewald Coeff.:       0.000
    CG Preconditioner Scale:              2.000
    CG Preconditioner Mode:     FLETCHER_REEVES
    Electrostatics Cut-Off:                NONE

  Continuum Solvation
   Radii:                                SOLUTE
   Generalized Kirkwood Cut-Off:           NONE
   GKC:                                  2.4550
   Solvent Dielectric:                  78.3000
   Solute Dielectric:                    1.0000
   Descreen with vdW Radii:                TRUE
   Descreen with Hydrogen Atoms:          FALSE
   Descreen Offset:                      0.0000
   General HCT Scale Factor:             0.7200
   Non-Polar Model:                  GAUSS-DISP
    GaussVol Radii Offset:               0.0000
    GaussVol Radii Scale:                1.0000
   Dispersion Integral Offset:           1.0560 (A)
   Cavitation Solvent Pressure:          0.0334 (Kcal/mol/A^3)
   Cavitation Surface Tension:           0.1030 (Kcal/mol/A^2)
   Cavitation Cross-Over Radius:         9.2515 (A)

  Overall system charge:                  5.000

 Opened 3TP7_pH8.55.pdb_2 in 1.303 sec.

 System Resources
  Total CPU time:          44.32 (sec)
  System load average:     11.14
  Open file handles:         146 of  81920 allowed
  System memory:          174974 MB free out of 192017 MB
  System swap space:        2052 MB free out of   2053 MB
  JVM memory:               3982 MB free out of   4096 MB

 Minimizing energy of Single Topology  [3TP7_pH8.55.pdb_2] 
 Setting lambda to 0.000.
 Generalized Kirkwood  -2741.29731274      0.345
 Cavitation             1329.62997424      0.318
 Dispersion             -840.05966544      0.349

 Computed Potential Energy
  Bond Stretching            167.56129872         2115        0.003 ( 0.01530)
  Angle Bending              431.52527732         3844        0.004 ( 2.67784)
  Stretch-Bend                 1.38147158         3373        0.005
  Out-of-Plane Bend           18.61127580         1200        0.001
  Torsional Angle             84.61562134         5607        0.011
  Pi-Orbital Torsion          13.91542700          221        0.013
  Torsion-Torsion            -50.12086690            9        0.014
  Van der Waals              361.76791400      2191697        0.430
  Atomic Multipoles        -3705.40100764      2191697
  Polarization              -747.61653324      2191697        5.038
  Solvation                -2251.72700395      2199753
  Total Potential          -5675.48712596  (Kcal/mole)        5.519 (sec)

 Limited Memory BFGS Quasi-Newton Optimization: 

 Cycle       Energy      G RMS    Delta E   Delta X    Angle  Evals     Time

     0   -5675.4871     1.5253
     1   -5681.9914     1.4883     6.5043    0.0014     0.00      3    2.212
     2   -5686.5749     1.0133     4.5835    0.0009    44.28      4    1.535
     3   -5691.7689     0.9358     5.1940    0.0017    44.66      5    3.479
     4   -5696.3943     1.3054     4.6253    0.0024    53.95      6    4.012
     5   -5700.9280     0.9590     4.5338    0.0023    66.19      7    3.399
     6   -5704.6860     0.8332     3.7580    0.0017    60.78      8    3.589
     7   -5709.1076     0.9897     4.4216    0.0030    61.44      9    3.123
     8   -5711.6524     1.3416     2.5447    0.0030    68.40     10    3.278
     9   -5714.1553     0.7091     2.5029    0.0006    48.65     11    3.309
    10   -5716.6989     0.6615     2.5436    0.0015    54.75     12    3.601
    11   -5718.8754     0.7338     2.1765    0.0018    68.03     13    3.306
    12   -5720.8475     1.3614     1.9721    0.0031    72.12     14    3.294
    13   -5723.4542     0.6471     2.6067    0.0022    78.06     15    3.290
    14   -5725.0402     0.5102     1.5860    0.0013    66.02     16    3.310
    15   -5726.7716     0.6429     1.7314    0.0018    65.35     17    3.304
    16   -5728.4399     1.0943     1.6683    0.0029    72.96     18    3.393
    17   -5730.3393     0.6068     1.8994    0.0019    77.44     19    3.296
    18   -5731.7378     0.4790     1.3986    0.0013    66.01     20    3.410
    19   -5733.1117     0.6256     1.3739    0.0016    65.92     21    3.290
    20   -5734.8412     0.7778     1.7295    0.0026    74.54     22    3.012
    21   -5736.8096     0.6213     1.9684    0.0026    77.39     23    3.296
    22   -5738.7297     0.8808     1.9201    0.0036    73.81     24    3.200
    23   -5740.4485     0.6159     1.7189    0.0021    74.77     25    3.391
    24   -5741.6024     0.5278     1.1539    0.0009    64.28     26    3.401
    25   -5743.0981     0.6132     1.4957    0.0020    69.77     27    3.118
    26   -5744.5934     0.5982     1.4953    0.0036    78.15     28    3.214
    27   -5745.6307     0.4926     1.0373    0.0016    77.73     29    3.372
    28   -5747.2389     0.4241     1.6082    0.0027    75.57     30    3.094
    29   -5749.1146     0.7711     1.8757    0.0045    74.56     31    3.204
    30   -5750.4434     0.8033     1.3288    0.0048    81.73     32    3.393
    31   -5751.7325     0.4706     1.2891    0.0006    57.34     33    3.210
    32   -5753.3104     0.4848     1.5780    0.0017    61.54     34    3.201
    33   -5754.5323     0.5863     1.2219    0.0022    76.08     35    3.304
    34   -5756.1444     0.5859     1.6121    0.0035    79.11     36    3.195
    35   -5757.8122     0.5397     1.6678    0.0043    79.80     37    3.410
    36   -5758.8510     0.6230     1.0388    0.0028    77.70     38    3.296
    37   -5759.9214     0.4389     1.0704    0.0009    66.29     39    3.205
    38   -5761.3053     0.4990     1.3839    0.0016    61.25     40    3.398
    39   -5762.2322     0.8833     0.9269    0.0028    73.30     41    3.686
    40   -5763.4304     0.4963     1.1982    0.0013    77.18     42    3.525
    41   -5764.7798     0.4294     1.3494    0.0029    76.95     43    3.790
    42   -5765.7410     0.4463     0.9612    0.0025    79.57     44    3.980
    43   -5766.6969     0.7919     0.9558    0.0036    78.98     45    3.613
    44   -5767.9933     0.4314     1.2964    0.0031    82.79     46    3.506
    45   -5769.0034     0.4004     1.0101    0.0019    74.15     47    3.697
    46   -5770.1990     0.6083     1.1956    0.0028    73.92     48    3.500
    47   -5771.2906     0.6687     1.0916    0.0033    79.87     49    3.485
    48   -5772.2397     0.4367     0.9490    0.0011    74.62     50    3.621
    49   -5773.2867     0.4153     1.0471    0.0019    70.89     51    3.478
    50   -5774.1243     0.5140     0.8375    0.0019    76.42     52    3.714
    51   -5775.2874     0.4623     1.1631    0.0031    80.45     53    3.487
    52   -5776.3226     0.7379     1.0352    0.0044    79.62     54    4.099
    53   -5777.3548     0.4186     1.0322    0.0016    78.09     55    3.527
    54   -5778.2141     0.3976     0.8592    0.0011    66.41     56    3.604
    55   -5779.3090     0.5345     1.0949    0.0026    75.13     57    3.588
    56   -5779.8320     0.8911     0.5231    0.0043    81.32     58    4.194
    57   -5780.6223     0.4590     0.7902    0.0003    42.30     59    3.298
    58   -5781.3237     0.3288     0.7015    0.0011    70.26     60    3.405
    59   -5781.8420     0.3853     0.5183    0.0015    78.12     61    3.309
    60   -5782.6927     0.4493     0.8507    0.0025    80.13     62    3.691
    61   -5783.6046     0.6526     0.9118    0.0044    82.12     63    3.586
    62   -5784.5490     0.3643     0.9445    0.0038    83.94     64    4.025
    63   -5785.1006     0.3421     0.5516    0.0009    70.90     65    3.485
    64   -5785.9462     0.3643     0.8455    0.0015    69.33     66    3.304
    65   -5786.9393     0.5937     0.9931    0.0029    75.04     67    3.590
    66   -5787.7916     0.4413     0.8523    0.0029    81.91     68    3.503
    67   -5788.4818     0.3523     0.6903    0.0015    77.15     69    3.421
    68   -5789.3561     0.3589     0.8743    0.0023    74.20     70    3.598
    69   -5789.8036     0.6914     0.4475    0.0030    77.77     71    4.094
    70   -5790.3921     0.3345     0.5885    0.0005    69.90     72    4.201
    71   -5790.9093     0.3044     0.5172    0.0013    74.81     73    3.902
    72   -5791.3854     0.3487     0.4761    0.0020    80.37     74    4.407
    73   -5792.0704     0.5001     0.6850    0.0027    80.59     75    4.575
    74   -5793.0182     0.3928     0.9478    0.0042    84.01     76    4.222
    75   -5793.6963     0.6044     0.6781    0.0048    82.29     77    4.872
    76   -5794.4480     0.3399     0.7517    0.0014    77.72     78    5.235
    77   -5795.0607     0.3468     0.6127    0.0008    62.91     79    4.374
    78   -5795.8106     0.5019     0.7499    0.0023    75.83     80    6.722
    79   -5796.5193     0.5401     0.7087    0.0033    81.84     81    6.475
    80   -5797.1380     0.3356     0.6187    0.0012    78.43     82    5.728
    81   -5797.8545     0.3301     0.7165    0.0032    79.92     83    5.419
    82   -5798.3573     0.4030     0.5028    0.0018    78.87     84    5.575
    83   -5799.0748     0.3339     0.7175    0.0027    81.42     85    6.741
    84   -5799.6902     0.5781     0.6154    0.0035    78.83     86    6.682
    85   -5800.3172     0.3153     0.6270    0.0010    72.81     87    6.905
    86   -5800.7277     0.2928     0.4105    0.0004    53.48     88    7.650
    87   -5801.3261     0.3724     0.5985    0.0015    72.90     89    6.617
    88   -5801.9673     0.4439     0.6411    0.0031    80.59     90    6.616
    89   -5802.4679     0.3178     0.5006    0.0020    82.41     91    6.590
    90   -5802.9759     0.3008     0.5080    0.0025    82.10     92    6.296
    91   -5803.5641     0.4480     0.5882    0.0033    80.74     93    7.069
    92   -5804.1185     0.4150     0.5543    0.0029    82.33     94    6.841
    93   -5804.6029     0.2952     0.4844    0.0010    76.81     95    7.366
    94   -5805.2371     0.2710     0.6342    0.0017    72.36     96    7.267
    95   -5805.6629     0.5238     0.4259    0.0022    76.20     97    5.805
    96   -5806.1488     0.3087     0.4858    0.0016    82.90     98    6.860
    97   -5806.6550     0.2465     0.5062    0.0021    79.04     99    6.146
    98   -5807.0168     0.3153     0.3618    0.0016    77.72    100    6.419
    99   -5807.4534     0.3614     0.4366    0.0023    81.03    101    7.277
   100   -5807.9672     0.2934     0.5138    0.0020    80.67    102    6.546
   101   -5808.4830     0.3430     0.5158    0.0022    77.58    103    7.214
   102   -5808.9314     0.3364     0.4484    0.0016    77.37    104    5.885
   103   -5809.3538     0.2842     0.4224    0.0011    75.95    105    6.294
   104   -5809.8846     0.3229     0.5308    0.0022    77.39    106    6.336
   105   -5810.3583     0.3693     0.4737    0.0027    81.18    107    7.048
   106   -5810.7999     0.3192     0.4416    0.0021    82.83    108    7.020
   107   -5811.4128     0.2757     0.6129    0.0029    81.33    109    6.982
   108   -5811.8237     0.6323     0.4109    0.0041    80.47    110    7.358
   109   -5812.3838     0.2950     0.5601    0.0011    79.65    111    7.855
   110   -5812.7831     0.2654     0.3993    0.0011    73.82    112    7.392
   111   -5813.1973     0.3113     0.4142    0.0020    80.32    113    6.804
   112   -5813.6725     0.5273     0.4752    0.0028    81.43    114    6.954
   113   -5814.3241     0.3396     0.6516    0.0036    85.43    115    6.043
   114   -5814.8976     0.3266     0.5735    0.0025    80.36    116    7.608
   115   -5815.4014     0.3873     0.5038    0.0022    77.64    117    8.337
   116   -5815.7983     0.2958     0.3969    0.0006    69.77    118    7.211
   117   -5816.3102     0.2903     0.5119    0.0012    69.68    119    5.474
   118   -5816.6771     0.4219     0.3668    0.0018    77.03    120    5.478
   119   -5817.0490     0.2831     0.3719    0.0013    81.89    121    5.596
   120   -5817.5330     0.2634     0.4840    0.0020    77.91    122    6.658
   121   -5817.8634     0.3596     0.3304    0.0020    80.25    123    6.532
   122   -5818.2403     0.2604     0.3768    0.0020    82.70    124    6.046
   123   -5818.6046     0.2507     0.3644    0.0016    78.68    125    5.584
   124   -5818.9489     0.3980     0.3443    0.0021    77.65    126    6.322
   125   -5819.2910     0.2721     0.3421    0.0010    79.19    127    4.988
   126   -5819.6706     0.2465     0.3797    0.0013    76.10    128    6.002
   127   -5820.0341     0.3275     0.3634    0.0020    78.98    129    5.002
   128   -5820.3199     0.4311     0.2858    0.0028    82.83    130    4.874
   129   -5820.6188     0.2487     0.2989    0.0003    56.40    131    6.705
   130   -5821.0033     0.2437     0.3845    0.0011    69.82    132    8.004
   131   -5821.2750     0.2651     0.2718    0.0013    80.35    133   12.721
   132   -5821.5991     0.3970     0.3240    0.0020    80.48    134    9.867
   133   -5822.0143     0.2476     0.4153    0.0027    84.50    135    9.173
   134   -5822.3162     0.2768     0.3019    0.0014    77.87    136    7.651
   135   -5822.6906     0.2483     0.3743    0.0016    77.35    137    7.933
   136   -5823.0159     0.2961     0.3253    0.0009    70.57    138    6.378
   137   -5823.3446     0.2855     0.3287    0.0012    73.76    139    6.027
   138   -5823.6157     0.2297     0.2711    0.0008    74.46    140    6.192
   139   -5823.8711     0.2216     0.2554    0.0008    73.13    141    6.203
   140   -5824.1586     0.3568     0.2875    0.0017    77.91    142    7.236
   141   -5824.4893     0.2366     0.3307    0.0017    82.42    143    6.193
   142   -5824.7671     0.2351     0.2778    0.0013    78.95    144    6.753
   143   -5825.1042     0.3027     0.3371    0.0019    78.79    145    8.500
   144   -5825.4406     0.3112     0.3364    0.0018    80.15    146    8.186
   145   -5825.7705     0.2371     0.3299    0.0010    77.29    147    5.365
   146   -5826.1412     0.2468     0.3707    0.0016    73.95    148    6.215
   147   -5826.3604     0.4040     0.2192    0.0016    78.27    149    5.004
   148   -5826.6245     0.2467     0.2640    0.0005    76.01    150    4.297
   149   -5826.9720     0.1804     0.3475    0.0015    77.06    151    3.984
   150   -5827.1822     0.2409     0.2102    0.0013    79.08    152    5.022
   151   -5827.4318     0.2845     0.2496    0.0019    81.61    153    4.102
   152   -5827.7083     0.2029     0.2765    0.0016    81.67    154    4.595
   153   -5827.9276     0.2333     0.2193    0.0012    76.19    155    4.399
   154   -5828.1309     0.2204     0.2033    0.0008    74.11    156    3.804
   155   -5828.3375     0.2097     0.2066    0.0006    72.49    157    4.075
   156   -5828.5880     0.2917     0.2506    0.0013    75.81    158    3.611
   157   -5828.8768     0.2134     0.2887    0.0019    81.91    159    3.408
   158   -5829.0571     0.2183     0.1804    0.0011    80.02    160    3.706
   159   -5829.3072     0.1847     0.2501    0.0017    81.03    161    4.573
   160   -5829.5265     0.3439     0.2193    0.0019    78.45    162    3.703
   161   -5829.7863     0.1985     0.2598    0.0014    82.30    163    3.496
   162   -5829.9935     0.1786     0.2072    0.0010    77.16    164    3.518
   163   -5830.2190     0.2920     0.2256    0.0018    78.17    165    3.509
   164   -5830.4490     0.2275     0.2300    0.0016    82.28    166    3.474
   165   -5830.6395     0.1908     0.1905    0.0008    78.06    167    3.614
   166   -5830.8716     0.2352     0.2321    0.0014    76.82    168    3.591
   167   -5831.0475     0.2718     0.1759    0.0017    81.22    169    3.695
   168   -5831.1908     0.1872     0.1432    0.0006    79.92    170    3.634
   169   -5831.3996     0.1507     0.2089    0.0012    78.39    171    3.589
   170   -5831.5930     0.2341     0.1934    0.0017    78.95    172    3.699
   171   -5831.7741     0.2938     0.1810    0.0022    83.20    173    4.099
   172   -5831.9795     0.1844     0.2055    0.0008    80.59    174    3.488
   173   -5832.2472     0.1612     0.2677    0.0013    74.49    175    3.524
   174   -5832.4092     0.2689     0.1620    0.0014    78.76    176    3.979
   175   -5832.6026     0.1995     0.1935    0.0015    83.70    177    3.511
   176   -5832.8013     0.1903     0.1987    0.0016    81.05    178    3.579
   177   -5832.9822     0.2327     0.1809    0.0016    79.84    179    3.806
   178   -5833.1606     0.1844     0.1784    0.0006    74.40    180    3.818
   179   -5833.3897     0.1822     0.2290    0.0010    72.05    181    3.788
   180   -5833.5194     0.3097     0.1298    0.0014    77.80    182    3.799
   181   -5833.6573     0.1719     0.1378    0.0006    80.22    183    3.304
   182   -5833.7882     0.1623     0.1310    0.0008    77.47    184    3.703
   183   -5833.9413     0.1939     0.1531    0.0014    81.41    185    3.608
   184   -5834.0888     0.3497     0.1475    0.0018    82.00    186    3.673
   185   -5834.2995     0.1967     0.2107    0.0015    85.03    187    3.723
   186   -5834.5060     0.1560     0.2065    0.0014    80.18    188    3.691
   187   -5834.6555     0.2558     0.1495    0.0013    77.64    189    3.701
   188   -5834.8123     0.1883     0.1568    0.0008    80.31    190    3.507
   189   -5834.9985     0.1710     0.1862    0.0008    75.73    191    3.989
   190   -5835.2002     0.2829     0.2018    0.0015    76.32    192    3.196
   191   -5835.3984     0.2201     0.1981    0.0014    81.81    193    3.416
   192   -5835.5446     0.1708     0.1463    0.0007    79.04    194    3.503
   193   -5835.7229     0.1766     0.1782    0.0013    77.81    195    3.295
   194   -5835.8598     0.2212     0.1370    0.0014    81.04    196    3.592
   195   -5835.9917     0.1770     0.1319    0.0010    82.83    197    3.685
   196   -5836.1615     0.1567     0.1698    0.0015    81.18    198    3.617
   197   -5836.2813     0.2393     0.1198    0.0015    80.42    199    3.603
   198   -5836.4016     0.1655     0.1203    0.0007    81.44    200    3.512
   199   -5836.5835     0.1323     0.1819    0.0013    79.50    201    3.877
   200   -5836.7588     0.2480     0.1752    0.0022    80.12    202    3.591
   201   -5836.8773     0.2664     0.1186    0.0019    84.30    203    4.000
   202   -5837.0142     0.1703     0.1368    0.0002    55.05    204    3.611
   203   -5837.2155     0.1265     0.2013    0.0009    72.53    205    3.599
   204   -5837.3803     0.2320     0.1647    0.0018    78.93    206    3.598
   205   -5837.4981     0.2474     0.1179    0.0017    83.51    207    3.707
   206   -5837.6239     0.1583     0.1257    0.0006    80.94    208    3.598
   207   -5837.7998     0.1271     0.1759    0.0012    77.98    209    3.590
   208   -5837.9460     0.2077     0.1462    0.0015    79.09    210    3.421
   209   -5838.1111     0.2343     0.1651    0.0019    83.37    211    3.696
   210   -5838.2801     0.1759     0.1690    0.0012    82.37    212    3.405
   211   -5838.4567     0.1765     0.1766    0.0012    76.47    213    3.676
   212   -5838.5811     0.1815     0.1244    0.0005    71.23    214    3.512
   213   -5838.7359     0.1738     0.1548    0.0007    75.06    215    3.813
   214   -5838.9179     0.2085     0.1821    0.0015    78.81    216    3.697
   215   -5839.0719     0.1903     0.1539    0.0016    82.73    217    3.403
   216   -5839.2033     0.1685     0.1314    0.0009    80.28    218    3.701
   217   -5839.3833     0.1744     0.1800    0.0014    79.88    219    3.984
   218   -5839.5001     0.3327     0.1167    0.0022    81.35    220    3.503
   219   -5839.6502     0.1593     0.1502    0.0004    75.46    221    3.497
   220   -5839.7479     0.1488     0.0977    0.0004    73.12    222    4.408
   221   -5839.8867     0.1652     0.1388    0.0012    80.31    223    4.687
   222   -5840.0395     0.3031     0.1528    0.0018    81.60    224    3.819
   223   -5840.2479     0.1845     0.2084    0.0023    85.92    225    4.489
   224   -5840.4218     0.1586     0.1738    0.0019    83.57    226    4.521
   225   -5840.5959     0.2354     0.1741    0.0026    83.15    227    3.692
   226   -5840.7573     0.2151     0.1614    0.0017    84.52    228    3.815
   227   -5840.9557     0.2108     0.1984    0.0014    81.68    229    6.805
   228   -5841.1825     0.2741     0.2268    0.0018    80.65    230    5.005
   229   -5841.4091     0.2310     0.2266    0.0017    83.26    231    4.710
   230   -5841.6528     0.2176     0.2438    0.0017    82.13    232    4.482
   231   -5841.9142     0.2952     0.2613    0.0031    83.48    233    4.861
   232   -5842.1260     0.2347     0.2118    0.0025    85.26    234    4.824
   233   -5842.2944     0.2064     0.1684    0.0008    79.50    235    4.993
   234   -5842.5454     0.2052     0.2510    0.0015    80.14    236    5.122
   235   -5842.7557     0.3699     0.2103    0.0029    82.33    237    5.866
   236   -5842.9665     0.2118     0.2108    0.0005    74.27    238    4.414
   237   -5843.1753     0.1981     0.2088    0.0009    77.29    239    4.611
   238   -5843.4273     0.2356     0.2520    0.0019    80.82    240    4.398
   239   -5843.5072     0.5598     0.0798    0.0022    81.23    241    4.271
   240   -5843.6475     0.4237     0.1403    0.0002    74.21    242    4.119
   241   -5843.8683     0.2133     0.2208    0.0004    75.27    243    3.981
   242   -5844.0658     0.1668     0.1975    0.0009    74.10    244    4.599
   243   -5844.1638     0.1917     0.0980    0.0006    79.69    245    4.110
   244   -5844.3348     0.1934     0.1710    0.0009    79.11    246    4.211
   245   -5844.5110     0.3552     0.1762    0.0015    79.29    247    4.693
   246   -5844.7643     0.1909     0.2533    0.0015    84.07    248    3.794
   247   -5844.9336     0.1441     0.1693    0.0014    81.68    249    4.612
   248   -5845.0736     0.2311     0.1400    0.0014    79.38    250    4.299
   249   -5845.2484     0.2089     0.1748    0.0011    81.72    251    4.811
   250   -5845.4683     0.2273     0.2199    0.0016    80.31    252    4.974
   251   -5845.6746     0.2387     0.2063    0.0016    79.85    253    4.434
   252   -5845.8657     0.2023     0.1911    0.0004    67.52    254    3.774
   253   -5846.1466     0.1909     0.2810    0.0009    69.58    255    4.903
   254   -5846.4301     0.3382     0.2835    0.0022    78.03    256    5.591
   255   -5846.6452     0.3023     0.2151    0.0015    80.74    257    5.419
   256   -5846.8348     0.1710     0.1896    0.0005    73.51    258    4.910
   257   -5847.0350     0.1678     0.2002    0.0013    76.76    259    4.693
   258   -5847.1913     0.2346     0.1563    0.0012    79.75    260    4.372
   259   -5847.3969     0.1596     0.2056    0.0015    82.09    261    6.019
   260   -5847.5119     0.2832     0.1150    0.0011    74.89    262    5.296
   261   -5847.6389     0.1391     0.1269    0.0002    62.21    263    5.701
   262   -5847.7188     0.1355     0.0799    0.0002    53.03    264    5.217
   263   -5847.8418     0.1569     0.1230    0.0005    67.26    265    4.674
   264   -5847.9460     0.2849     0.1042    0.0011    76.54    266    5.116
   265   -5848.0699     0.1459     0.1238    0.0007    82.16    267    4.294
   266   -5848.1689     0.1305     0.0990    0.0008    80.34    268    4.796
   267   -5848.3008     0.1791     0.1319    0.0015    81.04    269    4.686
   268   -5848.3686     0.3616     0.0678    0.0016    81.95    270    4.831
   269   -5848.4785     0.2216     0.1099    0.0002    71.79    271    5.108
   270   -5848.6224     0.1163     0.1439    0.0005    72.46    272    4.961
   271   -5848.7032     0.1494     0.0808    0.0006    75.90    273    5.254
   272   -5848.8348     0.1743     0.1316    0.0011    81.06    274    5.056
   273   -5848.9554     0.2950     0.1206    0.0019    82.91    275    5.428
   274   -5849.0912     0.1411     0.1358    0.0014    84.57    276    5.278
   275   -5849.1695     0.1245     0.0783    0.0002    55.85    277    4.827
   276   -5849.2920     0.1514     0.1225    0.0005    67.36    278    6.665
   277   -5849.4496     0.2111     0.1576    0.0012    78.09    279    5.222
   278   -5849.5833     0.1972     0.1337    0.0014    82.12    280    5.942
   279   -5849.7027     0.1621     0.1194    0.0006    75.97    281    5.394
   280   -5849.8357     0.1331     0.1330    0.0006    71.08    282    7.406
   281   -5849.9521     0.2017     0.1164    0.0012    77.94    283    7.609
   282   -5850.0431     0.2072     0.0910    0.0013    82.58    284    5.484
   283   -5850.1207     0.1304     0.0776    0.0002    67.61    285    6.253
   284   -5850.2261     0.1105     0.1054    0.0007    73.23    286    6.050
   285   -5850.3292     0.1631     0.1030    0.0010    78.24    287    6.996
   286   -5850.4547     0.1615     0.1256    0.0014    81.61    288    5.944
   287   -5850.5500     0.1621     0.0953    0.0012    81.77    289    5.214
   288   -5850.6267     0.1247     0.0767    0.0006    79.04    290    6.291
   289   -5850.7016     0.1164     0.0749    0.0003    64.31    291    6.026
   290   -5850.7990     0.1724     0.0975    0.0006    68.79    292    7.873
   291   -5850.9078     0.1434     0.1088    0.0011    80.27    293    6.782
   292   -5850.9796     0.1286     0.0718    0.0006    79.58    294    6.715
   293   -5851.0645     0.1163     0.0849    0.0009    79.48    295    5.913
   294   -5851.1485     0.1914     0.0840    0.0010    78.04    296    7.078
   295   -5851.2477     0.1214     0.0992    0.0008    81.19    297    7.782
   296   -5851.3349     0.1179     0.0872    0.0007    75.41    298    7.337
   297   -5851.3988     0.1778     0.0639    0.0008    77.06    299    6.878
   298   -5851.4686     0.1133     0.0698    0.0004    77.09    300    7.731
   299   -5851.5609     0.1157     0.0923    0.0007    74.03    301    8.236
   300   -5851.6357     0.1598     0.0748    0.0008    78.99    302    8.569
   301   -5851.7181     0.1613     0.0824    0.0012    82.91    303    7.318
   302   -5851.7964     0.1153     0.0784    0.0006    80.85    304    7.615
   303   -5851.8851     0.1361     0.0887    0.0010    77.35    305    8.753
   304   -5851.9428     0.1578     0.0576    0.0006    78.47    306    7.905
   305   -5852.0016     0.1222     0.0588    0.0004    79.07    307    6.818
   306   -5852.0895     0.1021     0.0879    0.0007    77.18    308    5.061
   307   -5852.1710     0.2031     0.0815    0.0014    78.93    309    5.513
   308   -5852.2384     0.1339     0.0674    0.0006    82.48    310    6.321
   309   -5852.3106     0.1208     0.0722    0.0006    79.92    311    5.588
   310   -5852.4075     0.1452     0.0969    0.0011    80.11    312    6.332
   311   -5852.4459     0.3347     0.0384    0.0017    82.83    313    8.882
   312   -5852.5105     0.2282     0.0646    0.0001    68.98    314    6.780
   313   -5852.6048     0.1017     0.0943    0.0004    77.50    315    5.576
   314   -5852.6739     0.1308     0.0691    0.0008    78.06    316    5.287
   315   -5852.7426     0.1549     0.0687    0.0010    83.84    317    6.167
   316   -5852.8506     0.1845     0.1080    0.0012    83.51    318    6.159
   317   -5852.9853     0.1723     0.1347    0.0020    84.60    319    6.316
   318   -5853.0955     0.1532     0.1102    0.0019    84.76    320    5.325
   319   -5853.1732     0.1424     0.0777    0.0009    82.95    321    6.764
   320   -5853.2819     0.1658     0.1087    0.0010    79.88    322    5.750
   321   -5853.3904     0.2006     0.1084    0.0011    80.33    323    6.948
   322   -5853.5005     0.1668     0.1101    0.0008    79.56    324    5.748
   323   -5853.6030     0.1357     0.1025    0.0004    71.41    325    5.968
   324   -5853.7253     0.1839     0.1223    0.0012    78.13    326    7.586
   325   -5853.8198     0.1603     0.0945    0.0011    81.56    327    7.724
   326   -5853.8879     0.1270     0.0682    0.0005    81.07    328    5.273
   327   -5853.9943     0.1012     0.1063    0.0009    79.07    329    5.518
   328   -5854.0975     0.2503     0.1032    0.0016    77.96    330    6.179
   329   -5854.2018     0.1372     0.1043    0.0012    84.71    331    5.022
   330   -5854.2712     0.1081     0.0694    0.0006    80.04    332    5.120
   331   -5854.3703     0.1172     0.0991    0.0009    77.06    333    6.390
   332   -5854.4256     0.2947     0.0553    0.0015    79.84    334    6.097
   333   -5854.5084     0.1565     0.0828    0.0002    66.58    335    5.491
   334   -5854.5991     0.1104     0.0907    0.0004    70.79    336    4.996
   335   -5854.6804     0.1488     0.0813    0.0008    77.82    337    5.208
   336   -5854.7960     0.1619     0.1156    0.0012    82.00    338    4.993
   337   -5854.8216     0.3944     0.0256    0.0018    82.56    339    5.604
   338   -5854.8691     0.3327     0.0474    0.0001    77.90    340    4.709
   339   -5854.9509     0.2283     0.0819    0.0002    76.27    341    5.514
   340   -5855.0634     0.0944     0.1125    0.0005    77.02    342    5.173

 Optimization achieved convergence criteria:  0.09436
 Generalized Kirkwood  -2702.75052605      0.212
 Cavitation             1338.22894622      0.202
 Dispersion             -907.54324900      0.202

 Computed Potential Energy
  Bond Stretching            177.93956331         2115        0.012 ( 0.01581)
  Angle Bending              436.67295210         3844        0.001 ( 2.70018)
  Stretch-Bend                 2.20214325         3373        0.003
  Out-of-Plane Bend           16.66451366         1200        0.001
  Torsional Angle             60.42290842         5607        0.002
  Pi-Orbital Torsion          12.74145369          221        0.012
  Torsion-Torsion            -50.69332615            9        0.001
  Van der Waals              336.78479511      2191697        0.114
  Atomic Multipoles        -3815.70658226      2191697
  Polarization              -760.02699101      2191697        3.347
  Solvation                -2272.06482884      2199753
  Total Potential          -5855.06339871  (Kcal/mole)        3.494 (sec)
 Setting atom names to PDB standard.
 Saving 3TP7_pH8.55.pdb_4
 Wrote induced dipoles to: /Dedicated/schnieders/maemmad/pKa_GNN/ffx_pipeline/data/fixed_pdbs/3TP7/3TP7_pH8.55.uind
 Wrote permanent multipoles to: /Dedicated/schnieders/maemmad/pKa_GNN/ffx_pipeline/data/fixed_pdbs/3TP7/3TP7_pH8.55.uperm

 Script wall clock time: 1705.516 (sec)
=== Titration pH 8.55 done: Fri May  1 05:04:10 CDT 2026 ===
