Requeueing due to an insufficient number of GPU devices on argon-itf-bx53-06.hpc.
=== Titration pH 8.55 started: Mon May  4 22:36:08 CDT 2026 ===
  Copy already exists, skipping.
WARNING: Using incubator modules: jdk.incubator.vector
  Restart file found: /Dedicated/schnieders/maemmad/pKa_GNN/ffx_pipeline/data/fixed_pdbs/4BYA/4BYA_pH8.55.restart — adding --eR
WARNING: Using incubator modules: jdk.incubator.vector
 _________________________________________________________________________

        FORCE FIELD X - Polyglot Software for Molecular Biophysics 

        Version 1.0.0-6947  April 2026 
        Git Revision  519408079905b3dd4b967041b75b836f63fb563f 
 
        Please cite the following reference when using Force Field X:

        RA Gogal, AJ Nessler, AC Thiel, HV Bernabe, RA Corrigan Grove,
        LM Cousineau, JM Litman, JM Miller, G Qi, MJ Speranza,
        MR Tollefson, TD Fenn, JJ Michaelson, O Okada, JP Piquemal,
        JW Ponder, J Shen, RJH Smith, W Yang, P Ren and MJ Schnieders,
        2024, Journal of Chemical Physics, 161 (1).

        Copyright (c)  Michael J. Schnieders  2001-2025
        All Rights Reserved

        Force Field X is distributed under the GPL v. 3 license
        with linking exception and is hosted by the Schnieders Lab
        at The University of Iowa.

        User Manual:   https://ffx.biochem.uiowa.edu/manual.html
        Publications:  https://ffx.biochem.uiowa.edu/publications.html
        License:       https://ffx.biochem.uiowa.edu/licenses.html

 _________________________________________________________________________

 Mon May 04 22:36:39 CDT 2026
 Process ID 73859 on argon-itf-ca44-01.hpc.

 Command line arguments:
 [ManyBody, --tR, --pH, 8.55, --oT, -T, --kPH, 3.0, --eR, /Dedicated/schnieders/maemmad/pKa_GNN/ffx_pipeline/data/fixed_pdbs/4BYA/4BYA_pH8.55.restart, /Dedicated/schnieders/maemmad/pKa_GNN/ffx_pipeline/data/fixed_pdbs/4BYA/4BYA_pH8.55.pdb]

 Executing internal command: ffx.algorithms.commands.ManyBody

 Parsing: Internal force field (amoeba-bio-2018-cphmd).
 Parsing: Structure properties from (/Dedicated/schnieders/maemmad/pKa_GNN/ffx_pipeline/data/fixed_pdbs/4BYA/titrate.properties).
 Parsing: JVM system properties (i.e. command line -Dkey=value pairs).

 Attempting to read force field patch from /Dedicated/schnieders/maemmad/pKa_GNN/naphosphate_solute.09Feb21.prm.

 Renumbering Patch: FALSE
 Reading 4BYA_pH8.55.pdb

 Assigning atom types for 1 chains.
 Amino acid chain A
 Constructing Force Field AMOEBA-BIO-2018-CPHMD

 SMP threads:                               128
 The system will be treated as aperiodic (max separation =   38.2 A).

 Bonded Terms
  Bonds:                                   1169
  Angles:                                  2101
  Stretch-Bends:                           1861
  Out-of-Plane Bends:                       708
  Torsions:                                3048
  Pi-Orbital Torsions:                      119
  Torsion-Torsions:                           5

 Non-Bonded Terms

  Van der Waals
   Cut-Off:                                NONE
   Long-Range Correction:                 FALSE

 Electrostatics
   Polarization:                         MUTUAL
    SCF Convergence Criteria:         1.000e-06
    SCF Predictor:                         NONE
    SCF Algorithm:                           CG
    CG Preconditioner Cut-Off:            4.500
    CG Preconditioner Ewald Coeff.:       0.000
    CG Preconditioner Scale:              2.000
    CG Preconditioner Mode:     FLETCHER_REEVES
    Electrostatics Cut-Off:                NONE

  Continuum Solvation
   Radii:                                SOLUTE
   Generalized Kirkwood Cut-Off:           NONE
   GKC:                                  2.4550
   Solvent Dielectric:                  78.3000
   Solute Dielectric:                    2.0000
   Descreen with vdW Radii:                TRUE
   Descreen with Hydrogen Atoms:          FALSE
   Descreen Offset:                      0.0000
   General HCT Scale Factor:             0.7200
   Non-Polar Model:                  GAUSS-DISP
    GaussVol Radii Offset:               0.0000
    GaussVol Radii Scale:                1.0000
   Dispersion Integral Offset:           1.0560 (A)
   Cavitation Solvent Pressure:          0.0334 (Kcal/mol/A^3)
   Cavitation Surface Tension:           0.1030 (Kcal/mol/A^2)
   Cavitation Cross-Over Radius:         9.2515 (A)

  Overall system charge:                -11.000

 Opened 4BYA_pH8.55.pdb in 1.591 sec.

 System Resources
  Total CPU time:          32.07 (sec)
  System load average:      7.14
  Open file handles:         148 of  81920 allowed
  System memory:           78668 MB free out of  79280 MB
  System swap space:        2053 MB free out of   2053 MB
  JVM memory:               4001 MB free out of   4096 MB

 Adding titration hydrogen to : /Dedicated/schnieders/maemmad/pKa_GNN/ffx_pipeline/data/fixed_pdbs/4BYA/4BYA_pH8.55.pdb

 Reading 4BYA_pH8.55.pdb

 Assigning atom types for 1 chains.
 Amino acid chain A
 Renumbering PDB file due to built atoms (1184 vs 1163)
 Total number of atoms: 1184

 Constructing Force Field AMOEBA-BIO-2018-CPHMD

 SMP threads:                               128
 The system will be treated as aperiodic (max separation =   39.3 A).

 Bonded Terms
  Bonds:                                   1190
  Angles:                                  2122
  Stretch-Bends:                           1861
  Out-of-Plane Bends:                       708
  Torsions:                                3090
  Pi-Orbital Torsions:                      119
  Torsion-Torsions:                           5

 Non-Bonded Terms

  Van der Waals
   Cut-Off:                                NONE
   Long-Range Correction:                 FALSE

 Electrostatics
   Polarization:                         MUTUAL
    SCF Convergence Criteria:         1.000e-06
    SCF Predictor:                         NONE
    SCF Algorithm:                           CG
    CG Preconditioner Cut-Off:            4.500
    CG Preconditioner Ewald Coeff.:       0.000
    CG Preconditioner Scale:              2.000
    CG Preconditioner Mode:     FLETCHER_REEVES
    Electrostatics Cut-Off:                NONE

  Continuum Solvation
   Radii:                                SOLUTE
   Generalized Kirkwood Cut-Off:           NONE
   GKC:                                  2.4550
   Solvent Dielectric:                  78.3000
   Solute Dielectric:                    2.0000
   Descreen with vdW Radii:                TRUE
   Descreen with Hydrogen Atoms:          FALSE
   Descreen Offset:                      0.0000
   General HCT Scale Factor:             0.7200
   Non-Polar Model:                  GAUSS-DISP
    GaussVol Radii Offset:               0.0000
    GaussVol Radii Scale:                1.0000
   Dispersion Integral Offset:           1.0560 (A)
   Cavitation Solvent Pressure:          0.0334 (Kcal/mol/A^3)
   Cavitation Surface Tension:           0.1030 (Kcal/mol/A^2)
   Cavitation Cross-Over Radius:         9.2515 (A)

  Overall system charge:                 10.000
 Temperature: 298.150000

 Energy restart file: 4BYA_pH8.55.restart

 Initial Potential Energy:
 Generalized Kirkwood   -953.86051515      0.223
 Cavitation              777.20225292      0.387
 Dispersion             -542.23393094      0.119

 Computed Potential Energy
  Bond Stretching            219.35706972         1190        0.002 ( 0.02068)
  Angle Bending              278.72960856         2122        0.066 ( 2.82934)
  Stretch-Bend                -3.91935763         1861        0.011
  Out-of-Plane Bend           12.67853872          708        0.008
  Torsional Angle             89.25162832         3090        0.004
  Pi-Orbital Torsion          10.92006620          119        0.055
  Torsion-Torsion            -31.42647578            5        0.010
  Van der Waals              241.62193477       697024        0.590
  Atomic Multipoles         -549.93560652       697024
  Polarization               -72.76624669       697024        2.527
  Solvation                 -718.89219317       701520
  Total Potential           -524.38103350  (Kcal/mole)        3.289 (sec)

 Initial Rotamer Torsion Angles:

 Residue    Current Torsional Angles
 A    4-LYS -176.994 -179.994 -180.000 -179.991
 A    5-ASH -177.014    0.032    0.000    0.000
 A    7-ASH -167.710   38.170    0.000    0.000
 A    9-GLH  -58.553 -171.086   50.624    0.000
 A   10-GLH  -62.988 -175.281  -70.023    0.000
 A   11-GLH -175.609 -178.224   62.486    0.000
 A   14-GLH -177.007  -80.025  -24.940    0.000
 A   20-ASH -178.127  -19.595    0.000    0.000
 A   21-LYS  -76.692  -92.734   65.160   66.752
 A   22-ASH   57.405   39.755    0.000    0.000
 A   31-GLH  -56.962  176.962   84.497    0.000
 A   34-HIS -164.283   81.722    0.000    0.000
 A   41-GLH  -65.000  -65.038  -39.958    0.000
 A   42-LYS  -64.885   83.099 -168.806  173.506
 A   45-ASH  -46.096   51.566    0.000    0.000
 A   46-GLH  -65.309   59.759   35.256    0.000
 A   47-GLH  -63.367  176.511  -44.740    0.000
 A   49-ASH -168.850   62.829    0.000    0.000
 A   50-GLH  -66.088  -53.703  -43.704    0.000
 A   54-GLH -167.733 -163.617   59.652    0.000
 A   56-ASH -157.180   60.427    0.000    0.000
 A   58-ASH   60.748   23.887    0.000    0.000
 A   60-ASH   71.072   -2.498    0.000    0.000
 A   66-GLH  -64.983  -65.007  -39.987    0.000
 A   67-GLH  -57.210 -174.891  -75.716    0.000
 A   71-HIS -165.267   60.140    0.000    0.000
 A   75-LYS -177.007  179.994  179.992  179.970

 Rotamer Library:     Richardson
 Algorithm:           ALL
 Goldstein Criteria:  true
 Three-Body Energies: true


 Computing Residue Distance Matrix
 Built residue neighbor list:              0.014 sec
 Pairwise distance matrix:               371.168 sec

 Beginning Energy   -1466.20592258

     Residue  Nrot
   1   A4-LYS   56
   2   A5-ASH   27
   3   A7-ASH   27
   4   A9-GLH   42
   5  A10-GLH   42
   6  A11-GLH   42
   7  A14-GLH   42
   8  A20-ASH   27
   9  A21-LYS   56
  10  A22-ASH   27
  11  A31-GLH   42
  12  A34-HIS   27
  13  A41-GLH   42
  14  A42-LYS   56
  15  A45-ASH   27
  16  A46-GLH   42
  17  A47-GLH   42
  18  A49-ASH   27
  19  A50-GLH   42
  20  A54-GLH   42
  21  A56-ASH   27
  22  A58-ASH   27
  23  A60-ASH   27
  24  A66-GLH   42
  25  A67-GLH   42
  26  A71-HIS   27
  27  A75-LYS   56
