 Evaluating /Dedicated/schnieders/programs/stack-2021.1.sh
  Loading Modules
   Stack 2021.1
   GCC 9.3.0
   CMake 3.20.0
   Eigen 3.3.9
   Cuda 11.1.1
   Cuda: /usr/share/apps/2021.1/arch/gcc-9.3.0/cuda-11.1.1
   CudaNN 8.0.5.39-11.1
   Swig 4.0.2_gcc-9.3.0
  Loading software from /Dedicated/schnieders/programs/local
   Ant: /Dedicated/schnieders/programs/apache-ant-1.10.11
   FFX: /Dedicated/schnieders/programs/ffx-builds/forcefieldx-2026-01-04
   GDMA: /Dedicated/schnieders/programs/gdma-2.3
   Groovy: /Dedicated/schnieders/programs/groovy-4.0.1
   Java: /Dedicated/schnieders/programs/jdk-25.0.1
   Maven: /Dedicated/schnieders/programs/apache-maven-3.9.5
   VMD: /Dedicated/schnieders/programs/vmd
   NAMD: /Dedicated/schnieders/programs/NAMD_3.0alpha7_Linux-x86_64-multicore-CUDA
   OpenEye: /Dedicated/schnieders/programs/OpenEye
   Tinker: /Dedicated/schnieders/programs/tinker-tools
=== Titration pH 3.94 started: Sun May 17 12:06:20 CDT 2026 ===
  Copy already exists, skipping.
  ManyBody output already exists, skipping.
WARNING: Using incubator modules: jdk.incubator.vector
 _________________________________________________________________________

        FORCE FIELD X - Polyglot Software for Molecular Biophysics 

        Version 1.0.0-6991  April 2026 
        Git Revision  937dfd3f3a84d0dc91f73b0419518078a8c41842 
 
        Please cite the following reference when using Force Field X:

        RA Gogal, AJ Nessler, AC Thiel, HV Bernabe, RA Corrigan Grove,
        LM Cousineau, JM Litman, JM Miller, G Qi, MJ Speranza,
        MR Tollefson, TD Fenn, JJ Michaelson, O Okada, JP Piquemal,
        JW Ponder, J Shen, RJH Smith, W Yang, P Ren and MJ Schnieders,
        2024, Journal of Chemical Physics, 161 (1).

        Copyright (c)  Michael J. Schnieders  2001-2026
        All Rights Reserved

        Force Field X is distributed under the GPL v. 3 license
        with linking exception and is hosted by the Schnieders Lab
        at The University of Iowa.

        User Manual:   https://ffx.biochem.uiowa.edu/manual.html
        Publications:  https://ffx.biochem.uiowa.edu/publications.html
        License:       https://ffx.biochem.uiowa.edu/licenses.html

 _________________________________________________________________________

 Sun May 17 12:06:21 CDT 2026
 Process ID 114390 on argon-itf-bx43-01.hpc.

 Command line arguments:
 [Minimize, -e, 0.1, /Dedicated/schnieders/maemmad/pKa_GNN/ffx_pipeline/data/fixed_pdbs/1I7K/1I7K_pH3.94.pdb_2, --saveInduced, --savePermanentMoments]

 Executing internal command: ffx.algorithms.commands.Minimize

 Initializing 1 topologies...
 Parsing: Internal force field (amoeba-bio-2018-cphmd).
 Parsing: Structure properties from (/Dedicated/schnieders/maemmad/pKa_GNN/ffx_pipeline/data/fixed_pdbs/1I7K/1I7K_input.properties).
 Parsing: JVM system properties (i.e. command line -Dkey=value pairs).

 Attempting to read force field patch from /Dedicated/schnieders/maemmad/pKa_GNN/naphosphate_solute.09Feb21.prm.

 Renumbering Patch: FALSE
 Reading 1I7K_pH3.94.pdb_2

 Assigning atom types for 2 chains.
 Amino acid chain A
 Amino acid chain B
 Constructing Force Field AMOEBA-BIO-2018-CPHMD

 SMP threads:                               128
 The system will be treated as aperiodic (max separation =  269.4 A).

 Bonded Terms
  Bonds:                                   5602
  Angles:                                 10138
  Stretch-Bends:                           8938
  Out-of-Plane Bends:                      3306
  Torsions:                               14920
  Pi-Orbital Torsions:                      634
  Torsion-Torsions:                          26

 Non-Bonded Terms

  Van der Waals
   Cut-Off:                                NONE
   Long-Range Correction:                 FALSE

 Electrostatics
   Polarization:                         MUTUAL
    SCF Convergence Criteria:         1.000e-06
    SCF Predictor:                         NONE
    SCF Algorithm:                           CG
    CG Preconditioner Cut-Off:            4.500
    CG Preconditioner Ewald Coeff.:       0.000
    CG Preconditioner Scale:              2.000
    CG Preconditioner Mode:     FLETCHER_REEVES
    Electrostatics Cut-Off:                NONE

  Continuum Solvation
   Radii:                                SOLUTE
   Generalized Kirkwood Cut-Off:           NONE
   GKC:                                  2.4550
   Solvent Dielectric:                  78.3000
   Solute Dielectric:                    1.0000
   Descreen with vdW Radii:                TRUE
   Descreen with Hydrogen Atoms:          FALSE
   Descreen Offset:                      0.0000
   General HCT Scale Factor:             0.7200
   Non-Polar Model:                  GAUSS-DISP
    GaussVol Radii Offset:               0.0000
    GaussVol Radii Scale:                1.0000
   Dispersion Integral Offset:           1.0560 (A)
   Cavitation Solvent Pressure:          0.0334 (Kcal/mol/A^3)
   Cavitation Surface Tension:           0.1030 (Kcal/mol/A^2)
   Cavitation Cross-Over Radius:         9.2515 (A)

  Overall system charge:                 26.000

 Opened 1I7K_pH3.94.pdb_2 in 1.754 sec.

 System Resources
  Total CPU time:          81.83 (sec)
  System load average:      0.10
  Open file handles:         146 of  81920 allowed
  System memory:          236764 MB free out of 257653 MB
  System swap space:        1345 MB free out of   2053 MB
  JVM memory:               3713 MB free out of   4096 MB

 Minimizing energy of Single Topology  [1I7K_pH3.94.pdb_2] 
 Setting lambda to 0.000.
 Generalized Kirkwood  -8776.22007254      0.434
 Cavitation             3701.64213103      0.352
 Dispersion            -2641.11686339      0.414

 Computed Potential Energy
  Bond Stretching           3285.48752005         5602        0.006 ( 0.04909)
  Angle Bending             3120.30589888        10138        0.010 ( 4.72826)
  Stretch-Bend               287.57267664         8938        0.010
  Out-of-Plane Bend           83.61929545         3306        0.002
  Torsional Angle            329.62092520        14920        0.011
  Pi-Orbital Torsion         192.63888215          634        0.001
  Torsion-Torsion           -114.46706400           26        0.005
  Van der Waals             1155.33734604     15294071        0.871
  Atomic Multipoles        -5225.48654701     15294071
  Polarization             -1349.53918586     15294071        6.660
  Solvation                -7715.69480490     15315345
  Total Potential          -5950.60505736  (Kcal/mole)        7.577 (sec)

 Limited Memory BFGS Quasi-Newton Optimization: 

 Cycle       Energy      G RMS    Delta E   Delta X    Angle  Evals     Time

     0   -5950.6051     7.9723
     1   -6118.0140     3.8486   167.4090    0.0032     0.00      2    3.075
     2   -6164.6943     2.2914    46.6803    0.0010    16.84      3   15.444
     3   -6223.7047     1.7852    59.0104    0.0023    15.83      4   16.996
     4   -6271.4419     1.9732    47.7371    0.0028    41.25      5   17.003
     5   -6315.1564     2.1449    43.7145    0.0032    56.44      6   16.304
     6   -6355.3605     1.7485    40.2042    0.0032    64.30      7   17.101
     7   -6387.3097     1.6200    31.9491    0.0032    63.86      8   15.998
     8   -6415.1972     1.1399    27.8876    0.0032    66.78      9   16.199
     9   -6438.3058     1.0831    23.1086    0.0032    62.69     10   16.196
    10   -6458.7027     1.0972    20.3969    0.0032    64.44     11   16.200
    11   -6478.9147     1.0656    20.2120    0.0032    66.44     12   17.696
    12   -6498.0111     1.1458    19.0963    0.0032    66.80     13   16.308
    13   -6517.3855     1.0597    19.3744    0.0032    68.82     14   15.597
    14   -6536.0636     1.1439    18.6781    0.0032    67.37     15   15.405
    15   -6554.4787     1.0008    18.4151    0.0032    70.05     16   16.697
    16   -6571.6460     1.0238    17.1673    0.0032    68.29     17   15.599
    17   -6588.7474     0.9744    17.1015    0.0032    69.02     18   15.991
    18   -6605.1833     0.8806    16.4359    0.0032    68.52     19   16.300
    19   -6620.2375     0.8454    15.0542    0.0032    68.61     20   15.510
    20   -6634.9274     1.0096    14.6899    0.0032    67.00     21   15.097
    21   -6649.3986     0.9165    14.4712    0.0032    72.40     22   15.698
    22   -6663.0568     1.1645    13.6582    0.0032    70.28     23   15.695
    23   -6677.1647     1.0468    14.1079    0.0032    75.39     24   15.900
    24   -6691.5789     1.3919    14.4142    0.0032    71.25     25   15.900
    25   -6705.8224     1.2729    14.2435    0.0032    77.85     26   15.900
    26   -6720.6694     1.3666    14.8469    0.0032    75.05     27   14.700
    27   -6735.4972     1.2319    14.8278    0.0032    77.35     28   16.107
    28   -6750.7452     1.2960    15.2480    0.0032    74.71     29   15.293
    29   -6765.5882     1.1554    14.8430    0.0032    76.72     30   15.008
    30   -6780.7360     1.1946    15.1478    0.0032    74.00     31   15.292
    31   -6795.0078     1.0711    14.2718    0.0032    76.20     32   15.400
    32   -6809.2816     1.1054    14.2738    0.0032    73.94     33   15.000
    33   -6822.7172     1.0097    13.4356    0.0032    76.00     34   15.105
    34   -6836.5557     1.0200    13.8385    0.0032    73.39     35   15.595
    35   -6848.9300     0.9673    12.3743    0.0032    76.10     36   17.306
    36   -6862.0188     1.2647    13.0888    0.0032    71.18     37   15.594
    37   -6873.4109     1.2281    11.3921    0.0032    79.76     38   16.200
    38   -6886.8353     1.2128    13.4244    0.0032    76.61     39   15.007
    39   -6908.8027     1.1052    21.9675    0.0065    79.29     41   30.593
    40   -6921.7226     0.9985    12.9199    0.0032    76.40     42   15.800
    41   -6944.7403     0.8325    23.0177    0.0065    76.56     44   30.702
    42   -6956.3327     0.8668    11.5923    0.0032    73.96     45   14.910
    43   -6979.1603     0.7704    22.8276    0.0065    74.70     47   30.896
    44   -6990.5799     0.7727    11.4197    0.0032    73.07     48   14.699
    45   -7012.4204     0.7771    21.8405    0.0065    73.16     50   31.194
    46   -7023.8330     0.7711    11.4125    0.0032    73.09     51   15.606
    47   -7044.7399     0.7914    20.9069    0.0065    73.97     53   30.900
    48   -7055.3483     0.8349    10.6085    0.0032    74.10     54   15.997
    49   -7065.3174     0.8249     9.9690    0.0032    76.41     55   16.316
    50   -7076.3082     1.1200    10.9908    0.0032    72.68     56   15.094
    51   -7095.5777     1.1272    19.2695    0.0065    79.94     58   29.893
    52   -7107.6888     1.1599    12.1112    0.0032    76.83     59   17.101
    53   -7127.3964     1.0692    19.7076    0.0065    80.19     61   31.513
    54   -7139.5399     1.0808    12.1434    0.0032    76.71     62   16.288
    55   -7161.2619     0.9728    21.7221    0.0065    78.50     64   31.096
    56   -7173.6777     0.9446    12.4157    0.0032    75.37     65   15.301
    57   -7196.6546     0.8745    22.9769    0.0065    76.18     67   31.009
    58   -7208.5981     0.8472    11.9435    0.0032    74.41     68   16.599
    59   -7231.4088     0.7791    22.8107    0.0065    74.60     70   33.402
    60   -7243.5132     0.8341    12.1045    0.0032    71.84     71   15.198
    61   -7265.5515     0.7927    22.0383    0.0065    74.86     73   31.307
    62   -7277.5113     0.9547    11.9598    0.0032    71.31     74   15.785
    63   -7298.0996     0.9415    20.5882    0.0065    77.71     76   30.808
    64   -7309.9947     0.9240    11.8951    0.0032    75.14     77   14.896
    65   -7330.3153     0.8965    20.3206    0.0065    77.55     79   31.699
    66   -7342.4885     0.8562    12.1732    0.0032    73.99     80   16.001
    67   -7372.6645     0.7925    30.1761    0.0097    76.40     83   47.505
    68   -7383.6757     0.7919    11.0112    0.0032    73.98     84   17.700
    69   -7413.3736     0.7471    29.6979    0.0097    75.49     87   47.900
    70   -7423.9290     0.7490    10.5554    0.0032    73.78     88   16.395
    71   -7444.0391     0.7132    20.1101    0.0065    74.72     90   30.893
    72   -7454.3022     0.7927    10.2631    0.0032    73.14     91   15.711
    73   -7474.2974     0.7534    19.9952    0.0065    75.69     93   31.100
    74   -7486.1799     0.8715    11.8825    0.0032    71.16     94   16.196
    75   -7515.6713     0.8635    29.4914    0.0097    76.92     97   47.302
    76   -7526.8333     0.8918    11.1619    0.0032    74.68     98   15.097
    77   -7555.1520     0.8936    28.3188    0.0097    77.80    101   47.006
    78   -7566.4578     0.8100    11.3058    0.0032    75.22    102   15.192
    79   -7594.5736     0.7730    28.1157    0.0097    76.69    105   48.006
    80   -7606.5492     0.7469    11.9756    0.0032    71.61    106   15.898
    81   -7635.5569     0.6955    29.0077    0.0097    75.16    109   46.298
    82   -7646.0697     0.8098    10.5128    0.0032    72.65    110   15.004
    83   -7675.4781     0.7714    29.4083    0.0097    76.23    113   46.595
    84   -7686.2518     0.8226    10.7737    0.0032    73.83    114   15.506
    85   -7715.0942     0.7822    28.8424    0.0097    76.66    117   45.799
    86   -7726.7018     0.7633    11.6076    0.0032    72.33    118   14.999
    87   -7755.0528     0.7378    28.3509    0.0097    75.91    121   47.494
    88   -7766.8260     0.7463    11.7733    0.0032    71.28    122   16.200
    89   -7795.2890     0.7229    28.4630    0.0097    75.57    125   49.806
    90   -7806.3672     0.7476    11.0781    0.0032    72.33    126   16.093
    91   -7844.2580     0.7064    37.8908    0.0129    75.43    130   62.908
    92   -7855.0419     0.6888    10.7839    0.0032    72.50    131   17.098
    93   -7892.2567     0.6448    37.2148    0.0129    74.39    135   62.596
    94   -7902.8135     0.6397    10.5569    0.0032    70.99    136   15.897
    95   -7939.0181     0.6117    36.2045    0.0129    73.61    140   63.502
    96   -7949.6922     0.6783    10.6741    0.0032    69.60    141   15.207
    97   -7976.7845     0.6709    27.0923    0.0097    74.86    144   46.898
    98   -7987.9381     0.7485    11.1536    0.0032    70.47    145   15.695
    99   -8024.4033     0.7637    36.4652    0.0129    76.01    149   63.706
   100   -8035.5782     0.7445    11.1749    0.0032    73.09    150   16.006
   101   -8072.0045     0.7525    36.4263    0.0129    76.00    154   61.494
   102   -8082.8669     0.6848    10.8624    0.0032    73.45    155   16.096
   103   -8119.1013     0.6614    36.2344    0.0129    74.86    159   60.497
   104   -8129.5758     0.6768    10.4744    0.0032    71.88    160   15.212
   105   -8165.8885     0.6360    36.3127    0.0129    74.68    164   64.394
   106   -8185.4569     0.9650    19.5684    0.0065    71.61    166   32.394
   107   -8221.1741     0.9179    35.7172    0.0129    79.50    170   64.998
   108   -8240.0406     1.0743    18.8665    0.0065    77.78    172   31.407
   109   -8274.1429     0.9993    34.1023    0.0129    81.00    176   64.192
   110   -8292.9249     0.9178    18.7820    0.0065    78.88    178   31.907
   111   -8325.2719     0.8284    32.3469    0.0129    79.99    182   60.395
   112   -8342.4269     0.7713    17.1550    0.0065    77.99    184   32.500
   113   -8373.0586     0.6509    30.6317    0.0129    78.68    188   62.105
   114   -8395.2590     0.8159    22.2003    0.0097    76.81    191   45.802
   115   -8417.2535     0.7150    21.9945    0.0097    79.87    194   49.901
   116   -8438.5540     0.8312    21.3006    0.0097    78.50    197   46.993
   117   -8459.2141     0.7462    20.6600    0.0097    80.58    200   48.107
   118   -8479.7834     0.8526    20.5693    0.0097    79.38    203   46.891
   119   -8499.6616     0.7974    19.8782    0.0097    81.13    206   48.309
   120   -8512.9501     0.8156    13.2885    0.0065    80.60    208   29.899
   121   -8532.3465     0.8012    19.3964    0.0097    81.00    211   47.096
   122   -8545.5234     0.8746    13.1769    0.0065    80.51    213   30.104
   123   -8564.3065     0.8401    18.7832    0.0097    81.89    216   45.793
   124   -8571.0782     0.8905     6.7717    0.0032    80.86    217   15.501
   125   -8589.7336     0.8903    18.6554    0.0097    82.13    220   47.807
   126   -8599.3385     0.8425     9.6048    0.0032    77.51    221   16.193
   127   -8626.4109     0.8692    27.0725    0.0129    80.90    225   62.002
   128   -8645.3356     0.8562    18.9247    0.0065    77.25    227   31.405
   129   -8682.6253     0.8553    37.2897    0.0162    80.11    232   74.995
   130   -8700.2049     0.9785    17.5796    0.0065    78.01    234   31.203
   131   -8739.2673     0.9577    39.0624    0.0162    80.99    239   77.902
   132   -8756.1251     1.0405    16.8578    0.0065    79.82    241   31.095
   133   -8795.8357     0.9655    39.7106    0.0162    81.39    246   75.594
   134   -8814.1538     1.0518    18.3181    0.0065    78.99    248   30.600
   135   -8854.0591     0.9653    39.9053    0.0162    81.45    253   78.911
   136   -8871.7813     1.0278    17.7222    0.0065    79.45    255   31.596
   137   -8911.0414     0.9292    39.2602    0.0162    81.39    260   77.802
   138   -8928.2883     0.9292    17.2469    0.0065    79.49    262   31.095
   139   -8967.2452     0.8326    38.9569    0.0162    80.55    267   78.497
   140   -8983.5614     0.8608    16.3162    0.0065    78.78    269   30.004
   141   -9020.9659     0.7823    37.4045    0.0162    80.15    274   79.105
   142   -9037.0241     0.8240    16.0583    0.0065    78.15    276   31.895
   143   -9073.0071     0.7820    35.9830    0.0162    80.10    281   77.112
   144   -9088.6063     0.8537    15.5993    0.0065    78.36    283   30.395
   145   -9122.9461     0.8151    34.3398    0.0162    80.85    288   79.487
   146   -9138.3224     0.8914    15.3763    0.0065    78.94    290   31.511
   147   -9171.6186     0.8594    33.2962    0.0162    81.52    295   77.997
   148   -9187.2848     0.8916    15.6662    0.0065    79.36    297   31.316
   149   -9220.3429     0.8608    33.0581    0.0162    81.57    302   76.584
   150   -9235.3904     0.9106    15.0475    0.0065    79.80    304   31.005
   151   -9268.5029     0.8671    33.1125    0.0162    81.75    309   78.991
   152   -9283.9131     0.9061    15.4102    0.0065    79.74    311   31.105
   153   -9317.8372     0.8312    33.9241    0.0162    81.48    316   78.198
   154   -9332.1986     0.9644    14.3613    0.0065    79.97    318   31.400
   155   -9366.0232     0.8949    33.8246    0.0162    82.04    323   76.704
   156   -9381.6290     0.9628    15.6058    0.0065    79.90    325   30.494
   157   -9415.4006     0.8980    33.7716    0.0162    82.01    330   78.006
   158   -9431.1957     0.9707    15.7951    0.0065    79.56    332   30.899
   159   -9464.5083     0.9070    33.3126    0.0162    82.19    337   78.497
   160   -9480.7663     0.9788    16.2579    0.0065    79.35    339   31.297
   161   -9513.9398     0.9263    33.1735    0.0162    82.29    344   76.605
   162   -9530.5497     0.9128    16.6100    0.0065    79.32    346   32.202
   163   -9557.2321     0.8695    26.6824    0.0129    81.77    350   62.194
   164   -9565.5702     0.8229     8.3381    0.0032    79.14    351   15.906
   165   -9593.1225     0.7678    27.5523    0.0129    80.56    355   62.193
   166   -9602.0517     0.7623     8.9292    0.0032    76.82    356   15.900
   167   -9638.1654     0.6908    36.1137    0.0162    79.17    361   78.897
   168   -9654.1881     0.8795    16.0227    0.0065    76.48    363   31.104
   169   -9683.6792     0.8077    29.4911    0.0129    80.53    367   64.205
   170   -9699.4764     0.9798    15.7972    0.0065    78.49    369   30.388
   171   -9728.9112     0.9157    29.4348    0.0129    81.51    373   58.812
   172   -9738.3964     0.8393     9.4852    0.0032    78.11    374   16.097
   173   -9768.1017     0.7791    29.7053    0.0129    79.96    378   62.300
   174   -9777.6861     0.7080     9.5845    0.0032    75.93    379   15.103
   175   -9807.7202     0.6318    30.0341    0.0129    77.93    383   60.600
   176   -9816.0928     0.6906     8.3726    0.0032    74.92    384   14.897
   177   -9845.8238     0.6274    29.7309    0.0129    77.75    388   62.494
   178   -9853.7148     0.7295     7.8910    0.0032    75.58    389   17.404
   179   -9882.6244     0.6951    28.9096    0.0129    78.70    393   62.604
   180   -9891.5523     0.7138     8.9279    0.0032    74.79    394   15.899
   181   -9919.4402     0.6887    27.8879    0.0129    78.80    398   61.301
   182   -9928.8883     0.6449     9.4481    0.0032    73.87    399   16.299
   183   -9956.6445     0.6130    27.7561    0.0129    77.66    403   64.392
   184   -9965.2776     0.6322     8.6331    0.0032    73.69    404   16.201
   185   -9993.1161     0.5901    27.8385    0.0129    77.35    408   61.107
   186  -10001.3945     0.6229     8.2784    0.0032    73.90    409   15.793
   187  -10029.6354     0.5874    28.2409    0.0129    77.00    413   63.608
   188  -10037.6857     0.6119     8.0504    0.0032    74.20    414   14.799
   189  -10065.5465     0.5718    27.8607    0.0129    76.87    418   62.889
   190  -10073.8666     0.5862     8.3202    0.0032    73.11    419   15.513
   191  -10094.9313     0.5662    21.0646    0.0097    76.41    422   46.194
   192  -10103.1591     0.6070     8.2278    0.0032    73.20    423   14.705
   193  -10131.2305     0.5802    28.0714    0.0129    76.69    427   60.800
   194  -10139.1044     0.5919     7.8738    0.0032    74.41    428   15.598
   195  -10159.9201     0.5759    20.8158    0.0097    76.70    431   44.302
   196  -10167.8378     0.5701     7.9177    0.0032    74.03    432   14.699
   197  -10188.3877     0.5448    20.5498    0.0097    76.32    435   45.793
   198  -10196.1331     0.5831     7.7454    0.0032    73.43    436   14.598
   199  -10216.3236     0.5446    20.1905    0.0097    76.85    439   45.808
   200  -10223.7194     0.6101     7.3958    0.0032    74.31    440   17.897
   201  -10243.4606     0.5752    19.7412    0.0097    77.71    443   46.995
   202  -10250.6158     0.5906     7.1552    0.0032    75.63    444   16.107
   203  -10269.6993     0.5502    19.0834    0.0097    77.74    447   46.403
   204  -10276.6811     0.5469     6.9819    0.0032    75.35    448   15.290
   205  -10295.1578     0.5055    18.4766    0.0097    77.19    451   49.808
   206  -10301.8790     0.5271     6.7212    0.0032    74.72    452   16.501
   207  -10319.7096     0.4846    17.8306    0.0097    77.09    455   46.706
   208  -10326.1233     0.5161     6.4137    0.0032    74.78    456   15.094
   209  -10343.3650     0.4853    17.2417    0.0097    77.19    459   45.300
   210  -10349.5371     0.5498     6.1721    0.0032    74.92    460   15.198
   211  -10365.8705     0.5338    16.3334    0.0097    78.61    463   44.602
   212  -10371.9516     0.5637     6.0811    0.0032    76.52    464   14.900
   213  -10387.4029     0.5415    15.4514    0.0097    79.43    467   48.394
   214  -10393.7326     0.5562     6.3297    0.0032    76.07    468   15.901
   215  -10408.8733     0.5357    15.1407    0.0097    79.52    471   47.003
   216  -10414.8543     0.5722     5.9810    0.0032    76.88    472   17.396
   217  -10430.0050     0.5406    15.1507    0.0097    79.85    475   46.606
   218  -10436.2010     0.6024     6.1960    0.0032    76.42    476   15.993
   219  -10451.5298     0.5898    15.3288    0.0097    80.27    479   46.304
   220  -10458.1585     0.5869     6.6287    0.0032    76.61    480   15.890
   221  -10473.7148     0.5606    15.5563    0.0097    79.87    483   45.805
   222  -10480.7148     0.6070     7.0000    0.0032    75.01    484   15.700
   223  -10496.7065     0.5758    15.9917    0.0097    79.91    487   45.901
   224  -10503.7345     0.6259     7.0280    0.0032    75.45    488   15.603
   225  -10520.3931     0.5905    16.6586    0.0097    79.83    491   44.297
   226  -10527.0648     0.6376     6.6717    0.0032    76.76    492   14.806
   227  -10543.9971     0.5934    16.9323    0.0097    79.84    495   43.900
   228  -10551.1092     0.6041     7.1121    0.0032    75.76    496   14.800
   229  -10568.1473     0.5467    17.0382    0.0097    79.15    499   47.295
   230  -10574.9590     0.5643     6.8117    0.0032    75.41    500   14.699
   231  -10586.6948     0.5199    11.7358    0.0065    78.24    502   30.906
   232  -10593.3879     0.5835     6.6930    0.0032    74.81    503   15.000
   233  -10605.3032     0.5353    11.9153    0.0065    78.44    505   31.098
   234  -10611.6096     0.5982     6.3065    0.0032    76.06    506   15.700
   235  -10623.1969     0.5541    11.5873    0.0065    78.99    508   32.401
   236  -10629.4882     0.5741     6.2912    0.0032    76.55    509   15.394
   237  -10640.6523     0.5329    11.1642    0.0065    78.95    511   30.600
   238  -10646.5122     0.5551     5.8598    0.0032    77.03    512   15.412
   239  -10657.1221     0.4989    10.6100    0.0065    79.12    514   30.490
   240  -10662.7464     0.5587     5.6243    0.0032    76.83    515   15.504
   241  -10673.0188     0.5038    10.2724    0.0065    79.53    517   31.194
   242  -10678.3240     0.5646     5.3052    0.0032    77.68    518   15.298
   243  -10688.2214     0.5238     9.8974    0.0065    80.08    520   30.204
   244  -10693.3468     0.5428     5.1254    0.0032    78.57    521   16.799
   245  -10702.7575     0.4919     9.4107    0.0065    80.11    523   32.096
   246  -10707.7852     0.5512     5.0277    0.0032    77.89    524   16.211
   247  -10716.8065     0.5109     9.0212    0.0065    80.69    526   33.891
   248  -10721.7298     0.5625     4.9233    0.0032    78.65    527   15.709
   249  -10730.4889     0.5285     8.7591    0.0065    81.16    529   31.791
   250  -10735.4537     0.5896     4.9648    0.0032    78.67    530   16.299
   251  -10744.0106     0.5650     8.5569    0.0065    81.78    532   34.704
   252  -10749.2684     0.5566     5.2578    0.0032    78.91    533   28.401
   253  -10757.9292     0.5375     8.6608    0.0065    81.23    535   53.616
   254  -10763.1707     0.5714     5.2415    0.0032    78.43    536   31.086
   255  -10772.0417     0.5441     8.8711    0.0065    81.25    538   34.698
   256  -10777.3205     0.5741     5.2787    0.0032    78.67    539   16.202
   257  -10790.8948     0.5124    13.5744    0.0097    80.91    542   73.301
   258  -10796.0468     0.5629     5.1520    0.0032    78.24    543   22.593
   259  -10809.5283     0.5194    13.4815    0.0097    80.81    546   76.502
   260  -10814.9128     0.5525     5.3845    0.0032    77.66    547   16.605
   261  -10828.1219     0.5081    13.2091    0.0097    80.80    550   51.595
   262  -10834.0170     0.5516     5.8951    0.0032    75.88    551   17.800
   263  -10843.0274     0.5319     9.0104    0.0065    80.77    553   31.295
   264  -10849.3618     0.6177     6.3344    0.0032    75.36    554   16.700
   265  -10859.0026     0.5942     9.6408    0.0065    81.19    556   33.019
   266  -10865.2691     0.6451     6.2666    0.0032    77.45    557   17.789
   267  -10875.6380     0.6089    10.3689    0.0065    80.93    559   32.312
   268  -10881.7207     0.6202     6.0827    0.0032    78.25    560   16.798
   269  -10892.4840     0.5676    10.7633    0.0065    80.20    562   32.387
   270  -10898.3659     0.6096     5.8819    0.0032    77.88    563   15.814
   271  -10909.2286     0.5387    10.8628    0.0065    79.89    565   32.289
   272  -10915.0646     0.5609     5.8360    0.0032    77.49    566   16.805
   273  -10925.8198     0.4849    10.7552    0.0065    79.08    568   38.107
   274  -10931.1906     0.5345     5.3708    0.0032    76.97    569   16.582
   275  -10941.1754     0.4695     9.9848    0.0065    79.28    571   34.510
   276  -10946.4411     0.4894     5.2657    0.0032    76.65    572   17.093
   277  -10955.6104     0.4481     9.1693    0.0065    79.20    574   32.309
   278  -10960.3550     0.4960     4.7445    0.0032    77.12    575   16.191
   279  -10968.6570     0.4581     8.3020    0.0065    80.32    577   31.713
   280  -10973.0884     0.4993     4.4314    0.0032    78.41    578   15.793
   281  -10980.8224     0.4522     7.7339    0.0065    81.00    580   32.891
   282  -10985.0716     0.5493     4.2492    0.0032    78.50    581   16.810
   283  -10992.5173     0.5207     7.4457    0.0065    82.11    583   41.001
   284  -10996.8213     0.5897     4.3041    0.0032    79.83    584   21.796
   285  -11004.2853     0.5558     7.4640    0.0065    82.67    586   42.704
   286  -11008.9441     0.6310     4.6588    0.0032    79.52    587   17.502
   287  -11016.7145     0.5945     7.7704    0.0065    82.89    589   33.184
   288  -11021.7058     0.6213     4.9913    0.0032    79.71    590   17.706
   289  -11029.9707     0.5686     8.2649    0.0065    82.33    592   32.902
   290  -11034.4912     0.6367     4.5205    0.0032    80.46    593   15.802
   291  -11042.9238     0.5587     8.4326    0.0065    82.30    595   33.603
   292  -11047.4717     0.6039     4.5479    0.0032    80.23    596   16.700
   293  -11055.8296     0.5120     8.3578    0.0065    81.91    598   33.206
   294  -11060.1402     0.5967     4.3107    0.0032    79.82    599   16.700
   295  -11068.0515     0.5038     7.9112    0.0065    82.18    601   37.193
   296  -11072.4907     0.5671     4.4392    0.0032    79.14    602   22.002
   297  -11079.8437     0.5007     7.3530    0.0065    82.29    604   43.487
   298  -11084.0243     0.6463     4.1806    0.0032    78.80    605   17.100
   299  -11087.5839     0.6254     3.5596    0.0032    83.79    606   22.512
   300  -11092.4721     0.6926     4.8882    0.0032    79.81    607   16.501
   301  -11099.7898     0.6487     7.3177    0.0065    83.75    609   32.598
   302  -11104.2982     0.6928     4.5085    0.0032    81.06    610   16.202
   303  -11108.1827     0.6630     3.8845    0.0032    83.69    611   16.889
   304  -11112.8118     0.6911     4.6291    0.0032    81.59    612   17.613
   305  -11117.3175     0.6266     4.5057    0.0032    82.66    613   20.807
   306  -11121.7841     0.6773     4.4665    0.0032    81.67    614   26.608
   307  -11126.6978     0.5735     4.9137    0.0032    81.80    615   40.372
   308  -11131.1034     0.6188     4.4056    0.0032    81.20    616   32.514
   309  -11136.0175     0.4892     4.9141    0.0032    80.90    617   22.792
   310  -11140.4121     0.4643     4.3946    0.0032    79.81    618   16.793
   311  -11144.4082     0.5564     3.9960    0.0032    78.95    619   16.400
   312  -11148.3271     0.5080     3.9190    0.0032    81.98    620   16.803
   313  -11152.1283     0.5378     3.8012    0.0032    81.18    621   16.001
   314  -11155.8373     0.4693     3.7090    0.0032    82.20    622   16.003
   315  -11159.3708     0.4838     3.5336    0.0032    81.29    623   16.599
   316  -11162.8506     0.4345     3.4798    0.0032    81.87    624   16.592
   317  -11166.2000     0.4313     3.3494    0.0032    81.06    625   17.413
   318  -11169.4009     0.3934     3.2009    0.0032    81.53    626   16.187
   319  -11172.6657     0.4239     3.2648    0.0032    79.99    627   16.702
   320  -11175.5888     0.3978     2.9231    0.0032    82.16    628   16.218
   321  -11178.6022     0.6030     3.0134    0.0032    79.58    629   16.792
   322  -11181.3253     0.5799     2.7231    0.0032    84.87    630   16.089
   323  -11185.2402     0.6377     3.9149    0.0032    81.28    631   15.608
   324  -11191.0200     0.5929     5.7798    0.0065    84.64    633   37.703
   325  -11195.4722     0.6008     4.4522    0.0032    80.46    634   18.689
   326  -11202.0707     0.5488     6.5984    0.0065    83.53    636   41.705
   327  -11205.9819     0.5633     3.9113    0.0032    81.41    637   22.299
   328  -11213.1970     0.4842     7.2151    0.0065    82.40    639   35.412
   329  -11216.8269     0.5111     3.6299    0.0032    81.12    640   15.587
   330  -11220.7666     0.4445     3.9397    0.0032    81.22    641   16.098
   331  -11224.2898     0.5321     3.5232    0.0032    80.57    642   16.008
   332  -11228.2513     0.4538     3.9615    0.0032    81.46    643   15.993
   333  -11231.9239     0.4708     3.6725    0.0032    80.49    644   18.210
   334  -11235.5115     0.3904     3.5876    0.0032    81.16    645   16.099
   335  -11238.9755     0.4009     3.4641    0.0032    79.53    646   17.900
   336  -11242.1866     0.3417     3.2111    0.0032    80.60    647   17.793
   337  -11245.2763     0.3362     3.0896    0.0032    79.34    648   21.794
   338  -11248.1615     0.3326     2.8853    0.0032    79.88    649   23.714
   339  -11251.1379     0.3106     2.9764    0.0032    79.28    650   28.986
   340  -11253.7495     0.3039     2.6116    0.0032    80.18    651   25.514
   341  -11256.5638     0.4855     2.8144    0.0032    77.70    652   25.989
   342  -11259.0202     0.4729     2.4563    0.0032    84.12    653   19.599
   343  -11261.3031     0.9839     2.2829    0.0032    79.57    654   19.705
   344  -11263.8873     0.8935     2.5842    0.0032    86.96    655   16.305
   345  -11267.6235     0.7746     3.7362    0.0032    85.20    656   18.090
   346  -11271.4175     0.6559     3.7940    0.0032    84.34    657   16.704
   347  -11275.4417     0.5584     4.0243    0.0032    82.93    658   15.707
   348  -11279.6016     0.4658     4.1598    0.0032    81.24    659   15.994
   349  -11283.5209     0.3737     3.9193    0.0032    80.16    660   16.900
   350  -11287.5204     0.3546     3.9995    0.0032    77.12    661   17.494
   351  -11291.5111     0.2895     3.9907    0.0032    76.12    662   16.410
   352  -11294.5656     0.2806     3.0546    0.0032    77.14    663   17.590
   353  -11297.8459     0.5071     3.2803    0.0032    73.74    664   16.500
   354  -11300.4126     0.4609     2.5667    0.0032    83.71    665   16.000
   355  -11302.8893     0.7183     2.4768    0.0032    81.27    666   18.505
   356  -11305.6503     0.6008     2.7610    0.0032    85.20    667   16.793
   357  -11309.1516     0.6386     3.5013    0.0032    82.05    668   16.202
   358  -11313.1966     0.4491     4.0450    0.0032    82.05    669   18.799
   359  -11317.8953     0.4546     4.6987    0.0032    76.19    670   20.307
   360  -11322.5334     0.4692     4.6380    0.0032    74.85    671   25.095
   361  -11327.1877     0.4778     4.6543    0.0032    74.13    672   31.608
   362  -11329.4348     0.7264     2.2471    0.0032    76.30    673   23.101
   363  -11332.2594     0.3720     2.8246    0.0027    82.38    674   21.998
   364  -11334.1269     0.2969     1.8675    0.0023    79.43    675   16.492
   365  -11336.0508     0.3318     1.9238    0.0026    75.52    676   17.702
   366  -11337.9860     0.5444     1.9353    0.0015    61.26    677   18.106
   367  -11340.3562     0.4600     2.3701    0.0017    79.62    678   16.696
   368  -11343.4650     0.4230     3.1088    0.0032    81.19    679   15.302
   369  -11345.9260     0.4816     2.4610    0.0032    82.26    680   14.703
   370  -11348.2084     0.4019     2.2825    0.0032    83.81    681   15.908
   371  -11350.2652     0.3733     2.0567    0.0032    83.29    682   15.982
   372  -11352.1414     0.3652     1.8762    0.0032    83.38    683   15.802
   373  -11354.1122     0.3430     1.9709    0.0032    82.91    684   15.005
   374  -11356.1559     0.3348     2.0437    0.0032    82.18    685   15.906
   375  -11358.1621     0.3066     2.0062    0.0032    82.30    686   16.588
   376  -11360.4096     0.4308     2.2476    0.0032    79.82    687   16.398
   377  -11362.5988     0.3532     2.1891    0.0032    83.40    688   15.901
   378  -11364.7369     0.3953     2.1381    0.0032    81.83    689   16.102
   379  -11367.1733     0.3724     2.4364    0.0032    81.54    690   16.301
   380  -11369.6043     0.3738     2.4309    0.0032    80.68    691   16.400
   381  -11372.1397     0.4011     2.5354    0.0032    79.41    692   16.398
   382  -11374.9023     0.5158     2.7626    0.0032    76.53    693   15.402
   383  -11377.2674     0.4783     2.3651    0.0015    70.45    694   15.002
   384  -11379.4386     0.3495     2.1713    0.0020    79.16    695   14.899
   385  -11381.4268     0.5305     1.9882    0.0022    70.48    696   15.905
   386  -11383.3165     0.3025     1.8897    0.0008    66.04    697   15.404
   387  -11385.6013     0.3666     2.2848    0.0027    78.21    698   15.592
   388  -11387.6291     0.4317     2.0277    0.0032    82.95    699   15.005
   389  -11389.5692     0.4049     1.9402    0.0032    84.06    700   15.093
   390  -11391.2405     0.3526     1.6713    0.0032    84.90    701   16.116
   391  -11392.7794     0.4172     1.5389    0.0032    84.25    702   15.182
   392  -11394.3440     0.3419     1.5646    0.0032    85.42    703   15.800
   393  -11395.9236     0.3578     1.5796    0.0032    84.05    704   15.900
   394  -11397.4496     0.2854     1.5260    0.0032    84.74    705   15.112
   395  -11399.1390     0.3481     1.6893    0.0032    82.15    706   15.795
   396  -11400.6269     0.2964     1.4880    0.0032    84.70    707   15.299
   397  -11402.2868     0.4145     1.6598    0.0032    82.49    708   15.998
   398  -11403.9584     0.3713     1.6717    0.0032    85.05    709   16.398
   399  -11405.7213     0.4434     1.7629    0.0032    83.76    710   17.600
   400  -11407.6287     0.3928     1.9074    0.0032    84.76    711   22.307
   401  -11409.8132     0.5504     2.1845    0.0032    82.20    712   20.201
   402  -11412.0554     0.4817     2.2422    0.0032    85.03    713   20.599
   403  -11414.6021     0.6326     2.5466    0.0032    82.60    714   18.993
   404  -11417.1547     0.5300     2.5526    0.0032    85.07    715   19.501
   405  -11420.0597     0.5588     2.9050    0.0032    82.81    716   16.203
   406  -11422.7631     0.4247     2.7034    0.0032    83.96    717   17.695
   407  -11425.8808     0.4804     3.1177    0.0032    79.91    718   18.205
   408  -11428.4896     0.3404     2.6088    0.0032    82.56    719   15.894
   409  -11431.3025     0.5288     2.8130    0.0032    75.74    720   20.612
   410  -11433.2690     0.4242     1.9664    0.0032    81.99    721   19.793
   411  -11435.0754     0.3687     1.8064    0.0016    77.74    722   23.206
   412  -11437.2848     0.3537     2.2095    0.0025    76.41    723   20.896
   413  -11438.7824     0.3654     1.4975    0.0024    78.07    724   20.694
   414  -11440.2976     0.2938     1.5153    0.0010    71.10    725   17.407
   415  -11442.6914     0.3899     2.3938    0.0029    77.63    726   21.291
   416  -11444.7598     0.4379     2.0684    0.0032    82.80    727   23.906
   417  -11446.4377     0.3911     1.6778    0.0032    84.85    728   16.506
   418  -11448.0109     0.3333     1.5732    0.0032    84.87    729   16.196
   419  -11449.5263     0.3411     1.5154    0.0032    84.12    730   16.194
   420  -11451.1733     0.2942     1.6470    0.0032    83.99    731   19.316
   421  -11452.8877     0.3056     1.7144    0.0032    82.70    732   15.793
   422  -11454.5817     0.2779     1.6940    0.0032    83.11    733   15.497
   423  -11456.5063     0.3296     1.9246    0.0032    81.05    734   15.794
   424  -11458.2437     0.2818     1.7374    0.0032    83.36    735   14.907
   425  -11460.1124     0.3713     1.8687    0.0032    81.05    736   15.800
   426  -11461.9379     0.3127     1.8255    0.0032    83.56    737   15.301
   427  -11463.8887     0.4044     1.9509    0.0032    81.05    738   15.192
   428  -11465.9865     0.3406     2.0978    0.0032    82.74    739   15.202
   429  -11468.4080     0.4412     2.4215    0.0032    78.81    740   16.096
   430  -11471.2250     0.4236     2.8169    0.0032    79.08    741   15.201
   431  -11473.7601     0.5770     2.5351    0.0021    71.02    742   15.605
   432  -11476.0859     0.3620     2.3259    0.0018    77.01    743   15.899
   433  -11477.5745     0.2699     1.4886    0.0019    78.62    744   16.298
   434  -11479.0486     0.4495     1.4741    0.0009    47.56    745   15.406
   435  -11480.8392     0.2402     1.7905    0.0016    78.06    746   14.996
   436  -11482.5431     0.2559     1.7039    0.0032    80.20    747   15.802
   437  -11483.9277     0.3290     1.3846    0.0032    81.85    748   15.395
   438  -11485.1293     0.2950     1.2016    0.0032    85.03    749   15.916
   439  -11486.3989     0.3178     1.2695    0.0032    84.22    750   15.493
   440  -11487.8944     0.2900     1.4956    0.0032    84.02    751   15.991
   441  -11489.5173     0.2874     1.6229    0.0032    82.88    752   15.214
   442  -11491.2975     0.2797     1.7802    0.0032    82.18    753   15.388
   443  -11493.1203     0.2874     1.8228    0.0032    81.76    754   15.903
   444  -11494.9874     0.2862     1.8671    0.0032    81.85    755   18.592
   445  -11496.9073     0.3241     1.9200    0.0032    81.56    756   15.800
   446  -11498.7630     0.3107     1.8556    0.0032    82.79    757   16.000
   447  -11500.7332     0.3252     1.9702    0.0032    82.10    758   15.502
   448  -11502.6764     0.3569     1.9432    0.0032    82.25    759   16.109
   449  -11504.7526     0.3317     2.0762    0.0032    82.75    760   16.397
   450  -11506.6972     0.4419     1.9446    0.0032    81.84    761   17.410
   451  -11508.9107     0.3692     2.2134    0.0032    83.65    762   16.089
   452  -11510.9612     0.5029     2.0506    0.0032    81.75    763   17.496
   453  -11513.4380     0.3593     2.4768    0.0032    83.32    764   15.299
   454  -11515.8403     0.4632     2.4023    0.0032    79.27    765   16.103
   455  -11518.4138     0.3810     2.5735    0.0032    79.46    766   16.008
   456  -11520.2651     0.3960     1.8513    0.0010    65.34    767   16.200
   457  -11522.5949     0.3430     2.3299    0.0016    68.71    768   16.095
   458  -11524.4819     0.4445     1.8869    0.0016    66.93    769   16.806
   459  -11526.4546     0.4033     1.9728    0.0016    74.10    770   15.693
   460  -11528.5112     0.3278     2.0566    0.0027    81.40    771   15.800
   461  -11530.0908     0.3943     1.5796    0.0032    83.21    772   15.698
   462  -11531.6913     0.3026     1.6005    0.0032    84.29    773   14.796
   463  -11533.1748     0.2907     1.4835    0.0032    83.54    774   15.707
   464  -11534.6306     0.3700     1.4559    0.0032    82.90    775   15.906
   465  -11536.3350     0.3201     1.7044    0.0032    84.08    776   16.296
   466  -11538.0847     0.3513     1.7497    0.0032    82.64    777   16.104
   467  -11539.9150     0.2847     1.8304    0.0032    83.12    778   15.400
   468  -11541.7522     0.2948     1.8372    0.0032    81.35    779   15.507
   469  -11543.3849     0.3196     1.6327    0.0032    82.02    780   17.985
   470  -11545.2551     0.2912     1.8701    0.0032    81.86    781   15.905
   471  -11546.9339     0.3998     1.6789    0.0032    81.14    782   15.103
   472  -11549.2056     0.3453     2.2716    0.0032    81.99    783   15.897
   473  -11551.3003     0.5402     2.0948    0.0032    79.11    784   15.096
   474  -11554.2172     0.3731     2.9168    0.0023    78.09    785   16.297
   475  -11556.3538     0.6116     2.1366    0.0020    67.08    786   15.910
   476  -11558.3843     0.2920     2.0305    0.0014    76.61    787   15.296
   477  -11559.5376     0.2533     1.1533    0.0006    61.32    788   15.501
   478  -11561.2080     0.3311     1.6705    0.0011    61.25    789   16.800
   479  -11563.3345     0.3487     2.1265    0.0032    79.23    790   16.403
   480  -11564.7736     0.3386     1.4390    0.0032    83.50    791   15.695
   481  -11566.0666     0.2942     1.2931    0.0032    84.72    792   15.317
   482  -11567.4791     0.3213     1.4125    0.0032    83.43    793   15.083
   483  -11568.9991     0.2789     1.5200    0.0032    83.70    794   15.198
   484  -11570.6327     0.2961     1.6336    0.0032    82.10    795   14.904
   485  -11572.2885     0.2643     1.6558    0.0032    82.45    796   15.909
   486  -11574.0214     0.2858     1.7329    0.0032    80.86    797   14.894
   487  -11575.6324     0.3425     1.6110    0.0032    81.49    798   16.892
   488  -11577.4496     0.3226     1.8171    0.0032    82.13    799   16.406
   489  -11579.1692     0.4335     1.7197    0.0032    80.72    800   15.900
   490  -11581.4639     0.3518     2.2946    0.0027    79.78    801   15.799
   491  -11583.6650     0.4933     2.2012    0.0024    74.21    802   14.592
   492  -11585.9593     0.3547     2.2943    0.0016    73.26    803   15.908
   493  -11587.7755     0.3628     1.8162    0.0014    70.61    804   16.389
   494  -11589.8252     0.3276     2.0497    0.0028    78.33    805   15.209
   495  -11591.3840     0.3703     1.5588    0.0032    82.07    806   15.094
   496  -11592.8785     0.3138     1.4945    0.0032    84.38    807   18.903
   497  -11594.4262     0.3408     1.5477    0.0032    82.87    808   15.105
   498  -11595.9777     0.2674     1.5514    0.0032    83.82    809   15.900
   499  -11597.4859     0.2875     1.5082    0.0032    82.22    810   15.589
   500  -11598.9995     0.2567     1.5136    0.0032    82.87    811   15.105
   501  -11600.4361     0.2902     1.4366    0.0032    82.11    812   15.606
   502  -11601.9058     0.2440     1.4697    0.0032    82.95    813   15.508
   503  -11603.4518     0.3224     1.5460    0.0032    80.46    814   16.084
   504  -11604.9235     0.2904     1.4718    0.0032    83.18    815   17.600
   505  -11606.8176     0.3081     1.8941    0.0032    79.94    816   15.522
   506  -11608.2638     0.5823     1.4462    0.0032    79.10    817   17.588
   507  -11610.3464     0.3296     2.0826    0.0010    73.25    818   15.701
   508  -11612.2909     0.2881     1.9445    0.0014    67.51    819   15.795
   509  -11613.7174     0.4707     1.4265    0.0013    64.41    820   15.003
   510  -11615.3271     0.2971     1.6096    0.0015    78.75    821   14.901
   511  -11616.8303     0.2766     1.5032    0.0028    80.29    822   15.202
   512  -11617.8507     0.4171     1.0204    0.0032    82.34    823   15.799
   513  -11618.9543     0.2661     1.1036    0.0020    83.35    824   15.299
   514  -11620.1868     0.2666     1.2325    0.0020    78.70    825   15.398
   515  -11621.2526     0.3931     1.0658    0.0025    80.18    826   15.495
   516  -11622.1877     0.3756     0.9351    0.0028    83.64    827   15.909
   517  -11623.0235     0.2512     0.8357    0.0005    70.10    828   16.699
   518  -11624.2702     0.2360     1.2467    0.0016    75.53    829   15.188
   519  -11625.5775     0.3686     1.3073    0.0032    81.16    830   15.807
   520  -11626.6718     0.3877     1.0943    0.0032    84.79    831   16.098
   521  -11627.9886     0.3235     1.3168    0.0032    85.53    832   16.102
   522  -11629.4858     0.3268     1.4972    0.0032    83.86    833   15.398
   523  -11631.1542     0.2689     1.6684    0.0032    83.33    834   16.399
   524  -11632.7744     0.2795     1.6202    0.0032    82.19    835   16.101
   525  -11634.1706     0.2949     1.3963    0.0032    83.18    836   15.800
   526  -11635.6234     0.2667     1.4528    0.0032    83.56    837   16.005
   527  -11636.9309     0.3863     1.3075    0.0032    82.89    838   16.001
   528  -11638.3037     0.3093     1.3728    0.0032    85.34    839   16.591
   529  -11639.6373     0.3683     1.3336    0.0032    83.77    840   16.209
   530  -11641.1050     0.2652     1.4676    0.0032    84.52    841   15.795
   531  -11642.6347     0.3149     1.5297    0.0032    81.37    842   16.004
   532  -11644.0837     0.3516     1.4490    0.0032    81.64    843   15.392
   533  -11645.5448     0.3247     1.4611    0.0014    75.56    844   14.908
   534  -11647.1575     0.3982     1.6127    0.0015    69.12    845   16.193
   535  -11648.6907     0.3241     1.5331    0.0013    72.13    846   15.607
   536  -11650.0578     0.2921     1.3672    0.0009    66.78    847   15.792
   537  -11651.5720     0.2934     1.5142    0.0024    76.57    848   15.602
   538  -11652.5510     0.3862     0.9790    0.0032    83.22    849   15.606
   539  -11653.5404     0.2686     0.9894    0.0025    85.35    850   15.093
   540  -11654.5810     0.2411     1.0406    0.0032    83.92    851   19.796
   541  -11655.5148     0.3044     0.9337    0.0032    83.49    852   15.809
   542  -11656.7207     0.2922     1.2059    0.0032    84.45    853   15.704
   543  -11658.0600     0.3152     1.3394    0.0032    83.10    854   15.499
   544  -11659.5448     0.2669     1.4847    0.0032    82.78    855   15.590
   545  -11660.9260     0.4087     1.3812    0.0032    79.39    856   15.610
   546  -11662.2913     0.2896     1.3653    0.0015    78.91    857   17.793
   547  -11663.9741     0.3087     1.6828    0.0017    73.87    858   15.900
   548  -11665.4118     0.5668     1.4377    0.0032    78.64    859   15.503
   549  -11666.8754     0.3093     1.4636    0.0022    83.77    860   16.096
   550  -11667.9364     0.2915     1.0610    0.0021    82.61    861   16.700
   551  -11669.1966     0.3361     1.2602    0.0032    83.60    862   15.097
   552  -11670.2926     0.4357     1.0960    0.0032    83.89    863   16.000
   553  -11671.6779     0.3144     1.3853    0.0032    85.52    864   15.810
   554  -11673.1543     0.3020     1.4764    0.0032    83.41    865   16.392
   555  -11674.4812     0.2939     1.3269    0.0032    83.45    866   16.608
   556  -11675.8357     0.2598     1.3545    0.0032    83.31    867   16.194
   557  -11676.7646     0.4545     0.9289    0.0032    83.18    868   16.006
   558  -11678.0655     0.2641     1.3009    0.0031    85.48    869   15.693
   559  -11679.2059     0.2608     1.1404    0.0020    78.81    870   15.408
   560  -11680.2716     0.4563     1.0658    0.0031    80.34    871   15.490
   561  -11681.3631     0.3090     1.0915    0.0010    79.05    872   16.298
   562  -11682.9458     0.2810     1.5827    0.0021    78.48    873   15.605
   563  -11684.2958     0.3774     1.3500    0.0032    82.98    874   15.707
   564  -11685.5273     0.3353     1.2315    0.0032    85.31    875   16.400
   565  -11686.6641     0.2943     1.1368    0.0032    85.41    876   15.706
   566  -11687.6836     0.3259     1.0195    0.0032    84.65    877   17.593
   567  -11688.8088     0.2336     1.1252    0.0032    85.08    878   15.797
   568  -11689.8624     0.2977     1.0537    0.0032    83.04    879   15.704
   569  -11690.9800     0.2555     1.1176    0.0032    84.38    880   15.692
   570  -11692.3580     0.3071     1.3780    0.0032    81.63    881   15.497
   571  -11693.5474     0.4687     1.1894    0.0032    81.72    882   14.910
   572  -11695.0332     0.2966     1.4858    0.0015    80.33    883   15.999
   573  -11696.6397     0.2898     1.6066    0.0016    72.15    884   14.800
   574  -11697.7915     0.5328     1.1517    0.0032    81.65    885   15.589
   575  -11699.1282     0.3068     1.3367    0.0026    85.37    886   16.905
   576  -11700.2573     0.2346     1.1291    0.0032    84.40    887   16.395
   577  -11701.1326     0.2999     0.8753    0.0032    84.44    888   15.903
   578  -11702.0789     0.2984     0.9463    0.0032    85.70    889   16.404
   579  -11703.1318     0.3022     1.0529    0.0032    85.51    890   16.102
   580  -11704.2228     0.2938     1.0910    0.0032    85.38    891   15.710
   581  -11705.3739     0.2551     1.1511    0.0032    85.18    892   15.793
   582  -11706.4609     0.3076     1.0869    0.0032    84.38    893   16.597
   583  -11707.5511     0.2557     1.0902    0.0032    85.65    894   16.000
   584  -11708.6193     0.2751     1.0682    0.0032    84.81    895   15.795
   585  -11709.6727     0.2346     1.0534    0.0032    85.33    896   15.109
   586  -11710.8004     0.2484     1.1277    0.0032    84.05    897   14.899
   587  -11711.8821     0.2239     1.0817    0.0032    84.67    898   15.992
   588  -11713.0167     0.2382     1.1345    0.0032    83.74    899   16.003
   589  -11714.1088     0.2338     1.0921    0.0032    84.27    900   15.005
   590  -11715.2733     0.2361     1.1645    0.0032    83.70    901   15.499
   591  -11716.3534     0.2273     1.0801    0.0032    84.20    902   15.902
   592  -11717.5466     0.2871     1.1931    0.0032    82.72    903   14.801
   593  -11718.7043     0.2426     1.1578    0.0032    84.71    904   14.906
   594  -11719.7337     0.4885     1.0294    0.0032    81.54    905   15.892
   595  -11721.1708     0.2786     1.4371    0.0030    85.21    906   16.303
   596  -11722.4555     0.2922     1.2847    0.0012    70.15    907   14.900
   597  -11723.7152     0.3964     1.2597    0.0018    73.23    908   14.997
   598  -11724.7767     0.2696     1.0615    0.0019    83.04    909   15.796
   599  -11725.7570     0.2282     0.9803    0.0021    80.73    910   15.501
   600  -11726.5746     0.2835     0.8176    0.0008    62.80    911   16.399
   601  -11727.4906     0.2793     0.9160    0.0019    80.89    912   15.198
   602  -11728.3409     0.2627     0.8502    0.0032    84.61    913   15.510
   603  -11729.1080     0.2650     0.7672    0.0031    85.22    914   15.890
   604  -11730.0354     0.2524     0.9273    0.0032    85.16    915   19.898
   605  -11731.1606     0.3461     1.1252    0.0032    83.29    916   14.818
   606  -11732.3263     0.2663     1.1657    0.0032    85.15    917   15.794
   607  -11733.2729     0.2886     0.9466    0.0032    84.11    918   15.893
   608  -11734.2210     0.2462     0.9481    0.0032    84.34    919   15.203
   609  -11735.1404     0.2752     0.9193    0.0028    83.46    920   16.097
   610  -11736.2829     0.2440     1.1425    0.0032    84.11    921   15.908
   611  -11737.3709     0.3058     1.0880    0.0032    83.05    922   15.890
   612  -11738.3995     0.2381     1.0286    0.0032    85.01    923   16.205
   613  -11739.4695     0.2642     1.0700    0.0032    83.37    924   15.304
   614  -11740.4942     0.3344     1.0247    0.0032    84.00    925   16.396
   615  -11741.7139     0.2933     1.2198    0.0032    85.10    926   15.696
   616  -11742.8493     0.3425     1.1354    0.0032    84.37    927   15.501
   617  -11744.0713     0.2543     1.2220    0.0032    85.21    928   16.099
   618  -11745.1152     0.2566     1.0439    0.0032    84.39    929   16.209
   619  -11746.1280     0.2137     1.0128    0.0032    84.69    930   21.795
   620  -11747.0200     0.2310     0.8920    0.0032    84.38    931   17.392
   621  -11747.8773     0.2199     0.8573    0.0032    84.96    932   16.012
   622  -11748.7735     0.2323     0.8962    0.0032    84.40    933   15.799
   623  -11749.6185     0.2372     0.8450    0.0032    84.60    934   15.190
   624  -11750.5878     0.2181     0.9693    0.0032    83.72    935   15.104
   625  -11751.2619     0.4261     0.6742    0.0032    82.02    936   16.302
   626  -11752.1792     0.2179     0.9173    0.0005    68.73    937   15.796
   627  -11752.9617     0.1971     0.7825    0.0011    73.73    938   16.899
   628  -11753.8412     0.3484     0.8795    0.0010    65.07    939   16.404
   629  -11754.9778     0.2567     1.1366    0.0024    82.76    940   15.400
   630  -11756.0065     0.2315     1.0286    0.0032    84.43    941   16.699
   631  -11756.8636     0.2249     0.8572    0.0032    85.05    942   15.315
   632  -11757.6982     0.2173     0.8346    0.0032    85.24    943   15.600
   633  -11758.4853     0.2492     0.7871    0.0032    85.15    944   15.693
   634  -11759.2597     0.2120     0.7744    0.0032    86.09    945   15.206
   635  -11760.0034     0.2576     0.7437    0.0032    85.29    946   15.600
   636  -11760.7553     0.2040     0.7519    0.0032    86.28    947   15.694
   637  -11761.5078     0.2233     0.7525    0.0032    85.07    948   15.289
   638  -11762.2624     0.1809     0.7547    0.0032    85.42    949   15.003
   639  -11763.0346     0.1932     0.7722    0.0032    84.09    950   15.401
   640  -11763.7563     0.2429     0.7216    0.0032    84.15    951   15.806
   641  -11764.6709     0.2439     0.9147    0.0032    84.11    952   15.702
   642  -11765.4673     0.3680     0.7964    0.0032    83.12    953   15.293
   643  -11766.5513     0.2458     1.0840    0.0008    72.94    954   15.498
   644  -11767.6354     0.2777     1.0841    0.0012    68.11    955   16.400
   645  -11768.4064     0.2836     0.7709    0.0010    70.16    956   15.900
   646  -11769.1519     0.1995     0.7456    0.0013    81.42    957   14.907
   647  -11770.1455     0.1817     0.9935    0.0032    83.20    958   16.392
   648  -11770.8856     0.2365     0.7401    0.0032    84.53    959   15.602
   649  -11771.5689     0.2210     0.6833    0.0032    86.23    960   16.198
   650  -11772.2210     0.2272     0.6521    0.0032    86.18    961   15.413
   651  -11772.8679     0.2086     0.6469    0.0032    86.33    962   15.382
   652  -11773.5267     0.1993     0.6588    0.0032    85.98    963   15.205
   653  -11774.2119     0.2052     0.6852    0.0032    85.47    964   15.398
   654  -11774.9077     0.1771     0.6958    0.0032    85.71    965   15.199
   655  -11775.5766     0.2161     0.6689    0.0032    84.95    966   15.202
   656  -11776.3536     0.1960     0.7770    0.0032    85.33    967   15.100
   657  -11777.0441     0.2022     0.6905    0.0032    85.25    968   15.108
   658  -11777.8796     0.1979     0.8355    0.0032    84.45    969   15.893
   659  -11778.6714     0.2330     0.7918    0.0032    84.33    970   15.306
   660  -11779.5688     0.2102     0.8974    0.0032    84.42    971   15.301
   661  -11780.4885     0.3225     0.9197    0.0032    82.19    972   20.095
   662  -11781.3959     0.2631     0.9074    0.0028    83.23    973   15.801
   663  -11782.1760     0.2090     0.7801    0.0012    77.96    974   16.108
   664  -11783.0788     0.2379     0.9028    0.0017    75.01    975   15.495
   665  -11783.6478     0.3300     0.5690    0.0008    64.19    976   15.199
   666  -11784.3206     0.1915     0.6728    0.0016    84.40    977   15.295
   667  -11785.0786     0.1452     0.7581    0.0032    84.56    978   17.701
   668  -11785.6959     0.1785     0.6173    0.0032    84.28    979   15.399
   669  -11786.2191     0.2375     0.5231    0.0032    85.24    980   15.099
   670  -11786.7561     0.1947     0.5370    0.0032    86.95    981   15.097
   671  -11787.2991     0.2506     0.5431    0.0032    85.80    982   16.399
   672  -11787.9295     0.1730     0.6304    0.0032    86.56    983   15.312
   673  -11788.6014     0.2022     0.6719    0.0032    84.13    984   16.293
   674  -11789.2105     0.2483     0.6092    0.0032    84.15    985   15.700
   675  -11789.8013     0.1984     0.5908    0.0009    77.69    986   15.102
   676  -11790.4966     0.2170     0.6953    0.0009    68.95    987   15.912
   677  -11791.1435     0.3273     0.6469    0.0011    71.24    988   15.783
   678  -11791.7883     0.1941     0.6448    0.0011    81.12    989   15.102
   679  -11792.4391     0.1931     0.6508    0.0025    83.35    990   15.997
   680  -11792.9762     0.2505     0.5371    0.0032    85.63    991   16.198
   681  -11793.5140     0.2037     0.5378    0.0032    86.90    992   15.813
   682  -11794.0727     0.1796     0.5587    0.0032    86.30    993   16.199
   683  -11794.6160     0.1991     0.5433    0.0032    85.58    994   15.499
   684  -11795.1817     0.1657     0.5658    0.0032    86.02    995   16.998
   685  -11795.7020     0.2228     0.5203    0.0032    85.05    996   15.596
   686  -11796.2762     0.1728     0.5742    0.0032    86.28    997   16.108
   687  -11796.9698     0.2194     0.6936    0.0032    83.92    998   16.191
   688  -11797.6666     0.2103     0.6968    0.0032    85.09    999   15.304
   689  -11798.5659     0.2143     0.8993    0.0029    82.43   1000   15.997
   690  -11799.0452     0.4896     0.4793    0.0032    82.56   1001   15.703
   691  -11799.7950     0.2751     0.7498    0.0003    67.16   1002   15.792
   692  -11800.6165     0.1733     0.8215    0.0007    66.98   1003   15.900
   693  -11801.0992     0.1977     0.4827    0.0017    82.90   1004   15.712
   694  -11801.6008     0.3464     0.5015    0.0029    84.16   1005   15.991
   695  -11802.2381     0.1920     0.6373    0.0032    87.10   1006   15.508
   696  -11802.7640     0.1650     0.5260    0.0025    84.96   1007   15.994
   697  -11803.3713     0.2786     0.6072    0.0032    83.39   1008   15.807
   698  -11804.1128     0.2253     0.7415    0.0029    85.18   1009   15.291
   699  -11804.8935     0.2304     0.7807    0.0019    81.40   1010   16.209
   700  -11805.6218     0.3389     0.7283    0.0029    81.79   1011   15.693
   701  -11806.2548     0.2001     0.6330    0.0007    75.84   1012   15.800
   702  -11806.7431     0.1912     0.4883    0.0009    77.29   1013   15.707
   703  -11807.3686     0.2499     0.6255    0.0027    83.40   1014   15.698
   704  -11807.8356     0.2719     0.4670    0.0032    85.83   1015   15.998
   705  -11808.2456     0.1752     0.4101    0.0017    86.00   1016   16.091
   706  -11808.7708     0.1782     0.5252    0.0026    84.18   1017   15.903
   707  -11809.3299     0.2336     0.5590    0.0027    84.39   1018   15.401
   708  -11809.9821     0.2292     0.6523    0.0032    85.61   1019   15.198
   709  -11810.6823     0.1916     0.7002    0.0032    85.01   1020   16.402
   710  -11811.0753     0.3344     0.3930    0.0027    82.81   1021   15.305
   711  -11811.5323     0.1699     0.4569    0.0005    75.78   1022   14.610
   712  -11811.9458     0.1628     0.4136    0.0006    70.68   1023   16.184
   713  -11812.5498     0.2359     0.6039    0.0011    73.41   1024   14.608
   714  -11812.9965     0.4069     0.4467    0.0032    84.40   1025   14.908
   715  -11813.5789     0.2016     0.5824    0.0013    84.64   1026   17.888
   716  -11813.9844     0.1655     0.4056    0.0017    84.49   1027   16.593
   717  -11814.4441     0.1888     0.4597    0.0021    83.90   1028   16.004
   718  -11814.9690     0.3282     0.5249    0.0025    83.16   1029   16.296
   719  -11815.6012     0.2128     0.6323    0.0024    85.46   1030   15.811
   720  -11815.9934     0.1670     0.3922    0.0006    74.09   1031   17.207
   721  -11816.4609     0.1807     0.4675    0.0009    71.80   1032   15.794
   722  -11816.9744     0.2590     0.5135    0.0011    76.53   1033   15.990
   723  -11817.5576     0.2349     0.5831    0.0020    83.49   1034   15.701
   724  -11817.9492     0.2190     0.3916    0.0020    84.21   1035   15.608
   725  -11818.2340     0.1652     0.2848    0.0006    79.31   1036   15.295
   726  -11818.6752     0.2102     0.4412    0.0007    73.12   1037   15.305
   727  -11819.3110     0.2592     0.6359    0.0014    79.49   1038   15.390
   728  -11819.5244     0.5478     0.2134    0.0024    82.87   1039   14.703
   729  -11819.8937     0.4035     0.3693    0.0002    76.10   1040   15.407
   730  -11820.4387     0.1777     0.5451    0.0005    78.34   1041   15.090
   731  -11820.7835     0.1533     0.3447    0.0009    79.12   1042   15.009
   732  -11821.0266     0.1758     0.2431    0.0009    82.64   1043   16.301
   733  -11821.4405     0.1907     0.4139    0.0013    82.81   1044   14.800
   734  -11821.9637     0.2411     0.5232    0.0020    82.53   1045   15.294
   735  -11822.6515     0.1541     0.6878    0.0028    84.67   1046   14.806
   736  -11823.1316     0.1977     0.4801    0.0018    81.96   1047   16.193
   737  -11823.6954     0.2446     0.5638    0.0024    83.02   1048   17.799
   738  -11824.1905     0.2114     0.4951    0.0014    81.19   1049   15.100
   739  -11824.5315     0.1605     0.3411    0.0003    63.62   1050   16.400
   740  -11824.8487     0.1458     0.3172    0.0003    57.45   1051   15.903
   741  -11825.2620     0.1824     0.4133    0.0010    74.55   1052   15.492
   742  -11825.6559     0.2478     0.3939    0.0022    82.84   1053   15.709
   743  -11826.0183     0.1578     0.3624    0.0013    84.76   1054   15.794
   744  -11826.4343     0.1581     0.4160    0.0022    83.45   1055   17.005
   745  -11826.7407     0.2240     0.3064    0.0019    84.11   1056   15.699
   746  -11827.1609     0.1572     0.4202    0.0019    85.33   1057   15.298
   747  -11827.5895     0.2063     0.4286    0.0020    81.85   1058   15.906
   748  -11827.9148     0.2220     0.3252    0.0017    83.07   1059   15.391
   749  -11828.2018     0.1502     0.2870    0.0002    62.05   1060   16.098
   750  -11828.6347     0.1200     0.4329    0.0009    74.45   1061   15.112
   751  -11829.0459     0.2520     0.4112    0.0024    80.58   1062   15.688
   752  -11829.3360     0.2486     0.2901    0.0027    86.40   1063   14.512
   753  -11829.5998     0.1555     0.2638    0.0004    79.85   1064   15.788
   754  -11829.9672     0.1204     0.3674    0.0015    82.20   1065   16.606
   755  -11830.2706     0.1601     0.3034    0.0018    83.47   1066   15.806
   756  -11830.5886     0.2806     0.3180    0.0023    84.22   1067   15.599
   757  -11830.9813     0.1731     0.3927    0.0018    86.21   1068   16.207
   758  -11831.3426     0.1414     0.3613    0.0013    81.95   1069   15.793
   759  -11831.6540     0.2162     0.3114    0.0008    73.57   1070   15.601
   760  -11832.0450     0.1728     0.3909    0.0007    77.97   1071   15.096
   761  -11832.4991     0.1600     0.4541    0.0010    76.54   1072   14.998
   762  -11832.7497     0.2741     0.2506    0.0013    77.80   1073   15.398
   763  -11833.0290     0.1293     0.2793    0.0003    73.81   1074   15.209
   764  -11833.2421     0.1369     0.2131    0.0007    78.43   1075   14.800
   765  -11833.5435     0.1828     0.3014    0.0015    83.41   1076   15.700
   766  -11833.9500     0.2594     0.4066    0.0024    85.18   1077   15.601
   767  -11834.4883     0.1951     0.5383    0.0032    86.73   1078   16.100
   768  -11835.0290     0.2185     0.5407    0.0032    85.39   1079   15.295
   769  -11835.4552     0.2449     0.4262    0.0032    85.21   1080   16.195
   770  -11835.7825     0.1448     0.3272    0.0002    56.18   1081   15.811
   771  -11836.1174     0.1450     0.3349    0.0003    53.82   1082   15.492
   772  -11836.5598     0.2351     0.4423    0.0018    80.97   1083   15.503
   773  -11837.0436     0.2323     0.4839    0.0032    86.30   1084   15.299
   774  -11837.4913     0.1609     0.4476    0.0029    86.70   1085   15.702
   775  -11837.8686     0.1569     0.3774    0.0032    86.30   1086   15.991
   776  -11838.2710     0.2023     0.4024    0.0032    85.61   1087   15.911
   777  -11838.7163     0.1952     0.4453    0.0027    85.95   1088   15.489
   778  -11839.3015     0.1985     0.5852    0.0032    85.07   1089   15.707
   779  -11839.8565     0.2519     0.5550    0.0032    84.85   1090   14.904
   780  -11840.4043     0.1938     0.5478    0.0021    84.37   1091   15.396
   781  -11840.9463     0.1710     0.5421    0.0024    84.24   1092   15.702
   782  -11841.3883     0.2457     0.4419    0.0032    85.11   1093   15.902
   783  -11841.8779     0.1775     0.4896    0.0032    86.71   1094   15.591
   784  -11842.3665     0.1850     0.4886    0.0028    85.48   1095   14.709
   785  -11842.8918     0.2249     0.5253    0.0032    85.78   1096   15.795
   786  -11843.4857     0.1858     0.5940    0.0032    86.29   1097   15.906
   787  -11844.0173     0.2092     0.5316    0.0032    85.64   1098   15.400
   788  -11844.5129     0.1595     0.4956    0.0032    86.49   1099   15.700
   789  -11844.9689     0.1720     0.4561    0.0032    85.71   1100   15.788
   790  -11845.4242     0.1955     0.4553    0.0032    85.79   1101   15.604
   791  -11845.9770     0.1832     0.5528    0.0032    85.90   1102   14.498
   792  -11846.5368     0.2073     0.5597    0.0032    85.26   1103   19.703
   793  -11847.1712     0.1795     0.6344    0.0032    85.36   1104   15.106
   794  -11847.7096     0.2569     0.5385    0.0032    84.64   1105   14.600
   795  -11848.3331     0.1956     0.6234    0.0031    85.65   1106   15.989
   796  -11848.8878     0.2048     0.5547    0.0020    83.03   1107   15.702
   797  -11849.5168     0.2293     0.6290    0.0029    83.57   1108   15.103
   798  -11850.0693     0.2228     0.5525    0.0028    85.36   1109   15.401
   799  -11850.6608     0.1977     0.5914    0.0032    86.22   1110   15.399
   800  -11851.1964     0.2040     0.5356    0.0032    86.25   1111   15.408
   801  -11851.7054     0.1702     0.5091    0.0032    86.67   1112   15.890
   802  -11852.2137     0.1662     0.5082    0.0032    85.99   1113   16.016
   803  -11852.6968     0.1629     0.4831    0.0032    86.05   1114   15.988
   804  -11853.1660     0.1498     0.4692    0.0032    86.13   1115   15.004
   805  -11853.6427     0.1724     0.4768    0.0032    85.44   1116   15.291
   806  -11854.1586     0.1854     0.5159    0.0032    85.53   1117   16.210
   807  -11854.6925     0.1787     0.5340    0.0032    85.60   1118   15.692
   808  -11855.3090     0.2358     0.6165    0.0029    82.94   1119   15.207
   809  -11855.8703     0.2560     0.5613    0.0019    81.77   1120   15.391
   810  -11856.3859     0.1804     0.5156    0.0006    73.52   1121   15.104
   811  -11856.8931     0.1708     0.5072    0.0006    61.99   1122   17.905
   812  -11857.2443     0.2644     0.3511    0.0015    80.00   1123   16.192
   813  -11857.6376     0.1744     0.3933    0.0018    86.41   1124   14.997
   814  -11858.1038     0.1429     0.4662    0.0032    85.95   1125   15.811
   815  -11858.4715     0.2394     0.3677    0.0032    85.31   1126   16.697
   816  -11858.9463     0.1888     0.4748    0.0026    86.32   1127   16.104
   817  -11859.5850     0.1801     0.6387    0.0025    82.92   1128   16.193
   818  -11859.8722     0.4191     0.2871    0.0026    80.59   1129   14.414
   819  -11860.3099     0.2242     0.4378    0.0004    78.96   1130   16.186
   820  -11860.7331     0.1601     0.4232    0.0005    69.51   1131   15.300
   821  -11861.0605     0.2047     0.3274    0.0007    77.63   1132   15.100
   822  -11861.5691     0.2133     0.5086    0.0017    83.35   1133   16.199
   823  -11861.7234     0.5223     0.1543    0.0027    83.80   1134   16.008
   824  -11861.9987     0.4116     0.2753    0.0004    84.64   1135   15.996
   825  -11862.4386     0.2259     0.4399    0.0008    84.09   1136   14.797
   826  -11862.8588     0.1600     0.4202    0.0014    82.82   1137   15.296
   827  -11863.0720     0.1959     0.2132    0.0008    82.81   1138   15.711
   828  -11863.4457     0.2042     0.3737    0.0011    83.23   1139   16.200
   829  -11863.9117     0.3303     0.4660    0.0017    82.44   1140   15.193
   830  -11864.5748     0.2150     0.6631    0.0023    85.79   1141   15.205
   831  -11864.9738     0.2418     0.3991    0.0022    84.21   1142   16.396
   832  -11865.3418     0.1539     0.3679    0.0011    81.70   1143   15.204
   833  -11865.6225     0.1556     0.2808    0.0003    61.44   1144   15.401
   834  -11865.9927     0.2104     0.3701    0.0006    67.39   1145   15.799
   835  -11866.4441     0.1426     0.4514    0.0007    72.88   1146   15.300
   836  -11866.7748     0.1706     0.3307    0.0008    76.05   1147   15.494
   837  -11867.2160     0.1351     0.4411    0.0018    82.52   1148   15.699
   838  -11867.5710     0.1841     0.3551    0.0016    79.69   1149   15.394
   839  -11867.8560     0.1814     0.2849    0.0012    81.81   1150   15.719
   840  -11868.1588     0.1370     0.3029    0.0005    74.93   1151   15.293
   841  -11868.5758     0.1492     0.4170    0.0009    72.47   1152   16.101
   842  -11868.7777     0.3335     0.2019    0.0018    79.09   1153   15.200
   843  -11869.0735     0.1654     0.2958    0.0002    65.22   1154   15.294
   844  -11869.3483     0.1287     0.2748    0.0006    77.39   1155   15.704
   845  -11869.6139     0.1574     0.2656    0.0012    81.98   1156   16.208
   846  -11869.9513     0.2320     0.3373    0.0021    84.40   1157   15.985
   847  -11870.3057     0.1609     0.3545    0.0027    86.29   1158   17.600
   848  -11870.5635     0.1223     0.2577    0.0007    79.32   1159   15.303
   849  -11870.9153     0.1939     0.3518    0.0009    74.32   1160   15.405
   850  -11871.2995     0.2561     0.3842    0.0015    83.22   1161   15.588
   851  -11871.7983     0.2371     0.4988    0.0022    85.36   1162   16.412
   852  -11872.2539     0.2249     0.4556    0.0024    84.77   1163   15.990
   853  -11872.6171     0.1708     0.3632    0.0010    81.84   1164   15.902
   854  -11872.9428     0.1543     0.3256    0.0005    72.90   1165   15.596
   855  -11873.3179     0.2480     0.3752    0.0013    78.40   1166   15.012
   856  -11873.7135     0.1771     0.3955    0.0019    84.60   1167   16.692
   857  -11873.9766     0.1461     0.2631    0.0011    83.43   1168   16.102
   858  -11874.3242     0.1399     0.3477    0.0013    80.24   1169   16.501
   859  -11874.6748     0.2771     0.3506    0.0022    82.18   1170   15.699
   860  -11875.0600     0.1553     0.3852    0.0013    84.35   1171   15.906
   861  -11875.3246     0.1329     0.2646    0.0008    77.83   1172   15.596
   862  -11875.5499     0.1540     0.2253    0.0006    75.32   1173   15.604
   863  -11875.8955     0.1516     0.3456    0.0008    77.50   1174   15.500
   864  -11876.3126     0.2244     0.4171    0.0015    79.34   1175   15.701
   865  -11876.7378     0.1536     0.4252    0.0017    83.15   1176   16.087
   866  -11876.9889     0.1540     0.2511    0.0006    76.65   1177   15.312
   867  -11877.2913     0.1434     0.3024    0.0006    73.08   1178   15.093
   868  -11877.6612     0.2175     0.3699    0.0011    76.68   1179   16.508
   869  -11878.0947     0.1666     0.4334    0.0016    82.58   1180   16.095
   870  -11878.3861     0.1688     0.2915    0.0010    80.35   1181   14.997
   871  -11878.6667     0.1418     0.2806    0.0010    81.24   1182   15.905
   872  -11878.9633     0.1391     0.2966    0.0009    78.25   1183   15.893
   873  -11879.3234     0.1629     0.3601    0.0014    79.04   1184   15.410
   874  -11879.6266     0.2056     0.3031    0.0013    80.61   1185   16.393
   875  -11879.9315     0.1493     0.3049    0.0009    81.69   1186   17.095
   876  -11880.2980     0.1311     0.3665    0.0011    78.47   1187   15.313
   877  -11880.6490     0.2419     0.3509    0.0019    80.30   1188   16.587
   878  -11881.0055     0.1515     0.3565    0.0014    84.14   1189   16.506
   879  -11881.2711     0.1362     0.2656    0.0009    80.21   1190   16.306
   880  -11881.5629     0.1820     0.2917    0.0013    80.04   1191   16.493
   881  -11881.8453     0.1789     0.2825    0.0013    82.70   1192   15.901
   882  -11882.1352     0.1419     0.2899    0.0008    81.48   1193   16.206
   883  -11882.4662     0.1727     0.3310    0.0014    79.96   1194   16.490
   884  -11882.6629     0.2338     0.1967    0.0015    82.52   1195   20.706
   885  -11882.8699     0.1380     0.2070    0.0001    51.95   1196   15.999
   886  -11883.1765     0.1124     0.3066    0.0007    74.58   1197   16.112
   887  -11883.4443     0.1427     0.2678    0.0012    79.92   1198   15.894
   888  -11883.6222     0.3220     0.1779    0.0018    83.05   1199   15.496
   889  -11883.8920     0.1715     0.2698    0.0007    84.47   1200   15.595
   890  -11884.1490     0.1002     0.2570    0.0008    80.41   1201   15.208
   891  -11884.2769     0.1196     0.1279    0.0005    78.97   1202   15.592
   892  -11884.4881     0.1366     0.2112    0.0007    79.70   1203   15.613
   893  -11884.7223     0.2023     0.2342    0.0013    81.84   1204   16.094
   894  -11884.9956     0.1107     0.2732    0.0012    83.64   1205   16.597
   895  -11885.1442     0.1110     0.1486    0.0004    74.77   1206   15.896
   896  -11885.3579     0.1204     0.2137    0.0007    77.14   1207   16.007
   897  -11885.5790     0.1517     0.2211    0.0010    78.40   1208   16.194
   898  -11885.7177     0.1728     0.1387    0.0008    81.12   1209   15.504
   899  -11885.8690     0.1166     0.1513    0.0002    71.18   1210   15.309
   900  -11886.0875     0.0903     0.2185    0.0007    76.94   1211   15.994

 Optimization achieved convergence criteria:  0.09034
 Generalized Kirkwood  -8423.83845398      0.601
 Cavitation             3705.12641899      0.406
 Dispersion            -2833.94074397      1.196

 Computed Potential Energy
  Bond Stretching            515.42522667         5602        0.001 ( 0.01647)
  Angle Bending             1140.66041691        10138        0.083 ( 2.72611)
  Stretch-Bend                 7.74863240         8938        0.002
  Out-of-Plane Bend           36.38956994         3306        0.000
  Torsional Angle            244.56813907        14920        0.001
  Pi-Orbital Torsion          49.86504825          634        0.000
  Torsion-Torsion           -120.25922705           26        0.001
  Van der Waals             1119.96432526     15294071        0.008
  Atomic Multipoles        -5965.72898098     15294071
  Polarization             -1362.06789144     15294071        9.801
  Solvation                -7552.65277895     15315345
  Total Potential         -11886.08751993  (Kcal/mole)        9.898 (sec)
 Setting atom names to PDB standard.
 Saving 1I7K_pH3.94.pdb_3
 Wrote induced dipoles to: /Dedicated/schnieders/maemmad/pKa_GNN/ffx_pipeline/data/fixed_pdbs/1I7K/1I7K_pH3.94.uind
 Wrote permanent multipoles to: /Dedicated/schnieders/maemmad/pKa_GNN/ffx_pipeline/data/fixed_pdbs/1I7K/1I7K_pH3.94.uperm

 Script wall clock time: 19578.919 (sec)
=== Titration pH 3.94 done: Sun May 17 17:32:41 CDT 2026 ===
