 Evaluating /Dedicated/schnieders/programs/stack-2021.1.sh
  Loading Modules
   Stack 2021.1
   GCC 9.3.0
   CMake 3.20.0
   Eigen 3.3.9
   Cuda 11.1.1
   Cuda: /usr/share/apps/2021.1/arch/gcc-9.3.0/cuda-11.1.1
   CudaNN 8.0.5.39-11.1
   Swig 4.0.2_gcc-9.3.0
  Loading software from /Dedicated/schnieders/programs/local
   Ant: /Dedicated/schnieders/programs/apache-ant-1.10.11
   FFX: /Dedicated/schnieders/programs/ffx-builds/forcefieldx-2026-01-04
   GDMA: /Dedicated/schnieders/programs/gdma-2.3
   Groovy: /Dedicated/schnieders/programs/groovy-4.0.1
   Java: /Dedicated/schnieders/programs/jdk-25.0.1
   Maven: /Dedicated/schnieders/programs/apache-maven-3.9.5
   VMD: /Dedicated/schnieders/programs/vmd
   NAMD: /Dedicated/schnieders/programs/NAMD_3.0alpha7_Linux-x86_64-multicore-CUDA
   OpenEye: /Dedicated/schnieders/programs/OpenEye
   Tinker: /Dedicated/schnieders/programs/tinker-tools
=== Titration pH 3.94 started: Fri May  8 11:37:20 CDT 2026 ===
  Copy already exists, skipping.
  ManyBody output already exists, skipping.
WARNING: Using incubator modules: jdk.incubator.vector
 _________________________________________________________________________

        FORCE FIELD X - Polyglot Software for Molecular Biophysics 

        Version 1.0.0-6991  April 2026 
        Git Revision  937dfd3f3a84d0dc91f73b0419518078a8c41842 
 
        Please cite the following reference when using Force Field X:

        RA Gogal, AJ Nessler, AC Thiel, HV Bernabe, RA Corrigan Grove,
        LM Cousineau, JM Litman, JM Miller, G Qi, MJ Speranza,
        MR Tollefson, TD Fenn, JJ Michaelson, O Okada, JP Piquemal,
        JW Ponder, J Shen, RJH Smith, W Yang, P Ren and MJ Schnieders,
        2024, Journal of Chemical Physics, 161 (1).

        Copyright (c)  Michael J. Schnieders  2001-2026
        All Rights Reserved

        Force Field X is distributed under the GPL v. 3 license
        with linking exception and is hosted by the Schnieders Lab
        at The University of Iowa.

        User Manual:   https://ffx.biochem.uiowa.edu/manual.html
        Publications:  https://ffx.biochem.uiowa.edu/publications.html
        License:       https://ffx.biochem.uiowa.edu/licenses.html

 _________________________________________________________________________

 Fri May 08 11:37:21 CDT 2026
 Process ID 332388 on argon-itf-bx51-11.hpc.

 Command line arguments:
 [Minimize, -e, 0.1, /Dedicated/schnieders/maemmad/pKa_GNN/ffx_pipeline/data/fixed_pdbs/2L90/2L90_pH3.94.pdb_2, --saveInduced, --savePermanentMoments]

 Executing internal command: ffx.algorithms.commands.Minimize

 Initializing 1 topologies...
 Parsing: Internal force field (amoeba-bio-2018-cphmd).
 Parsing: Structure properties from (/Dedicated/schnieders/maemmad/pKa_GNN/ffx_pipeline/data/fixed_pdbs/2L90/2L90_input.properties).
 Parsing: JVM system properties (i.e. command line -Dkey=value pairs).

 Attempting to read force field patch from /Dedicated/schnieders/maemmad/pKa_GNN/naphosphate_solute.09Feb21.prm.

 Renumbering Patch: FALSE
 Reading 2L90_pH3.94.pdb_2

 Assigning atom types for 1 chains.
 Amino acid chain A
 Constructing Force Field AMOEBA-BIO-2018-CPHMD

 SMP threads:                                20
 The system will be treated as aperiodic (max separation =   57.9 A).

 Bonded Terms
  Bonds:                                   3318
  Angles:                                  5969
  Stretch-Bends:                           5326
  Out-of-Plane Bends:                      2136
  Torsions:                                8785
  Pi-Orbital Torsions:                      423
  Torsion-Torsions:                          21

 Non-Bonded Terms

  Van der Waals
   Cut-Off:                                NONE
   Long-Range Correction:                 FALSE

 Electrostatics
   Polarization:                         MUTUAL
    SCF Convergence Criteria:         1.000e-06
    SCF Predictor:                         NONE
    SCF Algorithm:                           CG
    CG Preconditioner Cut-Off:            4.500
    CG Preconditioner Ewald Coeff.:       0.000
    CG Preconditioner Scale:              2.000
    CG Preconditioner Mode:     FLETCHER_REEVES
    Electrostatics Cut-Off:                NONE

  Continuum Solvation
   Radii:                                SOLUTE
   Generalized Kirkwood Cut-Off:           NONE
   GKC:                                  2.4550
   Solvent Dielectric:                  78.3000
   Solute Dielectric:                    1.0000
   Descreen with vdW Radii:                TRUE
   Descreen with Hydrogen Atoms:          FALSE
   Descreen Offset:                      0.0000
   General HCT Scale Factor:             0.7200
   Non-Polar Model:                  GAUSS-DISP
    GaussVol Radii Offset:               0.0000
    GaussVol Radii Scale:                1.0000
   Dispersion Integral Offset:           1.0560 (A)
   Cavitation Solvent Pressure:          0.0334 (Kcal/mol/A^3)
   Cavitation Surface Tension:           0.1030 (Kcal/mol/A^2)
   Cavitation Cross-Over Radius:         9.2515 (A)

  Overall system charge:                  7.000

 Opened 2L90_pH3.94.pdb_2 in 1.3 sec.

 System Resources
  Total CPU time:          18.89 (sec)
  System load average:      0.37
  Open file handles:         146 of  81920 allowed
  System memory:           93591 MB free out of  94320 MB
  System swap space:        2053 MB free out of   2053 MB
  JVM memory:               4001 MB free out of   4096 MB

 Minimizing energy of Single Topology  [2L90_pH3.94.pdb_2] 
 Setting lambda to 0.000.
 Generalized Kirkwood  -4185.97002553      0.369
 Cavitation             2112.80962473      0.334
 Dispersion            -1375.01229371      0.394

 Computed Potential Energy
  Bond Stretching            255.89595473         3318        0.003 ( 0.01509)
  Angle Bending              767.75807201         5969        0.006 ( 2.89164)
  Stretch-Bend                 4.34801369         5326        0.002
  Out-of-Plane Bend           34.53477892         2136        0.001
  Torsional Angle            162.18103934         8785        0.004
  Pi-Orbital Torsion          40.73579045          423        0.000
  Torsion-Torsion            -96.53567213           21        0.000
  Van der Waals              707.51829959      5342069        0.576
  Atomic Multipoles        -5300.29628604      5342069
  Polarization             -1065.26519900      5342069        6.303
  Solvation                -3448.17269451      5354628
  Total Potential          -7937.29790296  (Kcal/mole)        6.895 (sec)

 Limited Memory BFGS Quasi-Newton Optimization: 

 Cycle       Energy      G RMS    Delta E   Delta X    Angle  Evals     Time

     0   -7937.2979     2.2158
     1   -7955.3289     2.0789    18.0310    0.0016     0.00      3    7.792
     2   -7967.8441     1.3934    12.5151    0.0011    43.15      4    3.841
     3   -7983.4829     1.2479    15.6388    0.0023    42.04      5    3.899
     4   -7995.5910     1.6463    12.1081    0.0030    51.68      6    3.813
     5   -8004.6175     1.1955     9.0265    0.0025    63.52      7    3.814
     6   -8010.3058     0.9110     5.6883    0.0010    50.98      8    4.230
     7   -8018.0600     0.8483     7.7542    0.0021    52.24      9    4.939
     8   -8024.1147     1.5572     6.0548    0.0033    62.19     10    5.972
     9   -8030.1412     0.8860     6.0265    0.0019    72.86     11    5.760
    10   -8035.6706     0.7441     5.5293    0.0022    64.96     12    5.459
    11   -8040.6297     0.8694     4.9591    0.0024    66.56     13    5.553
    12   -8045.3862     1.4172     4.7565    0.0036    71.07     14    5.789
    13   -8051.0463     0.8177     5.6601    0.0023    75.57     15    5.854
    14   -8055.9533     0.6919     4.9070    0.0023    67.28     16    5.804
    15   -8059.8619     0.8800     3.9086    0.0024    68.77     17    5.685
    16   -8064.3809     1.0107     4.5190    0.0036    75.37     18    5.550
    17   -8068.9918     0.7492     4.6110    0.0028    76.48     19    5.686
    18   -8073.8926     0.7635     4.9007    0.0033    71.39     20    5.792
    19   -8078.5057     0.9440     4.6131    0.0033    73.17     21    5.580
    20   -8083.8884     0.8809     5.3827    0.0039    76.94     22    5.641
    21   -8089.0808     0.8834     5.1925    0.0042    76.33     23    5.748
    22   -8094.0359     0.7605     4.9551    0.0033    75.32     24    5.784
    23   -8099.3833     0.8694     5.3473    0.0042    74.28     25    5.621
    24   -8104.3373     0.8296     4.9540    0.0042    77.16     26    5.605
    25   -8108.8388     0.7690     4.5015    0.0042    78.25     27    5.734
    26   -8112.8616     0.7479     4.0228    0.0042    78.41     28    5.779
    27   -8117.1004     0.7506     4.2388    0.0036    76.74     29    5.937
    28   -8121.9752     0.8014     4.8748    0.0042    76.74     30    6.064
    29   -8127.1165     0.6966     5.1413    0.0042    77.87     31    5.982
    30   -8131.8012     0.8156     4.6847    0.0042    76.53     32    5.906
    31   -8136.3113     0.6552     4.5100    0.0042    79.35     33    5.900
    32   -8140.6444     0.6762     4.3331    0.0042    77.70     34    5.900
    33   -8144.5510     0.8110     3.9066    0.0042    78.69     35    5.721
    34   -8148.7980     0.7067     4.2470    0.0042    81.01     36    5.905
    35   -8153.0097     0.8035     4.2117    0.0042    79.48     37    5.829
    36   -8157.3970     0.6584     4.3873    0.0042    80.95     38    5.686
    37   -8161.7091     0.7017     4.3121    0.0042    78.80     39    5.780
    38   -8165.9816     0.5986     4.2725    0.0042    79.70     40    5.725
    39   -8170.0847     0.6186     4.1031    0.0042    78.27     41    5.879
    40   -8173.9837     0.6358     3.8990    0.0042    78.71     42    5.516
    41   -8178.0898     0.6127     4.1060    0.0042    78.70     43    5.396
    42   -8181.7088     0.7026     3.6190    0.0042    78.81     44    5.461
    43   -8186.1633     0.6423     4.4545    0.0042    78.39     45    5.333
    44   -8189.9642     0.8478     3.8009    0.0042    77.05     46    5.385
    45   -8195.0371     0.6302     5.0729    0.0040    76.80     47    5.597
    46   -8198.8204     1.0829     3.7833    0.0033    68.46     48    5.582
    47   -8203.3649     0.5951     4.5445    0.0020    70.79     49    5.813
    48   -8206.9274     0.5356     3.5626    0.0016    56.12     50    6.122
    49   -8210.1000     1.0832     3.1726    0.0031    63.80     51    6.156
    50   -8213.8030     0.5745     3.7030    0.0031    80.70     52    5.811
    51   -8216.7230     0.5657     2.9200    0.0042    80.57     53    5.770
    52   -8219.4684     0.6419     2.7454    0.0042    81.54     54    6.090
    53   -8222.2389     0.6774     2.7705    0.0042    81.96     55    5.897
    54   -8225.0416     0.5735     2.8027    0.0042    83.09     56    5.568
    55   -8227.7430     0.7173     2.7015    0.0042    81.41     57    5.496
    56   -8230.6633     0.5403     2.9202    0.0042    83.23     58    5.292
    57   -8233.6771     0.6022     3.0139    0.0042    80.12     59    5.334
    58   -8236.5349     0.4535     2.8577    0.0042    81.68     60    5.331
    59   -8239.5929     0.5123     3.0580    0.0042    78.03     61    5.429
    60   -8242.0587     0.6261     2.4659    0.0042    80.27     62    5.337
    61   -8245.5978     0.5665     3.5390    0.0042    78.88     63    5.172
    62   -8248.7865     0.8900     3.1887    0.0042    75.95     64    5.080
    63   -8252.8209     0.5782     4.0345    0.0029    75.18     65    5.150
    64   -8256.0080     0.6000     3.1871    0.0021    65.97     66    5.479
    65   -8259.0127     0.6619     3.0046    0.0027    68.38     67    5.433
    66   -8261.6617     0.5749     2.6490    0.0018    70.09     68    5.712
    67   -8264.8007     0.5859     3.1390    0.0040    78.95     69    5.818
    68   -8267.1809     0.7487     2.3803    0.0042    81.45     70    5.260
    69   -8269.4657     0.5386     2.2848    0.0042    84.48     71    5.357
    70   -8271.7475     0.4922     2.2818    0.0042    82.42     72    4.951
    71   -8274.0377     0.4711     2.2902    0.0042    81.64     73    5.539
    72   -8276.2989     0.4640     2.2613    0.0042    81.44     74    5.408
    73   -8278.4550     0.5951     2.1561    0.0042    80.68     75    5.081
    74   -8280.8797     0.4758     2.4247    0.0042    82.17     76    5.009
    75   -8283.4853     0.6858     2.6056    0.0042    77.11     77    5.521
    76   -8286.3203     0.6156     2.8350    0.0035    77.20     78    5.387
    77   -8288.8111     0.4974     2.4908    0.0015    68.42     79    5.222
    78   -8291.6027     0.6082     2.7916    0.0023    63.29     80    5.381
    79   -8293.6576     0.7362     2.0549    0.0024    72.28     81    5.093
    80   -8295.5656     0.4916     1.9080    0.0021    80.88     82    5.379
    81   -8297.7809     0.3688     2.2153    0.0042    80.89     83    5.512
    82   -8299.2380     0.6222     1.4571    0.0042    80.52     84    5.130
    83   -8300.9959     0.4438     1.7579    0.0038    83.69     85    4.956
    84   -8303.0749     0.4371     2.0790    0.0035    78.55     86    4.964
    85   -8304.7545     0.8072     1.6796    0.0040    75.89     87    5.029
    86   -8306.5121     0.4742     1.7576    0.0009    68.18     88    5.022
    87   -8308.2660     0.4830     1.7539    0.0011    62.16     89    5.099
    88   -8310.7516     0.6402     2.4856    0.0028    74.59     90    5.171
    89   -8312.3692     1.0074     1.6176    0.0042    81.07     91    5.533
    90   -8314.5721     0.5175     2.2030    0.0026    83.01     92    5.228
    91   -8316.3505     0.4185     1.7784    0.0029    80.21     93    5.319
    92   -8318.0578     0.4921     1.7072    0.0030    79.24     94    5.102
    93   -8319.6862     0.8764     1.6284    0.0040    79.75     95    5.186
    94   -8321.8435     0.4826     2.1573    0.0027    82.11     96    5.621
    95   -8323.3933     0.3917     1.5497    0.0018    75.41     97    5.370
    96   -8324.9523     0.5300     1.5591    0.0020    71.60     98    5.395
    97   -8326.6928     0.6227     1.7405    0.0034    79.86     99    5.338
    98   -8328.3779     0.4283     1.6850    0.0024    81.06    100    4.887
    99   -8330.1136     0.5068     1.7357    0.0037    78.02    101    4.954
   100   -8331.3104     0.5287     1.1968    0.0019    77.51    102    5.243
   101   -8332.6242     0.4773     1.3137    0.0014    77.88    103    5.110
   102   -8334.4496     0.5822     1.8254    0.0026    77.68    104    5.065
   103   -8336.5301     0.4058     2.0806    0.0042    81.53    105    5.034
   104   -8337.6473     0.4781     1.1171    0.0025    80.34    106    4.908
   105   -8339.2746     0.3988     1.6273    0.0032    81.45    107    5.242
   106   -8340.5173     0.8612     1.2427    0.0039    77.82    108    5.327
   107   -8342.1603     0.3771     1.6430    0.0013    76.88    109    5.449
   108   -8343.2283     0.3505     1.0680    0.0009    63.83    110    4.947
   109   -8344.7358     0.4853     1.5075    0.0024    74.99    111    5.368
   110   -8345.9617     0.9040     1.2259    0.0040    80.82    112    5.244
   111   -8347.7365     0.4810     1.7748    0.0023    83.07    113    5.504
   112   -8349.3631     0.3677     1.6266    0.0027    79.16    114    5.381
   113   -8350.6534     0.4393     1.2903    0.0026    79.04    115    5.536
   114   -8351.8516     0.7665     1.1982    0.0039    81.15    116    5.557
   115   -8353.4096     0.4244     1.5580    0.0023    82.62    117    5.326
   116   -8354.7452     0.3617     1.3356    0.0021    77.01    118    5.539
   117   -8355.9786     0.4845     1.2334    0.0022    76.95    119    5.455
   118   -8357.4873     0.5631     1.5087    0.0034    81.13    120    5.382
   119   -8359.2506     0.4401     1.7634    0.0030    81.54    121    5.075
   120   -8360.9989     0.5690     1.7482    0.0038    78.90    122    5.253
   121   -8362.4469     0.4978     1.4480    0.0022    77.37    123    5.232
   122   -8363.6301     0.4067     1.1833    0.0011    73.65    124    5.225
   123   -8365.2175     0.3912     1.5873    0.0024    76.00    125    5.223
   124   -8366.5228     0.5088     1.3053    0.0035    79.00    126    5.432
   125   -8367.4955     0.4174     0.9728    0.0018    81.21    127    5.594
   126   -8368.8867     0.3843     1.3912    0.0027    80.08    128    5.324
   127   -8370.2887     0.5372     1.4020    0.0035    79.24    129    5.035
   128   -8371.3442     0.5797     1.0556    0.0032    80.95    130    5.502
   129   -8372.3849     0.3598     1.0406    0.0004    53.85    131    5.316
   130   -8373.8506     0.3277     1.4657    0.0015    67.51    132    5.111
   131   -8375.1188     0.4708     1.2682    0.0025    76.63    133    5.500
   132   -8376.2615     0.5945     1.1427    0.0035    80.88    134    5.335
   133   -8377.4905     0.3360     1.2290    0.0016    79.91    135    5.464
   134   -8378.6900     0.3467     1.1996    0.0019    72.53    136    5.547
   135   -8379.5392     0.4491     0.8492    0.0016    76.25    137    5.290
   136   -8380.7119     0.3513     1.1727    0.0021    79.32    138    5.325
   137   -8381.9599     0.4738     1.2480    0.0025    75.86    139    5.271
   138   -8383.0761     0.4640     1.1162    0.0023    77.84    140    5.058
   139   -8383.9779     0.3404     0.9017    0.0007    66.76    141    5.092
   140   -8385.1562     0.3025     1.1783    0.0014    67.90    142    5.077
   141   -8386.0553     0.5156     0.8991    0.0026    76.36    143    5.068
   142   -8386.9128     0.3503     0.8575    0.0018    82.29    144    5.215
   143   -8387.8587     0.3079     0.9458    0.0022    79.18    145    5.411
   144   -8388.6615     0.3942     0.8028    0.0021    79.09    146    5.495
   145   -8389.6231     0.3772     0.9616    0.0026    80.91    147    5.414
   146   -8390.6148     0.3074     0.9918    0.0018    77.71    148    5.649
   147   -8391.4970     0.4251     0.8822    0.0020    73.66    149    5.293
   148   -8392.2166     0.3513     0.7196    0.0011    74.92    150    5.329
   149   -8392.9004     0.2912     0.6837    0.0007    69.85    151    5.357
   150   -8393.8663     0.3131     0.9659    0.0017    74.13    152    5.518
   151   -8394.6116     0.5603     0.7453    0.0035    79.60    153    5.506
   152   -8395.3208     0.3225     0.7092    0.0009    78.71    154    5.714
   153   -8396.0227     0.2972     0.7019    0.0013    76.59    155    5.578
   154   -8396.8303     0.3603     0.8077    0.0022    80.05    156    5.878
   155   -8397.5379     0.7002     0.7076    0.0032    81.85    157    5.960
   156   -8398.5543     0.3885     1.0164    0.0022    84.72    158    5.509
   157   -8399.4919     0.2764     0.9376    0.0022    80.71    159    5.744
   158   -8400.2562     0.3553     0.7643    0.0018    77.68    160    5.595
   159   -8401.1495     0.4838     0.8934    0.0029    81.25    161    5.545
   160   -8402.1869     0.3469     1.0374    0.0023    82.42    162    5.608
   161   -8403.1673     0.3688     0.9804    0.0024    78.82    163    5.671
   162   -8403.9496     0.4245     0.7823    0.0018    76.92    164    5.557
   163   -8404.6880     0.3311     0.7384    0.0010    77.81    165    5.653
   164   -8405.7081     0.2886     1.0201    0.0021    77.57    166    5.761
   165   -8406.4737     0.4988     0.7655    0.0033    79.99    167    5.606
   166   -8407.1829     0.3412     0.7092    0.0019    83.71    168    5.880
   167   -8407.9827     0.3151     0.7998    0.0020    80.65    169    5.512
   168   -8408.9298     0.3687     0.9471    0.0028    80.66    170    5.585
   169   -8409.4680     0.7241     0.5382    0.0041    82.71    171    5.443
   170   -8410.3066     0.4009     0.8386    0.0005    72.39    172    5.607
   171   -8411.2940     0.2821     0.9874    0.0015    75.11    173    5.902
   172   -8411.9502     0.3405     0.6562    0.0018    80.32    174    5.411
   173   -8412.9037     0.4463     0.9535    0.0025    80.90    175    5.682
   174   -8414.1540     0.3330     1.2502    0.0041    83.86    176    5.657
   175   -8415.1833     0.3491     1.0294    0.0029    80.45    177    5.448
   176   -8415.9954     0.5427     0.8121    0.0028    78.23    178    5.824
   177   -8416.8231     0.3170     0.8277    0.0005    63.73    179    5.576
   178   -8417.5490     0.2827     0.7259    0.0007    61.49    180    5.696
   179   -8418.3386     0.3715     0.7896    0.0015    74.16    181    5.671
   180   -8419.0283     0.4787     0.6896    0.0028    81.02    182    5.430
   181   -8419.6950     0.2674     0.6667    0.0015    82.58    183    5.643
   182   -8420.3241     0.2750     0.6291    0.0020    80.12    184    5.841
   183   -8421.0204     0.3511     0.6963    0.0022    80.91    185    5.687
   184   -8421.8415     0.4503     0.8210    0.0030    82.33    186    5.475
   185   -8422.7857     0.3195     0.9442    0.0027    82.94    187    5.862
   186   -8423.5301     0.3224     0.7444    0.0017    77.90    188    5.698
   187   -8424.3612     0.3369     0.8311    0.0019    76.95    189    5.381
   188   -8425.1752     0.3279     0.8140    0.0020    79.17    190    5.810
   189   -8426.0530     0.3449     0.8778    0.0032    81.19    191    5.574
   190   -8426.7152     0.3263     0.6621    0.0020    81.27    192    5.519
   191   -8427.4466     0.3006     0.7314    0.0021    81.05    193    5.607
   192   -8428.3741     0.3488     0.9276    0.0029    80.08    194    5.703
   193   -8429.1637     0.4685     0.7895    0.0040    82.58    195    5.624
   194   -8429.9119     0.2855     0.7483    0.0014    80.46    196    5.416
   195   -8430.5369     0.2562     0.6250    0.0013    74.67    197    5.906
   196   -8431.1001     0.3454     0.5632    0.0018    78.54    198    5.604
   197   -8431.8619     0.2852     0.7618    0.0028    83.25    199    5.877
   198   -8432.6270     0.3011     0.7651    0.0028    81.31    200    5.589
   199   -8433.1427     0.4295     0.5157    0.0031    81.40    201    5.589
   200   -8433.6882     0.2369     0.5455    0.0005    67.89    202    5.470
   201   -8434.2728     0.2541     0.5846    0.0006    50.79    203    5.659
   202   -8434.8755     0.3257     0.6027    0.0013    74.03    204    5.833
   203   -8435.1937     0.5749     0.3183    0.0030    82.67    205    5.917
   204   -8435.6816     0.3089     0.4878    0.0003    70.96    206    5.638
   205   -8436.1600     0.2089     0.4784    0.0010    76.72    207    5.815
   206   -8436.4897     0.2581     0.3297    0.0011    79.38    208    5.560
   207   -8437.0159     0.2978     0.5262    0.0015    80.20    209    5.803
   208   -8437.4441     0.4980     0.4282    0.0026    81.92    210    5.799
   209   -8438.0085     0.2356     0.5644    0.0012    81.79    211    5.662
   210   -8438.3402     0.2002     0.3317    0.0006    69.95    212    5.609
   211   -8438.8008     0.2626     0.4606    0.0010    70.39    213    5.703
   212   -8439.2182     0.4337     0.4174    0.0017    78.44    214    5.612
   213   -8439.6923     0.2404     0.4741    0.0011    80.92    215    5.500
   214   -8440.0671     0.2129     0.3748    0.0008    74.53    216    5.634
   215   -8440.5391     0.2864     0.4720    0.0013    76.07    217    5.635
   216   -8441.0295     0.4060     0.4904    0.0022    81.05    218    6.020
   217   -8441.5623     0.2641     0.5329    0.0015    82.80    219    5.673
   218   -8442.0551     0.2157     0.4927    0.0015    78.91    220    5.548
   219   -8442.4353     0.2855     0.3803    0.0014    77.80    221    5.582
   220   -8442.8864     0.2293     0.4511    0.0015    81.04    222    5.563
   221   -8443.3979     0.2804     0.5114    0.0020    79.38    223    5.564
   222   -8443.8162     0.3100     0.4184    0.0018    80.44    224    5.563
   223   -8444.1859     0.2274     0.3697    0.0007    77.63    225    5.725
   224   -8444.7080     0.2089     0.5220    0.0013    75.41    226    5.869
   225   -8445.1997     0.3356     0.4917    0.0023    80.16    227    5.603
   226   -8445.6392     0.3111     0.4395    0.0030    84.31    228    5.733
   227   -8446.0067     0.1905     0.3675    0.0006    74.47    229    5.788
   228   -8446.4436     0.2165     0.4370    0.0011    70.57    230    5.676
   229   -8446.8062     0.3002     0.3626    0.0016    80.70    231    6.000
   230   -8447.2971     0.2318     0.4909    0.0023    83.83    232    5.508
   231   -8447.7747     0.2919     0.4777    0.0025    82.13    233    5.646
   232   -8448.1861     0.3324     0.4113    0.0027    82.84    234    5.523
   233   -8448.5610     0.2136     0.3750    0.0003    55.16    235    5.670
   234   -8449.0910     0.1937     0.5300    0.0008    64.32    236    5.607
   235   -8449.5098     0.3428     0.4188    0.0019    78.22    237    5.417
   236   -8449.9306     0.2755     0.4208    0.0023    84.45    238    5.238
   237   -8450.3044     0.2094     0.3738    0.0013    82.19    239    5.519
   238   -8450.7890     0.2212     0.4846    0.0022    80.31    240    5.568
   239   -8451.1868     0.3337     0.3978    0.0021    80.72    241    5.912
   240   -8451.5967     0.2526     0.4099    0.0012    82.29    242    5.736
   241   -8452.1418     0.2133     0.5451    0.0017    78.56    243    5.599
   242   -8452.5429     0.3412     0.4011    0.0018    77.93    244    5.546
   243   -8452.9666     0.2364     0.4236    0.0011    80.70    245    5.667
   244   -8453.5173     0.2071     0.5507    0.0017    77.68    246    5.648
   245   -8453.8849     0.3482     0.3676    0.0017    78.02    247    5.751
   246   -8454.2759     0.2266     0.3910    0.0013    82.46    248    5.525
   247   -8454.6592     0.2216     0.3832    0.0011    78.38    249    5.657
   248   -8455.1861     0.2831     0.5269    0.0021    80.22    250    5.588
   249   -8455.5342     0.4974     0.3481    0.0032    83.27    251    5.508
   250   -8456.0137     0.2428     0.4795    0.0007    78.28    252    5.689
   251   -8456.4270     0.2090     0.4133    0.0011    76.90    253    5.626
   252   -8456.7924     0.2375     0.3654    0.0017    81.67    254    5.752
   253   -8457.2443     0.4031     0.4519    0.0026    83.00    255    5.578
   254   -8457.8624     0.2753     0.6181    0.0033    86.08    256    5.697
   255   -8458.4176     0.3085     0.5552    0.0025    82.57    257    5.686
   256   -8458.9995     0.2651     0.5820    0.0023    81.92    258    5.814
   257   -8459.4637     0.2580     0.4642    0.0009    73.34    259    5.523
   258   -8459.9692     0.2881     0.5055    0.0015    75.81    260    5.756
   259   -8460.3772     0.2620     0.4080    0.0018    81.89    261    5.731
   260   -8460.7105     0.2259     0.3334    0.0010    80.55    262    5.546
   261   -8461.2042     0.2215     0.4937    0.0017    79.70    263    5.764
   262   -8461.7246     0.3637     0.5203    0.0031    81.45    264    5.632
   263   -8462.1686     0.2425     0.4441    0.0020    84.29    265    5.596
   264   -8462.5233     0.2053     0.3547    0.0013    80.95    266    5.641
   265   -8462.9572     0.2691     0.4339    0.0018    78.87    267    5.651
   266   -8463.3632     0.3374     0.4060    0.0023    82.01    268    6.007
   267   -8463.7884     0.2384     0.4252    0.0011    81.93    269    5.545
   268   -8464.3968     0.1979     0.6084    0.0023    80.75    270    5.719
   269   -8464.9033     0.3665     0.5065    0.0031    81.19    271    5.693
   270   -8465.3942     0.2894     0.4909    0.0023    84.48    272    5.581
   271   -8465.9180     0.2248     0.5238    0.0015    80.89    273    5.866
   272   -8466.5042     0.2904     0.5862    0.0022    77.60    274    6.136
   273   -8466.9494     0.3370     0.4451    0.0018    80.82    275    5.978
   274   -8467.4031     0.2677     0.4538    0.0009    79.55    276    6.034
   275   -8468.0492     0.2182     0.6461    0.0019    79.68    277    6.037
   276   -8468.4629     0.4979     0.4137    0.0032    79.97    278    6.155
   277   -8468.9257     0.2479     0.4628    0.0005    73.36    279    5.762
   278   -8469.3262     0.2098     0.4005    0.0007    72.66    280    5.538
   279   -8469.7700     0.2447     0.4438    0.0016    78.50    281    5.472
   280   -8470.2160     0.4066     0.4459    0.0020    80.81    282    5.527
   281   -8470.7969     0.2368     0.5810    0.0024    84.83    283    5.558
   282   -8471.2678     0.1927     0.4708    0.0016    79.41    284    5.850
   283   -8471.6650     0.3118     0.3972    0.0019    77.81    285    5.678
   284   -8472.0405     0.2649     0.3755    0.0014    82.11    286    5.555
   285   -8472.4125     0.2276     0.3721    0.0011    80.19    287    5.802
   286   -8472.8641     0.2787     0.4515    0.0018    79.14    288    5.749
   287   -8473.2884     0.3295     0.4243    0.0025    83.01    289    5.872
   288   -8473.6636     0.2362     0.3751    0.0006    76.54    290    5.696
   289   -8474.1685     0.1893     0.5049    0.0013    75.44    291    5.662
   290   -8474.5124     0.3174     0.3440    0.0018    78.87    292    5.547
   291   -8474.8763     0.2360     0.3639    0.0013    82.95    293    5.768
   292   -8475.3833     0.2062     0.5069    0.0020    80.76    294    5.835
   293   -8475.7795     0.3614     0.3963    0.0024    80.46    295    5.615
   294   -8476.1601     0.2172     0.3806    0.0012    81.82    296    5.501
   295   -8476.4592     0.1944     0.2991    0.0006    73.22    297    5.627
   296   -8476.8558     0.2440     0.3967    0.0013    76.32    298    5.666
   297   -8477.1482     0.4158     0.2923    0.0025    82.32    299    5.707
   298   -8477.5053     0.2214     0.3571    0.0007    80.15    300    5.817
   299   -8477.8973     0.1970     0.3920    0.0015    79.63    301    5.433
   300   -8478.1849     0.2166     0.2876    0.0015    82.54    302    5.610
   301   -8478.4964     0.3962     0.3115    0.0021    82.66    303    5.928
   302   -8478.9400     0.2421     0.4436    0.0022    85.80    304    5.673
   303   -8479.3431     0.1965     0.4031    0.0018    82.20    305    5.604
   304   -8479.6939     0.2791     0.3508    0.0017    79.39    306    5.452
   305   -8480.0682     0.2476     0.3743    0.0012    80.82    307    5.630
   306   -8480.5769     0.2372     0.5087    0.0018    80.22    308    5.505
   307   -8480.7336     0.5325     0.1567    0.0030    81.53    309    5.563
   308   -8480.9983     0.3689     0.2647    0.0002    73.64    310    5.778
   309   -8481.3713     0.1628     0.3730    0.0002    41.33    311    5.453
   310   -8481.6165     0.2057     0.2452    0.0007    72.93    312    5.461
   311   -8481.9242     0.2607     0.3077    0.0016    82.70    313    5.555
   312   -8482.3632     0.3382     0.4391    0.0024    84.32    314    5.511
   313   -8482.8077     0.3423     0.4445    0.0036    85.78    315    5.520
   314   -8483.1652     0.1952     0.3575    0.0017    84.94    316    5.655
   315   -8483.4794     0.1824     0.3142    0.0013    79.38    317    5.418
   316   -8483.7682     0.2637     0.2888    0.0011    77.64    318    5.705
   317   -8484.1450     0.2556     0.3768    0.0016    82.28    319    5.902
   318   -8484.5684     0.2477     0.4234    0.0017    81.30    320    5.612
   319   -8484.9852     0.2418     0.4168    0.0014    76.94    321    5.836
   320   -8485.3337     0.2132     0.3485    0.0010    77.24    322    5.385
   321   -8485.6492     0.1943     0.3154    0.0011    77.55    323    5.700
   322   -8485.8898     0.2695     0.2407    0.0015    79.94    324    5.588
   323   -8486.1466     0.1841     0.2567    0.0009    82.28    325    5.456
   324   -8486.5041     0.1822     0.3575    0.0015    79.21    326    5.709
   325   -8486.8243     0.3045     0.3202    0.0019    80.58    327    5.513
   326   -8487.1738     0.2221     0.3494    0.0020    84.30    328    5.472
   327   -8487.4589     0.1678     0.2851    0.0008    77.67    329    5.702
   328   -8487.7772     0.2159     0.3183    0.0011    71.53    330    5.502
   329   -8488.0058     0.2797     0.2287    0.0011    78.62    331    5.480
   330   -8488.2498     0.2017     0.2439    0.0007    80.92    332    5.758
   331   -8488.6104     0.1448     0.3606    0.0014    79.93    333    5.871
   332   -8488.9217     0.3010     0.3113    0.0023    79.18    334    5.711
   333   -8489.1929     0.2176     0.2712    0.0010    81.75    335    5.580
   334   -8489.4943     0.1803     0.3014    0.0007    74.65    336    5.677
   335   -8489.8151     0.2539     0.3208    0.0011    71.66    337    5.796
   336   -8490.0213     0.2666     0.2062    0.0010    78.36    338    5.555
   337   -8490.1968     0.1749     0.1755    0.0001    50.45    339    5.791
   338   -8490.4658     0.1297     0.2690    0.0006    71.30    340    5.786
   339   -8490.7542     0.2003     0.2884    0.0014    75.28    341    5.967
   340   -8490.8784     0.3892     0.1242    0.0014    79.78    342    5.431
   341   -8491.0818     0.2416     0.2034    0.0003    78.63    343    5.493
   342   -8491.3606     0.1283     0.2788    0.0008    77.13    344    5.425
   343   -8491.5251     0.1621     0.1645    0.0007    75.98    345    5.519
   344   -8491.7776     0.1857     0.2524    0.0011    79.31    346    5.644
   345   -8491.9204     0.4054     0.1428    0.0019    81.54    347    5.796
   346   -8492.1464     0.2341     0.2260    0.0004    79.05    348    5.475
   347   -8492.3757     0.1372     0.2293    0.0006    74.82    349    5.669
   348   -8492.4920     0.1613     0.1163    0.0004    75.88    350    5.627
   349   -8492.6914     0.1682     0.1993    0.0008    78.89    351    5.643
   350   -8492.9218     0.2936     0.2304    0.0013    79.29    352    5.899
   351   -8493.2340     0.1730     0.3122    0.0016    84.30    353    6.057
   352   -8493.4419     0.1541     0.2079    0.0013    81.78    354    5.603
   353   -8493.6554     0.2137     0.2136    0.0015    79.54    355    5.552
   354   -8493.8545     0.1677     0.1991    0.0004    71.87    356    5.629
   355   -8494.0636     0.1611     0.2091    0.0005    65.74    357    5.667
   356   -8494.2449     0.1877     0.1813    0.0007    73.98    358    5.592
   357   -8494.4700     0.1674     0.2250    0.0010    80.99    359    5.591
   358   -8494.6725     0.2618     0.2025    0.0015    79.75    360    5.660
   359   -8494.8694     0.1354     0.1969    0.0010    82.76    361    5.686
   360   -8494.9891     0.1331     0.1197    0.0005    76.51    362    5.611
   361   -8495.1715     0.1655     0.1824    0.0009    78.07    363    5.615
   362   -8495.3866     0.1758     0.2151    0.0016    81.74    364    5.467
   363   -8495.5642     0.1408     0.1776    0.0012    83.14    365    5.441
   364   -8495.7539     0.1834     0.1898    0.0015    81.12    366    5.548
   365   -8495.9446     0.2014     0.1907    0.0011    79.23    367    5.682
   366   -8496.1065     0.1368     0.1619    0.0002    61.57    368    5.536
   367   -8496.2792     0.1340     0.1727    0.0004    57.95    369    5.814
   368   -8496.4292     0.1754     0.1499    0.0009    77.41    370    5.585
   369   -8496.5874     0.1416     0.1582    0.0010    81.86    371    5.833
   370   -8496.7436     0.1646     0.1562    0.0015    81.78    372    5.576
   371   -8496.8659     0.1315     0.1223    0.0008    81.14    373    5.695
   372   -8496.9874     0.1209     0.1215    0.0003    67.94    374    5.633
   373   -8497.1401     0.1423     0.1527    0.0006    69.70    375    5.580
   374   -8497.2441     0.2246     0.1040    0.0009    77.25    376    5.592
   375   -8497.3627     0.1242     0.1187    0.0002    69.16    377    5.656
   376   -8497.4944     0.1111     0.1316    0.0005    70.45    378    5.587
   377   -8497.6031     0.1254     0.1087    0.0006    77.80    379    5.603
   378   -8497.6857     0.2499     0.0826    0.0010    79.66    380    5.574
   379   -8497.8075     0.1301     0.1217    0.0005    82.01    381    5.698
   380   -8497.9154     0.1037     0.1079    0.0005    76.99    382    5.943
   381   -8498.0147     0.1248     0.0993    0.0005    75.99    383    5.553
   382   -8498.1552     0.1754     0.1405    0.0008    78.71    384    5.549
   383   -8498.3226     0.1482     0.1674    0.0012    82.36    385    6.110
   384   -8498.4286     0.1409     0.1060    0.0007    79.67    386    5.575
   385   -8498.5343     0.1162     0.1057    0.0004    73.17    387    5.704
   386   -8498.6598     0.1340     0.1255    0.0004    69.78    388    5.774
   387   -8498.7902     0.1916     0.1304    0.0009    77.06    389    5.771
   388   -8498.9134     0.1330     0.1232    0.0008    81.74    390    5.697
   389   -8498.9953     0.1053     0.0819    0.0004    76.90    391    5.682
   390   -8499.1083     0.1057     0.1130    0.0007    76.08    392    5.458
   391   -8499.2273     0.1867     0.1190    0.0011    78.84    393    5.486
   392   -8499.3402     0.1286     0.1129    0.0007    83.30    394    5.601
   393   -8499.4641     0.1088     0.1240    0.0009    80.17    395    5.884
   394   -8499.5644     0.1620     0.1002    0.0008    78.94    396    5.762
   395   -8499.6859     0.1155     0.1215    0.0008    81.65    397    5.355
   396   -8499.8191     0.1108     0.1332    0.0008    78.28    398    5.749
   397   -8499.9130     0.1960     0.0940    0.0011    77.96    399    5.666
   398   -8500.0103     0.1136     0.0973    0.0003    75.16    400    5.584
   399   -8500.0973     0.1076     0.0870    0.0003    71.03    401    5.815
   400   -8500.2208     0.1363     0.1235    0.0009    79.29    402    5.722
   401   -8500.2937     0.2624     0.0729    0.0015    83.05    403    5.732
   402   -8500.4029     0.1379     0.1092    0.0003    80.17    404    5.509
   403   -8500.5066     0.0936     0.1036    0.0006    79.77    405    5.691

 Optimization achieved convergence criteria:  0.09361
 Generalized Kirkwood  -4174.93593110      0.268
 Cavitation             2156.55148561      0.184
 Dispersion            -1523.21238042      0.365

 Computed Potential Energy
  Bond Stretching            292.99720406         3318        0.000 ( 0.01610)
  Angle Bending              745.15841838         5969        0.000 ( 2.85329)
  Stretch-Bend                 6.43385529         5326        0.000
  Out-of-Plane Bend           26.80925890         2136        0.000
  Torsional Angle             89.65717434         8785        0.000
  Pi-Orbital Torsion          25.51572137          423        0.000
  Torsion-Torsion           -105.30349802           21        0.007
  Van der Waals              558.34481228      5342069        0.022
  Atomic Multipoles        -5492.10333484      5342069
  Polarization             -1106.41933820      5342069        4.020
  Solvation                -3541.59682591      5354628
  Total Potential          -8500.50655233  (Kcal/mole)        4.055 (sec)
 Setting atom names to PDB standard.
 Saving 2L90_pH3.94.pdb_3
 Wrote induced dipoles to: /Dedicated/schnieders/maemmad/pKa_GNN/ffx_pipeline/data/fixed_pdbs/2L90/2L90_pH3.94.uind
 Wrote permanent multipoles to: /Dedicated/schnieders/maemmad/pKa_GNN/ffx_pipeline/data/fixed_pdbs/2L90/2L90_pH3.94.uperm

 Script wall clock time: 2261.558 (sec)
=== Titration pH 3.94 done: Fri May  8 12:15:04 CDT 2026 ===
