 Evaluating /Dedicated/schnieders/programs/stack-2021.1.sh
  Loading Modules
   Stack 2021.1
   GCC 9.3.0
   CMake 3.20.0
   Eigen 3.3.9
   Cuda 11.1.1
   Cuda: /usr/share/apps/2021.1/arch/gcc-9.3.0/cuda-11.1.1
   CudaNN 8.0.5.39-11.1
   Swig 4.0.2_gcc-9.3.0
  Loading software from /Dedicated/schnieders/programs/local
   Ant: /Dedicated/schnieders/programs/apache-ant-1.10.11
   FFX: /Dedicated/schnieders/programs/ffx-builds/forcefieldx-2026-01-04
   GDMA: /Dedicated/schnieders/programs/gdma-2.3
   Groovy: /Dedicated/schnieders/programs/groovy-4.0.1
   Java: /Dedicated/schnieders/programs/jdk-25.0.1
   Maven: /Dedicated/schnieders/programs/apache-maven-3.9.5
   VMD: /Dedicated/schnieders/programs/vmd
   NAMD: /Dedicated/schnieders/programs/NAMD_3.0alpha7_Linux-x86_64-multicore-CUDA
   OpenEye: /Dedicated/schnieders/programs/OpenEye
   Tinker: /Dedicated/schnieders/programs/tinker-tools
=== Titration pH 3.94 started: Mon Apr 27 16:07:46 CDT 2026 ===
  Copy already exists, skipping.
  ManyBody output already exists, skipping.
WARNING: Using incubator modules: jdk.incubator.vector
 _________________________________________________________________________

        FORCE FIELD X - Polyglot Software for Molecular Biophysics 

        Version 1.0.0-6991  April 2026 
        Git Revision  937dfd3f3a84d0dc91f73b0419518078a8c41842 
 
        Please cite the following reference when using Force Field X:

        RA Gogal, AJ Nessler, AC Thiel, HV Bernabe, RA Corrigan Grove,
        LM Cousineau, JM Litman, JM Miller, G Qi, MJ Speranza,
        MR Tollefson, TD Fenn, JJ Michaelson, O Okada, JP Piquemal,
        JW Ponder, J Shen, RJH Smith, W Yang, P Ren and MJ Schnieders,
        2024, Journal of Chemical Physics, 161 (1).

        Copyright (c)  Michael J. Schnieders  2001-2026
        All Rights Reserved

        Force Field X is distributed under the GPL v. 3 license
        with linking exception and is hosted by the Schnieders Lab
        at The University of Iowa.

        User Manual:   https://ffx.biochem.uiowa.edu/manual.html
        Publications:  https://ffx.biochem.uiowa.edu/publications.html
        License:       https://ffx.biochem.uiowa.edu/licenses.html

 _________________________________________________________________________

 Mon Apr 27 16:07:47 CDT 2026
 Process ID 92429 on argon-itf-bx51-15.hpc.

 Command line arguments:
 [Minimize, -e, 0.1, /Dedicated/schnieders/maemmad/pKa_GNN/ffx_pipeline/data/fixed_pdbs/1ANS/1ANS_pH3.94.pdb_2, --saveInduced, --savePermanentMoments]

 Executing internal command: ffx.algorithms.commands.Minimize

 Initializing 1 topologies...
 Parsing: Internal force field (amoeba-bio-2018-cphmd).
 Parsing: Structure properties from (/Dedicated/schnieders/maemmad/pKa_GNN/ffx_pipeline/data/fixed_pdbs/1ANS/1ANS_input.properties).
 Parsing: JVM system properties (i.e. command line -Dkey=value pairs).

 Attempting to read force field patch from /Dedicated/schnieders/maemmad/pKa_GNN/naphosphate_solute.09Feb21.prm.

 Renumbering Patch: FALSE
 Reading 1ANS_pH3.94.pdb_2

 Assigning atom types for 1 chains.
 Amino acid chain A
 Constructing Force Field AMOEBA-BIO-2018-CPHMD

 SMP threads:                                80
 The system will be treated as aperiodic (max separation =   28.7 A).

 Bonded Terms
  Bonds:                                    389
  Angles:                                   694
  Stretch-Bends:                            638
  Out-of-Plane Bends:                       276
  Torsions:                                1039
  Pi-Orbital Torsions:                       60
  Torsion-Torsions:                           5

 Non-Bonded Terms

  Van der Waals
   Cut-Off:                                NONE
   Long-Range Correction:                 FALSE

 Electrostatics
   Polarization:                         MUTUAL
    SCF Convergence Criteria:         1.000e-06
    SCF Predictor:                         NONE
    SCF Algorithm:                           CG
    CG Preconditioner Cut-Off:            4.500
    CG Preconditioner Ewald Coeff.:       0.000
    CG Preconditioner Scale:              2.000
    CG Preconditioner Mode:     FLETCHER_REEVES
    Electrostatics Cut-Off:                NONE

  Continuum Solvation
   Radii:                                SOLUTE
   Generalized Kirkwood Cut-Off:           NONE
   GKC:                                  2.4550
   Solvent Dielectric:                  78.3000
   Solute Dielectric:                    1.0000
   Descreen with vdW Radii:                TRUE
   Descreen with Hydrogen Atoms:          FALSE
   Descreen Offset:                      0.0000
   General HCT Scale Factor:             0.7200
   Non-Polar Model:                  GAUSS-DISP
    GaussVol Radii Offset:               0.0000
    GaussVol Radii Scale:                1.0000
   Dispersion Integral Offset:           1.0560 (A)
   Cavitation Solvent Pressure:          0.0334 (Kcal/mol/A^3)
   Cavitation Surface Tension:           0.1030 (Kcal/mol/A^2)
   Cavitation Cross-Over Radius:         9.2515 (A)

  Overall system charge:                  1.000

 Opened 1ANS_pH3.94.pdb_2 in 1.067 sec.

 System Resources
  Total CPU time:          24.83 (sec)
  System load average:      2.53
  Open file handles:         146 of  81920 allowed
  System memory:          190966 MB free out of 191080 MB
  System swap space:        2053 MB free out of   2053 MB
  JVM memory:               4051 MB free out of   4096 MB

 Minimizing energy of Single Topology  [1ANS_pH3.94.pdb_2] 
 Setting lambda to 0.000.
 Generalized Kirkwood   -597.94712023      0.208
 Cavitation              280.83899299      0.299
 Dispersion             -238.82766558      0.402

 Computed Potential Energy
  Bond Stretching             32.90831535          389        0.002 ( 0.01554)
  Angle Bending              116.40290494          694        0.001 ( 3.31278)
  Stretch-Bend                 0.62813917          638        0.001
  Out-of-Plane Bend            4.63677779          276        0.005
  Torsional Angle            -12.16048079         1039        0.001
  Pi-Orbital Torsion           3.62853949           60        0.002
  Torsion-Torsion            -19.67554727            5        0.001
  Van der Waals              110.28970416        70927        0.013
  Atomic Multipoles         -457.59850809        70927
  Polarization              -105.98918532        70927        3.275
  Solvation                 -555.93579282        72390
  Total Potential           -882.86513340  (Kcal/mole)        3.303 (sec)

 Limited Memory BFGS Quasi-Newton Optimization: 

 Cycle       Energy      G RMS    Delta E   Delta X    Angle  Evals     Time

     0    -882.8651     3.6090
     1    -886.8313     2.5742     3.9661    0.0020     0.00      3    2.909
     2    -888.9400     1.7593     2.1087    0.0011    34.00      4    1.003
     3    -891.9905     1.2756     3.0505    0.0025    30.96      5    0.509
     4    -894.4094     1.7361     2.4188    0.0036    39.18      6    0.490
     5    -894.9677     2.8321     0.5584    0.0041    61.88      7    0.588
     6    -895.8951     1.8630     0.9273    0.0004    31.81      8    0.500
     7    -897.1007     0.8276     1.2057    0.0010    32.69      9    0.415
     8    -897.7036     1.0293     0.6029    0.0012    45.92     10    0.489
     9    -898.6677     1.1730     0.9641    0.0022    62.75     11    0.497
    10    -900.1477     1.1836     1.4800    0.0038    67.69     12    0.309
    11    -900.7704     1.5521     0.6227    0.0032    72.91     14    0.701
    12    -901.6396     0.8388     0.8692    0.0031    76.70     15    0.393
    13    -902.1620     0.6517     0.5224    0.0025    69.70     16    0.308
    14    -902.5694     0.8326     0.4073    0.0020    65.18     17    0.313
    15    -903.0523     0.7900     0.4829    0.0020    70.68     18    0.300
    16    -903.5063     1.4037     0.4540    0.0029    68.24     19    0.303
    17    -904.0933     0.6401     0.5870    0.0025    76.68     20    0.376
    18    -904.4467     0.5637     0.3534    0.0015    63.53     21    0.225
    19    -904.8609     0.7992     0.4143    0.0028    69.05     22    0.380
    20    -905.1389     1.1821     0.2780    0.0038    76.15     23    0.315
    21    -905.4965     0.6163     0.3576    0.0008    63.55     24    0.384
    22    -905.8736     0.5543     0.3771    0.0018    64.60     25    0.316
    23    -906.1898     0.6762     0.3162    0.0025    74.45     26    0.377
    24    -906.4477     1.1849     0.2579    0.0035    76.37     27    0.305
    25    -906.8013     0.5300     0.3536    0.0022    80.03     28    0.314
    26    -907.0232     0.4123     0.2218    0.0015    70.05     29    0.387
    27    -907.2355     0.4871     0.2124    0.0016    67.36     30    0.316
    28    -907.5031     0.7788     0.2676    0.0025    72.48     31    0.304
    29    -907.8606     0.5560     0.3575    0.0034    79.90     32    0.374
    30    -908.1626     0.5799     0.3020    0.0033    76.99     33    0.410
    31    -908.4290     0.6156     0.2664    0.0033    76.52     34    0.891
    32    -908.6428     0.5108     0.2139    0.0011    67.47     35    0.408
    33    -908.9317     0.5018     0.2888    0.0018    66.26     36    0.405
    34    -909.1907     0.9010     0.2590    0.0035    74.27     37    0.299
    35    -909.5054     0.5968     0.3147    0.0038    82.98     38    0.508
    36    -909.7805     0.5152     0.2752    0.0033    80.28     39    0.291
    37    -910.0880     0.6103     0.3075    0.0044    79.91     40    0.307
    38    -910.3546     0.9035     0.2666    0.0056    80.86     41    0.481
    39    -910.6739     0.5263     0.3193    0.0017    76.10     42    0.421
    40    -911.0253     0.5185     0.3514    0.0024    68.02     43    0.579
    41    -911.2967     0.6523     0.2713    0.0028    76.69     44    0.443
    42    -911.6465     0.5327     0.3499    0.0040    79.57     45    0.597
    43    -911.9550     0.5711     0.3084    0.0035    76.09     46    0.502
    44    -912.1842     0.7543     0.2292    0.0033    76.30     47    0.572
    45    -912.4053     0.4732     0.2210    0.0007    59.43     48    0.518
    46    -912.6738     0.4326     0.2686    0.0015    59.53     49    0.603
    47    -912.8833     0.6734     0.2094    0.0027    75.04     50    0.866
    48    -913.1240     0.5137     0.2408    0.0036    81.80     51    0.729
    49    -913.3193     0.4814     0.1952    0.0022    76.54     52    0.903
    50    -913.5242     0.4611     0.2049    0.0022    75.32     53    1.504
    51    -913.7289     0.5885     0.2047    0.0024    74.76     54    1.203
    52    -913.9415     0.5113     0.2125    0.0028    78.08     55    1.104
    53    -914.1137     0.4158     0.1722    0.0014    73.56     56    1.380
    54    -914.3061     0.4974     0.1923    0.0025    72.99     57    1.196
    55    -914.4717     0.4553     0.1657    0.0016    72.86     58    0.682
    56    -914.6442     0.4010     0.1725    0.0016    73.77     59    0.852
    57    -914.8158     0.6365     0.1716    0.0024    71.78     60    0.950
    58    -914.9715     0.4289     0.1557    0.0020    78.56     61    1.138
    59    -915.0746     0.3619     0.1031    0.0006    62.98     62    1.009
    60    -915.2352     0.3237     0.1607    0.0012    66.34     63    0.895
    61    -915.3775     0.7402     0.1423    0.0028    71.54     64    1.179
    62    -915.5241     0.4076     0.1465    0.0018    81.20     65    1.684
    63    -915.6281     0.3507     0.1040    0.0011    75.80     66    1.812
    64    -915.7803     0.3576     0.1522    0.0020    75.08     67    0.984
    65    -915.8944     0.7676     0.1142    0.0034    77.29     68    1.324
    66    -916.0401     0.3921     0.1457    0.0013    79.37     69    1.818
    67    -916.1603     0.3193     0.1202    0.0011    71.48     70    0.862
    68    -916.2920     0.4087     0.1317    0.0019    74.78     71    0.806
    69    -916.4236     0.7253     0.1316    0.0029    78.92     72    1.019
    70    -916.5904     0.4017     0.1668    0.0023    82.89     73    1.174
    71    -916.7298     0.3060     0.1393    0.0021    77.80     74    1.032
    72    -916.8490     0.4557     0.1192    0.0021    75.52     75    1.189
    73    -916.9816     0.5011     0.1326    0.0027    80.76     76    1.487
    74    -917.1265     0.4010     0.1449    0.0021    80.59     77    1.427
    75    -917.2997     0.3760     0.1731    0.0030    77.82     78    1.390
    76    -917.4324     0.4219     0.1327    0.0024    78.20     79    1.395
    77    -917.5627     0.3811     0.1303    0.0025    81.25     80    1.373
    78    -917.6926     0.5133     0.1299    0.0037    80.77     81    1.548
    79    -917.8129     0.3634     0.1203    0.0018    80.33     82    1.365
    80    -917.9362     0.3774     0.1233    0.0018    77.13     83    1.506
    81    -918.1001     0.4889     0.1639    0.0033    80.02     84    1.702
    82    -918.2431     0.6316     0.1430    0.0048    82.95     85    1.124
    83    -918.3745     0.3674     0.1314    0.0011    76.08     86    1.363
    84    -918.4920     0.3364     0.1175    0.0012    70.69     87    1.502
    85    -918.6191     0.3902     0.1271    0.0023    78.73     88    1.260
    86    -918.7597     0.6014     0.1405    0.0037    81.19     89    1.508
    87    -918.9318     0.3828     0.1721    0.0038    84.38     90    1.295
    88    -919.0758     0.3542     0.1440    0.0028    80.23     91    0.974
    89    -919.2276     0.5015     0.1518    0.0037    79.25     92    1.083
    90    -919.3612     0.4615     0.1336    0.0025    80.81     93    1.372
    91    -919.4839     0.3542     0.1228    0.0015    77.76     94    1.401
    92    -919.6173     0.3527     0.1333    0.0020    74.80     95    1.104
    93    -919.7548     0.4925     0.1375    0.0029    79.06     96    0.898
    94    -919.9178     0.3874     0.1630    0.0028    81.39     97    1.229
    95    -920.0674     0.4543     0.1496    0.0029    77.65     98    1.177
    96    -920.1692     0.4185     0.1018    0.0016    76.10     99    1.134
    97    -920.2572     0.3191     0.0880    0.0006    65.99    100    1.201
    98    -920.3817     0.2579     0.1245    0.0014    69.82    101    1.591
    99    -920.4533     0.7045     0.0717    0.0030    75.11    102    1.200
   100    -920.5534     0.3409     0.1001    0.0010    80.04    103    1.708
   101    -920.6326     0.2687     0.0792    0.0012    76.33    104    1.762
   102    -920.7044     0.3195     0.0718    0.0017    79.03    105    1.641
   103    -920.8092     0.3486     0.1048    0.0024    80.69    106    1.352
   104    -920.8994     0.5057     0.0902    0.0040    82.47    107    1.435
   105    -920.9933     0.2609     0.0939    0.0012    77.89    108    1.069
   106    -921.0653     0.3168     0.0719    0.0007    63.34    109    1.416
   107    -921.1732     0.4005     0.1079    0.0017    76.78    110    1.480
   108    -921.2696     0.6564     0.0964    0.0030    80.99    111    1.637
   109    -921.3922     0.3227     0.1227    0.0025    84.18    112    1.900
   110    -921.4699     0.2743     0.0777    0.0014    78.14    113    2.121
   111    -921.5788     0.3633     0.1089    0.0021    76.59    114    2.327
   112    -921.6730     0.5706     0.0942    0.0034    81.25    115    2.331
   113    -921.7804     0.3330     0.1074    0.0014    80.37    116    3.235
   114    -921.8787     0.2927     0.0983    0.0016    75.95    117    3.160
   115    -921.9676     0.3827     0.0889    0.0020    78.79    118    3.235
   116    -922.0710     0.3908     0.1034    0.0032    82.63    119    2.186
   117    -922.1753     0.3045     0.1043    0.0026    82.97    120    0.992
   118    -922.2866     0.3672     0.1113    0.0037    81.28    121    0.826
   119    -922.3865     0.4043     0.0999    0.0019    78.32    122    1.705
   120    -922.5142     0.3696     0.1277    0.0019    78.88    123    1.501
   121    -922.6504     0.4701     0.1362    0.0033    79.48    124    0.809
   122    -922.7644     0.3335     0.1140    0.0027    82.33    125    0.584
   123    -922.8403     0.2974     0.0759    0.0012    77.90    126    1.721
   124    -922.9469     0.3078     0.1067    0.0023    78.99    127    1.257
   125    -923.0525     0.4885     0.1056    0.0039    81.02    128    3.909
   126    -923.1443     0.3460     0.0918    0.0023    83.84    129    2.777
   127    -923.2366     0.3185     0.0923    0.0023    82.22    130    2.932
   128    -923.3651     0.4076     0.1285    0.0034    81.39    131    3.057
   129    -923.4972     0.5372     0.1321    0.0045    82.94    132    2.411
   130    -923.6418     0.3557     0.1447    0.0027    83.15    133    2.055
   131    -923.7940     0.3520     0.1521    0.0033    79.51    134    2.968
   132    -923.9041     0.5309     0.1101    0.0030    80.24    135    2.979
   133    -924.0283     0.3483     0.1242    0.0021    82.53    136    3.174
   134    -924.1790     0.3625     0.1507    0.0038    80.42    137    3.752
   135    -924.2688     0.5077     0.0898    0.0031    81.94    138    3.595
   136    -924.3638     0.3614     0.0950    0.0016    82.81    139    2.931
   137    -924.5045     0.2806     0.1407    0.0030    81.21    140    3.101
   138    -924.6336     0.5059     0.1291    0.0051    81.49    141    2.822
   139    -924.7368     0.4642     0.1033    0.0041    85.29    142    2.995
   140    -924.8341     0.3393     0.0973    0.0017    82.22    143    0.927
   141    -924.9704     0.2884     0.1363    0.0028    79.79    144    0.750
   142    -925.0863     0.4995     0.1159    0.0047    82.02    145    1.147
   143    -925.1945     0.4097     0.1083    0.0037    85.68    146    1.142
   144    -925.3223     0.3435     0.1278    0.0043    84.72    147    1.409
   145    -925.4424     0.4368     0.1201    0.0042    82.85    148    1.169
   146    -925.5721     0.4121     0.1297    0.0022    78.83    149    0.674
   147    -925.7175     0.3448     0.1453    0.0014    71.91    150    0.701
   148    -925.8615     0.4782     0.1440    0.0032    76.80    151    1.799
   149    -925.9387     0.4978     0.0772    0.0020    79.38    152    2.800
   150    -926.0097     0.3008     0.0710    0.0002    44.64    153    1.582
   151    -926.1114     0.2282     0.1017    0.0015    74.38    154    2.699
   152    -926.2018     0.3047     0.0905    0.0024    78.23    155    1.710
   153    -926.2416     0.7190     0.0398    0.0036    81.66    156    2.069
   154    -926.3081     0.4729     0.0665    0.0005    78.26    157    2.848
   155    -926.4012     0.2066     0.0931    0.0010    75.99    158    2.864
   156    -926.4582     0.2651     0.0571    0.0011    72.80    159    1.953
   157    -926.5352     0.3250     0.0769    0.0016    78.29    160    2.435
   158    -926.6430     0.4020     0.1078    0.0023    79.58    161    2.876
   159    -926.7672     0.3156     0.1242    0.0035    82.38    162    2.344
   160    -926.8595     0.2800     0.0923    0.0014    75.00    163    1.823
   161    -926.9464     0.3924     0.0869    0.0015    68.68    164    2.868
   162    -927.0093     0.3265     0.0629    0.0006    67.53    165    2.972
   163    -927.0650     0.2540     0.0557    0.0005    65.38    166    2.766
   164    -927.1429     0.2482     0.0779    0.0011    69.33    167    2.055
   165    -927.2076     0.4878     0.0648    0.0027    78.44    168    2.793
   166    -927.2704     0.2695     0.0628    0.0008    79.07    169    2.773
   167    -927.3382     0.2352     0.0677    0.0014    77.22    170    2.559
   168    -927.3947     0.2745     0.0565    0.0016    79.67    171    2.487
   169    -927.4465     0.5112     0.0519    0.0022    80.44    172    2.667
   170    -927.5191     0.2814     0.0726    0.0017    83.87    173    2.534
   171    -927.5767     0.2039     0.0576    0.0012    77.45    174    1.101
   172    -927.6291     0.2743     0.0524    0.0011    72.10    175    2.485
   173    -927.6913     0.3518     0.0622    0.0017    78.41    176    1.815
   174    -927.7586     0.2846     0.0673    0.0015    80.89    177    2.546
   175    -927.8201     0.3070     0.0615    0.0018    78.30    178    2.550
   176    -927.8680     0.2440     0.0479    0.0007    72.97    179    1.930
   177    -927.9190     0.2413     0.0510    0.0009    74.16    180    2.667
   178    -927.9817     0.3250     0.0627    0.0017    77.34    181    2.567
   179    -928.0444     0.2686     0.0627    0.0024    82.30    182    2.044
   180    -928.0841     0.2252     0.0398    0.0009    78.52    183    2.320
   181    -928.1411     0.2121     0.0570    0.0013    75.95    184    1.694
   182    -928.2080     0.3281     0.0669    0.0018    76.34    185    2.843
   183    -928.2676     0.3078     0.0596    0.0027    82.25    186    2.755
   184    -928.3132     0.1982     0.0456    0.0005    69.35    187    2.569
   185    -928.3582     0.2107     0.0449    0.0007    64.72    188    2.540
   186    -928.4014     0.3244     0.0433    0.0012    76.22    189    2.589
   187    -928.4625     0.2322     0.0611    0.0016    81.76    190    1.934
   188    -928.5203     0.3423     0.0577    0.0021    77.93    191    1.781
   189    -928.5675     0.2583     0.0473    0.0013    79.47    192    1.528
   190    -928.6023     0.2098     0.0347    0.0003    56.18    193    2.135
   191    -928.6553     0.1986     0.0530    0.0006    62.66    194    2.634
   192    -928.7082     0.3102     0.0529    0.0017    74.04    195    2.315
   193    -928.7415     0.2197     0.0333    0.0010    81.27    196    1.998
   194    -928.7686     0.1886     0.0271    0.0007    78.37    197    2.110
   195    -928.8099     0.1840     0.0413    0.0011    77.17    198    2.062
   196    -928.8433     0.4027     0.0334    0.0017    76.93    199    2.563
   197    -928.8862     0.1986     0.0429    0.0009    80.95    200    1.980
   198    -928.9144     0.1567     0.0282    0.0005    72.09    201    2.220
   199    -928.9493     0.2056     0.0349    0.0009    70.53    202    1.367
   200    -928.9701     0.3965     0.0207    0.0013    76.99    203    1.710
   201    -929.0016     0.2032     0.0315    0.0003    69.67    204    1.573
   202    -929.0328     0.1490     0.0312    0.0006    71.67    205    1.546
   203    -929.0541     0.1771     0.0213    0.0007    75.88    206    0.694
   204    -929.0887     0.2097     0.0346    0.0010    78.17    207    1.300
   205    -929.1296     0.2720     0.0410    0.0017    80.28    208    1.005
   206    -929.1702     0.1844     0.0406    0.0017    82.60    209    1.202
   207    -929.1968     0.1901     0.0265    0.0007    76.18    210    1.313
   208    -929.2382     0.1926     0.0414    0.0010    75.10    211    1.164
   209    -929.2902     0.3268     0.0520    0.0017    76.90    212    1.511
   210    -929.3359     0.2634     0.0457    0.0023    83.15    213    1.105
   211    -929.3680     0.1744     0.0321    0.0003    57.58    214    0.792
   212    -929.4064     0.1854     0.0384    0.0006    61.00    215    0.983
   213    -929.4484     0.2502     0.0420    0.0015    79.30    216    1.119
   214    -929.4812     0.3155     0.0328    0.0024    82.88    217    0.861
   215    -929.5116     0.1684     0.0304    0.0006    77.71    218    1.135
   216    -929.5323     0.1627     0.0207    0.0004    69.25    219    0.695
   217    -929.5645     0.1974     0.0322    0.0009    76.20    220    0.721
   218    -929.6035     0.2849     0.0390    0.0016    79.59    221    0.707
   219    -929.6460     0.1945     0.0425    0.0018    83.62    222    1.372
   220    -929.6783     0.2063     0.0323    0.0013    80.38    223    1.418
   221    -929.7182     0.1935     0.0399    0.0016    80.09    224    0.974
   222    -929.7529     0.2176     0.0348    0.0011    77.18    225    1.629
   223    -929.7903     0.1954     0.0374    0.0014    78.92    226    0.914
   224    -929.8204     0.1741     0.0301    0.0008    75.36    227    1.794
   225    -929.8570     0.2211     0.0366    0.0016    79.15    228    0.826
   226    -929.8922     0.2151     0.0352    0.0015    81.08    229    1.310
   227    -929.9297     0.1937     0.0375    0.0015    81.83    230    1.018
   228    -929.9739     0.2299     0.0442    0.0021    80.71    231    0.974
   229    -930.0137     0.2480     0.0398    0.0018    81.65    232    1.059
   230    -930.0538     0.2118     0.0401    0.0012    80.71    233    1.278
   231    -930.1083     0.2105     0.0545    0.0020    80.24    234    1.399
   232    -930.1458     0.3868     0.0375    0.0030    81.46    235    0.815
   233    -930.1884     0.2056     0.0427    0.0008    80.15    236    0.628
   234    -930.2236     0.1986     0.0352    0.0011    79.75    237    0.606
   235    -930.2669     0.2269     0.0433    0.0022    83.29    238    0.707
   236    -930.3095     0.4052     0.0426    0.0031    83.71    239    0.871
   237    -930.3694     0.2444     0.0599    0.0028    86.41    240    0.449
   238    -930.4331     0.2009     0.0637    0.0029    83.46    241    0.716
   239    -930.4814     0.3173     0.0482    0.0028    82.45    242    0.760
   240    -930.5314     0.2585     0.0500    0.0026    84.86    243    0.642
   241    -930.5754     0.2157     0.0440    0.0011    80.52    244    0.647
   242    -930.6345     0.2522     0.0591    0.0019    79.36    245    0.851
   243    -930.6998     0.3138     0.0652    0.0032    82.91    246    0.652
   244    -930.7591     0.2694     0.0593    0.0023    84.70    247    0.869
   245    -930.8313     0.2643     0.0722    0.0035    83.66    248    0.867
   246    -930.8799     0.2856     0.0487    0.0024    82.21    249    1.240
   247    -930.9148     0.2117     0.0349    0.0005    73.95    250    0.658
   248    -930.9680     0.1867     0.0532    0.0011    75.06    251    0.983
   249    -931.0227     0.3400     0.0546    0.0026    79.61    252    0.965
   250    -931.0578     0.3367     0.0351    0.0029    85.21    253    1.156
   251    -931.0910     0.1938     0.0332    0.0003    68.19    254    0.724
   252    -931.1337     0.1730     0.0427    0.0015    78.34    255    0.737
   253    -931.1619     0.1890     0.0282    0.0016    83.52    256    0.673
   254    -931.1949     0.3047     0.0330    0.0025    83.98    257    0.797
   255    -931.2380     0.2022     0.0431    0.0028    86.21    258    0.651
   256    -931.2751     0.2251     0.0371    0.0020    83.07    259    0.789
   257    -931.3272     0.2231     0.0521    0.0023    82.81    260    0.688
   258    -931.3936     0.3225     0.0664    0.0028    81.50    261    0.814
   259    -931.4338     0.4021     0.0402    0.0033    84.14    262    0.612
   260    -931.4758     0.1793     0.0421    0.0002    50.22    263    0.486
   261    -931.4985     0.1804     0.0226    0.0002    52.58    264    0.736
   262    -931.5354     0.2228     0.0369    0.0011    78.41    265    0.556
   263    -931.5865     0.2658     0.0511    0.0021    82.22    266    0.816
   264    -931.6514     0.2481     0.0649    0.0042    85.34    267    0.561
   265    -931.6956     0.3845     0.0442    0.0039    85.34    268    0.671
   266    -931.7552     0.2121     0.0596    0.0027    85.96    269    0.635
   267    -931.8115     0.1909     0.0564    0.0020    80.33    270    0.452
   268    -931.8606     0.3025     0.0491    0.0022    80.46    271    0.351
   269    -931.9148     0.2746     0.0542    0.0030    84.52    272    0.361
   270    -931.9635     0.2209     0.0487    0.0013    80.56    273    0.771
   271    -932.0194     0.2331     0.0559    0.0020    79.15    274    0.546
   272    -932.0592     0.3210     0.0398    0.0019    81.17    275    0.597
   273    -932.1039     0.2189     0.0447    0.0013    83.31    276    0.529
   274    -932.1605     0.2087     0.0566    0.0027    82.46    277    0.549
   275    -932.2014     0.3294     0.0409    0.0032    84.13    278    0.717
   276    -932.2497     0.2551     0.0483    0.0022    85.91    279    1.313
   277    -932.3206     0.2135     0.0709    0.0032    83.96    280    0.502
   278    -932.3672     0.4512     0.0466    0.0047    82.86    281    0.492
   279    -932.4136     0.2305     0.0464    0.0004    69.03    282    0.488
   280    -932.4478     0.2246     0.0341    0.0003    54.89    283    0.615
   281    -932.5020     0.2621     0.0542    0.0014    79.10    284    0.497
   282    -932.5731     0.3380     0.0711    0.0033    83.66    285    0.402
   283    -932.6085     0.4606     0.0354    0.0045    85.33    286    0.376
   284    -932.6601     0.2164     0.0516    0.0004    69.94    287    0.433
   285    -932.7026     0.2023     0.0425    0.0008    71.11    288    0.587
   286    -932.7368     0.2466     0.0342    0.0014    81.80    289    0.486
   287    -932.7857     0.2985     0.0489    0.0023    83.93    290    0.619
   288    -932.8490     0.2165     0.0633    0.0038    85.61    291    0.498
   289    -932.8997     0.2614     0.0507    0.0030    83.78    292    0.472
   290    -932.9451     0.2927     0.0454    0.0027    83.20    293    0.526
   291    -932.9794     0.1798     0.0344    0.0003    60.81    294    0.607
   292    -933.0155     0.1796     0.0361    0.0004    55.76    295    0.700
   293    -933.0531     0.2722     0.0376    0.0011    73.99    296    0.591
   294    -933.0984     0.2517     0.0453    0.0025    84.34    297    0.584
   295    -933.1377     0.1844     0.0393    0.0021    84.61    298    0.491
   296    -933.1764     0.2007     0.0387    0.0029    83.80    299    0.507
   297    -933.2122     0.2220     0.0359    0.0018    82.62    300    0.501
   298    -933.2609     0.2227     0.0487    0.0021    82.67    301    0.545
   299    -933.2963     0.4396     0.0354    0.0030    82.72    302    0.514
   300    -933.3440     0.2048     0.0477    0.0010    81.97    303    0.669
   301    -933.3773     0.1817     0.0333    0.0008    76.93    304    0.417
   302    -933.4189     0.2198     0.0416    0.0022    82.63    305    0.589
   303    -933.4502     0.4339     0.0313    0.0034    84.45    306    0.419
   304    -933.4955     0.2189     0.0453    0.0018    85.93    307    0.388
   305    -933.5387     0.1784     0.0433    0.0022    83.68    308    0.389
   306    -933.5818     0.2383     0.0430    0.0027    83.91    309    0.577
   307    -933.6228     0.4175     0.0410    0.0042    85.66    310    0.539
   308    -933.6765     0.2222     0.0538    0.0028    86.57    311    0.479
   309    -933.7186     0.1794     0.0420    0.0016    82.04    312    0.393
   310    -933.7667     0.2519     0.0481    0.0024    81.83    313    0.497
   311    -933.8143     0.3869     0.0476    0.0041    85.31    314    0.483
   312    -933.8737     0.2608     0.0594    0.0026    86.15    315    0.411
   313    -933.9517     0.2495     0.0780    0.0045    85.05    316    0.537
   314    -934.0161     0.3849     0.0644    0.0045    85.41    317    0.549
   315    -934.1032     0.3194     0.0871    0.0055    86.94    318    0.437
   316    -934.1986     0.3424     0.0954    0.0045    84.59    319    0.603
   317    -934.2724     0.4501     0.0738    0.0014    69.59    320    0.488
   318    -934.3451     0.2587     0.0727    0.0010    77.93    321    0.522
   319    -934.4140     0.2539     0.0690    0.0018    79.84    322    0.591
   320    -934.4838     0.3351     0.0697    0.0024    80.62    323    0.678
   321    -934.5465     0.3673     0.0628    0.0036    84.34    324    0.588
   322    -934.6093     0.2447     0.0628    0.0019    84.55    325    0.392
   323    -934.6954     0.2289     0.0861    0.0028    80.77    326    0.303
   324    -934.7450     0.4245     0.0496    0.0031    82.12    327    0.312
   325    -934.8030     0.2527     0.0580    0.0012    81.71    328    0.382
   326    -934.8623     0.2240     0.0593    0.0008    69.39    329    0.307
   327    -934.9280     0.2869     0.0658    0.0013    71.16    330    0.307
   328    -934.9581     0.5336     0.0301    0.0023    79.93    331    0.388
   329    -935.0063     0.3048     0.0482    0.0003    69.03    332    0.505
   330    -935.0673     0.2026     0.0610    0.0014    78.88    333    0.509
   331    -935.1041     0.2666     0.0367    0.0015    82.35    334    0.295
   332    -935.1662     0.2867     0.0622    0.0020    83.01    335    0.308
   333    -935.2340     0.5385     0.0678    0.0033    83.33    336    0.488
   334    -935.3317     0.3385     0.0977    0.0034    86.26    337    0.316
   335    -935.4166     0.2509     0.0849    0.0033    84.48    338    0.401
   336    -935.4881     0.4316     0.0715    0.0034    81.76    339    0.384
   337    -935.5678     0.3107     0.0797    0.0015    81.26    340    0.324
   338    -935.6610     0.2702     0.0932    0.0016    75.75    341    0.471
   339    -935.7345     0.4746     0.0734    0.0026    79.16    342    0.321
   340    -935.8140     0.2821     0.0796    0.0020    83.86    343    0.310
   341    -935.8830     0.2458     0.0690    0.0023    82.35    344    0.481
   342    -935.9475     0.2787     0.0645    0.0027    83.10    345    0.498
   343    -935.9995     0.4776     0.0520    0.0039    84.02    346    0.401
   344    -936.0673     0.2491     0.0678    0.0015    83.59    347    0.408
   345    -936.1250     0.2215     0.0577    0.0016    79.20    348    0.411
   346    -936.1726     0.2305     0.0476    0.0019    82.40    349    0.480
   347    -936.2122     0.4390     0.0396    0.0030    83.02    350    0.417
   348    -936.2677     0.2184     0.0555    0.0019    85.31    351    0.473
   349    -936.3094     0.1869     0.0417    0.0019    82.85    352    0.504
   350    -936.3575     0.2427     0.0480    0.0022    82.00    353    0.393
   351    -936.4048     0.4114     0.0473    0.0033    83.98    354    0.507
   352    -936.4655     0.2357     0.0606    0.0021    85.01    355    0.596
   353    -936.5134     0.1894     0.0479    0.0015    80.09    356    0.400
   354    -936.5522     0.2628     0.0388    0.0013    77.67    357    0.399
   355    -936.6003     0.2603     0.0481    0.0020    82.53    358    0.424
   356    -936.6543     0.2417     0.0541    0.0023    83.52    359    0.387
   357    -936.7052     0.2891     0.0509    0.0034    83.35    360    0.391
   358    -936.7463     0.1968     0.0410    0.0011    80.94    361    0.420
   359    -936.7927     0.2117     0.0464    0.0015    79.10    362    0.312
   360    -936.8487     0.3239     0.0560    0.0031    82.99    363    0.467
   361    -936.8861     0.3635     0.0374    0.0040    85.71    364    0.408
   362    -936.9258     0.1867     0.0397    0.0002    50.01    365    0.521
   363    -936.9606     0.1774     0.0348    0.0008    73.05    366    0.376
   364    -936.9970     0.2049     0.0364    0.0019    82.69    367    0.410
   365    -937.0302     0.3738     0.0332    0.0027    83.38    368    0.424
   366    -937.0734     0.1839     0.0432    0.0024    86.34    369    0.574
   367    -937.1002     0.1623     0.0268    0.0013    82.52    370    0.495
   368    -937.1370     0.2209     0.0368    0.0016    79.43    371    0.423
   369    -937.1756     0.3254     0.0385    0.0020    81.77    372    0.573
   370    -937.2185     0.2019     0.0429    0.0012    82.04    373    0.319
   371    -937.2581     0.1786     0.0396    0.0010    74.55    374    0.477
   372    -937.2867     0.2322     0.0286    0.0010    76.82    375    0.398
   373    -937.3229     0.1912     0.0361    0.0012    80.87    376    0.418
   374    -937.3547     0.3234     0.0318    0.0021    80.85    377    0.300
   375    -937.3870     0.1579     0.0323    0.0011    82.13    378    0.399
   376    -937.4049     0.1480     0.0180    0.0006    76.71    379    0.494
   377    -937.4312     0.1723     0.0263    0.0011    79.00    380    0.495
   378    -937.4597     0.2737     0.0285    0.0019    81.88    381    0.413
   379    -937.4894     0.1837     0.0297    0.0015    84.76    382    0.588
   380    -937.5213     0.1709     0.0319    0.0017    82.28    383    0.508
   381    -937.5504     0.2132     0.0291    0.0016    81.15    384    0.602
   382    -937.5820     0.1786     0.0316    0.0014    82.74    385    0.588
   383    -937.6146     0.2409     0.0326    0.0020    81.24    386    0.424
   384    -937.6432     0.1929     0.0286    0.0013    82.09    387    0.394
   385    -937.6674     0.1762     0.0243    0.0007    77.51    388    0.310
   386    -937.7033     0.1861     0.0358    0.0013    79.65    389    0.382
   387    -937.7461     0.2416     0.0429    0.0027    82.76    390    0.511
   388    -937.7795     0.2071     0.0334    0.0023    85.07    391    0.583
   389    -937.8104     0.1767     0.0309    0.0017    83.45    392    0.892
   390    -937.8463     0.1988     0.0359    0.0018    81.46    393    0.442
   391    -937.8837     0.2797     0.0374    0.0023    82.08    394    0.493
   392    -937.9256     0.1960     0.0419    0.0014    82.96    395    0.595
   393    -937.9741     0.2245     0.0485    0.0024    81.21    396    0.405
   394    -938.0045     0.3294     0.0304    0.0021    82.59    397    0.396
   395    -938.0393     0.2163     0.0348    0.0007    80.92    398    0.399
   396    -938.0923     0.1430     0.0529    0.0016    79.97    399    0.402
   397    -938.1393     0.2247     0.0471    0.0027    80.22    400    0.382
   398    -938.1583     0.4468     0.0190    0.0030    84.12    401    0.402
   399    -938.1895     0.2767     0.0312    0.0004    79.65    402    0.412
   400    -938.2333     0.1465     0.0438    0.0012    80.61    403    0.390
   401    -938.2615     0.1952     0.0282    0.0015    80.93    404    0.497
   402    -938.3022     0.2228     0.0408    0.0022    84.02    405    0.410
   403    -938.3387     0.3976     0.0365    0.0027    83.06    406    0.298
   404    -938.3903     0.2082     0.0515    0.0025    86.29    407    0.304
   405    -938.4299     0.1605     0.0396    0.0016    81.56    408    0.383
   406    -938.4633     0.2487     0.0334    0.0015    78.10    409    0.521
   407    -938.4991     0.2183     0.0357    0.0015    81.59    410    0.467
   408    -938.5322     0.1750     0.0332    0.0007    75.13    411    0.431
   409    -938.5720     0.2033     0.0398    0.0013    75.14    412    0.482
   410    -938.6062     0.1965     0.0342    0.0012    78.76    413    0.717
   411    -938.6384     0.1864     0.0322    0.0015    82.99    414    0.681
   412    -938.6737     0.2407     0.0354    0.0026    83.28    415    0.825
   413    -938.7034     0.1785     0.0296    0.0017    83.97    416    0.984
   414    -938.7272     0.1689     0.0238    0.0010    80.97    417    0.729
   415    -938.7623     0.1637     0.0351    0.0016    80.90    418    0.598
   416    -938.7943     0.3316     0.0320    0.0025    81.50    419    0.863
   417    -938.8302     0.1766     0.0359    0.0016    84.62    420    0.911
   418    -938.8554     0.1447     0.0252    0.0009    79.65    421    0.787
   419    -938.8858     0.1963     0.0304    0.0016    79.08    422    0.740
   420    -938.9093     0.3072     0.0235    0.0024    83.60    423    0.609
   421    -938.9354     0.1668     0.0262    0.0006    80.41    424    0.961
   422    -938.9604     0.1401     0.0249    0.0012    80.05    425    0.825
   423    -938.9774     0.1583     0.0170    0.0011    82.83    426    0.971
   424    -939.0009     0.1711     0.0236    0.0016    83.35    427    0.924
   425    -939.0304     0.1387     0.0295    0.0024    84.12    428    0.664
   426    -939.0483     0.2170     0.0179    0.0014    81.13    429    0.739
   427    -939.0704     0.1463     0.0221    0.0007    79.82    430    0.565
   428    -939.0954     0.1537     0.0251    0.0008    72.12    431    0.936
   429    -939.1088     0.2605     0.0134    0.0011    77.68    432    0.610
   430    -939.1250     0.1267     0.0162    0.0003    75.43    433    0.607
   431    -939.1387     0.1165     0.0137    0.0008    79.89    434    0.591
   432    -939.1515     0.1320     0.0128    0.0009    82.75    435    0.505
   433    -939.1699     0.1957     0.0184    0.0012    81.91    436    0.557
   434    -939.1972     0.1507     0.0273    0.0020    85.26    437    0.722
   435    -939.2244     0.2415     0.0272    0.0026    83.41    438    0.494
   436    -939.2508     0.1754     0.0264    0.0021    84.86    439    0.692
   437    -939.2699     0.1299     0.0191    0.0002    59.67    440    0.532
   438    -939.2941     0.1233     0.0242    0.0005    58.64    441    0.582
   439    -939.3111     0.2892     0.0170    0.0017    79.68    442    0.622
   440    -939.3328     0.1559     0.0217    0.0007    82.84    443    0.665
   441    -939.3528     0.1053     0.0200    0.0014    82.69    444    0.683
   442    -939.3637     0.1152     0.0109    0.0008    82.22    445    0.529
   443    -939.3782     0.1598     0.0144    0.0011    81.14    446    0.590
   444    -939.3980     0.1123     0.0198    0.0013    83.19    447    0.709
   445    -939.4144     0.1434     0.0164    0.0011    79.56    448    0.577
   446    -939.4289     0.1562     0.0146    0.0012    80.41    449    0.592
   447    -939.4409     0.0967     0.0120    0.0002    68.49    450    0.501

 Optimization achieved convergence criteria:  0.09671
 Generalized Kirkwood   -595.94100604      0.010
 Cavitation              275.58754865      0.047
 Dispersion             -237.64616537      0.007

 Computed Potential Energy
  Bond Stretching             34.22502934          389        0.007 ( 0.01587)
  Angle Bending              114.97825424          694        0.006 ( 3.29417)
  Stretch-Bend                 0.28239448          638        0.000
  Out-of-Plane Bend            2.78559023          276        0.000
  Torsional Angle            -31.68276935         1039        0.011
  Pi-Orbital Torsion           1.92325895           60        0.001
  Torsion-Torsion            -21.41884071            5        0.000
  Van der Waals               88.92648878        70927        0.086
  Atomic Multipoles         -468.37353379        70927
  Polarization              -103.08714664        70927        0.786
  Solvation                 -557.99962277        72390
  Total Potential           -939.44089724  (Kcal/mole)        0.900 (sec)
 Setting atom names to PDB standard.
 Saving 1ANS_pH3.94.pdb_3
 Wrote induced dipoles to: /Dedicated/schnieders/maemmad/pKa_GNN/ffx_pipeline/data/fixed_pdbs/1ANS/1ANS_pH3.94.uind
 Wrote permanent multipoles to: /Dedicated/schnieders/maemmad/pKa_GNN/ffx_pipeline/data/fixed_pdbs/1ANS/1ANS_pH3.94.uperm

 Script wall clock time: 468.744 (sec)
=== Titration pH 3.94 done: Mon Apr 27 16:15:37 CDT 2026 ===
