 Evaluating /Dedicated/schnieders/programs/stack-2021.1.sh
  Loading Modules
   Stack 2021.1
   GCC 9.3.0
   CMake 3.20.0
   Eigen 3.3.9
   Cuda 11.1.1
   Cuda: /usr/share/apps/2021.1/arch/gcc-9.3.0/cuda-11.1.1
   CudaNN 8.0.5.39-11.1
   Swig 4.0.2_gcc-9.3.0
  Loading software from /Dedicated/schnieders/programs/local
   Ant: /Dedicated/schnieders/programs/apache-ant-1.10.11
   FFX: /Dedicated/schnieders/programs/ffx-builds/forcefieldx-2026-01-04
   GDMA: /Dedicated/schnieders/programs/gdma-2.3
   Groovy: /Dedicated/schnieders/programs/groovy-4.0.1
   Java: /Dedicated/schnieders/programs/jdk-25.0.1
   Maven: /Dedicated/schnieders/programs/apache-maven-3.9.5
   VMD: /Dedicated/schnieders/programs/vmd
   NAMD: /Dedicated/schnieders/programs/NAMD_3.0alpha7_Linux-x86_64-multicore-CUDA
   OpenEye: /Dedicated/schnieders/programs/OpenEye
   Tinker: /Dedicated/schnieders/programs/tinker-tools
=== Titration pH 4.4 started: Fri May  8 11:31:56 CDT 2026 ===
  Copy already exists, skipping.
  ManyBody output already exists, skipping.
WARNING: Using incubator modules: jdk.incubator.vector
 _________________________________________________________________________

        FORCE FIELD X - Polyglot Software for Molecular Biophysics 

        Version 1.0.0-6991  April 2026 
        Git Revision  937dfd3f3a84d0dc91f73b0419518078a8c41842 
 
        Please cite the following reference when using Force Field X:

        RA Gogal, AJ Nessler, AC Thiel, HV Bernabe, RA Corrigan Grove,
        LM Cousineau, JM Litman, JM Miller, G Qi, MJ Speranza,
        MR Tollefson, TD Fenn, JJ Michaelson, O Okada, JP Piquemal,
        JW Ponder, J Shen, RJH Smith, W Yang, P Ren and MJ Schnieders,
        2024, Journal of Chemical Physics, 161 (1).

        Copyright (c)  Michael J. Schnieders  2001-2026
        All Rights Reserved

        Force Field X is distributed under the GPL v. 3 license
        with linking exception and is hosted by the Schnieders Lab
        at The University of Iowa.

        User Manual:   https://ffx.biochem.uiowa.edu/manual.html
        Publications:  https://ffx.biochem.uiowa.edu/publications.html
        License:       https://ffx.biochem.uiowa.edu/licenses.html

 _________________________________________________________________________

 Fri May 08 11:31:58 CDT 2026
 Process ID 12544 on argon-itf-bx54-07.hpc.

 Command line arguments:
 [Minimize, -e, 0.1, /Dedicated/schnieders/maemmad/pKa_GNN/ffx_pipeline/data/fixed_pdbs/1STN/1STN_pH4.4.pdb_2, --saveInduced, --savePermanentMoments]

 Executing internal command: ffx.algorithms.commands.Minimize

 Initializing 1 topologies...
 Parsing: Internal force field (amoeba-bio-2018-cphmd).
 Parsing: Structure properties from (/Dedicated/schnieders/maemmad/pKa_GNN/ffx_pipeline/data/fixed_pdbs/1STN/1STN_input.properties).
 Parsing: JVM system properties (i.e. command line -Dkey=value pairs).

 Attempting to read force field patch from /Dedicated/schnieders/maemmad/pKa_GNN/naphosphate_solute.09Feb21.prm.

 Renumbering Patch: FALSE
 Reading 1STN_pH4.4.pdb_2

 Assigning atom types for 1 chains.
 Amino acid chain A
 Constructing Force Field AMOEBA-BIO-2018-CPHMD

 SMP threads:                               112
 The system will be treated as aperiodic (max separation =   91.2 A).

 Bonded Terms
  Bonds:                                   2421
  Angles:                                  4407
  Stretch-Bends:                           3872
  Out-of-Plane Bends:                      1350
  Torsions:                                6443
  Pi-Orbital Torsions:                      250
  Torsion-Torsions:                          10

 Non-Bonded Terms

  Van der Waals
   Cut-Off:                                NONE
   Long-Range Correction:                 FALSE

 Electrostatics
   Polarization:                         MUTUAL
    SCF Convergence Criteria:         1.000e-06
    SCF Predictor:                         NONE
    SCF Algorithm:                           CG
    CG Preconditioner Cut-Off:            4.500
    CG Preconditioner Ewald Coeff.:       0.000
    CG Preconditioner Scale:              2.000
    CG Preconditioner Mode:     FLETCHER_REEVES
    Electrostatics Cut-Off:                NONE

  Continuum Solvation
   Radii:                                SOLUTE
   Generalized Kirkwood Cut-Off:           NONE
   GKC:                                  2.4550
   Solvent Dielectric:                  78.3000
   Solute Dielectric:                    1.0000
   Descreen with vdW Radii:                TRUE
   Descreen with Hydrogen Atoms:          FALSE
   Descreen Offset:                      0.0000
   General HCT Scale Factor:             0.7200
   Non-Polar Model:                  GAUSS-DISP
    GaussVol Radii Offset:               0.0000
    GaussVol Radii Scale:                1.0000
   Dispersion Integral Offset:           1.0560 (A)
   Cavitation Solvent Pressure:          0.0334 (Kcal/mol/A^3)
   Cavitation Surface Tension:           0.1030 (Kcal/mol/A^2)
   Cavitation Cross-Over Radius:         9.2515 (A)

  Overall system charge:                 13.000

 Opened 1STN_pH4.4.pdb_2 in 1.409 sec.

 System Resources
  Total CPU time:          66.60 (sec)
  System load average:      1.41
  Open file handles:         148 of  81920 allowed
  System memory:          239562 MB free out of 257591 MB
  System swap space:        2053 MB free out of   2053 MB
  JVM memory:               3940 MB free out of   4096 MB

 Minimizing energy of Single Topology  [1STN_pH4.4.pdb_2] 
 Setting lambda to 0.000.
 Generalized Kirkwood  -4517.69775388      1.823
 Cavitation             1564.60588067      1.396
 Dispersion            -1068.89258867      0.900

 Computed Potential Energy
  Bond Stretching            341.74155707         2421        0.007 ( 0.02141)
  Angle Bending              710.09254388         4407        0.006 ( 3.29846)
  Stretch-Bend                13.54143060         3872        0.014
  Out-of-Plane Bend           30.82637098         1350        0.002
  Torsional Angle            163.34405084         6443        0.006
  Pi-Orbital Torsion          50.18729610          250        0.001
  Torsion-Torsion            -49.16318949           10        0.001
  Van der Waals              455.14131799      2871972        0.439
  Atomic Multipoles        -3014.98664728      2871972
  Polarization              -814.24133894      2871972        9.744
  Solvation                -4021.98446187      2881200
  Total Potential          -6135.50107012  (Kcal/mole)       10.221 (sec)

 Limited Memory BFGS Quasi-Newton Optimization: 

 Cycle       Energy      G RMS    Delta E   Delta X    Angle  Evals     Time

     0   -6135.5011     2.3343
     1   -6152.8269     2.1510    17.3258    0.0021     0.00      3   18.890
     2   -6164.0403     1.4969    11.2134    0.0014    42.68      4    8.614
     3   -6176.3250     1.4036    12.2847    0.0023    44.77      5    8.386
     4   -6188.6482     2.0225    12.3232    0.0039    53.65      6    8.917
     5   -6199.5286     1.5618    10.8803    0.0034    66.26      7    7.274
     6   -6207.6387     1.2359     8.1101    0.0018    58.77      8    7.414
     7   -6218.0881     1.2088    10.4494    0.0035    58.18      9    9.212
     8   -6224.8033     2.0938     6.7152    0.0045    65.66     10    7.467
     9   -6232.0277     1.1756     7.2244    0.0019    69.90     11    7.416
    10   -6239.7713     1.0197     7.7435    0.0030    62.50     12    7.615
    11   -6245.7422     1.0962     5.9710    0.0029    68.56     13    8.008
    12   -6252.5493     1.7288     6.8071    0.0046    70.96     14    7.867
    13   -6260.5726     1.0084     8.0233    0.0049    77.86     15    7.010
    14   -6266.0436     0.9666     5.4710    0.0029    67.74     16    7.787
    15   -6272.3842     1.2269     6.3406    0.0041    68.62     17    6.929
    16   -6278.0745     1.2691     5.6903    0.0038    74.14     18    8.465
    17   -6284.0088     0.9513     5.9342    0.0040    75.46     19    8.619
    18   -6289.5006     0.9424     5.4918    0.0037    71.23     20    8.803
    19   -6295.2778     1.3305     5.7772    0.0049    74.18     21    9.190
    20   -6302.2332     1.0246     6.9555    0.0049    77.84     22    8.879
    21   -6308.3226     1.2259     6.0893    0.0049    74.84     23    8.529
    22   -6314.6457     0.9170     6.3231    0.0049    77.86     24    8.328
    23   -6320.6641     1.0233     6.0184    0.0049    75.08     25   10.148
    24   -6326.2454     1.0882     5.5814    0.0049    76.72     26    9.566
    25   -6331.8899     0.8985     5.6444    0.0049    78.40     27    8.750
    26   -6337.2665     0.9191     5.3766    0.0049    76.54     28    7.886
    27   -6342.8220     0.8811     5.5555    0.0049    76.99     29    8.698
    28   -6348.4133     0.9592     5.5913    0.0049    76.55     30    8.102
    29   -6354.2225     0.8872     5.8093    0.0049    77.65     31    8.327
    30   -6359.8675     0.9819     5.6450    0.0049    76.83     32    8.818
    31   -6365.3123     0.8305     5.4448    0.0049    78.65     33    9.213
    32   -6370.7064     0.8081     5.3941    0.0049    76.87     34    9.688
    33   -6375.7965     0.9557     5.0900    0.0049    76.42     35    9.700
    34   -6381.2398     0.8285     5.4433    0.0049    78.46     36    8.389
    35   -6386.3934     0.9785     5.1536    0.0049    76.69     37    9.103
    36   -6392.1543     0.8424     5.7610    0.0049    77.85     38    8.569
    37   -6397.6208     0.9018     5.4664    0.0049    75.85     39    8.432
    38   -6403.2765     0.8372     5.6558    0.0049    75.94     40    8.555
    39   -6408.3587     0.9841     5.0822    0.0049    74.77     41    8.641
    40   -6413.8224     0.9018     5.4637    0.0049    74.79     42    8.271
    41   -6418.8526     1.0285     5.0303    0.0030    66.33     43    8.107
    42   -6425.3643     0.8777     6.5117    0.0036    67.87     44    8.725
    43   -6431.3779     1.0465     6.0136    0.0040    65.56     45    7.791
    44   -6436.8421     0.9907     5.4642    0.0049    75.88     46    9.378
    45   -6441.6911     0.8103     4.8489    0.0049    79.74     47    9.213
    46   -6445.8383     0.8177     4.1472    0.0049    79.67     48    8.414
    47   -6449.7715     0.7674     3.9332    0.0049    80.32     49    8.582
    48   -6453.4764     0.6845     3.7049    0.0049    80.73     50    9.020
    49   -6456.9847     0.7694     3.5083    0.0049    79.79     51    7.908
    50   -6460.4791     0.6550     3.4944    0.0049    81.39     52    7.699
    51   -6463.8800     0.7007     3.4009    0.0049    79.78     53    8.081
    52   -6467.3311     0.6320     3.4511    0.0049    80.31     54    8.531
    53   -6470.6235     0.5928     3.2924    0.0049    79.62     55    8.164
    54   -6473.9116     0.6026     3.2881    0.0049    78.84     56    9.687
    55   -6477.2757     0.6830     3.3641    0.0049    78.47     57    8.153
    56   -6480.5330     0.6273     3.2573    0.0049    80.06     58    8.893
    57   -6484.2581     0.7522     3.7251    0.0049    77.23     59    7.995
    58   -6487.8290     0.7200     3.5709    0.0049    79.19     60    7.475
    59   -6492.3490     0.7644     4.5200    0.0049    74.44     61    8.412
    60   -6495.3304     1.4219     2.9814    0.0049    72.70     62    9.110
    61   -6499.3497     0.6648     4.0193    0.0023    75.59     63    8.455
    62   -6502.0524     0.5471     2.7028    0.0026    72.26     64    8.610
    63   -6505.1646     0.8627     3.1121    0.0024    58.21     65    8.825
    64   -6508.7532     0.7469     3.5887    0.0044    76.74     66    8.615
    65   -6511.6706     0.6295     2.9174    0.0049    81.17     67    8.580
    66   -6514.0909     0.5958     2.4203    0.0049    81.60     68    8.692
    67   -6516.5415     0.6565     2.4506    0.0049    81.17     69    8.915
    68   -6519.1382     0.6288     2.5968    0.0049    81.76     70    8.204
    69   -6521.8884     0.5843     2.7502    0.0049    81.08     71    7.491
    70   -6524.4928     0.7084     2.6044    0.0049    79.94     72    8.417
    71   -6527.2918     0.5341     2.7990    0.0049    81.31     73    8.847
    72   -6530.0237     0.6879     2.7319    0.0049    77.44     74    8.444
    73   -6532.6524     0.7014     2.6287    0.0049    80.10     75    7.706
    74   -6535.6811     0.6230     3.0287    0.0038    77.02     76    7.699
    75   -6538.6965     0.9437     3.0154    0.0047    73.29     77    7.782
    76   -6541.3209     0.7123     2.6245    0.0020    69.37     78    8.913
    77   -6543.2644     0.5667     1.9434    0.0009    57.04     79    8.171
    78   -6546.1135     0.5491     2.8491    0.0032    72.74     80    7.638
    79   -6548.5137     0.8052     2.4002    0.0049    79.12     81    7.991
    80   -6550.7589     0.6977     2.2453    0.0049    84.38     82    7.989
    81   -6553.1028     0.7369     2.3439    0.0049    83.05     83    7.492
    82   -6555.4244     0.5697     2.3216    0.0049    83.85     84    7.932
    83   -6557.7702     0.5716     2.3458    0.0049    81.71     85    7.458
    84   -6560.1059     0.5332     2.3358    0.0049    81.25     86    8.340
    85   -6562.6002     0.5039     2.4942    0.0049    80.22     87    7.895
    86   -6564.7904     0.7011     2.1902    0.0049    79.78     88    8.186
    87   -6567.4608     0.5879     2.6704    0.0049    81.33     89    7.800
    88   -6569.9922     0.8385     2.5314    0.0049    78.48     90    7.264
    89   -6573.1549     0.6301     3.1627    0.0046    79.60     91    6.951
    90   -6575.8405     0.6458     2.6856    0.0026    69.47     92    7.913
    91   -6578.5555     0.6989     2.7150    0.0028    66.58     93    7.552
    92   -6580.5484     0.6657     1.9929    0.0017    67.29     94    6.901
    93   -6582.6095     0.5572     2.0611    0.0027    77.91     95    7.831
    94   -6584.7985     0.5912     2.1891    0.0049    80.45     96    7.793
    95   -6586.5174     0.5309     1.7189    0.0049    83.31     97    7.807
    96   -6588.1988     0.5068     1.6813    0.0049    83.42     98    6.859
    97   -6589.9764     0.6219     1.7776    0.0049    82.49     99    8.133
    98   -6592.0043     0.5167     2.0279    0.0049    83.50    100    7.115
    99   -6594.1417     0.5461     2.1374    0.0049    81.48    101    7.392
   100   -6596.4562     0.4787     2.3145    0.0049    81.32    102    7.922
   101   -6598.8677     0.4745     2.4115    0.0049    79.60    103    8.244
   102   -6601.3783     0.6040     2.5106    0.0049    77.89    104    6.846
   103   -6603.8970     0.5828     2.5187    0.0049    80.53    105    7.660
   104   -6606.3531     0.7422     2.4561    0.0049    78.36    106    7.126
   105   -6609.0687     0.6526     2.7156    0.0031    74.51    107    6.810
   106   -6611.5296     0.6593     2.4609    0.0024    69.76    108    8.308
   107   -6613.8442     0.5792     2.3147    0.0028    70.47    109    7.576
   108   -6615.4168     0.7033     1.5726    0.0013    58.60    110    8.200
   109   -6617.0087     0.5249     1.5918    0.0019    77.70    111    7.192
   110   -6618.9449     0.4887     1.9362    0.0041    78.02    112    7.813
   111   -6620.0678     0.9111     1.1229    0.0049    79.92    113    7.905
   112   -6621.5025     0.5089     1.4347    0.0011    75.17    114    7.096
   113   -6623.2668     0.4441     1.7643    0.0028    74.42    115    7.892
   114   -6624.3834     0.5025     1.1166    0.0029    80.78    116    7.696
   115   -6625.7513     0.5831     1.3679    0.0038    80.56    117    7.906
   116   -6627.2266     0.5043     1.4754    0.0039    81.17    118    7.586
   117   -6628.6385     0.4578     1.4118    0.0019    73.45    119    7.817
   118   -6630.3632     0.5426     1.7247    0.0019    62.87    120    7.994
   119   -6631.9723     0.7119     1.6091    0.0023    72.10    121    9.001
   120   -6633.8343     0.5455     1.8620    0.0024    77.36    122    8.112
   121   -6635.4696     0.5409     1.6353    0.0028    73.48    123    8.000
   122   -6636.5722     0.5398     1.1026    0.0022    77.31    124    8.292
   123   -6637.6745     0.4375     1.1023    0.0013    73.94    125    8.198
   124   -6639.1722     0.4663     1.4977    0.0023    72.50    126    7.396
   125   -6640.3491     0.7456     1.1770    0.0040    77.23    127    7.477
   126   -6641.3780     0.4447     1.0289    0.0008    71.22    128    8.416
   127   -6642.4747     0.4376     1.0967    0.0013    69.60    129    7.618
   128   -6643.6722     0.5137     1.1974    0.0025    77.42    130    9.090
   129   -6644.4690     0.9443     0.7968    0.0038    80.22    131    9.790
   130   -6645.6492     0.4764     1.1803    0.0013    79.38    132    6.918
   131   -6646.7637     0.3963     1.1145    0.0016    72.62    133    7.204
   132   -6647.7050     0.4891     0.9413    0.0017    75.85    134    7.485
   133   -6649.1762     0.5526     1.4711    0.0028    78.98    135    7.418
   134   -6650.2369     0.9579     1.0607    0.0047    80.89    136    9.100
   135   -6651.6378     0.4200     1.4009    0.0015    77.93    137    8.099
   136   -6652.3678     0.3617     0.7300    0.0008    63.89    138    8.502
   137   -6653.2612     0.4654     0.8934    0.0016    73.20    139    7.292
   138   -6654.4507     0.5895     1.1895    0.0028    79.12    140    6.800
   139   -6655.6951     0.5512     1.2445    0.0042    82.27    141    7.578
   140   -6656.6565     0.4131     0.9614    0.0017    78.59    142    7.318
   141   -6657.8140     0.4293     1.1575    0.0018    71.04    143    8.405
   142   -6658.8744     0.5461     1.0604    0.0024    77.24    144    7.307
   143   -6659.9326     0.5978     1.0582    0.0034    80.78    145    7.601
   144   -6660.8660     0.3839     0.9333    0.0016    78.92    146    6.590
   145   -6661.7176     0.3852     0.8516    0.0020    77.18    147    6.609
   146   -6662.6682     0.4537     0.9506    0.0025    78.00    148    7.285
   147   -6663.7774     0.5109     1.1092    0.0034    80.28    149    7.277
   148   -6664.7319     0.3995     0.9545    0.0023    79.68    150    7.309
   149   -6665.4870     0.4073     0.7551    0.0018    75.42    151    7.423
   150   -6666.1009     0.3457     0.6139    0.0008    69.33    152    8.197
   151   -6666.9609     0.3662     0.8600    0.0016    72.49    153    8.260
   152   -6667.8518     0.4681     0.8909    0.0030    77.36    154    8.151
   153   -6668.4861     0.3891     0.6343    0.0016    79.66    155    7.604
   154   -6669.1462     0.3189     0.6600    0.0016    78.20    156    7.487
   155   -6669.9002     0.3948     0.7541    0.0022    76.38    157    6.958
   156   -6670.4471     0.5610     0.5469    0.0027    78.72    158    7.811
   157   -6671.0647     0.3049     0.6176    0.0004    61.75    159    7.537
   158   -6671.6612     0.2830     0.5965    0.0010    66.15    160    7.999
   159   -6672.2735     0.3506     0.6123    0.0015    75.19    161    7.496
   160   -6673.0466     0.4174     0.7731    0.0025    78.81    162    7.402
   161   -6673.8722     0.2912     0.8255    0.0031    81.60    163    7.498
   162   -6674.3461     0.3942     0.4739    0.0017    76.65    164    7.415
   163   -6674.9044     0.3070     0.5584    0.0011    75.95    165    7.580
   164   -6675.6280     0.3292     0.7236    0.0015    71.21    166    7.194
   165   -6676.1475     0.6346     0.5195    0.0023    74.74    167    7.809
   166   -6676.8056     0.3113     0.6581    0.0009    75.90    168    7.957
   167   -6677.2869     0.2762     0.4813    0.0011    73.88    169    7.849
   168   -6677.7708     0.3077     0.4839    0.0016    78.65    170    7.388
   169   -6678.2276     0.5372     0.4568    0.0023    79.05    171    6.723
   170   -6678.8352     0.2834     0.6076    0.0020    83.40    172    7.483
   171   -6679.3039     0.2514     0.4688    0.0014    76.85    173    7.602
   172   -6679.8285     0.4051     0.5246    0.0020    75.82    174    7.307
   173   -6680.4006     0.3531     0.5721    0.0021    80.87    175    6.403
   174   -6680.9481     0.2838     0.5475    0.0013    77.18    176    7.395
   175   -6681.4896     0.4301     0.5415    0.0020    74.50    177    6.871
   176   -6681.9564     0.3125     0.4668    0.0011    77.06    178    7.530
   177   -6682.3470     0.2894     0.3906    0.0009    76.36    179    7.889
   178   -6682.9116     0.3353     0.5646    0.0018    78.29    180    7.374
   179   -6683.4655     0.3880     0.5540    0.0031    81.37    181    6.824
   180   -6683.8306     0.2776     0.3651    0.0013    81.29    182    8.198
   181   -6684.2421     0.2689     0.4114    0.0014    78.74    183    7.489
   182   -6684.7584     0.3498     0.5163    0.0021    78.72    184    7.616
   183   -6685.0684     0.5529     0.3100    0.0029    81.75    185    7.598
   184   -6685.5311     0.2733     0.4626    0.0002    49.60    186    7.862
   185   -6685.9729     0.2504     0.4418    0.0009    68.55    187    7.397
   186   -6686.3504     0.2899     0.3775    0.0014    78.94    188    6.759
   187   -6686.8870     0.4161     0.5366    0.0022    80.38    189    8.492
   188   -6687.5874     0.3150     0.7004    0.0036    84.30    190    7.391
   189   -6688.0387     0.4072     0.4513    0.0030    82.66    191    7.191
   190   -6688.5075     0.2750     0.4688    0.0017    82.23    192    7.516
   191   -6689.0314     0.2866     0.5239    0.0013    73.30    193    7.874
   192   -6689.5485     0.5189     0.5171    0.0024    77.81    194    7.331
   193   -6690.0932     0.2916     0.5447    0.0019    82.68    195    7.597
   194   -6690.4736     0.2588     0.3804    0.0009    75.01    196    6.887
   195   -6690.9925     0.3167     0.5189    0.0020    78.15    197    7.610
   196   -6691.3733     0.5202     0.3808    0.0031    81.53    198    7.197
   197   -6691.7943     0.2614     0.4211    0.0010    81.22    199    7.188
   198   -6692.1479     0.2322     0.3536    0.0014    78.88    200    7.322
   199   -6692.4674     0.2590     0.3195    0.0016    80.92    201    7.897
   200   -6692.7998     0.4842     0.3325    0.0023    81.60    202    7.805
   201   -6693.2956     0.3063     0.4957    0.0022    85.04    203    7.498
   202   -6693.8497     0.2343     0.5542    0.0025    81.52    204    7.055
   203   -6694.2705     0.3877     0.4208    0.0023    78.75    205    7.635
   204   -6694.7283     0.3139     0.4578    0.0020    82.42    206    7.195
   205   -6695.1768     0.2650     0.4485    0.0014    78.78    207    7.173
   206   -6695.6211     0.4155     0.4443    0.0023    78.32    208    7.704
   207   -6696.0467     0.2645     0.4256    0.0014    80.92    209    6.927
   208   -6696.4078     0.2733     0.3611    0.0014    80.10    210    7.755
   209   -6696.9194     0.3420     0.5116    0.0025    81.66    211    7.553
   210   -6697.4016     0.4369     0.4822    0.0039    83.90    212    7.149
   211   -6697.8418     0.2709     0.4402    0.0018    83.90    213    7.447
   212   -6698.3590     0.2769     0.5172    0.0024    80.66    214    7.705
   213   -6698.8009     0.3465     0.4419    0.0023    81.96    215    7.388
   214   -6699.2930     0.3823     0.4921    0.0034    84.06    216    7.011
   215   -6699.7746     0.2617     0.4816    0.0020    83.01    217    7.795
   216   -6700.2520     0.2995     0.4775    0.0023    79.94    218    7.098
   217   -6700.6730     0.3663     0.4210    0.0022    81.47    219    7.179
   218   -6701.1472     0.2858     0.4742    0.0020    82.97    220    7.475
   219   -6701.7044     0.3200     0.5572    0.0032    81.66    221    6.999
   220   -6702.1254     0.3397     0.4209    0.0028    82.99    222    7.619
   221   -6702.4807     0.2678     0.3553    0.0013    81.70    223    7.829
   222   -6703.0125     0.2110     0.5318    0.0023    80.83    224    7.284
   223   -6703.4894     0.4826     0.4769    0.0043    80.91    225    6.518
   224   -6703.8911     0.3212     0.4017    0.0030    85.46    226    6.602
   225   -6704.1646     0.2243     0.2735    0.0005    71.83    227    7.504
   226   -6704.5579     0.1953     0.3932    0.0015    77.01    228    7.593
   227   -6704.9511     0.3751     0.3932    0.0034    81.76    229    8.007
   228   -6705.3662     0.3076     0.4151    0.0031    85.80    230    7.505
   229   -6705.8517     0.2719     0.4855    0.0034    84.65    231    7.857
   230   -6706.3418     0.3975     0.4902    0.0046    83.92    232    7.394
   231   -6706.8200     0.2912     0.4781    0.0020    82.73    233    7.915
   232   -6707.3648     0.2924     0.5448    0.0016    78.27    234    8.121
   233   -6708.0122     0.4131     0.6474    0.0034    81.32    235    7.595
   234   -6708.3527     0.5220     0.3404    0.0045    84.85    236    7.709
   235   -6708.7517     0.2521     0.3991    0.0006    75.83    237    7.298
   236   -6709.1075     0.2326     0.3558    0.0009    71.90    238    6.883
   237   -6709.4991     0.2912     0.3916    0.0023    81.95    239    8.175
   238   -6709.9217     0.5212     0.4227    0.0036    83.96    240    7.551
   239   -6710.4877     0.3217     0.5659    0.0040    86.85    241    7.883
   240   -6711.0074     0.2674     0.5197    0.0032    84.32    242    8.399
   241   -6711.5419     0.3567     0.5346    0.0034    82.44    243    8.012
   242   -6712.1599     0.3732     0.6179    0.0026    81.76    244    7.199
   243   -6712.7962     0.3341     0.6363    0.0026    82.20    245    8.102
   244   -6713.2415     0.4609     0.4453    0.0030    80.52    246    7.276
   245   -6713.6616     0.2597     0.4201    0.0009    79.07    247    7.521
   246   -6714.0717     0.2620     0.4101    0.0004    48.69    248    7.704
   247   -6714.6142     0.3489     0.5425    0.0018    76.76    249    7.389
   248   -6714.8891     0.6939     0.2748    0.0030    81.82    250    8.081
   249   -6715.3299     0.4191     0.4408    0.0007    80.84    251    7.814
   250   -6715.8934     0.2430     0.5635    0.0018    80.71    252    7.202
   251   -6716.2184     0.2918     0.3250    0.0014    80.59    253    7.008
   252   -6716.7427     0.3152     0.5243    0.0021    81.40    254    7.698
   253   -6717.1048     0.6435     0.3621    0.0035    82.31    255    6.910
   254   -6717.6427     0.3456     0.5379    0.0013    83.25    256    7.482
   255   -6718.0912     0.2343     0.4485    0.0013    78.16    257    7.801
   256   -6718.4721     0.2930     0.3809    0.0013    77.07    258    7.211
   257   -6719.0347     0.3728     0.5627    0.0021    79.92    259    7.107
   258   -6719.6150     0.4456     0.5803    0.0032    82.50    260    7.094
   259   -6720.1558     0.2788     0.5407    0.0015    80.76    261    6.960
   260   -6720.6342     0.2932     0.4785    0.0013    74.47    262    7.742
   261   -6721.1235     0.4072     0.4893    0.0019    78.89    263    7.512
   262   -6721.6078     0.3663     0.4843    0.0019    81.61    264    7.164
   263   -6722.0280     0.2755     0.4202    0.0013    79.99    265    6.921
   264   -6722.5036     0.2925     0.4755    0.0019    79.69    266    7.794
   265   -6723.0386     0.3654     0.5350    0.0023    79.56    267    7.295
   266   -6723.5631     0.4376     0.5245    0.0034    83.19    268    7.169
   267   -6724.0584     0.2795     0.4953    0.0010    77.90    269    8.047
   268   -6724.5504     0.2792     0.4920    0.0017    76.90    270    7.584
   269   -6725.0363     0.3290     0.4860    0.0022    81.72    271    7.599
   270   -6725.6937     0.3267     0.6574    0.0033    82.75    272    7.513
   271   -6726.3285     0.4819     0.6348    0.0035    80.86    273    6.992
   272   -6726.9303     0.3206     0.6017    0.0011    75.43    274    7.208
   273   -6727.4265     0.3203     0.4963    0.0014    76.96    275    6.699
   274   -6727.8071     0.4004     0.3806    0.0008    60.31    276    8.069
   275   -6728.2947     0.2902     0.4876    0.0019    82.13    277    7.393
   276   -6728.8147     0.2916     0.5199    0.0014    76.64    278    7.425
   277   -6729.4207     0.3927     0.6061    0.0017    72.81    279    7.319
   278   -6729.6169     0.5568     0.1961    0.0014    76.35    280    7.177
   279   -6729.9157     0.3043     0.2988    0.0003    73.53    281    8.287
   280   -6730.1980     0.1840     0.2823    0.0003    47.30    282    7.117
   281   -6730.4095     0.2273     0.2115    0.0005    63.53    283    8.305
   282   -6730.7232     0.2912     0.3136    0.0012    77.17    284    7.692
   283   -6731.0336     0.3364     0.3104    0.0014    78.09    285    6.427
   284   -6731.3433     0.1971     0.3097    0.0012    81.76    286    8.062
   285   -6731.6535     0.2233     0.3102    0.0012    74.74    287    6.731
   286   -6731.9306     0.3401     0.2771    0.0011    74.67    288    7.195
   287   -6732.2262     0.2495     0.2956    0.0010    77.86    289    7.574
   288   -6732.4794     0.1959     0.2533    0.0006    71.06    290    7.532
   289   -6732.8191     0.2246     0.3396    0.0010    68.78    291    7.297
   290   -6732.9623     0.5212     0.1432    0.0020    77.74    292    7.566
   291   -6733.1850     0.2937     0.2227    0.0001    45.97    293    7.121
   292   -6733.4054     0.1606     0.2204    0.0006    73.82    294    6.516
   293   -6733.5310     0.2066     0.1256    0.0007    78.75    295    6.992
   294   -6733.7375     0.2301     0.2065    0.0011    81.37    296    6.901
   295   -6733.9653     0.3779     0.2278    0.0016    81.09    297    6.889
   296   -6734.2785     0.2297     0.3132    0.0018    84.72    298    7.797
   297   -6734.5461     0.1731     0.2676    0.0012    78.79    299    8.299
   298   -6734.8018     0.2506     0.2557    0.0013    73.97    300    7.180
   299   -6735.0199     0.2187     0.2181    0.0008    75.72    301    7.239
   300   -6735.2310     0.1875     0.2111    0.0006    71.32    302    7.890
   301   -6735.4553     0.2296     0.2243    0.0011    73.79    303    6.765
   302   -6735.6603     0.2164     0.2050    0.0010    79.01    304    7.344
   303   -6735.8939     0.1924     0.2336    0.0012    79.93    305    8.292
   304   -6736.1373     0.2664     0.2434    0.0019    80.42    306    7.102
   305   -6736.3601     0.2221     0.2227    0.0017    82.78    307    7.291
   306   -6736.5482     0.1818     0.1881    0.0007    77.26    308    7.020
   307   -6736.8017     0.1783     0.2535    0.0013    76.74    309    7.486
   308   -6736.9496     0.4202     0.1478    0.0022    79.86    310    7.297
   309   -6737.1720     0.2181     0.2224    0.0003    72.80    311    7.360
   310   -6737.3963     0.1652     0.2243    0.0009    76.37    312    7.303
   311   -6737.5522     0.1882     0.1559    0.0011    80.71    313    7.860
   312   -6737.7967     0.2330     0.2445    0.0014    80.25    314    8.994
   313   -6738.0997     0.2325     0.3030    0.0025    83.23    315    7.487
   314   -6738.3198     0.2021     0.2201    0.0019    82.61    316    7.097
   315   -6738.4672     0.1760     0.1474    0.0006    75.53    317    7.714
   316   -6738.6657     0.1827     0.1985    0.0006    69.51    318    7.197
   317   -6738.9016     0.2725     0.2359    0.0013    76.28    319    7.495
   318   -6739.1290     0.2470     0.2274    0.0019    82.60    320    7.661
   319   -6739.3239     0.1716     0.1949    0.0008    79.34    321    7.993
   320   -6739.5558     0.1663     0.2319    0.0014    77.54    322    6.558
   321   -6739.7231     0.2857     0.1673    0.0017    81.13    323    8.607
   322   -6739.9242     0.1852     0.2011    0.0014    84.45    324    7.690
   323   -6740.1243     0.1673     0.2001    0.0015    80.79    325    7.698
   324   -6740.2727     0.2222     0.1484    0.0013    81.15    326    7.994
   325   -6740.4922     0.1963     0.2195    0.0014    83.17    327    7.418
   326   -6740.7678     0.2850     0.2756    0.0022    81.96    328    7.685
   327   -6741.0640     0.2007     0.2962    0.0025    83.86    329    7.896
   328   -6741.2206     0.2175     0.1566    0.0005    67.78    330    7.188
   329   -6741.4064     0.1882     0.1859    0.0004    65.84    331    7.021
   330   -6741.6465     0.2518     0.2400    0.0014    78.61    332    7.285
   331   -6741.8745     0.2151     0.2280    0.0022    82.96    333    7.576
   332   -6742.0191     0.1747     0.1446    0.0008    80.34    334    7.245
   333   -6742.2251     0.1866     0.2060    0.0016    81.98    335    7.893
   334   -6742.4724     0.2753     0.2473    0.0024    82.64    336    7.192
   335   -6742.7555     0.2184     0.2832    0.0026    84.40    337    6.799
   336   -6742.9721     0.1853     0.2166    0.0010    78.76    338    7.109
   337   -6743.1881     0.2101     0.2160    0.0012    75.62    339    7.590
   338   -6743.3841     0.2033     0.1960    0.0010    78.11    340    8.503
   339   -6743.6217     0.1810     0.2376    0.0014    80.78    341    6.682
   340   -6743.8303     0.3111     0.2086    0.0024    81.18    342    6.929
   341   -6744.0309     0.1861     0.2006    0.0015    84.28    343    7.293
   342   -6744.1730     0.1768     0.1421    0.0005    76.20    344    6.704
   343   -6744.3947     0.1800     0.2218    0.0012    79.33    345    7.793
   344   -6744.5711     0.3768     0.1763    0.0024    81.84    346    6.599
   345   -6744.7806     0.1824     0.2095    0.0012    84.26    347    7.102
   346   -6744.9170     0.1524     0.1365    0.0008    80.44    348    7.606
   347   -6745.1120     0.1838     0.1950    0.0015    80.65    349    7.377
   348   -6745.2645     0.3767     0.1525    0.0023    82.78    350    7.502
   349   -6745.4653     0.1912     0.2008    0.0009    83.35    351    7.411
   350   -6745.6378     0.1457     0.1725    0.0009    78.69    352    8.369
   351   -6745.7949     0.1828     0.1571    0.0011    78.98    353    7.645
   352   -6745.9672     0.3132     0.1723    0.0019    82.62    354    7.482
   353   -6746.1792     0.1949     0.2120    0.0017    85.29    355    7.091
   354   -6746.3378     0.1482     0.1586    0.0010    80.47    356    7.104
   355   -6746.4997     0.1934     0.1619    0.0010    75.37    357    8.576
   356   -6746.6748     0.2265     0.1751    0.0013    81.51    358    7.227
   357   -6746.8581     0.1933     0.1833    0.0014    83.21    359    7.824
   358   -6746.9918     0.2518     0.1336    0.0017    81.98    360    8.169
   359   -6747.1195     0.1524     0.1278    0.0002    66.95    361    7.013
   360   -6747.2788     0.1692     0.1592    0.0005    68.59    362    7.422
   361   -6747.4625     0.1960     0.1837    0.0013    80.47    363    7.381
   362   -6747.5148     0.4536     0.0523    0.0020    82.42    364    7.652
   363   -6747.6078     0.3542     0.0930    0.0002    79.78    365    7.858
   364   -6747.7565     0.1941     0.1487    0.0004    80.45    366    8.092
   365   -6747.9045     0.1384     0.1481    0.0010    80.21    367    7.392
   366   -6747.9823     0.1683     0.0777    0.0007    82.24    368    7.859
   367   -6748.1177     0.1741     0.1354    0.0010    82.62    369    7.837
   368   -6748.2833     0.2918     0.1656    0.0015    81.87    370    7.019
   369   -6748.5219     0.1934     0.2385    0.0021    85.71    371    8.291
   370   -6748.6977     0.2165     0.1758    0.0020    83.48    372    7.916
   371   -6748.8486     0.1738     0.1509    0.0015    82.52    373    8.151
   372   -6748.9586     0.1296     0.1100    0.0003    67.96    374    6.930
   373   -6749.0956     0.1329     0.1371    0.0006    66.10    375    7.710
   374   -6749.2212     0.2419     0.1256    0.0008    71.07    376    6.498
   375   -6749.3703     0.1697     0.1491    0.0008    82.52    377    7.883
   376   -6749.5653     0.1224     0.1949    0.0017    81.84    378    7.791
   377   -6749.6871     0.2056     0.1218    0.0016    81.38    379    7.275
   378   -6749.8279     0.1764     0.1408    0.0013    84.60    380    7.636
   379   -6750.0351     0.1606     0.2072    0.0017    82.51    381    8.213
   380   -6750.2023     0.2931     0.1672    0.0024    81.36    382    7.695
   381   -6750.3449     0.1576     0.1427    0.0005    77.38    383    7.202
   382   -6750.4295     0.1341     0.0845    0.0001    51.67    384    7.308
   383   -6750.5614     0.1396     0.1320    0.0006    73.45    385    7.303
   384   -6750.6967     0.2605     0.1353    0.0016    80.71    386    7.487
   385   -6750.8508     0.1590     0.1541    0.0015    85.30    387    8.200
   386   -6750.9857     0.1370     0.1349    0.0016    84.26    388    6.509
   387   -6751.1245     0.2117     0.1388    0.0023    83.04    389    7.647
   388   -6751.2298     0.1464     0.1053    0.0011    83.52    390    7.246
   389   -6751.3056     0.1149     0.0758    0.0002    54.70    391    7.559
   390   -6751.4166     0.1118     0.1110    0.0004    61.21    392    7.634
   391   -6751.5447     0.2032     0.1281    0.0012    77.18    393    7.660
   392   -6751.6599     0.1733     0.1152    0.0012    83.75    394    7.847
   393   -6751.7801     0.1256     0.1202    0.0012    83.62    395    8.015
   394   -6751.9070     0.1360     0.1268    0.0015    81.43    396    6.750
   395   -6751.9865     0.2776     0.0796    0.0017    81.97    397    6.952
   396   -6752.1070     0.1424     0.1204    0.0003    76.26    398    7.791
   397   -6752.2259     0.1175     0.1190    0.0007    75.87    399    7.796
   398   -6752.3053     0.1322     0.0794    0.0008    81.52    400    6.890
   399   -6752.3999     0.2216     0.0946    0.0011    81.02    401    8.103
   400   -6752.5366     0.1444     0.1367    0.0015    85.42    402    7.793
   401   -6752.6625     0.1374     0.1258    0.0014    82.34    403    7.710
   402   -6752.7530     0.1994     0.0906    0.0015    81.72    404    6.492
   403   -6752.8432     0.1260     0.0902    0.0002    61.72    405    7.110
   404   -6752.9584     0.1293     0.1152    0.0004    62.44    406    6.701
   405   -6753.0674     0.1586     0.1090    0.0009    79.62    407    7.367
   406   -6753.1830     0.2148     0.1156    0.0015    82.90    408    8.135
   407   -6753.3083     0.1273     0.1252    0.0014    85.15    409    7.480
   408   -6753.4054     0.1254     0.0972    0.0011    81.53    410    7.291
   409   -6753.4977     0.1711     0.0923    0.0013    81.83    411    7.225
   410   -6753.5976     0.1390     0.0998    0.0009    82.72    412    7.004
   411   -6753.7064     0.1271     0.1088    0.0010    80.72    413    7.894
   412   -6753.8126     0.1978     0.1062    0.0014    80.82    414    7.198
   413   -6753.9306     0.1481     0.1180    0.0013    83.91    415    7.109
   414   -6754.0384     0.1264     0.1078    0.0008    79.90    416    7.685
   415   -6754.1639     0.1619     0.1255    0.0013    79.69    417    6.776
   416   -6754.2411     0.2491     0.0772    0.0017    83.50    418    7.644
   417   -6754.3345     0.1418     0.0934    0.0002    64.52    419    7.901
   418   -6754.4555     0.1206     0.1211    0.0009    78.71    420    6.809
   419   -6754.5414     0.1350     0.0858    0.0011    83.48    421    7.181
   420   -6754.6513     0.2112     0.1099    0.0014    82.72    422    7.295
   421   -6754.8038     0.1422     0.1525    0.0021    85.99    423    7.591
   422   -6754.9462     0.1472     0.1424    0.0014    81.54    424    6.918
   423   -6755.0483     0.2331     0.1021    0.0015    79.63    425    8.452
   424   -6755.1578     0.1159     0.1095    0.0005    79.11    426    7.346
   425   -6755.2287     0.1085     0.0709    0.0005    75.96    427    7.288
   426   -6755.3218     0.1459     0.0930    0.0005    70.27    428    7.612
   427   -6755.3849     0.2100     0.0631    0.0010    79.97    429    7.047
   428   -6755.4603     0.1005     0.0754    0.0006    83.49    430    6.753
   429   -6755.5245     0.1074     0.0643    0.0010    82.68    431    8.212
   430   -6755.5954     0.1249     0.0709    0.0011    83.68    432    8.174
   431   -6755.6650     0.2372     0.0695    0.0012    82.46    433    6.818
   432   -6755.7648     0.1366     0.0998    0.0011    85.70    434    7.052
   433   -6755.8449     0.0910     0.0801    0.0007    80.87    435    7.748

 Optimization achieved convergence criteria:  0.09096
 Generalized Kirkwood  -4340.74118035      0.268
 Cavitation             1561.89814597      0.234
 Dispersion            -1134.82404958      0.291

 Computed Potential Energy
  Bond Stretching            207.38043007         2421        0.000 ( 0.01598)
  Angle Bending              494.80761224         4407        0.000 ( 2.69343)
  Stretch-Bend                 2.40158899         3872        0.000
  Out-of-Plane Bend           23.55403899         1350        0.000
  Torsional Angle            120.21033441         6443        0.039
  Pi-Orbital Torsion          26.93243869          250        0.010
  Torsion-Torsion            -52.77186549           10        0.006
  Van der Waals              484.92214413      2871972        0.085
  Atomic Multipoles        -3310.27353886      2871972
  Polarization              -839.34100367      2871972        4.831
  Solvation                -3913.66708396      2881200
  Total Potential          -6755.84490444  (Kcal/mole)        4.992 (sec)
 Setting atom names to PDB standard.
 Saving 1STN_pH4.4.pdb_3
 Wrote induced dipoles to: /Dedicated/schnieders/maemmad/pKa_GNN/ffx_pipeline/data/fixed_pdbs/1STN/1STN_pH4.4.uind
 Wrote permanent multipoles to: /Dedicated/schnieders/maemmad/pKa_GNN/ffx_pipeline/data/fixed_pdbs/1STN/1STN_pH4.4.uperm

 Script wall clock time: 3371.873 (sec)
=== Titration pH 4.4 done: Fri May  8 12:28:12 CDT 2026 ===
