 Evaluating /Dedicated/schnieders/programs/stack-2021.1.sh
  Loading Modules
   Stack 2021.1
   GCC 9.3.0
   CMake 3.20.0
   Eigen 3.3.9
   Cuda 11.1.1
   Cuda: /usr/share/apps/2021.1/arch/gcc-9.3.0/cuda-11.1.1
   CudaNN 8.0.5.39-11.1
   Swig 4.0.2_gcc-9.3.0
  Loading software from /Dedicated/schnieders/programs/local
   Ant: /Dedicated/schnieders/programs/apache-ant-1.10.11
   FFX: /Dedicated/schnieders/programs/ffx-builds/forcefieldx-2026-01-04
   GDMA: /Dedicated/schnieders/programs/gdma-2.3
   Groovy: /Dedicated/schnieders/programs/groovy-4.0.1
   Java: /Dedicated/schnieders/programs/jdk-25.0.1
   Maven: /Dedicated/schnieders/programs/apache-maven-3.9.5
   VMD: /Dedicated/schnieders/programs/vmd
   NAMD: /Dedicated/schnieders/programs/NAMD_3.0alpha7_Linux-x86_64-multicore-CUDA
   OpenEye: /Dedicated/schnieders/programs/OpenEye
   Tinker: /Dedicated/schnieders/programs/tinker-tools
=== Titration pH 6.45 started: Mon Apr 27 23:24:52 CDT 2026 ===
WARNING: Using incubator modules: jdk.incubator.vector
WARNING: Using incubator modules: jdk.incubator.vector
 _________________________________________________________________________

        FORCE FIELD X - Polyglot Software for Molecular Biophysics 

        Version 1.0.0-6947  April 2026 
        Git Revision  519408079905b3dd4b967041b75b836f63fb563f 
 
        Please cite the following reference when using Force Field X:

        RA Gogal, AJ Nessler, AC Thiel, HV Bernabe, RA Corrigan Grove,
        LM Cousineau, JM Litman, JM Miller, G Qi, MJ Speranza,
        MR Tollefson, TD Fenn, JJ Michaelson, O Okada, JP Piquemal,
        JW Ponder, J Shen, RJH Smith, W Yang, P Ren and MJ Schnieders,
        2024, Journal of Chemical Physics, 161 (1).

        Copyright (c)  Michael J. Schnieders  2001-2025
        All Rights Reserved

        Force Field X is distributed under the GPL v. 3 license
        with linking exception and is hosted by the Schnieders Lab
        at The University of Iowa.

        User Manual:   https://ffx.biochem.uiowa.edu/manual.html
        Publications:  https://ffx.biochem.uiowa.edu/publications.html
        License:       https://ffx.biochem.uiowa.edu/licenses.html

 _________________________________________________________________________

 Mon Apr 27 23:25:23 CDT 2026
 Process ID 85528 on argon-itf-bx54-08.hpc.

 Command line arguments:
 [ManyBody, --tR, --pH, 6.45, --oT, -T, --kPH, 3.0, /Dedicated/schnieders/maemmad/pKa_GNN/ffx_pipeline/data/fixed_pdbs/2ZTA/2ZTA_pH6.45.pdb]

 Executing internal command: ffx.algorithms.commands.ManyBody

 Parsing: Internal force field (amoeba-bio-2018-cphmd).
 Parsing: Structure properties from (/Dedicated/schnieders/maemmad/pKa_GNN/ffx_pipeline/data/fixed_pdbs/2ZTA/titrate.properties).
 Parsing: JVM system properties (i.e. command line -Dkey=value pairs).

 Attempting to read force field patch from /Dedicated/schnieders/maemmad/pKa_GNN/naphosphate_solute.09Feb21.prm.

 Renumbering Patch: FALSE
 Reading 2ZTA_pH6.45.pdb

 Assigning atom types for 2 chains.
 Amino acid chain A
 Amino acid chain B
 Constructing Force Field AMOEBA-BIO-2018-CPHMD

 SMP threads:                                20
 The system will be treated as aperiodic (max separation =   63.4 A).

 Bonded Terms
  Bonds:                                   1158
  Angles:                                  2112
  Stretch-Bends:                           1832
  Out-of-Plane Bends:                       606
  Torsions:                                3060
  Pi-Orbital Torsions:                       92
  Torsion-Torsions:                           2

 Non-Bonded Terms

  Van der Waals
   Cut-Off:                                NONE
   Long-Range Correction:                 FALSE

 Electrostatics
   Polarization:                         MUTUAL
    SCF Convergence Criteria:         1.000e-06
    SCF Predictor:                         NONE
    SCF Algorithm:                           CG
    CG Preconditioner Cut-Off:            4.500
    CG Preconditioner Ewald Coeff.:       0.000
    CG Preconditioner Scale:              2.000
    CG Preconditioner Mode:     FLETCHER_REEVES
    Electrostatics Cut-Off:                NONE

  Continuum Solvation
   Radii:                                SOLUTE
   Generalized Kirkwood Cut-Off:           NONE
   GKC:                                  2.4550
   Solvent Dielectric:                  78.3000
   Solute Dielectric:                    2.0000
   Descreen with vdW Radii:                TRUE
   Descreen with Hydrogen Atoms:          FALSE
   Descreen Offset:                      0.0000
   General HCT Scale Factor:             0.7200
   Non-Polar Model:                  GAUSS-DISP
    GaussVol Radii Offset:               0.0000
    GaussVol Radii Scale:                1.0000
   Dispersion Integral Offset:           1.0560 (A)
   Cavitation Solvent Pressure:          0.0334 (Kcal/mol/A^3)
   Cavitation Surface Tension:           0.1030 (Kcal/mol/A^2)
   Cavitation Cross-Over Radius:         9.2515 (A)

  Overall system charge:                  4.000

 Opened 2ZTA_pH6.45.pdb in 0.843 sec.

 System Resources
  Total CPU time:          18.56 (sec)
  System load average:     39.87
  Open file handles:         146 of  81920 allowed
  System memory:           43955 MB free out of  44520 MB
  System swap space:        2053 MB free out of   2053 MB
  JVM memory:               4048 MB free out of   4096 MB

 Adding titration hydrogen to : /Dedicated/schnieders/maemmad/pKa_GNN/ffx_pipeline/data/fixed_pdbs/2ZTA/2ZTA_pH6.45.pdb

 Reading 2ZTA_pH6.45.pdb

 Assigning atom types for 2 chains.
 Amino acid chain A
 Amino acid chain B
 Renumbering PDB file due to built atoms (1170 vs 1156)
 Total number of atoms: 1170

 Constructing Force Field AMOEBA-BIO-2018-CPHMD

 SMP threads:                                20
 The system will be treated as aperiodic (max separation =   63.4 A).

 Bonded Terms
  Bonds:                                   1172
  Angles:                                  2126
  Stretch-Bends:                           1832
  Out-of-Plane Bends:                       606
  Torsions:                                3088
  Pi-Orbital Torsions:                       92
  Torsion-Torsions:                           2

 Non-Bonded Terms

  Van der Waals
   Cut-Off:                                NONE
   Long-Range Correction:                 FALSE

 Electrostatics
   Polarization:                         MUTUAL
    SCF Convergence Criteria:         1.000e-06
    SCF Predictor:                         NONE
    SCF Algorithm:                           CG
    CG Preconditioner Cut-Off:            4.500
    CG Preconditioner Ewald Coeff.:       0.000
    CG Preconditioner Scale:              2.000
    CG Preconditioner Mode:     FLETCHER_REEVES
    Electrostatics Cut-Off:                NONE

  Continuum Solvation
   Radii:                                SOLUTE
   Generalized Kirkwood Cut-Off:           NONE
   GKC:                                  2.4550
   Solvent Dielectric:                  78.3000
   Solute Dielectric:                    2.0000
   Descreen with vdW Radii:                TRUE
   Descreen with Hydrogen Atoms:          FALSE
   Descreen Offset:                      0.0000
   General HCT Scale Factor:             0.7200
   Non-Polar Model:                  GAUSS-DISP
    GaussVol Radii Offset:               0.0000
    GaussVol Radii Scale:                1.0000
   Dispersion Integral Offset:           1.0560 (A)
   Cavitation Solvent Pressure:          0.0334 (Kcal/mol/A^3)
   Cavitation Surface Tension:           0.1030 (Kcal/mol/A^2)
   Cavitation Cross-Over Radius:         9.2515 (A)

  Overall system charge:                 18.000
 Temperature: 298.150000

 Energy restart file: 2ZTA_pH6.45.restart

 Initial Potential Energy:
 Generalized Kirkwood  -2114.72245546      0.062
 Cavitation              759.40619105      0.068
 Dispersion             -552.65532580      0.104

 Computed Potential Energy
  Bond Stretching            172.57074237         1172        0.001 ( 0.01896)
  Angle Bending              245.38602784         2126        0.003 ( 2.70032)
  Stretch-Bend                -1.75744135         1832        0.002
  Out-of-Plane Bend            8.87516216          606        0.001
  Torsional Angle             76.64052902         3088        0.005
  Pi-Orbital Torsion          15.53418850           92        0.008
  Torsion-Torsion            -12.91895670            2        0.000
  Van der Waals              266.24587905       680567        0.399
  Atomic Multipoles          611.89749530       680567
  Polarization               -81.42155932       680567        0.826
  Solvation                -1907.97159022       685035
  Total Potential           -606.91952334  (Kcal/mole)        1.246 (sec)

 Initial Rotamer Torsion Angles:

 Residue    Current Torsional Angles
 A    4-LYS -177.014  179.998 -179.963  -65.031
 A    7-GLH  -68.575  162.550   -5.357    0.000
 A    8-ASH  -54.671  -10.047    0.000    0.000
 A    9-LYS -164.869   72.298 -164.093  167.749
 A   11-GLH -176.985  -80.022  -24.975    0.000
 A   12-GLH -177.869 -163.664   24.324    0.000
 A   16-LYS  -67.001  179.991  180.000 -179.983
 A   19-HIS -176.999   59.989    0.000    0.000
 A   21-GLH  -69.132  171.601    4.808    0.000
 A   23-GLH  -73.192  -67.010  -28.091    0.000
 A   28-LYS  -63.326 -176.319  170.363  175.171
 A   29-LYS -176.984 -179.987  179.970  179.960
 A   33-GLH   68.587   95.312 -106.694    0.000

 Rotamer Library:     Richardson
 Algorithm:           ALL
 Goldstein Criteria:  true
 Three-Body Energies: true


 Computing Residue Distance Matrix
 Built residue neighbor list:              0.006 sec
 Pairwise distance matrix:               154.997 sec

 Beginning Energy   -1245.64403313

     Residue  Nrot
   1   A4-LYS   56
   2   A7-GLH   42
   3   A8-ASH   27
   4   A9-LYS   56
   5  A11-GLH   42
   6  A12-GLH   42
   7  A16-LYS   56
   8  A19-HIS   27
   9  A21-GLH   42
  10  A23-GLH   42
  11  A28-LYS   56
  12  A29-LYS   56
  13  A33-GLH   42

 Number of self energies: 586
 Backbone energy:     -797.52701623

 Self   A4-LYS 0 :     -18.07031683 in 0.7475 (sec).
 Self   A4-LYD 1 :      33.83129198 in 0.7112 (sec).
 Self   A4-LYD 2 :      39.91953456 in 0.8409 (sec).
 Self   A4-LYD 3 :      38.88270837 in 0.7008 (sec).
 Self   A4-LYD 4 :      38.49522215 in 0.6879 (sec).
 Self   A4-LYD 5 :      49.02791731 in 0.7050 (sec).
 Self   A4-LYD 6 :      39.86735622 in 0.6868 (sec).
 Self   A4-LYD 7 :      33.33065898 in 0.7039 (sec).
 Self   A4-LYD 8 :      33.96823634 in 0.7333 (sec).
 Self   A4-LYD 9 :      35.90529673 in 0.7442 (sec).
 Self   A4-LYD 10:      35.00801430 in 0.6494 (sec).
 Self   A4-LYD 11:      34.04455630 in 0.6520 (sec).
 Self   A4-LYD 12:      33.26823470 in 0.6574 (sec).
 Self   A4-LYD 13:      32.30190322 in 0.6529 (sec).
 Self   A4-LYD 14:      33.83294285 in 0.6899 (sec).
 Self   A4-LYD 15:      33.95296139 in 0.6486 (sec).
 Self   A4-LYD 16:      36.39596956 in 0.6968 (sec).
 Self   A4-LYD 17:      47.86666305 in 0.6308 (sec).
 Self   A4-LYD 18:      79.64531004 in 0.6368 (sec).
 Self   A4-LYD 19:      34.73873129 in 0.5875 (sec).
 Self   A4-LYD 20:      34.16662965 in 0.6782 (sec).
 Self   A4-LYD 21:      33.18037030 in 0.6255 (sec).
 Self   A4-LYD 22:      35.12615043 in 0.6579 (sec).
 Self   A4-LYD 23:      35.07312089 in 0.6305 (sec).
 Self   A4-LYD 24:      37.68311275 in 0.6132 (sec).
 Self   A4-LYD 25:      35.98149149 in 0.6388 (sec).
 Self   A4-LYD 26:      35.02981615 in 0.6674 (sec).
 Self   A4-LYD 27:      36.96628491 in 0.6469 (sec).
 Self   A4-LYD 28:      36.69169052 in 0.6609 (sec).
 Self   A4-LYS 29:     -11.17637011 in 0.6905 (sec).
 Self   A4-LYS 30:     -14.04415382 in 0.6296 (sec).
 Self   A4-LYS 31:     -12.73557089 in 0.5912 (sec).
 Self   A4-LYS 32:       1.46483279 in 0.6717 (sec).
 Self   A4-LYS 33:     -11.93999077 in 0.7074 (sec).
 Self   A4-LYS 34:     -17.72487928 in 0.6753 (sec).
 Self   A4-LYS 35:     -18.40884684 in 0.6766 (sec).
 Self   A4-LYS 36:     -16.20666692 in 0.6186 (sec).
 Self   A4-LYS 37:     -14.95981786 in 0.6146 (sec).
 Self   A4-LYS 38:     -17.71966446 in 0.6303 (sec).
 Self   A4-LYS 39:     -17.81380978 in 0.6378 (sec).
 Self   A4-LYS 40:     -19.95831842 in 0.6517 (sec).
 Self   A4-LYS 41:     -18.07549148 in 0.6626 (sec).
 Self   A4-LYS 42:     -17.83859039 in 0.6708 (sec).
 Self   A4-LYS 43:     -15.42358678 in 0.6639 (sec).
 Self   A4-LYS 44:      -1.27168100 in 0.6157 (sec).
 Self   A4-LYS 45:      32.49626748 in 0.6416 (sec).
 Self   A4-LYS 46:     -17.03320832 in 0.6022 (sec).
 Self   A4-LYS 47:     -16.20915466 in 0.6562 (sec).
 Self   A4-LYS 48:     -18.62151038 in 0.5825 (sec).
 Self   A4-LYS 49:     -16.54596721 in 0.6111 (sec).
 Self   A4-LYS 50:     -16.26839129 in 0.6391 (sec).
 Self   A4-LYS 51:     -13.05536860 in 0.6801 (sec).
 Self   A4-LYS 52:     -14.68807402 in 0.6209 (sec).
 Self   A4-LYS 53:     -16.91654995 in 0.6542 (sec).
 Self   A4-LYS 54:     -14.27807809 in 0.6329 (sec).
 Self   A4-LYS 55:     -15.12686287 in 0.6735 (sec).
 Self   A7-GLU 0 :     -11.85168208 in 0.6668 (sec).
 Self   A7-GLH 1 :      13.36988462 in 0.6962 (sec).
 Self   A7-GLH 2 :      32.96469532 in 0.6376 (sec).
 Self   A7-GLH 3 :    4232.22668694 in 0.8062 (sec).
 Self   A7-GLH 4 :      12.34802689 in 0.8031 (sec).
 Self   A7-GLH 5 :      10.52571585 in 0.9134 (sec).
 Self   A7-GLH 6 :      11.56349185 in 0.7724 (sec).
 Self   A7-GLH 7 :    3750.42893011 in 0.7094 (sec).
 Self   A7-GLH 8 :       9.03474859 in 0.7083 (sec).
 Self   A7-GLH 9 :      61.49691279 in 0.7186 (sec).
 Self   A7-GLH 10:      35.27349636 in 0.6542 (sec).
 Self   A7-GLH 11:    1429.72026916 in 0.6852 (sec).
 Self   A7-GLH 12:      14.97955953 in 0.6855 (sec).
 Self   A7-GLH 13:      13.53046062 in 0.6670 (sec).
 Self   A7-GLH 14:      21.27736113 in 0.6291 (sec).
 Self   A7-GLH 15:    1664.76646010 in 0.6099 (sec).
