 Evaluating /Dedicated/schnieders/programs/stack-2021.1.sh
  Loading Modules
   Stack 2021.1
   GCC 9.3.0
   CMake 3.20.0
   Eigen 3.3.9
   Cuda 11.1.1
   Cuda: /usr/share/apps/2021.1/arch/gcc-9.3.0/cuda-11.1.1
   CudaNN 8.0.5.39-11.1
   Swig 4.0.2_gcc-9.3.0
  Loading software from /Dedicated/schnieders/programs/local
   Ant: /Dedicated/schnieders/programs/apache-ant-1.10.11
   FFX: /Dedicated/schnieders/programs/ffx-builds/forcefieldx-2026-01-04
   GDMA: /Dedicated/schnieders/programs/gdma-2.3
   Groovy: /Dedicated/schnieders/programs/groovy-4.0.1
   Java: /Dedicated/schnieders/programs/jdk-25.0.1
   Maven: /Dedicated/schnieders/programs/apache-maven-3.9.5
   VMD: /Dedicated/schnieders/programs/vmd
   NAMD: /Dedicated/schnieders/programs/NAMD_3.0alpha7_Linux-x86_64-multicore-CUDA
   OpenEye: /Dedicated/schnieders/programs/OpenEye
   Tinker: /Dedicated/schnieders/programs/tinker-tools
=== Titration pH 6.45 started: Thu May  7 22:13:28 CDT 2026 ===
  Copy already exists, skipping.
WARNING: Using incubator modules: jdk.incubator.vector
  Restart file found: /Dedicated/schnieders/maemmad/pKa_GNN/ffx_pipeline/data/fixed_pdbs/7XJD/7XJD_pH6.45.restart — adding --eR
WARNING: Using incubator modules: jdk.incubator.vector
 _________________________________________________________________________

        FORCE FIELD X - Polyglot Software for Molecular Biophysics 

        Version 1.0.0-6947  April 2026 
        Git Revision  519408079905b3dd4b967041b75b836f63fb563f 
 
        Please cite the following reference when using Force Field X:

        RA Gogal, AJ Nessler, AC Thiel, HV Bernabe, RA Corrigan Grove,
        LM Cousineau, JM Litman, JM Miller, G Qi, MJ Speranza,
        MR Tollefson, TD Fenn, JJ Michaelson, O Okada, JP Piquemal,
        JW Ponder, J Shen, RJH Smith, W Yang, P Ren and MJ Schnieders,
        2024, Journal of Chemical Physics, 161 (1).

        Copyright (c)  Michael J. Schnieders  2001-2025
        All Rights Reserved

        Force Field X is distributed under the GPL v. 3 license
        with linking exception and is hosted by the Schnieders Lab
        at The University of Iowa.

        User Manual:   https://ffx.biochem.uiowa.edu/manual.html
        Publications:  https://ffx.biochem.uiowa.edu/publications.html
        License:       https://ffx.biochem.uiowa.edu/licenses.html

 _________________________________________________________________________

 Thu May 07 22:13:59 CDT 2026
 Process ID 471484 on argon-itf-bx50-08.hpc.

 Command line arguments:
 [ManyBody, --tR, --pH, 6.45, --oT, -T, --kPH, 3.0, --eR, /Dedicated/schnieders/maemmad/pKa_GNN/ffx_pipeline/data/fixed_pdbs/7XJD/7XJD_pH6.45.restart, /Dedicated/schnieders/maemmad/pKa_GNN/ffx_pipeline/data/fixed_pdbs/7XJD/7XJD_pH6.45.pdb]

 Executing internal command: ffx.algorithms.commands.ManyBody

 Parsing: Internal force field (amoeba-bio-2018-cphmd).
 Parsing: Structure properties from (/Dedicated/schnieders/maemmad/pKa_GNN/ffx_pipeline/data/fixed_pdbs/7XJD/titrate.properties).
 Parsing: JVM system properties (i.e. command line -Dkey=value pairs).

 Attempting to read force field patch from /Dedicated/schnieders/maemmad/pKa_GNN/naphosphate_solute.09Feb21.prm.

 Renumbering Patch: FALSE
 Reading 7XJD_pH6.45.pdb

 Assigning atom types for 1 chains.
 Amino acid chain A
 Constructing Force Field AMOEBA-BIO-2018-CPHMD

 SMP threads:                                20
 The system will be treated as aperiodic (max separation =   70.6 A).

 Bonded Terms
  Bonds:                                   3663
  Angles:                                  6645
  Stretch-Bends:                           5795
  Out-of-Plane Bends:                      2187
  Torsions:                                9708
  Pi-Orbital Torsions:                      458
  Torsion-Torsions:                          23

 Non-Bonded Terms

  Van der Waals
   Cut-Off:                                NONE
   Long-Range Correction:                 FALSE

 Electrostatics
   Polarization:                         MUTUAL
    SCF Convergence Criteria:         1.000e-06
    SCF Predictor:                         NONE
    SCF Algorithm:                           CG
    CG Preconditioner Cut-Off:            4.500
    CG Preconditioner Ewald Coeff.:       0.000
    CG Preconditioner Scale:              2.000
    CG Preconditioner Mode:     FLETCHER_REEVES
    Electrostatics Cut-Off:                NONE

  Continuum Solvation
   Radii:                                SOLUTE
   Generalized Kirkwood Cut-Off:           NONE
   GKC:                                  2.4550
   Solvent Dielectric:                  78.3000
   Solute Dielectric:                    2.0000
   Descreen with vdW Radii:                TRUE
   Descreen with Hydrogen Atoms:          FALSE
   Descreen Offset:                      0.0000
   General HCT Scale Factor:             0.7200
   Non-Polar Model:                  GAUSS-DISP
    GaussVol Radii Offset:               0.0000
    GaussVol Radii Scale:                1.0000
   Dispersion Integral Offset:           1.0560 (A)
   Cavitation Solvent Pressure:          0.0334 (Kcal/mol/A^3)
   Cavitation Surface Tension:           0.1030 (Kcal/mol/A^2)
   Cavitation Cross-Over Radius:         9.2515 (A)

  Overall system charge:                 -2.000

 Opened 7XJD_pH6.45.pdb in 1.613 sec.

 System Resources
  Total CPU time:          22.42 (sec)
  System load average:     26.85
  Open file handles:         146 of  81920 allowed
  System memory:           20709 MB free out of  21740 MB
  System swap space:        2051 MB free out of   2053 MB
  JVM memory:               3991 MB free out of   4096 MB

 Adding titration hydrogen to : /Dedicated/schnieders/maemmad/pKa_GNN/ffx_pipeline/data/fixed_pdbs/7XJD/7XJD_pH6.45.pdb

 Reading 7XJD_pH6.45.pdb

 Assigning atom types for 1 chains.
 Amino acid chain A
 Renumbering PDB file due to built atoms (3631 vs 3615)
 Total number of atoms: 3631

 Constructing Force Field AMOEBA-BIO-2018-CPHMD

 SMP threads:                                20
 The system will be treated as aperiodic (max separation =   71.2 A).

 Bonded Terms
  Bonds:                                   3679
  Angles:                                  6661
  Stretch-Bends:                           5795
  Out-of-Plane Bends:                      2187
  Torsions:                                9740
  Pi-Orbital Torsions:                      458
  Torsion-Torsions:                          23

 Non-Bonded Terms

  Van der Waals
   Cut-Off:                                NONE
   Long-Range Correction:                 FALSE

 Electrostatics
   Polarization:                         MUTUAL
    SCF Convergence Criteria:         1.000e-06
    SCF Predictor:                         NONE
    SCF Algorithm:                           CG
    CG Preconditioner Cut-Off:            4.500
    CG Preconditioner Ewald Coeff.:       0.000
    CG Preconditioner Scale:              2.000
    CG Preconditioner Mode:     FLETCHER_REEVES
    Electrostatics Cut-Off:                NONE

  Continuum Solvation
   Radii:                                SOLUTE
   Generalized Kirkwood Cut-Off:           NONE
   GKC:                                  2.4550
   Solvent Dielectric:                  78.3000
   Solute Dielectric:                    2.0000
   Descreen with vdW Radii:                TRUE
   Descreen with Hydrogen Atoms:          FALSE
   Descreen Offset:                      0.0000
   General HCT Scale Factor:             0.7200
   Non-Polar Model:                  GAUSS-DISP
    GaussVol Radii Offset:               0.0000
    GaussVol Radii Scale:                1.0000
   Dispersion Integral Offset:           1.0560 (A)
   Cavitation Solvent Pressure:          0.0334 (Kcal/mol/A^3)
   Cavitation Surface Tension:           0.1030 (Kcal/mol/A^2)
   Cavitation Cross-Over Radius:         9.2515 (A)

  Overall system charge:                 14.000
 Temperature: 298.150000

 Energy restart file: 7XJD_pH6.45.restart

 Initial Potential Energy:
 Generalized Kirkwood  -1564.93740420      0.402
 Cavitation             2190.56531301      0.239
 Dispersion            -1248.53897716      0.469

 Computed Potential Energy
  Bond Stretching            360.78643534         3679        0.002 ( 0.01624)
  Angle Bending              818.40240117         6661        0.005 ( 2.82145)
  Stretch-Bend                -2.28420865         5795        0.004
  Out-of-Plane Bend           29.49677261         2187        0.002
  Torsional Angle             37.87982571         9740        0.009
  Pi-Orbital Torsion          33.49381932          458        0.001
  Torsion-Torsion           -109.63682108           23        0.000
  Van der Waals              603.69753246      6579925        0.101
  Atomic Multipoles        -1759.73220379      6579925
  Polarization              -165.73783220      6579925        3.579
  Solvation                 -622.91106835      6593896
  Total Potential           -776.54534746  (Kcal/mole)        3.703 (sec)

 Initial Rotamer Torsion Angles:

 Residue    Current Torsional Angles
 A    5-GLH   67.852  -77.971 -174.079    0.000
 A   26-LYS -166.091  178.796 -170.124  -53.383
 A   32-ASH -179.075   66.183    0.000    0.000
 A   34-ASH  -63.666  -40.727    0.000    0.000
 A   36-LYS  -68.227 -161.295 -159.339  164.727
 A   37-LYS   77.328 -163.023  166.717  175.080
 A   70-GLH  -64.982  -65.028  -39.992    0.000
 A   81-ASH  176.740  -16.186    0.000    0.000
 A   92-ASH  -83.481  -34.131    0.000    0.000
 A   98-ASH -171.692   30.183    0.000    0.000
 A  100-ASH -177.022   65.017    0.000    0.000
 A  111-ASH -168.641  -68.050    0.000    0.000
 A  125-LYS  -53.363 -178.550 -178.484 -163.715
 A  155-LYS  -61.991  -67.984 -179.967  179.988
 A  157-GLH   45.477   76.689 -104.119    0.000
 A  162-GLH   66.849  -74.583   18.437    0.000
 A  168-LYS -177.004  179.989  180.000 -179.977
 A  190-GLH  -46.581   99.110  -28.088    0.000
 A  200-GLH  169.054 -164.352  -38.573    0.000
 A  208-ASH  -73.899  -29.488    0.000    0.000
 A  212-LYS  -60.580 -169.295  166.896   66.207
 A  228-GLH -177.004  -80.004  -25.014    0.000
 A  230-GLH -168.530   47.494   45.813    0.000

 Rotamer Library:     Richardson
 Algorithm:           ALL
 Goldstein Criteria:  true
 Three-Body Energies: true


 Computing Residue Distance Matrix
 Built residue neighbor list:              0.012 sec
 Pairwise distance matrix:               128.221 sec

 Beginning Energy   -1566.38520013
