Requeueing due to an insufficient number of GPU devices on argon-itf-bx51-12.hpc.
 Evaluating /Dedicated/schnieders/programs/stack-2021.1.sh
  Loading Modules
   Stack 2021.1
   GCC 9.3.0
   CMake 3.20.0
   Eigen 3.3.9
   Cuda 11.1.1
   Cuda: /usr/share/apps/2021.1/arch/gcc-9.3.0/cuda-11.1.1
   CudaNN 8.0.5.39-11.1
   Swig 4.0.2_gcc-9.3.0
  Loading software from /Dedicated/schnieders/programs/local
   Ant: /Dedicated/schnieders/programs/apache-ant-1.10.11
   FFX: /Dedicated/schnieders/programs/ffx-builds/forcefieldx-2026-01-04
   GDMA: /Dedicated/schnieders/programs/gdma-2.3
   Groovy: /Dedicated/schnieders/programs/groovy-4.0.1
   Java: /Dedicated/schnieders/programs/jdk-25.0.1
   Maven: /Dedicated/schnieders/programs/apache-maven-3.9.5
   VMD: /Dedicated/schnieders/programs/vmd
   NAMD: /Dedicated/schnieders/programs/NAMD_3.0alpha7_Linux-x86_64-multicore-CUDA
   OpenEye: /Dedicated/schnieders/programs/OpenEye
   Tinker: /Dedicated/schnieders/programs/tinker-tools
=== Titration pH 6.45 started: Thu May  7 22:59:12 CDT 2026 ===
  Copy already exists, skipping.
WARNING: Using incubator modules: jdk.incubator.vector
  Restart file found: /Dedicated/schnieders/maemmad/pKa_GNN/ffx_pipeline/data/fixed_pdbs/2ZTA/2ZTA_pH6.45.restart — adding --eR
WARNING: Using incubator modules: jdk.incubator.vector
 _________________________________________________________________________

        FORCE FIELD X - Polyglot Software for Molecular Biophysics 

        Version 1.0.0-6947  April 2026 
        Git Revision  519408079905b3dd4b967041b75b836f63fb563f 
 
        Please cite the following reference when using Force Field X:

        RA Gogal, AJ Nessler, AC Thiel, HV Bernabe, RA Corrigan Grove,
        LM Cousineau, JM Litman, JM Miller, G Qi, MJ Speranza,
        MR Tollefson, TD Fenn, JJ Michaelson, O Okada, JP Piquemal,
        JW Ponder, J Shen, RJH Smith, W Yang, P Ren and MJ Schnieders,
        2024, Journal of Chemical Physics, 161 (1).

        Copyright (c)  Michael J. Schnieders  2001-2025
        All Rights Reserved

        Force Field X is distributed under the GPL v. 3 license
        with linking exception and is hosted by the Schnieders Lab
        at The University of Iowa.

        User Manual:   https://ffx.biochem.uiowa.edu/manual.html
        Publications:  https://ffx.biochem.uiowa.edu/publications.html
        License:       https://ffx.biochem.uiowa.edu/licenses.html

 _________________________________________________________________________

 Thu May 07 22:59:43 CDT 2026
 Process ID 82888 on argon-itf-bx54-13.hpc.

 Command line arguments:
 [ManyBody, --tR, --pH, 6.45, --oT, -T, --kPH, 3.0, --eR, /Dedicated/schnieders/maemmad/pKa_GNN/ffx_pipeline/data/fixed_pdbs/2ZTA/2ZTA_pH6.45.restart, /Dedicated/schnieders/maemmad/pKa_GNN/ffx_pipeline/data/fixed_pdbs/2ZTA/2ZTA_pH6.45.pdb]

 Executing internal command: ffx.algorithms.commands.ManyBody

 Parsing: Internal force field (amoeba-bio-2018-cphmd).
 Parsing: Structure properties from (/Dedicated/schnieders/maemmad/pKa_GNN/ffx_pipeline/data/fixed_pdbs/2ZTA/titrate.properties).
 Parsing: JVM system properties (i.e. command line -Dkey=value pairs).

 Attempting to read force field patch from /Dedicated/schnieders/maemmad/pKa_GNN/naphosphate_solute.09Feb21.prm.

 Renumbering Patch: FALSE
 Reading 2ZTA_pH6.45.pdb

 Assigning atom types for 2 chains.
 Amino acid chain A
 Amino acid chain B
 Constructing Force Field AMOEBA-BIO-2018-CPHMD

 SMP threads:                                20
 The system will be treated as aperiodic (max separation =   63.4 A).

 Bonded Terms
  Bonds:                                   1158
  Angles:                                  2112
  Stretch-Bends:                           1832
  Out-of-Plane Bends:                       606
  Torsions:                                3060
  Pi-Orbital Torsions:                       92
  Torsion-Torsions:                           2

 Non-Bonded Terms

  Van der Waals
   Cut-Off:                                NONE
   Long-Range Correction:                 FALSE

 Electrostatics
   Polarization:                         MUTUAL
    SCF Convergence Criteria:         1.000e-06
    SCF Predictor:                         NONE
    SCF Algorithm:                           CG
    CG Preconditioner Cut-Off:            4.500
    CG Preconditioner Ewald Coeff.:       0.000
    CG Preconditioner Scale:              2.000
    CG Preconditioner Mode:     FLETCHER_REEVES
    Electrostatics Cut-Off:                NONE

  Continuum Solvation
   Radii:                                SOLUTE
   Generalized Kirkwood Cut-Off:           NONE
   GKC:                                  2.4550
   Solvent Dielectric:                  78.3000
   Solute Dielectric:                    2.0000
   Descreen with vdW Radii:                TRUE
   Descreen with Hydrogen Atoms:          FALSE
   Descreen Offset:                      0.0000
   General HCT Scale Factor:             0.7200
   Non-Polar Model:                  GAUSS-DISP
    GaussVol Radii Offset:               0.0000
    GaussVol Radii Scale:                1.0000
   Dispersion Integral Offset:           1.0560 (A)
   Cavitation Solvent Pressure:          0.0334 (Kcal/mol/A^3)
   Cavitation Surface Tension:           0.1030 (Kcal/mol/A^2)
   Cavitation Cross-Over Radius:         9.2515 (A)

  Overall system charge:                  4.000

 Opened 2ZTA_pH6.45.pdb in 0.955 sec.

 System Resources
  Total CPU time:          19.18 (sec)
  System load average:     24.39
  Open file handles:         146 of  81920 allowed
  System memory:           43939 MB free out of  44520 MB
  System swap space:        2031 MB free out of   2053 MB
  JVM memory:               4048 MB free out of   4096 MB

 Adding titration hydrogen to : /Dedicated/schnieders/maemmad/pKa_GNN/ffx_pipeline/data/fixed_pdbs/2ZTA/2ZTA_pH6.45.pdb

 Reading 2ZTA_pH6.45.pdb

 Assigning atom types for 2 chains.
 Amino acid chain A
 Amino acid chain B
 Renumbering PDB file due to built atoms (1170 vs 1156)
 Total number of atoms: 1170

 Constructing Force Field AMOEBA-BIO-2018-CPHMD

 SMP threads:                                20
 The system will be treated as aperiodic (max separation =   63.4 A).

 Bonded Terms
  Bonds:                                   1172
  Angles:                                  2126
  Stretch-Bends:                           1832
  Out-of-Plane Bends:                       606
  Torsions:                                3088
  Pi-Orbital Torsions:                       92
  Torsion-Torsions:                           2

 Non-Bonded Terms

  Van der Waals
   Cut-Off:                                NONE
   Long-Range Correction:                 FALSE

 Electrostatics
   Polarization:                         MUTUAL
    SCF Convergence Criteria:         1.000e-06
    SCF Predictor:                         NONE
    SCF Algorithm:                           CG
    CG Preconditioner Cut-Off:            4.500
    CG Preconditioner Ewald Coeff.:       0.000
    CG Preconditioner Scale:              2.000
    CG Preconditioner Mode:     FLETCHER_REEVES
    Electrostatics Cut-Off:                NONE

  Continuum Solvation
   Radii:                                SOLUTE
   Generalized Kirkwood Cut-Off:           NONE
   GKC:                                  2.4550
   Solvent Dielectric:                  78.3000
   Solute Dielectric:                    2.0000
   Descreen with vdW Radii:                TRUE
   Descreen with Hydrogen Atoms:          FALSE
   Descreen Offset:                      0.0000
   General HCT Scale Factor:             0.7200
   Non-Polar Model:                  GAUSS-DISP
    GaussVol Radii Offset:               0.0000
    GaussVol Radii Scale:                1.0000
   Dispersion Integral Offset:           1.0560 (A)
   Cavitation Solvent Pressure:          0.0334 (Kcal/mol/A^3)
   Cavitation Surface Tension:           0.1030 (Kcal/mol/A^2)
   Cavitation Cross-Over Radius:         9.2515 (A)

  Overall system charge:                 18.000
 Temperature: 298.150000

 Energy restart file: 2ZTA_pH6.45.restart

 Initial Potential Energy:
 Generalized Kirkwood  -2114.72245546      0.051
 Cavitation              759.40619105      0.039
 Dispersion             -552.65532580      0.117

 Computed Potential Energy
  Bond Stretching            172.57074237         1172        0.004 ( 0.01896)
  Angle Bending              245.38602784         2126        0.008 ( 2.70032)
  Stretch-Bend                -1.75744135         1832        0.010
  Out-of-Plane Bend            8.87516216          606        0.011
  Torsional Angle             76.64052902         3088        0.012
  Pi-Orbital Torsion          15.53418850           92        0.010
  Torsion-Torsion            -12.91895670            2        0.001
  Van der Waals              266.24587905       680567        0.471
  Atomic Multipoles          611.89749530       680567
  Polarization               -81.42155932       680567        1.011
  Solvation                -1907.97159022       685035
  Total Potential           -606.91952334  (Kcal/mole)        1.549 (sec)

 Initial Rotamer Torsion Angles:

 Residue    Current Torsional Angles
 A    4-LYS -177.014  179.998 -179.963  -65.031
 A    7-GLH  -68.575  162.550   -5.357    0.000
 A    8-ASH  -54.671  -10.047    0.000    0.000
 A    9-LYS -164.869   72.298 -164.093  167.749
 A   11-GLH -176.985  -80.022  -24.975    0.000
 A   12-GLH -177.869 -163.664   24.324    0.000
 A   16-LYS  -67.001  179.991  180.000 -179.983
 A   19-HIS -176.999   59.989    0.000    0.000
 A   21-GLH  -69.132  171.601    4.808    0.000
 A   23-GLH  -73.192  -67.010  -28.091    0.000
 A   28-LYS  -63.326 -176.319  170.363  175.171
 A   29-LYS -176.984 -179.987  179.970  179.960
 A   33-GLH   68.587   95.312 -106.694    0.000

 Rotamer Library:     Richardson
 Algorithm:           ALL
 Goldstein Criteria:  true
 Three-Body Energies: true


 Computing Residue Distance Matrix
 Built residue neighbor list:              0.008 sec
