 Evaluating /Dedicated/schnieders/programs/stack-2021.1.sh
  Loading Modules
   Stack 2021.1
   GCC 9.3.0
   CMake 3.20.0
   Eigen 3.3.9
   Cuda 11.1.1
   Cuda: /usr/share/apps/2021.1/arch/gcc-9.3.0/cuda-11.1.1
   CudaNN 8.0.5.39-11.1
   Swig 4.0.2_gcc-9.3.0
  Loading software from /Dedicated/schnieders/programs/local
   Ant: /Dedicated/schnieders/programs/apache-ant-1.10.11
   FFX: /Dedicated/schnieders/programs/ffx-builds/forcefieldx-2026-01-04
   GDMA: /Dedicated/schnieders/programs/gdma-2.3
   Groovy: /Dedicated/schnieders/programs/groovy-4.0.1
   Java: /Dedicated/schnieders/programs/jdk-25.0.1
   Maven: /Dedicated/schnieders/programs/apache-maven-3.9.5
   VMD: /Dedicated/schnieders/programs/vmd
   NAMD: /Dedicated/schnieders/programs/NAMD_3.0alpha7_Linux-x86_64-multicore-CUDA
   OpenEye: /Dedicated/schnieders/programs/OpenEye
   Tinker: /Dedicated/schnieders/programs/tinker-tools
=== Titration pH 8.55 started: Sun May 17 10:59:43 CDT 2026 ===
  Copy already exists, skipping.
  ManyBody output already exists, skipping.
WARNING: Using incubator modules: jdk.incubator.vector
 _________________________________________________________________________

        FORCE FIELD X - Polyglot Software for Molecular Biophysics 

        Version 1.0.0-6991  April 2026 
        Git Revision  937dfd3f3a84d0dc91f73b0419518078a8c41842 
 
        Please cite the following reference when using Force Field X:

        RA Gogal, AJ Nessler, AC Thiel, HV Bernabe, RA Corrigan Grove,
        LM Cousineau, JM Litman, JM Miller, G Qi, MJ Speranza,
        MR Tollefson, TD Fenn, JJ Michaelson, O Okada, JP Piquemal,
        JW Ponder, J Shen, RJH Smith, W Yang, P Ren and MJ Schnieders,
        2024, Journal of Chemical Physics, 161 (1).

        Copyright (c)  Michael J. Schnieders  2001-2026
        All Rights Reserved

        Force Field X is distributed under the GPL v. 3 license
        with linking exception and is hosted by the Schnieders Lab
        at The University of Iowa.

        User Manual:   https://ffx.biochem.uiowa.edu/manual.html
        Publications:  https://ffx.biochem.uiowa.edu/publications.html
        License:       https://ffx.biochem.uiowa.edu/licenses.html

 _________________________________________________________________________

 Sun May 17 10:59:45 CDT 2026
 Process ID 495736 on argon-itf-bx51-07.hpc.

 Command line arguments:
 [Minimize, -e, 0.1, /Dedicated/schnieders/maemmad/pKa_GNN/ffx_pipeline/data/fixed_pdbs/2PPT/2PPT_pH8.55.pdb_2, --saveInduced, --savePermanentMoments]

 Executing internal command: ffx.algorithms.commands.Minimize

 Initializing 1 topologies...
 Parsing: Internal force field (amoeba-bio-2018-cphmd).
 Parsing: Structure properties from (/Dedicated/schnieders/maemmad/pKa_GNN/ffx_pipeline/data/fixed_pdbs/2PPT/2PPT_input.properties).
 Parsing: JVM system properties (i.e. command line -Dkey=value pairs).

 Attempting to read force field patch from /Dedicated/schnieders/maemmad/pKa_GNN/naphosphate_solute.09Feb21.prm.

 Renumbering Patch: FALSE
 Reading 2PPT_pH8.55.pdb_2

 Assigning atom types for 2 chains.
 Amino acid chain A
 Amino acid chain B
 Constructing Force Field AMOEBA-BIO-2018-CPHMD

 SMP threads:                                20
 The system will be treated as aperiodic (max separation =   86.4 A).

 Bonded Terms
  Bonds:                                   4651
  Angles:                                  8439
  Stretch-Bends:                           7347
  Out-of-Plane Bends:                      2718
  Torsions:                               12273
  Pi-Orbital Torsions:                      456
  Torsion-Torsions:                          34

 Non-Bonded Terms

  Van der Waals
   Cut-Off:                                NONE
   Long-Range Correction:                 FALSE

 Electrostatics
   Polarization:                         MUTUAL
    SCF Convergence Criteria:         1.000e-06
    SCF Predictor:                         NONE
    SCF Algorithm:                           CG
    CG Preconditioner Cut-Off:            4.500
    CG Preconditioner Ewald Coeff.:       0.000
    CG Preconditioner Scale:              2.000
    CG Preconditioner Mode:     FLETCHER_REEVES
    Electrostatics Cut-Off:                NONE

  Continuum Solvation
   Radii:                                SOLUTE
   Generalized Kirkwood Cut-Off:           NONE
   GKC:                                  2.4550
   Solvent Dielectric:                  78.3000
   Solute Dielectric:                    1.0000
   Descreen with vdW Radii:                TRUE
   Descreen with Hydrogen Atoms:          FALSE
   Descreen Offset:                      0.0000
   General HCT Scale Factor:             0.7200
   Non-Polar Model:                  GAUSS-DISP
    GaussVol Radii Offset:               0.0000
    GaussVol Radii Scale:                1.0000
   Dispersion Integral Offset:           1.0560 (A)
   Cavitation Solvent Pressure:          0.0334 (Kcal/mol/A^3)
   Cavitation Surface Tension:           0.1030 (Kcal/mol/A^2)
   Cavitation Cross-Over Radius:         9.2515 (A)

  Overall system charge:                 28.999

 Opened 2PPT_pH8.55.pdb_2 in 1.636 sec.

 System Resources
  Total CPU time:          20.59 (sec)
  System load average:      0.61
  Open file handles:         146 of  81920 allowed
  System memory:           93209 MB free out of  94320 MB
  System swap space:        2053 MB free out of   2053 MB
  JVM memory:               3962 MB free out of   4096 MB

 Minimizing energy of Single Topology  [2PPT_pH8.55.pdb_2] 
 Setting lambda to 0.000.
 Generalized Kirkwood  -9745.98302055      0.519
 Cavitation             2950.56765234      0.446
 Dispersion            -1894.03688988      0.657

 Computed Potential Energy
  Bond Stretching            539.12883595         4651        0.004 ( 0.01859)
  Angle Bending             1087.02133268         8439        0.008 ( 2.92115)
  Stretch-Bend                10.13935441         7347        0.005
  Out-of-Plane Bend           49.24871620         2718        0.001
  Torsional Angle            289.35691221        12273        0.011
  Pi-Orbital Torsion          92.46112587          456        0.000
  Torsion-Torsion           -160.05344379           34        0.001
  Van der Waals              844.01034991     10596831        0.625
  Atomic Multipoles        -1623.83415018     10596831
  Polarization             -1555.27296383     10596831        7.709
  Solvation                -8689.45225809     10614528
  Total Potential          -9117.24618867  (Kcal/mole)        8.364 (sec)

 Limited Memory BFGS Quasi-Newton Optimization: 

 Cycle       Energy      G RMS    Delta E   Delta X    Angle  Evals     Time

     0   -9117.2462     6.2847
     1   -9176.8695     5.1432    59.6233    0.0035     0.00      2    6.879
     2   -9228.0923     1.9887    51.2228    0.0012     4.59      3    7.021
     3   -9245.4811     1.4062    17.3888    0.0009     7.86      4    7.181
     4   -9268.4453     1.5460    22.9642    0.0018    25.79      5    7.110
     5   -9296.6235     1.5356    28.1782    0.0029    52.25      6    7.785
     6   -9308.3673     2.9534    11.7438    0.0035    60.37      7   18.441
     7   -9326.6154     1.7044    18.2481    0.0016    68.67      8    9.821
     8   -9343.5448     0.9524    16.9294    0.0028    66.48      9   10.003
     9   -9353.1711     1.1442     9.6263    0.0020    62.67     10   10.103
    10   -9367.4371     1.3208    14.2660    0.0031    67.09     11   10.003
    11   -9381.9100     1.2329    14.4729    0.0035    70.98     12   11.632
    12   -9394.8567     0.9412    12.9467    0.0035    71.98     13   12.053
    13   -9403.9667     1.2938     9.1100    0.0035    67.72     14   11.982
    14   -9414.1918     0.9285    10.2251    0.0022    68.00     15   12.311
    15   -9424.0254     0.9417     9.8336    0.0022    60.39     16   11.833
    16   -9431.4824     1.5990     7.4570    0.0035    67.69     17   11.949
    17   -9440.1932     0.8138     8.7108    0.0017    70.86     18   12.213
    18   -9447.8492     0.8015     7.6560    0.0022    65.50     19   12.329
    19   -9456.3472     0.9867     8.4980    0.0035    73.10     20   12.146
    20   -9463.7941     1.2597     7.4469    0.0035    76.88     21   12.362
    21   -9471.5994     1.0161     7.8053    0.0035    81.11     22   12.012
    22   -9479.3362     0.9961     7.7368    0.0035    78.69     23   11.847
    23   -9487.0860     0.6859     7.7498    0.0035    78.92     24   12.228
    24   -9494.3066     0.6253     7.2206    0.0035    75.09     25   11.961
    25   -9500.7384     0.7586     6.4318    0.0035    74.12     26   12.200
    26   -9507.4175     0.6901     6.6790    0.0035    77.24     27   12.085
    27   -9513.8627     0.8314     6.4452    0.0035    76.09     28   12.219
    28   -9520.4397     0.7244     6.5771    0.0035    78.77     29   11.932
    29   -9527.6405     0.7861     7.2007    0.0035    76.04     30   11.946
    30   -9533.8193     0.8366     6.1788    0.0035    77.65     31   11.758
    31   -9541.5753     0.7166     7.7560    0.0035    77.01     32   11.924
    32   -9548.5368     1.0201     6.9615    0.0035    74.71     33   12.072
    33   -9556.5161     0.7590     7.9793    0.0035    78.78     34   12.433
    34   -9563.9831     0.7455     7.4670    0.0035    75.48     35   11.993
    35   -9571.6400     0.7230     7.6568    0.0035    73.64     36   12.216
    36   -9578.5814     0.6033     6.9415    0.0035    75.37     37   11.728
    37   -9584.8224     0.8516     6.2410    0.0035    72.12     38   11.678
    38   -9591.9762     0.6896     7.1538    0.0035    76.27     39   12.289
    39   -9598.9702     0.8134     6.9940    0.0035    71.66     40   12.318
    40   -9607.1560     0.7586     8.1858    0.0035    70.80     41   12.081
    41   -9614.5727     0.8527     7.4167    0.0027    65.32     42   11.851
    42   -9622.0610     0.7201     7.4883    0.0028    66.37     43   12.234
    43   -9628.2280     0.8129     6.1670    0.0024    63.96     44   11.728
    44   -9634.5748     0.6860     6.3468    0.0030    74.45     45   12.006
    45   -9639.9920     0.6014     5.4172    0.0035    77.50     46   12.125
    46   -9644.5620     0.5849     4.5700    0.0035    78.74     47   12.260
    47   -9648.9045     0.5654     4.3425    0.0035    79.25     48   11.996
    48   -9653.1281     0.5116     4.2236    0.0035    79.42     49   11.977
    49   -9657.2046     0.5311     4.0765    0.0035    78.47     50   12.142
    50   -9661.1975     0.4655     3.9929    0.0035    79.29     51   12.365
    51   -9665.1061     0.4750     3.9086    0.0035    77.79     52   12.234
    52   -9668.9447     0.4407     3.8386    0.0035    78.45     53   12.567
    53   -9672.8135     0.4915     3.8688    0.0035    77.21     54   12.424
    54   -9676.7818     0.4743     3.9684    0.0035    78.37     55   12.526
    55   -9680.9232     0.5162     4.1413    0.0035    77.48     56   11.474
    56   -9685.2300     0.5353     4.3068    0.0035    77.95     57   11.880
    57   -9689.9637     0.5447     4.7337    0.0035    77.40     58   12.504
    58   -9694.5654     0.6108     4.6017    0.0035    77.14     59   12.135
    59   -9699.8369     0.5343     5.2715    0.0035    77.29     60   12.017
    60   -9704.5309     0.7437     4.6940    0.0035    74.58     61   12.308
    61   -9710.1004     0.5329     5.5696    0.0035    77.02     62   12.048
    62   -9713.8336     0.9694     3.7331    0.0031    67.79     63   12.018
    63   -9718.1393     0.4988     4.3057    0.0017    72.44     64   11.878
    64   -9721.1226     0.4293     2.9833    0.0018    70.82     65   12.026
    65   -9724.4165     0.7477     3.2939    0.0018    56.26     66   12.354
    66   -9728.4057     0.4350     3.9892    0.0022    73.84     67   12.257
    67   -9732.0413     0.4877     3.6356    0.0035    76.90     68   12.337
    68   -9735.0964     0.5406     3.0551    0.0035    79.89     69   11.651
    69   -9737.9281     0.4894     2.8317    0.0035    81.93     70   12.005
    70   -9740.7337     0.4968     2.8056    0.0035    80.85     71   12.101
    71   -9743.7838     0.4205     3.0501    0.0035    80.75     72   12.143
    72   -9746.9958     0.5116     3.2119    0.0035    77.75     73   12.258
    73   -9750.4940     0.4674     3.4983    0.0035    78.80     74   12.063
    74   -9753.8447     0.5478     3.3506    0.0035    76.98     75   11.502
    75   -9757.2314     0.6252     3.3867    0.0035    76.56     76   11.970
    76   -9760.4971     0.5165     3.2657    0.0017    71.40     77   11.492
    77   -9764.2416     0.4676     3.7445    0.0017    61.93     78   11.917
    78   -9766.8942     0.9346     2.6526    0.0028    69.44     79   12.097
    79   -9770.2156     0.4756     3.3214    0.0021    79.95     80   11.878
    80   -9773.1284     0.4364     2.9128    0.0035    80.30     81   12.085
    81   -9775.4579     0.4771     2.3295    0.0035    82.18     82   11.513
    82   -9777.6804     0.6309     2.2225    0.0035    81.93     83   11.658
    83   -9780.0012     0.5370     2.3208    0.0035    84.87     84   12.141
    84   -9782.5867     0.5965     2.5855    0.0035    82.86     85   12.402
    85   -9785.2805     0.4392     2.6939    0.0035    83.85     86   11.917
    86   -9788.0414     0.4256     2.7609    0.0035    81.22     87   12.016
    87   -9790.6110     0.3605     2.5696    0.0035    81.09     88   12.236
    88   -9793.1809     0.3322     2.5698    0.0035    79.52     89   12.454
    89   -9795.2419     0.4651     2.0610    0.0035    79.82     90   12.200
    90   -9797.7760     0.4075     2.5341    0.0035    81.48     91   12.159
    91   -9800.3152     0.5993     2.5392    0.0035    78.62     92   12.294
    92   -9803.7856     0.4401     3.4704    0.0035    80.07     93   12.285
    93   -9807.1368     0.6587     3.3512    0.0028    69.54     94   12.272
    94   -9810.2865     0.4925     3.1497    0.0023    73.74     95   12.007
    95   -9812.2491     0.3787     1.9627    0.0015    74.11     96   12.009
    96   -9814.4024     0.3746     2.1532    0.0014    60.43     97   11.876
    97   -9816.1918     0.5410     1.7895    0.0020    71.04     98   12.282
    98   -9818.1133     0.3857     1.9215    0.0030    83.31     99   11.887
    99   -9819.7576     0.3354     1.6443    0.0035    82.53    100   11.949
   100   -9821.1944     0.4073     1.4367    0.0035    82.08    101   12.236
   101   -9823.1291     0.3952     1.9348    0.0034    82.09    102   11.807
   102   -9825.6119     0.4261     2.4828    0.0035    79.24    103   12.037
   103   -9827.9900     0.5673     2.3781    0.0035    76.60    104   12.026
   104   -9829.7666     0.4150     1.7765    0.0012    71.79    105   12.107
   105   -9831.1739     0.3518     1.4073    0.0009    69.16    106   12.110
   106   -9833.0059     0.4778     1.8320    0.0017    69.79    107   11.955
   107   -9834.8636     0.4056     1.8577    0.0035    81.56    108   12.112
   108   -9836.1987     0.3457     1.3351    0.0028    83.44    109   12.070
   109   -9837.7407     0.3285     1.5420    0.0035    83.28    110   12.110
   110   -9839.3343     0.4321     1.5935    0.0035    82.37    111   11.982
   111   -9840.9954     0.3730     1.6611    0.0035    84.58    112   12.069
   112   -9842.6825     0.4611     1.6871    0.0035    83.08    113   11.858
   113   -9844.4493     0.3635     1.7668    0.0035    84.65    114   12.059
   114   -9846.2768     0.3835     1.8275    0.0035    82.55    115   11.696
   115   -9848.0587     0.3076     1.7819    0.0035    82.99    116   11.969
   116   -9849.7899     0.3429     1.7312    0.0035    81.06    117   12.006
   117   -9851.4288     0.3773     1.6389    0.0035    81.73    118   12.151
   118   -9853.5419     0.4465     2.1132    0.0031    78.47    119   11.995
   119   -9855.4206     0.5848     1.8786    0.0027    76.66    120   12.225
   120   -9857.4962     0.3570     2.0756    0.0019    78.37    121   12.416
   121   -9859.1081     0.3494     1.6119    0.0019    73.81    122   11.826
   122   -9860.4383     0.3769     1.3302    0.0013    66.98    123   12.178
   123   -9861.9132     0.2882     1.4749    0.0022    80.04    124   11.994
   124   -9863.3597     0.2818     1.4465    0.0035    81.61    125   12.298
   125   -9864.5132     0.3685     1.1535    0.0035    82.44    126   12.415
   126   -9865.7289     0.3151     1.2157    0.0035    84.32    127   11.694
   127   -9867.1795     0.3456     1.4506    0.0035    81.51    128   12.271
   128   -9868.6818     0.3917     1.5023    0.0027    78.12    129   12.322
   129   -9869.8601     0.3723     1.1783    0.0011    70.80    130   12.480
   130   -9870.9522     0.2934     1.0921    0.0009    70.69    131   12.363
   131   -9872.3909     0.3213     1.4387    0.0016    69.72    132   12.436
   132   -9873.7524     0.4372     1.3615    0.0035    80.74    133   12.149
   133   -9874.9254     0.3148     1.1730    0.0031    84.79    134   11.991
   134   -9876.0722     0.2932     1.1468    0.0035    83.61    135   12.135
   135   -9877.1964     0.4516     1.1242    0.0035    81.88    136   12.040
   136   -9878.5320     0.3270     1.3356    0.0021    82.35    137   11.920
   137   -9880.2791     0.3252     1.7471    0.0027    77.50    138   12.278
   138   -9881.3489     0.6252     1.0698    0.0029    78.26    139   12.073
   139   -9882.7045     0.3348     1.3556    0.0012    79.61    140   12.096
   140   -9884.1678     0.3208     1.4633    0.0020    76.89    141   11.913
   141   -9885.4293     0.3800     1.2615    0.0031    82.49    142   12.404
   142   -9886.2133     0.6222     0.7840    0.0035    83.92    143   12.390
   143   -9887.3885     0.3416     1.1752    0.0020    84.78    144   12.016
   144   -9888.6601     0.2794     1.2716    0.0027    81.81    145   12.090
   145   -9889.7968     0.3479     1.1367    0.0028    81.88    146   12.498
   146   -9891.0036     0.5029     1.2068    0.0035    83.47    147   11.905
   147   -9892.4902     0.3616     1.4866    0.0035    85.32    148   11.972
   148   -9894.1163     0.3719     1.6261    0.0035    82.58    149   12.261
   149   -9895.5735     0.4044     1.4573    0.0035    82.61    150   11.892
   150   -9897.2147     0.3735     1.6412    0.0029    81.90    151   12.157
   151   -9898.9290     0.5305     1.7143    0.0035    81.14    152   11.931
   152   -9900.7116     0.3512     1.7826    0.0035    83.58    153   11.659
   153   -9901.9941     0.3212     1.2824    0.0015    76.26    154   11.564
   154   -9903.3152     0.4796     1.3212    0.0029    78.63    155   12.336
   155   -9904.6126     0.3303     1.2974    0.0023    82.51    156   11.798
   156   -9905.8050     0.3204     1.1924    0.0027    82.29    157   11.790
   157   -9906.9762     0.3996     1.1712    0.0035    83.61    158   11.869
   158   -9908.1744     0.3101     1.1982    0.0035    85.12    159   11.890
   159   -9909.4823     0.2987     1.3079    0.0035    83.38    160   12.156
   160   -9910.8102     0.2996     1.3279    0.0035    83.01    161   12.359
   161   -9912.1901     0.3362     1.3800    0.0035    82.50    162   12.508
   162   -9913.4517     0.3701     1.2616    0.0035    83.08    163   11.839
   163   -9914.8487     0.3372     1.3970    0.0034    82.94    164   11.902
   164   -9916.3577     0.4064     1.5090    0.0025    78.77    165   11.738
   165   -9918.2556     0.4129     1.8979    0.0028    78.78    166   12.209
   166   -9920.0959     0.4250     1.8403    0.0024    77.51    167   12.208
   167   -9921.8318     0.4062     1.7359    0.0029    79.81    168   11.872
   168   -9923.2722     0.3716     1.4404    0.0028    81.91    169   11.746
   169   -9924.7001     0.3324     1.4280    0.0035    83.20    170   12.041
   170   -9926.0491     0.3574     1.3489    0.0035    82.81    171   12.030
   171   -9927.4190     0.3122     1.3699    0.0035    83.73    172   11.865
   172   -9928.9217     0.3411     1.5027    0.0035    82.03    173   11.968
   173   -9930.5070     0.3262     1.5853    0.0035    82.02    174   11.890
   174   -9931.9956     0.4199     1.4886    0.0035    80.71    175   12.085
   175   -9933.4229     0.3497     1.4274    0.0026    81.13    176   11.791
   176   -9934.7974     0.3207     1.3745    0.0017    75.68    177   11.934
   177   -9936.1864     0.4490     1.3889    0.0025    76.24    178   11.751
   178   -9937.5339     0.3540     1.3475    0.0021    81.00    179   12.087
   179   -9939.0645     0.3507     1.5306    0.0030    81.54    180   12.260
   180   -9940.4755     0.5004     1.4110    0.0035    81.92    181   11.978
   181   -9942.0070     0.3334     1.5315    0.0035    84.37    182   11.715
   182   -9943.3653     0.3067     1.3583    0.0022    79.32    183   10.968
   183   -9944.8525     0.4035     1.4872    0.0030    77.70    184    9.873
   184   -9945.7771     0.5181     0.9246    0.0022    79.35    185   10.361
   185   -9946.7212     0.3119     0.9441    0.0003    59.84    186   10.453
   186   -9947.9832     0.2872     1.2620    0.0016    73.62    187   10.600
   187   -9948.9707     0.3286     0.9874    0.0021    81.24    188   10.150
   188   -9950.0371     0.5268     1.0665    0.0028    81.17    189   10.093
   189   -9951.4474     0.2865     1.4102    0.0032    84.66    190   10.411
   190   -9952.4026     0.2610     0.9552    0.0018    78.89    191   10.593
   191   -9953.2822     0.3879     0.8796    0.0019    75.33    192   10.493
   192   -9954.1758     0.2745     0.8937    0.0007    70.83    193   10.846
   193   -9955.3472     0.2879     1.1714    0.0012    67.00    194   10.349
   194   -9956.1861     0.4679     0.8388    0.0015    74.64    195   10.401
   195   -9957.1822     0.2821     0.9961    0.0014    80.57    196   10.129
   196   -9958.1266     0.2429     0.9445    0.0014    76.12    197    9.826
   197   -9958.8893     0.3844     0.7626    0.0020    77.25    198    9.851
   198   -9959.5241     0.2993     0.6349    0.0014    80.29    199   10.130
   199   -9960.0190     0.2433     0.4948    0.0004    67.64    200    9.894
   200   -9960.7985     0.2275     0.7795    0.0009    70.93    201    9.703
   201   -9961.7270     0.4180     0.9285    0.0022    76.67    202    9.901
   202   -9962.6767     0.3178     0.9497    0.0022    83.42    203    9.997
   203   -9963.5922     0.3137     0.9155    0.0022    81.83    204   10.091
   204   -9964.6379     0.2901     1.0457    0.0027    80.91    205    9.636
   205   -9965.3263     0.2809     0.6884    0.0008    70.54    206   10.049
   206   -9966.1075     0.2505     0.7813    0.0007    66.58    207   10.122
   207   -9967.1207     0.2895     1.0132    0.0015    72.92    208    9.801
   208   -9967.9304     0.4573     0.8097    0.0025    78.92    209    9.923
   209   -9968.7511     0.2448     0.8207    0.0009    77.53    210   10.255
   210   -9969.3929     0.2216     0.6418    0.0010    75.28    211   10.439
   211   -9970.1468     0.2836     0.7539    0.0015    76.22    212    9.944
   212   -9970.8472     0.4015     0.7004    0.0022    79.96    213   10.239
   213   -9971.5534     0.2341     0.7062    0.0009    78.58    214   10.086
   214   -9972.1852     0.2218     0.6318    0.0009    71.43    215    9.702
   215   -9972.8344     0.2893     0.6492    0.0012    74.90    216    9.760
   216   -9973.6360     0.2732     0.8017    0.0018    79.52    217    9.652
   217   -9974.2959     0.2763     0.6598    0.0016    78.76    218    9.863
   218   -9974.8330     0.2218     0.5371    0.0009    74.99    219   10.237
   219   -9975.3411     0.2252     0.5081    0.0006    67.20    220   10.109
   220   -9976.0402     0.2796     0.6990    0.0011    73.22    221   10.143
   221   -9976.8629     0.2602     0.8228    0.0020    79.81    222    9.986
   222   -9977.3922     0.2875     0.5293    0.0012    77.63    223    9.917
   223   -9977.9237     0.1926     0.5315    0.0009    77.57    224   10.454
   224   -9978.4565     0.2078     0.5328    0.0010    72.90    225   10.288
   225   -9978.9483     0.2973     0.4918    0.0018    78.28    226   10.525
   226   -9979.4288     0.2018     0.4806    0.0009    80.26    227    9.773
   227   -9979.9808     0.2056     0.5520    0.0012    75.93    228   10.189
   228   -9980.5181     0.2999     0.5372    0.0014    77.99    229   10.106
   229   -9981.2458     0.2166     0.7278    0.0019    82.01    230   10.024
   230   -9981.8422     0.3179     0.5963    0.0019    78.14    231    9.694
   231   -9982.3503     0.2153     0.5082    0.0008    76.03    232    9.772
   232   -9982.7069     0.1968     0.3565    0.0003    56.93    233    9.804
   233   -9983.2589     0.2328     0.5520    0.0007    68.74    234   10.186
   234   -9984.0061     0.2117     0.7473    0.0017    78.48    235   10.417
   235   -9984.5689     0.3071     0.5628    0.0022    80.60    236   10.280
   236   -9985.0679     0.2343     0.4990    0.0015    82.12    237   10.289
   237   -9985.5559     0.1891     0.4880    0.0008    75.80    238    9.676
   238   -9986.1009     0.2621     0.5450    0.0013    72.80    239    9.681
   239   -9986.5393     0.2748     0.4384    0.0015    80.33    240    9.750
   240   -9986.9211     0.2121     0.3818    0.0005    76.55    241    9.947
   241   -9987.5155     0.1660     0.5944    0.0011    76.58    242    9.775
   242   -9988.1719     0.3463     0.6564    0.0021    75.83    243    9.807
   243   -9988.7560     0.2368     0.5841    0.0019    83.58    244    9.747
   244   -9989.2302     0.1890     0.4742    0.0009    78.42    245    9.603
   245   -9989.8278     0.2335     0.5976    0.0014    74.91    246    9.888
   246   -9990.2942     0.2812     0.4664    0.0015    78.02    247    9.624
   247   -9990.6825     0.2109     0.3883    0.0005    76.02    248    9.905
   248   -9991.3060     0.1835     0.6235    0.0011    75.64    249   10.005
   249   -9992.0990     0.2563     0.7930    0.0021    76.66    250    9.670
   250   -9992.4125     0.2801     0.3135    0.0012    81.16    252   20.090
   251   -9992.7841     0.1923     0.3715    0.0008    81.68    253   10.127
   252   -9993.3205     0.1712     0.5364    0.0012    76.46    254   10.434
   253   -9993.7668     0.3395     0.4464    0.0017    76.82    255   10.375
   254   -9994.2163     0.2310     0.4495    0.0010    81.41    256   10.289
   255   -9994.6498     0.1951     0.4335    0.0008    76.84    257   10.214
   256   -9995.2094     0.2305     0.5595    0.0014    76.22    258   10.143
   257   -9995.4360     0.4970     0.2266    0.0025    81.80    259   10.297
   258   -9995.8040     0.3131     0.3680    0.0001    31.45    260   10.449
   259   -9996.2801     0.1573     0.4761    0.0006    73.28    261    9.967
   260   -9996.5246     0.1960     0.2444    0.0009    80.49    262   10.490
   261   -9996.9321     0.2199     0.4075    0.0014    82.71    263    9.893
   262   -9997.4189     0.3826     0.4868    0.0022    82.95    264   10.119
   263   -9998.1009     0.2643     0.6820    0.0028    86.24    265    9.677
   264   -9998.6349     0.2721     0.5341    0.0025    84.29    266    9.864
   265   -9999.1830     0.2139     0.5481    0.0022    83.42    267    9.869
   266   -9999.6405     0.2079     0.4575    0.0005    65.45    268   10.044
   267  -10000.1601     0.2379     0.5196    0.0008    67.85    269    9.788
   268  -10000.6323     0.2452     0.4722    0.0014    79.36    270    9.786
   269  -10001.0342     0.1936     0.4019    0.0009    80.06    271   10.130
   270  -10001.5535     0.1786     0.5192    0.0018    80.27    272   10.047
   271  -10001.9256     0.2881     0.3722    0.0024    82.64    273    9.775
   272  -10002.3218     0.2116     0.3962    0.0011    83.52    274    9.840
   273  -10002.9138     0.1851     0.5920    0.0018    81.24    275   10.558
   274  -10003.4948     0.2952     0.5810    0.0025    81.02    276    9.791
   275  -10003.8905     0.3304     0.3957    0.0025    84.16    277    9.950
   276  -10004.3035     0.1839     0.4130    0.0002    49.02    278   10.161
   277  -10004.8215     0.1824     0.5180    0.0010    70.43    279    9.991
   278  -10005.1858     0.2101     0.3643    0.0012    81.60    280   10.037
   279  -10005.6682     0.2730     0.4824    0.0019    82.43    281   10.433
   280  -10006.3320     0.1909     0.6638    0.0031    85.30    282   10.297
   281  -10006.8543     0.2361     0.5223    0.0028    83.51    283    9.832
   282  -10007.3538     0.2445     0.4994    0.0031    84.37    284   10.332
   283  -10007.7959     0.1897     0.4421    0.0005    70.02    285   10.118
   284  -10008.3691     0.1949     0.5732    0.0008    66.33    286   10.273
   285  -10008.8444     0.3466     0.4753    0.0024    81.32    287   10.346
   286  -10009.3301     0.2129     0.4857    0.0011    82.68    288   10.345
   287  -10009.8078     0.1790     0.4778    0.0018    81.55    289    9.807
   288  -10010.1256     0.2125     0.3178    0.0015    83.09    290   10.316
   289  -10010.5700     0.2016     0.4444    0.0019    83.50    291    9.996
   290  -10011.1033     0.2251     0.5332    0.0024    82.50    292    9.869
   291  -10011.5683     0.2076     0.4651    0.0021    83.11    293   10.207
   292  -10011.9819     0.1901     0.4135    0.0011    78.79    294   10.597
   293  -10012.4530     0.2011     0.4712    0.0013    76.13    295   10.789
   294  -10012.8462     0.2114     0.3931    0.0013    79.79    296   10.201
   295  -10013.2268     0.1926     0.3806    0.0015    82.61    297   10.840
   296  -10013.6796     0.2197     0.4528    0.0019    81.53    298   12.245
   297  -10014.1355     0.2665     0.4558    0.0023    83.44    299   11.170
   298  -10014.6342     0.1971     0.4988    0.0016    83.38    300   10.166
   299  -10015.1448     0.2357     0.5106    0.0024    81.26    301    9.781
   300  -10015.4853     0.2752     0.3405    0.0018    83.00    302    9.472
   301  -10015.8291     0.2006     0.3438    0.0006    80.74    303    9.656
   302  -10016.3729     0.1366     0.5438    0.0015    80.22    304    9.798
   303  -10016.9384     0.3165     0.5655    0.0034    80.36    305    9.821
   304  -10017.3330     0.2683     0.3946    0.0021    85.20    306    9.846
   305  -10017.7154     0.2138     0.3825    0.0007    79.86    307   10.001
   306  -10018.3285     0.1631     0.6131    0.0016    80.50    308   10.378
   307  -10018.9526     0.3223     0.6241    0.0035    81.41    309   10.072
   308  -10019.3614     0.2286     0.4088    0.0024    85.77    310   10.211
   309  -10019.6497     0.1814     0.2883    0.0008    81.81    311   10.039
   310  -10020.1201     0.1531     0.4704    0.0013    79.72    312   10.212
   311  -10020.6980     0.2755     0.5779    0.0023    79.03    313   10.415
   312  -10021.1610     0.2788     0.4630    0.0031    84.86    314   10.381
   313  -10021.5165     0.1855     0.3555    0.0004    73.24    315   10.498
   314  -10022.0347     0.1718     0.5181    0.0010    73.89    316   10.185
   315  -10022.5444     0.2168     0.5097    0.0019    80.77    317    9.850
   316  -10022.6768     0.5242     0.1324    0.0031    83.62    318    9.832
   317  -10022.9148     0.4149     0.2380    0.0002    76.63    319    9.743
   318  -10023.3042     0.2414     0.3894    0.0005    80.29    320    9.635
   319  -10023.7340     0.1694     0.4298    0.0013    80.73    321   10.111
   320  -10023.9254     0.1994     0.1914    0.0009    83.65    322    9.942
   321  -10024.2691     0.2114     0.3436    0.0013    83.79    323   10.056
   322  -10024.7537     0.3058     0.4846    0.0020    83.39    324    9.936
   323  -10025.4745     0.2266     0.7208    0.0034    86.13    325   10.488
   324  -10025.9619     0.3132     0.4874    0.0035    85.47    326   10.207
   325  -10026.5282     0.1745     0.5663    0.0035    86.36    327   10.063
   326  -10026.9661     0.1691     0.4379    0.0008    73.37    328   10.279
   327  -10027.4998     0.2054     0.5337    0.0011    69.72    329   10.144
   328  -10027.9759     0.2473     0.4761    0.0012    75.64    330   10.252
   329  -10028.4088     0.2106     0.4329    0.0011    80.93    331    9.820
   330  -10028.9959     0.1670     0.5871    0.0024    82.79    332   10.132
   331  -10029.4247     0.3141     0.4288    0.0025    81.19    333   10.199
   332  -10029.8902     0.2065     0.4656    0.0018    85.12    334   10.140
   333  -10030.4686     0.2032     0.5784    0.0022    82.68    335   10.066
   334  -10031.1275     0.3062     0.6589    0.0034    83.53    336   10.451
   335  -10031.6304     0.3223     0.5029    0.0035    85.75    337    9.851
   336  -10032.0944     0.1977     0.4640    0.0008    80.08    338   10.159
   337  -10032.6542     0.2024     0.5597    0.0017    79.06    339    9.890
   338  -10033.1089     0.2529     0.4548    0.0021    83.97    340    9.747
   339  -10033.7267     0.2213     0.6177    0.0033    85.45    341    9.969
   340  -10034.2789     0.2922     0.5522    0.0035    84.58    342   10.174
   341  -10034.7819     0.2120     0.5031    0.0022    84.48    343   10.167
   342  -10035.1858     0.1922     0.4039    0.0010    79.43    344    9.943
   343  -10035.7435     0.2316     0.5577    0.0019    80.76    345    9.957
   344  -10036.3218     0.2728     0.5783    0.0035    84.84    346   10.192
   345  -10036.8231     0.2122     0.5013    0.0025    85.58    347   10.062
   346  -10037.3551     0.2189     0.5320    0.0028    83.85    348   10.194
   347  -10037.8157     0.2778     0.4606    0.0018    81.14    349   10.574
   348  -10038.2922     0.1970     0.4765    0.0010    80.14    350   10.291
   349  -10038.9174     0.1890     0.6252    0.0018    78.92    351    9.836
   350  -10039.3181     0.3714     0.4006    0.0028    82.28    352    9.819
   351  -10039.7899     0.2013     0.4718    0.0012    83.93    353   10.074
   352  -10040.2017     0.1688     0.4118    0.0015    81.50    354    9.862
   353  -10040.5566     0.2053     0.3549    0.0016    82.38    355   10.081
   354  -10040.9299     0.2994     0.3733    0.0023    83.72    356   10.460
   355  -10041.3814     0.1854     0.4515    0.0017    84.97    357   10.100
   356  -10041.8364     0.1774     0.4550    0.0018    81.61    358   10.128
   357  -10042.2706     0.2718     0.4342    0.0021    81.81    359    9.942
   358  -10042.7709     0.2231     0.5003    0.0024    84.87    360   10.141
   359  -10043.2209     0.2173     0.4501    0.0017    82.42    361    9.811
   360  -10043.6369     0.2044     0.4160    0.0014    79.82    362    9.848
   361  -10043.9781     0.1884     0.3413    0.0007    77.28    363   10.242
   362  -10044.4752     0.1740     0.4971    0.0015    79.62    364   10.116
   363  -10044.9621     0.3328     0.4869    0.0031    82.26    365   10.213
   364  -10045.3845     0.2172     0.4224    0.0020    85.22    366    9.792
   365  -10045.7223     0.1674     0.3377    0.0005    74.44    367   10.382
   366  -10046.1851     0.1768     0.4628    0.0012    76.29    368   10.438
   367  -10046.3520     0.4339     0.1669    0.0025    81.95    369   10.455
   368  -10046.6268     0.2811     0.2748    0.0001    51.25    370   10.011
   369  -10047.0014     0.1303     0.3747    0.0006    75.17    371    9.780
   370  -10047.2260     0.1653     0.2246    0.0008    78.39    372    9.636
   371  -10047.5781     0.1920     0.3521    0.0014    82.00    373    9.542
   372  -10048.0681     0.2778     0.4900    0.0020    82.36    374    9.696
   373  -10048.5930     0.2092     0.5250    0.0029    84.86    375   10.179
   374  -10048.9044     0.1615     0.3113    0.0009    79.87    376   10.007
   375  -10049.2142     0.1796     0.3098    0.0006    70.59    377   10.020
   376  -10049.5085     0.2246     0.2943    0.0007    75.95    378    9.727
   377  -10049.8521     0.2077     0.3436    0.0013    81.77    379    9.987
   378  -10050.1633     0.1745     0.3113    0.0012    81.61    380   10.014
   379  -10050.4532     0.1561     0.2898    0.0010    80.32    381    9.893
   380  -10050.7569     0.1970     0.3038    0.0013    79.28    382   10.297
   381  -10051.0596     0.1895     0.3027    0.0013    81.39    383   10.119
   382  -10051.3303     0.1483     0.2708    0.0008    79.75    384    9.795
   383  -10051.6208     0.1823     0.2904    0.0014    78.79    385    9.850
   384  -10051.8779     0.1969     0.2571    0.0010    79.71    386    9.812
   385  -10052.1759     0.1846     0.2980    0.0008    80.50    387    9.760
   386  -10052.5761     0.2149     0.4002    0.0014    80.18    388    9.994
   387  -10052.9194     0.2174     0.3433    0.0023    83.28    389   10.184
   388  -10053.1357     0.1490     0.2163    0.0004    73.94    390    9.921
   389  -10053.4443     0.1787     0.3086    0.0008    74.63    391   10.105
   390  -10053.7880     0.1973     0.3437    0.0014    81.68    392    9.768
   391  -10053.9337     0.4320     0.1457    0.0021    83.13    393   10.161
   392  -10054.1796     0.2962     0.2459    0.0003    80.73    394    9.718
   393  -10054.5356     0.1259     0.3561    0.0007    80.22    395    9.741
   394  -10054.7747     0.1566     0.2391    0.0009    77.87    396   10.025
   395  -10055.0032     0.1792     0.2285    0.0011    82.76    397   10.322
   396  -10055.3220     0.2621     0.3188    0.0015    82.85    398    9.845
   397  -10055.7448     0.1828     0.4228    0.0020    84.99    399    9.888
   398  -10056.0494     0.1723     0.3047    0.0014    82.28    400    9.647
   399  -10056.3167     0.1746     0.2673    0.0011    79.48    401    9.742
   400  -10056.5273     0.1589     0.2106    0.0003    65.68    402   10.325
   401  -10056.7967     0.1555     0.2694    0.0006    70.58    403    9.955
   402  -10057.0203     0.2073     0.2236    0.0010    78.01    404   10.237
   403  -10057.2320     0.1387     0.2118    0.0008    82.67    405    9.796
   404  -10057.4993     0.1299     0.2673    0.0015    81.61    406    9.677
   405  -10057.6751     0.1868     0.1758    0.0013    83.04    407    9.938
   406  -10057.9095     0.1251     0.2344    0.0015    84.79    408    9.792
   407  -10058.1303     0.1496     0.2208    0.0013    80.29    409    9.677
   408  -10058.3050     0.1592     0.1747    0.0009    79.57    410   10.058
   409  -10058.4569     0.1269     0.1520    0.0003    74.37    411   10.099
   410  -10058.6830     0.1094     0.2261    0.0007    75.44    412   10.129
   411  -10058.8932     0.2320     0.2102    0.0016    78.92    413    9.671
   412  -10059.0890     0.1557     0.1959    0.0016    85.69    414    9.407
   413  -10059.2156     0.1105     0.1265    0.0002    71.05    415   10.120
   414  -10059.4020     0.0960     0.1865    0.0006    75.09    416    9.885

 Optimization achieved convergence criteria:  0.09600
 Generalized Kirkwood  -9668.19004347      0.553
 Cavitation             3001.12167085      0.325
 Dispersion            -2089.05517364      0.657

 Computed Potential Energy
  Bond Stretching            405.90407746         4651        0.000 ( 0.01603)
  Angle Bending              911.30990825         8439        0.000 ( 2.68794)
  Stretch-Bend                 4.84169340         7347        0.000
  Out-of-Plane Bend           38.54088668         2718        0.000
  Torsional Angle            191.09393419        12273        0.001
  Pi-Orbital Torsion          41.07178300          456        0.001
  Torsion-Torsion           -170.45578976           34        0.000
  Van der Waals              680.16940366     10596831        0.027
  Atomic Multipoles        -1916.74113567     10596831
  Polarization             -1489.01322798     10596831        6.902
  Solvation                -8756.12354626     10614528
  Total Potential         -10059.40201302  (Kcal/mole)        6.931 (sec)
 Setting atom names to PDB standard.
 Saving 2PPT_pH8.55.pdb_3
 Wrote induced dipoles to: /Dedicated/schnieders/maemmad/pKa_GNN/ffx_pipeline/data/fixed_pdbs/2PPT/2PPT_pH8.55.uind
 Wrote permanent multipoles to: /Dedicated/schnieders/maemmad/pKa_GNN/ffx_pipeline/data/fixed_pdbs/2PPT/2PPT_pH8.55.uperm

 Script wall clock time: 4538.648 (sec)
=== Titration pH 8.55 done: Sun May 17 12:15:25 CDT 2026 ===
