=== Titration pH 3.94 started: Tue May  5 09:58:07 CDT 2026 ===
  Copy already exists, skipping.
WARNING: Using incubator modules: jdk.incubator.vector
  Restart file found: /Dedicated/schnieders/maemmad/pKa_GNN/ffx_pipeline/data/fixed_pdbs/3SSI/3SSI_pH3.94.restart — adding --eR
WARNING: Using incubator modules: jdk.incubator.vector
 _________________________________________________________________________

        FORCE FIELD X - Polyglot Software for Molecular Biophysics 

        Version 1.0.0-6947  April 2026 
        Git Revision  519408079905b3dd4b967041b75b836f63fb563f 
 
        Please cite the following reference when using Force Field X:

        RA Gogal, AJ Nessler, AC Thiel, HV Bernabe, RA Corrigan Grove,
        LM Cousineau, JM Litman, JM Miller, G Qi, MJ Speranza,
        MR Tollefson, TD Fenn, JJ Michaelson, O Okada, JP Piquemal,
        JW Ponder, J Shen, RJH Smith, W Yang, P Ren and MJ Schnieders,
        2024, Journal of Chemical Physics, 161 (1).

        Copyright (c)  Michael J. Schnieders  2001-2025
        All Rights Reserved

        Force Field X is distributed under the GPL v. 3 license
        with linking exception and is hosted by the Schnieders Lab
        at The University of Iowa.

        User Manual:   https://ffx.biochem.uiowa.edu/manual.html
        Publications:  https://ffx.biochem.uiowa.edu/publications.html
        License:       https://ffx.biochem.uiowa.edu/licenses.html

 _________________________________________________________________________

 Tue May 05 09:58:38 CDT 2026
 Process ID 155932 on argon-itf-bx50-13.hpc.

 Command line arguments:
 [ManyBody, --tR, --pH, 3.94, --oT, -T, --kPH, 3.0, --eR, /Dedicated/schnieders/maemmad/pKa_GNN/ffx_pipeline/data/fixed_pdbs/3SSI/3SSI_pH3.94.restart, /Dedicated/schnieders/maemmad/pKa_GNN/ffx_pipeline/data/fixed_pdbs/3SSI/3SSI_pH3.94.pdb]

 Executing internal command: ffx.algorithms.commands.ManyBody

 Parsing: Internal force field (amoeba-bio-2018-cphmd).
 Parsing: Structure properties from (/Dedicated/schnieders/maemmad/pKa_GNN/ffx_pipeline/data/fixed_pdbs/3SSI/titrate.properties).
 Parsing: JVM system properties (i.e. command line -Dkey=value pairs).

 Attempting to read force field patch from /Dedicated/schnieders/maemmad/pKa_GNN/naphosphate_solute.09Feb21.prm.

 Renumbering Patch: FALSE
 Reading 3SSI_pH3.94.pdb

 Assigning atom types for 1 chains.
 Amino acid chain A
 Constructing Force Field AMOEBA-BIO-2018-CPHMD

 SMP threads:                                80
 The system will be treated as aperiodic (max separation =   71.0 A).

 Bonded Terms
  Bonds:                                   1603
  Angles:                                  2898
  Stretch-Bends:                           2547
  Out-of-Plane Bends:                       945
  Torsions:                                4234
  Pi-Orbital Torsions:                      172
  Torsion-Torsions:                          11

 Non-Bonded Terms

  Van der Waals
   Cut-Off:                                NONE
   Long-Range Correction:                 FALSE

 Electrostatics
   Polarization:                         MUTUAL
    SCF Convergence Criteria:         1.000e-06
    SCF Predictor:                         NONE
    SCF Algorithm:                           CG
    CG Preconditioner Cut-Off:            4.500
    CG Preconditioner Ewald Coeff.:       0.000
    CG Preconditioner Scale:              2.000
    CG Preconditioner Mode:     FLETCHER_REEVES
    Electrostatics Cut-Off:                NONE

  Continuum Solvation
   Radii:                                SOLUTE
   Generalized Kirkwood Cut-Off:           NONE
   GKC:                                  2.4550
   Solvent Dielectric:                  78.3000
   Solute Dielectric:                    2.0000
   Descreen with vdW Radii:                TRUE
   Descreen with Hydrogen Atoms:          FALSE
   Descreen Offset:                      0.0000
   General HCT Scale Factor:             0.7200
   Non-Polar Model:                  GAUSS-DISP
    GaussVol Radii Offset:               0.0000
    GaussVol Radii Scale:                1.0000
   Dispersion Integral Offset:           1.0560 (A)
   Cavitation Solvent Pressure:          0.0334 (Kcal/mol/A^3)
   Cavitation Surface Tension:           0.1030 (Kcal/mol/A^2)
   Cavitation Cross-Over Radius:         9.2515 (A)

  Overall system charge:                 -3.000

 Opened 3SSI_pH3.94.pdb in 1.572 sec.

 System Resources
  Total CPU time:          29.30 (sec)
  System load average:     12.48
  Open file handles:         148 of  81920 allowed
  System memory:           21263 MB free out of  21740 MB
  System swap space:        2046 MB free out of   2053 MB
  JVM memory:               4004 MB free out of   4096 MB

 Adding titration hydrogen to : /Dedicated/schnieders/maemmad/pKa_GNN/ffx_pipeline/data/fixed_pdbs/3SSI/3SSI_pH3.94.pdb

 Reading 3SSI_pH3.94.pdb

 Assigning atom types for 1 chains.
 Amino acid chain A
 Renumbering PDB file due to built atoms (1597 vs 1586)
 Total number of atoms: 1597

 Constructing Force Field AMOEBA-BIO-2018-CPHMD

 SMP threads:                                80
 The system will be treated as aperiodic (max separation =   71.4 A).

 Bonded Terms
  Bonds:                                   1614
  Angles:                                  2909
  Stretch-Bends:                           2547
  Out-of-Plane Bends:                       945
  Torsions:                                4256
  Pi-Orbital Torsions:                      172
  Torsion-Torsions:                          11

 Non-Bonded Terms

  Van der Waals
   Cut-Off:                                NONE
   Long-Range Correction:                 FALSE

 Electrostatics
   Polarization:                         MUTUAL
    SCF Convergence Criteria:         1.000e-06
    SCF Predictor:                         NONE
    SCF Algorithm:                           CG
    CG Preconditioner Cut-Off:            4.500
    CG Preconditioner Ewald Coeff.:       0.000
    CG Preconditioner Scale:              2.000
    CG Preconditioner Mode:     FLETCHER_REEVES
    Electrostatics Cut-Off:                NONE

  Continuum Solvation
   Radii:                                SOLUTE
   Generalized Kirkwood Cut-Off:           NONE
   GKC:                                  2.4550
   Solvent Dielectric:                  78.3000
   Solute Dielectric:                    2.0000
   Descreen with vdW Radii:                TRUE
   Descreen with Hydrogen Atoms:          FALSE
   Descreen Offset:                      0.0000
   General HCT Scale Factor:             0.7200
   Non-Polar Model:                  GAUSS-DISP
    GaussVol Radii Offset:               0.0000
    GaussVol Radii Scale:                1.0000
   Dispersion Integral Offset:           1.0560 (A)
   Cavitation Solvent Pressure:          0.0334 (Kcal/mol/A^3)
   Cavitation Surface Tension:           0.1030 (Kcal/mol/A^2)
   Cavitation Cross-Over Radius:         9.2515 (A)

  Overall system charge:                  8.000
 Temperature: 298.150000

 Energy restart file: 3SSI_pH3.94.restart

 Initial Potential Energy:
 Generalized Kirkwood   -822.41297096      0.202
 Cavitation             1057.56739963      0.309
 Dispersion             -736.68229976      0.386

 Computed Potential Energy
  Bond Stretching            195.25501615         1614        0.001 ( 0.01766)
  Angle Bending              352.62045711         2909        0.034 ( 2.82195)
  Stretch-Bend                -1.54152246         2547        0.052
  Out-of-Plane Bend           19.78491893          945        0.011
  Torsional Angle            186.44109948         4256        0.003
  Pi-Orbital Torsion          31.16870016          172        0.035
  Torsion-Torsion            -41.70136621           11        0.009
  Van der Waals              362.33088869      1269883        0.498
  Atomic Multipoles        -1017.68264124      1269883
  Polarization               -94.27816598      1269883        2.522
  Solvation                 -501.52787109      1276003
  Total Potential           -509.13048645  (Kcal/mole)        3.191 (sec)

 Initial Rotamer Torsion Angles:

 Residue    Current Torsional Angles
 A    1-ASH   38.670  -20.937    0.000    0.000
 A   18-LYS  -59.088 -169.414 -173.754  -64.361
 A   28-GLH  -61.982  171.658   19.146    0.000
 A   35-CYS  -31.038    0.000    0.000    0.000
 A   43-HIS -166.586  -70.820    0.000    0.000
 A   50-CYS  -60.221    0.000    0.000    0.000
 A   52-ASH  -62.039  -11.755    0.000    0.000
 A   59-ASH  176.666    7.730    0.000    0.000
 A   67-GLH  -64.976  -65.010  -40.016    0.000
 A   68-ASH   61.516  150.149    0.000    0.000
 A   71-CYS  -61.739    0.000    0.000    0.000
 A   76-ASH -179.660   39.370    0.000    0.000
 A   83-ASH  -50.755  -72.213    0.000    0.000
 A   89-LYS -177.016  179.991 -179.962 -179.962
 A   94-GLH   67.193  176.176   57.756    0.000
 A  100-GLH  -68.184 -164.804   57.743    0.000
 A  101-CYS  -65.009    0.000    0.000    0.000
 A  102-GLH -176.995   64.988   10.004    0.000
 A  106-HIS  -70.705   66.226    0.000    0.000

 Rotamer Library:     Richardson
 Algorithm:           ALL
 Goldstein Criteria:  true
 Three-Body Energies: true


 Computing Residue Distance Matrix
 Built residue neighbor list:              0.013 sec
 Pairwise distance matrix:               193.497 sec

 Beginning Energy   -1132.16421433

     Residue  Nrot
   1   A1-ASH   27
   2  A18-LYS   56
   3  A28-GLH   42
   4  A35-CYS   11
   5  A43-HIS   27
   6  A50-CYS   11
   7  A52-ASH   27
   8  A59-ASH   27
   9  A67-GLH   42
  10  A68-ASH   27
  11  A71-CYS   11
  12  A76-ASH   27
  13  A83-ASH   27
  14  A89-LYS   56
  15  A94-GLH   42
  16 A100-GLH   42
  17 A101-CYS   11
  18 A102-GLH   42
  19 A106-HIS   27

 Backbone energy:     -428.67940874

 Loaded self energies from restart file.
  Rotamer ( A1-ASH, 7) self-energy      29.70767278 pruned by ( A1-ASH, 6)     -13.87974908.
  Rotamer ( A1-ASH, 8) self-energy      42.05555750 pruned by ( A1-ASH, 6)     -13.87974908.
  Rotamer ( A1-ASH,17) self-energy     100.74260460 pruned by ( A1-ASH, 6)     -13.87974908.
  Rotamer ( A1-ASH,18) self-energy     316.48536690 pruned by ( A1-ASH, 6)     -13.87974908.
  Rotamer ( A1-ASH,19) self-energy      32.26683595 pruned by ( A1-ASH, 6)     -13.87974908.
  Rotamer ( A1-ASH,21) self-energy      17.48694759 pruned by ( A1-ASH, 6)     -13.87974908.
  Rotamer ( A1-ASP,23) self-energy      16.16370004 pruned by ( A1-ASH, 6)     -13.87974908.
  Rotamer (A18-LYD, 1) self-energy     110.93022799 pruned by (A18-LYS, 0)     -23.82381851.
  Rotamer (A18-LYD, 2) self-energy     115.57829586 pruned by (A18-LYS, 0)     -23.82381851.
  Rotamer (A18-LYD, 3) self-energy     115.10426409 pruned by (A18-LYS, 0)     -23.82381851.
  Rotamer (A18-LYD, 4) self-energy     114.12777150 pruned by (A18-LYS, 0)     -23.82381851.
  Rotamer (A18-LYD, 5) self-energy     115.64967013 pruned by (A18-LYS, 0)     -23.82381851.
  Rotamer (A18-LYD, 6) self-energy     115.72416667 pruned by (A18-LYS, 0)     -23.82381851.
  Rotamer (A18-LYD, 7) self-energy     207.50572786 pruned by (A18-LYS, 0)     -23.82381851.
  Rotamer (A18-LYD, 8) self-energy     833.60505037 pruned by (A18-LYS, 0)     -23.82381851.
  Rotamer (A18-LYD, 9) self-energy     187.81827412 pruned by (A18-LYS, 0)     -23.82381851.
  Rotamer (A18-LYD,10) self-energy     114.79621124 pruned by (A18-LYS, 0)     -23.82381851.
  Rotamer (A18-LYD,11) self-energy     113.59923963 pruned by (A18-LYS, 0)     -23.82381851.
  Rotamer (A18-LYD,12) self-energy     111.18674860 pruned by (A18-LYS, 0)     -23.82381851.
  Rotamer (A18-LYD,13) self-energy     111.27366718 pruned by (A18-LYS, 0)     -23.82381851.
  Rotamer (A18-LYD,14) self-energy     113.51822965 pruned by (A18-LYS, 0)     -23.82381851.
  Rotamer (A18-LYD,15) self-energy     112.44505612 pruned by (A18-LYS, 0)     -23.82381851.
  Rotamer (A18-LYD,16) self-energy     113.46464428 pruned by (A18-LYS, 0)     -23.82381851.
  Rotamer (A18-LYD,17) self-energy     125.57232119 pruned by (A18-LYS, 0)     -23.82381851.
  Rotamer (A18-LYD,18) self-energy     157.86438508 pruned by (A18-LYS, 0)     -23.82381851.
  Rotamer (A18-LYD,19) self-energy     112.64416116 pruned by (A18-LYS, 0)     -23.82381851.
  Rotamer (A18-LYD,20) self-energy     112.90744192 pruned by (A18-LYS, 0)     -23.82381851.
  Rotamer (A18-LYD,21) self-energy     111.98870858 pruned by (A18-LYS, 0)     -23.82381851.
  Rotamer (A18-LYD,22) self-energy     112.97207357 pruned by (A18-LYS, 0)     -23.82381851.
  Rotamer (A18-LYD,23) self-energy     113.80522667 pruned by (A18-LYS, 0)     -23.82381851.
  Rotamer (A18-LYD,24) self-energy     115.36564014 pruned by (A18-LYS, 0)     -23.82381851.
  Rotamer (A18-LYD,25) self-energy     113.56503855 pruned by (A18-LYS, 0)     -23.82381851.
  Rotamer (A18-LYD,26) self-energy     112.75824105 pruned by (A18-LYS, 0)     -23.82381851.
  Rotamer (A18-LYD,27) self-energy     113.94306906 pruned by (A18-LYS, 0)     -23.82381851.
  Rotamer (A18-LYD,28) self-energy     156.00781679 pruned by (A18-LYS, 0)     -23.82381851.
  Rotamer (A18-LYS,34) self-energy      76.46561462 pruned by (A18-LYS, 0)     -23.82381851.
  Rotamer (A18-LYS,35) self-energy     892.67051527 pruned by (A18-LYS, 0)     -23.82381851.
  Rotamer (A18-LYS,36) self-energy      54.97238751 pruned by (A18-LYS, 0)     -23.82381851.
  Rotamer (A18-LYS,45) self-energy      27.95994640 pruned by (A18-LYS, 0)     -23.82381851.
  Rotamer (A18-LYS,55) self-energy      32.83454590 pruned by (A18-LYS, 0)     -23.82381851.
  Rotamer (A28-GLH, 2) self-energy      18.95472072 pruned by (A28-GLU, 0)      -7.86085190.
  Rotamer (A28-GLH, 3) self-energy     521.67156230 pruned by (A28-GLU, 0)      -7.86085190.
  Rotamer (A28-GLH, 6) self-energy      25.65806592 pruned by (A28-GLU, 0)      -7.86085190.
  Rotamer (A28-GLH, 7) self-energy     156.73494074 pruned by (A28-GLU, 0)      -7.86085190.
  Rotamer (A28-GLH,10) self-energy      21.26360526 pruned by (A28-GLU, 0)      -7.86085190.
  Rotamer (A28-GLH,11) self-energy     581.45610222 pruned by (A28-GLU, 0)      -7.86085190.
  Rotamer (A28-GLH,14) self-energy      60.89049129 pruned by (A28-GLU, 0)      -7.86085190.
  Rotamer (A28-GLH,15) self-energy    1090.44786390 pruned by (A28-GLU, 0)      -7.86085190.
  Rotamer (A28-GLH,18) self-energy      24.11988257 pruned by (A28-GLU, 0)      -7.86085190.
  Rotamer (A28-GLH,19) self-energy     439.34523955 pruned by (A28-GLU, 0)      -7.86085190.
  Rotamer (A28-GLH,22) self-energy      28.36879999 pruned by (A28-GLU, 0)      -7.86085190.
  Rotamer (A28-GLH,23) self-energy     160.07842306 pruned by (A28-GLU, 0)      -7.86085190.
  Rotamer (A28-GLH,26) self-energy      39.50031879 pruned by (A28-GLU, 0)      -7.86085190.
  Rotamer (A28-GLH,27) self-energy     568.03561435 pruned by (A28-GLU, 0)      -7.86085190.
  Rotamer (A28-GLH,28) self-energy      19.08607030 pruned by (A28-GLU, 0)      -7.86085190.
  Rotamer (A28-GLH,29) self-energy      17.45618077 pruned by (A28-GLU, 0)      -7.86085190.
  Rotamer (A28-GLH,30) self-energy      55.96034833 pruned by (A28-GLU, 0)      -7.86085190.
  Rotamer (A28-GLH,31) self-energy     219.38611746 pruned by (A28-GLU, 0)      -7.86085190.
  Rotamer (A28-GLU,34) self-energy      18.42106154 pruned by (A28-GLU, 0)      -7.86085190.
  Rotamer (A28-GLU,35) self-energy     587.79665485 pruned by (A28-GLU, 0)      -7.86085190.
  Rotamer (A28-GLU,38) self-energy      27.83438802 pruned by (A28-GLU, 0)      -7.86085190.
  Rotamer (A28-GLU,39) self-energy     200.36763603 pruned by (A28-GLU, 0)      -7.86085190.
  Rotamer (A35-CYD, 1) self-energy      62.41570528 pruned by (A35-CYS, 4)      -0.20601358.
  Rotamer (A35-CYS, 2) self-energy     203.69136346 pruned by (A35-CYS, 4)      -0.20601358.
  Rotamer (A35-CYS, 5) self-energy     203.69136346 pruned by (A35-CYS, 4)      -0.20601358.
  Rotamer (A35-CYD, 8) self-energy     312.44880157 pruned by (A35-CYS, 4)      -0.20601358.
  Rotamer (A35-CYD, 9) self-energy      75.88209360 pruned by (A35-CYS, 4)      -0.20601358.
  Rotamer (A35-CYD,10) self-energy      61.42606908 pruned by (A35-CYS, 4)      -0.20601358.
  Rotamer (A43-HID, 1) self-energy      11.94813401 pruned by (A43-HIS, 0)     -23.55132631.
  Rotamer (A43-HIS, 3) self-energy   12204.49012107 pruned by (A43-HIS, 0)     -23.55132631.
  Rotamer (A43-HIS, 4) self-energy   99126.24719824 pruned by (A43-HIS, 0)     -23.55132631.
  Rotamer (A43-HIS, 5) self-energy     125.01934189 pruned by (A43-HIS, 0)     -23.55132631.
  Rotamer (A43-HIS, 8) self-energy     530.86989046 pruned by (A43-HIS, 0)     -23.55132631.
  Rotamer (A43-HIS, 9) self-energy    1366.87118115 pruned by (A43-HIS, 0)     -23.55132631.
  Rotamer (A43-HIS,10) self-energy    3259.85727194 pruned by (A43-HIS, 0)     -23.55132631.
  Rotamer (A43-HID,11) self-energy    2091.07313165 pruned by (A43-HIS, 0)     -23.55132631.
  Rotamer (A43-HID,12) self-energy   70010.11103050 pruned by (A43-HIS, 0)     -23.55132631.
  Rotamer (A43-HID,13) self-energy     136.89342667 pruned by (A43-HIS, 0)     -23.55132631.
  Rotamer (A43-HID,14) self-energy      11.49353455 pruned by (A43-HIS, 0)     -23.55132631.
  Rotamer (A43-HID,15) self-energy      15.76726578 pruned by (A43-HIS, 0)     -23.55132631.
  Rotamer (A43-HID,16) self-energy     513.38661478 pruned by (A43-HIS, 0)     -23.55132631.
  Rotamer (A43-HID,17) self-energy    1288.24396598 pruned by (A43-HIS, 0)     -23.55132631.
  Rotamer (A43-HID,18) self-energy    3640.81602558 pruned by (A43-HIS, 0)     -23.55132631.
  Rotamer (A43-HIE,19) self-energy    9360.49599450 pruned by (A43-HIS, 0)     -23.55132631.
  Rotamer (A43-HIE,20) self-energy   62158.13049044 pruned by (A43-HIS, 0)     -23.55132631.
  Rotamer (A43-HIE,21) self-energy     109.72894353 pruned by (A43-HIS, 0)     -23.55132631.
  Rotamer (A43-HIE,23) self-energy      14.08084914 pruned by (A43-HIS, 0)     -23.55132631.
  Rotamer (A43-HIE,24) self-energy     530.92481111 pruned by (A43-HIS, 0)     -23.55132631.
  Rotamer (A43-HIE,25) self-energy    1394.13837821 pruned by (A43-HIS, 0)     -23.55132631.
  Rotamer (A43-HIE,26) self-energy     650.12291234 pruned by (A43-HIS, 0)     -23.55132631.
  Rotamer (A50-CYD, 1) self-energy      62.33399368 pruned by (A50-CYS, 0)       0.50134420.
  Rotamer (A50-CYS, 2) self-energy      48.97639681 pruned by (A50-CYS, 0)       0.50134420.
  Rotamer (A50-CYS, 5) self-energy      48.97639681 pruned by (A50-CYS, 0)       0.50134420.
  Rotamer (A50-CYD, 8) self-energy     128.09896704 pruned by (A50-CYS, 0)       0.50134420.
  Rotamer (A50-CYD, 9) self-energy      69.23181931 pruned by (A50-CYS, 0)       0.50134420.
  Rotamer (A50-CYD,10) self-energy      62.83004018 pruned by (A50-CYS, 0)       0.50134420.
  Rotamer (A52-ASH, 2) self-energy     355.13973565 pruned by (A52-ASP, 0)     -12.87316622.
  Rotamer (A52-ASH, 3) self-energy     266.95019693 pruned by (A52-ASP, 0)     -12.87316622.
  Rotamer (A52-ASH, 4) self-energy     107.09711438 pruned by (A52-ASP, 0)     -12.87316622.
  Rotamer (A52-ASH, 5) self-energy     179.37756093 pruned by (A52-ASP, 0)     -12.87316622.
  Rotamer (A52-ASH, 7) self-energy     617.68657671 pruned by (A52-ASP, 0)     -12.87316622.
  Rotamer (A52-ASH, 8) self-energy     230.56464326 pruned by (A52-ASP, 0)     -12.87316622.
  Rotamer (A52-ASH, 9) self-energy      24.10672937 pruned by (A52-ASP, 0)     -12.87316622.
  Rotamer (A52-ASH,10) self-energy      45.97167204 pruned by (A52-ASP, 0)     -12.87316622.
  Rotamer (A52-ASH,12) self-energy     344.51897899 pruned by (A52-ASP, 0)     -12.87316622.
  Rotamer (A52-ASH,13) self-energy     185.81036418 pruned by (A52-ASP, 0)     -12.87316622.
  Rotamer (A52-ASH,14) self-energy     150.71667463 pruned by (A52-ASP, 0)     -12.87316622.
  Rotamer (A52-ASH,15) self-energy      84.20813193 pruned by (A52-ASP, 0)     -12.87316622.
  Rotamer (A52-ASH,17) self-energy     969.97057365 pruned by (A52-ASP, 0)     -12.87316622.
  Rotamer (A52-ASH,18) self-energy     439.55600226 pruned by (A52-ASP, 0)     -12.87316622.
  Rotamer (A52-ASH,19) self-energy      49.21563680 pruned by (A52-ASP, 0)     -12.87316622.
  Rotamer (A52-ASH,20) self-energy      51.10614763 pruned by (A52-ASP, 0)     -12.87316622.
  Rotamer (A52-ASH,21) self-energy      12.25332500 pruned by (A52-ASP, 0)     -12.87316622.
  Rotamer (A52-ASP,22) self-energy     708.48667528 pruned by (A52-ASP, 0)     -12.87316622.
  Rotamer (A52-ASP,23) self-energy     232.42004326 pruned by (A52-ASP, 0)     -12.87316622.
  Rotamer (A52-ASP,24) self-energy      37.04601680 pruned by (A52-ASP, 0)     -12.87316622.
  Rotamer (A52-ASP,25) self-energy      59.44007885 pruned by (A52-ASP, 0)     -12.87316622.
  Rotamer (A59-ASH, 2) self-energy      24.99620304 pruned by (A59-ASP, 0)     -11.93485913.
  Rotamer (A59-ASH, 3) self-energy      42.73052297 pruned by (A59-ASP, 0)     -11.93485913.
  Rotamer (A59-ASH, 7) self-energy      93.89526834 pruned by (A59-ASP, 0)     -11.93485913.
  Rotamer (A59-ASH, 8) self-energy     153.14982890 pruned by (A59-ASP, 0)     -11.93485913.
  Rotamer (A59-ASH,12) self-energy      30.39759378 pruned by (A59-ASP, 0)     -11.93485913.
  Rotamer (A59-ASH,13) self-energy      47.63657858 pruned by (A59-ASP, 0)     -11.93485913.
  Rotamer (A59-ASH,15) self-energy      15.58176811 pruned by (A59-ASP, 0)     -11.93485913.
  Rotamer (A59-ASH,17) self-energy     209.79628542 pruned by (A59-ASP, 0)     -11.93485913.
  Rotamer (A59-ASH,18) self-energy     680.75978113 pruned by (A59-ASP, 0)     -11.93485913.
  Rotamer (A59-ASH,19) self-energy      21.40637797 pruned by (A59-ASP, 0)     -11.93485913.
  Rotamer (A59-ASH,21) self-energy      19.36413409 pruned by (A59-ASP, 0)     -11.93485913.
  Rotamer (A59-ASP,22) self-energy      35.01510342 pruned by (A59-ASP, 0)     -11.93485913.
  Rotamer (A59-ASP,23) self-energy      53.18988721 pruned by (A59-ASP, 0)     -11.93485913.
  Rotamer (A67-GLH,11) self-energy      56.32603372 pruned by (A67-GLU,41)      -6.82601326.
  Rotamer (A67-GLH,26) self-energy      18.38473834 pruned by (A67-GLU,41)      -6.82601326.
  Rotamer (A67-GLH,27) self-energy     100.22750661 pruned by (A67-GLU,41)      -6.82601326.
  Rotamer (A67-GLH,28) self-energy      21.51959682 pruned by (A67-GLU,41)      -6.82601326.
  Rotamer (A67-GLH,29) self-energy      19.56040258 pruned by (A67-GLU,41)      -6.82601326.
  Rotamer (A67-GLH,30) self-energy      38.26293985 pruned by (A67-GLU,41)      -6.82601326.
  Rotamer (A67-GLH,31) self-energy      38.40333949 pruned by (A67-GLU,41)      -6.82601326.
  Rotamer (A68-ASH, 7) self-energy      38.26377219 pruned by (A68-ASP, 0)     -12.45154621.
  Rotamer (A68-ASH, 8) self-energy      21.96062343 pruned by (A68-ASP, 0)     -12.45154621.
  Rotamer (A68-ASH,17) self-energy     145.64769301 pruned by (A68-ASP, 0)     -12.45154621.
  Rotamer (A68-ASH,18) self-energy     109.33760631 pruned by (A68-ASP, 0)     -12.45154621.
  Rotamer (A68-ASH,19) self-energy      46.73377198 pruned by (A68-ASP, 0)     -12.45154621.
  Rotamer (A68-ASH,21) self-energy      17.38913203 pruned by (A68-ASP, 0)     -12.45154621.
  Rotamer (A71-CYD, 1) self-energy      58.35446400 pruned by (A71-CYS, 0)      -2.42939440.
  Rotamer (A71-CYD, 8) self-energy      67.25230414 pruned by (A71-CYS, 0)      -2.42939440.
  Rotamer (A71-CYD, 9) self-energy      74.03026202 pruned by (A71-CYS, 0)      -2.42939440.
  Rotamer (A71-CYD,10) self-energy      59.22714252 pruned by (A71-CYS, 0)      -2.42939440.
  Rotamer (A76-ASH, 2) self-energy      16.84536073 pruned by (A76-ASP, 0)     -13.96799084.
  Rotamer (A76-ASH, 3) self-energy      31.47384816 pruned by (A76-ASP, 0)     -13.96799084.
  Rotamer (A76-ASH, 7) self-energy      77.50068331 pruned by (A76-ASP, 0)     -13.96799084.
  Rotamer (A76-ASH, 8) self-energy      84.63892460 pruned by (A76-ASP, 0)     -13.96799084.
  Rotamer (A76-ASH,12) self-energy      21.57037020 pruned by (A76-ASP, 0)     -13.96799084.
  Rotamer (A76-ASH,13) self-energy      38.81897466 pruned by (A76-ASP, 0)     -13.96799084.
  Rotamer (A76-ASH,17) self-energy     171.75683117 pruned by (A76-ASP, 0)     -13.96799084.
  Rotamer (A76-ASH,18) self-energy     597.58623652 pruned by (A76-ASP, 0)     -13.96799084.
  Rotamer (A76-ASH,19) self-energy      15.51108584 pruned by (A76-ASP, 0)     -13.96799084.
  Rotamer (A76-ASH,21) self-energy      35.90199066 pruned by (A76-ASP, 0)     -13.96799084.
  Rotamer (A76-ASP,22) self-energy      20.86814575 pruned by (A76-ASP, 0)     -13.96799084.
  Rotamer (A76-ASP,23) self-energy      31.51530188 pruned by (A76-ASP, 0)     -13.96799084.
  Rotamer (A83-ASH, 7) self-energy      20.94631918 pruned by (A83-ASP,25)     -16.76362936.
  Rotamer (A83-ASH,17) self-energy      86.91227038 pruned by (A83-ASP,25)     -16.76362936.
  Rotamer (A83-ASH,18) self-energy      72.64680130 pruned by (A83-ASP,25)     -16.76362936.
  Rotamer (A83-ASH,19) self-energy      37.07428265 pruned by (A83-ASP,25)     -16.76362936.
  Rotamer (A83-ASH,21) self-energy      39.26125172 pruned by (A83-ASP,25)     -16.76362936.
  Rotamer (A89-LYD, 1) self-energy     112.67608383 pruned by (A89-LYS,40)     -22.22188625.
  Rotamer (A89-LYD, 2) self-energy     205.52639532 pruned by (A89-LYS,40)     -22.22188625.
  Rotamer (A89-LYD, 3) self-energy     304.74148192 pruned by (A89-LYS,40)     -22.22188625.
  Rotamer (A89-LYD, 4) self-energy     296.99942199 pruned by (A89-LYS,40)     -22.22188625.
  Rotamer (A89-LYD, 5) self-energy   15596.45920516 pruned by (A89-LYS,40)     -22.22188625.
  Rotamer (A89-LYD, 6) self-energy     206.02650212 pruned by (A89-LYS,40)     -22.22188625.
  Rotamer (A89-LYD, 7) self-energy     115.60506963 pruned by (A89-LYS,40)     -22.22188625.
  Rotamer (A89-LYD, 8) self-energy     114.59395245 pruned by (A89-LYS,40)     -22.22188625.
  Rotamer (A89-LYD, 9) self-energy     116.48956746 pruned by (A89-LYS,40)     -22.22188625.
  Rotamer (A89-LYD,10) self-energy     115.34041324 pruned by (A89-LYS,40)     -22.22188625.
  Rotamer (A89-LYD,11) self-energy     114.38151354 pruned by (A89-LYS,40)     -22.22188625.
  Rotamer (A89-LYD,12) self-energy     113.61132708 pruned by (A89-LYS,40)     -22.22188625.
  Rotamer (A89-LYD,13) self-energy     112.66569345 pruned by (A89-LYS,40)     -22.22188625.
  Rotamer (A89-LYD,14) self-energy     114.14706379 pruned by (A89-LYS,40)     -22.22188625.
  Rotamer (A89-LYD,15) self-energy     114.28651058 pruned by (A89-LYS,40)     -22.22188625.
  Rotamer (A89-LYD,16) self-energy     116.63370973 pruned by (A89-LYS,40)     -22.22188625.
  Rotamer (A89-LYD,17) self-energy     129.20189244 pruned by (A89-LYS,40)     -22.22188625.
  Rotamer (A89-LYD,18) self-energy     159.92200409 pruned by (A89-LYS,40)     -22.22188625.
  Rotamer (A89-LYD,19) self-energy     115.02089612 pruned by (A89-LYS,40)     -22.22188625.
  Rotamer (A89-LYD,20) self-energy     114.47471777 pruned by (A89-LYS,40)     -22.22188625.
  Rotamer (A89-LYD,21) self-energy     113.49593147 pruned by (A89-LYS,40)     -22.22188625.
  Rotamer (A89-LYD,22) self-energy     115.35580247 pruned by (A89-LYS,40)     -22.22188625.
  Rotamer (A89-LYD,23) self-energy     115.09693381 pruned by (A89-LYS,40)     -22.22188625.
  Rotamer (A89-LYD,24) self-energy     117.49643276 pruned by (A89-LYS,40)     -22.22188625.
  Rotamer (A89-LYD,25) self-energy     115.97656111 pruned by (A89-LYS,40)     -22.22188625.
  Rotamer (A89-LYD,26) self-energy     115.01532438 pruned by (A89-LYS,40)     -22.22188625.
  Rotamer (A89-LYD,27) self-energy     116.60039733 pruned by (A89-LYS,40)     -22.22188625.
  Rotamer (A89-LYD,28) self-energy     116.70176085 pruned by (A89-LYS,40)     -22.22188625.
  Rotamer (A89-LYS,29) self-energy      71.08613307 pruned by (A89-LYS,40)     -22.22188625.
  Rotamer (A89-LYS,31) self-energy     163.39992703 pruned by (A89-LYS,40)     -22.22188625.
  Rotamer (A89-LYS,32) self-energy   15415.25898057 pruned by (A89-LYS,40)     -22.22188625.
  Rotamer (A89-LYS,33) self-energy      71.44267966 pruned by (A89-LYS,40)     -22.22188625.
  Rotamer (A89-LYS,45) self-energy      29.94013408 pruned by (A89-LYS,40)     -22.22188625.
  Rotamer (A94-GLH, 4) self-energy     938.39762286 pruned by (A94-GLU, 0)      -8.97392053.
  Rotamer (A94-GLH, 5) self-energy    9979.20363659 pruned by (A94-GLU, 0)      -8.97392053.
  Rotamer (A94-GLH, 6) self-energy    1967.61851104 pruned by (A94-GLU, 0)      -8.97392053.
  Rotamer (A94-GLH, 7) self-energy      53.87980013 pruned by (A94-GLU, 0)      -8.97392053.
  Rotamer (A94-GLH, 8) self-energy      85.50158846 pruned by (A94-GLU, 0)      -8.97392053.
  Rotamer (A94-GLH, 9) self-energy    2691.11817146 pruned by (A94-GLU, 0)      -8.97392053.
  Rotamer (A94-GLH,11) self-energy      18.04648608 pruned by (A94-GLU, 0)      -8.97392053.
  Rotamer (A94-GLH,12) self-energy    1002.29757532 pruned by (A94-GLU, 0)      -8.97392053.
  Rotamer (A94-GLH,13) self-energy     481.96177831 pruned by (A94-GLU, 0)      -8.97392053.
  Rotamer (A94-GLH,14) self-energy     437.62824154 pruned by (A94-GLU, 0)      -8.97392053.
  Rotamer (A94-GLH,15) self-energy      55.86983419 pruned by (A94-GLU, 0)      -8.97392053.
  Rotamer (A94-GLH,16) self-energy     105.75751719 pruned by (A94-GLU, 0)      -8.97392053.
  Rotamer (A94-GLH,17) self-energy    2930.87929420 pruned by (A94-GLU, 0)      -8.97392053.
  Rotamer (A94-GLH,20) self-energy     865.98968244 pruned by (A94-GLU, 0)      -8.97392053.
  Rotamer (A94-GLH,21) self-energy    1081.96800876 pruned by (A94-GLU, 0)      -8.97392053.
  Rotamer (A94-GLH,22) self-energy    2229.26458364 pruned by (A94-GLU, 0)      -8.97392053.
  Rotamer (A94-GLH,23) self-energy      60.43788921 pruned by (A94-GLU, 0)      -8.97392053.
  Rotamer (A94-GLH,24) self-energy     103.15970529 pruned by (A94-GLU, 0)      -8.97392053.
  Rotamer (A94-GLH,25) self-energy    1558.80923998 pruned by (A94-GLU, 0)      -8.97392053.
  Rotamer (A94-GLH,27) self-energy      55.05839107 pruned by (A94-GLU, 0)      -8.97392053.
  Rotamer (A94-GLH,28) self-energy     746.98134310 pruned by (A94-GLU, 0)      -8.97392053.
  Rotamer (A94-GLH,29) self-energy     497.65877736 pruned by (A94-GLU, 0)      -8.97392053.
  Rotamer (A94-GLH,30) self-energy     466.90253085 pruned by (A94-GLU, 0)      -8.97392053.
  Rotamer (A94-GLH,31) self-energy      86.34441152 pruned by (A94-GLU, 0)      -8.97392053.
  Rotamer (A94-GLH,32) self-energy     120.88744940 pruned by (A94-GLU, 0)      -8.97392053.
  Rotamer (A94-GLH,33) self-energy    2578.05772204 pruned by (A94-GLU, 0)      -8.97392053.
  Rotamer (A94-GLU,36) self-energy     938.05262223 pruned by (A94-GLU, 0)      -8.97392053.
  Rotamer (A94-GLU,37) self-energy     588.21417093 pruned by (A94-GLU, 0)      -8.97392053.
  Rotamer (A94-GLU,38) self-energy     653.49280672 pruned by (A94-GLU, 0)      -8.97392053.
  Rotamer (A94-GLU,39) self-energy      50.54166368 pruned by (A94-GLU, 0)      -8.97392053.
  Rotamer (A94-GLU,40) self-energy     115.31581420 pruned by (A94-GLU, 0)      -8.97392053.
  Rotamer (A94-GLU,41) self-energy    2135.35925042 pruned by (A94-GLU, 0)      -8.97392053.
  Rotamer (A100-GLH, 4) self-energy     897.62647060 pruned by (A100-GLU, 0)      -7.55096520.
  Rotamer (A100-GLH, 6) self-energy      74.89534481 pruned by (A100-GLU, 0)      -7.55096520.
  Rotamer (A100-GLH, 9) self-energy     757.35306314 pruned by (A100-GLU, 0)      -7.55096520.

 Number of self energies: 112
 Backbone energy:     -428.67940874

 Self A100-GLH 10:       0.24531925 in 3.0660 (sec).
 Self A100-GLH 11:      42.25089414 in 2.5693 (sec).
 Self A100-GLH 12:     578.39965970 in 2.8789 (sec).
 Self A100-GLH 13:       6.86420772 in 3.1018 (sec).
 Self A100-GLH 14:      53.33342284 in 2.9612 (sec).
 Self A100-GLH 15:       4.13048482 in 2.7704 (sec).
 Self A100-GLH 16:      -0.49563917 in 2.7265 (sec).
 Self A100-GLH 17:     561.98014636 in 2.3234 (sec).
 Self A100-GLH 18:      -0.11036535 in 2.1037 (sec).
 Self A100-GLH 19:       9.65122057 in 2.1165 (sec).
 Self A100-GLH 20:     459.88795018 in 2.0948 (sec).
 Self A100-GLH 21:       6.57443138 in 2.2650 (sec).
 Self A100-GLH 22:      81.70103164 in 2.4710 (sec).
 Self A100-GLH 23:       9.24213306 in 2.0278 (sec).
 Self A100-GLH 24:       1.09705353 in 2.1346 (sec).
 Self A100-GLH 25:     782.19705213 in 2.2396 (sec).
 Self A100-GLH 26:      18.17805894 in 1.9611 (sec).
 Self A100-GLH 27:      79.07022346 in 2.1890 (sec).
 Self A100-GLH 28:     581.92059667 in 2.2102 (sec).
 Self A100-GLH 29:      24.05291657 in 2.0909 (sec).
 Self A100-GLH 30:      83.03985749 in 2.3073 (sec).
 Self A100-GLH 31:      36.78335746 in 2.0007 (sec).
 Self A100-GLH 32:      15.99583052 in 2.1463 (sec).
 Self A100-GLH 33:     306.85418407 in 2.0083 (sec).
 Self A100-GLU 34:      -4.08114668 in 1.9394 (sec).
 Self A100-GLU 35:       4.01302392 in 2.1995 (sec).
 Self A100-GLU 36:     563.46483717 in 2.2663 (sec).
 Self A100-GLU 37:       0.49113467 in 2.2869 (sec).
 Self A100-GLU 38:      61.26751479 in 2.0851 (sec).
 Self A100-GLU 39:      -3.05742744 in 2.2027 (sec).
 Self A100-GLU 40:      -7.57303081 in 2.0604 (sec).
 Self A100-GLU 41:     352.93178452 in 2.0968 (sec).
 Self A101-CYS 0 :      -0.57003387 in 2.0956 (sec).
 Self A101-CYD 1 :      61.53430121 in 2.4551 (sec).
 Self A101-CYS 2 :      52.18932405 in 2.0898 (sec).
 Self A101-CYS 3 :      -1.08564196 in 1.9949 (sec).
 Self A101-CYS 4 :      -0.56849918 in 1.6349 (sec).
 Self A101-CYS 5 :      52.18932405 in 1.7933 (sec).
 Self A101-CYS 6 :      -1.08564196 in 1.6883 (sec).
 Self A101-CYS 7 :      -0.56849918 in 1.8883 (sec).
 Self A101-CYD 8 :     131.97205366 in 1.8938 (sec).
 Self A101-CYD 9 :      66.85393543 in 1.6988 (sec).
 Self A101-CYD 10:      61.47791166 in 1.7314 (sec).
 Self A102-GLU 0 :      -6.86860940 in 1.7724 (sec).
 Self A102-GLH 1 :       4.18540764 in 1.4941 (sec).
 Self A102-GLH 2 :    2017.40480437 in 1.6002 (sec).
 Self A102-GLH 3 :    3876.88398111 in 2.0921 (sec).
 Self A102-GLH 4 :       0.36660160 in 1.6296 (sec).
 Self A102-GLH 5 :     191.70050966 in 1.7141 (sec).
 Self A102-GLH 6 :     232.35061785 in 1.6636 (sec).
 Self A102-GLH 7 :    1560.94336301 in 1.6312 (sec).
 Self A102-GLH 8 :    1664.68174156 in 1.6904 (sec).
 Self A102-GLH 9 :       1.23160074 in 1.6749 (sec).
 Self A102-GLH 10:    2230.59884187 in 1.8385 (sec).
 Self A102-GLH 11:    4097.29691109 in 1.8992 (sec).
 Self A102-GLH 12:       5.81350103 in 1.7642 (sec).
 Self A102-GLH 13:     191.97851779 in 2.0999 (sec).
 Self A102-GLH 14:     210.25420654 in 2.0311 (sec).
 Self A102-GLH 15:    1827.96577479 in 1.8574 (sec).
 Self A102-GLH 16:    1234.88532392 in 1.6199 (sec).
 Self A102-GLH 17:       8.04096163 in 1.4290 (sec).
 Self A102-GLH 18:    1869.14111056 in 1.6963 (sec).
 Self A102-GLH 19:    2484.51881149 in 2.0585 (sec).
 Self A102-GLH 20:       1.76472940 in 2.0122 (sec).
 Self A102-GLH 21:     195.47078241 in 1.9128 (sec).
 Self A102-GLH 22:     200.22760839 in 1.6913 (sec).
 Self A102-GLH 23:    1477.63280404 in 1.5209 (sec).
 Self A102-GLH 24:    1658.48160858 in 1.7732 (sec).
