 Evaluating /Dedicated/schnieders/programs/stack-2021.1.sh
  Loading Modules
   Stack 2021.1
   GCC 9.3.0
   CMake 3.20.0
   Eigen 3.3.9
   Cuda 11.1.1
   Cuda: /usr/share/apps/2021.1/arch/gcc-9.3.0/cuda-11.1.1
   CudaNN 8.0.5.39-11.1
   Swig 4.0.2_gcc-9.3.0
  Loading software from /Dedicated/schnieders/programs/local
   Ant: /Dedicated/schnieders/programs/apache-ant-1.10.11
   FFX: /Dedicated/schnieders/programs/ffx-builds/forcefieldx-2026-01-04
   GDMA: /Dedicated/schnieders/programs/gdma-2.3
   Groovy: /Dedicated/schnieders/programs/groovy-4.0.1
   Java: /Dedicated/schnieders/programs/jdk-25.0.1
   Maven: /Dedicated/schnieders/programs/apache-maven-3.9.5
   VMD: /Dedicated/schnieders/programs/vmd
   NAMD: /Dedicated/schnieders/programs/NAMD_3.0alpha7_Linux-x86_64-multicore-CUDA
   OpenEye: /Dedicated/schnieders/programs/OpenEye
   Tinker: /Dedicated/schnieders/programs/tinker-tools
=== Titration pH 8.55 started: Sun May 10 01:57:23 CDT 2026 ===
  Copy already exists, skipping.
  ManyBody output already exists, skipping.
WARNING: Using incubator modules: jdk.incubator.vector
 _________________________________________________________________________

        FORCE FIELD X - Polyglot Software for Molecular Biophysics 

        Version 1.0.0-6991  April 2026 
        Git Revision  937dfd3f3a84d0dc91f73b0419518078a8c41842 
 
        Please cite the following reference when using Force Field X:

        RA Gogal, AJ Nessler, AC Thiel, HV Bernabe, RA Corrigan Grove,
        LM Cousineau, JM Litman, JM Miller, G Qi, MJ Speranza,
        MR Tollefson, TD Fenn, JJ Michaelson, O Okada, JP Piquemal,
        JW Ponder, J Shen, RJH Smith, W Yang, P Ren and MJ Schnieders,
        2024, Journal of Chemical Physics, 161 (1).

        Copyright (c)  Michael J. Schnieders  2001-2026
        All Rights Reserved

        Force Field X is distributed under the GPL v. 3 license
        with linking exception and is hosted by the Schnieders Lab
        at The University of Iowa.

        User Manual:   https://ffx.biochem.uiowa.edu/manual.html
        Publications:  https://ffx.biochem.uiowa.edu/publications.html
        License:       https://ffx.biochem.uiowa.edu/licenses.html

 _________________________________________________________________________

 Sun May 10 01:57:25 CDT 2026
 Process ID 384967 on argon-itf-bx51-06.hpc.

 Command line arguments:
 [Minimize, -e, 0.1, /Dedicated/schnieders/maemmad/pKa_GNN/ffx_pipeline/data/fixed_pdbs/2L6X/2L6X_pH8.55.pdb_2, --saveInduced, --savePermanentMoments]

 Executing internal command: ffx.algorithms.commands.Minimize

 Initializing 1 topologies...
 Parsing: Internal force field (amoeba-bio-2018-cphmd).
 Parsing: Structure properties from (/Dedicated/schnieders/maemmad/pKa_GNN/ffx_pipeline/data/fixed_pdbs/2L6X/2L6X_input.properties).
 Parsing: JVM system properties (i.e. command line -Dkey=value pairs).

 Attempting to read force field patch from /Dedicated/schnieders/maemmad/pKa_GNN/naphosphate_solute.09Feb21.prm.

 Renumbering Patch: FALSE
 Reading 2L6X_pH8.55.pdb_2

 Assigning atom types for 1 chains.
 Amino acid chain A
 Constructing Force Field AMOEBA-BIO-2018-CPHMD

 SMP threads:                                20
 The system will be treated as aperiodic (max separation =   77.4 A).

 Bonded Terms
  Bonds:                                   3801
  Angles:                                  6840
  Stretch-Bends:                           6039
  Out-of-Plane Bends:                      2466
  Torsions:                                9999
  Pi-Orbital Torsions:                      541
  Torsion-Torsions:                          26

 Non-Bonded Terms

  Van der Waals
   Cut-Off:                                NONE
   Long-Range Correction:                 FALSE

 Electrostatics
   Polarization:                         MUTUAL
    SCF Convergence Criteria:         1.000e-06
    SCF Predictor:                         NONE
    SCF Algorithm:                           CG
    CG Preconditioner Cut-Off:            4.500
    CG Preconditioner Ewald Coeff.:       0.000
    CG Preconditioner Scale:              2.000
    CG Preconditioner Mode:     FLETCHER_REEVES
    Electrostatics Cut-Off:                NONE

  Continuum Solvation
   Radii:                                SOLUTE
   Generalized Kirkwood Cut-Off:           NONE
   GKC:                                  2.4550
   Solvent Dielectric:                  78.3000
   Solute Dielectric:                    1.0000
   Descreen with vdW Radii:                TRUE
   Descreen with Hydrogen Atoms:          FALSE
   Descreen Offset:                      0.0000
   General HCT Scale Factor:             0.7200
   Non-Polar Model:                  GAUSS-DISP
    GaussVol Radii Offset:               0.0000
    GaussVol Radii Scale:                1.0000
   Dispersion Integral Offset:           1.0560 (A)
   Cavitation Solvent Pressure:          0.0334 (Kcal/mol/A^3)
   Cavitation Surface Tension:           0.1030 (Kcal/mol/A^2)
   Cavitation Cross-Over Radius:         9.2515 (A)

  Overall system charge:                 -7.001

 Opened 2L6X_pH8.55.pdb_2 in 1.458 sec.

 System Resources
  Total CPU time:          20.18 (sec)
  System load average:      0.66
  Open file handles:         146 of  81920 allowed
  System memory:           93462 MB free out of  94320 MB
  System swap space:        2053 MB free out of   2053 MB
  JVM memory:               3988 MB free out of   4096 MB

 Minimizing energy of Single Topology  [2L6X_pH8.55.pdb_2] 
 Setting lambda to 0.000.
 Generalized Kirkwood  -3532.71300061      0.368
 Cavitation             2464.16854659      0.330
 Dispersion            -1714.16881358      0.459

 Computed Potential Energy
  Bond Stretching            437.46625746         3801        0.003 ( 0.01913)
  Angle Bending             1060.11108692         6840        0.008 ( 3.18486)
  Stretch-Bend                16.53507578         6039        0.005
  Out-of-Plane Bend           36.77075010         2466        0.002
  Torsional Angle            161.50107576         9999        0.008
  Pi-Orbital Torsion          55.05418284          541        0.000
  Torsion-Torsion            -95.33888866           26        0.000
  Van der Waals              901.25281438      6985029        0.688
  Atomic Multipoles        -4990.54505066      6985029
  Polarization              -837.63983026      6985029        6.308
  Solvation                -2782.71326759      6999411
  Total Potential          -6037.54579393  (Kcal/mole)        7.023 (sec)

 Limited Memory BFGS Quasi-Newton Optimization: 

 Cycle       Energy      G RMS    Delta E   Delta X    Angle  Evals     Time

     0   -6037.5458     2.4922
     1   -6059.7242     2.0621    22.1784    0.0016     0.00      3    9.176
     2   -6074.2189     1.4716    14.4947    0.0010    39.57      4    4.627
     3   -6095.0182     1.1941    20.7993    0.0022    37.50      5    4.854
     4   -6110.5081     2.2925    15.4900    0.0038    45.47      6    7.897
     5   -6124.0568     1.2410    13.5487    0.0020    63.87      7    8.280
     6   -6133.0675     1.1423     9.0106    0.0013    51.08      8    7.436
     7   -6146.9121     1.2164    13.8446    0.0026    57.89      9    7.333
     8   -6160.5757     1.8062    13.6636    0.0039    66.04     10    7.563
     9   -6173.8637     1.2540    13.2880    0.0039    76.40     11    7.828
    10   -6185.8072     1.0843    11.9435    0.0039    72.83     12    7.451
    11   -6196.7098     1.1820    10.9026    0.0039    70.05     13    7.539
    12   -6208.1792     1.0983    11.4694    0.0039    71.38     14    7.607
    13   -6218.3085     1.2850    10.1293    0.0039    70.75     15    7.473
    14   -6229.5228     1.0433    11.2144    0.0039    72.62     16    7.433
    15   -6239.5690     1.1662    10.0461    0.0039    69.65     17    7.530
    16   -6249.4312     0.9980     9.8622    0.0039    71.62     18    7.583
    17   -6258.2630     0.9705     8.8319    0.0032    69.69     19    7.636
    18   -6267.0456     0.9427     8.7825    0.0039    72.12     20    7.625
    19   -6274.6629     0.8565     7.6173    0.0039    75.34     21    7.526
    20   -6281.5771     0.9025     6.9143    0.0039    76.15     22    7.726
    21   -6288.8211     0.8282     7.2439    0.0039    76.80     23    7.232
    22   -6296.2063     0.8471     7.3852    0.0039    75.84     24    7.312
    23   -6303.3432     0.8144     7.1369    0.0039    76.57     25    7.320
    24   -6310.6279     0.7455     7.2848    0.0039    76.30     26    7.514
    25   -6317.5492     0.8913     6.9213    0.0039    75.11     27    7.625
    26   -6324.5419     0.7886     6.9927    0.0039    78.28     28    7.859
    27   -6331.2467     0.9297     6.7048    0.0039    76.58     29    7.474
    28   -6338.2192     0.8167     6.9725    0.0039    78.92     30    7.360
    29   -6345.0392     0.9235     6.8201    0.0039    77.08     31    7.350
    30   -6352.1429     0.8213     7.1037    0.0039    78.77     32    7.744
    31   -6359.1075     0.9461     6.9646    0.0039    76.94     33    7.459
    32   -6366.1967     0.8538     7.0893    0.0039    79.22     34    7.394
    33   -6373.3472     1.0360     7.1505    0.0039    77.07     35    7.557
    34   -6380.3181     0.9456     6.9709    0.0039    80.41     36    7.548
    35   -6387.6349     1.1770     7.3168    0.0039    77.49     37    7.534
    36   -6394.4459     1.0798     6.8110    0.0039    81.78     38    7.614
    37   -6401.8766     1.2515     7.4308    0.0039    78.79     39    7.606
    38   -6408.5742     1.1455     6.6976    0.0039    82.45     40    7.420
    39   -6416.3718     1.1166     7.7975    0.0039    79.66     41    7.629
    40   -6423.2252     0.9920     6.8534    0.0039    81.38     42    7.595
    41   -6430.6274     0.9897     7.4022    0.0039    78.94     43    7.464
    42   -6437.4546     0.8714     6.8272    0.0039    80.30     44    7.473
    43   -6444.4697     0.9302     7.0151    0.0039    77.84     45    7.257
    44   -6450.9288     0.8348     6.4591    0.0039    80.18     46    7.464
    45   -6457.6376     0.9653     6.7088    0.0039    77.22     47    7.346
    46   -6463.4526     0.8848     5.8150    0.0039    81.44     48    7.398
    47   -6469.9293     1.0911     6.4767    0.0039    77.43     49    7.693
    48   -6475.2563     1.0163     5.3270    0.0039    83.07     50    7.492
    49   -6481.4041     1.2314     6.1478    0.0039    79.37     51    7.345
    50   -6486.6688     1.1248     5.2647    0.0039    83.95     52    7.658
    51   -6493.2970     1.0456     6.6283    0.0039    81.07     53    7.664
    52   -6499.3384     0.8591     6.0414    0.0039    81.78     54    7.470
    53   -6505.0369     0.8515     5.6984    0.0039    80.36     55    7.456
    54   -6511.5937     0.6466     6.5568    0.0039    78.47     56    7.324
    55   -6517.0853     0.5595     5.4917    0.0039    77.68     57    7.611
    56   -6522.2142     0.8702     5.1289    0.0039    74.33     58    7.363
    57   -6527.1228     0.7494     4.9086    0.0039    81.61     59    7.425
    58   -6531.4740     0.7603     4.3512    0.0039    80.91     60    7.978
    59   -6536.2333     0.5983     4.7592    0.0039    80.52     61    7.073
    60   -6540.6815     0.5481     4.4482    0.0039    78.78     62    7.074
    61   -6545.1289     0.6875     4.4474    0.0039    76.55     63    6.785
    62   -6549.6901     0.5881     4.5612    0.0039    79.94     64    7.346
    63   -6554.0894     0.8456     4.3993    0.0039    77.04     65    7.492
    64   -6559.2622     0.7005     5.1728    0.0039    80.43     66    7.147
    65   -6563.9972     0.6369     4.7350    0.0039    78.73     67    6.960
    66   -6569.7600     0.5906     5.7628    0.0039    74.37     68    7.186
    67   -6575.1759     0.6253     5.4160    0.0039    72.65     69    6.502
    68   -6579.8365     0.7840     4.6606    0.0039    71.90     70    6.475
    69   -6583.9978     0.5983     4.1613    0.0027    74.43     71    6.649
    70   -6587.8279     0.6112     3.8302    0.0035    74.23     72    5.636
    71   -6590.6019     0.6413     2.7740    0.0029    74.12     73    6.517
    72   -6593.2818     0.4052     2.6798    0.0009    58.34     74    6.325
    73   -6597.4692     0.4941     4.1875    0.0029    65.90     75    6.027
    74   -6601.3025     0.6830     3.8333    0.0039    77.40     76    6.594
