 Evaluating /Dedicated/schnieders/programs/stack-2021.1.sh
  Loading Modules
   Stack 2021.1
   GCC 9.3.0
   CMake 3.20.0
   Eigen 3.3.9
   Cuda 11.1.1
   Cuda: /usr/share/apps/2021.1/arch/gcc-9.3.0/cuda-11.1.1
   CudaNN 8.0.5.39-11.1
   Swig 4.0.2_gcc-9.3.0
  Loading software from /Dedicated/schnieders/programs/local
   Ant: /Dedicated/schnieders/programs/apache-ant-1.10.11
   FFX: /Dedicated/schnieders/programs/ffx-builds/forcefieldx-2026-01-04
   GDMA: /Dedicated/schnieders/programs/gdma-2.3
   Groovy: /Dedicated/schnieders/programs/groovy-4.0.1
   Java: /Dedicated/schnieders/programs/jdk-25.0.1
   Maven: /Dedicated/schnieders/programs/apache-maven-3.9.5
   VMD: /Dedicated/schnieders/programs/vmd
   NAMD: /Dedicated/schnieders/programs/NAMD_3.0alpha7_Linux-x86_64-multicore-CUDA
   OpenEye: /Dedicated/schnieders/programs/OpenEye
   Tinker: /Dedicated/schnieders/programs/tinker-tools
=== Titration pH 4.4 started: Mon Apr 27 16:06:05 CDT 2026 ===
  Copy already exists, skipping.
  ManyBody output already exists, skipping.
WARNING: Using incubator modules: jdk.incubator.vector
 _________________________________________________________________________

        FORCE FIELD X - Polyglot Software for Molecular Biophysics 

        Version 1.0.0-6991  April 2026 
        Git Revision  937dfd3f3a84d0dc91f73b0419518078a8c41842 
 
        Please cite the following reference when using Force Field X:

        RA Gogal, AJ Nessler, AC Thiel, HV Bernabe, RA Corrigan Grove,
        LM Cousineau, JM Litman, JM Miller, G Qi, MJ Speranza,
        MR Tollefson, TD Fenn, JJ Michaelson, O Okada, JP Piquemal,
        JW Ponder, J Shen, RJH Smith, W Yang, P Ren and MJ Schnieders,
        2024, Journal of Chemical Physics, 161 (1).

        Copyright (c)  Michael J. Schnieders  2001-2026
        All Rights Reserved

        Force Field X is distributed under the GPL v. 3 license
        with linking exception and is hosted by the Schnieders Lab
        at The University of Iowa.

        User Manual:   https://ffx.biochem.uiowa.edu/manual.html
        Publications:  https://ffx.biochem.uiowa.edu/publications.html
        License:       https://ffx.biochem.uiowa.edu/licenses.html

 _________________________________________________________________________

 Mon Apr 27 16:06:06 CDT 2026
 Process ID 287414 on argon-itf-bx50-09.hpc.

 Command line arguments:
 [Minimize, -e, 0.1, /Dedicated/schnieders/maemmad/pKa_GNN/ffx_pipeline/data/fixed_pdbs/135L/135L_pH4.4.pdb_2, --saveInduced, --savePermanentMoments]

 Executing internal command: ffx.algorithms.commands.Minimize

 Initializing 1 topologies...
 Parsing: Internal force field (amoeba-bio-2018-cphmd).
 Parsing: Structure properties from (/Dedicated/schnieders/maemmad/pKa_GNN/ffx_pipeline/data/fixed_pdbs/135L/135L_input.properties).
 Parsing: JVM system properties (i.e. command line -Dkey=value pairs).

 Attempting to read force field patch from /Dedicated/schnieders/maemmad/pKa_GNN/naphosphate_solute.09Feb21.prm.

 Renumbering Patch: FALSE
 Reading 135L_pH4.4.pdb_2

 Assigning atom types for 1 chains.
 Amino acid chain A
 Constructing Force Field AMOEBA-BIO-2018-CPHMD

 SMP threads:                                80
 The system will be treated as aperiodic (max separation =   53.1 A).

 Bonded Terms
  Bonds:                                   1981
  Angles:                                  3538
  Stretch-Bends:                           3146
  Out-of-Plane Bends:                      1305
  Torsions:                                5171
  Pi-Orbital Torsions:                      249
  Torsion-Torsions:                          13

 Non-Bonded Terms

  Van der Waals
   Cut-Off:                                NONE
   Long-Range Correction:                 FALSE

 Electrostatics
   Polarization:                         MUTUAL
    SCF Convergence Criteria:         1.000e-06
    SCF Predictor:                         NONE
    SCF Algorithm:                           CG
    CG Preconditioner Cut-Off:            4.500
    CG Preconditioner Ewald Coeff.:       0.000
    CG Preconditioner Scale:              2.000
    CG Preconditioner Mode:     FLETCHER_REEVES
    Electrostatics Cut-Off:                NONE

  Continuum Solvation
   Radii:                                SOLUTE
   Generalized Kirkwood Cut-Off:           NONE
   GKC:                                  2.4550
   Solvent Dielectric:                  78.3000
   Solute Dielectric:                    1.0000
   Descreen with vdW Radii:                TRUE
   Descreen with Hydrogen Atoms:          FALSE
   Descreen Offset:                      0.0000
   General HCT Scale Factor:             0.7200
   Non-Polar Model:                  GAUSS-DISP
    GaussVol Radii Offset:               0.0000
    GaussVol Radii Scale:                1.0000
   Dispersion Integral Offset:           1.0560 (A)
   Cavitation Solvent Pressure:          0.0334 (Kcal/mol/A^3)
   Cavitation Surface Tension:           0.1030 (Kcal/mol/A^2)
   Cavitation Cross-Over Radius:         9.2515 (A)

  Overall system charge:                 11.000

 Opened 135L_pH4.4.pdb_2 in 3.339 sec.

 System Resources
  Total CPU time:          50.95 (sec)
  System load average:     46.10
  Open file handles:         146 of  81920 allowed
  System memory:           67215 MB free out of  95213 MB
  System swap space:        1225 MB free out of   2053 MB
  JVM memory:               3989 MB free out of   4096 MB

 Minimizing energy of Single Topology  [135L_pH4.4.pdb_2] 
 Setting lambda to 0.000.
 Generalized Kirkwood  -2708.38839656      0.667
 Cavitation             1249.95947734      0.624
 Dispersion             -785.02477339      0.661

 Computed Potential Energy
  Bond Stretching            150.31741729         1981        0.026 ( 0.01489)
  Angle Bending              511.55919998         3538        0.018 ( 3.08684)
  Stretch-Bend                 2.29126743         3146        0.009
  Out-of-Plane Bend           16.62748725         1305        0.009
  Torsional Angle            -39.92854502         5171        0.009
  Pi-Orbital Torsion          19.83315398          249        0.008
  Torsion-Torsion            -71.41533451           13        0.010
  Van der Waals              403.77342958      1914301        0.840
  Atomic Multipoles        -2704.03526247      1914301
  Polarization              -513.72656295      1914301       12.895
  Solvation                -2243.45369261      1921780
  Total Potential          -4468.15744205  (Kcal/mole)       13.846 (sec)

 Limited Memory BFGS Quasi-Newton Optimization: 

 Cycle       Energy      G RMS    Delta E   Delta X    Angle  Evals     Time

     0   -4468.1574     2.2535
     1   -4481.0325     2.1741    12.8751    0.0019     0.00      3   19.503
     2   -4490.7364     1.6018     9.7039    0.0013    43.95      4    4.149
     3   -4504.5249     1.3832    13.7885    0.0029    43.80      5    4.615
     4   -4514.2785     2.5721     9.7536    0.0049    51.40      6    4.559
     5   -4522.7724     1.3079     8.4939    0.0022    61.95      7    4.845
     6   -4527.0668     1.1143     4.2944    0.0009    41.77      8    4.097
     7   -4533.5324     1.1094     6.4656    0.0022    54.11      9    4.535
     8   -4541.1207     1.6259     7.5883    0.0045    63.73     10    4.220
     9   -4546.1051     1.6357     4.9844    0.0049    74.07     11    4.170
    10   -4550.5409     0.8766     4.4358    0.0010    51.46     12    4.516
    11   -4554.7204     0.8916     4.1795    0.0019    51.17     13    4.171
    12   -4558.7634     0.9887     4.0430    0.0027    67.74     14    4.088
    13   -4562.0245     1.8101     3.2611    0.0044    71.48     15    4.136
    14   -4566.3878     0.8413     4.3632    0.0027    76.67     16    4.501
    15   -4569.0329     0.7183     2.6451    0.0018    65.18     17    4.260
    16   -4572.0751     0.9097     3.0423    0.0025    67.14     18    4.738
    17   -4575.2162     1.4342     3.1410    0.0041    73.90     19    4.169
    18   -4578.7905     0.8081     3.5743    0.0032    78.33     20    4.077
    19   -4581.3191     0.6704     2.5286    0.0020    69.27     21    4.438
    20   -4584.4493     0.9563     3.1303    0.0031    67.18     22    4.406
    21   -4588.0148     1.2045     3.5655    0.0044    76.25     23    4.003
    22   -4592.0609     0.9731     4.0461    0.0043    79.23     24    4.494
    23   -4595.8517     1.1173     3.7907    0.0054    76.56     25    4.284
    24   -4598.7901     0.8598     2.9384    0.0029    74.98     26    4.373
    25   -4600.9071     0.7654     2.1170    0.0015    70.03     27    4.072
    26   -4603.8900     0.9013     2.9828    0.0033    73.34     28    4.333
    27   -4607.2237     0.7976     3.3337    0.0054    78.75     29    3.693
    28   -4609.6817     0.8552     2.4580    0.0046    79.74     30    4.047
    29   -4612.7126     0.7355     3.0309    0.0046    79.79     31    4.619
    30   -4615.9232     1.1024     3.2106    0.0054    76.17     32    4.272
    31   -4619.1499     0.8046     3.2267    0.0047    78.39     33    4.044
    32   -4621.3675     0.6664     2.2176    0.0014    63.90     34    4.064
    33   -4624.4336     0.7024     3.0661    0.0033    70.21     35    4.089
    34   -4627.1200     1.2826     2.6864    0.0054    74.63     36    4.194
    35   -4629.8649     0.7443     2.7449    0.0030    79.81     37    4.194
    36   -4632.4001     0.6231     2.5352    0.0035    76.00     38    4.071
    37   -4634.5002     0.8366     2.1002    0.0038    76.75     39    4.457
    38   -4636.9178     0.8260     2.4176    0.0049    80.05     40    4.387
    39   -4639.3321     0.6578     2.4143    0.0031    77.80     41    4.278
    40   -4642.2950     0.7455     2.9629    0.0048    74.93     42    4.102
    41   -4644.5707     0.9340     2.2757    0.0045    77.31     43    4.408
    42   -4646.6898     0.6886     2.1190    0.0027    78.82     44    4.121
    43   -4649.3161     0.6441     2.6264    0.0046    76.94     45    4.311
    44   -4651.1448     0.9064     1.8287    0.0038    77.50     46    4.690
    45   -4653.5360     0.6937     2.3912    0.0040    81.52     47    3.974
    46   -4656.3797     0.6643     2.8437    0.0054    78.96     48    4.069
    47   -4658.2606     0.8247     1.8809    0.0054    79.79     49    4.451
