 Evaluating /Dedicated/schnieders/programs/stack-2021.1.sh
  Loading Modules
   Stack 2021.1
   GCC 9.3.0
   CMake 3.20.0
   Eigen 3.3.9
   Cuda 11.1.1
   Cuda: /usr/share/apps/2021.1/arch/gcc-9.3.0/cuda-11.1.1
   CudaNN 8.0.5.39-11.1
   Swig 4.0.2_gcc-9.3.0
  Loading software from /Dedicated/schnieders/programs/local
   Ant: /Dedicated/schnieders/programs/apache-ant-1.10.11
   FFX: /Dedicated/schnieders/programs/ffx-builds/forcefieldx-2026-01-04
   GDMA: /Dedicated/schnieders/programs/gdma-2.3
   Groovy: /Dedicated/schnieders/programs/groovy-4.0.1
   Java: /Dedicated/schnieders/programs/jdk-25.0.1
   Maven: /Dedicated/schnieders/programs/apache-maven-3.9.5
   VMD: /Dedicated/schnieders/programs/vmd
   NAMD: /Dedicated/schnieders/programs/NAMD_3.0alpha7_Linux-x86_64-multicore-CUDA
   OpenEye: /Dedicated/schnieders/programs/OpenEye
   Tinker: /Dedicated/schnieders/programs/tinker-tools
=== Titration pH 4.4 started: Thu May  7 23:51:07 CDT 2026 ===
  Copy already exists, skipping.
  ManyBody output already exists, skipping.
WARNING: Using incubator modules: jdk.incubator.vector
 _________________________________________________________________________

        FORCE FIELD X - Polyglot Software for Molecular Biophysics 

        Version 1.0.0-6991  April 2026 
        Git Revision  937dfd3f3a84d0dc91f73b0419518078a8c41842 
 
        Please cite the following reference when using Force Field X:

        RA Gogal, AJ Nessler, AC Thiel, HV Bernabe, RA Corrigan Grove,
        LM Cousineau, JM Litman, JM Miller, G Qi, MJ Speranza,
        MR Tollefson, TD Fenn, JJ Michaelson, O Okada, JP Piquemal,
        JW Ponder, J Shen, RJH Smith, W Yang, P Ren and MJ Schnieders,
        2024, Journal of Chemical Physics, 161 (1).

        Copyright (c)  Michael J. Schnieders  2001-2026
        All Rights Reserved

        Force Field X is distributed under the GPL v. 3 license
        with linking exception and is hosted by the Schnieders Lab
        at The University of Iowa.

        User Manual:   https://ffx.biochem.uiowa.edu/manual.html
        Publications:  https://ffx.biochem.uiowa.edu/publications.html
        License:       https://ffx.biochem.uiowa.edu/licenses.html

 _________________________________________________________________________

 Thu May 07 23:51:09 CDT 2026
 Process ID 79312 on argon-itf-bx54-13.hpc.

 Command line arguments:
 [Minimize, -e, 0.1, /Dedicated/schnieders/maemmad/pKa_GNN/ffx_pipeline/data/fixed_pdbs/3C1E/3C1E_pH4.4.pdb_2, --saveInduced, --savePermanentMoments]

 Executing internal command: ffx.algorithms.commands.Minimize

 Initializing 1 topologies...
 Parsing: Internal force field (amoeba-bio-2018-cphmd).
 Parsing: Structure properties from (/Dedicated/schnieders/maemmad/pKa_GNN/ffx_pipeline/data/fixed_pdbs/3C1E/3C1E_input.properties).
 Parsing: JVM system properties (i.e. command line -Dkey=value pairs).

 Attempting to read force field patch from /Dedicated/schnieders/maemmad/pKa_GNN/naphosphate_solute.09Feb21.prm.

 Renumbering Patch: FALSE
 Reading 3C1E_pH4.4.pdb_2

 Assigning atom types for 1 chains.
 Amino acid chain A
 Constructing Force Field AMOEBA-BIO-2018-CPHMD

 SMP threads:                               112
 The system will be treated as aperiodic (max separation =   50.1 A).

 Bonded Terms
  Bonds:                                   2158
  Angles:                                  3926
  Stretch-Bends:                           3444
  Out-of-Plane Bends:                      1218
  Torsions:                                5728
  Pi-Orbital Torsions:                      227
  Torsion-Torsions:                           9

 Non-Bonded Terms

  Van der Waals
   Cut-Off:                                NONE
   Long-Range Correction:                 FALSE

 Electrostatics
   Polarization:                         MUTUAL
    SCF Convergence Criteria:         1.000e-06
    SCF Predictor:                         NONE
    SCF Algorithm:                           CG
    CG Preconditioner Cut-Off:            4.500
    CG Preconditioner Ewald Coeff.:       0.000
    CG Preconditioner Scale:              2.000
    CG Preconditioner Mode:     FLETCHER_REEVES
    Electrostatics Cut-Off:                NONE

  Continuum Solvation
   Radii:                                SOLUTE
   Generalized Kirkwood Cut-Off:           NONE
   GKC:                                  2.4550
   Solvent Dielectric:                  78.3000
   Solute Dielectric:                    1.0000
   Descreen with vdW Radii:                TRUE
   Descreen with Hydrogen Atoms:          FALSE
   Descreen Offset:                      0.0000
   General HCT Scale Factor:             0.7200
   Non-Polar Model:                  GAUSS-DISP
    GaussVol Radii Offset:               0.0000
    GaussVol Radii Scale:                1.0000
   Dispersion Integral Offset:           1.0560 (A)
   Cavitation Solvent Pressure:          0.0334 (Kcal/mol/A^3)
   Cavitation Surface Tension:           0.1030 (Kcal/mol/A^2)
   Cavitation Cross-Over Radius:         9.2515 (A)

  Overall system charge:                  9.000

 Opened 3C1E_pH4.4.pdb_2 in 1.279 sec.

 System Resources
  Total CPU time:          57.34 (sec)
  System load average:     25.56
  Open file handles:         146 of  81920 allowed
  System memory:          227120 MB free out of 257570 MB
  System swap space:        2029 MB free out of   2053 MB
  JVM memory:               3956 MB free out of   4096 MB

 Minimizing energy of Single Topology  [3C1E_pH4.4.pdb_2] 
 Setting lambda to 0.000.
 Generalized Kirkwood  -3342.02630477      0.246
 Cavitation             1351.21485405      0.283
 Dispersion             -846.88067147      0.218

 Computed Potential Energy
  Bond Stretching            160.89952551         2158        0.004 ( 0.01489)
  Angle Bending              453.97307946         3926        0.010 ( 2.71980)
  Stretch-Bend                 2.28353177         3444        0.005
  Out-of-Plane Bend           18.98010112         1218        0.001
  Torsional Angle             83.12732829         5728        0.006
  Pi-Orbital Torsion          15.22759721          227        0.002
  Torsion-Torsion            -50.47341462            9        0.001
  Van der Waals              370.90552725      2282646        0.599
  Atomic Multipoles        -3283.80050099      2282646
  Polarization              -790.10342924      2282646        5.791
  Solvation                -2837.69212220      2290870
  Total Potential          -5856.67277644  (Kcal/mole)        6.421 (sec)

 Limited Memory BFGS Quasi-Newton Optimization: 

 Cycle       Energy      G RMS    Delta E   Delta X    Angle  Evals     Time

     0   -5856.6728     1.4399
     1   -5862.6078     1.4638     5.9350    0.0013     0.00      3    4.686
     2   -5867.0925     1.0100     4.4847    0.0009    45.48      4    2.233
     3   -5872.7377     0.9378     5.6452    0.0018    45.05      5    4.292
     4   -5877.5882     1.2728     4.8505    0.0024    54.83      6    5.702
     5   -5882.7031     1.0011     5.1150    0.0026    66.76      7   10.176
     6   -5887.3185     0.8791     4.6154    0.0022    63.02      8   12.747
     7   -5892.1745     1.0949     4.8559    0.0036    63.11      9   16.087
