 Evaluating /Dedicated/schnieders/programs/stack-2021.1.sh
  Loading Modules
   Stack 2021.1
   GCC 9.3.0
   CMake 3.20.0
   Eigen 3.3.9
   Cuda 11.1.1
   Cuda: /usr/share/apps/2021.1/arch/gcc-9.3.0/cuda-11.1.1
   CudaNN 8.0.5.39-11.1
   Swig 4.0.2_gcc-9.3.0
  Loading software from /Dedicated/schnieders/programs/local
   Ant: /Dedicated/schnieders/programs/apache-ant-1.10.11
   FFX: /Dedicated/schnieders/programs/ffx-builds/forcefieldx-2026-01-04
   GDMA: /Dedicated/schnieders/programs/gdma-2.3
   Groovy: /Dedicated/schnieders/programs/groovy-4.0.1
   Java: /Dedicated/schnieders/programs/jdk-25.0.1
   Maven: /Dedicated/schnieders/programs/apache-maven-3.9.5
   VMD: /Dedicated/schnieders/programs/vmd
   NAMD: /Dedicated/schnieders/programs/NAMD_3.0alpha7_Linux-x86_64-multicore-CUDA
   OpenEye: /Dedicated/schnieders/programs/OpenEye
   Tinker: /Dedicated/schnieders/programs/tinker-tools
=== Titration pH 4.4 started: Wed May  6 11:50:04 CDT 2026 ===
  Copy already exists, skipping.
  ManyBody output already exists, skipping.
WARNING: Using incubator modules: jdk.incubator.vector
 _________________________________________________________________________

        FORCE FIELD X - Polyglot Software for Molecular Biophysics 

        Version 1.0.0-6991  April 2026 
        Git Revision  937dfd3f3a84d0dc91f73b0419518078a8c41842 
 
        Please cite the following reference when using Force Field X:

        RA Gogal, AJ Nessler, AC Thiel, HV Bernabe, RA Corrigan Grove,
        LM Cousineau, JM Litman, JM Miller, G Qi, MJ Speranza,
        MR Tollefson, TD Fenn, JJ Michaelson, O Okada, JP Piquemal,
        JW Ponder, J Shen, RJH Smith, W Yang, P Ren and MJ Schnieders,
        2024, Journal of Chemical Physics, 161 (1).

        Copyright (c)  Michael J. Schnieders  2001-2026
        All Rights Reserved

        Force Field X is distributed under the GPL v. 3 license
        with linking exception and is hosted by the Schnieders Lab
        at The University of Iowa.

        User Manual:   https://ffx.biochem.uiowa.edu/manual.html
        Publications:  https://ffx.biochem.uiowa.edu/publications.html
        License:       https://ffx.biochem.uiowa.edu/licenses.html

 _________________________________________________________________________

 Wed May 06 11:50:05 CDT 2026
 Process ID 357315 on argon-itf-bx51-15.hpc.

 Command line arguments:
 [Minimize, -e, 0.1, /Dedicated/schnieders/maemmad/pKa_GNN/ffx_pipeline/data/fixed_pdbs/4KY6/4KY6_pH4.4.pdb_2, --saveInduced, --savePermanentMoments]

 Executing internal command: ffx.algorithms.commands.Minimize

 Initializing 1 topologies...
 Parsing: Internal force field (amoeba-bio-2018-cphmd).
 Parsing: Structure properties from (/Dedicated/schnieders/maemmad/pKa_GNN/ffx_pipeline/data/fixed_pdbs/4KY6/4KY6_input.properties).
 Parsing: JVM system properties (i.e. command line -Dkey=value pairs).

 Attempting to read force field patch from /Dedicated/schnieders/maemmad/pKa_GNN/naphosphate_solute.09Feb21.prm.

 Renumbering Patch: FALSE
 Reading 4KY6_pH4.4.pdb_2

 Assigning atom types for 1 chains.
 Amino acid chain A
 Constructing Force Field AMOEBA-BIO-2018-CPHMD

 SMP threads:                                80
 The system will be treated as aperiodic (max separation =   51.3 A).

 Bonded Terms
  Bonds:                                   2111
  Angles:                                  3836
  Stretch-Bends:                           3367
  Out-of-Plane Bends:                      1206
  Torsions:                                5597
  Pi-Orbital Torsions:                      225
  Torsion-Torsions:                           9

 Non-Bonded Terms

  Van der Waals
   Cut-Off:                                NONE
   Long-Range Correction:                 FALSE

 Electrostatics
   Polarization:                         MUTUAL
    SCF Convergence Criteria:         1.000e-06
    SCF Predictor:                         NONE
    SCF Algorithm:                           CG
    CG Preconditioner Cut-Off:            4.500
    CG Preconditioner Ewald Coeff.:       0.000
    CG Preconditioner Scale:              2.000
    CG Preconditioner Mode:     FLETCHER_REEVES
    Electrostatics Cut-Off:                NONE

  Continuum Solvation
   Radii:                                SOLUTE
   Generalized Kirkwood Cut-Off:           NONE
   GKC:                                  2.4550
   Solvent Dielectric:                  78.3000
   Solute Dielectric:                    1.0000
   Descreen with vdW Radii:                TRUE
   Descreen with Hydrogen Atoms:          FALSE
   Descreen Offset:                      0.0000
   General HCT Scale Factor:             0.7200
   Non-Polar Model:                  GAUSS-DISP
    GaussVol Radii Offset:               0.0000
    GaussVol Radii Scale:                1.0000
   Dispersion Integral Offset:           1.0560 (A)
   Cavitation Solvent Pressure:          0.0334 (Kcal/mol/A^3)
   Cavitation Surface Tension:           0.1030 (Kcal/mol/A^2)
   Cavitation Cross-Over Radius:         9.2515 (A)

  Overall system charge:                  7.000

 Opened 4KY6_pH4.4.pdb_2 in 1.702 sec.

 System Resources
  Total CPU time:          51.31 (sec)
  System load average:     38.79
  Open file handles:         146 of  81920 allowed
  System memory:          682400 MB free out of 772588 MB
  System swap space:        2053 MB free out of   2053 MB
  JVM memory:               3983 MB free out of   4096 MB

 Minimizing energy of Single Topology  [4KY6_pH4.4.pdb_2] 
 Setting lambda to 0.000.
 Generalized Kirkwood  -2913.32228830      0.358
 Cavitation             1319.22947486      0.244
 Dispersion             -827.96727816      0.329

 Computed Potential Energy
  Bond Stretching            163.90768727         2111        0.002 ( 0.01522)
  Angle Bending              437.69471714         3836        0.008 ( 2.70003)
  Stretch-Bend                 1.47737350         3367        0.002
  Out-of-Plane Bend           19.57454675         1206        0.001
  Torsional Angle             87.91696026         5597        0.004
  Pi-Orbital Torsion          15.35772772          225        0.005
  Torsion-Torsion            -47.94376569            9        0.004
  Van der Waals              396.63924260      2183331        0.547
  Atomic Multipoles        -3603.66085961      2183331
  Polarization              -742.67211774      2183331        5.460
  Solvation                -2422.06009161      2191371
  Total Potential          -5693.76857941  (Kcal/mole)        6.034 (sec)

 Limited Memory BFGS Quasi-Newton Optimization: 

 Cycle       Energy      G RMS    Delta E   Delta X    Angle  Evals     Time

     0   -5693.7686     2.0290
     1   -5703.3249     1.9274     9.5563    0.0015     0.00      3    9.216
     2   -5710.1056     1.2918     6.7807    0.0010    43.45      4    4.056
     3   -5718.8980     1.1831     8.7924    0.0022    41.88      5    4.262
     4   -5725.7443     1.6328     6.8463    0.0028    52.76      6    4.094
     5   -5731.6923     1.2075     5.9479    0.0025    65.53      7    3.874
     6   -5736.0855     0.9805     4.3932    0.0014    58.46      8    4.354
     7   -5742.0390     0.9979     5.9535    0.0027    58.13      9    4.180
     8   -5746.6118     1.6915     4.5728    0.0040    65.66     10    4.129
     9   -5750.9019     0.8675     4.2901    0.0017    70.23     11    4.184
    10   -5753.9821     0.7116     3.0802    0.0016    58.19     12    4.185
    11   -5756.5759     0.8295     2.5938    0.0017    62.71     13    4.389
    12   -5759.4536     1.2635     2.8777    0.0028    69.16     14    3.954
    13   -5762.9743     0.8175     3.5206    0.0026    76.36     15    4.372
    14   -5766.2801     0.6970     3.3058    0.0030    70.59     16    4.173
    15   -5768.7466     0.9494     2.4666    0.0029    69.85     17    4.428
    16   -5771.3784     0.7939     2.6318    0.0024    74.89     18    4.390
    17   -5774.2973     0.7452     2.9188    0.0030    72.47     19    3.989
    18   -5776.5581     0.9683     2.2608    0.0032    72.39     20    3.930
    19   -5778.8386     0.6702     2.2805    0.0016    71.85     21    4.387
    20   -5781.8235     0.7127     2.9849    0.0029    68.19     22    4.053
    21   -5784.3574     0.9970     2.5339    0.0033    74.06     23    3.899
    22   -5787.2772     0.8513     2.9198    0.0043    79.18     24    4.137
    23   -5789.7601     0.6378     2.4829    0.0022    71.93     25    3.578
    24   -5792.0311     0.6597     2.2710    0.0026    69.74     26    4.353
    25   -5793.9064     0.8791     1.8753    0.0032    74.57     27    3.739
    26   -5795.9653     0.5891     2.0588    0.0023    77.16     28    3.725
    27   -5798.4053     0.6059     2.4401    0.0036    73.65     29    4.091
    28   -5800.1079     1.3057     1.7026    0.0045    75.14     30    3.917
    29   -5802.2624     0.6957     2.1545    0.0010    70.46     31    4.218
    30   -5804.4656     0.5399     2.2032    0.0022    69.80     32    4.104
    31   -5805.8886     0.6152     1.4230    0.0020    73.93     33    3.759
    32   -5807.5650     0.9871     1.6764    0.0030    75.84     34    4.014
    33   -5809.9137     0.6535     2.3488    0.0035    81.08     35    3.899
    34   -5812.3690     0.6109     2.4553    0.0033    75.47     36    3.802
    35   -5814.6002     1.0666     2.2312    0.0048    74.44     37    4.007
    36   -5816.7464     0.6853     2.1463    0.0018    73.69     38    4.148
    37   -5818.3849     0.5705     1.6385    0.0013    66.66     39    3.841
    38   -5820.4034     0.6957     2.0185    0.0031    73.57     40    4.068
    39   -5821.8692     1.1109     1.4658    0.0045    78.18     41    3.937
    40   -5823.6302     0.5902     1.7610    0.0012    73.77     42    3.890
    41   -5825.3256     0.5297     1.6954    0.0022    72.12     43    4.080
    42   -5826.7233     0.5445     1.3977    0.0024    76.66     44    3.934
    43   -5828.1162     1.0805     1.3929    0.0040    78.14     45    3.882
    44   -5830.0483     0.5815     1.9321    0.0033    82.88     46    3.776
    45   -5831.5305     0.4619     1.4822    0.0026    77.39     47    3.927
    46   -5832.9032     0.6326     1.3727    0.0032    76.75     48    4.297
    47   -5834.2683     0.7895     1.3651    0.0036    79.17     49    3.837
    48   -5835.5959     0.5416     1.3275    0.0013    74.68     50    4.758
    49   -5837.2267     0.5323     1.6308    0.0032    76.01     51    4.159
