 Evaluating /Dedicated/schnieders/programs/stack-2021.1.sh
  Loading Modules
   Stack 2021.1
   GCC 9.3.0
   CMake 3.20.0
   Eigen 3.3.9
   Cuda 11.1.1
   Cuda: /usr/share/apps/2021.1/arch/gcc-9.3.0/cuda-11.1.1
   CudaNN 8.0.5.39-11.1
   Swig 4.0.2_gcc-9.3.0
  Loading software from /Dedicated/schnieders/programs/local
   Ant: /Dedicated/schnieders/programs/apache-ant-1.10.11
   FFX: /Dedicated/schnieders/programs/ffx-builds/forcefieldx-2026-01-04
   GDMA: /Dedicated/schnieders/programs/gdma-2.3
   Groovy: /Dedicated/schnieders/programs/groovy-4.0.1
   Java: /Dedicated/schnieders/programs/jdk-25.0.1
   Maven: /Dedicated/schnieders/programs/apache-maven-3.9.5
   VMD: /Dedicated/schnieders/programs/vmd
   NAMD: /Dedicated/schnieders/programs/NAMD_3.0alpha7_Linux-x86_64-multicore-CUDA
   OpenEye: /Dedicated/schnieders/programs/OpenEye
   Tinker: /Dedicated/schnieders/programs/tinker-tools
=== Titration pH 8.55 started: Sun May 17 10:59:21 CDT 2026 ===
  Copy already exists, skipping.
  ManyBody output already exists, skipping.
WARNING: Using incubator modules: jdk.incubator.vector
 _________________________________________________________________________

        FORCE FIELD X - Polyglot Software for Molecular Biophysics 

        Version 1.0.0-6991  April 2026 
        Git Revision  937dfd3f3a84d0dc91f73b0419518078a8c41842 
 
        Please cite the following reference when using Force Field X:

        RA Gogal, AJ Nessler, AC Thiel, HV Bernabe, RA Corrigan Grove,
        LM Cousineau, JM Litman, JM Miller, G Qi, MJ Speranza,
        MR Tollefson, TD Fenn, JJ Michaelson, O Okada, JP Piquemal,
        JW Ponder, J Shen, RJH Smith, W Yang, P Ren and MJ Schnieders,
        2024, Journal of Chemical Physics, 161 (1).

        Copyright (c)  Michael J. Schnieders  2001-2026
        All Rights Reserved

        Force Field X is distributed under the GPL v. 3 license
        with linking exception and is hosted by the Schnieders Lab
        at The University of Iowa.

        User Manual:   https://ffx.biochem.uiowa.edu/manual.html
        Publications:  https://ffx.biochem.uiowa.edu/publications.html
        License:       https://ffx.biochem.uiowa.edu/licenses.html

 _________________________________________________________________________

 Sun May 17 10:59:22 CDT 2026
 Process ID 86708 on argon-itf-bx43-01.hpc.

 Command line arguments:
 [Minimize, -e, 0.1, /Dedicated/schnieders/maemmad/pKa_GNN/ffx_pipeline/data/fixed_pdbs/1YMB/1YMB_pH8.55.pdb_2, --saveInduced, --savePermanentMoments]

 Executing internal command: ffx.algorithms.commands.Minimize

 Initializing 1 topologies...
 Parsing: Internal force field (amoeba-bio-2018-cphmd).
 Parsing: Structure properties from (/Dedicated/schnieders/maemmad/pKa_GNN/ffx_pipeline/data/fixed_pdbs/1YMB/1YMB_input.properties).
 Parsing: JVM system properties (i.e. command line -Dkey=value pairs).

 Attempting to read force field patch from /Dedicated/schnieders/maemmad/pKa_GNN/naphosphate_solute.09Feb21.prm.

 Renumbering Patch: FALSE
 Reading 1YMB_pH8.55.pdb_2

 Assigning atom types for 1 chains.
 Amino acid chain A
 Constructing Force Field AMOEBA-BIO-2018-CPHMD

 SMP threads:                                20
 The system will be treated as aperiodic (max separation =   51.9 A).

 Bonded Terms
  Bonds:                                   2438
  Angles:                                  4437
  Stretch-Bends:                           3900
  Out-of-Plane Bends:                      1398
  Torsions:                                6483
  Pi-Orbital Torsions:                      267
  Torsion-Torsions:                          13

 Non-Bonded Terms

  Van der Waals
   Cut-Off:                                NONE
   Long-Range Correction:                 FALSE

 Electrostatics
   Polarization:                         MUTUAL
    SCF Convergence Criteria:         1.000e-06
    SCF Predictor:                         NONE
    SCF Algorithm:                           CG
    CG Preconditioner Cut-Off:            4.500
    CG Preconditioner Ewald Coeff.:       0.000
    CG Preconditioner Scale:              2.000
    CG Preconditioner Mode:     FLETCHER_REEVES
    Electrostatics Cut-Off:                NONE

  Continuum Solvation
   Radii:                                SOLUTE
   Generalized Kirkwood Cut-Off:           NONE
   GKC:                                  2.4550
   Solvent Dielectric:                  78.3000
   Solute Dielectric:                    1.0000
   Descreen with vdW Radii:                TRUE
   Descreen with Hydrogen Atoms:          FALSE
   Descreen Offset:                      0.0000
   General HCT Scale Factor:             0.7200
   Non-Polar Model:                  GAUSS-DISP
    GaussVol Radii Offset:               0.0000
    GaussVol Radii Scale:                1.0000
   Dispersion Integral Offset:           1.0560 (A)
   Cavitation Solvent Pressure:          0.0334 (Kcal/mol/A^3)
   Cavitation Surface Tension:           0.1030 (Kcal/mol/A^2)
   Cavitation Cross-Over Radius:         9.2515 (A)

  Overall system charge:                  0.000

 Opened 1YMB_pH8.55.pdb_2 in 0.97 sec.

 System Resources
  Total CPU time:          13.56 (sec)
  System load average:      0.24
  Open file handles:         146 of  81920 allowed
  System memory:           37952 MB free out of  38960 MB
  System swap space:        1345 MB free out of   2053 MB
  JVM memory:               4022 MB free out of   4096 MB

 Minimizing energy of Single Topology  [1YMB_pH8.55.pdb_2] 
 Setting lambda to 0.000.
 Generalized Kirkwood  -2751.82037111      0.171
 Cavitation             1546.10630228      0.190
 Dispersion             -988.66972841      0.227

 Computed Potential Energy
  Bond Stretching            198.03604563         2438        0.002 ( 0.01555)
  Angle Bending              562.38410454         4437        0.003 ( 2.82907)
  Stretch-Bend                 4.30945122         3900        0.002
  Out-of-Plane Bend           20.73547938         1398        0.001
  Torsional Angle             19.36044924         6483        0.003
  Pi-Orbital Torsion          21.01682537          267        0.000
  Torsion-Torsion            -60.35177550           13        0.000
  Van der Waals              390.39335164      2898380        0.285
  Atomic Multipoles        -4390.05150845      2898380
  Polarization              -612.07471108      2898380        3.215
  Solvation                -2194.38379723      2907666
  Total Potential          -6040.62608524  (Kcal/mole)        3.511 (sec)

 Limited Memory BFGS Quasi-Newton Optimization: 

 Cycle       Energy      G RMS    Delta E   Delta X    Angle  Evals     Time

     0   -6040.6261     2.8323
     1   -6060.9515     2.4581    20.3254    0.0020     0.00      3    3.249
     2   -6074.0927     1.6577    13.1412    0.0013    40.95      4    1.548
     3   -6090.9938     1.4889    16.9011    0.0028    39.64      5    1.530
     4   -6103.0429     2.1678    12.0491    0.0035    51.24      6    1.516
     5   -6113.6618     1.3486    10.6189    0.0026    64.64      7    1.501
     6   -6121.3712     1.2078     7.7094    0.0018    55.05      8    1.497
     7   -6131.6474     1.3718    10.2762    0.0034    58.79      9    1.487
     8   -6137.6941     2.3887     6.0467    0.0049    67.47     10    1.489
     9   -6145.1630     1.0828     7.4689    0.0011    56.15     11    1.482
    10   -6150.3550     0.9225     5.1919    0.0016    53.66     12    1.482
    11   -6155.1120     1.0691     4.7570    0.0023    65.52     13    1.479
    12   -6161.2491     1.6058     6.1372    0.0036    70.24     14    1.480
    13   -6168.5719     0.9896     7.3228    0.0049    78.10     15    1.482
    14   -6173.2259     0.9494     4.6540    0.0030    70.34     16    1.479
    15   -6177.5554     0.9145     4.3295    0.0029    68.11     17    1.480
    16   -6180.8577     0.8945     3.3023    0.0017    65.41     18    1.478
    17   -6185.1686     0.8144     4.3109    0.0028    68.73     19    1.478
    18   -6189.0179     1.1001     3.8493    0.0040    71.23     20    1.481
    19   -6192.3562     0.8365     3.3383    0.0025    75.92     21    1.480
    20   -6196.0928     0.7732     3.7367    0.0026    70.86     22    1.478
    21   -6200.6112     1.0412     4.5183    0.0044    72.97     23    1.480
    22   -6204.3911     1.1215     3.7799    0.0049    78.36     24    1.479
    23   -6208.1189     0.7524     3.7279    0.0022    74.62     25    1.479
    24   -6212.6980     0.7883     4.5791    0.0042    71.17     26    1.479
    25   -6215.2437     1.3163     2.5457    0.0043    75.63     27    1.469
    26   -6218.2783     0.7699     3.0345    0.0017    76.48     28    1.468
    27   -6222.0632     0.6569     3.7850    0.0037    73.03     29    1.472
    28   -6224.7029     0.7777     2.6396    0.0024    73.26     30    1.470
    29   -6228.2648     0.9015     3.5620    0.0038    75.66     31    1.467
    30   -6232.2991     0.6769     4.0343    0.0049    78.55     32    1.472
    31   -6234.7601     1.0014     2.4610    0.0033    72.76     33    1.470
    32   -6237.5938     0.6731     2.8337    0.0023    75.98     34    1.480
    33   -6240.5692     0.6864     2.9753    0.0024    69.43     35    1.466
    34   -6243.8096     1.0970     3.2404    0.0044    74.17     36    1.466
    35   -6247.3583     0.7728     3.5488    0.0043    80.82     37    1.470
    36   -6250.4236     0.7042     3.0653    0.0042    78.66     38    1.466
    37   -6253.2371     0.8382     2.8135    0.0044    77.04     39    1.463
    38   -6255.8811     0.6736     2.6440    0.0031    78.05     40    1.473
    39   -6258.8426     0.6608     2.9615    0.0034    74.63     41    1.456
    40   -6261.4854     0.9903     2.6428    0.0046    76.79     42    1.458
    41   -6263.9709     0.7415     2.4855    0.0036    80.28     43    1.469
    42   -6265.9840     0.5940     2.0132    0.0011    64.39     44    1.456
    43   -6268.6513     0.5958     2.6672    0.0028    70.77     45    1.458
    44   -6269.7278     1.4463     1.0765    0.0049    76.96     46    1.478
    45   -6271.4723     0.8987     1.7446    0.0004    55.47     47    1.457
    46   -6273.6473     0.4394     2.1750    0.0017    71.37     48    1.455
    47   -6274.5960     0.5055     0.9487    0.0016    76.55     49    1.459
    48   -6276.2037     0.5662     1.6077    0.0021    75.95     50    1.474
    49   -6278.3007     0.7452     2.0970    0.0038    77.95     51    1.458
    50   -6280.7889     0.5055     2.4882    0.0049    81.17     52    1.456
    51   -6282.3257     0.6054     1.5368    0.0025    75.16     53    1.458
    52   -6284.4523     0.5264     2.1266    0.0029    76.24     54    1.452
    53   -6286.5608     0.7891     2.1085    0.0032    71.55     55    1.454
    54   -6288.5016     0.6334     1.9408    0.0022    72.92     56    1.453
    55   -6290.0538     0.4926     1.5522    0.0008    57.27     57    1.450
    56   -6292.1456     0.5231     2.0918    0.0025    69.34     58    1.453
    57   -6293.8846     0.7763     1.7390    0.0040    76.14     59    1.450
    58   -6295.4203     0.5592     1.5357    0.0026    81.09     60    1.454
    59   -6297.0169     0.4721     1.5966    0.0029    79.28     61    1.450
    60   -6298.6566     0.6798     1.6397    0.0038    77.55     62    1.450
    61   -6300.2362     0.6107     1.5796    0.0037    79.94     63    1.451
    62   -6301.6259     0.4580     1.3897    0.0011    69.13     64    1.449
    63   -6303.4521     0.4397     1.8262    0.0023    69.02     65    1.448
    64   -6304.8049     0.8169     1.3527    0.0030    72.71     66    1.450
    65   -6306.2807     0.5111     1.4759    0.0021    80.53     67    1.449
    66   -6307.9029     0.4114     1.6222    0.0028    76.54     68    1.449
    67   -6309.1218     0.5235     1.2189    0.0022    73.52     69    1.450
    68   -6310.4134     0.6101     1.2916    0.0030    77.71     70    1.452
    69   -6311.6506     0.4274     1.2372    0.0016    76.32     71    1.449
    70   -6312.9008     0.4345     1.2502    0.0020    70.81     72    1.450
    71   -6313.7702     0.6049     0.8694    0.0019    73.97     73    1.450
    72   -6314.7402     0.3943     0.9700    0.0014    77.97     74    1.449
    73   -6315.9357     0.3842     1.1955    0.0026    74.76     75    1.451
    74   -6316.6689     0.5647     0.7332    0.0021    77.18     76    1.449
    75   -6317.5651     0.4070     0.8962    0.0018    81.11     77    1.449
    76   -6318.7316     0.3823     1.1665    0.0029    77.67     78    1.450
    77   -6319.4982     0.6029     0.7666    0.0030    77.88     79    1.474
    78   -6320.2451     0.3886     0.7469    0.0010    77.03     80    1.448
    79   -6321.2680     0.3764     1.0228    0.0019    74.17     81    1.451
    80   -6322.1438     0.4741     0.8759    0.0025    79.51     82    1.451
    81   -6322.9988     0.6485     0.8550    0.0039    82.46     83    1.454
    82   -6324.0055     0.3914     1.0067    0.0021    82.19     84    1.456
    83   -6325.1323     0.3895     1.1267    0.0027    77.65     85    1.448
    84   -6326.0991     0.5205     0.9669    0.0030    80.01     86    1.448
    85   -6327.1864     0.5002     1.0872    0.0039    82.44     87    1.465
    86   -6328.1789     0.4207     0.9925    0.0019    78.09     88    1.449
    87   -6329.2721     0.4917     1.0932    0.0026    75.60     89    1.448
    88   -6330.1750     0.4330     0.9029    0.0014    74.97     90    1.452
    89   -6331.2852     0.4194     1.1102    0.0025    78.72     91    1.450
    90   -6332.0646     0.7801     0.7794    0.0041    79.77     92    1.450
    91   -6332.9806     0.3531     0.9160    0.0012    78.26     93    1.455
    92   -6333.5357     0.3217     0.5551    0.0008    69.09     94    1.448
    93   -6334.3328     0.3758     0.7971    0.0023    77.80     95    1.451
    94   -6334.8167     0.8265     0.4840    0.0037    80.86     96    1.462
    95   -6335.5487     0.4462     0.7320    0.0010    80.73     97    1.452
    96   -6336.2528     0.2797     0.7041    0.0016    77.97     98    1.463
    97   -6336.7504     0.3380     0.4976    0.0015    78.04     99    1.451
    98   -6337.5380     0.3760     0.7876    0.0024    80.09    100    1.452
    99   -6338.0939     0.7318     0.5559    0.0036    80.73    101    1.454
   100   -6338.8628     0.3342     0.7688    0.0013    80.67    102    1.451
   101   -6339.3374     0.2856     0.4747    0.0007    66.37    103    1.459
   102   -6339.8749     0.3735     0.5374    0.0011    71.78    104    1.454
   103   -6340.6554     0.4469     0.7805    0.0020    78.43    105    1.452
   104   -6341.2163     0.6556     0.5610    0.0031    81.08    106    1.452
   105   -6341.9031     0.3048     0.6868    0.0007    72.05    107    1.454
   106   -6342.3432     0.2890     0.4401    0.0005    59.16    108    1.451
   107   -6342.8356     0.3438     0.4925    0.0010    72.60    109    1.449
   108   -6343.3900     0.5384     0.5544    0.0019    77.99    110    1.453
   109   -6344.0423     0.3148     0.6522    0.0021    82.81    111    1.452
   110   -6344.5065     0.2551     0.4642    0.0012    77.19    112    1.451
   111   -6345.1068     0.3304     0.6003    0.0017    73.05    113    1.457
   112   -6345.6058     0.5244     0.4990    0.0023    77.87    114    1.453
   113   -6346.0878     0.3131     0.4821    0.0006    74.09    115    1.450
   114   -6346.5835     0.2512     0.4956    0.0011    71.64    116    1.452
   115   -6346.8964     0.2801     0.3129    0.0008    74.61    117    1.454
   116   -6347.3521     0.3296     0.4557    0.0014    77.30    118    1.449
   117   -6347.9838     0.2692     0.6317    0.0021    79.60    119    1.452
   118   -6348.3493     0.5330     0.3655    0.0023    77.25    120    1.449
   119   -6348.8495     0.2586     0.5002    0.0007    73.66    121    1.459
   120   -6349.2324     0.2319     0.3829    0.0005    54.97    122    1.454
   121   -6349.6787     0.2814     0.4463    0.0011    69.88    123    1.451
   122   -6349.8954     0.5961     0.2167    0.0020    77.30    124    1.455
   123   -6350.2392     0.3496     0.3438    0.0003    70.95    125    1.452
   124   -6350.6276     0.2027     0.3884    0.0009    73.81    126    1.453
   125   -6350.8467     0.2359     0.2191    0.0008    76.08    127    1.454
   126   -6351.2062     0.2642     0.3595    0.0013    78.28    128    1.452
   127   -6351.5795     0.4170     0.3733    0.0022    80.35    129    1.451
   128   -6351.9972     0.2205     0.4177    0.0019    83.10    130    1.453
   129   -6352.2303     0.2100     0.2331    0.0007    74.57    131    1.452
   130   -6352.5913     0.2284     0.3610    0.0011    73.16    132    1.453
   131   -6353.0349     0.3388     0.4436    0.0019    76.49    133    1.453
   132   -6353.3679     0.2501     0.3330    0.0018    82.57    134    1.451
   133   -6353.6429     0.2180     0.2750    0.0008    75.63    135    1.453
   134   -6354.0196     0.2146     0.3766    0.0013    73.95    136    1.453
   135   -6354.2425     0.5060     0.2230    0.0021    77.32    137    1.451
   136   -6354.5601     0.2437     0.3175    0.0005    76.39    138    1.452
   137   -6354.8222     0.2066     0.2621    0.0009    76.87    139    1.453
   138   -6355.0798     0.2514     0.2576    0.0015    80.92    140    1.453
   139   -6355.4718     0.3218     0.3920    0.0020    81.80    141    1.451
   140   -6355.9586     0.2982     0.4867    0.0031    83.71    142    1.454
   141   -6356.3442     0.2690     0.3857    0.0026    82.91    143    1.453
   142   -6356.6291     0.2343     0.2849    0.0010    77.76    144    1.451
   143   -6356.9698     0.2569     0.3407    0.0010    73.12    145    1.453
   144   -6357.2885     0.4134     0.3187    0.0017    77.99    146    1.451
   145   -6357.6500     0.2289     0.3615    0.0014    82.59    147    1.451
   146   -6357.9626     0.2294     0.3126    0.0012    77.83    148    1.455
   147   -6358.3604     0.2756     0.3978    0.0022    81.20    149    1.455
   148   -6358.6063     0.4931     0.2459    0.0027    81.46    150    1.451
   149   -6358.9610     0.2327     0.3546    0.0008    80.25    151    1.453
   150   -6359.2421     0.1957     0.2811    0.0008    73.36    152    1.451
   151   -6359.4990     0.2330     0.2569    0.0011    78.02    153    1.451
   152   -6359.8075     0.3952     0.3085    0.0018    80.32    154    1.457
   153   -6360.2463     0.2629     0.4388    0.0023    84.54    155    1.455
   154   -6360.6865     0.2380     0.4402    0.0023    81.84    156    1.452
   155   -6361.0079     0.4577     0.3213    0.0028    79.37    157    1.454
   156   -6361.4033     0.2410     0.3954    0.0004    65.28    158    1.451
   157   -6361.7263     0.2224     0.3231    0.0005    59.86    159    1.455
   158   -6362.1049     0.2677     0.3785    0.0013    75.97    160    1.452
   159   -6362.3688     0.5277     0.2640    0.0024    80.75    161    1.452
   160   -6362.7559     0.2702     0.3871    0.0011    82.91    162    1.453
   161   -6363.0861     0.2021     0.3302    0.0015    80.75    163    1.452
   162   -6363.3562     0.2449     0.2701    0.0015    80.70    164    1.451
   163   -6363.7161     0.3627     0.3599    0.0022    81.90    165    1.453
   164   -6364.1901     0.2641     0.4739    0.0030    84.76    166    1.451
   165   -6364.5998     0.2520     0.4098    0.0022    81.97    167    1.453
   166   -6365.0058     0.3265     0.4060    0.0027    80.26    168    1.453
   167   -6365.3625     0.2495     0.3567    0.0010    76.79    169    1.452
   168   -6365.7088     0.2528     0.3463    0.0010    75.31    170    1.450
   169   -6366.1092     0.4026     0.4004    0.0023    80.72    171    1.453
   170   -6366.5848     0.3029     0.4756    0.0034    85.30    172    1.451
   171   -6366.9766     0.2471     0.3918    0.0019    82.74    173    1.453
   172   -6367.4750     0.2810     0.4984    0.0031    81.90    174    1.452
   173   -6367.8269     0.4808     0.3519    0.0037    83.33    175    1.451
   174   -6368.2280     0.2723     0.4010    0.0009    80.32    176    1.450
   175   -6368.6290     0.2295     0.4010    0.0017    79.88    177    1.452
   176   -6368.9690     0.2589     0.3400    0.0020    82.48    178    1.450
   177   -6369.3671     0.4049     0.3981    0.0026    81.98    179    1.450
   178   -6369.9134     0.2588     0.5462    0.0031    84.90    180    1.453
   179   -6370.3655     0.2612     0.4522    0.0023    81.18    181    1.451
   180   -6370.7568     0.4037     0.3913    0.0027    79.86    182    1.457
   181   -6371.1668     0.2510     0.4100    0.0004    64.12    183    1.455
   182   -6371.6222     0.2543     0.4554    0.0009    64.88    184    1.452
   183   -6372.0225     0.3368     0.4003    0.0018    79.43    185    1.451
   184   -6372.4795     0.3163     0.4570    0.0028    83.25    186    1.456
   185   -6372.8879     0.2423     0.4084    0.0018    82.33    187    1.455
   186   -6373.3258     0.2903     0.4379    0.0024    79.33    188    1.452
   187   -6373.6380     0.3218     0.3122    0.0015    79.44    189    1.457
   188   -6373.9558     0.2387     0.3177    0.0008    78.07    190    1.455
   189   -6374.3833     0.2087     0.4275    0.0015    76.21    191    1.455
   190   -6374.7506     0.3757     0.3673    0.0023    78.85    192    1.451
   191   -6375.1300     0.2710     0.3794    0.0015    82.56    193    1.455
   192   -6375.5680     0.2120     0.4380    0.0018    79.03    194    1.454
   193   -6375.8401     0.2981     0.2721    0.0013    74.77    195    1.452
   194   -6376.1089     0.2246     0.2688    0.0008    76.79    196    1.451
   195   -6376.4139     0.2071     0.3050    0.0008    72.17    197    1.454
   196   -6376.7331     0.3450     0.3191    0.0016    75.27    198    1.451
   197   -6377.0271     0.2545     0.2940    0.0015    81.63    199    1.451
   198   -6377.2432     0.2015     0.2161    0.0006    76.99    200    1.454
   199   -6377.5476     0.1895     0.3044    0.0013    76.43    201    1.451
   200   -6377.7121     0.4397     0.1645    0.0023    78.82    202    1.452
   201   -6377.9423     0.2005     0.2302    0.0002    64.87    203    1.453
   202   -6378.1290     0.1653     0.1867    0.0005    71.38    204    1.452
   203   -6378.3350     0.2109     0.2060    0.0011    77.39    205    1.451
   204   -6378.6182     0.2834     0.2832    0.0017    81.05    206    1.452
   205   -6378.8964     0.2751     0.2781    0.0025    83.61    207    1.454
   206   -6379.1258     0.1591     0.2294    0.0008    77.79    208    1.451
   207   -6379.3045     0.1874     0.1788    0.0005    65.94    209    1.458
   208   -6379.5394     0.2666     0.2349    0.0011    76.10    210    1.452
   209   -6379.8031     0.2708     0.2636    0.0017    81.83    211    1.453
   210   -6380.0387     0.1963     0.2356    0.0014    82.57    212    1.468
   211   -6380.2732     0.1925     0.2346    0.0013    79.70    213    1.453
   212   -6380.5583     0.2855     0.2850    0.0018    79.75    214    1.452
   213   -6380.8657     0.2648     0.3074    0.0022    82.91    215    1.455
   214   -6381.1280     0.2025     0.2623    0.0010    79.03    216    1.452
   215   -6381.3859     0.2101     0.2579    0.0011    75.68    217    1.451
   216   -6381.6558     0.2803     0.2698    0.0015    78.60    218    1.458
   217   -6382.0107     0.2305     0.3550    0.0018    82.23    219    1.451
   218   -6382.3493     0.3256     0.3385    0.0026    80.55    220    1.453
   219   -6382.6172     0.2235     0.2679    0.0013    81.48    221    1.456
   220   -6382.8084     0.2003     0.1912    0.0005    72.11    222    1.451
   221   -6383.1110     0.2044     0.3027    0.0011    76.67    223    1.452
   222   -6383.4631     0.2822     0.3521    0.0024    80.02    224    1.454
   223   -6383.7340     0.2404     0.2709    0.0022    84.16    225    1.453
   224   -6383.9610     0.2153     0.2270    0.0012    81.40    226    1.454
   225   -6384.2891     0.1973     0.3281    0.0018    80.59    227    1.456
   226   -6384.4908     0.4567     0.2017    0.0024    79.13    228    1.453
   227   -6384.7678     0.2147     0.2770    0.0004    72.05    229    1.453
   228   -6384.9639     0.1827     0.1962    0.0004    61.87    230    1.453
   229   -6385.1951     0.2306     0.2311    0.0010    76.11    231    1.452
   230   -6385.5292     0.2888     0.3341    0.0016    80.04    232    1.454
   231   -6385.8724     0.3066     0.3431    0.0025    82.77    233    1.453
   232   -6386.1570     0.1926     0.2846    0.0012    80.45    234    1.451
   233   -6386.3678     0.2002     0.2109    0.0006    67.27    235    1.455
   234   -6386.6198     0.2768     0.2519    0.0009    73.00    236    1.454
   235   -6386.9287     0.2725     0.3089    0.0014    79.70    237    1.452
   236   -6387.2527     0.2249     0.3240    0.0015    81.08    238    1.454
   237   -6387.6016     0.2469     0.3489    0.0018    78.61    239    1.451
   238   -6387.8625     0.3521     0.2609    0.0016    78.53    240    1.453
   239   -6388.1486     0.2141     0.2860    0.0003    59.83    241    1.453
   240   -6388.4852     0.1858     0.3367    0.0008    63.15    242    1.452
   241   -6388.7346     0.3049     0.2494    0.0013    77.94    243    1.452
   242   -6389.0910     0.2449     0.3564    0.0019    83.27    244    1.454
   243   -6389.5029     0.3008     0.4118    0.0026    81.11    245    1.452
   244   -6389.8390     0.2772     0.3362    0.0019    80.35    246    1.457
   245   -6390.1050     0.2131     0.2660    0.0004    64.54    247    1.453
   246   -6390.4370     0.2130     0.3320    0.0007    62.52    248    1.451
   247   -6390.6563     0.4132     0.2192    0.0015    74.84    249    1.451
   248   -6390.9136     0.2169     0.2574    0.0007    79.94    250    1.454
   249   -6391.1595     0.1805     0.2459    0.0012    78.71    251    1.453
   250   -6391.3409     0.2036     0.1813    0.0009    78.65    252    1.451
   251   -6391.5941     0.2825     0.2533    0.0010    75.50    253    1.454
   252   -6391.9564     0.2047     0.3622    0.0015    80.21    254    1.452
   253   -6392.2494     0.3012     0.2930    0.0016    76.74    255    1.454
   254   -6392.4803     0.2356     0.2309    0.0011    77.39    256    1.452
   255   -6392.6437     0.1418     0.1634    0.0004    70.24    257    1.452
   256   -6392.8183     0.1441     0.1746    0.0004    44.62    258    1.453
   257   -6392.9515     0.2787     0.1332    0.0009    72.76    259    1.451
   258   -6393.1215     0.1857     0.1700    0.0007    81.29    260    1.456
   259   -6393.3446     0.1425     0.2232    0.0014    79.72    261    1.455
   260   -6393.4708     0.2308     0.1262    0.0012    79.04    262    1.451
   261   -6393.6039     0.1517     0.1331    0.0007    81.21    263    1.451
   262   -6393.7792     0.1411     0.1754    0.0008    71.99    264    1.452
   263   -6393.9134     0.2379     0.1342    0.0008    72.39    265    1.451
   264   -6394.0652     0.1698     0.1517    0.0007    78.91    266    1.450
   265   -6394.2259     0.1462     0.1607    0.0007    75.26    267    1.452
   266   -6394.4007     0.2260     0.1748    0.0013    76.27    268    1.451
   267   -6394.5489     0.1818     0.1482    0.0010    81.12    269    1.458
   268   -6394.6663     0.1564     0.1174    0.0005    77.96    270    1.452
   269   -6394.8342     0.1689     0.1679    0.0010    78.27    271    1.450
   270   -6395.0089     0.2261     0.1747    0.0018    81.19    272    1.451
   271   -6395.1420     0.1606     0.1330    0.0009    82.65    273    1.452
   272   -6395.3245     0.1492     0.1825    0.0014    80.35    274    1.451
   273   -6395.4818     0.2148     0.1574    0.0013    79.62    275    1.451
   274   -6395.6504     0.1783     0.1686    0.0013    82.05    276    1.457
   275   -6395.8155     0.1499     0.1651    0.0009    78.10    277    1.451
   276   -6396.0025     0.1879     0.1870    0.0013    76.45    278    1.452
   277   -6396.1091     0.2620     0.1065    0.0010    78.95    279    1.454
   278   -6396.2301     0.1531     0.1210    0.0003    73.67    280    1.452
   279   -6396.3899     0.1168     0.1598    0.0010    77.80    281    1.455
   280   -6396.5010     0.1329     0.1112    0.0010    80.45    282    1.456
   281   -6396.6032     0.2677     0.1021    0.0013    80.03    283    1.452
   282   -6396.7541     0.1442     0.1509    0.0010    84.22    284    1.451
   283   -6396.8858     0.1095     0.1317    0.0012    80.50    285    1.462
   284   -6396.9769     0.1748     0.0911    0.0009    77.80    286    1.467
   285   -6397.0936     0.1428     0.1167    0.0008    80.47    287    1.469
   286   -6397.2230     0.1527     0.1294    0.0007    75.33    288    1.470
   287   -6397.3442     0.2011     0.1213    0.0010    76.60    289    1.467
   288   -6397.4545     0.1343     0.1103    0.0003    70.07    290    1.470
   289   -6397.5796     0.1276     0.1251    0.0007    73.77    291    1.473
   290   -6397.6663     0.1923     0.0867    0.0011    80.70    292    1.466
   291   -6397.7669     0.1249     0.1006    0.0010    83.78    293    1.472
   292   -6397.8659     0.1181     0.0990    0.0009    80.19    294    1.469
   293   -6397.9749     0.1572     0.1089    0.0012    80.03    295    1.468
   294   -6398.0789     0.1989     0.1040    0.0012    81.59    296    1.469
   295   -6398.1887     0.1273     0.1098    0.0006    79.60    297    1.466
   296   -6398.3066     0.1128     0.1180    0.0007    73.93    298    1.466
   297   -6398.3908     0.1952     0.0841    0.0008    77.81    299    1.468
   298   -6398.5090     0.1369     0.1182    0.0008    82.12    300    1.469
   299   -6398.6530     0.1454     0.1441    0.0012    78.73    301    1.468
   300   -6398.7325     0.2055     0.0795    0.0011    79.39    302    1.470
   301   -6398.8156     0.1278     0.0830    0.0002    64.59    303    1.466
   302   -6398.9287     0.1179     0.1131    0.0005    68.83    304    1.467
   303   -6399.0182     0.1521     0.0895    0.0008    79.14    305    1.470
   304   -6399.1100     0.1944     0.0918    0.0013    82.59    306    1.468
   305   -6399.2146     0.1248     0.1046    0.0008    83.00    307    1.467
   306   -6399.3452     0.1337     0.1306    0.0011    78.66    308    1.468
   307   -6399.4496     0.2131     0.1044    0.0012    80.42    309    1.466
   308   -6399.5757     0.1482     0.1261    0.0010    83.11    310    1.467
   309   -6399.7058     0.1333     0.1300    0.0008    77.79    311    1.469
   310   -6399.8263     0.2493     0.1205    0.0013    77.85    312    1.475
   311   -6399.9530     0.1447     0.1267    0.0006    80.47    313    1.466
   312   -6400.0574     0.1272     0.1044    0.0007    78.38    314    1.473
   313   -6400.1838     0.1781     0.1265    0.0013    80.15    315    1.467
   314   -6400.2787     0.2358     0.0949    0.0016    83.61    316    1.472
   315   -6400.3800     0.1439     0.1012    0.0004    79.38    317    1.435
   316   -6400.5191     0.1148     0.1392    0.0010    79.01    318    1.433
   317   -6400.6244     0.1535     0.1053    0.0012    81.49    319    1.433
   318   -6400.7353     0.2219     0.1109    0.0017    83.72    320    1.469
   319   -6400.8684     0.1391     0.1331    0.0013    84.88    321    1.465
   320   -6401.0024     0.1265     0.1340    0.0011    79.91    322    1.470
   321   -6401.1149     0.2038     0.1125    0.0011    78.97    323    1.468
   322   -6401.2546     0.1552     0.1397    0.0011    82.57    324    1.468
   323   -6401.4067     0.1460     0.1521    0.0011    80.07    325    1.455
   324   -6401.5193     0.2647     0.1126    0.0017    80.37    326    1.455
   325   -6401.6453     0.1387     0.1260    0.0003    73.05    327    1.449
   326   -6401.7541     0.1381     0.1089    0.0004    71.30    328    1.452
   327   -6401.8967     0.1790     0.1426    0.0013    81.07    329    1.435
   328   -6401.9816     0.3534     0.0849    0.0020    83.82    330    1.377
   329   -6402.1140     0.2018     0.1324    0.0006    83.55    331    1.395
   330   -6402.2709     0.1241     0.1569    0.0012    82.38    332    1.427
   331   -6402.3801     0.1534     0.1092    0.0011    82.02    333    1.456
   332   -6402.5502     0.1708     0.1701    0.0017    83.44    334    1.460
   333   -6402.6341     0.3815     0.0839    0.0026    83.90    335    1.459
   334   -6402.7677     0.2267     0.1336    0.0004    80.27    336    1.458
   335   -6402.9053     0.1256     0.1376    0.0005    72.85    337    1.450
   336   -6402.9780     0.1518     0.0727    0.0004    77.37    338    1.450
   337   -6403.1020     0.1650     0.1240    0.0008    80.96    339    1.455
   338   -6403.2565     0.2728     0.1546    0.0016    82.32    340    1.456
   339   -6403.4576     0.1667     0.2011    0.0019    85.34    341    1.458
   340   -6403.5867     0.1582     0.1291    0.0012    82.74    342    1.454
   341   -6403.7377     0.1549     0.1510    0.0016    81.89    343    1.457
   342   -6403.8588     0.1553     0.1211    0.0006    75.15    344    1.453
   343   -6403.9745     0.1577     0.1156    0.0007    75.16    345    1.458
   344   -6404.0966     0.1575     0.1221    0.0007    75.89    346    1.457
   345   -6404.2449     0.1438     0.1483    0.0009    78.83    347    1.453
   346   -6404.3812     0.2547     0.1363    0.0020    81.94    348    1.454
   347   -6404.5055     0.1325     0.1243    0.0009    82.85    349    1.458
   348   -6404.5905     0.1299     0.0850    0.0006    79.61    350    1.454
   349   -6404.7147     0.1594     0.1242    0.0013    81.80    351    1.453
   350   -6404.8256     0.2885     0.1109    0.0020    83.81    352    1.459
   351   -6404.9622     0.1645     0.1365    0.0011    85.11    353    1.453
   352   -6405.1000     0.1258     0.1379    0.0011    81.02    354    1.455
   353   -6405.2215     0.1621     0.1214    0.0011    80.01    355    1.457
   354   -6405.3470     0.2347     0.1256    0.0018    83.30    356    1.453
   355   -6405.4757     0.1509     0.1287    0.0009    83.58    357    1.461
   356   -6405.5979     0.1386     0.1222    0.0009    79.19    358    1.455
   357   -6405.7104     0.1834     0.1125    0.0008    77.95    359    1.465
   358   -6405.8705     0.1731     0.1601    0.0014    82.78    360    1.456
   359   -6406.0268     0.2363     0.1563    0.0020    82.55    361    1.454
   360   -6406.1543     0.1525     0.1275    0.0009    80.84    362    1.455
   361   -6406.2326     0.1238     0.0783    0.0001    51.10    363    1.467
   362   -6406.3513     0.1200     0.1188    0.0004    63.87    364    1.457
   363   -6406.4853     0.1784     0.1340    0.0013    77.74    365    1.455
   364   -6406.5803     0.1371     0.0949    0.0011    83.83    366    1.461
   365   -6406.6705     0.1235     0.0902    0.0011    83.18    367    1.453
   366   -6406.7911     0.1383     0.1206    0.0015    82.01    368    1.448
   367   -6406.8843     0.2428     0.0932    0.0017    82.00    369    1.451
   368   -6407.0004     0.1211     0.1161    0.0003    72.52    370    1.447
   369   -6407.0945     0.1187     0.0941    0.0003    59.03    371    1.447
   370   -6407.1957     0.1492     0.1011    0.0006    74.34    372    1.452
   371   -6407.3147     0.1981     0.1191    0.0011    79.75    373    1.447
   372   -6407.4616     0.1255     0.1468    0.0013    83.51    374    1.447
   373   -6407.5798     0.1437     0.1182    0.0013    80.85    375    1.449
   374   -6407.6898     0.1899     0.1100    0.0013    80.80    376    1.447
   375   -6407.8020     0.1513     0.1122    0.0004    75.85    377    1.447
   376   -6407.9685     0.1424     0.1664    0.0007    73.74    378    1.449
   377   -6408.1506     0.2522     0.1821    0.0017    78.70    379    1.449
   378   -6408.3099     0.1981     0.1593    0.0016    84.54    380    1.449
   379   -6408.4398     0.1401     0.1299    0.0009    82.04    381    1.451
   380   -6408.5858     0.1524     0.1460    0.0014    79.79    382    1.447
   381   -6408.6991     0.1940     0.1134    0.0012    81.96    383    1.453
   382   -6408.8525     0.1800     0.1533    0.0013    84.03    384    1.450
   383   -6409.0577     0.2425     0.2052    0.0021    83.45    385    1.447
   384   -6409.3003     0.1775     0.2426    0.0030    85.57    386    1.449
   385   -6409.4805     0.1802     0.1803    0.0011    80.16    387    1.452
   386   -6409.7367     0.1740     0.2562    0.0015    79.13    388    1.447
   387   -6409.9219     0.3422     0.1852    0.0018    77.13    389    1.447
   388   -6410.0984     0.1725     0.1765    0.0003    61.94    390    1.451
   389   -6410.2028     0.1520     0.1044    0.0002    59.20    391    1.449
   390   -6410.3662     0.1601     0.1634    0.0008    76.71    392    1.451
   391   -6410.5543     0.3125     0.1882    0.0021    82.25    393    1.454
   392   -6410.7965     0.2184     0.2422    0.0026    86.45    394    1.458
   393   -6411.0065     0.1903     0.2100    0.0028    85.82    395    1.451
   394   -6411.2015     0.2847     0.1951    0.0025    83.11    396    1.449
   395   -6411.4057     0.1791     0.2042    0.0003    65.30    397    1.450
   396   -6411.5833     0.1586     0.1776    0.0006    70.15    398    1.451
   397   -6411.7848     0.2299     0.2015    0.0014    78.61    399    1.449
   398   -6411.9820     0.2347     0.1972    0.0018    83.62    400    1.454
   399   -6412.1701     0.1765     0.1881    0.0012    82.79    401    1.454
   400   -6412.3877     0.1985     0.2176    0.0019    80.94    402    1.449
   401   -6412.5633     0.2102     0.1755    0.0016    82.99    403    1.449
   402   -6412.7465     0.1981     0.1832    0.0017    84.19    404    1.456
   403   -6412.9496     0.2440     0.2030    0.0019    82.44    405    1.450
   404   -6413.1735     0.1943     0.2240    0.0012    80.84    406    1.449
   405   -6413.3979     0.1831     0.2243    0.0013    79.67    407    1.455
   406   -6413.5759     0.2947     0.1780    0.0020    80.68    408    1.451
   407   -6413.7310     0.1642     0.1551    0.0003    61.32    409    1.450
   408   -6413.8162     0.1377     0.0853    0.0001    42.39    410    1.460
   409   -6413.9456     0.1346     0.1293    0.0006    72.35    411    1.449
   410   -6414.0686     0.2706     0.1230    0.0011    76.56    412    1.451
   411   -6414.2064     0.1507     0.1378    0.0009    83.24    413    1.453
   412   -6414.3220     0.1146     0.1156    0.0009    80.63    414    1.450
   413   -6414.4353     0.1607     0.1133    0.0011    78.23    415    1.453
   414   -6414.5377     0.1872     0.1024    0.0010    80.02    416    1.453
   415   -6414.6455     0.1366     0.1078    0.0003    73.19    417    1.452
   416   -6414.7948     0.1241     0.1493    0.0006    67.84    418    1.453
   417   -6414.9244     0.2041     0.1296    0.0008    71.68    419    1.455
   418   -6415.0509     0.1660     0.1264    0.0008    80.80    420    1.453
   419   -6415.1931     0.1388     0.1422    0.0010    79.11    421    1.451
   420   -6415.3114     0.1662     0.1183    0.0008    75.66    422    1.449
   421   -6415.4206     0.1523     0.1092    0.0006    76.23    423    1.452
   422   -6415.5546     0.1381     0.1340    0.0006    74.81    424    1.451
   423   -6415.6830     0.2265     0.1284    0.0011    76.49    425    1.454
   424   -6415.7828     0.1712     0.0998    0.0008    80.82    426    1.461
   425   -6415.8520     0.1185     0.0692    0.0001    45.04    427    1.457
   426   -6415.9537     0.0947     0.1017    0.0004    66.16    428    1.450

 Optimization achieved convergence criteria:  0.09474
 Generalized Kirkwood  -2584.70413068      0.054
 Cavitation             1532.57092518      0.048
 Dispersion            -1049.57284243      0.081

 Computed Potential Energy
  Bond Stretching            211.30364620         2438        0.000 ( 0.01602)
  Angle Bending              547.76334787         4437        0.000 ( 2.80763)
  Stretch-Bend                 5.58843776         3900        0.000
  Out-of-Plane Bend           15.66181915         1398        0.000
  Torsional Angle            -21.84807418         6483        0.000
  Pi-Orbital Torsion          18.97557196          267        0.000
  Torsion-Torsion            -60.49681888           13        0.000
  Van der Waals              296.67696080      2898380        0.012
  Atomic Multipoles        -4670.05546362      2898380
  Polarization              -657.81704139      2898380        0.897
  Solvation                -2101.70604794      2907666
  Total Potential          -6415.95366227  (Kcal/mole)        0.910 (sec)
 Setting atom names to PDB standard.
 Saving 1YMB_pH8.55.pdb_3
 Wrote induced dipoles to: /Dedicated/schnieders/maemmad/pKa_GNN/ffx_pipeline/data/fixed_pdbs/1YMB/1YMB_pH8.55.uind
 Wrote permanent multipoles to: /Dedicated/schnieders/maemmad/pKa_GNN/ffx_pipeline/data/fixed_pdbs/1YMB/1YMB_pH8.55.uperm

 Script wall clock time: 631.031 (sec)
=== Titration pH 8.55 done: Sun May 17 11:09:55 CDT 2026 ===
