 Evaluating /Dedicated/schnieders/programs/stack-2021.1.sh
  Loading Modules
   Stack 2021.1
   GCC 9.3.0
   CMake 3.20.0
   Eigen 3.3.9
   Cuda 11.1.1
   Cuda: /usr/share/apps/2021.1/arch/gcc-9.3.0/cuda-11.1.1
   CudaNN 8.0.5.39-11.1
   Swig 4.0.2_gcc-9.3.0
  Loading software from /Dedicated/schnieders/programs/local
   Ant: /Dedicated/schnieders/programs/apache-ant-1.10.11
   FFX: /Dedicated/schnieders/programs/ffx-builds/forcefieldx-2026-01-04
   GDMA: /Dedicated/schnieders/programs/gdma-2.3
   Groovy: /Dedicated/schnieders/programs/groovy-4.0.1
   Java: /Dedicated/schnieders/programs/jdk-25.0.1
   Maven: /Dedicated/schnieders/programs/apache-maven-3.9.5
   VMD: /Dedicated/schnieders/programs/vmd
   NAMD: /Dedicated/schnieders/programs/NAMD_3.0alpha7_Linux-x86_64-multicore-CUDA
   OpenEye: /Dedicated/schnieders/programs/OpenEye
   Tinker: /Dedicated/schnieders/programs/tinker-tools
=== Titration pH 4.4 started: Sat May  2 07:32:43 CDT 2026 ===
WARNING: Using incubator modules: jdk.incubator.vector
WARNING: Using incubator modules: jdk.incubator.vector
 _________________________________________________________________________

        FORCE FIELD X - Polyglot Software for Molecular Biophysics 

        Version 1.0.0-6947  April 2026 
        Git Revision  519408079905b3dd4b967041b75b836f63fb563f 
 
        Please cite the following reference when using Force Field X:

        RA Gogal, AJ Nessler, AC Thiel, HV Bernabe, RA Corrigan Grove,
        LM Cousineau, JM Litman, JM Miller, G Qi, MJ Speranza,
        MR Tollefson, TD Fenn, JJ Michaelson, O Okada, JP Piquemal,
        JW Ponder, J Shen, RJH Smith, W Yang, P Ren and MJ Schnieders,
        2024, Journal of Chemical Physics, 161 (1).

        Copyright (c)  Michael J. Schnieders  2001-2025
        All Rights Reserved

        Force Field X is distributed under the GPL v. 3 license
        with linking exception and is hosted by the Schnieders Lab
        at The University of Iowa.

        User Manual:   https://ffx.biochem.uiowa.edu/manual.html
        Publications:  https://ffx.biochem.uiowa.edu/publications.html
        License:       https://ffx.biochem.uiowa.edu/licenses.html

 _________________________________________________________________________

 Sat May 02 07:33:14 CDT 2026
 Process ID 227734 on argon-itf-bx53-34.hpc.

 Command line arguments:
 [ManyBody, --tR, --pH, 4.4, --oT, -T, --kPH, 3.0, /Dedicated/schnieders/maemmad/pKa_GNN/ffx_pipeline/data/fixed_pdbs/1HV0/1HV0_pH4.4.pdb]

 Executing internal command: ffx.algorithms.commands.ManyBody

 Parsing: Internal force field (amoeba-bio-2018-cphmd).
 Parsing: Structure properties from (/Dedicated/schnieders/maemmad/pKa_GNN/ffx_pipeline/data/fixed_pdbs/1HV0/titrate.properties).
 Parsing: JVM system properties (i.e. command line -Dkey=value pairs).

 Attempting to read force field patch from /Dedicated/schnieders/maemmad/pKa_GNN/naphosphate_solute.09Feb21.prm.

 Renumbering Patch: FALSE
 Reading 1HV0_pH4.4.pdb

 Assigning atom types for 1 chains.
 Amino acid chain A
 Constructing Force Field AMOEBA-BIO-2018-CPHMD

 SMP threads:                                20
 The system will be treated as aperiodic (max separation =   48.2 A).

 Bonded Terms
  Bonds:                                   2819
  Angles:                                  5000
  Stretch-Bends:                           4511
  Out-of-Plane Bends:                      2025
  Torsions:                                7384
  Pi-Orbital Torsions:                      441
  Torsion-Torsions:                          25

 Non-Bonded Terms

  Van der Waals
   Cut-Off:                                NONE
   Long-Range Correction:                 FALSE

 Electrostatics
   Polarization:                         MUTUAL
    SCF Convergence Criteria:         1.000e-06
    SCF Predictor:                         NONE
    SCF Algorithm:                           CG
    CG Preconditioner Cut-Off:            4.500
    CG Preconditioner Ewald Coeff.:       0.000
    CG Preconditioner Scale:              2.000
    CG Preconditioner Mode:     FLETCHER_REEVES
    Electrostatics Cut-Off:                NONE

  Continuum Solvation
   Radii:                                SOLUTE
   Generalized Kirkwood Cut-Off:           NONE
   GKC:                                  2.4550
   Solvent Dielectric:                  78.3000
   Solute Dielectric:                    2.0000
   Descreen with vdW Radii:                TRUE
   Descreen with Hydrogen Atoms:          FALSE
   Descreen Offset:                      0.0000
   General HCT Scale Factor:             0.7200
   Non-Polar Model:                  GAUSS-DISP
    GaussVol Radii Offset:               0.0000
    GaussVol Radii Scale:                1.0000
   Dispersion Integral Offset:           1.0560 (A)
   Cavitation Solvent Pressure:          0.0334 (Kcal/mol/A^3)
   Cavitation Surface Tension:           0.1030 (Kcal/mol/A^2)
   Cavitation Cross-Over Radius:         9.2515 (A)

  Overall system charge:                  5.000

 Opened 1HV0_pH4.4.pdb in 1.451 sec.

 System Resources
  Total CPU time:          22.97 (sec)
  System load average:     63.25
  Open file handles:         146 of  81920 allowed
  System memory:          383724 MB free out of 384640 MB
  System swap space:        2053 MB free out of   2053 MB
  JVM memory:               4013 MB free out of   4096 MB

 Adding titration hydrogen to : /Dedicated/schnieders/maemmad/pKa_GNN/ffx_pipeline/data/fixed_pdbs/1HV0/1HV0_pH4.4.pdb

 Reading 1HV0_pH4.4.pdb

 Assigning atom types for 1 chains.
 Amino acid chain A
 Renumbering PDB file due to built atoms (2780 vs 2771)
 Total number of atoms: 2780

 Constructing Force Field AMOEBA-BIO-2018-CPHMD

 SMP threads:                                20
 The system will be treated as aperiodic (max separation =   48.2 A).

 Bonded Terms
  Bonds:                                   2828
  Angles:                                  5009
  Stretch-Bends:                           4511
  Out-of-Plane Bends:                      2025
  Torsions:                                7402
  Pi-Orbital Torsions:                      441
  Torsion-Torsions:                          25

 Non-Bonded Terms

  Van der Waals
   Cut-Off:                                NONE
   Long-Range Correction:                 FALSE

 Electrostatics
   Polarization:                         MUTUAL
    SCF Convergence Criteria:         1.000e-06
    SCF Predictor:                         NONE
    SCF Algorithm:                           CG
    CG Preconditioner Cut-Off:            4.500
    CG Preconditioner Ewald Coeff.:       0.000
    CG Preconditioner Scale:              2.000
    CG Preconditioner Mode:     FLETCHER_REEVES
    Electrostatics Cut-Off:                NONE

  Continuum Solvation
   Radii:                                SOLUTE
   Generalized Kirkwood Cut-Off:           NONE
   GKC:                                  2.4550
   Solvent Dielectric:                  78.3000
   Solute Dielectric:                    2.0000
   Descreen with vdW Radii:                TRUE
   Descreen with Hydrogen Atoms:          FALSE
   Descreen Offset:                      0.0000
   General HCT Scale Factor:             0.7200
   Non-Polar Model:                  GAUSS-DISP
    GaussVol Radii Offset:               0.0000
    GaussVol Radii Scale:                1.0000
   Dispersion Integral Offset:           1.0560 (A)
   Cavitation Solvent Pressure:          0.0334 (Kcal/mol/A^3)
   Cavitation Surface Tension:           0.1030 (Kcal/mol/A^2)
   Cavitation Cross-Over Radius:         9.2515 (A)

  Overall system charge:                 14.000
 Temperature: 298.150000

 Energy restart file: 1HV0_pH4.4.restart

 Initial Potential Energy:
 Generalized Kirkwood  -1618.74820795      0.206
 Cavitation             1750.45715394      0.141
 Dispersion            -1008.58336447      0.317

 Computed Potential Energy
  Bond Stretching            247.63663169         2828        0.006 ( 0.01518)
  Angle Bending              607.61980083         5009        0.005 ( 2.85088)
  Stretch-Bend                -7.29542834         4511        0.004
  Out-of-Plane Bend           28.21011185         2025        0.002
  Torsional Angle            208.09521386         7402        0.003
  Pi-Orbital Torsion          22.59204320          441        0.001
  Torsion-Torsion            -89.00932849           25        0.000
  Van der Waals              531.76423377      3854973        0.116
  Atomic Multipoles        -1664.58054294      3854973
  Polarization              -196.79403552      3854973        2.389
  Solvation                 -876.87441847      3865590
  Total Potential          -1188.63571857  (Kcal/mole)        2.528 (sec)

 Initial Rotamer Torsion Angles:

 Residue    Current Torsional Angles
 A    4-ASH   57.834   28.309    0.000    0.000
 A   11-ASH   63.195    0.990    0.000    0.000
 A   40-LYS  -78.927 -170.330  165.286  175.733
 A   78-GLH -169.824 -174.123   35.093    0.000
 A   83-ASH  -84.108   -3.928    0.000    0.000
 A   95-LYS  -62.020  -67.996 -179.962  180.000
 A   99-LYS -176.998  179.985  179.962 -179.987
 A  101-ASH  -50.567  -71.824    0.000    0.000
 A  106-ASH  -67.588  -39.678    0.000    0.000
 A  119-ASH  -68.207  -18.665    0.000    0.000
 A  121-ASH  -61.621  -33.206    0.000    0.000
 A  135-LYS  -66.598  178.247 -172.450 -167.510
 A  149-HIS  -61.183  -73.281    0.000    0.000
 A  154-LYS -176.986 -179.984  179.988  179.986
 A  156-HIS  -64.352  107.593    0.000    0.000
 A  172-GLH  174.432  167.048   -6.205    0.000

 Rotamer Library:     Richardson
 Algorithm:           ALL
 Goldstein Criteria:  true
 Three-Body Energies: true


 Computing Residue Distance Matrix
 Built residue neighbor list:              0.016 sec
 Pairwise distance matrix:               158.681 sec

 Beginning Energy   -1612.85922748

     Residue  Nrot
   1   A4-ASH   27
   2  A11-ASH   27
   3  A40-LYS   56
   4  A78-GLH   42
   5  A83-ASH   27
   6  A95-LYS   56
   7  A99-LYS   56
   8 A101-ASH   27
   9 A106-ASH   27
  10 A119-ASH   27
  11 A121-ASH   27
  12 A135-LYS   56
  13 A149-HIS   27
  14 A154-LYS   56
  15 A156-HIS   27
  16 A172-GLH   42

 Number of self energies: 607
 Backbone energy:    -1075.92162224

 Self   A4-ASP 0 :     -11.62176620 in 2.4642 (sec).
 Self   A4-ASH 1 :      -1.05667521 in 2.4284 (sec).
 Self   A4-ASH 2 :      -3.89665267 in 2.3819 (sec).
 Self   A4-ASH 3 :      -4.01839977 in 2.4426 (sec).
 Self   A4-ASH 4 :      11.25712036 in 2.5036 (sec).
 Self   A4-ASH 5 :      -1.98022712 in 2.3333 (sec).
 Self   A4-ASH 6 :      -5.98435687 in 2.4835 (sec).
 Self   A4-ASH 7 :      20.08030117 in 2.3854 (sec).
 Self   A4-ASH 8 :      25.88598378 in 2.2643 (sec).
 Self   A4-ASH 9 :      14.24790676 in 2.3315 (sec).
 Self   A4-ASH 10:      -3.64014667 in 2.4433 (sec).
 Self   A4-ASH 11:       3.14725660 in 2.3941 (sec).
 Self   A4-ASH 12:       0.93858451 in 2.3431 (sec).
 Self   A4-ASH 13:       1.36366629 in 2.3299 (sec).
 Self   A4-ASH 14:      16.44465415 in 2.3571 (sec).
 Self   A4-ASH 15:       4.83557375 in 2.4264 (sec).
 Self   A4-ASH 16:      -0.84787380 in 2.2755 (sec).
 Self   A4-ASH 17:      38.41211469 in 2.4329 (sec).
 Self   A4-ASH 18:      37.26693839 in 2.4268 (sec).
 Self   A4-ASH 19:      46.37983635 in 2.3488 (sec).
 Self   A4-ASH 20:       1.87497706 in 2.3929 (sec).
 Self   A4-ASH 21:      30.16732520 in 2.3490 (sec).
 Self   A4-ASP 22:      -8.09750022 in 2.3526 (sec).
 Self   A4-ASP 23:      -8.63798721 in 2.4061 (sec).
 Self   A4-ASP 24:      12.04427686 in 2.4165 (sec).
 Self   A4-ASP 25:      -7.19320736 in 2.3857 (sec).
 Self   A4-ASP 26:      -4.61428692 in 2.3517 (sec).
 Self  A11-ASP 0 :     -13.14100714 in 2.3880 (sec).
 Self  A11-ASH 1 :       7.32545043 in 2.2789 (sec).
 Self  A11-ASH 2 :      43.35368710 in 2.3152 (sec).
 Self  A11-ASH 3 :     241.10243064 in 2.3391 (sec).
 Self  A11-ASH 4 :      13.43838613 in 2.2452 (sec).
 Self  A11-ASH 5 :       0.63683960 in 2.5344 (sec).
 Self  A11-ASH 6 :      68.40235413 in 2.2851 (sec).
 Self  A11-ASH 7 :      15.82618714 in 2.3777 (sec).
 Self  A11-ASH 8 :      23.38414636 in 2.4792 (sec).
 Self  A11-ASH 9 :      16.77475190 in 2.2633 (sec).
 Self  A11-ASH 10:      -0.51329883 in 2.3682 (sec).
 Self  A11-ASH 11:     336.02552276 in 2.4038 (sec).
 Self  A11-ASH 12:      10.55985309 in 2.3711 (sec).
 Self  A11-ASH 13:      30.66098857 in 2.4350 (sec).
 Self  A11-ASH 14:      18.77979325 in 2.3715 (sec).
 Self  A11-ASH 15:       7.27652661 in 2.3457 (sec).
 Self  A11-ASH 16:      73.11105543 in 2.4426 (sec).
 Self  A11-ASH 17:      54.59177284 in 2.5691 (sec).
 Self  A11-ASH 18:      64.12253373 in 2.3419 (sec).
 Self  A11-ASH 19:      48.89344373 in 2.3151 (sec).
 Self  A11-ASH 20:       5.01624947 in 2.3645 (sec).
 Self  A11-ASH 21:      94.96900979 in 2.3332 (sec).
 Self  A11-ASP 22:      -8.33919722 in 2.2793 (sec).
 Self  A11-ASP 23:       3.68028900 in 2.2336 (sec).
 Self  A11-ASP 24:      13.48865685 in 2.4555 (sec).
 Self  A11-ASP 25:      -4.58861983 in 2.4296 (sec).
 Self  A11-ASP 26:      89.38128583 in 2.2941 (sec).
 Self  A40-LYS 0 :     -16.52803065 in 2.2942 (sec).
 Self  A40-LYD 1 :     100.33889235 in 2.2482 (sec).
 Self  A40-LYD 2 :    2016.85237144 in 2.3111 (sec).
 Self  A40-LYD 3 :    3901.12589927 in 2.2799 (sec).
 Self  A40-LYD 4 :    2874.42637476 in 2.2928 (sec).
 Self  A40-LYD 5 :    1484.88970632 in 2.3374 (sec).
 Self  A40-LYD 6 :   30861.02323081 in 2.3595 (sec).
 Self  A40-LYD 7 :     434.05183647 in 2.3851 (sec).
 Self  A40-LYD 8 :     210.61307465 in 2.3878 (sec).
 Self  A40-LYD 9 :     417.53747017 in 2.3813 (sec).
 Self  A40-LYD 10:    2388.12470589 in 2.2546 (sec).
 Self  A40-LYD 11:   60876.27082604 in 2.2377 (sec).
 Self  A40-LYD 12:  106585.20569779 in 2.5271 (sec).
 Self  A40-LYD 13:   59805.12753319 in 2.4160 (sec).
 Self  A40-LYD 14:   30119.77290319 in 2.3266 (sec).
 Self  A40-LYD 15:     435.83079359 in 2.4310 (sec).
 Self  A40-LYD 16:     222.64556241 in 2.2566 (sec).
 Self  A40-LYD 17:    2139.17717438 in 2.3567 (sec).
 Self  A40-LYD 18:     207.55359907 in 2.3073 (sec).
 Self  A40-LYD 19:     383.24328040 in 2.2483 (sec).
 Self  A40-LYD 20:    2405.99946168 in 2.2913 (sec).
 Self  A40-LYD 21:     262.51164917 in 2.2799 (sec).
 Self  A40-LYD 22:     147.60711497 in 2.3117 (sec).
 Self  A40-LYD 23:     820.74065134 in 2.4374 (sec).
 Self  A40-LYD 24:     673.23423520 in 2.3309 (sec).
 Self  A40-LYD 25:     385.99311113 in 2.2998 (sec).
 Self  A40-LYD 26:     587.36125867 in 2.3075 (sec).
 Self  A40-LYD 27:    3455.69595952 in 2.2681 (sec).
 Self  A40-LYD 28:     144.37795467 in 2.2349 (sec).
 Self  A40-LYS 29:    2092.19955719 in 2.2115 (sec).
 Self  A40-LYS 30:      -1.98252950 in 2.2486 (sec).
 Self  A40-LYS 31:    2883.49843363 in 2.4444 (sec).
 Self  A40-LYS 32:    1377.22347965 in 2.4334 (sec).
 Self  A40-LYS 33:   31799.20318994 in 2.2422 (sec).
 Self  A40-LYS 34:    3680.15549083 in 2.3068 (sec).
 Self  A40-LYS 35:     107.85044390 in 2.3305 (sec).
 Self  A40-LYS 36:     314.95201225 in 2.3957 (sec).
 Self  A40-LYS 37:    5050.14010515 in 2.3105 (sec).
 Self  A40-LYS 38:   62557.04808354 in 2.2328 (sec).
 Self  A40-LYS 39:  107032.41990200 in 2.2564 (sec).
 Self  A40-LYS 40:   59846.37343108 in 2.4700 (sec).
 Self  A40-LYS 41:   30183.89222440 in 2.3524 (sec).
 Self  A40-LYS 42:     356.06236243 in 2.2625 (sec).
 Self  A40-LYS 43:     108.57784395 in 2.2616 (sec).
 Self  A40-LYS 44:    2027.75034104 in 2.2134 (sec).
 Self  A40-LYS 45:     119.28790285 in 2.3675 (sec).
 Self  A40-LYS 46:     279.17748981 in 2.2080 (sec).
 Self  A40-LYS 47:    2372.44351938 in 2.2938 (sec).
 Self  A40-LYS 48:     423.31129933 in 2.2962 (sec).
 Self  A40-LYS 49:      32.84118803 in 2.2738 (sec).
 Self  A40-LYS 50:     905.90178573 in 2.2575 (sec).
 Self  A40-LYS 51:     845.45808116 in 2.3175 (sec).
 Self  A40-LYS 52:     272.44236698 in 2.3119 (sec).
 Self  A40-LYS 53:     478.29146647 in 2.2120 (sec).
 Self  A40-LYS 54:    8817.07296035 in 2.4030 (sec).
 Self  A40-LYS 55:      33.59704031 in 2.2548 (sec).
 Self  A78-GLU 0 :      -4.59077691 in 2.3204 (sec).
 Self  A78-GLH 1 :       6.97600554 in 2.4101 (sec).
 Self  A78-GLH 2 :     555.41934827 in 2.5220 (sec).
 Self  A78-GLH 3 :     305.50602829 in 2.3724 (sec).
 Self  A78-GLH 4 :     178.50261176 in 2.3393 (sec).
 Self  A78-GLH 5 :      10.52496429 in 2.2686 (sec).
 Self  A78-GLH 6 :     611.10277382 in 2.3108 (sec).
 Self  A78-GLH 7 :    4758.47430487 in 2.3530 (sec).
 Self  A78-GLH 8 :    3837.16418239 in 2.3886 (sec).
 Self  A78-GLH 9 :    7272.03851974 in 2.3903 (sec).
 Self  A78-GLH 10:     281.05490536 in 2.2847 (sec).
 Self  A78-GLH 11:     215.49281676 in 2.2950 (sec).
 Self  A78-GLH 12:     371.31873435 in 2.5649 (sec).
 Self  A78-GLH 13:       9.81244280 in 2.2984 (sec).
 Self  A78-GLH 14:     320.96577024 in 2.3479 (sec).
 Self  A78-GLH 15:    2307.29616106 in 2.4413 (sec).
 Self  A78-GLH 16:     779.86913940 in 2.3057 (sec).
 Self  A78-GLH 17:   18361.42264313 in 2.4026 (sec).
 Self  A78-GLH 18:     784.63582421 in 2.4029 (sec).
 Self  A78-GLH 19:    1015.66643366 in 2.4127 (sec).
 Self  A78-GLH 20:     276.34266582 in 2.3556 (sec).
 Self  A78-GLH 21:     132.74779089 in 2.3524 (sec).
 Self  A78-GLH 22:     416.74246931 in 2.2608 (sec).
 Self  A78-GLH 23:    9731.36819696 in 2.3814 (sec).
 Self  A78-GLH 24:  419430.26829510 in 2.3166 (sec).
 Self  A78-GLH 25:    8655.93253599 in 2.4617 (sec).
 Self  A78-GLH 26:     296.31243384 in 2.3602 (sec).
 Self  A78-GLH 27:     239.84300154 in 2.3083 (sec).
 Self  A78-GLH 28:     223.38061115 in 2.2938 (sec).
 Self  A78-GLH 29:      32.64419956 in 2.4350 (sec).
 Self  A78-GLH 30:     232.20733740 in 2.3057 (sec).
 Self  A78-GLH 31:     947.35684975 in 2.3990 (sec).
 Self  A78-GLH 32:     798.70751211 in 2.2430 (sec).
 Self  A78-GLH 33:   18347.66911053 in 2.3653 (sec).
 Self  A78-GLU 34:     317.06268890 in 2.3592 (sec).
 Self  A78-GLU 35:     280.17598478 in 2.3104 (sec).
 Self  A78-GLU 36:     178.12105655 in 2.3975 (sec).
 Self  A78-GLU 37:       2.83893492 in 2.4593 (sec).
 Self  A78-GLU 38:     439.22495044 in 2.2377 (sec).
 Self  A78-GLU 39:    1242.14713701 in 2.2416 (sec).
 Self  A78-GLU 40:    1250.01528117 in 2.2991 (sec).
 Self  A78-GLU 41:   13111.81087142 in 2.3408 (sec).
 Self  A83-ASP 0 :      -9.58619342 in 2.2965 (sec).
 Self  A83-ASH 1 :       6.35877898 in 2.2859 (sec).
 Self  A83-ASH 2 :      35.69128910 in 2.3881 (sec).
 Self  A83-ASH 3 :      11.45005334 in 2.2856 (sec).
 Self  A83-ASH 4 :     408.07525992 in 2.2216 (sec).
 Self  A83-ASH 5 :     344.51537567 in 2.4857 (sec).
 Self  A83-ASH 6 :      -6.25894596 in 2.3740 (sec).
 Self  A83-ASH 7 :      51.05895342 in 2.3091 (sec).
 Self  A83-ASH 8 :      21.50114073 in 2.3133 (sec).
 Self  A83-ASH 9 :    1750.12403310 in 2.3274 (sec).
 Self  A83-ASH 10:     696.48263902 in 2.4719 (sec).
 Self  A83-ASH 11:      -1.43119021 in 2.6017 (sec).
 Self  A83-ASH 12:      52.01149089 in 2.2854 (sec).
 Self  A83-ASH 13:      13.30124374 in 2.4191 (sec).
 Self  A83-ASH 14:     349.10772005 in 2.4229 (sec).
 Self  A83-ASH 15:     109.90565761 in 2.2881 (sec).
 Self  A83-ASH 16:      -1.00762532 in 2.3453 (sec).
 Self  A83-ASH 17:     136.75258217 in 2.4298 (sec).
 Self  A83-ASH 18:      82.18532978 in 2.3633 (sec).
 Self  A83-ASH 19:     286.13273186 in 2.3707 (sec).
 Self  A83-ASH 20:     107.54846503 in 2.3867 (sec).
 Self  A83-ASH 21:      19.01606350 in 2.2674 (sec).
 Self  A83-ASP 22:      47.49267850 in 2.3987 (sec).
 Self  A83-ASP 23:      12.02254038 in 2.2619 (sec).
 Self  A83-ASP 24:     403.80427610 in 2.3604 (sec).
 Self  A83-ASP 25:     121.36436593 in 2.4889 (sec).
 Self  A83-ASP 26:      -8.77740879 in 2.3669 (sec).
 Self  A95-LYS 0 :     -19.84378968 in 2.2630 (sec).
 Self  A95-LYD 1 :      96.43197553 in 2.4638 (sec).
 Self  A95-LYD 2 :   31725.38303439 in 2.3782 (sec).
 Self  A95-LYD 3 : *     1.9543e+07 in 2.4271 (sec).
 Self  A95-LYD 4 : *     1.8801e+07 in 2.3533 (sec).
 Self  A95-LYD 5 : *     1.9903e+07 in 2.3468 (sec).
 Self  A95-LYD 6 :   23146.42042911 in 2.3612 (sec).
 Self  A95-LYD 7 :     127.18929187 in 2.3523 (sec).
 Self  A95-LYD 8 :     121.12607748 in 2.3205 (sec).
 Self  A95-LYD 9 :     824.17298658 in 2.2991 (sec).
 Self  A95-LYD 10:     284.53079723 in 2.2873 (sec).
 Self  A95-LYD 11:    1068.94100657 in 2.2144 (sec).
 Self  A95-LYD 12:     899.45571623 in 2.3080 (sec).
 Self  A95-LYD 13:     228.80601405 in 2.2932 (sec).
 Self  A95-LYD 14:     276.52793549 in 2.3885 (sec).
 Self  A95-LYD 15:    2153.26781214 in 2.5068 (sec).
 Self  A95-LYD 16:     292.51495480 in 2.2410 (sec).
 Self  A95-LYD 17:     119.44698340 in 2.2460 (sec).
 Self  A95-LYD 18:     318.75097131 in 2.4422 (sec).
 Self  A95-LYD 19:   12587.46583556 in 2.4976 (sec).
 Self  A95-LYD 20:    1142.39935431 in 2.3312 (sec).
 Self  A95-LYD 21:     628.84451846 in 2.3668 (sec).
 Self  A95-LYD 22:     288.08011403 in 2.4283 (sec).
 Self  A95-LYD 23:    1821.25103669 in 2.2749 (sec).
 Self  A95-LYD 24:     702.88704088 in 2.2844 (sec).
 Self  A95-LYD 25:      99.79978095 in 2.3433 (sec).
 Self  A95-LYD 26:      96.42760324 in 2.3995 (sec).
 Self  A95-LYD 27:     103.89235646 in 2.2790 (sec).
 Self  A95-LYD 28:      96.97075634 in 2.3895 (sec).
 Self  A95-LYS 29:   33168.41804003 in 2.3469 (sec).
 Self  A95-LYS 30:      45.03790942 in 2.4791 (sec).
 Self  A95-LYS 31: *     1.7684e+07 in 2.3074 (sec).
 Self  A95-LYS 32: *     2.2079e+07 in 2.4084 (sec).
 Self  A95-LYS 33:   23560.04965027 in 2.3885 (sec).
 Self  A95-LYS 34:      10.91700593 in 2.3363 (sec).
 Self  A95-LYS 35:       3.78397133 in 2.2476 (sec).
 Self  A95-LYS 36:     739.37655742 in 2.2705 (sec).
 Self  A95-LYS 37:     167.89931825 in 2.3681 (sec).
 Self  A95-LYS 38:     859.27363843 in 2.3243 (sec).
 Self  A95-LYS 39:     766.88165838 in 2.3199 (sec).
 Self  A95-LYS 40:     123.56992302 in 2.3506 (sec).
 Self  A95-LYS 41:     160.44422542 in 2.2435 (sec).
 Self  A95-LYS 42:   13356.66156771 in 2.4145 (sec).
 Self  A95-LYS 43:     183.81938021 in 2.2773 (sec).
 Self  A95-LYS 44:       6.67396720 in 2.2572 (sec).
 Self  A95-LYS 45:     205.73647854 in 2.3167 (sec).
 Self  A95-LYS 46:   12942.34225333 in 2.2556 (sec).
 Self  A95-LYS 47:    1029.23491336 in 2.3334 (sec).
 Self  A95-LYS 48:     536.39775869 in 2.3680 (sec).
 Self  A95-LYS 49:     172.55984346 in 2.3939 (sec).
 Self  A95-LYS 50:   13875.97747917 in 2.2986 (sec).
 Self  A95-LYS 51:     628.48796124 in 2.3842 (sec).
 Self  A95-LYS 52:     -13.28470398 in 2.6481 (sec).
 Self  A95-LYS 53:     -19.85697238 in 2.3365 (sec).
 Self  A95-LYS 54:      -2.25805711 in 2.2855 (sec).
 Self  A95-LYS 55:     -19.72341778 in 2.2621 (sec).
 Self  A99-LYS 0 :     -22.40509518 in 2.3266 (sec).
 Self  A99-LYD 1 :      93.73386394 in 2.3680 (sec).
 Self  A99-LYD 2 :      98.80421499 in 2.3491 (sec).
 Self  A99-LYD 3 :      98.14637700 in 2.2916 (sec).
 Self  A99-LYD 4 :      97.17465823 in 2.3268 (sec).
 Self  A99-LYD 5 :      99.14092044 in 2.3179 (sec).
 Self  A99-LYD 6 :      98.76815010 in 2.2012 (sec).
 Self  A99-LYD 7 :     115.23417498 in 2.3208 (sec).
 Self  A99-LYD 8 :     101.55482770 in 2.3631 (sec).
 Self  A99-LYD 9 :     103.65702182 in 2.3241 (sec).
 Self  A99-LYD 10:      96.36933784 in 2.4935 (sec).
 Self  A99-LYD 11:      95.19771249 in 2.3560 (sec).
 Self  A99-LYD 12:      94.60770512 in 2.3490 (sec).
 Self  A99-LYD 13:      93.72304437 in 2.3489 (sec).
 Self  A99-LYD 14:      95.81451878 in 2.5889 (sec).
 Self  A99-LYD 15:      95.30637557 in 2.3740 (sec).
 Self  A99-LYD 16:      97.46477470 in 2.4156 (sec).
 Self  A99-LYD 17:     123.67224974 in 2.4027 (sec).
 Self  A99-LYD 18:     140.94610133 in 2.3471 (sec).
 Self  A99-LYD 19:      96.01369086 in 2.3712 (sec).
 Self  A99-LYD 20:      95.45804058 in 2.3124 (sec).
 Self  A99-LYD 21:      94.48114910 in 2.2937 (sec).
 Self  A99-LYD 22:      95.54415815 in 2.3925 (sec).
 Self  A99-LYD 23:      96.02109206 in 2.3832 (sec).
 Self  A99-LYD 24:      98.46018294 in 2.2591 (sec).
 Self  A99-LYD 25:     163.01000570 in 2.2915 (sec).
 Self  A99-LYD 26:    5651.99297342 in 2.3371 (sec).
 Self  A99-LYD 27:     165.10651759 in 2.2362 (sec).
 Self  A99-LYD 28:     134.10996151 in 2.3897 (sec).
 Self  A99-LYS 29:     -17.06463609 in 2.2557 (sec).
 Self  A99-LYS 30:     -17.78194551 in 2.5732 (sec).
 Self  A99-LYS 31:     -18.99701306 in 2.3298 (sec).
 Self  A99-LYS 32:     -16.69464289 in 2.3495 (sec).
 Self  A99-LYS 33:     -17.13609415 in 2.4566 (sec).
 Self  A99-LYS 34:       4.58149431 in 2.3725 (sec).
 Self  A99-LYS 35:      -7.63204765 in 2.3217 (sec).
 Self  A99-LYS 36:     -11.45090026 in 2.2469 (sec).
 Self  A99-LYS 37:     -17.96107712 in 2.3281 (sec).
 Self  A99-LYS 38:     -20.77173218 in 2.4209 (sec).
 Self  A99-LYS 39:     -19.80020998 in 2.3227 (sec).
 Self  A99-LYS 40:     -22.41695197 in 2.4296 (sec).
 Self  A99-LYS 41:     -19.69626173 in 2.3443 (sec).
 Self  A99-LYS 42:     -20.68245812 in 2.3643 (sec).
 Self  A99-LYS 43:     -18.39642125 in 2.3418 (sec).
 Self  A99-LYS 44:       8.95912604 in 2.4298 (sec).
 Self  A99-LYS 45:      29.65485297 in 2.3388 (sec).
 Self  A99-LYS 46:     -19.81565126 in 2.4041 (sec).
 Self  A99-LYS 47:     -19.35524855 in 2.4869 (sec).
 Self  A99-LYS 48:     -21.59413054 in 2.2765 (sec).
 Self  A99-LYS 49:     -20.39436370 in 2.3837 (sec).
 Self  A99-LYS 50:     -19.85063147 in 2.2530 (sec).
 Self  A99-LYS 51:     -17.30117571 in 2.3500 (sec).
 Self  A99-LYS 52:      46.50431823 in 2.3406 (sec).
 Self  A99-LYS 53:    5675.06809758 in 2.3937 (sec).
 Self  A99-LYS 54:     102.14259649 in 2.3295 (sec).
 Self  A99-LYS 55:      19.07883916 in 2.2765 (sec).
 Self A101-ASP 0 :     -11.16098775 in 2.3801 (sec).
 Self A101-ASH 1 :      31.42340811 in 2.2554 (sec).
 Self A101-ASH 2 :      58.47366550 in 2.3576 (sec).
 Self A101-ASH 3 :      11.89870010 in 2.2198 (sec).
 Self A101-ASH 4 :    2018.94004332 in 2.4174 (sec).
 Self A101-ASH 5 :    2891.26919922 in 2.4932 (sec).
 Self A101-ASH 6 :      36.13876955 in 2.2594 (sec).
 Self A101-ASH 7 :      55.90881640 in 2.3055 (sec).
 Self A101-ASH 8 :       7.68697502 in 2.3240 (sec).
 Self A101-ASH 9 :     397.28144202 in 2.4265 (sec).
 Self A101-ASH 10:    1770.76118154 in 2.3960 (sec).
 Self A101-ASH 11:      14.38968675 in 2.4105 (sec).
 Self A101-ASH 12:      65.97134050 in 2.2623 (sec).
 Self A101-ASH 13:      18.98815511 in 2.3256 (sec).
 Self A101-ASH 14:     810.45696194 in 2.4065 (sec).
 Self A101-ASH 15:     587.82734834 in 2.4596 (sec).
 Self A101-ASH 16:      52.46063723 in 2.2422 (sec).
 Self A101-ASH 17:     110.02323780 in 2.3147 (sec).
 Self A101-ASH 18:      45.17776275 in 2.3070 (sec).
 Self A101-ASH 19:     425.09975228 in 2.3573 (sec).
 Self A101-ASH 20:    1771.83357017 in 2.2808 (sec).
 Self A101-ASH 21:      31.78477184 in 2.3095 (sec).
 Self A101-ASP 22:      73.22791562 in 2.2984 (sec).
 Self A101-ASP 23:      13.10291088 in 2.3825 (sec).
 Self A101-ASP 24:     479.11995626 in 2.2801 (sec).
 Self A101-ASP 25:    1280.42905724 in 2.3463 (sec).
 Self A101-ASP 26:       7.46023060 in 2.4247 (sec).
 Self A106-ASP 0 :     -14.49884802 in 2.3781 (sec).
 Self A106-ASH 1 :      -4.39983905 in 2.3373 (sec).
 Self A106-ASH 2 :      93.63299467 in 2.4264 (sec).
 Self A106-ASH 3 :     170.76214561 in 2.3854 (sec).
 Self A106-ASH 4 :     135.95530575 in 2.5441 (sec).
 Self A106-ASH 5 :     126.87078353 in 2.3379 (sec).
 Self A106-ASH 6 :      -9.87927823 in 2.3567 (sec).
 Self A106-ASH 7 :     135.24499371 in 2.4185 (sec).
 Self A106-ASH 8 :     107.95556084 in 2.4178 (sec).
 Self A106-ASH 9 :      53.47284443 in 2.2559 (sec).
 Self A106-ASH 10:     286.59043590 in 2.4038 (sec).
 Self A106-ASH 11:      23.91218556 in 2.3721 (sec).
 Self A106-ASH 12:     105.48937563 in 2.3972 (sec).
 Self A106-ASH 13:     160.87079188 in 2.3025 (sec).
 Self A106-ASH 14:     174.81623912 in 2.3059 (sec).
 Self A106-ASH 15:     162.81656546 in 2.3191 (sec).
 Self A106-ASH 16:       3.10499808 in 2.3169 (sec).
 Self A106-ASH 17:     368.45162646 in 2.3258 (sec).
 Self A106-ASH 18:     303.14872016 in 2.3881 (sec).
 Self A106-ASH 19:      78.60133475 in 2.2835 (sec).
 Self A106-ASH 20:     158.51627171 in 2.3502 (sec).
 Self A106-ASH 21:      17.52089472 in 2.3329 (sec).
 Self A106-ASP 22:      92.23051710 in 2.2887 (sec).
 Self A106-ASP 23:      81.27205825 in 2.3381 (sec).
 Self A106-ASP 24:      46.39596872 in 2.4701 (sec).
 Self A106-ASP 25:     152.35703147 in 2.3044 (sec).
 Self A106-ASP 26:     -12.90947948 in 2.3658 (sec).
 Self A119-ASP 0 :     -12.38158467 in 2.2220 (sec).
 Self A119-ASH 1 :      -2.85025206 in 2.3586 (sec).
 Self A119-ASH 2 :      16.86078004 in 2.3444 (sec).
 Self A119-ASH 3 :       2.96786251 in 2.5086 (sec).
 Self A119-ASH 4 :      11.22498313 in 2.4423 (sec).
 Self A119-ASH 5 :      -6.57427617 in 2.3048 (sec).
 Self A119-ASH 6 :      -6.54184192 in 2.4095 (sec).
 Self A119-ASH 7 :      11.58094593 in 2.4023 (sec).
 Self A119-ASH 8 :       4.27136373 in 2.2884 (sec).
 Self A119-ASH 9 :      15.24446723 in 2.2342 (sec).
 Self A119-ASH 10:      -7.84031300 in 2.2847 (sec).
 Self A119-ASH 11:      24.56012839 in 2.3522 (sec).
 Self A119-ASH 12:      21.44792140 in 2.4300 (sec).
 Self A119-ASH 13:       7.31264477 in 2.2966 (sec).
 Self A119-ASH 14:      16.51298889 in 2.3351 (sec).
 Self A119-ASH 15:      -0.15500759 in 2.3226 (sec).
 Self A119-ASH 16:      -2.57180345 in 2.3376 (sec).
 Self A119-ASH 17:      44.15909556 in 2.4153 (sec).
 Self A119-ASH 18:      39.95052006 in 2.3104 (sec).
 Self A119-ASH 19:      52.15092325 in 2.3852 (sec).
 Self A119-ASH 20:      -1.93203440 in 2.4005 (sec).
 Self A119-ASH 21:      24.57780011 in 2.3204 (sec).
 Self A119-ASP 22:      21.41511857 in 2.3745 (sec).
 Self A119-ASP 23:       2.13017991 in 2.2891 (sec).
 Self A119-ASP 24:      12.91678316 in 2.3453 (sec).
 Self A119-ASP 25:     -11.49010174 in 2.3474 (sec).
 Self A119-ASP 26:      -8.88652792 in 2.3989 (sec).
 Self A121-ASP 0 :     -12.95863382 in 2.5599 (sec).
 Self A121-ASH 1 :      -8.15243035 in 2.3522 (sec).
 Self A121-ASH 2 :     119.77676470 in 2.4174 (sec).
 Self A121-ASH 3 :      28.37956997 in 2.2778 (sec).
 Self A121-ASH 4 :      20.06841412 in 2.3113 (sec).
 Self A121-ASH 5 :       6.61339561 in 2.2725 (sec).
 Self A121-ASH 6 :     -11.95200825 in 2.4223 (sec).
 Self A121-ASH 7 :      97.62195564 in 2.5392 (sec).
 Self A121-ASH 8 :      13.27417493 in 2.3185 (sec).
 Self A121-ASH 9 :      16.85292056 in 2.4076 (sec).
 Self A121-ASH 10:      -1.41053136 in 2.4495 (sec).
 Self A121-ASH 11:      -7.94291296 in 2.5231 (sec).
 Self A121-ASH 12:     125.16671020 in 2.2710 (sec).
 Self A121-ASH 13:      34.43835487 in 2.3001 (sec).
 Self A121-ASH 14:      25.05412320 in 2.4522 (sec).
 Self A121-ASH 15:      12.52962164 in 2.2460 (sec).
 Self A121-ASH 16:      -6.81914495 in 2.3348 (sec).
 Self A121-ASH 17:     148.43720484 in 2.3203 (sec).
 Self A121-ASH 18:      48.58452032 in 2.3222 (sec).
 Self A121-ASH 19:      46.01101574 in 2.3565 (sec).
 Self A121-ASH 20:       3.96478776 in 2.3633 (sec).
 Self A121-ASH 21:      14.48292057 in 2.3225 (sec).
 Self A121-ASP 22:     152.83404455 in 2.3054 (sec).
 Self A121-ASP 23:      36.35842570 in 2.3173 (sec).
 Self A121-ASP 24:      15.78185502 in 2.3760 (sec).
 Self A121-ASP 25:      -6.10372854 in 2.3657 (sec).
 Self A121-ASP 26:     -10.71549804 in 2.4802 (sec).
 Self A135-LYS 0 :     -18.67091194 in 2.4025 (sec).
 Self A135-LYD 1 :      99.21634208 in 2.5084 (sec).
 Self A135-LYD 2 :     102.19364436 in 2.3661 (sec).
 Self A135-LYD 3 :     101.47400455 in 2.5036 (sec).
 Self A135-LYD 4 :     100.50947417 in 2.4386 (sec).
 Self A135-LYD 5 :     102.46790817 in 2.3209 (sec).
 Self A135-LYD 6 :     102.16033738 in 2.4261 (sec).
 Self A135-LYD 7 :   70875.65773476 in 2.2599 (sec).
 Self A135-LYD 8 :   49058.16148842 in 2.5951 (sec).
 Self A135-LYD 9 :  100159.96734872 in 2.3660 (sec).
 Self A135-LYD 10:     153.76166936 in 2.4705 (sec).
 Self A135-LYD 11:     152.78534667 in 2.3114 (sec).
 Self A135-LYD 12:    5738.10884563 in 2.2311 (sec).
 Self A135-LYD 13:    2526.33412883 in 2.4177 (sec).
 Self A135-LYD 14:    4495.30916757 in 2.3711 (sec).
 Self A135-LYD 15:     154.19081321 in 2.3198 (sec).
 Self A135-LYD 16:     364.09402004 in 2.3874 (sec).
 Self A135-LYD 17:    5694.89566888 in 2.3733 (sec).
 Self A135-LYD 18:     173.53523488 in 2.4467 (sec).
 Self A135-LYD 19:     113.05207344 in 2.3626 (sec).
 Self A135-LYD 20:     105.78413834 in 2.2841 (sec).
 Self A135-LYD 21:     100.79019617 in 2.5264 (sec).
 Self A135-LYD 22:     160.42637486 in 2.5324 (sec).
 Self A135-LYD 23:      98.10353045 in 2.4498 (sec).
 Self A135-LYD 24:     100.55663169 in 2.4219 (sec).
 Self A135-LYD 25:    1052.61988501 in 2.4462 (sec).
 Self A135-LYD 26:   37308.76093784 in 2.4973 (sec).
 Self A135-LYD 27:   18855.77468909 in 2.4961 (sec).
 Self A135-LYD 28:   15995.81669819 in 2.3802 (sec).
 Self A135-LYS 29:     -13.57140441 in 2.2132 (sec).
 Self A135-LYS 30:     238.54759565 in 2.4131 (sec).
 Self A135-LYS 31:     -15.60203346 in 2.4011 (sec).
 Self A135-LYS 32:     -13.23900592 in 2.3155 (sec).
 Self A135-LYS 33:     -13.47235367 in 2.4595 (sec).
 Self A135-LYS 34:   70748.18278575 in 2.2625 (sec).
