 Evaluating /Dedicated/schnieders/programs/stack-2021.1.sh
  Loading Modules
   Stack 2021.1
   GCC 9.3.0
   CMake 3.20.0
   Eigen 3.3.9
   Cuda 11.1.1
   Cuda: /usr/share/apps/2021.1/arch/gcc-9.3.0/cuda-11.1.1
   CudaNN 8.0.5.39-11.1
   Swig 4.0.2_gcc-9.3.0
  Loading software from /Dedicated/schnieders/programs/local
   Ant: /Dedicated/schnieders/programs/apache-ant-1.10.11
   FFX: /Dedicated/schnieders/programs/ffx-builds/forcefieldx-2026-01-04
   GDMA: /Dedicated/schnieders/programs/gdma-2.3
   Groovy: /Dedicated/schnieders/programs/groovy-4.0.1
   Java: /Dedicated/schnieders/programs/jdk-25.0.1
   Maven: /Dedicated/schnieders/programs/apache-maven-3.9.5
   VMD: /Dedicated/schnieders/programs/vmd
   NAMD: /Dedicated/schnieders/programs/NAMD_3.0alpha7_Linux-x86_64-multicore-CUDA
   OpenEye: /Dedicated/schnieders/programs/OpenEye
   Tinker: /Dedicated/schnieders/programs/tinker-tools
=== Titration pH 4.4 started: Tue Apr 28 01:28:10 CDT 2026 ===
WARNING: Using incubator modules: jdk.incubator.vector
WARNING: Using incubator modules: jdk.incubator.vector
 _________________________________________________________________________

        FORCE FIELD X - Polyglot Software for Molecular Biophysics 

        Version 1.0.0-6947  April 2026 
        Git Revision  519408079905b3dd4b967041b75b836f63fb563f 
 
        Please cite the following reference when using Force Field X:

        RA Gogal, AJ Nessler, AC Thiel, HV Bernabe, RA Corrigan Grove,
        LM Cousineau, JM Litman, JM Miller, G Qi, MJ Speranza,
        MR Tollefson, TD Fenn, JJ Michaelson, O Okada, JP Piquemal,
        JW Ponder, J Shen, RJH Smith, W Yang, P Ren and MJ Schnieders,
        2024, Journal of Chemical Physics, 161 (1).

        Copyright (c)  Michael J. Schnieders  2001-2025
        All Rights Reserved

        Force Field X is distributed under the GPL v. 3 license
        with linking exception and is hosted by the Schnieders Lab
        at The University of Iowa.

        User Manual:   https://ffx.biochem.uiowa.edu/manual.html
        Publications:  https://ffx.biochem.uiowa.edu/publications.html
        License:       https://ffx.biochem.uiowa.edu/licenses.html

 _________________________________________________________________________

 Tue Apr 28 01:28:41 CDT 2026
 Process ID 80700 on argon-itf-bx53-01.hpc.

 Command line arguments:
 [ManyBody, --tR, --pH, 4.4, --oT, -T, --kPH, 3.0, /Dedicated/schnieders/maemmad/pKa_GNN/ffx_pipeline/data/fixed_pdbs/3FX5/3FX5_pH4.4.pdb]

 Executing internal command: ffx.algorithms.commands.ManyBody

 Parsing: Internal force field (amoeba-bio-2018-cphmd).
 Parsing: Structure properties from (/Dedicated/schnieders/maemmad/pKa_GNN/ffx_pipeline/data/fixed_pdbs/3FX5/titrate.properties).
 Parsing: JVM system properties (i.e. command line -Dkey=value pairs).

 Attempting to read force field patch from /Dedicated/schnieders/maemmad/pKa_GNN/naphosphate_solute.09Feb21.prm.

 Renumbering Patch: FALSE
 Reading 3FX5_pH4.4.pdb

 Assigning atom types for 2 chains.
 Amino acid chain A
 Amino acid chain B
 Constructing Force Field AMOEBA-BIO-2018-CPHMD

 SMP threads:                                20
 The system will be treated as aperiodic (max separation =   63.4 A).

 Bonded Terms
  Bonds:                                   3162
  Angles:                                  5796
  Stretch-Bends:                           5008
  Out-of-Plane Bends:                      1668
  Torsions:                                8462
  Pi-Orbital Torsions:                      298
  Torsion-Torsions:                          26

 Non-Bonded Terms

  Van der Waals
   Cut-Off:                                NONE
   Long-Range Correction:                 FALSE

 Electrostatics
   Polarization:                         MUTUAL
    SCF Convergence Criteria:         1.000e-06
    SCF Predictor:                         NONE
    SCF Algorithm:                           CG
    CG Preconditioner Cut-Off:            4.500
    CG Preconditioner Ewald Coeff.:       0.000
    CG Preconditioner Scale:              2.000
    CG Preconditioner Mode:     FLETCHER_REEVES
    Electrostatics Cut-Off:                NONE

  Continuum Solvation
   Radii:                                SOLUTE
   Generalized Kirkwood Cut-Off:           NONE
   GKC:                                  2.4550
   Solvent Dielectric:                  78.3000
   Solute Dielectric:                    2.0000
   Descreen with vdW Radii:                TRUE
   Descreen with Hydrogen Atoms:          FALSE
   Descreen Offset:                      0.0000
   General HCT Scale Factor:             0.7200
   Non-Polar Model:                  GAUSS-DISP
    GaussVol Radii Offset:               0.0000
    GaussVol Radii Scale:                1.0000
   Dispersion Integral Offset:           1.0560 (A)
   Cavitation Solvent Pressure:          0.0334 (Kcal/mol/A^3)
   Cavitation Surface Tension:           0.1030 (Kcal/mol/A^2)
   Cavitation Cross-Over Radius:         9.2515 (A)

  Overall system charge:                  8.000

 Opened 3FX5_pH4.4.pdb in 1.517 sec.

 System Resources
  Total CPU time:          21.61 (sec)
  System load average:     24.86
  Open file handles:         146 of  81920 allowed
  System memory:          383711 MB free out of 384640 MB
  System swap space:        2053 MB free out of   2053 MB
  JVM memory:               4004 MB free out of   4096 MB

 Adding titration hydrogen to : /Dedicated/schnieders/maemmad/pKa_GNN/ffx_pipeline/data/fixed_pdbs/3FX5/3FX5_pH4.4.pdb

 Reading 3FX5_pH4.4.pdb

 Assigning atom types for 2 chains.
 Amino acid chain A
 Amino acid chain B
 Renumbering PDB file due to built atoms (3152 vs 3136)
 Total number of atoms: 3152

 Constructing Force Field AMOEBA-BIO-2018-CPHMD

 SMP threads:                                20
 The system will be treated as aperiodic (max separation =   63.4 A).

 Bonded Terms
  Bonds:                                   3178
  Angles:                                  5812
  Stretch-Bends:                           5008
  Out-of-Plane Bends:                      1668
  Torsions:                                8494
  Pi-Orbital Torsions:                      298
  Torsion-Torsions:                          26

 Non-Bonded Terms

  Van der Waals
   Cut-Off:                                NONE
   Long-Range Correction:                 FALSE

 Electrostatics
   Polarization:                         MUTUAL
    SCF Convergence Criteria:         1.000e-06
    SCF Predictor:                         NONE
    SCF Algorithm:                           CG
    CG Preconditioner Cut-Off:            4.500
    CG Preconditioner Ewald Coeff.:       0.000
    CG Preconditioner Scale:              2.000
    CG Preconditioner Mode:     FLETCHER_REEVES
    Electrostatics Cut-Off:                NONE

  Continuum Solvation
   Radii:                                SOLUTE
   Generalized Kirkwood Cut-Off:           NONE
   GKC:                                  2.4550
   Solvent Dielectric:                  78.3000
   Solute Dielectric:                    2.0000
   Descreen with vdW Radii:                TRUE
   Descreen with Hydrogen Atoms:          FALSE
   Descreen Offset:                      0.0000
   General HCT Scale Factor:             0.7200
   Non-Polar Model:                  GAUSS-DISP
    GaussVol Radii Offset:               0.0000
    GaussVol Radii Scale:                1.0000
   Dispersion Integral Offset:           1.0560 (A)
   Cavitation Solvent Pressure:          0.0334 (Kcal/mol/A^3)
   Cavitation Surface Tension:           0.1030 (Kcal/mol/A^2)
   Cavitation Cross-Over Radius:         9.2515 (A)

  Overall system charge:                 24.000
 Temperature: 298.150000

 Energy restart file: 3FX5_pH4.4.restart

 Initial Potential Energy:
 Generalized Kirkwood  -3109.05914399      0.250
 Cavitation             1958.68912144      0.177
 Dispersion            -1181.81547967      0.335

 Computed Potential Energy
  Bond Stretching            321.04391684         3178        0.001 ( 0.01639)
  Angle Bending              583.55453323         5812        0.005 ( 2.58201)
  Stretch-Bend                -5.36002772         5008        0.004
  Out-of-Plane Bend           35.64209652         1668        0.002
  Torsional Angle            386.24129520         8494        0.003
  Pi-Orbital Torsion          19.77509493          298        0.001
  Torsion-Torsion           -112.47291185           26        0.000
  Van der Waals              703.38586277      4956986        0.076
  Atomic Multipoles         -248.57843583      4956986
  Polarization              -206.16025952      4956986        2.795
  Solvation                -2332.18550222      4969128
  Total Potential           -855.11433765  (Kcal/mole)        2.888 (sec)

 Initial Rotamer Torsion Angles:

 Residue    Current Torsional Angles
 A    7-LYS   67.665 -164.373  -67.795 -171.669
 A   14-LYS -165.371  172.344 -169.303  163.200
 A   20-LYS  -65.723 -173.296  172.594  -60.921
 A   21-GLH  -64.986  -65.014  -40.004    0.000
 A   25-ASH -170.457   -0.272    0.000    0.000
 A   29-ASH  -61.666  -14.801    0.000    0.000
 A   30-ASH  -54.450  153.909    0.000    0.000
 A   34-GLH   66.276 -160.063  -10.779    0.000
 A   35-GLH  -76.696  -63.825   -9.981    0.000
 A   43-LYS   62.202 -177.443  158.174 -176.157
 A   45-LYS -168.725 -177.372 -171.958 -174.162
 A   55-LYS -172.792  175.424  173.073  177.173
 A   60-ASH  -56.183  -28.534    0.000    0.000
 A   65-GLH -171.368  176.332    5.545    0.000
 A   69-HIS  -64.992   79.964    0.000    0.000
 A   70-LYS  -67.097  176.627 -156.146  162.785

 Rotamer Library:     Richardson
 Algorithm:           ALL
 Goldstein Criteria:  true
 Three-Body Energies: true


 Computing Residue Distance Matrix
 Built residue neighbor list:              0.014 sec
 Pairwise distance matrix:               262.479 sec

 Beginning Energy   -1695.80252017

     Residue  Nrot
   1   A7-LYS   56
   2  A14-LYS   56
   3  A20-LYS   56
   4  A21-GLH   42
   5  A25-ASH   27
   6  A29-ASH   27
   7  A30-ASH   27
   8  A34-GLH   42
   9  A35-GLH   42
  10  A43-LYS   56
  11  A45-LYS   56
  12  A55-LYS   56
  13  A60-ASH   27
  14  A65-GLH   42
  15  A69-HIS   27
  16  A70-LYS   56

 Number of self energies: 695
 Backbone energy:    -1147.16369449

 Self   A7-LYS 0 :     -22.73501929 in 3.7663 (sec).
 Self   A7-LYD 1 :      94.07632881 in 3.6730 (sec).
 Self   A7-LYD 2 :      96.95272639 in 3.8525 (sec).
 Self   A7-LYD 3 :      96.22758675 in 3.7350 (sec).
 Self   A7-LYD 4 :      95.35348376 in 3.5613 (sec).
 Self   A7-LYD 5 :      97.34674254 in 3.6065 (sec).
 Self   A7-LYD 6 :      96.83608515 in 3.8735 (sec).
 Self   A7-LYD 7 :     109.36184703 in 3.6070 (sec).
 Self   A7-LYD 8 :     106.03623063 in 3.5580 (sec).
 Self   A7-LYD 9 :     108.01093531 in 3.6271 (sec).
 Self   A7-LYD 10:     105.31798149 in 3.7988 (sec).
 Self   A7-LYD 11:     103.53372216 in 3.6426 (sec).
 Self   A7-LYD 12:     103.09338718 in 3.6307 (sec).
 Self   A7-LYD 13:     102.20646309 in 3.6083 (sec).
 Self   A7-LYD 14:     105.33012824 in 3.6532 (sec).
