 Evaluating /Dedicated/schnieders/programs/stack-2021.1.sh
  Loading Modules
   Stack 2021.1
   GCC 9.3.0
   CMake 3.20.0
   Eigen 3.3.9
   Cuda 11.1.1
   Cuda: /usr/share/apps/2021.1/arch/gcc-9.3.0/cuda-11.1.1
   CudaNN 8.0.5.39-11.1
   Swig 4.0.2_gcc-9.3.0
  Loading software from /Dedicated/schnieders/programs/local
   Ant: /Dedicated/schnieders/programs/apache-ant-1.10.11
   FFX: /Dedicated/schnieders/programs/ffx-builds/forcefieldx-2026-01-04
   GDMA: /Dedicated/schnieders/programs/gdma-2.3
   Groovy: /Dedicated/schnieders/programs/groovy-4.0.1
   Java: /Dedicated/schnieders/programs/jdk-25.0.1
   Maven: /Dedicated/schnieders/programs/apache-maven-3.9.5
   VMD: /Dedicated/schnieders/programs/vmd
   NAMD: /Dedicated/schnieders/programs/NAMD_3.0alpha7_Linux-x86_64-multicore-CUDA
   OpenEye: /Dedicated/schnieders/programs/OpenEye
   Tinker: /Dedicated/schnieders/programs/tinker-tools
=== Titration pH 8.55 started: Fri May  1 14:09:50 CDT 2026 ===
  Copy already exists, skipping.
  ManyBody output already exists, skipping.
WARNING: Using incubator modules: jdk.incubator.vector
 _________________________________________________________________________

        FORCE FIELD X - Polyglot Software for Molecular Biophysics 

        Version 1.0.0-6991  April 2026 
        Git Revision  937dfd3f3a84d0dc91f73b0419518078a8c41842 
 
        Please cite the following reference when using Force Field X:

        RA Gogal, AJ Nessler, AC Thiel, HV Bernabe, RA Corrigan Grove,
        LM Cousineau, JM Litman, JM Miller, G Qi, MJ Speranza,
        MR Tollefson, TD Fenn, JJ Michaelson, O Okada, JP Piquemal,
        JW Ponder, J Shen, RJH Smith, W Yang, P Ren and MJ Schnieders,
        2024, Journal of Chemical Physics, 161 (1).

        Copyright (c)  Michael J. Schnieders  2001-2026
        All Rights Reserved

        Force Field X is distributed under the GPL v. 3 license
        with linking exception and is hosted by the Schnieders Lab
        at The University of Iowa.

        User Manual:   https://ffx.biochem.uiowa.edu/manual.html
        Publications:  https://ffx.biochem.uiowa.edu/publications.html
        License:       https://ffx.biochem.uiowa.edu/licenses.html

 _________________________________________________________________________

 Fri May 01 14:09:52 CDT 2026
 Process ID 131451 on argon-itf-bx51-13.hpc.

 Command line arguments:
 [Minimize, -e, 0.1, /Dedicated/schnieders/maemmad/pKa_GNN/ffx_pipeline/data/fixed_pdbs/5E3F/5E3F_pH8.55.pdb_2, --saveInduced, --savePermanentMoments]

 Executing internal command: ffx.algorithms.commands.Minimize

 Initializing 1 topologies...
 Parsing: Internal force field (amoeba-bio-2018-cphmd).
 Parsing: Structure properties from (/Dedicated/schnieders/maemmad/pKa_GNN/ffx_pipeline/data/fixed_pdbs/5E3F/5E3F_input.properties).
 Parsing: JVM system properties (i.e. command line -Dkey=value pairs).

 Attempting to read force field patch from /Dedicated/schnieders/maemmad/pKa_GNN/naphosphate_solute.09Feb21.prm.

 Renumbering Patch: FALSE
 Reading 5E3F_pH8.55.pdb_2

 Assigning atom types for 1 chains.
 Amino acid chain A
 Constructing Force Field AMOEBA-BIO-2018-CPHMD

 SMP threads:                                20
 The system will be treated as aperiodic (max separation =   51.4 A).

 Bonded Terms
  Bonds:                                   2119
  Angles:                                  3853
  Stretch-Bends:                           3379
  Out-of-Plane Bends:                      1197
  Torsions:                                5619
  Pi-Orbital Torsions:                      221
  Torsion-Torsions:                           9

 Non-Bonded Terms

  Van der Waals
   Cut-Off:                                NONE
   Long-Range Correction:                 FALSE

 Electrostatics
   Polarization:                         MUTUAL
    SCF Convergence Criteria:         1.000e-06
    SCF Predictor:                         NONE
    SCF Algorithm:                           CG
    CG Preconditioner Cut-Off:            4.500
    CG Preconditioner Ewald Coeff.:       0.000
    CG Preconditioner Scale:              2.000
    CG Preconditioner Mode:     FLETCHER_REEVES
    Electrostatics Cut-Off:                NONE

  Continuum Solvation
   Radii:                                SOLUTE
   Generalized Kirkwood Cut-Off:           NONE
   GKC:                                  2.4550
   Solvent Dielectric:                  78.3000
   Solute Dielectric:                    1.0000
   Descreen with vdW Radii:                TRUE
   Descreen with Hydrogen Atoms:          FALSE
   Descreen Offset:                      0.0000
   General HCT Scale Factor:             0.7200
   Non-Polar Model:                  GAUSS-DISP
    GaussVol Radii Offset:               0.0000
    GaussVol Radii Scale:                1.0000
   Dispersion Integral Offset:           1.0560 (A)
   Cavitation Solvent Pressure:          0.0334 (Kcal/mol/A^3)
   Cavitation Surface Tension:           0.1030 (Kcal/mol/A^2)
   Cavitation Cross-Over Radius:         9.2515 (A)

  Overall system charge:                  7.000

 Opened 5E3F_pH8.55.pdb_2 in 1.041 sec.

 System Resources
  Total CPU time:          19.01 (sec)
  System load average:     20.21
  Open file handles:         146 of  81920 allowed
  System memory:           93567 MB free out of  94320 MB
  System swap space:        2053 MB free out of   2053 MB
  JVM memory:               4029 MB free out of   4096 MB

 Minimizing energy of Single Topology  [5E3F_pH8.55.pdb_2] 
 Setting lambda to 0.000.
 Generalized Kirkwood  -2821.51092169      0.251
 Cavitation             1325.61725323      0.214
 Dispersion             -832.61437341      0.349

 Computed Potential Energy
  Bond Stretching            163.14982855         2119        0.002 ( 0.01518)
  Angle Bending              433.36823980         3853        0.005 ( 2.68031)
  Stretch-Bend                 1.57020676         3379        0.002
  Out-of-Plane Bend           18.92610461         1197        0.001
  Torsional Angle             85.82940164         5619        0.004
  Pi-Orbital Torsion          17.16892029          221        0.000
  Torsion-Torsion            -49.59728689            9        0.000
  Van der Waals              379.87341614      2200078        0.627
  Atomic Multipoles        -3591.42101033      2200078
  Polarization              -718.96589342      2200078        4.270
  Solvation                -2328.50804187      2208151
  Total Potential          -5588.60611471  (Kcal/mole)        4.913 (sec)

 Limited Memory BFGS Quasi-Newton Optimization: 

 Cycle       Energy      G RMS    Delta E   Delta X    Angle  Evals     Time

     0   -5588.6061     1.7041
     1   -5596.8073     1.6559     8.2011    0.0015     0.00      3    4.348
     2   -5602.5815     1.1498     5.7742    0.0011    44.17      4    2.471
     3   -5609.4673     1.0961     6.8858    0.0019    45.04      5    2.436
     4   -5616.0622     1.5145     6.5949    0.0030    54.95      6    2.410
     5   -5622.0308     1.2010     5.9686    0.0029    66.76      7    2.207
     6   -5626.5765     0.9323     4.5456    0.0015    60.09      8    2.260
     7   -5632.3613     0.9164     5.7848    0.0030    58.37      9    2.201
     8   -5635.0487     1.7244     2.6874    0.0035    65.49     10    2.183
     9   -5638.4394     0.7750     3.3907    0.0008    53.78     11    2.319
    10   -5640.7018     0.6433     2.2624    0.0011    52.20     12    2.473
    11   -5642.9014     0.7365     2.1996    0.0016    63.61     13    2.314
    12   -5645.7572     1.1005     2.8558    0.0027    69.20     14    2.365
    13   -5648.9095     0.7962     3.1523    0.0038    77.39     15    2.351
    14   -5650.9206     0.5991     2.0112    0.0015    68.18     16    2.346
    15   -5653.1207     0.6907     2.2001    0.0018    61.11     17    2.403
    16   -5655.2360     0.8035     2.1153    0.0021    70.55     18    2.321
    17   -5657.5212     0.8852     2.2852    0.0034    75.71     19    2.335
    18   -5659.5062     0.6204     1.9849    0.0025    76.19     20    2.353
    19   -5661.0343     0.5920     1.5281    0.0015    69.78     21    2.363
    20   -5663.1398     0.6453     2.1055    0.0023    69.16     22    2.347
    21   -5665.3480     1.0594     2.2082    0.0036    73.49     23    2.447
    22   -5667.7961     0.6487     2.4481    0.0026    78.79     24    2.349
    23   -5670.0001     0.5589     2.2040    0.0028    72.64     25    2.351
    24   -5671.5706     0.7358     1.5705    0.0025    72.88     26    2.433
    25   -5673.4300     0.6061     1.8594    0.0027    76.88     27    2.157
    26   -5675.3924     0.6245     1.9625    0.0029    73.91     28    2.317
    27   -5677.4415     0.6803     2.0490    0.0034    75.70     29    2.338
    28   -5679.3958     0.6728     1.9543    0.0029    75.98     30    2.168
    29   -5681.4989     0.6334     2.1031    0.0035    75.88     31    1.815
    30   -5683.2146     0.6482     1.7157    0.0029    75.97     32    1.782
    31   -5684.9892     0.5825     1.7745    0.0029    77.19     33    2.139
    32   -5687.1716     0.6347     2.1824    0.0039    76.66     34    2.254
    33   -5689.1432     0.9332     1.9716    0.0052    79.10     35    2.247
    34   -5691.4105     0.5965     2.2673    0.0031    79.76     36    2.276
    35   -5693.5771     0.5706     2.1666    0.0033    74.82     37    2.202
    36   -5695.2556     0.9641     1.6785    0.0045    77.87     38    2.193
    37   -5697.1029     0.5558     1.8472    0.0031    81.35     39    2.250
    38   -5698.6153     0.5212     1.5124    0.0022    74.58     40    2.217
    39   -5700.4219     0.7238     1.8066    0.0039    77.58     41    2.278
    40   -5702.1741     0.9398     1.7522    0.0051    81.14     42    2.108
    41   -5703.9235     0.5543     1.7494    0.0025    80.62     43    2.101
    42   -5705.6064     0.4894     1.6829    0.0028    74.32     44    2.325
    43   -5706.8680     0.6339     1.2617    0.0023    75.37     45    2.271
    44   -5708.6176     0.5421     1.7496    0.0034    79.25     46    2.256
    45   -5710.0234     0.8667     1.4058    0.0045    77.78     47    2.306
    46   -5711.3692     0.4697     1.3458    0.0016    75.19     48    2.291
    47   -5712.2549     0.4320     0.8857    0.0007    58.19     49    2.346
    48   -5713.5101     0.5350     1.2553    0.0021    71.86     50    2.355
    49   -5714.6687     0.7558     1.1586    0.0042    79.73     51    2.306
    50   -5715.7280     0.4542     1.0592    0.0019    80.95     52    2.270
    51   -5716.8269     0.4206     1.0989    0.0027    78.07     53    2.374
    52   -5717.8246     0.5574     0.9977    0.0029    78.95     54    2.304
    53   -5718.9660     0.5514     1.1415    0.0039    81.53     55    2.269
    54   -5719.9920     0.4122     1.0260    0.0022    78.57     56    2.291
    55   -5720.9400     0.4514     0.9480    0.0021    73.14     57    2.282
    56   -5721.7991     0.5076     0.8591    0.0016    73.21     58    2.359
    57   -5722.8115     0.4285     1.0124    0.0020    76.68     59    2.189
    58   -5723.8765     0.5575     1.0650    0.0034    77.26     60    2.284
    59   -5724.7178     0.4599     0.8412    0.0020    78.63     61    2.074
    60   -5725.5265     0.4042     0.8088    0.0017    77.49     62    1.989
    61   -5726.6043     0.4417     1.0778    0.0031    78.02     63    2.053
    62   -5727.3329     0.8403     0.7286    0.0045    80.15     64    2.010
    63   -5728.3774     0.4279     1.0445    0.0011    76.38     65    2.003
    64   -5729.3316     0.3703     0.9542    0.0019    74.44     66    1.988
    65   -5730.1692     0.4392     0.8377    0.0026    79.42     67    2.157
    66   -5730.8734     0.8091     0.7042    0.0038    80.91     68    2.203
    67   -5731.8779     0.4105     1.0045    0.0024    83.44     69    2.111
    68   -5732.7011     0.3474     0.8232    0.0023    78.68     70    2.166
    69   -5733.5426     0.4244     0.8415    0.0023    76.93     71    2.091
    70   -5734.4024     0.7415     0.8599    0.0036    79.97     72    2.108
    71   -5735.5219     0.4478     1.1195    0.0028    82.76     73    2.077
    72   -5736.4427     0.3872     0.9207    0.0018    75.29     74    2.090
    73   -5737.3675     0.5656     0.9248    0.0021    71.84     75    2.351
    74   -5738.2846     0.5010     0.9171    0.0021    79.14     76    2.309
    75   -5739.1559     0.4054     0.8712    0.0020    78.99     77    2.372
    76   -5739.9063     0.6028     0.7505    0.0030    77.18     78    2.417
    77   -5740.6292     0.3983     0.7229    0.0013    76.58     79    2.266
    78   -5741.2676     0.3884     0.6383    0.0010    71.54     80    2.280
    79   -5742.1434     0.4457     0.8758    0.0024    77.41     81    2.237
    80   -5742.5406     0.8527     0.3972    0.0039    80.72     82    1.944
    81   -5743.1633     0.4852     0.6227    0.0003    64.87     83    2.021
    82   -5743.8574     0.2941     0.6941    0.0012    73.86     84    2.191
    83   -5744.2976     0.3444     0.4401    0.0015    78.29     85    2.329
    84   -5745.0080     0.3793     0.7104    0.0025    80.65     86    2.277
    85   -5745.4780     0.8123     0.4700    0.0040    81.42     87    2.064
    86   -5746.2058     0.4770     0.7278    0.0016    83.55     88    2.383
    87   -5746.9416     0.2937     0.7358    0.0022    80.19     89    2.328
    88   -5747.4597     0.3665     0.5181    0.0017    77.70     90    2.399
    89   -5748.1854     0.4720     0.7257    0.0026    79.93     91    2.158
    90   -5748.9871     0.4639     0.8017    0.0035    81.97     92    2.032
    91   -5749.5956     0.3383     0.6085    0.0014    78.01     93    2.071
    92   -5750.3357     0.3839     0.7401    0.0016    69.66     94    2.027
    93   -5750.9031     0.4843     0.5674    0.0016    75.89     95    2.014
    94   -5751.4994     0.3703     0.5963    0.0016    80.46     96    2.040
    95   -5752.1147     0.4036     0.6153    0.0026    79.44     97    2.052
    96   -5752.5828     0.3554     0.4681    0.0017    79.66     98    2.346
    97   -5753.0406     0.3141     0.4578    0.0013    78.75     99    2.234
    98   -5753.6423     0.4234     0.6017    0.0024    78.89    100    2.198
    99   -5754.2579     0.3834     0.6155    0.0036    82.89    101    2.420
   100   -5754.6370     0.3326     0.3791    0.0017    82.14    102    2.278
   101   -5755.1569     0.3236     0.5199    0.0020    80.30    103    2.345
   102   -5755.8149     0.4691     0.6580    0.0032    80.78    104    2.368
   103   -5756.5139     0.4047     0.6990    0.0042    83.92    105    2.226
   104   -5757.0484     0.3086     0.5345    0.0014    78.38    106    2.350
   105   -5757.7526     0.3462     0.7042    0.0027    78.03    107    2.356
   106   -5758.2937     0.6601     0.5411    0.0036    80.49    108    2.359
   107   -5758.9791     0.3668     0.6854    0.0010    77.40    109    2.211
   108   -5759.7184     0.2924     0.7394    0.0023    77.82    110    2.269
   109   -5760.2055     0.3437     0.4871    0.0019    78.99    111    2.267
   110   -5760.7296     0.4650     0.5241    0.0026    80.23    112    2.204
   111   -5761.3322     0.2867     0.6026    0.0021    82.05    113    2.305
   112   -5761.8647     0.2922     0.5325    0.0014    72.66    114    2.263
   113   -5762.3282     0.4764     0.4634    0.0019    74.82    115    2.198
   114   -5762.8607     0.3287     0.5325    0.0013    78.89    116    2.178
   115   -5763.3840     0.2986     0.5233    0.0014    75.06    117    2.224
   116   -5763.8824     0.4186     0.4984    0.0021    77.70    118    2.257
   117   -5764.4203     0.3646     0.5379    0.0026    82.02    119    2.275
   118   -5764.8874     0.2890     0.4671    0.0012    77.08    120    2.035
   119   -5765.4544     0.3128     0.5671    0.0020    74.78    121    1.972
   120   -5765.8465     0.4607     0.3921    0.0021    78.40    122    1.933
   121   -5766.2510     0.3137     0.4044    0.0007    76.30    123    1.889
   122   -5766.8405     0.2187     0.5895    0.0016    75.03    124    2.284
   123   -5767.2864     0.4324     0.4460    0.0024    75.86    125    2.327
   124   -5767.6678     0.3398     0.3814    0.0017    81.73    126    2.297
   125   -5768.0278     0.2644     0.3600    0.0009    77.24    127    2.311
   126   -5768.5148     0.2737     0.4870    0.0015    73.09    128    2.288
   127   -5768.8618     0.4490     0.3470    0.0022    76.94    129    2.257
   128   -5769.1499     0.2723     0.2881    0.0005    74.96    130    2.223
   129   -5769.5202     0.2629     0.3703    0.0011    74.31    131    2.228
   130   -5769.8458     0.2887     0.3255    0.0014    79.02    132    2.266
   131   -5770.1767     0.5140     0.3309    0.0021    80.22    133    2.392
   132   -5770.6440     0.2935     0.4673    0.0017    83.30    134    2.307
   133   -5771.0753     0.2267     0.4313    0.0015    76.60    135    2.023
   134   -5771.3767     0.3353     0.3014    0.0013    74.17    136    1.898
   135   -5771.6982     0.2923     0.3215    0.0013    79.53    137    2.079
   136   -5772.0511     0.2476     0.3529    0.0011    76.94    138    2.319
   137   -5772.4437     0.3475     0.3927    0.0019    75.88    139    2.333
   138   -5772.8205     0.2855     0.3767    0.0016    79.70    140    2.303
   139   -5773.1410     0.2665     0.3206    0.0011    77.82    141    2.221
   140   -5773.5193     0.3224     0.3782    0.0018    77.57    142    2.230
   141   -5773.8714     0.2791     0.3521    0.0018    80.57    143    2.228
   142   -5774.1668     0.2479     0.2955    0.0012    79.19    144    2.162
   143   -5774.5496     0.2739     0.3828    0.0019    78.36    145    2.174
   144   -5774.8751     0.3725     0.3254    0.0024    80.27    146    2.356
   145   -5775.1841     0.2534     0.3090    0.0009    78.86    147    2.392
   146   -5775.6245     0.2372     0.4404    0.0017    76.60    148    2.255
   147   -5776.0079     0.3417     0.3834    0.0023    79.79    149    2.270
   148   -5776.3300     0.4090     0.3221    0.0030    83.10    150    2.227
   149   -5776.6834     0.2423     0.3535    0.0009    78.89    151    2.133
   150   -5777.1246     0.2561     0.4411    0.0021    77.30    152    2.091
   151   -5777.4455     0.3216     0.3209    0.0019    81.47    153    2.298
   152   -5777.8750     0.2646     0.4296    0.0027    83.32    154    2.366
   153   -5778.2854     0.3442     0.4104    0.0026    80.64    155    2.334
   154   -5778.6654     0.2965     0.3800    0.0020    81.74    156    2.115
   155   -5779.0375     0.2548     0.3721    0.0009    74.09    157    2.394
   156   -5779.4941     0.3620     0.4566    0.0018    75.04    158    2.339
   157   -5779.8637     0.3572     0.3696    0.0028    81.98    159    2.297
   158   -5780.1229     0.2336     0.2592    0.0002    42.52    160    2.357
   159   -5780.4644     0.2333     0.3416    0.0008    65.73    161    2.310
   160   -5780.8059     0.3020     0.3415    0.0019    80.17    162    1.980
   161   -5781.1365     0.3991     0.3306    0.0028    82.74    163    2.122
   162   -5781.4696     0.2283     0.3330    0.0018    84.09    164    2.235
   163   -5781.7461     0.2077     0.2766    0.0016    79.86    165    2.375
   164   -5782.0544     0.2996     0.3082    0.0018    78.64    166    2.240
   165   -5782.4391     0.2949     0.3847    0.0021    80.93    167    2.351
   166   -5782.7992     0.2703     0.3601    0.0015    78.40    168    2.244
   167   -5783.1156     0.2628     0.3164    0.0012    74.80    169    2.210
   168   -5783.3864     0.2233     0.2708    0.0006    67.87    170    2.180
   169   -5783.7517     0.2469     0.3653    0.0013    72.45    171    2.311
   170   -5784.0869     0.3783     0.3353    0.0025    79.29    172    2.175
   171   -5784.3891     0.2614     0.3021    0.0015    82.63    173    2.301
   172   -5784.7141     0.2614     0.3250    0.0015    79.96    174    2.119
   173   -5785.1660     0.3384     0.4519    0.0026    81.24    175    2.175
   174   -5785.5189     0.4856     0.3530    0.0037    83.47    176    2.365
   175   -5785.9190     0.2598     0.4001    0.0009    77.98    177    2.343
   176   -5786.2736     0.2363     0.3546    0.0010    70.97    178    2.189
   177   -5786.5923     0.2883     0.3187    0.0016    79.48    179    2.285
   178   -5786.9669     0.3311     0.3745    0.0024    81.52    180    2.205
   179   -5787.3388     0.2376     0.3719    0.0019    82.15    181    2.281
   180   -5787.6550     0.2858     0.3162    0.0014    76.07    182    2.104
   181   -5787.9899     0.2603     0.3349    0.0013    76.45    183    2.016
   182   -5788.3245     0.2549     0.3346    0.0012    75.45    184    2.018
   183   -5788.6079     0.3256     0.2834    0.0019    77.34    185    2.226
   184   -5788.8254     0.1983     0.2175    0.0005    70.66    186    2.149
   185   -5789.0007     0.2009     0.1754    0.0005    68.23    187    2.205
   186   -5789.2548     0.2613     0.2541    0.0012    76.61    188    1.977
   187   -5789.5338     0.3123     0.2790    0.0021    81.50    189    2.144
   188   -5789.7788     0.2150     0.2449    0.0017    84.09    190    2.275
   189   -5790.0238     0.2160     0.2450    0.0016    79.99    191    2.145
   190   -5790.2541     0.2719     0.2303    0.0014    76.94    192    2.109
   191   -5790.4814     0.2030     0.2273    0.0006    72.89    193    2.108
   192   -5790.7361     0.2162     0.2547    0.0009    70.27    194    2.272
   193   -5790.9277     0.2696     0.1916    0.0011    76.89    195    2.320
   194   -5791.1130     0.1859     0.1853    0.0010    81.25    196    2.311
   195   -5791.3200     0.1822     0.2070    0.0015    78.48    197    2.283
   196   -5791.4615     0.2249     0.1415    0.0011    78.96    198    2.304
   197   -5791.6130     0.1762     0.1516    0.0008    79.74    199    2.152
   198   -5791.8067     0.1740     0.1937    0.0011    76.06    200    2.103
   199   -5791.9551     0.2513     0.1483    0.0011    76.66    201    2.056
   200   -5792.1158     0.1705     0.1607    0.0009    80.67    202    1.920
   201   -5792.2843     0.1547     0.1685    0.0012    77.84    203    2.218
   202   -5792.3956     0.2255     0.1113    0.0010    77.80    204    2.396
   203   -5792.5218     0.1560     0.1262    0.0008    80.66    205    2.461
   204   -5792.6799     0.1569     0.1580    0.0009    75.95    206    2.306
   205   -5792.8325     0.2419     0.1526    0.0012    77.61    207    2.332
   206   -5792.9898     0.2215     0.1574    0.0015    82.39    208    2.293
   207   -5793.1269     0.1550     0.1371    0.0005    75.71    209    2.322
   208   -5793.2958     0.1601     0.1689    0.0010    72.89    210    2.275
   209   -5793.4189     0.2514     0.1231    0.0011    78.93    211    2.173
   210   -5793.5763     0.1906     0.1573    0.0010    82.55    212    2.103
   211   -5793.7795     0.1821     0.2033    0.0015    79.67    213    2.086
   212   -5793.9318     0.2887     0.1522    0.0016    79.08    214    2.280
   213   -5794.0697     0.1878     0.1379    0.0003    69.59    215    2.114
   214   -5794.2686     0.1427     0.1989    0.0007    69.29    216    2.102
   215   -5794.4247     0.2013     0.1561    0.0010    75.02    217    2.140
   216   -5794.4938     0.3753     0.0690    0.0017    81.47    218    2.191
   217   -5794.6070     0.2318     0.1132    0.0001    49.41    219    2.190
   218   -5794.7637     0.1273     0.1568    0.0003    60.83    220    2.222
   219   -5794.8670     0.1748     0.1033    0.0005    70.88    221    2.209
   220   -5795.0276     0.2030     0.1606    0.0010    79.26    222    2.015
   221   -5795.1284     0.4406     0.1008    0.0016    81.09    223    2.091
   222   -5795.2861     0.2687     0.1578    0.0006    83.47    224    1.944
   223   -5795.4465     0.1194     0.1604    0.0009    80.46    225    2.160
   224   -5795.5299     0.1423     0.0834    0.0005    74.88    226    2.309
   225   -5795.6611     0.1637     0.1312    0.0008    77.18    227    2.306
   226   -5795.7635     0.3428     0.1025    0.0014    79.22    228    2.262
   227   -5795.9129     0.1863     0.1494    0.0007    81.78    229    2.336
   228   -5796.0470     0.1396     0.1340    0.0007    77.02    230    2.357
   229   -5796.1770     0.1764     0.1300    0.0009    77.14    231    2.374
   230   -5796.3327     0.2621     0.1558    0.0015    80.77    232    2.281
   231   -5796.4854     0.2027     0.1527    0.0017    83.77    233    2.313
   232   -5796.6064     0.1429     0.1210    0.0004    70.67    234    2.349
   233   -5796.7753     0.1578     0.1689    0.0008    69.67    235    2.326
   234   -5796.9070     0.2730     0.1317    0.0015    79.89    236    2.405
   235   -5797.0535     0.1900     0.1464    0.0012    84.43    237    2.292
   236   -5797.2174     0.1650     0.1640    0.0016    83.15    238    2.293
   237   -5797.3644     0.2401     0.1469    0.0018    82.17    239    2.292
   238   -5797.5299     0.1829     0.1655    0.0013    82.57    240    2.334
   239   -5797.7232     0.1772     0.1933    0.0010    77.24    241    2.371
   240   -5797.9214     0.2865     0.1982    0.0018    78.65    242    2.159
   241   -5798.0798     0.2207     0.1584    0.0013    82.01    243    2.350
   242   -5798.1922     0.1614     0.1124    0.0002    62.10    244    2.051
   243   -5798.3631     0.1354     0.1709    0.0008    74.49    245    2.030
   244   -5798.5343     0.2637     0.1712    0.0019    78.07    246    2.308
   245   -5798.6711     0.2087     0.1367    0.0015    83.75    247    2.276
   246   -5798.7839     0.1516     0.1128    0.0005    78.40    248    2.200
   247   -5798.9319     0.1561     0.1480    0.0009    74.26    249    2.191
   248   -5799.0411     0.2001     0.1092    0.0012    78.54    250    2.246
   249   -5799.1357     0.1553     0.0947    0.0004    77.82    251    2.185
   250   -5799.2775     0.1315     0.1418    0.0007    74.15    252    2.252
   251   -5799.4121     0.2389     0.1346    0.0011    73.65    253    2.303
   252   -5799.5213     0.1754     0.1092    0.0009    80.65    254    2.217
   253   -5799.6140     0.1253     0.0927    0.0002    66.12    255    2.353
   254   -5799.7428     0.1176     0.1288    0.0005    62.52    256    2.220
   255   -5799.8275     0.2519     0.0846    0.0010    73.17    257    2.284
   256   -5799.9182     0.1449     0.0907    0.0003    75.89    258    2.352
   257   -5800.0231     0.1338     0.1049    0.0006    73.93    259    2.334
   258   -5800.1292     0.1595     0.1061    0.0008    77.25    260    2.327
   259   -5800.2198     0.3077     0.0906    0.0011    78.95    261    2.269
   260   -5800.3491     0.1641     0.1293    0.0007    82.72    262    2.282
   261   -5800.4619     0.1144     0.1128    0.0007    77.01    263    2.272
   262   -5800.5400     0.1453     0.0780    0.0005    74.41    264    2.183
   263   -5800.6344     0.2129     0.0944    0.0009    78.72    265    2.119
   264   -5800.7613     0.1513     0.1269    0.0009    81.62    266    2.323
   265   -5800.8830     0.1495     0.1217    0.0009    76.97    267    2.251
   266   -5800.9709     0.2333     0.0879    0.0011    76.62    268    2.266
   267   -5801.0595     0.1302     0.0886    0.0001    50.47    269    2.318
   268   -5801.1428     0.1220     0.0833    0.0003    63.14    270    2.188
   269   -5801.2284     0.1475     0.0856    0.0007    77.82    271    2.218
   270   -5801.3067     0.2423     0.0783    0.0011    80.57    272    2.158
   271   -5801.4018     0.1271     0.0951    0.0008    83.66    273    2.335
   272   -5801.4753     0.1032     0.0734    0.0005    75.56    274    2.359
   273   -5801.5461     0.1347     0.0709    0.0006    74.35    275    2.092
   274   -5801.6232     0.1779     0.0770    0.0008    78.46    276    2.137
   275   -5801.7024     0.1225     0.0792    0.0004    78.00    277    2.065
   276   -5801.7935     0.1355     0.0911    0.0007    73.19    278    2.343
   277   -5801.8535     0.1714     0.0601    0.0005    75.22    279    2.329
   278   -5801.9161     0.1220     0.0626    0.0003    76.73    280    2.158
   279   -5802.0044     0.0957     0.0883    0.0006    74.56    281    2.144

 Optimization achieved convergence criteria:  0.09572
 Generalized Kirkwood  -2807.54658921      0.092
 Cavitation             1336.13187312      0.058
 Dispersion             -901.32679093      0.117

 Computed Potential Energy
  Bond Stretching            178.83278695         2119        0.000 ( 0.01583)
  Angle Bending              432.00521287         3853        0.000 ( 2.68496)
  Stretch-Bend                 2.00060707         3379        0.000
  Out-of-Plane Bend           16.16199765         1197        0.000
  Torsional Angle             52.98875575         5619        0.000
  Pi-Orbital Torsion          13.29943775          221        0.000
  Torsion-Torsion            -50.53609016            9        0.000
  Van der Waals              339.68260146      2200078        0.004
  Atomic Multipoles        -3674.31554181      2200078
  Polarization              -739.38264489      2200078        1.365
  Solvation                -2372.74150701      2208151
  Total Potential          -5802.00438437  (Kcal/mole)        1.370 (sec)
 Setting atom names to PDB standard.
 Saving 5E3F_pH8.55.pdb_4
 Wrote induced dipoles to: /Dedicated/schnieders/maemmad/pKa_GNN/ffx_pipeline/data/fixed_pdbs/5E3F/5E3F_pH8.55.uind
 Wrote permanent multipoles to: /Dedicated/schnieders/maemmad/pKa_GNN/ffx_pipeline/data/fixed_pdbs/5E3F/5E3F_pH8.55.uperm

 Script wall clock time: 636.824 (sec)
=== Titration pH 8.55 done: Fri May  1 14:20:30 CDT 2026 ===
