 Evaluating /Dedicated/schnieders/programs/stack-2021.1.sh
  Loading Modules
   Stack 2021.1
   GCC 9.3.0
   CMake 3.20.0
   Eigen 3.3.9
   Cuda 11.1.1
   Cuda: /usr/share/apps/2021.1/arch/gcc-9.3.0/cuda-11.1.1
   CudaNN 8.0.5.39-11.1
   Swig 4.0.2_gcc-9.3.0
  Loading software from /Dedicated/schnieders/programs/local
   Ant: /Dedicated/schnieders/programs/apache-ant-1.10.11
   FFX: /Dedicated/schnieders/programs/ffx-builds/forcefieldx-2026-01-04
   GDMA: /Dedicated/schnieders/programs/gdma-2.3
   Groovy: /Dedicated/schnieders/programs/groovy-4.0.1
   Java: /Dedicated/schnieders/programs/jdk-25.0.1
   Maven: /Dedicated/schnieders/programs/apache-maven-3.9.5
   VMD: /Dedicated/schnieders/programs/vmd
   NAMD: /Dedicated/schnieders/programs/NAMD_3.0alpha7_Linux-x86_64-multicore-CUDA
   OpenEye: /Dedicated/schnieders/programs/OpenEye
   Tinker: /Dedicated/schnieders/programs/tinker-tools
=== Titration pH 4.4 started: Fri May  8 11:34:53 CDT 2026 ===
  Copy already exists, skipping.
  ManyBody output already exists, skipping.
WARNING: Using incubator modules: jdk.incubator.vector
 _________________________________________________________________________

        FORCE FIELD X - Polyglot Software for Molecular Biophysics 

        Version 1.0.0-6991  April 2026 
        Git Revision  937dfd3f3a84d0dc91f73b0419518078a8c41842 
 
        Please cite the following reference when using Force Field X:

        RA Gogal, AJ Nessler, AC Thiel, HV Bernabe, RA Corrigan Grove,
        LM Cousineau, JM Litman, JM Miller, G Qi, MJ Speranza,
        MR Tollefson, TD Fenn, JJ Michaelson, O Okada, JP Piquemal,
        JW Ponder, J Shen, RJH Smith, W Yang, P Ren and MJ Schnieders,
        2024, Journal of Chemical Physics, 161 (1).

        Copyright (c)  Michael J. Schnieders  2001-2026
        All Rights Reserved

        Force Field X is distributed under the GPL v. 3 license
        with linking exception and is hosted by the Schnieders Lab
        at The University of Iowa.

        User Manual:   https://ffx.biochem.uiowa.edu/manual.html
        Publications:  https://ffx.biochem.uiowa.edu/publications.html
        License:       https://ffx.biochem.uiowa.edu/licenses.html

 _________________________________________________________________________

 Fri May 08 11:34:54 CDT 2026
 Process ID 70111 on argon-itf-bx54-08.hpc.

 Command line arguments:
 [Minimize, -e, 0.1, /Dedicated/schnieders/maemmad/pKa_GNN/ffx_pipeline/data/fixed_pdbs/2FD3/2FD3_pH4.4.pdb_2, --saveInduced, --savePermanentMoments]

 Executing internal command: ffx.algorithms.commands.Minimize

 Initializing 1 topologies...
 Parsing: Internal force field (amoeba-bio-2018-cphmd).
 Parsing: Structure properties from (/Dedicated/schnieders/maemmad/pKa_GNN/ffx_pipeline/data/fixed_pdbs/2FD3/2FD3_input.properties).
 Parsing: JVM system properties (i.e. command line -Dkey=value pairs).

 Attempting to read force field patch from /Dedicated/schnieders/maemmad/pKa_GNN/naphosphate_solute.09Feb21.prm.

 Renumbering Patch: FALSE
 Reading 2FD3_pH4.4.pdb_2

 Assigning atom types for 2 chains.
 Amino acid chain A
 Amino acid chain B
 Constructing Force Field AMOEBA-BIO-2018-CPHMD

 SMP threads:                                20
 The system will be treated as aperiodic (max separation =   55.1 A).

 Bonded Terms
  Bonds:                                   3367
  Angles:                                  6123
  Stretch-Bends:                           5336
  Out-of-Plane Bends:                      1878
  Torsions:                                8958
  Pi-Orbital Torsions:                      360
  Torsion-Torsions:                          18

 Non-Bonded Terms

  Van der Waals
   Cut-Off:                                NONE
   Long-Range Correction:                 FALSE

 Electrostatics
   Polarization:                         MUTUAL
    SCF Convergence Criteria:         1.000e-06
    SCF Predictor:                         NONE
    SCF Algorithm:                           CG
    CG Preconditioner Cut-Off:            4.500
    CG Preconditioner Ewald Coeff.:       0.000
    CG Preconditioner Scale:              2.000
    CG Preconditioner Mode:     FLETCHER_REEVES
    Electrostatics Cut-Off:                NONE

  Continuum Solvation
   Radii:                                SOLUTE
   Generalized Kirkwood Cut-Off:           NONE
   GKC:                                  2.4550
   Solvent Dielectric:                  78.3000
   Solute Dielectric:                    1.0000
   Descreen with vdW Radii:                TRUE
   Descreen with Hydrogen Atoms:          FALSE
   Descreen Offset:                      0.0000
   General HCT Scale Factor:             0.7200
   Non-Polar Model:                  GAUSS-DISP
    GaussVol Radii Offset:               0.0000
    GaussVol Radii Scale:                1.0000
   Dispersion Integral Offset:           1.0560 (A)
   Cavitation Solvent Pressure:          0.0334 (Kcal/mol/A^3)
   Cavitation Surface Tension:           0.1030 (Kcal/mol/A^2)
   Cavitation Cross-Over Radius:         9.2515 (A)

  Overall system charge:                 11.000

 Opened 2FD3_pH4.4.pdb_2 in 1.373 sec.

 System Resources
  Total CPU time:          23.92 (sec)
  System load average:     12.66
  Open file handles:         146 of  81920 allowed
  System memory:           43790 MB free out of  44520 MB
  System swap space:        2053 MB free out of   2053 MB
  JVM memory:               3999 MB free out of   4096 MB

 Minimizing energy of Single Topology  [2FD3_pH4.4.pdb_2] 
 Setting lambda to 0.000.
 Generalized Kirkwood  -4577.29392646      0.382
 Cavitation             2123.49173251      0.334
 Dispersion            -1280.07749707      0.416

 Computed Potential Energy
  Bond Stretching            374.75083020         3367        0.004 ( 0.01730)
  Angle Bending              782.32130848         6123        0.008 ( 2.84262)
  Stretch-Bend                -0.99019329         5336        0.005
  Out-of-Plane Bend           32.09924705         1878        0.001
  Torsional Angle            168.02050496         8958        0.009
  Pi-Orbital Torsion          26.61472667          360        0.000
  Torsion-Torsion            -83.04795567           18        0.001
  Van der Waals              567.78329719      5556626        0.842
  Atomic Multipoles        -4229.14039901      5556626
  Polarization             -1027.95793985      5556626        6.501
  Solvation                -3733.87969102      5569453
  Total Potential          -7123.42626429  (Kcal/mole)        7.372 (sec)

 Limited Memory BFGS Quasi-Newton Optimization: 

 Cycle       Energy      G RMS    Delta E   Delta X    Angle  Evals     Time

     0   -7123.4263     9.0332
     1   -7230.2555     5.2213   106.8293    0.0042     0.00      2    4.342
     2   -7271.1466     2.2527    40.8910    0.0012     0.56      3    4.488
     3   -7290.2601     1.6603    19.1136    0.0011     8.66      4    4.682
     4   -7313.2267     1.7835    22.9666    0.0022    29.24      5    5.017
     5   -7340.0642     1.6415    26.8375    0.0034    52.44      6    4.987
     6   -7353.3101     2.7720    13.2458    0.0042    60.03      7    5.244
     7   -7371.6531     1.2842    18.3430    0.0027    68.92      8    5.141
     8   -7381.9843     0.9751    10.3312    0.0026    61.88      9    5.204
     9   -7390.1743     1.2279     8.1900    0.0026    63.71     10    4.952
    10   -7400.5478     1.3155    10.3735    0.0038    69.73     11    4.927
    11   -7410.8372     1.0727    10.2894    0.0038    69.99     12    4.833
    12   -7418.5301     1.0028     7.6929    0.0025    64.22     13    5.162
    13   -7426.5066     0.9802     7.9766    0.0027    63.77     14    5.073
    14   -7434.9543     1.3869     8.4476    0.0039    67.26     15    5.067
    15   -7444.2062     0.9863     9.2519    0.0042    74.99     16    5.146
    16   -7451.7816     0.8852     7.5754    0.0037    72.24     17    5.301
    17   -7458.6792     0.9406     6.8976    0.0042    72.88     18    5.154
    18   -7464.9031     0.9732     6.2239    0.0042    75.95     19    5.197
    19   -7471.3548     0.7816     6.4516    0.0042    76.59     20    5.110
    20   -7477.7741     0.8494     6.4193    0.0042    72.60     21    4.918
    21   -7483.3227     1.0225     5.5486    0.0042    74.13     22    5.121
    22   -7489.1753     0.8200     5.8526    0.0029    74.19     23    4.723
    23   -7496.4430     0.8998     7.2678    0.0042    71.22     24    4.890
    24   -7502.3053     1.0267     5.8622    0.0042    76.15     25    4.795
    25   -7508.8649     0.8502     6.5596    0.0042    77.95     26    5.167
    26   -7514.2159     1.1099     5.3510    0.0042    75.33     27    5.089
    27   -7519.5114     0.6988     5.2954    0.0042    80.28     28    5.013
    28   -7524.0450     0.7442     4.5336    0.0032    71.92     29    4.982
    29   -7528.8836     0.8430     4.8386    0.0040    74.71     30    5.120
    30   -7533.9019     0.7937     5.0184    0.0042    77.54     31    4.929
    31   -7538.6911     0.8864     4.7892    0.0042    74.80     32    4.884
    32   -7542.8168     0.7059     4.1257    0.0027    75.01     33    4.894
    33   -7547.1990     0.6947     4.3822    0.0032    74.60     34    4.986
    34   -7551.7281     0.9933     4.5291    0.0042    73.80     35    5.101
    35   -7556.2914     0.6802     4.5632    0.0042    79.85     36    4.989
    36   -7559.8422     0.6458     3.5508    0.0029    74.49     37    5.093
    37   -7563.7299     0.7032     3.8878    0.0029    71.24     38    5.027
    38   -7567.5456     0.8121     3.8156    0.0033    73.00     39    5.068
    39   -7571.4315     0.6294     3.8859    0.0026    74.37     40    5.136
    40   -7574.8779     0.6751     3.4464    0.0031    72.10     41    5.063
    41   -7577.5803     0.7897     2.7025    0.0029    74.72     42    4.993
    42   -7580.1435     0.5496     2.5632    0.0014    72.81     43    4.991
    43   -7583.5944     0.5050     3.4509    0.0027    69.64     44    4.943
    44   -7585.7572     1.0242     2.1628    0.0036    72.95     45    5.039
    45   -7588.2883     0.6190     2.5311    0.0017    78.64     46    5.014
    46   -7591.4062     0.5528     3.1179    0.0027    74.43     47    5.052
    47   -7593.9165     0.5960     2.5103    0.0027    76.92     48    5.052
    48   -7595.7204     1.2030     1.8039    0.0040    77.96     49    4.880
    49   -7598.3881     0.6137     2.6677    0.0016    79.36     50    4.806
    50   -7600.8438     0.4911     2.4557    0.0019    72.66     51    5.036
    51   -7602.7863     0.5981     1.9425    0.0020    74.90     52    5.201
    52   -7605.6360     0.7423     2.8497    0.0029    77.00     53    5.029
    53   -7608.9041     0.6457     3.2681    0.0042    80.41     54    4.796
    54   -7611.8219     0.5347     2.9178    0.0034    78.32     55    4.997
    55   -7614.1171     0.7495     2.2952    0.0030    74.26     56    4.868
    56   -7616.3704     0.5406     2.2533    0.0014    72.61     57    4.828
    57   -7618.5359     0.4806     2.1655    0.0015    66.56     58    4.984
    58   -7620.2432     0.8402     1.7072    0.0026    72.19     59    4.953
    59   -7622.1442     0.4908     1.9011    0.0016    78.77     60    4.901
    60   -7624.0307     0.4651     1.8864    0.0024    76.72     61    5.283
    61   -7625.9244     0.5319     1.8937    0.0031    79.53     62    5.172
    62   -7627.3329     0.9625     1.4085    0.0041    80.12     63    4.803
    63   -7629.4046     0.4791     2.0717    0.0018    80.58     64    5.023
    64   -7631.2525     0.3950     1.8480    0.0020    73.86     65    4.966
    65   -7632.7903     0.4634     1.5378    0.0021    75.78     66    5.254
    66   -7634.2929     0.8818     1.5026    0.0033    78.46     67    5.082
    67   -7636.4389     0.4921     2.1460    0.0025    82.15     68    5.007
    68   -7638.4260     0.3991     1.9871    0.0023    75.54     69    5.041
    69   -7640.4170     0.5971     1.9910    0.0026    73.09     70    4.909
    70   -7642.2239     0.7332     1.8069    0.0036    79.56     71    4.979
    71   -7643.9013     0.4557     1.6774    0.0010    71.92     72    4.863
    72   -7645.5534     0.4188     1.6521    0.0015    67.41     73    5.078
    73   -7646.9954     0.5250     1.4420    0.0019    75.53     74    4.871
    74   -7649.0207     0.5004     2.0253    0.0031    79.91     75    5.049
    75   -7651.0828     0.5706     2.0621    0.0042    80.08     76    4.944
    76   -7652.6776     0.5166     1.5947    0.0029    79.88     77    5.020
    77   -7654.0708     0.3981     1.3933    0.0011    70.96     78    5.088
    78   -7655.8517     0.4084     1.7809    0.0017    66.70     79    5.065
    79   -7657.1716     0.8165     1.3199    0.0034    76.06     80    5.192
    80   -7658.7307     0.4190     1.5590    0.0013    77.51     81    5.019
    81   -7659.8474     0.3494     1.1167    0.0014    74.35     82    4.931
    82   -7660.9044     0.4063     1.0570    0.0018    77.50     83    4.916
    83   -7662.1722     0.5556     1.2677    0.0025    78.17     84    4.885
    84   -7663.7231     0.3570     1.5510    0.0029    81.76     85    5.028
    85   -7664.8675     0.3924     1.1444    0.0019    75.79     86    5.025
    86   -7666.0941     0.4424     1.2266    0.0023    75.30     87    5.185
    87   -7667.2176     0.3638     1.1236    0.0011    70.85     88    4.834
    88   -7668.6177     0.3844     1.4001    0.0019    70.69     89    4.827
    89   -7669.6015     0.5221     0.9838    0.0021    76.19     90    4.997
    90   -7670.5533     0.3553     0.9518    0.0014    79.98     91    5.178
    91   -7671.7902     0.3387     1.2369    0.0023    76.63     92    5.027
    92   -7672.7618     0.4456     0.9716    0.0023    79.13     93    5.006
    93   -7673.8860     0.4133     1.1242    0.0030    81.69     94    4.856
    94   -7674.9627     0.3302     1.0767    0.0019    78.71     95    4.864
    95   -7676.0599     0.3737     1.0971    0.0020    74.09     96    5.033
    96   -7676.9936     0.4639     0.9337    0.0019    76.56     97    5.118
    97   -7678.0140     0.3316     1.0204    0.0015    78.49     98    4.905
    98   -7679.2334     0.3406     1.2194    0.0027    76.89     99    4.763
    99   -7679.9060     0.6017     0.6726    0.0028    79.80    100    4.967
   100   -7680.7251     0.3652     0.8191    0.0007    76.36    101    4.835
   101   -7681.8896     0.2628     1.1645    0.0019    76.36    102    5.038
   102   -7682.7373     0.3543     0.8477    0.0024    79.03    103    5.131
   103   -7683.3080     0.7543     0.5708    0.0034    81.86    104    4.952
   104   -7684.1964     0.4298     0.8883    0.0012    82.93    105    4.827
   105   -7685.2139     0.2669     1.0175    0.0020    79.47    106    5.022
   106   -7685.8247     0.3216     0.6109    0.0014    78.25    107    4.625
   107   -7686.7583     0.4258     0.9336    0.0023    80.56    108    5.079
   108   -7687.9350     0.3880     1.1767    0.0036    82.99    109    5.279
   109   -7688.8776     0.3889     0.9426    0.0028    81.65    110    4.934
   110   -7689.7179     0.3618     0.8402    0.0015    77.38    111    4.734
   111   -7690.8588     0.3562     1.1410    0.0017    74.56    112    5.040
   112   -7691.8329     0.4016     0.9741    0.0018    75.63    113    5.002
   113   -7692.5455     0.4488     0.7126    0.0024    80.02    114    4.864
   114   -7693.1707     0.2688     0.6252    0.0005    68.47    115    5.050
   115   -7693.8945     0.2621     0.7237    0.0015    74.12    116    4.855
   116   -7694.6382     0.3378     0.7437    0.0020    79.02    117    4.858
   117   -7695.5238     0.4210     0.8856    0.0030    81.55    118    4.534
   118   -7696.4209     0.3057     0.8972    0.0028    82.65    119    4.585
   119   -7697.0184     0.2832     0.5975    0.0014    77.34    120    4.757
   120   -7697.6715     0.2583     0.6530    0.0011    71.10    121    4.949
   121   -7698.4166     0.3476     0.7451    0.0014    70.70    122    4.800
   122   -7699.2714     0.3070     0.8548    0.0021    78.75    123    4.624
   123   -7699.9477     0.3172     0.6763    0.0016    77.29    124    4.589
   124   -7700.6233     0.2861     0.6756    0.0018    78.66    125    4.623
   125   -7701.2584     0.2942     0.6351    0.0014    76.90    126    4.727
   126   -7701.9502     0.2869     0.6918    0.0018    76.98    127    4.797
   127   -7702.4408     0.3409     0.4906    0.0013    75.77    128    4.653
   128   -7702.9555     0.2467     0.5147    0.0009    77.26    129    4.461
   129   -7703.6634     0.2321     0.7079    0.0015    74.09    130    4.473
   130   -7704.2268     0.4476     0.5634    0.0023    77.35    131    4.744
   131   -7704.8360     0.2603     0.6092    0.0016    82.73    132    4.516
   132   -7705.3548     0.2202     0.5188    0.0013    77.22    133    4.931
   133   -7705.8355     0.2899     0.4807    0.0014    76.00    134    4.711
   134   -7706.3579     0.3653     0.5224    0.0019    80.22    135    4.689
   135   -7706.9380     0.2555     0.5801    0.0012    80.30    136    4.657
   136   -7707.6415     0.2625     0.7036    0.0019    76.18    137    4.786
   137   -7708.0662     0.4176     0.4247    0.0017    77.92    138    4.514
   138   -7708.5202     0.2620     0.4540    0.0005    75.01    139    4.674
   139   -7709.1581     0.1866     0.6379    0.0012    73.24    140    4.741
   140   -7709.6277     0.2730     0.4696    0.0015    75.86    141    4.510
   141   -7710.0464     0.4233     0.4187    0.0022    80.88    142    4.509
   142   -7710.5780     0.2467     0.5316    0.0011    80.86    143    4.540
   143   -7711.1561     0.2228     0.5781    0.0014    75.00    144    4.385
   144   -7711.5446     0.2867     0.3885    0.0012    77.45    145    4.704
   145   -7712.0446     0.2679     0.5000    0.0017    80.86    146    4.468
   146   -7712.5463     0.2622     0.5017    0.0017    80.02    147    4.526
   147   -7713.0432     0.2723     0.4969    0.0017    79.10    148    4.471
   148   -7713.5309     0.2383     0.4877    0.0011    76.53    149    4.382
   149   -7714.1194     0.2830     0.5885    0.0017    76.13    150    4.430
   150   -7714.5844     0.3308     0.4650    0.0020    80.06    151    4.374
   151   -7714.9690     0.2256     0.3845    0.0008    79.01    152    4.425
   152   -7715.4658     0.2181     0.4968    0.0014    76.39    153    4.800
   153   -7715.8891     0.3043     0.4233    0.0018    80.94    154    4.843
   154   -7716.4390     0.2585     0.5499    0.0025    83.67    155    5.161
   155   -7716.9550     0.2716     0.5160    0.0023    81.43    156    3.670
   156   -7717.3837     0.2326     0.4288    0.0012    78.02    157    3.245
   157   -7717.8089     0.2381     0.4252    0.0009    71.90    158    3.145
   158   -7718.3381     0.2465     0.5292    0.0014    75.42    159    3.158
   159   -7718.8001     0.2977     0.4620    0.0019    79.64    160    3.150
   160   -7719.2015     0.2281     0.4014    0.0016    82.10    161    3.177
   161   -7719.5786     0.2017     0.3771    0.0009    75.15    162    3.166
   162   -7720.0198     0.2966     0.4412    0.0014    74.85    163    3.262
   163   -7720.4459     0.2482     0.4261    0.0014    79.64    164    3.237
   164   -7720.7722     0.2029     0.3263    0.0007    74.82    165    3.177
   165   -7721.1395     0.2209     0.3674    0.0011    73.51    166    3.135
   166   -7721.4666     0.2442     0.3271    0.0010    75.51    167    3.179
   167   -7721.8533     0.2129     0.3867    0.0010    78.44    168    3.265
   168   -7722.2610     0.3044     0.4078    0.0017    77.68    169    3.223
   169   -7722.6065     0.2417     0.3455    0.0016    81.92    170    3.147
   170   -7722.8473     0.1938     0.2408    0.0003    66.25    171    3.156
   171   -7723.2321     0.1554     0.3848    0.0007    70.07    172    3.143
   172   -7723.6211     0.3657     0.3890    0.0018    74.12    173    3.153
   173   -7723.9667     0.2256     0.3457    0.0015    83.55    174    3.170
   174   -7724.1994     0.1760     0.2327    0.0006    79.21    175    3.216
   175   -7724.5594     0.1548     0.3599    0.0012    77.02    176    3.128
   176   -7724.9222     0.3261     0.3629    0.0023    78.45    177    3.133
   177   -7725.2290     0.2257     0.3068    0.0015    84.09    178    3.134
   178   -7725.5010     0.1924     0.2720    0.0009    80.58    179    3.133
   179   -7725.8951     0.2021     0.3940    0.0014    78.67    180    3.204
   180   -7726.2321     0.3555     0.3370    0.0023    80.15    181    3.170
   181   -7726.5676     0.2068     0.3355    0.0010    82.24    182    3.151
   182   -7726.8888     0.1923     0.3212    0.0010    77.61    183    3.140
   183   -7727.2361     0.2241     0.3473    0.0015    79.86    184    3.131
   184   -7727.4313     0.4498     0.1952    0.0021    81.43    185    3.184
   185   -7727.7371     0.2476     0.3058    0.0004    77.69    186    3.629
   186   -7728.0974     0.1716     0.3603    0.0010    76.93    187    3.483
   187   -7728.3134     0.2001     0.2159    0.0010    80.46    188    3.602
   188   -7728.6639     0.2085     0.3505    0.0015    81.70    189    3.218
   189   -7728.9163     0.4196     0.2525    0.0024    82.08    190    3.134
   190   -7729.2757     0.2054     0.3593    0.0011    83.87    191    3.154
   191   -7729.5124     0.1535     0.2368    0.0009    79.54    192    3.241
   192   -7729.7516     0.2068     0.2392    0.0010    78.43    193    3.136
   193   -7730.0911     0.2580     0.3395    0.0016    81.77    194    3.136
   194   -7730.4596     0.2719     0.3685    0.0024    83.59    195    3.140
   195   -7730.7684     0.2005     0.3088    0.0011    81.10    196    3.138
   196   -7731.0988     0.2152     0.3304    0.0011    76.60    197    3.144
   197   -7731.3731     0.2362     0.2743    0.0009    78.45    198    3.221
   198   -7731.7157     0.2414     0.3426    0.0016    81.77    199    3.146
   199   -7732.0487     0.2370     0.3330    0.0021    82.84    200    3.114
   200   -7732.3357     0.1914     0.2870    0.0011    81.50    201    3.124
   201   -7732.6806     0.2024     0.3449    0.0016    80.12    202    3.137
   202   -7733.0263     0.3021     0.3457    0.0022    82.39    203    3.221
   203   -7733.4305     0.2154     0.4042    0.0021    84.85    204    3.450
   204   -7733.8002     0.2224     0.3698    0.0023    82.38    205    3.134
   205   -7734.0744     0.2395     0.2742    0.0015    82.31    206    3.144
   206   -7734.3868     0.1954     0.3124    0.0011    81.42    207    3.150
   207   -7734.8321     0.1994     0.4453    0.0020    80.78    208    3.139
   208   -7735.1701     0.3744     0.3381    0.0036    82.85    209    3.277
   209   -7735.4849     0.2222     0.3148    0.0011    83.27    210    3.434
   210   -7735.7454     0.1958     0.2604    0.0007    78.11    211    3.247
   211   -7736.1203     0.2144     0.3750    0.0019    82.01    212    3.185
   212   -7736.4755     0.3994     0.3552    0.0033    83.85    213    3.129
   213   -7736.8793     0.2267     0.4038    0.0023    86.03    214    3.616
   214   -7737.1892     0.1754     0.3099    0.0009    77.37    215    4.211
   215   -7737.5142     0.2162     0.3250    0.0014    79.01    216    4.540
   216   -7737.8068     0.3743     0.2926    0.0025    83.02    217    4.635
   217   -7738.1236     0.2257     0.3168    0.0010    83.10    218    4.704
   218   -7738.4185     0.1721     0.2950    0.0009    76.77    219    4.602
   219   -7738.6841     0.2100     0.2656    0.0010    78.69    220    4.889
   220   -7739.0592     0.2427     0.3751    0.0015    80.22    221    4.591
   221   -7739.4873     0.2546     0.4281    0.0023    82.19    222    5.209
   222   -7739.7292     0.2790     0.2418    0.0013    80.59    223    4.756
   223   -7739.9746     0.1807     0.2454    0.0003    67.32    224    4.682
   224   -7740.3184     0.1851     0.3439    0.0007    66.52    225    4.588
   225   -7740.6332     0.2715     0.3148    0.0013    78.36    226    4.767
   226   -7740.9932     0.2350     0.3600    0.0018    82.80    227    4.499
   227   -7741.3387     0.1831     0.3455    0.0010    79.54    228    4.714
   228   -7741.7267     0.2681     0.3880    0.0016    76.22    229    4.776
   229   -7742.0356     0.2160     0.3089    0.0011    78.71    230    4.815
   230   -7742.2738     0.1851     0.2383    0.0005    74.52    231    4.695
   231   -7742.6224     0.1665     0.3485    0.0009    74.25    232    4.697
   232   -7742.9719     0.2784     0.3496    0.0018    76.91    233    4.386
   233   -7743.2245     0.2008     0.2526    0.0011    82.68    234    4.786
   234   -7743.4885     0.1744     0.2640    0.0012    81.85    235    4.632
   235   -7743.8211     0.2162     0.3327    0.0017    79.95    236    4.539
   236   -7744.0057     0.3614     0.1846    0.0018    80.32    237    4.808
   237   -7744.2863     0.1902     0.2806    0.0002    50.35    238    4.831
   238   -7744.6428     0.1795     0.3565    0.0005    60.09    239    4.621
   239   -7744.9413     0.2113     0.2986    0.0011    78.30    240    4.636
   240   -7745.2267     0.3790     0.2853    0.0015    79.43    241    4.680
   241   -7745.6000     0.1778     0.3733    0.0017    84.81    242    4.917
   242   -7745.8377     0.1405     0.2377    0.0008    77.40    243    4.659
   243   -7746.0755     0.2061     0.2378    0.0009    72.89    244    4.488
   244   -7746.2851     0.3118     0.2096    0.0012    79.27    245    4.668
   245   -7746.5267     0.1692     0.2415    0.0005    78.33    246    4.626
   246   -7746.7304     0.1355     0.2037    0.0005    70.19    247    4.788
   247   -7746.8794     0.1599     0.1490    0.0005    74.35    248    4.779
   248   -7747.0786     0.2070     0.1992    0.0010    79.18    249    4.673
   249   -7747.3445     0.1661     0.2659    0.0015    82.69    250    4.650
   250   -7747.5105     0.2722     0.1660    0.0014    80.44    251    4.494
   251   -7747.7207     0.1386     0.2102    0.0005    77.28    252    4.770
   252   -7747.8804     0.1269     0.1597    0.0003    59.79    253    4.754
   253   -7748.0658     0.1823     0.1854    0.0008    74.66    254    4.553
   254   -7748.2625     0.1839     0.1967    0.0013    81.30    255    4.535
   255   -7748.4213     0.1253     0.1588    0.0007    80.77    256    4.555
   256   -7748.5706     0.1375     0.1493    0.0010    78.06    257    4.412
   257   -7748.6941     0.1771     0.1235    0.0007    77.49    258    4.421
   258   -7748.8416     0.1391     0.1475    0.0005    78.85    259    4.330
   259   -7749.0346     0.1491     0.1931    0.0009    76.93    260    4.581
   260   -7749.1972     0.1800     0.1625    0.0012    79.76    261    4.303
   261   -7749.3215     0.1356     0.1243    0.0004    78.17    262    4.489
   262   -7749.5088     0.1148     0.1873    0.0008    76.65    263    4.366
   263   -7749.6733     0.2209     0.1645    0.0013    77.42    264    4.400
   264   -7749.8035     0.1698     0.1302    0.0011    83.00    265    4.501
   265   -7749.9064     0.1212     0.1029    0.0002    63.06    266    4.637
   266   -7750.0650     0.0979     0.1586    0.0005    71.60    267    4.411

 Optimization achieved convergence criteria:  0.09791
 Generalized Kirkwood  -4507.86138154      0.223
 Cavitation             2149.49524217      0.147
 Dispersion            -1400.77813067      0.244

 Computed Potential Energy
  Bond Stretching            307.50746445         3367        0.000 ( 0.01650)
  Angle Bending              715.95260563         6123        0.000 ( 2.75024)
  Stretch-Bend                 3.81718590         5336        0.000
  Out-of-Plane Bend           27.22063646         1878        0.000
  Torsional Angle            124.77798264         8958        0.000
  Pi-Orbital Torsion          24.19948615          360        0.000
  Torsion-Torsion            -88.66140381           18        0.000
  Van der Waals              412.88959222      5556626        0.010
  Atomic Multipoles        -4487.21068109      5556626
  Polarization             -1031.41356041      5556626        3.143
  Solvation                -3759.14427003      5569453
  Total Potential          -7750.06496190  (Kcal/mole)        3.155 (sec)
 Setting atom names to PDB standard.
 Saving 2FD3_pH4.4.pdb_3
 Wrote induced dipoles to: /Dedicated/schnieders/maemmad/pKa_GNN/ffx_pipeline/data/fixed_pdbs/2FD3/2FD3_pH4.4.uind
 Wrote permanent multipoles to: /Dedicated/schnieders/maemmad/pKa_GNN/ffx_pipeline/data/fixed_pdbs/2FD3/2FD3_pH4.4.uperm

 Script wall clock time: 1208.230 (sec)
=== Titration pH 4.4 done: Fri May  8 11:55:04 CDT 2026 ===
