 Evaluating /Dedicated/schnieders/programs/stack-2021.1.sh
  Loading Modules
   Stack 2021.1
   GCC 9.3.0
   CMake 3.20.0
   Eigen 3.3.9
   Cuda 11.1.1
   Cuda: /usr/share/apps/2021.1/arch/gcc-9.3.0/cuda-11.1.1
   CudaNN 8.0.5.39-11.1
   Swig 4.0.2_gcc-9.3.0
  Loading software from /Dedicated/schnieders/programs/local
   Ant: /Dedicated/schnieders/programs/apache-ant-1.10.11
   FFX: /Dedicated/schnieders/programs/ffx-builds/forcefieldx-2026-01-04
   GDMA: /Dedicated/schnieders/programs/gdma-2.3
   Groovy: /Dedicated/schnieders/programs/groovy-4.0.1
   Java: /Dedicated/schnieders/programs/jdk-25.0.1
   Maven: /Dedicated/schnieders/programs/apache-maven-3.9.5
   VMD: /Dedicated/schnieders/programs/vmd
   NAMD: /Dedicated/schnieders/programs/NAMD_3.0alpha7_Linux-x86_64-multicore-CUDA
   OpenEye: /Dedicated/schnieders/programs/OpenEye
   Tinker: /Dedicated/schnieders/programs/tinker-tools
=== Titration pH 4.4 started: Fri May  8 15:09:21 CDT 2026 ===
  Copy already exists, skipping.
  ManyBody output already exists, skipping.
WARNING: Using incubator modules: jdk.incubator.vector
 _________________________________________________________________________

        FORCE FIELD X - Polyglot Software for Molecular Biophysics 

        Version 1.0.0-6991  April 2026 
        Git Revision  937dfd3f3a84d0dc91f73b0419518078a8c41842 
 
        Please cite the following reference when using Force Field X:

        RA Gogal, AJ Nessler, AC Thiel, HV Bernabe, RA Corrigan Grove,
        LM Cousineau, JM Litman, JM Miller, G Qi, MJ Speranza,
        MR Tollefson, TD Fenn, JJ Michaelson, O Okada, JP Piquemal,
        JW Ponder, J Shen, RJH Smith, W Yang, P Ren and MJ Schnieders,
        2024, Journal of Chemical Physics, 161 (1).

        Copyright (c)  Michael J. Schnieders  2001-2026
        All Rights Reserved

        Force Field X is distributed under the GPL v. 3 license
        with linking exception and is hosted by the Schnieders Lab
        at The University of Iowa.

        User Manual:   https://ffx.biochem.uiowa.edu/manual.html
        Publications:  https://ffx.biochem.uiowa.edu/publications.html
        License:       https://ffx.biochem.uiowa.edu/licenses.html

 _________________________________________________________________________

 Fri May 08 15:09:31 CDT 2026
 Process ID 28944 on argon-itf-bx45-04.hpc.

 Command line arguments:
 [Minimize, -e, 0.1, /Dedicated/schnieders/maemmad/pKa_GNN/ffx_pipeline/data/fixed_pdbs/3F71/3F71_pH4.4.pdb_2, --saveInduced, --savePermanentMoments]

 Executing internal command: ffx.algorithms.commands.Minimize

 Initializing 1 topologies...
 Parsing: Internal force field (amoeba-bio-2018-cphmd).
 Parsing: Structure properties from (/Dedicated/schnieders/maemmad/pKa_GNN/ffx_pipeline/data/fixed_pdbs/3F71/3F71_input.properties).
 Parsing: JVM system properties (i.e. command line -Dkey=value pairs).

 Attempting to read force field patch from /Dedicated/schnieders/maemmad/pKa_GNN/naphosphate_solute.09Feb21.prm.

 Renumbering Patch: FALSE
 Reading 3F71_pH4.4.pdb_2

 Assigning atom types for 1 chains.
 Amino acid chain A
 Constructing Force Field AMOEBA-BIO-2018-CPHMD

 SMP threads:                                20
 The system will be treated as aperiodic (max separation =   79.4 A).

 Bonded Terms
  Bonds:                                   2986
  Angles:                                  5447
  Stretch-Bends:                           4739
  Out-of-Plane Bends:                      1620
  Torsions:                                7930
  Pi-Orbital Torsions:                      281
  Torsion-Torsions:                          18

 Non-Bonded Terms

  Van der Waals
   Cut-Off:                                NONE
   Long-Range Correction:                 FALSE

 Electrostatics
   Polarization:                         MUTUAL
    SCF Convergence Criteria:         1.000e-06
    SCF Predictor:                         NONE
    SCF Algorithm:                           CG
    CG Preconditioner Cut-Off:            4.500
    CG Preconditioner Ewald Coeff.:       0.000
    CG Preconditioner Scale:              2.000
    CG Preconditioner Mode:     FLETCHER_REEVES
    Electrostatics Cut-Off:                NONE

  Continuum Solvation
   Radii:                                SOLUTE
   Generalized Kirkwood Cut-Off:           NONE
   GKC:                                  2.4550
   Solvent Dielectric:                  78.3000
   Solute Dielectric:                    1.0000
   Descreen with vdW Radii:                TRUE
   Descreen with Hydrogen Atoms:          FALSE
   Descreen Offset:                      0.0000
   General HCT Scale Factor:             0.7200
   Non-Polar Model:                  GAUSS-DISP
    GaussVol Radii Offset:               0.0000
    GaussVol Radii Scale:                1.0000
   Dispersion Integral Offset:           1.0560 (A)
   Cavitation Solvent Pressure:          0.0334 (Kcal/mol/A^3)
   Cavitation Surface Tension:           0.1030 (Kcal/mol/A^2)
   Cavitation Cross-Over Radius:         9.2515 (A)

  Overall system charge:                  7.000

 Opened 3F71_pH4.4.pdb_2 in 1.052 sec.

 System Resources
  Total CPU time:          16.20 (sec)
  System load average:      2.19
  Open file handles:         148 of  81920 allowed
  System memory:           78336 MB free out of  79280 MB
  System swap space:        1606 MB free out of   2053 MB
  JVM memory:               4008 MB free out of   4096 MB

 Minimizing energy of Single Topology  [3F71_pH4.4.pdb_2] 
 Setting lambda to 0.000.
 Generalized Kirkwood  -3717.76305858      0.215
 Cavitation             1856.88910483      0.210
 Dispersion            -1159.13973021      0.292

 Computed Potential Energy
  Bond Stretching            382.11358666         2986        0.003 ( 0.02029)
  Angle Bending             3177.70309164         5447        0.007 ( 4.50279)
  Stretch-Bend                26.42755594         4739        0.005
  Out-of-Plane Bend          120.94693527         1620        0.002
  Torsional Angle            188.98080491         7930        0.008
  Pi-Orbital Torsion          78.00256443          281        0.000
  Torsion-Torsion            -77.05544741           18        0.000
  Van der Waals             3325.51973624      4382733        0.420
  Atomic Multipoles        -4988.25258790      4382733
  Polarization              -885.04829411      4382733        3.972
  Solvation                -3020.01368396      4394130
  Total Potential          -1670.67573829  (Kcal/mole)        4.417 (sec)

 Limited Memory BFGS Quasi-Newton Optimization: 

 Cycle       Energy      G RMS    Delta E   Delta X    Angle  Evals     Time

     0   -1670.6757   176.3836
     1   -2326.5219    40.6640   655.8462    0.0044     0.00      2    2.287
     2   -2685.1645    35.0473   358.6426    0.0011    12.71      3    2.212
     3   -3321.6859    26.8869   636.5214    0.0025    20.13      4    2.182
     4   -4118.1646    17.1552   796.4787    0.0044    23.38      5    2.162
     5   -4647.1772    11.6440   529.0126    0.0044    21.56      6    2.146
     6   -5027.5730     8.5836   380.3958    0.0044    16.72      7    2.115
     7   -5317.1495     6.8575   289.5765    0.0044    11.44      8    2.107
     8   -5553.6201     5.4561   236.4705    0.0044     8.64      9    2.351
     9   -5745.7246     4.6118   192.1046    0.0044     5.71     10    2.372
    10   -5903.6392     4.1127   157.9146    0.0044     9.46     11    2.544
    11   -6042.1843     3.3772   138.5451    0.0044    19.16     12    2.574
    12   -6154.9080     3.3888   112.7237    0.0044    17.86     13    2.541
    13   -6255.7288     2.7693   100.8207    0.0044    32.33     14    2.655
    14   -6339.9971     2.5456    84.2683    0.0044    29.93     15    2.466
    15   -6412.5984     2.2943    72.6013    0.0044    35.61     16    2.517
    16   -6475.5948     2.0855    62.9964    0.0044    38.60     17    2.515
    17   -6530.2820     2.1133    54.6873    0.0044    41.21     18    2.714
    18   -6581.1098     2.0833    50.8277    0.0044    48.25     19    2.466
    19   -6628.9817     2.1644    47.8719    0.0044    50.22     20    2.443
    20   -6673.2964     2.0529    44.3148    0.0044    53.47     21    2.353
    21   -6713.7431     1.9575    40.4467    0.0044    55.18     22    2.538
    22   -6751.5921     1.9176    37.8489    0.0044    56.14     23    2.541
    23   -6787.2833     1.8468    35.6912    0.0044    57.94     24    2.554
    24   -6821.3450     1.7992    34.0617    0.0044    58.22     25    2.683
    25   -6853.9953     1.6846    32.6503    0.0044    59.06     26    2.540
    26   -6884.8809     1.6902    30.8856    0.0044    58.26     27    2.657
    27   -6914.6928     1.5371    29.8119    0.0044    59.77     28    2.657
    28   -6942.8267     1.5747    28.1338    0.0044    57.71     29    2.602
    29   -6969.4908     1.4112    26.6641    0.0044    60.71     30    2.745
    30   -6993.9144     1.4309    24.4236    0.0044    59.22     31    2.672
    31   -7016.8095     1.2970    22.8951    0.0044    62.14     32    2.818
    32   -7038.0038     1.4668    21.1942    0.0044    60.23     33    2.656
    33   -7058.2717     1.2913    20.2679    0.0044    66.17     34    2.702
    34   -7077.4228     1.6160    19.1512    0.0044    62.67     35    2.668
    35   -7096.1948     1.4132    18.7720    0.0044    70.37     36    2.625
    36   -7114.2229     1.8030    18.0281    0.0044    66.19     37    2.808
    37   -7131.9529     1.5557    17.7300    0.0044    73.50     38    2.820
    38   -7148.6963     1.9881    16.7434    0.0044    69.29     39    2.815
    39   -7165.2819     1.6554    16.5856    0.0044    75.97     40    2.873
    40   -7181.9052     1.8190    16.6233    0.0044    71.52     41    2.856
    41   -7197.7812     1.4146    15.8760    0.0044    75.20     42    2.782
    42   -7213.8062     1.5143    16.0250    0.0044    69.73     43    2.710
    43   -7228.3565     1.1706    14.5503    0.0044    73.27     44    2.937
    44   -7243.0025     1.2782    14.6460    0.0044    67.16     45    2.936
    45   -7255.3305     1.0739    12.3280    0.0044    72.63     46    2.729
    46   -7268.1898     1.2923    12.8593    0.0044    67.00     47    2.771
    47   -7278.8567     1.0667    10.6668    0.0044    74.72     48    2.835
    48   -7290.5818     1.3908    11.7251    0.0044    67.71     49    2.838
    49   -7301.4857     1.1000    10.9039    0.0044    75.07     50    2.803
    50   -7313.4851     1.4280    11.9994    0.0044    66.64     51    2.792
    51   -7325.6417     1.0629    12.1566    0.0044    72.97     52    2.780
    52   -7338.0263     1.4015    12.3845    0.0044    62.82     53    2.697
    53   -7349.1808     1.2934    11.1545    0.0044    69.94     54    2.873
    54   -7360.3636     1.0924    11.1828    0.0029    61.76     55    2.747
    55   -7372.2564     1.6026    11.8928    0.0044    58.22     56    2.807
    56   -7384.2056     0.9211    11.9491    0.0033    69.09     57    2.566
    57   -7395.5238     0.9579    11.3183    0.0044    66.42     58    2.561
    58   -7405.0339     0.9697     9.5101    0.0044    72.52     59    2.652
    59   -7413.4652     1.0246     8.4313    0.0044    75.19     60    2.481
    60   -7421.5214     1.0028     8.0562    0.0044    76.85     61    2.555
    61   -7429.1973     0.9644     7.6759    0.0044    77.05     62    2.510
    62   -7436.5976     0.9040     7.4003    0.0044    77.34     63    2.590
    63   -7443.7277     0.9727     7.1302    0.0044    76.36     64    2.538
    64   -7450.7220     0.8582     6.9942    0.0044    78.16     65    2.447
    65   -7457.4202     1.0449     6.6983    0.0044    75.90     66    2.361
    66   -7464.0485     0.9085     6.6283    0.0044    79.66     67    2.120
    67   -7470.4663     1.0856     6.4178    0.0044    77.38     68    2.383
    68   -7476.7730     0.9347     6.3067    0.0044    80.57     69    2.354
    69   -7483.3052     1.0743     6.5323    0.0044    77.48     70    2.337
    70   -7489.3459     0.9242     6.0406    0.0044    80.86     71    2.267
    71   -7495.6521     1.0367     6.3062    0.0044    77.83     72    2.178
    72   -7501.4350     0.8763     5.7829    0.0044    80.96     73    2.515
    73   -7507.4660     0.9571     6.0310    0.0044    77.99     74    2.598
    74   -7512.7808     0.7882     5.3148    0.0044    80.83     75    2.552
    75   -7518.6656     0.9826     5.8848    0.0044    76.18     76    2.544
    76   -7523.8101     0.8149     5.1445    0.0044    81.11     77    2.628
    77   -7529.5628     1.1431     5.7527    0.0044    75.83     78    2.627
    78   -7534.5956     0.9523     5.0328    0.0044    82.41     79    2.380
    79   -7540.0372     1.4124     5.4416    0.0044    76.93     80    2.313
    80   -7545.2088     1.0599     5.1716    0.0044    83.39     81    2.477
    81   -7551.8118     0.9891     6.6029    0.0044    77.87     82    2.570
    82   -7558.0291     0.7354     6.2174    0.0044    77.34     83    2.700
    83   -7565.1999     1.0012     7.1708    0.0044    67.90     84    2.554
    84   -7569.7832     1.1971     4.5832    0.0044    75.49     85    2.724
    85   -7574.9501     0.7500     5.1670    0.0029    76.33     86    2.635
    86   -7579.7731     0.7892     4.8230    0.0024    60.31     87    2.652
    87   -7583.8153     0.6382     4.0421    0.0020    63.15     88    2.620
    88   -7588.8964     0.7217     5.0811    0.0035    69.33     89    2.550
    89   -7593.5124     0.7031     4.6160    0.0044    77.82     90    2.568
    90   -7597.5149     0.6379     4.0025    0.0044    79.51     91    2.615
    91   -7601.1231     0.6544     3.6082    0.0044    79.79     92    2.605
    92   -7604.9064     0.6911     3.7833    0.0044    79.50     93    2.535
    93   -7608.7595     0.6059     3.8532    0.0044    80.36     94    2.597
    94   -7612.5828     0.7582     3.8233    0.0044    78.40     95    2.472
    95   -7616.7104     0.6161     4.1276    0.0044    80.47     96    2.550
    96   -7620.6631     0.6299     3.9527    0.0044    78.35     97    2.638
    97   -7624.7777     0.5627     4.1146    0.0044    78.16     98    2.812
    98   -7628.6369     0.5948     3.8592    0.0044    77.41     99    2.603
    99   -7632.4981     0.6016     3.8611    0.0044    78.09    100    2.674
   100   -7636.4265     0.6977     3.9285    0.0044    77.65    101    2.626
   101   -7640.4250     0.6310     3.9985    0.0044    79.32    102    2.713
   102   -7645.0316     0.8151     4.6066    0.0044    75.24    103    2.598
   103   -7649.7282     0.6759     4.6966    0.0044    77.75    104    2.655
   104   -7654.8259     0.8955     5.0977    0.0043    68.69    105    2.511
   105   -7657.7006     1.2008     2.8747    0.0027    68.23    106    2.523
   106   -7660.9421     0.6259     3.2415    0.0022    78.96    107    2.578
   107   -7663.9087     0.4537     2.9666    0.0021    68.09    108    2.436
   108   -7667.1126     0.7045     3.2039    0.0021    57.99    109    2.627
   109   -7670.9742     0.7579     3.8616    0.0044    76.71    110    2.491
   110   -7673.8547     0.5875     2.8805    0.0044    82.16    111    2.577
   111   -7676.2440     0.5066     2.3893    0.0044    81.82    112    2.714
   112   -7678.5665     0.5463     2.3225    0.0044    80.62    113    2.620
   113   -7681.0274     0.5631     2.4609    0.0044    80.84    114    2.634
   114   -7684.0029     0.6321     2.9755    0.0044    79.32    115    2.676
   115   -7687.4840     0.6045     3.4811    0.0044    78.91    116    2.607
   116   -7691.1706     0.6925     3.6867    0.0044    76.65    117    2.686
   117   -7694.9142     0.7207     3.7436    0.0044    77.35    118    2.530
   118   -7698.6254     0.7997     3.7112    0.0041    76.27    119    2.509
   119   -7702.2448     0.6397     3.6194    0.0034    75.98    120    2.724
   120   -7705.2462     0.6071     3.0014    0.0027    71.33    121    2.499
   121   -7707.9490     0.7039     2.7028    0.0039    76.91    122    2.714
   122   -7710.7102     0.5699     2.7613    0.0044    81.84    123    2.613
   123   -7713.1016     0.4917     2.3914    0.0044    82.04    124    2.537
   124   -7715.2402     0.5553     2.1385    0.0044    81.64    125    2.660
   125   -7717.3998     0.4704     2.1597    0.0044    83.09    126    2.567
   126   -7719.5582     0.4758     2.1584    0.0044    81.98    127    2.479
   127   -7721.7291     0.4564     2.1709    0.0044    82.14    128    2.556
   128   -7723.9815     0.4259     2.2524    0.0044    81.64    129    2.444
   129   -7726.2870     0.4583     2.3055    0.0044    80.57    130    2.507
   130   -7728.6114     0.4259     2.3244    0.0044    81.34    131    2.599
   131   -7730.7951     0.4477     2.1837    0.0044    80.98    132    2.596
   132   -7733.1344     0.4487     2.3393    0.0044    80.75    133    2.475
   133   -7735.2672     0.4647     2.1328    0.0044    81.16    134    2.649
   134   -7737.6771     0.4362     2.4099    0.0044    80.48    135    2.610
   135   -7739.9546     0.6416     2.2775    0.0044    78.80    136    2.532
   136   -7742.6258     0.4682     2.6712    0.0044    81.26    137    2.544
   137   -7744.9684     0.8835     2.3426    0.0036    70.91    138    2.629
   138   -7747.4824     0.4997     2.5140    0.0021    74.58    139    2.684
   139   -7749.0675     0.4088     1.5851    0.0030    80.35    140    2.803
   140   -7750.5209     0.6875     1.4534    0.0032    73.97    141    2.657
   141   -7752.0212     0.3868     1.5003    0.0012    70.48    142    2.710
   142   -7753.2500     0.4034     1.2289    0.0026    80.15    143    2.769
   143   -7754.8380     0.5584     1.5879    0.0043    80.89    144    2.706
   144   -7756.3084     0.4784     1.4704    0.0044    83.38    145    2.590
   145   -7757.6574     0.4030     1.3490    0.0022    79.63    146    2.611
   146   -7759.6164     0.4136     1.9590    0.0029    74.88    147    2.678
   147   -7760.7898     1.0282     1.1734    0.0041    74.77    148    2.713
   148   -7762.3820     0.4622     1.5922    0.0006    66.16    149    2.767
   149   -7763.4667     0.3617     1.0847    0.0007    61.92    150    2.790
   150   -7764.8188     0.5068     1.3521    0.0020    72.73    151    2.619
   151   -7766.4812     0.6225     1.6624    0.0036    81.64    152    2.780
