 Evaluating /Dedicated/schnieders/programs/stack-2021.1.sh
  Loading Modules
   Stack 2021.1
   GCC 9.3.0
   CMake 3.20.0
   Eigen 3.3.9
   Cuda 11.1.1
   Cuda: /usr/share/apps/2021.1/arch/gcc-9.3.0/cuda-11.1.1
   CudaNN 8.0.5.39-11.1
   Swig 4.0.2_gcc-9.3.0
  Loading software from /Dedicated/schnieders/programs/local
   Ant: /Dedicated/schnieders/programs/apache-ant-1.10.11
   FFX: /Dedicated/schnieders/programs/ffx-builds/forcefieldx-2026-01-04
   GDMA: /Dedicated/schnieders/programs/gdma-2.3
   Groovy: /Dedicated/schnieders/programs/groovy-4.0.1
   Java: /Dedicated/schnieders/programs/jdk-25.0.1
   Maven: /Dedicated/schnieders/programs/apache-maven-3.9.5
   VMD: /Dedicated/schnieders/programs/vmd
   NAMD: /Dedicated/schnieders/programs/NAMD_3.0alpha7_Linux-x86_64-multicore-CUDA
   OpenEye: /Dedicated/schnieders/programs/OpenEye
   Tinker: /Dedicated/schnieders/programs/tinker-tools
=== Titration pH 6.45 started: Tue Apr 21 23:12:39 CDT 2026 ===
WARNING: Using incubator modules: jdk.incubator.vector
WARNING: Using incubator modules: jdk.incubator.vector
 _________________________________________________________________________

        FORCE FIELD X - Polyglot Software for Molecular Biophysics 

        Version 1.0.0-6947  April 2026 
        Git Revision  519408079905b3dd4b967041b75b836f63fb563f 
 
        Please cite the following reference when using Force Field X:

        RA Gogal, AJ Nessler, AC Thiel, HV Bernabe, RA Corrigan Grove,
        LM Cousineau, JM Litman, JM Miller, G Qi, MJ Speranza,
        MR Tollefson, TD Fenn, JJ Michaelson, O Okada, JP Piquemal,
        JW Ponder, J Shen, RJH Smith, W Yang, P Ren and MJ Schnieders,
        2024, Journal of Chemical Physics, 161 (1).

        Copyright (c)  Michael J. Schnieders  2001-2025
        All Rights Reserved

        Force Field X is distributed under the GPL v. 3 license
        with linking exception and is hosted by the Schnieders Lab
        at The University of Iowa.

        User Manual:   https://ffx.biochem.uiowa.edu/manual.html
        Publications:  https://ffx.biochem.uiowa.edu/publications.html
        License:       https://ffx.biochem.uiowa.edu/licenses.html

 _________________________________________________________________________

 Tue Apr 21 23:13:10 CDT 2026
 Process ID 95992 on argon-itf-bx43-03.hpc.

 Command line arguments:
 [ManyBody, --tR, --pH, 6.45, --oT, -T, --kPH, 3.0, /Dedicated/schnieders/maemmad/pKa_GNN/ffx_pipeline/data/fixed_pdbs/1A93/1A93_pH6.45.pdb]

 Executing internal command: ffx.algorithms.commands.ManyBody

 Parsing: Internal force field (amoeba-bio-2018-cphmd).
 Parsing: Structure properties from (/Dedicated/schnieders/maemmad/pKa_GNN/ffx_pipeline/data/fixed_pdbs/1A93/titrate.properties).
 Parsing: JVM system properties (i.e. command line -Dkey=value pairs).

 Attempting to read force field patch from /Dedicated/schnieders/maemmad/pKa_GNN/naphosphate_solute.09Feb21.prm.

 Renumbering Patch: FALSE
 Reading 1A93_pH6.45.pdb

 Assigning atom types for 2 chains.
 Amino acid chain A
 Amino acid chain B
 Constructing Force Field AMOEBA-BIO-2018-CPHMD

 SMP threads:                                20
 The system will be treated as aperiodic (max separation =   52.6 A).

 Bonded Terms
  Bonds:                                   1070
  Angles:                                  1937
  Stretch-Bends:                           1688
  Out-of-Plane Bends:                       594
  Torsions:                                2804
  Pi-Orbital Torsions:                       83
  Torsion-Torsions:                           4

 Non-Bonded Terms

  Van der Waals
   Cut-Off:                                NONE
   Long-Range Correction:                 FALSE

 Electrostatics
   Polarization:                         MUTUAL
    SCF Convergence Criteria:         1.000e-06
    SCF Predictor:                         NONE
    SCF Algorithm:                           CG
    CG Preconditioner Cut-Off:            4.500
    CG Preconditioner Ewald Coeff.:       0.000
    CG Preconditioner Scale:              2.000
    CG Preconditioner Mode:     FLETCHER_REEVES
    Electrostatics Cut-Off:                NONE

  Continuum Solvation
   Radii:                                SOLUTE
   Generalized Kirkwood Cut-Off:           NONE
   GKC:                                  2.4550
   Solvent Dielectric:                  78.3000
   Solute Dielectric:                    2.0000
   Descreen with vdW Radii:                TRUE
   Descreen with Hydrogen Atoms:          FALSE
   Descreen Offset:                      0.0000
   General HCT Scale Factor:             0.7200
   Non-Polar Model:                  GAUSS-DISP
    GaussVol Radii Offset:               0.0000
    GaussVol Radii Scale:                1.0000
   Dispersion Integral Offset:           1.0560 (A)
   Cavitation Solvent Pressure:          0.0334 (Kcal/mol/A^3)
   Cavitation Surface Tension:           0.1030 (Kcal/mol/A^2)
   Cavitation Cross-Over Radius:         9.2515 (A)

  Overall system charge:                  3.000

 Opened 1A93_pH6.45.pdb in 0.697 sec.

 System Resources
  Total CPU time:          14.16 (sec)
  System load average:     67.38
  Open file handles:         146 of  81920 allowed
  System memory:           38389 MB free out of  38960 MB
  System swap space:        1860 MB free out of   2053 MB
  JVM memory:               4049 MB free out of   4096 MB

 Adding titration hydrogen to : /Dedicated/schnieders/maemmad/pKa_GNN/ffx_pipeline/data/fixed_pdbs/1A93/1A93_pH6.45.pdb

 Reading 1A93_pH6.45.pdb

 Assigning atom types for 2 chains.
 Amino acid chain A
 Amino acid chain B
 Renumbering PDB file due to built atoms (1082 vs 1070)
 Total number of atoms: 1082

 Constructing Force Field AMOEBA-BIO-2018-CPHMD

 SMP threads:                                20
 The system will be treated as aperiodic (max separation =   52.6 A).

 Bonded Terms
  Bonds:                                   1082
  Angles:                                  1949
  Stretch-Bends:                           1688
  Out-of-Plane Bends:                       594
  Torsions:                                2828
  Pi-Orbital Torsions:                       83
  Torsion-Torsions:                           4

 Non-Bonded Terms

  Van der Waals
   Cut-Off:                                NONE
   Long-Range Correction:                 FALSE

 Electrostatics
   Polarization:                         MUTUAL
    SCF Convergence Criteria:         1.000e-06
    SCF Predictor:                         NONE
    SCF Algorithm:                           CG
    CG Preconditioner Cut-Off:            4.500
    CG Preconditioner Ewald Coeff.:       0.000
    CG Preconditioner Scale:              2.000
    CG Preconditioner Mode:     FLETCHER_REEVES
    Electrostatics Cut-Off:                NONE

  Continuum Solvation
   Radii:                                SOLUTE
   Generalized Kirkwood Cut-Off:           NONE
   GKC:                                  2.4550
   Solvent Dielectric:                  78.3000
   Solute Dielectric:                    2.0000
   Descreen with vdW Radii:                TRUE
   Descreen with Hydrogen Atoms:          FALSE
   Descreen Offset:                      0.0000
   General HCT Scale Factor:             0.7200
   Non-Polar Model:                  GAUSS-DISP
    GaussVol Radii Offset:               0.0000
    GaussVol Radii Scale:                1.0000
   Dispersion Integral Offset:           1.0560 (A)
   Cavitation Solvent Pressure:          0.0334 (Kcal/mol/A^3)
   Cavitation Surface Tension:           0.1030 (Kcal/mol/A^2)
   Cavitation Cross-Over Radius:         9.2515 (A)

  Overall system charge:                 15.000
 Temperature: 298.150000

 Energy restart file: 1A93_pH6.45.restart

 Initial Potential Energy:
 Generalized Kirkwood  -1783.95474648      0.038
 Cavitation              722.48226449      0.023
 Dispersion             -538.41051723      0.047

 Computed Potential Energy
  Bond Stretching            151.01322297         1082        0.007 ( 0.01858)
  Angle Bending              225.05612806         1949        0.003 ( 2.68774)
  Stretch-Bend                -0.77503300         1688        0.002
  Out-of-Plane Bend            7.31720922          594        0.001
  Torsional Angle             91.84931538         2828        0.004
  Pi-Orbital Torsion           5.62126438           83        0.000
  Torsion-Torsion            -10.19994402            4        0.000
  Van der Waals              287.96621021       581790        0.210
  Atomic Multipoles          317.30385487       581790
  Polarization               -90.19676125       581790        0.503
  Solvation                -1599.88299922       585903
  Total Potential           -614.92753239  (Kcal/mole)        0.730 (sec)

 Initial Rotamer Torsion Angles:

 Residue    Current Torsional Angles
 A    2-CYS  -59.262    0.000    0.000    0.000
 A    8-GLH  -64.996  -64.992  -40.024    0.000
 A    9-GLH -177.387 -174.110  144.863    0.000
 A   11-LYS -173.942  175.173  -54.676 -170.998
 A   15-GLH -177.027   64.998   10.000    0.000
 A   16-GLH  176.644 -166.273  114.926    0.000
 A   17-ASH -163.187 -113.094    0.000    0.000
 A   21-LYS -176.999 -179.985 -180.000  179.964
 A   24-GLH -177.020  -79.981  -25.028    0.000
 A   27-LYS -157.692 -165.413 -160.491 -174.221
 A   28-HIS -177.011   60.022    0.000    0.000
 A   29-LYS  -74.268  178.208  148.582  177.217
 A   31-GLH -176.996  -80.013  -25.013    0.000
 B   10-ASH  -70.019  -14.991    0.000    0.000
 B   12-HIS  -68.416  -45.906    0.000    0.000
 B   18-ASH  -69.995  -15.006    0.000    0.000
 B   20-LYS  -85.192 -158.395  170.113 -176.909

 Rotamer Library:     Richardson
 Algorithm:           ALL
 Goldstein Criteria:  true
 Three-Body Energies: true


 Computing Residue Distance Matrix
 Built residue neighbor list:              0.011 sec
 Pairwise distance matrix:                97.106 sec

 Beginning Energy   -1191.30231722

     Residue  Nrot
   1   A2-CYS   11
   2   A8-GLH   42
   3   A9-GLH   42
   4  A11-LYS   56
   5  A15-GLH   42
   6  A16-GLH   42
   7  A17-ASH   27
   8  A21-LYS   56
   9  A24-GLH   42
  10  A27-LYS   56
  11  A28-HIS   27
  12  A29-LYS   56
  13  A31-GLH   42
  14  B10-ASH   27
  15  B12-HIS   27
  16  B18-ASH   27
  17  B20-LYS   56

 Number of self energies: 678
 Backbone energy:     -633.22318407

 Self   A2-CYS 0 :       0.73440817 in 0.6812 (sec).
 Self   A2-CYD 1 :      22.26265781 in 0.4945 (sec).
 Self   A2-CYS 2 :       7.04891712 in 0.7384 (sec).
 Self   A2-CYS 3 :      23.02411203 in 0.5065 (sec).
 Self   A2-CYS 4 :       1.12442449 in 0.5629 (sec).
 Self   A2-CYS 5 :       7.04891712 in 0.5633 (sec).
 Self   A2-CYS 6 :      23.02411203 in 0.5724 (sec).
 Self   A2-CYS 7 :       1.12442449 in 0.5074 (sec).
 Self   A2-CYD 8 :      33.58184960 in 0.5165 (sec).
 Self   A2-CYD 9 :      55.15442361 in 0.5728 (sec).
 Self   A2-CYD 10:      23.83732686 in 0.5020 (sec).
 Self   A8-GLU 0 :     -10.25114810 in 0.4742 (sec).
 Self   A8-GLH 1 :      14.82602740 in 0.4624 (sec).
 Self   A8-GLH 2 :      22.92819252 in 0.4669 (sec).
 Self   A8-GLH 3 :   17556.69544300 in 0.4820 (sec).
 Self   A8-GLH 4 :      15.36049730 in 0.5092 (sec).
 Self   A8-GLH 5 :      13.51110008 in 0.5196 (sec).
 Self   A8-GLH 6 :  137412.06223672 in 0.5196 (sec).
 Self   A8-GLH 7 :     690.58373857 in 0.5017 (sec).
 Self   A8-GLH 8 :       8.93085508 in 0.4476 (sec).
 Self   A8-GLH 9 :      10.71403005 in 0.5138 (sec).
 Self   A8-GLH 10:      19.29544378 in 0.4392 (sec).
 Self   A8-GLH 11:   15830.14488791 in 0.5097 (sec).
 Self   A8-GLH 12:      17.83306527 in 0.5058 (sec).
 Self   A8-GLH 13:      16.49057436 in 0.5034 (sec).
 Self   A8-GLH 14:    3056.67088416 in 0.4603 (sec).
 Self   A8-GLH 15:     628.15546256 in 0.4569 (sec).
 Self   A8-GLH 16:      12.28445376 in 0.5268 (sec).
 Self   A8-GLH 17:      13.33850791 in 0.4876 (sec).
 Self   A8-GLH 18:      31.94847574 in 0.5064 (sec).
 Self   A8-GLH 19:    3442.57121760 in 0.4831 (sec).
 Self   A8-GLH 20:      19.94087902 in 0.4738 (sec).
 Self   A8-GLH 21:      17.53518988 in 0.4675 (sec).
 Self   A8-GLH 22:    2758.36709656 in 0.4824 (sec).
 Self   A8-GLH 23:     693.92922445 in 0.4717 (sec).
 Self   A8-GLH 24:      12.55882869 in 0.4840 (sec).
 Self   A8-GLH 25:      15.23667654 in 0.5233 (sec).
 Self   A8-GLH 26:      37.69302503 in 0.4872 (sec).
 Self   A8-GLH 27:   14198.70756797 in 0.5115 (sec).
 Self   A8-GLH 28:      36.02736491 in 0.4221 (sec).
 Self   A8-GLH 29:      34.06444068 in 0.4688 (sec).
 Self   A8-GLH 30:    3080.11600125 in 0.4957 (sec).
 Self   A8-GLH 31:     294.68173071 in 0.4435 (sec).
 Self   A8-GLH 32:      30.52677983 in 0.5276 (sec).
 Self   A8-GLH 33:      28.19063677 in 0.5094 (sec).
 Self   A8-GLU 34:      -3.36031569 in 0.4518 (sec).
 Self   A8-GLU 35:    9256.76098162 in 0.5327 (sec).
 Self   A8-GLU 36:      -5.72681286 in 0.5480 (sec).
 Self   A8-GLU 37:      -5.22964334 in 0.4303 (sec).
 Self   A8-GLU 38:    2850.39269744 in 0.4797 (sec).
 Self   A8-GLU 39:     866.33562485 in 0.4560 (sec).
 Self   A8-GLU 40:      -9.81647910 in 0.3935 (sec).
 Self   A8-GLU 41:     -10.25537277 in 0.5126 (sec).
 Self   A9-GLU 0 :     -11.72742489 in 0.4478 (sec).
 Self   A9-GLH 1 :      13.10987364 in 0.4709 (sec).
 Self   A9-GLH 2 :      66.13986398 in 0.4555 (sec).
 Self   A9-GLH 3 : *     1.5527e+06 in 0.4491 (sec).
 Self   A9-GLH 4 :       8.62308604 in 0.4383 (sec).
 Self   A9-GLH 5 :      31.90478308 in 0.4078 (sec).
 Self   A9-GLH 6 :     802.00248380 in 0.4995 (sec).
 Self   A9-GLH 7 :   72433.86827223 in 0.4825 (sec).
 Self   A9-GLH 8 :      18.92727986 in 0.4920 (sec).
 Self   A9-GLH 9 :   31127.29238282 in 0.5026 (sec).
 Self   A9-GLH 10:      46.37119845 in 0.4465 (sec).
 Self   A9-GLH 11:   25605.86257251 in 0.4402 (sec).
 Self   A9-GLH 12:      13.93614216 in 0.4309 (sec).
 Self   A9-GLH 13:      14.05282185 in 0.4919 (sec).
 Self   A9-GLH 14:     242.19379778 in 0.4263 (sec).
 Self   A9-GLH 15:   33749.04578332 in 0.4476 (sec).
 Self   A9-GLH 16:      16.34141861 in 0.4614 (sec).
 Self   A9-GLH 17:   18793.44288033 in 0.4293 (sec).
 Self   A9-GLH 18:     390.30418361 in 0.4330 (sec).
 Self   A9-GLH 19: *     1.5358e+06 in 0.4668 (sec).
 Self   A9-GLH 20:      12.77575346 in 0.3975 (sec).
 Self   A9-GLH 21:      17.68432207 in 0.4449 (sec).
 Self   A9-GLH 22:     179.53408214 in 0.4227 (sec).
 Self   A9-GLH 23:   72417.53670435 in 0.4640 (sec).
 Self   A9-GLH 24:      21.62551287 in 0.3926 (sec).
 Self   A9-GLH 25:   28652.19751386 in 0.4192 (sec).
 Self   A9-GLH 26:      64.93520769 in 0.4590 (sec).
 Self   A9-GLH 27:   25030.32837761 in 0.4422 (sec).
 Self   A9-GLH 28:      31.54037017 in 0.4040 (sec).
 Self   A9-GLH 29:      31.88088462 in 0.4344 (sec).
 Self   A9-GLH 30:     271.52884935 in 0.4366 (sec).
 Self   A9-GLH 31:   22357.56171367 in 0.4228 (sec).
 Self   A9-GLH 32:      34.54057209 in 0.4325 (sec).
 Self   A9-GLH 33:   18808.09824143 in 0.4006 (sec).
 Self   A9-GLU 34:      38.93076203 in 0.4259 (sec).
 Self   A9-GLU 35:   76080.38025671 in 0.4413 (sec).
 Self   A9-GLU 36:     -12.45751107 in 0.4605 (sec).
 Self   A9-GLU 37:      -7.21862597 in 0.4164 (sec).
 Self   A9-GLU 38:     231.19678412 in 0.4620 (sec).
 Self   A9-GLU 39:  104713.96077211 in 0.4396 (sec).
 Self   A9-GLU 40:      -4.77849308 in 0.4274 (sec).
 Self   A9-GLU 41:   26392.81881046 in 0.4260 (sec).
 Self  A11-LYS 0 :     -22.60163762 in 0.3712 (sec).
 Self  A11-LYD 1 :      30.29441802 in 0.4374 (sec).
 Self  A11-LYD 2 :      57.64578263 in 0.4639 (sec).
 Self  A11-LYD 3 :     210.49101601 in 0.4289 (sec).
 Self  A11-LYD 4 :     201.44884249 in 0.4427 (sec).
 Self  A11-LYD 5 :    7941.99438993 in 0.4440 (sec).
 Self  A11-LYD 6 :      55.49490730 in 0.4416 (sec).
 Self  A11-LYD 7 :      32.98277305 in 0.3846 (sec).
 Self  A11-LYD 8 :      32.81386224 in 0.3936 (sec).
 Self  A11-LYD 9 :      34.68851009 in 0.4121 (sec).
 Self  A11-LYD 10:      33.06183148 in 0.4120 (sec).
 Self  A11-LYD 11:      31.72011682 in 0.4110 (sec).
 Self  A11-LYD 12:      31.54427623 in 0.4046 (sec).
 Self  A11-LYD 13:      30.57544254 in 0.3832 (sec).
 Self  A11-LYD 14:      32.49246853 in 0.4553 (sec).
 Self  A11-LYD 15:      32.20875581 in 0.4568 (sec).
 Self  A11-LYD 16:      34.60690343 in 0.4331 (sec).
 Self  A11-LYD 17:      51.28332137 in 0.4347 (sec).
 Self  A11-LYD 18:      78.55879433 in 0.4380 (sec).
 Self  A11-LYD 19:      33.65102358 in 0.4431 (sec).
 Self  A11-LYD 20:      33.31003452 in 0.4610 (sec).
 Self  A11-LYD 21:      32.05836262 in 0.4468 (sec).
 Self  A11-LYD 22:      33.96873558 in 0.4420 (sec).
 Self  A11-LYD 23:      35.09940078 in 0.4510 (sec).
 Self  A11-LYD 24:     114.04722830 in 0.4305 (sec).
 Self  A11-LYD 25:      36.39221144 in 0.4550 (sec).
 Self  A11-LYD 26:      35.49389003 in 0.3897 (sec).
 Self  A11-LYD 27:      37.22900243 in 0.4774 (sec).
 Self  A11-LYD 28:      37.14777033 in 0.4303 (sec).
 Self  A11-LYS 29:       6.83861965 in 0.4652 (sec).
 Self  A11-LYS 30:     -16.24379377 in 0.4632 (sec).
 Self  A11-LYS 31:     150.81461084 in 0.4463 (sec).
 Self  A11-LYS 32:    7966.95575542 in 0.4859 (sec).
 Self  A11-LYS 33:       4.01624924 in 0.4580 (sec).
 Self  A11-LYS 34:     -18.35711113 in 0.4346 (sec).
 Self  A11-LYS 35:     -19.77356280 in 0.4403 (sec).
 Self  A11-LYS 36:     -17.70423455 in 0.4858 (sec).
 Self  A11-LYS 37:     -17.54179432 in 0.4059 (sec).
 Self  A11-LYS 38:     -20.44220855 in 0.4314 (sec).
 Self  A11-LYS 39:     -19.86220734 in 0.4131 (sec).
 Self  A11-LYS 40:     -21.99101699 in 0.4195 (sec).
 Self  A11-LYS 41:     -19.72513538 in 0.4432 (sec).
 Self  A11-LYS 42:     -20.01197441 in 0.4289 (sec).
 Self  A11-LYS 43:     -17.60214214 in 0.4670 (sec).
 Self  A11-LYS 44:       1.75828962 in 0.4493 (sec).
 Self  A11-LYS 45:      31.00983444 in 0.4282 (sec).
 Self  A11-LYS 46:     -18.40840293 in 0.5210 (sec).
 Self  A11-LYS 47:     -17.45439066 in 0.4670 (sec).
 Self  A11-LYS 48:     -20.07484834 in 0.4464 (sec).
 Self  A11-LYS 49:     -18.07030441 in 0.4236 (sec).
 Self  A11-LYS 50:     -16.59789984 in 0.4359 (sec).
 Self  A11-LYS 51:      63.27375656 in 0.4755 (sec).
 Self  A11-LYS 52:     -14.93833824 in 0.4310 (sec).
 Self  A11-LYS 53:     -17.06075900 in 0.3908 (sec).
 Self  A11-LYS 54:     -14.58565307 in 0.4132 (sec).
 Self  A11-LYS 55:     -15.18144704 in 0.4212 (sec).
 Self  A15-GLU 0 :      -9.12451487 in 0.4168 (sec).
 Self  A15-GLH 1 :      15.99405002 in 0.4388 (sec).
 Self  A15-GLH 2 :      79.92064573 in 0.4229 (sec).
 Self  A15-GLH 3 :  383699.81595663 in 0.4465 (sec).
 Self  A15-GLH 4 :      11.87011707 in 0.4358 (sec).
 Self  A15-GLH 5 :      10.12665518 in 0.4627 (sec).
 Self  A15-GLH 6 :      25.59247999 in 0.4096 (sec).
 Self  A15-GLH 7 :   13870.41308095 in 0.4050 (sec).
 Self  A15-GLH 8 :       7.22826112 in 0.4302 (sec).
 Self  A15-GLH 9 :      10.12072592 in 0.4504 (sec).
 Self  A15-GLH 10:      39.27751837 in 0.4205 (sec).
 Self  A15-GLH 11:   20804.34796794 in 0.4221 (sec).
 Self  A15-GLH 12:      14.43030648 in 0.4223 (sec).
 Self  A15-GLH 13:      13.13074513 in 0.4388 (sec).
 Self  A15-GLH 14:      45.34210312 in 0.5173 (sec).
 Self  A15-GLH 15:   22415.11432108 in 0.4887 (sec).
 Self  A15-GLH 16:      10.76911253 in 0.4538 (sec).
 Self  A15-GLH 17:      12.83154330 in 0.4069 (sec).
 Self  A15-GLH 18:     255.42790042 in 0.4804 (sec).
 Self  A15-GLH 19:  376079.59993266 in 0.4446 (sec).
 Self  A15-GLH 20:      15.77837629 in 0.4907 (sec).
 Self  A15-GLH 21:      13.92334342 in 0.4222 (sec).
 Self  A15-GLH 22:      26.01574279 in 0.4523 (sec).
 Self  A15-GLH 23:   13872.05630892 in 0.4479 (sec).
 Self  A15-GLH 24:      10.90903465 in 0.4189 (sec).
 Self  A15-GLH 25:      14.61133492 in 0.4599 (sec).
 Self  A15-GLH 26:      57.73228853 in 0.4116 (sec).
 Self  A15-GLH 27:   19945.10063108 in 0.5344 (sec).
 Self  A15-GLH 28:      32.61997346 in 0.4193 (sec).
 Self  A15-GLH 29:      30.83020129 in 0.4033 (sec).
 Self  A15-GLH 30:      59.90623458 in 0.4705 (sec).
 Self  A15-GLH 31:    4322.73387781 in 0.4187 (sec).
 Self  A15-GLH 32:      29.05320480 in 0.3801 (sec).
 Self  A15-GLH 33:      27.33593868 in 0.4521 (sec).
 Self  A15-GLU 34:      29.77855527 in 0.5039 (sec).
 Self  A15-GLU 35:   42807.22470751 in 0.5047 (sec).
 Self  A15-GLU 36:      -9.13840048 in 0.4721 (sec).
 Self  A15-GLU 37:      -8.05115115 in 0.4669 (sec).
 Self  A15-GLU 38:      11.25340058 in 0.4685 (sec).
 Self  A15-GLU 39:   18864.36148919 in 0.4058 (sec).
 Self  A15-GLU 40:     -10.94557498 in 0.4311 (sec).
 Self  A15-GLU 41:     -10.76966507 in 0.4642 (sec).
 Self  A16-GLU 0 :      -9.59007738 in 0.4644 (sec).
 Self  A16-GLH 1 :      14.92138152 in 0.4266 (sec).
 Self  A16-GLH 2 :      86.92514204 in 0.4449 (sec).
 Self  A16-GLH 3 :    5346.74892312 in 0.4094 (sec).
 Self  A16-GLH 4 :     414.31586523 in 0.4449 (sec).
 Self  A16-GLH 5 :     147.77597707 in 0.4584 (sec).
 Self  A16-GLH 6 :    1416.02560986 in 0.4537 (sec).
 Self  A16-GLH 7 :    9778.97775004 in 0.4892 (sec).
 Self  A16-GLH 8 :     123.53573908 in 0.4745 (sec).
 Self  A16-GLH 9 :   22770.67246406 in 0.4023 (sec).
 Self  A16-GLH 10:      86.51529086 in 0.4140 (sec).
 Self  A16-GLH 11:    3222.31180943 in 0.4328 (sec).
 Self  A16-GLH 12:     203.87350372 in 0.4155 (sec).
 Self  A16-GLH 13:      50.46034727 in 0.4322 (sec).
 Self  A16-GLH 14:     216.89500020 in 0.4978 (sec).
 Self  A16-GLH 15:    4092.02154347 in 0.5056 (sec).
 Self  A16-GLH 16:     121.63197825 in 0.4592 (sec).
 Self  A16-GLH 17:   68501.50616822 in 0.4887 (sec).
 Self  A16-GLH 18:     114.92801183 in 0.4645 (sec).
 Self  A16-GLH 19:    1620.55470633 in 0.6038 (sec).
 Self  A16-GLH 20:     337.24374171 in 0.4756 (sec).
 Self  A16-GLH 21:     372.49755426 in 0.4370 (sec).
 Self  A16-GLH 22:     141.86673072 in 0.4378 (sec).
 Self  A16-GLH 23:    9815.27851180 in 0.4557 (sec).
 Self  A16-GLH 24:     120.09407548 in 0.4008 (sec).
 Self  A16-GLH 25:   23378.87449177 in 0.4108 (sec).
 Self  A16-GLH 26:     104.88298028 in 0.4568 (sec).
 Self  A16-GLH 27:    3265.04059324 in 0.4823 (sec).
 Self  A16-GLH 28:     215.35921764 in 0.4771 (sec).
 Self  A16-GLH 29:      68.02296313 in 0.4160 (sec).
 Self  A16-GLH 30:     239.07840914 in 0.5080 (sec).
 Self  A16-GLH 31:    2882.55051375 in 0.4370 (sec).
 Self  A16-GLH 32:     139.75624808 in 0.4588 (sec).
 Self  A16-GLH 33:   68506.19367660 in 0.4709 (sec).
 Self  A16-GLU 34:      86.26189532 in 0.4503 (sec).
 Self  A16-GLU 35:    3124.80840798 in 0.4763 (sec).
 Self  A16-GLU 36:     173.92962132 in 0.4879 (sec).
 Self  A16-GLU 37:      51.14034542 in 0.4808 (sec).
 Self  A16-GLU 38:     173.17982264 in 0.5063 (sec).
 Self  A16-GLU 39:    9875.47443540 in 0.4633 (sec).
 Self  A16-GLU 40:     103.92676059 in 0.4504 (sec).
 Self  A16-GLU 41:   65330.20024123 in 0.4704 (sec).
 Self  A17-ASP 0 :     -16.15647489 in 0.4804 (sec).
 Self  A17-ASH 1 :      14.53318052 in 0.4009 (sec).
 Self  A17-ASH 2 :     142.33679016 in 0.4541 (sec).
 Self  A17-ASH 3 :     258.38129501 in 0.5344 (sec).
 Self  A17-ASH 4 :      14.30573612 in 0.5082 (sec).
 Self  A17-ASH 5 :      10.25790327 in 0.5208 (sec).
 Self  A17-ASH 6 :       6.92404027 in 0.4695 (sec).
 Self  A17-ASH 7 :     124.59190844 in 0.4529 (sec).
 Self  A17-ASH 8 :      67.28094664 in 0.4188 (sec).
 Self  A17-ASH 9 :      19.71976535 in 0.4688 (sec).
 Self  A17-ASH 10:       9.79357233 in 0.4737 (sec).
 Self  A17-ASH 11:      11.34439630 in 0.4934 (sec).
 Self  A17-ASH 12:     118.87868216 in 0.4675 (sec).
 Self  A17-ASH 13:      83.98897510 in 0.4603 (sec).
 Self  A17-ASH 14:      19.53186759 in 0.4584 (sec).
 Self  A17-ASH 15:      16.69495034 in 0.4673 (sec).
 Self  A17-ASH 16:      11.99434930 in 0.4746 (sec).
 Self  A17-ASH 17:     227.81970960 in 0.4068 (sec).
 Self  A17-ASH 18:     144.29869983 in 0.4628 (sec).
 Self  A17-ASH 19:      50.73436712 in 0.4641 (sec).
 Self  A17-ASH 20:      15.81292879 in 0.4270 (sec).
 Self  A17-ASH 21:      34.45592561 in 0.4921 (sec).
 Self  A17-ASP 22:     116.76918492 in 0.5687 (sec).
 Self  A17-ASP 23:      64.06354248 in 0.4536 (sec).
 Self  A17-ASP 24:      -9.59034405 in 0.4106 (sec).
 Self  A17-ASP 25:     -15.04535746 in 0.5084 (sec).
 Self  A17-ASP 26:     -13.05416472 in 0.5384 (sec).
 Self  A21-LYS 0 :     -22.00424575 in 0.4937 (sec).
 Self  A21-LYD 1 :      30.87946820 in 0.4688 (sec).
 Self  A21-LYD 2 :      61.74523731 in 0.4622 (sec).
 Self  A21-LYD 3 :     383.48490175 in 0.4666 (sec).
 Self  A21-LYD 4 :     337.69706953 in 0.4107 (sec).
 Self  A21-LYD 5 :    7241.72011966 in 0.4436 (sec).
 Self  A21-LYD 6 :      59.40110178 in 0.4642 (sec).
 Self  A21-LYD 7 :      33.39239334 in 0.4700 (sec).
 Self  A21-LYD 8 :      33.04324129 in 0.3933 (sec).
 Self  A21-LYD 9 :      34.91017682 in 0.5154 (sec).
 Self  A21-LYD 10:      33.83111236 in 0.4239 (sec).
 Self  A21-LYD 11:      32.63203701 in 0.4384 (sec).
 Self  A21-LYD 12:      31.87600735 in 0.4294 (sec).
 Self  A21-LYD 13:      30.89165692 in 0.4338 (sec).
 Self  A21-LYD 14:      32.83698646 in 0.4066 (sec).
 Self  A21-LYD 15:      32.52873090 in 0.4515 (sec).
 Self  A21-LYD 16:      34.92318220 in 0.3904 (sec).
 Self  A21-LYD 17:      49.96533564 in 0.4247 (sec).
 Self  A21-LYD 18:      78.79565434 in 0.4353 (sec).
 Self  A21-LYD 19:      33.86307086 in 0.4848 (sec).
 Self  A21-LYD 20:      31.16606909 in 0.3990 (sec).
 Self  A21-LYD 21:      31.49783766 in 0.4274 (sec).
 Self  A21-LYD 22:      33.62467819 in 0.4262 (sec).
 Self  A21-LYD 23:      35.24025870 in 0.3809 (sec).
 Self  A21-LYD 24:      78.94009397 in 0.4192 (sec).
 Self  A21-LYD 25:      36.18582953 in 0.4268 (sec).
 Self  A21-LYD 26:      35.52311606 in 0.4289 (sec).
 Self  A21-LYD 27:      36.80078246 in 0.4421 (sec).
 Self  A21-LYD 28:      37.30365176 in 0.4726 (sec).
 Self  A21-LYS 29:      10.94974732 in 0.4610 (sec).
 Self  A21-LYS 30:     -16.26019546 in 0.4468 (sec).
 Self  A21-LYS 31:     287.26057623 in 0.4442 (sec).
 Self  A21-LYS 32:    7309.26100167 in 0.4636 (sec).
 Self  A21-LYS 33:       7.75210255 in 0.4455 (sec).
 Self  A21-LYS 34:     -17.69201268 in 0.4151 (sec).
 Self  A21-LYS 35:     -19.90253566 in 0.4825 (sec).
 Self  A21-LYS 36:     -17.79481764 in 0.4577 (sec).
 Self  A21-LYS 37:     -17.17586003 in 0.4428 (sec).
 Self  A21-LYS 38:     -19.85703325 in 0.4172 (sec).
 Self  A21-LYS 39:     -19.85002537 in 0.4346 (sec).
 Self  A21-LYS 40:     -21.99573247 in 0.3905 (sec).
 Self  A21-LYS 41:     -19.65264610 in 0.4840 (sec).
 Self  A21-LYS 42:     -19.98986510 in 0.4637 (sec).
 Self  A21-LYS 43:     -17.57250797 in 0.5071 (sec).
 Self  A21-LYS 44:       0.21462560 in 0.5113 (sec).
 Self  A21-LYS 45:      30.89502103 in 0.4130 (sec).
 Self  A21-LYS 46:     -18.49292073 in 0.5566 (sec).
 Self  A21-LYS 47:     -19.87613116 in 0.4499 (sec).
 Self  A21-LYS 48:     -20.93791380 in 0.5263 (sec).
 Self  A21-LYS 49:     -18.64128428 in 0.4260 (sec).
 Self  A21-LYS 50:     -16.68903062 in 0.4702 (sec).
 Self  A21-LYS 51:      27.45336616 in 0.5153 (sec).
 Self  A21-LYS 52:     -15.33402446 in 0.4298 (sec).
 Self  A21-LYS 53:     -17.18845952 in 0.4730 (sec).
 Self  A21-LYS 54:     -15.06937640 in 0.4332 (sec).
 Self  A21-LYS 55:     -15.31547624 in 0.5455 (sec).
 Self  A24-GLU 0 :      -7.08550697 in 0.4591 (sec).
 Self  A24-GLH 1 :      16.58046477 in 0.4842 (sec).
 Self  A24-GLH 2 :      25.51060987 in 0.4585 (sec).
 Self  A24-GLH 3 :    1473.81022028 in 0.5262 (sec).
 Self  A24-GLH 4 :      13.13260677 in 0.4490 (sec).
 Self  A24-GLH 5 :      11.07098588 in 0.4759 (sec).
 Self  A24-GLH 6 :      12.26155892 in 0.4597 (sec).
 Self  A24-GLH 7 :     583.15588646 in 0.5000 (sec).
 Self  A24-GLH 8 :       8.43287266 in 0.4532 (sec).
 Self  A24-GLH 9 :      10.31192845 in 0.4512 (sec).
 Self  A24-GLH 10:      28.54380039 in 0.3765 (sec).
 Self  A24-GLH 11:    1055.13836993 in 0.4604 (sec).
 Self  A24-GLH 12:      15.70524438 in 0.4712 (sec).
 Self  A24-GLH 13:      14.06250087 in 0.4346 (sec).
 Self  A24-GLH 14:      22.33680479 in 0.4691 (sec).
 Self  A24-GLH 15:     309.38878808 in 0.4810 (sec).
 Self  A24-GLH 16:      11.65554130 in 0.4475 (sec).
 Self  A24-GLH 17:      12.80797554 in 0.5220 (sec).
 Self  A24-GLH 18:      32.05004088 in 0.4603 (sec).
 Self  A24-GLH 19:     627.89382276 in 0.4836 (sec).
 Self  A24-GLH 20:      17.09641733 in 0.4455 (sec).
 Self  A24-GLH 21:      14.78975287 in 0.4792 (sec).
 Self  A24-GLH 22:      16.21629735 in 0.4306 (sec).
 Self  A24-GLH 23:     583.14895207 in 0.4482 (sec).
 Self  A24-GLH 24:      12.14394997 in 0.4806 (sec).
 Self  A24-GLH 25:      14.92751728 in 0.4481 (sec).
 Self  A24-GLH 26:      47.01450998 in 0.4539 (sec).
 Self  A24-GLH 27:    1010.77249897 in 0.4971 (sec).
 Self  A24-GLH 28:      33.94597730 in 0.3785 (sec).
 Self  A24-GLH 29:      31.74438529 in 0.4290 (sec).
 Self  A24-GLH 30:      51.24136732 in 0.4632 (sec).
 Self  A24-GLH 31:     229.08083146 in 0.5472 (sec).
 Self  A24-GLH 32:      29.77535586 in 0.3984 (sec).
 Self  A24-GLH 33:      27.54326267 in 0.4172 (sec).
 Self  A24-GLU 34:       9.27414396 in 0.4469 (sec).
 Self  A24-GLU 35:     947.96322725 in 0.4286 (sec).
 Self  A24-GLU 36:      -7.06781465 in 0.5457 (sec).
 Self  A24-GLU 37:      -6.49706223 in 0.4623 (sec).
 Self  A24-GLU 38:      -7.05136150 in 0.4558 (sec).
 Self  A24-GLU 39:     669.99737098 in 0.3985 (sec).
 Self  A24-GLU 40:      -9.40743085 in 0.4308 (sec).
 Self  A24-GLU 41:     -10.05560944 in 0.4129 (sec).
 Self  A27-LYS 0 :     -22.88556086 in 0.3866 (sec).
 Self  A27-LYD 1 :      30.51941350 in 0.3646 (sec).
 Self  A27-LYD 2 :      66.01983768 in 0.3620 (sec).
 Self  A27-LYD 3 :      91.17549197 in 0.3766 (sec).
 Self  A27-LYD 4 :      80.03161063 in 0.3999 (sec).
 Self  A27-LYD 5 :    3910.39411758 in 0.4021 (sec).
 Self  A27-LYD 6 :      42.81930081 in 0.4284 (sec).
 Self  A27-LYD 7 :      34.37369019 in 0.4161 (sec).
 Self  A27-LYD 8 :      34.09991362 in 0.4173 (sec).
 Self  A27-LYD 9 :      35.88648735 in 0.3932 (sec).
 Self  A27-LYD 10:      34.55005582 in 0.4050 (sec).
 Self  A27-LYD 11:      33.41875849 in 0.4142 (sec).
 Self  A27-LYD 12:      32.68327558 in 0.4207 (sec).
 Self  A27-LYD 13:      31.60846159 in 0.4162 (sec).
 Self  A27-LYD 14:      33.51766991 in 0.4373 (sec).
 Self  A27-LYD 15:      33.20469003 in 0.4704 (sec).
 Self  A27-LYD 16:      35.93935782 in 0.3451 (sec).
 Self  A27-LYD 17:    1234.64268973 in 0.3904 (sec).
 Self  A27-LYD 18:      76.91867301 in 0.4409 (sec).
 Self  A27-LYD 19:      31.70121019 in 0.4259 (sec).
 Self  A27-LYD 20:     168.06316566 in 0.4531 (sec).
 Self  A27-LYD 21:      61.11693601 in 0.4058 (sec).
 Self  A27-LYD 22:      40.10817078 in 0.3969 (sec).
 Self  A27-LYD 23:      81.36632278 in 0.4120 (sec).
 Self  A27-LYD 24:     920.90514736 in 0.4116 (sec).
 Self  A27-LYD 25:     517.71391382 in 0.3884 (sec).
 Self  A27-LYD 26:    3915.89393870 in 0.3943 (sec).
 Self  A27-LYD 27:   15034.67037828 in 0.4915 (sec).
 Self  A27-LYD 28:      40.86444905 in 0.4153 (sec).
 Self  A27-LYS 29:      17.50176598 in 0.4623 (sec).
 Self  A27-LYS 30:       3.17004736 in 0.4552 (sec).
 Self  A27-LYS 31:      28.60254173 in 0.4110 (sec).
 Self  A27-LYS 32:    3880.89228243 in 0.3960 (sec).
 Self  A27-LYS 33:      -8.88696075 in 0.5218 (sec).
 Self  A27-LYS 34:     -18.10740712 in 0.4475 (sec).
 Self  A27-LYS 35:     -19.06938781 in 0.4188 (sec).
 Self  A27-LYS 36:     -17.05410234 in 0.4151 (sec).
 Self  A27-LYS 37:     -16.99071087 in 0.3948 (sec).
 Self  A27-LYS 38:     -19.13186205 in 0.4008 (sec).
 Self  A27-LYS 39:     -19.48577006 in 0.4188 (sec).
 Self  A27-LYS 40:     -21.41342436 in 0.4518 (sec).
 Self  A27-LYS 41:     -19.49843316 in 0.4390 (sec).
 Self  A27-LYS 42:     -18.71766233 in 0.3931 (sec).
 Self  A27-LYS 43:     -16.75105409 in 0.4656 (sec).
 Self  A27-LYS 44:    1185.10134799 in 0.4052 (sec).
 Self  A27-LYS 45:      28.86490392 in 0.4024 (sec).
 Self  A27-LYS 46:     -19.80132499 in 0.4162 (sec).
 Self  A27-LYS 47:     125.90260461 in 0.4595 (sec).
 Self  A27-LYS 48:      26.32323390 in 0.4313 (sec).
 Self  A27-LYS 49:     -10.80429488 in 0.4720 (sec).
 Self  A27-LYS 50:      32.47189342 in 0.4298 (sec).
 Self  A27-LYS 51:    1021.53314959 in 0.4151 (sec).
 Self  A27-LYS 52:     465.74289427 in 0.4097 (sec).
 Self  A27-LYS 53:    3900.39589660 in 0.3924 (sec).
 Self  A27-LYS 54:   15037.35780872 in 0.3761 (sec).
 Self  A27-LYS 55:     -11.74003764 in 0.3861 (sec).
 Self  A28-HIS 0 :     -30.69516949 in 0.3631 (sec).
 Self  A28-HID 1 :     -23.79696700 in 0.3983 (sec).
 Self  A28-HIE 2 :     -26.78999915 in 0.3962 (sec).
 Self  A28-HIS 3 :    1953.95523216 in 0.4637 (sec).
 Self  A28-HIS 4 :     810.54000479 in 0.4758 (sec).
 Self  A28-HIS 5 :     -26.25573481 in 0.4513 (sec).
 Self  A28-HIS 6 :     -27.43726713 in 0.4380 (sec).
 Self  A28-HIS 7 :     -30.69810236 in 0.4091 (sec).
 Self  A28-HIS 8 :      -5.36508361 in 0.4825 (sec).
 Self  A28-HIS 9 :     -28.11365961 in 0.3984 (sec).
 Self  A28-HIS 10:     454.58923703 in 0.4010 (sec).
 Self  A28-HID 11:    1576.35993280 in 0.4549 (sec).
 Self  A28-HID 12:     757.96913903 in 0.4639 (sec).
 Self  A28-HID 13:     -21.31045463 in 0.4220 (sec).
 Self  A28-HID 14:     -22.63762192 in 0.4166 (sec).
 Self  A28-HID 15:     -25.53250664 in 0.5016 (sec).
 Self  A28-HID 16:      -1.31326807 in 0.5264 (sec).
 Self  A28-HID 17:     -22.90172082 in 0.4190 (sec).
 Self  A28-HID 18:     395.54434912 in 0.3804 (sec).
 Self  A28-HIE 19:    1813.46197507 in 0.4473 (sec).
 Self  A28-HIE 20:     787.27783530 in 0.3910 (sec).
 Self  A28-HIE 21:     -23.13403117 in 0.3613 (sec).
 Self  A28-HIE 22:     -25.83476910 in 0.3858 (sec).
 Self  A28-HIE 23:     -27.98789837 in 0.4105 (sec).
 Self  A28-HIE 24:      -0.18744292 in 0.3841 (sec).
 Self  A28-HIE 25:     -26.06113841 in 0.3529 (sec).
 Self  A28-HIE 26:      30.38819216 in 0.4058 (sec).
 Self  A29-LYS 0 :     -24.70281336 in 0.3767 (sec).
 Self  A29-LYD 1 :      29.38133564 in 0.3697 (sec).
 Self  A29-LYD 2 :     153.89904000 in 0.3696 (sec).
 Self  A29-LYD 3 :    1593.70645006 in 0.4332 (sec).
 Self  A29-LYD 4 :     301.14346724 in 0.4029 (sec).
 Self  A29-LYD 5 :    1005.42794439 in 0.4296 (sec).
 Self  A29-LYD 6 :    1711.63624121 in 0.3828 (sec).
 Self  A29-LYD 7 :      35.51683914 in 0.3965 (sec).
 Self  A29-LYD 8 :      32.03704395 in 0.3802 (sec).
 Self  A29-LYD 9 :      32.56572260 in 0.3838 (sec).
 Self  A29-LYD 10:   24963.49911004 in 0.3692 (sec).
 Self  A29-LYD 11:     955.78895046 in 0.3883 (sec).
 Self  A29-LYD 12:      33.42518604 in 0.3918 (sec).
 Self  A29-LYD 13:      32.54425438 in 0.4419 (sec).
 Self  A29-LYD 14:      34.30250565 in 0.3911 (sec).
 Self  A29-LYD 15:      33.56265540 in 0.3942 (sec).
 Self  A29-LYD 16:      36.04027394 in 0.4170 (sec).
 Self  A29-LYD 17:      44.82601706 in 0.4222 (sec).
 Self  A29-LYD 18:      74.99630962 in 0.3912 (sec).
 Self  A29-LYD 19:      30.10914830 in 0.4465 (sec).
 Self  A29-LYD 20:      29.75580576 in 0.3912 (sec).
 Self  A29-LYD 21:      28.74353669 in 0.3805 (sec).
 Self  A29-LYD 22:      30.66257687 in 0.3826 (sec).
 Self  A29-LYD 23:      30.25417046 in 0.4787 (sec).
 Self  A29-LYD 24:      44.33692222 in 0.4282 (sec).
 Self  A29-LYD 25:      32.00796480 in 0.4321 (sec).
 Self  A29-LYD 26:      31.08578839 in 0.4178 (sec).
 Self  A29-LYD 27:      32.82369187 in 0.3928 (sec).
 Self  A29-LYD 28:      32.80218703 in 0.4193 (sec).
 Self  A29-LYS 29:     102.69310999 in 0.3969 (sec).
 Self  A29-LYS 30:     -20.15001798 in 0.3728 (sec).
 Self  A29-LYS 31:     253.99689068 in 0.4006 (sec).
 Self  A29-LYS 32:    1006.34790079 in 0.4816 (sec).
 Self  A29-LYS 33:    1663.81726379 in 0.3599 (sec).
 Self  A29-LYS 34:     -18.01757121 in 0.3831 (sec).
 Self  A29-LYS 35:     -19.23600194 in 0.3924 (sec).
 Self  A29-LYS 36:     -21.35002761 in 0.3803 (sec).
 Self  A29-LYS 37:   24920.77178006 in 0.4222 (sec).
 Self  A29-LYS 38:     906.91299430 in 0.4001 (sec).
 Self  A29-LYS 39:     -19.66353178 in 0.4082 (sec).
 Self  A29-LYS 40:     -21.48125522 in 0.3984 (sec).
 Self  A29-LYS 41:     -18.15744164 in 0.4152 (sec).
 Self  A29-LYS 42:     -19.83304235 in 0.3913 (sec).
 Self  A29-LYS 43:     -17.55432264 in 0.3949 (sec).
 Self  A29-LYS 44:      -6.14453274 in 0.4299 (sec).
 Self  A29-LYS 45:      26.53689319 in 0.3854 (sec).
 Self  A29-LYS 46:     -23.26862520 in 0.4402 (sec).
 Self  A29-LYS 47:     -22.10506480 in 0.3552 (sec).
 Self  A29-LYS 48:     -24.59236519 in 0.3721 (sec).
 Self  A29-LYS 49:     -22.65714247 in 0.3788 (sec).
 Self  A29-LYS 50:     -22.59257911 in 0.3546 (sec).
 Self  A29-LYS 51:      -7.85185683 in 0.4093 (sec).
 Self  A29-LYS 52:     -20.56477872 in 0.4243 (sec).
 Self  A29-LYS 53:     -22.77265325 in 0.3606 (sec).
 Self  A29-LYS 54:     -20.53329621 in 0.3658 (sec).
 Self  A29-LYS 55:     -20.96995558 in 0.3538 (sec).
 Self  A31-GLU 0 :      -5.48287993 in 0.3846 (sec).
 Self  A31-GLH 1 :      17.16261377 in 0.3510 (sec).
 Self  A31-GLH 2 :      32.25438388 in 0.3598 (sec).
