 Evaluating /Dedicated/schnieders/programs/stack-2021.1.sh
  Loading Modules
   Stack 2021.1
   GCC 9.3.0
   CMake 3.20.0
   Eigen 3.3.9
   Cuda 11.1.1
   Cuda: /usr/share/apps/2021.1/arch/gcc-9.3.0/cuda-11.1.1
   CudaNN 8.0.5.39-11.1
   Swig 4.0.2_gcc-9.3.0
  Loading software from /Dedicated/schnieders/programs/local
   Ant: /Dedicated/schnieders/programs/apache-ant-1.10.11
   FFX: /Dedicated/schnieders/programs/ffx-builds/forcefieldx-2026-01-04
   GDMA: /Dedicated/schnieders/programs/gdma-2.3
   Groovy: /Dedicated/schnieders/programs/groovy-4.0.1
   Java: /Dedicated/schnieders/programs/jdk-25.0.1
   Maven: /Dedicated/schnieders/programs/apache-maven-3.9.5
   VMD: /Dedicated/schnieders/programs/vmd
   NAMD: /Dedicated/schnieders/programs/NAMD_3.0alpha7_Linux-x86_64-multicore-CUDA
   OpenEye: /Dedicated/schnieders/programs/OpenEye
   Tinker: /Dedicated/schnieders/programs/tinker-tools
=== Titration pH 6.45 started: Fri May  8 11:21:50 CDT 2026 ===
  Copy already exists, skipping.
  ManyBody output already exists, skipping.
WARNING: Using incubator modules: jdk.incubator.vector
 _________________________________________________________________________

        FORCE FIELD X - Polyglot Software for Molecular Biophysics 

        Version 1.0.0-6991  April 2026 
        Git Revision  937dfd3f3a84d0dc91f73b0419518078a8c41842 
 
        Please cite the following reference when using Force Field X:

        RA Gogal, AJ Nessler, AC Thiel, HV Bernabe, RA Corrigan Grove,
        LM Cousineau, JM Litman, JM Miller, G Qi, MJ Speranza,
        MR Tollefson, TD Fenn, JJ Michaelson, O Okada, JP Piquemal,
        JW Ponder, J Shen, RJH Smith, W Yang, P Ren and MJ Schnieders,
        2024, Journal of Chemical Physics, 161 (1).

        Copyright (c)  Michael J. Schnieders  2001-2026
        All Rights Reserved

        Force Field X is distributed under the GPL v. 3 license
        with linking exception and is hosted by the Schnieders Lab
        at The University of Iowa.

        User Manual:   https://ffx.biochem.uiowa.edu/manual.html
        Publications:  https://ffx.biochem.uiowa.edu/publications.html
        License:       https://ffx.biochem.uiowa.edu/licenses.html

 _________________________________________________________________________

 Fri May 08 11:21:51 CDT 2026
 Process ID 40659 on argon-itf-bx54-35.hpc.

 Command line arguments:
 [Minimize, -e, 0.1, /Dedicated/schnieders/maemmad/pKa_GNN/ffx_pipeline/data/fixed_pdbs/1BVC/1BVC_pH6.45.pdb_2, --saveInduced, --savePermanentMoments]

 Executing internal command: ffx.algorithms.commands.Minimize

 Initializing 1 topologies...
 Parsing: Internal force field (amoeba-bio-2018-cphmd).
 Parsing: Structure properties from (/Dedicated/schnieders/maemmad/pKa_GNN/ffx_pipeline/data/fixed_pdbs/1BVC/1BVC_input.properties).
 Parsing: JVM system properties (i.e. command line -Dkey=value pairs).

 Attempting to read force field patch from /Dedicated/schnieders/maemmad/pKa_GNN/naphosphate_solute.09Feb21.prm.

 Renumbering Patch: FALSE
 Reading 1BVC_pH6.45.pdb_2

 Assigning atom types for 1 chains.
 Amino acid chain A
 Constructing Force Field AMOEBA-BIO-2018-CPHMD

 SMP threads:                                20
 The system will be treated as aperiodic (max separation =   50.8 A).

 Bonded Terms
  Bonds:                                   2498
  Angles:                                  4550
  Stretch-Bends:                           3996
  Out-of-Plane Bends:                      1455
  Torsions:                                6663
  Pi-Orbital Torsions:                      290
  Torsion-Torsions:                          10

 Non-Bonded Terms

  Van der Waals
   Cut-Off:                                NONE
   Long-Range Correction:                 FALSE

 Electrostatics
   Polarization:                         MUTUAL
    SCF Convergence Criteria:         1.000e-06
    SCF Predictor:                         NONE
    SCF Algorithm:                           CG
    CG Preconditioner Cut-Off:            4.500
    CG Preconditioner Ewald Coeff.:       0.000
    CG Preconditioner Scale:              2.000
    CG Preconditioner Mode:     FLETCHER_REEVES
    Electrostatics Cut-Off:                NONE

  Continuum Solvation
   Radii:                                SOLUTE
   Generalized Kirkwood Cut-Off:           NONE
   GKC:                                  2.4550
   Solvent Dielectric:                  78.3000
   Solute Dielectric:                    1.0000
   Descreen with vdW Radii:                TRUE
   Descreen with Hydrogen Atoms:          FALSE
   Descreen Offset:                      0.0000
   General HCT Scale Factor:             0.7200
   Non-Polar Model:                  GAUSS-DISP
    GaussVol Radii Offset:               0.0000
    GaussVol Radii Scale:                1.0000
   Dispersion Integral Offset:           1.0560 (A)
   Cavitation Solvent Pressure:          0.0334 (Kcal/mol/A^3)
   Cavitation Surface Tension:           0.1030 (Kcal/mol/A^2)
   Cavitation Cross-Over Radius:         9.2515 (A)

  Overall system charge:                 13.000

 Opened 1BVC_pH6.45.pdb_2 in 1.369 sec.

 System Resources
  Total CPU time:          19.20 (sec)
  System load average:     18.28
  Open file handles:         146 of  81920 allowed
  System memory:           20940 MB free out of  21760 MB
  System swap space:        1036 MB free out of   2053 MB
  JVM memory:               4021 MB free out of   4096 MB

 Minimizing energy of Single Topology  [1BVC_pH6.45.pdb_2] 
 Setting lambda to 0.000.
 Generalized Kirkwood  -3857.24166483      0.305
 Cavitation             1547.51179725      0.251
 Dispersion            -1042.75140284      0.352

 Computed Potential Energy
  Bond Stretching            216.90324637         2498        0.003 ( 0.01605)
  Angle Bending              576.60081542         4550        0.005 ( 2.84116)
  Stretch-Bend                 5.66844757         3996        0.003
  Out-of-Plane Bend           15.67233943         1455        0.001
  Torsional Angle             -6.30333206         6663        0.005
  Pi-Orbital Torsion          17.21035777          290        0.000
  Torsion-Torsion            -48.29250579           10        0.000
  Van der Waals              281.32878415      3042167        0.707
  Atomic Multipoles        -3656.52251921      3042167
  Polarization              -803.40487139      3042167        4.899
  Solvation                -3352.48127042      3051685
  Total Potential          -6753.62050816  (Kcal/mole)        5.624 (sec)

 Limited Memory BFGS Quasi-Newton Optimization: 

 Cycle       Energy      G RMS    Delta E   Delta X    Angle  Evals     Time

     0   -6753.6205     1.3140
     1   -6757.4498     0.9531     3.8293    0.0008     0.00      3    6.322
     2   -6759.3977     0.6458     1.9479    0.0005    35.75      4    3.201
     3   -6761.8931     0.6093     2.4954    0.0009    35.92      5    2.628
     4   -6764.1294     0.7891     2.2363    0.0013    50.77      6    2.951
     5   -6765.9122     0.7020     1.7828    0.0014    64.29      7    3.363
     6   -6767.2408     0.4965     1.3286    0.0006    56.69      8    3.487
     7   -6768.8854     0.4814     1.6446    0.0012    54.13      9    3.455
     8   -6770.3121     0.5611     1.4267    0.0014    64.71     10    3.070
     9   -6771.6343     0.6011     1.3222    0.0021    70.87     11    3.783
    10   -6772.5620     0.3760     0.9276    0.0008    64.93     12    4.502
    11   -6773.2443     0.3712     0.6823    0.0006    56.51     13    3.990
    12   -6774.1417     0.4606     0.8974    0.0012    64.73     14    3.328
    13   -6774.7974     0.6001     0.6557    0.0018    72.73     15    3.280
    14   -6775.4117     0.2929     0.6143    0.0004    61.22     16    2.972
    15   -6775.8544     0.2778     0.4426    0.0006    58.38     17    3.485
    16   -6776.3136     0.2983     0.4592    0.0008    69.73     18    3.260
    17   -6776.6992     0.5836     0.3856    0.0013    71.52     19    3.350
    18   -6777.2282     0.2833     0.5290    0.0009    78.40     20    3.133
    19   -6777.5853     0.2153     0.3571    0.0007    70.67     21    3.252
    20   -6777.9607     0.2820     0.3753    0.0009    69.29     22    3.244
    21   -6778.3911     0.4191     0.4305    0.0014    75.26     23    3.141
    22   -6778.8666     0.2966     0.4754    0.0013    79.09     24    3.431
    23   -6779.2432     0.2336     0.3766    0.0007    70.37     25    3.473
    24   -6779.6295     0.2805     0.3863    0.0009    64.82     26    3.615
    25   -6779.9480     0.3118     0.3185    0.0009    75.03     27    3.371
    26   -6780.2806     0.2389     0.3326    0.0010    77.58     28    3.400
    27   -6780.5799     0.2471     0.2993    0.0011    75.19     29    3.570
    28   -6780.8598     0.2296     0.2799    0.0008    74.58     30    3.486
    29   -6781.2027     0.2329     0.3428    0.0011    72.84     31    3.712
    30   -6781.4312     0.3883     0.2285    0.0013    75.44     32    3.667
    31   -6781.6831     0.1904     0.2519    0.0004    71.42     33    3.038
    32   -6781.8843     0.1860     0.2013    0.0005    66.26     34    3.103
    33   -6782.0907     0.2168     0.2064    0.0007    74.66     35    3.116
    34   -6782.3350     0.3541     0.2443    0.0012    77.14     36    3.379
    35   -6782.6583     0.2251     0.3233    0.0015    82.68     37    3.054
    36   -6782.9295     0.1926     0.2712    0.0008    72.20     38    3.458
    37   -6783.1611     0.2720     0.2317    0.0012    72.91     39    3.886
    38   -6783.3141     0.1774     0.1529    0.0003    62.93     40    4.618
    39   -6783.4307     0.1564     0.1167    0.0002    58.17     41    4.774
    40   -6783.5851     0.1761     0.1544    0.0005    68.50     42    3.764
    41   -6783.7015     0.3121     0.1164    0.0010    76.12     43    4.059
    42   -6783.8384     0.1454     0.1369    0.0003    72.43     44    3.165
    43   -6783.9274     0.1083     0.0890    0.0004    69.80     45    3.341
    44   -6783.9934     0.1233     0.0660    0.0004    72.62     46    3.445
    45   -6784.0829     0.1764     0.0895    0.0005    73.55     47    3.729
    46   -6784.2052     0.1308     0.1223    0.0008    79.92     48    3.526
    47   -6784.3123     0.1613     0.1072    0.0007    75.42     49    3.628
    48   -6784.4215     0.1331     0.1092    0.0008    76.42     50    3.907
    49   -6784.4982     0.1095     0.0767    0.0002    57.45     51    3.566
    50   -6784.5927     0.1254     0.0945    0.0004    58.63     52    3.290
    51   -6784.6734     0.1844     0.0807    0.0006    73.32     53    3.004
    52   -6784.7578     0.1271     0.0844    0.0005    80.22     54    2.712
    53   -6784.8744     0.1019     0.1165    0.0008    77.48     55    2.956
    54   -6784.9712     0.1595     0.0969    0.0010    78.09     56    2.877
    55   -6785.0806     0.1595     0.1093    0.0011    81.64     57    3.012
    56   -6785.1977     0.1316     0.1171    0.0007    78.37     58    3.312
    57   -6785.3199     0.1392     0.1221    0.0008    72.75     59    3.206
    58   -6785.4073     0.1563     0.0875    0.0004    71.49     60    3.425
    59   -6785.5060     0.1238     0.0987    0.0004    74.49     61    3.696
    60   -6785.6179     0.1517     0.1119    0.0009    76.47     62    2.971
    61   -6785.6994     0.1684     0.0815    0.0010    81.12     63    2.743
    62   -6785.7725     0.1227     0.0731    0.0003    73.95     64    2.644
    63   -6785.8814     0.0936     0.1090    0.0006    73.96     65    2.789

 Optimization achieved convergence criteria:  0.09363
 Generalized Kirkwood  -3836.19506663      0.123
 Cavitation             1547.82225447      0.100
 Dispersion            -1044.04460617      0.187

 Computed Potential Energy
  Bond Stretching            217.65386210         2498        0.000 ( 0.01608)
  Angle Bending              573.93510727         4550        0.000 ( 2.83836)
  Stretch-Bend                 6.08311746         3996        0.000
  Out-of-Plane Bend           15.90737868         1455        0.000
  Torsional Angle             -5.99557509         6663        0.000
  Pi-Orbital Torsion          17.06732398          290        0.000
  Torsion-Torsion            -48.20313213           10        0.000
  Van der Waals              280.90890666      3042167        0.007
  Atomic Multipoles        -3696.49937454      3042167
  Polarization              -814.32161333      3042167        1.930
  Solvation                -3332.41741833      3051685
  Total Potential          -6785.88141729  (Kcal/mole)        1.938 (sec)
 Setting atom names to PDB standard.
 Saving 1BVC_pH6.45.pdb_3
 Wrote induced dipoles to: /Dedicated/schnieders/maemmad/pKa_GNN/ffx_pipeline/data/fixed_pdbs/1BVC/1BVC_pH6.45.uind
 Wrote permanent multipoles to: /Dedicated/schnieders/maemmad/pKa_GNN/ffx_pipeline/data/fixed_pdbs/1BVC/1BVC_pH6.45.uperm

 Script wall clock time: 231.003 (sec)
=== Titration pH 6.45 done: Fri May  8 11:25:45 CDT 2026 ===
