 Evaluating /Dedicated/schnieders/programs/stack-2021.1.sh
  Loading Modules
   Stack 2021.1
   GCC 9.3.0
   CMake 3.20.0
   Eigen 3.3.9
   Cuda 11.1.1
   Cuda: /usr/share/apps/2021.1/arch/gcc-9.3.0/cuda-11.1.1
   CudaNN 8.0.5.39-11.1
   Swig 4.0.2_gcc-9.3.0
  Loading software from /Dedicated/schnieders/programs/local
   Ant: /Dedicated/schnieders/programs/apache-ant-1.10.11
   FFX: /Dedicated/schnieders/programs/ffx-builds/forcefieldx-2026-01-04
   GDMA: /Dedicated/schnieders/programs/gdma-2.3
   Groovy: /Dedicated/schnieders/programs/groovy-4.0.1
   Java: /Dedicated/schnieders/programs/jdk-25.0.1
   Maven: /Dedicated/schnieders/programs/apache-maven-3.9.5
   VMD: /Dedicated/schnieders/programs/vmd
   NAMD: /Dedicated/schnieders/programs/NAMD_3.0alpha7_Linux-x86_64-multicore-CUDA
   OpenEye: /Dedicated/schnieders/programs/OpenEye
   Tinker: /Dedicated/schnieders/programs/tinker-tools
=== Titration pH 6.45 started: Wed May  6 14:31:22 CDT 2026 ===
  Copy already exists, skipping.
  ManyBody output already exists, skipping.
WARNING: Using incubator modules: jdk.incubator.vector
 _________________________________________________________________________

        FORCE FIELD X - Polyglot Software for Molecular Biophysics 

        Version 1.0.0-6991  April 2026 
        Git Revision  937dfd3f3a84d0dc91f73b0419518078a8c41842 
 
        Please cite the following reference when using Force Field X:

        RA Gogal, AJ Nessler, AC Thiel, HV Bernabe, RA Corrigan Grove,
        LM Cousineau, JM Litman, JM Miller, G Qi, MJ Speranza,
        MR Tollefson, TD Fenn, JJ Michaelson, O Okada, JP Piquemal,
        JW Ponder, J Shen, RJH Smith, W Yang, P Ren and MJ Schnieders,
        2024, Journal of Chemical Physics, 161 (1).

        Copyright (c)  Michael J. Schnieders  2001-2026
        All Rights Reserved

        Force Field X is distributed under the GPL v. 3 license
        with linking exception and is hosted by the Schnieders Lab
        at The University of Iowa.

        User Manual:   https://ffx.biochem.uiowa.edu/manual.html
        Publications:  https://ffx.biochem.uiowa.edu/publications.html
        License:       https://ffx.biochem.uiowa.edu/licenses.html

 _________________________________________________________________________

 Wed May 06 14:31:24 CDT 2026
 Process ID 12589 on argon-itf-bx45-02.hpc.

 Command line arguments:
 [Minimize, -e, 0.1, /Dedicated/schnieders/maemmad/pKa_GNN/ffx_pipeline/data/fixed_pdbs/5I6W/5I6W_pH6.45.pdb_2, --saveInduced, --savePermanentMoments]

 Executing internal command: ffx.algorithms.commands.Minimize

 Initializing 1 topologies...
 Parsing: Internal force field (amoeba-bio-2018-cphmd).
 Parsing: Structure properties from (/Dedicated/schnieders/maemmad/pKa_GNN/ffx_pipeline/data/fixed_pdbs/5I6W/5I6W_input.properties).
 Parsing: JVM system properties (i.e. command line -Dkey=value pairs).

 Attempting to read force field patch from /Dedicated/schnieders/maemmad/pKa_GNN/naphosphate_solute.09Feb21.prm.

 Renumbering Patch: FALSE
 Reading 5I6W_pH6.45.pdb_2

 Assigning atom types for 1 chains.
 Amino acid chain A
 Constructing Force Field AMOEBA-BIO-2018-CPHMD

 SMP threads:                               128
 The system will be treated as aperiodic (max separation =   50.2 A).

 Bonded Terms
  Bonds:                                   2120
  Angles:                                  3854
  Stretch-Bends:                           3381
  Out-of-Plane Bends:                      1206
  Torsions:                                5624
  Pi-Orbital Torsions:                      225
  Torsion-Torsions:                           9

 Non-Bonded Terms

  Van der Waals
   Cut-Off:                                NONE
   Long-Range Correction:                 FALSE

 Electrostatics
   Polarization:                         MUTUAL
    SCF Convergence Criteria:         1.000e-06
    SCF Predictor:                         NONE
    SCF Algorithm:                           CG
    CG Preconditioner Cut-Off:            4.500
    CG Preconditioner Ewald Coeff.:       0.000
    CG Preconditioner Scale:              2.000
    CG Preconditioner Mode:     FLETCHER_REEVES
    Electrostatics Cut-Off:                NONE

  Continuum Solvation
   Radii:                                SOLUTE
   Generalized Kirkwood Cut-Off:           NONE
   GKC:                                  2.4550
   Solvent Dielectric:                  78.3000
   Solute Dielectric:                    1.0000
   Descreen with vdW Radii:                TRUE
   Descreen with Hydrogen Atoms:          FALSE
   Descreen Offset:                      0.0000
   General HCT Scale Factor:             0.7200
   Non-Polar Model:                  GAUSS-DISP
    GaussVol Radii Offset:               0.0000
    GaussVol Radii Scale:                1.0000
   Dispersion Integral Offset:           1.0560 (A)
   Cavitation Solvent Pressure:          0.0334 (Kcal/mol/A^3)
   Cavitation Surface Tension:           0.1030 (Kcal/mol/A^2)
   Cavitation Cross-Over Radius:         9.2515 (A)

  Overall system charge:                  7.000

 Opened 5I6W_pH6.45.pdb_2 in 1.178 sec.

 System Resources
  Total CPU time:          61.88 (sec)
  System load average:     40.66
  Open file handles:         146 of  81920 allowed
  System memory:          471351 MB free out of 515701 MB
  System swap space:        1970 MB free out of   2053 MB
  JVM memory:               3946 MB free out of   4096 MB

 Minimizing energy of Single Topology  [5I6W_pH6.45.pdb_2] 
 Setting lambda to 0.000.
 Generalized Kirkwood  -2940.70847633      0.224
 Cavitation             1318.37756030      0.250
 Dispersion             -819.88410505      0.132

 Computed Potential Energy
  Bond Stretching            162.75414563         2120        0.009 ( 0.01512)
  Angle Bending              438.67628876         3854        0.004 ( 2.69702)
  Stretch-Bend                 2.09024070         3381        0.006
  Out-of-Plane Bend           18.55118440         1206        0.002
  Torsional Angle             84.32675967         5624        0.010
  Pi-Orbital Torsion          16.45049713          225        0.001
  Torsion-Torsion            -46.43949956            9        0.001
  Van der Waals              376.79523943      2202177        0.429
  Atomic Multipoles        -3555.52685867      2202177
  Polarization              -769.88210806      2202177        4.380
  Solvation                -2442.21502108      2210253
  Total Potential          -5714.41913164  (Kcal/mole)        4.845 (sec)

 Limited Memory BFGS Quasi-Newton Optimization: 

 Cycle       Energy      G RMS    Delta E   Delta X    Angle  Evals     Time

     0   -5714.4191     1.8213
     1   -5722.6348     1.7581     8.2157    0.0014     0.00      3    2.889
     2   -5728.5309     1.2059     5.8960    0.0010    43.96      4    1.300
     3   -5736.1229     1.1117     7.5920    0.0021    43.27      5    1.453
     4   -5741.9642     1.5985     5.8413    0.0027    53.56      6    1.113
     5   -5747.2257     1.0760     5.2615    0.0021    65.71      7    3.156
     6   -5751.2493     0.9590     4.0236    0.0014    58.38      8    3.894
     7   -5756.6714     1.0539     5.4221    0.0027    60.76      9    4.096
     8   -5759.4302     1.9268     2.7588    0.0040    67.77     10    4.105
     9   -5763.2128     0.8019     3.7826    0.0006    37.33     11    4.584
    10   -5765.3355     0.6056     2.1227    0.0008    43.98     12    4.621
    11   -5767.2104     0.7265     1.8748    0.0013    60.47     13    4.674
    12   -5769.8273     0.9982     2.6169    0.0022    68.01     14    5.092
    13   -5772.7914     0.7720     2.9641    0.0034    75.69     15    5.420
    14   -5774.7939     0.6209     2.0025    0.0019    71.16     16    5.094
    15   -5776.6246     0.6466     1.8307    0.0018    66.29     17    4.987
    16   -5778.2822     0.7678     1.6577    0.0017    67.94     18    5.106
    17   -5780.2050     0.6793     1.9228    0.0022    73.78     19    5.310
    18   -5782.1336     0.6576     1.9286    0.0025    72.86     20    4.820
    19   -5783.8786     0.6138     1.7450    0.0021    72.95     21    5.001
    20   -5786.1054     0.7162     2.2267    0.0032    73.52     22    5.298
    21   -5788.5896     0.6911     2.4842    0.0036    76.05     23    4.907
    22   -5790.8235     0.7924     2.2340    0.0036    75.63     24    4.996
    23   -5792.8283     0.6214     2.0048    0.0029    75.96     25    4.986
    24   -5794.3691     0.5683     1.5408    0.0015    68.32     26    5.204
    25   -5796.3084     0.5547     1.9393    0.0026    70.58     27    4.892
    26   -5798.0087     0.7751     1.7003    0.0035    75.22     28    4.594
    27   -5799.7041     0.6025     1.6953    0.0026    78.77     29    5.409
    28   -5801.7378     0.5496     2.0337    0.0035    76.31     30    4.916
    29   -5803.5060     0.7224     1.7682    0.0034    75.63     31    5.069
    30   -5805.4162     0.6343     1.9102    0.0034    78.47     32    4.620
    31   -5807.1827     0.6232     1.7665    0.0030    76.08     33    4.771
    32   -5808.7935     0.5803     1.6107    0.0025    75.39     34    5.905
    33   -5810.6891     0.6434     1.8956    0.0029    74.80     35    5.324
    34   -5813.1341     0.6228     2.4451    0.0041    76.87     36    5.099
    35   -5815.0853     0.9469     1.9512    0.0052    77.93     37    4.423
    36   -5817.1161     0.5703     2.0307    0.0027    78.47     38    4.555
    37   -5818.5535     0.5241     1.4374    0.0016    69.76     39    4.826
    38   -5820.4009     0.7215     1.8474    0.0036    75.97     40    5.280
    39   -5822.1680     0.7951     1.7671    0.0052    81.31     41    5.286
    40   -5823.7343     0.5371     1.5663    0.0024    80.16     42    5.407
    41   -5825.5256     0.5222     1.7913    0.0037    77.07     43    4.896
    42   -5827.0623     0.7335     1.5367    0.0038    79.03     44    5.529
    43   -5829.1121     0.5699     2.0498    0.0048    82.12     45    5.109
    44   -5830.7918     0.7553     1.6798    0.0047    78.36     46    5.692
    45   -5832.1932     0.5279     1.4014    0.0019    75.64     47    4.708
    46   -5833.2972     0.4907     1.1040    0.0009    60.96     48    4.987
    47   -5834.8334     0.5837     1.5362    0.0023    71.64     49    5.477
    48   -5836.4224     0.7209     1.5891    0.0048    80.00     50    4.819
    49   -5837.6310     0.5453     1.2086    0.0028    81.86     51    4.288
    50   -5838.8628     0.4748     1.2318    0.0025    78.44     52    4.704
    51   -5840.2126     0.5933     1.3498    0.0034    78.02     53    4.805
    52   -5841.4900     0.6964     1.2774    0.0044    80.64     54    5.092
    53   -5842.6639     0.4498     1.1740    0.0014    75.49     55    4.789
    54   -5843.9547     0.4554     1.2908    0.0024    71.81     56    4.606
    55   -5844.7901     0.7349     0.8353    0.0023    75.88     57    5.131
    56   -5845.8452     0.4762     1.0551    0.0017    80.22     58    5.309
    57   -5847.1554     0.3687     1.3102    0.0028    75.48     59    4.192
    58   -5847.8464     0.5717     0.6910    0.0021    74.97     60    5.088
    59   -5848.6752     0.4388     0.8288    0.0014    77.96     61    4.979
    60   -5849.8338     0.3900     1.1586    0.0021    73.57     62    4.004
    61   -5850.6255     0.7393     0.7917    0.0033    73.83     63    4.400
    62   -5851.3711     0.3930     0.7456    0.0005    62.28     64    4.403
    63   -5851.9749     0.3761     0.6038    0.0007    62.57     65    4.702
    64   -5852.7867     0.4419     0.8118    0.0020    75.82     66    4.595
    65   -5853.3356     0.8811     0.5489    0.0032    79.57     67    4.131
    66   -5854.1484     0.4451     0.8128    0.0012    80.90     68    4.185
    67   -5854.8783     0.3041     0.7298    0.0018    77.51     69    4.376
    68   -5855.3814     0.3694     0.5032    0.0015    76.98     70    4.619
    69   -5856.1545     0.4231     0.7730    0.0022    78.77     71    4.101
    70   -5856.9037     0.5975     0.7493    0.0037    80.89     72    4.203
    71   -5857.6451     0.3197     0.7414    0.0018    80.51     73    4.308
    72   -5858.1827     0.3510     0.5376    0.0009    67.97     74    3.788
    73   -5858.9661     0.4751     0.7833    0.0018    74.53     75    3.695
    74   -5859.7339     0.6836     0.7678    0.0032    80.63     76    4.102
    75   -5860.5182     0.3666     0.7843    0.0019    81.84     77    3.984
    76   -5861.1098     0.3255     0.5916    0.0012    73.59     78    3.924
    77   -5861.8139     0.4299     0.7042    0.0021    76.30     79    4.011
    78   -5862.5299     0.5989     0.7160    0.0033    80.84     80    3.793
    79   -5863.2604     0.3773     0.7305    0.0021    82.34     81    4.307
    80   -5863.9575     0.3340     0.6970    0.0020    77.57     82    3.774
    81   -5864.6295     0.4581     0.6720    0.0025    78.35     83    4.403
    82   -5865.3790     0.4296     0.7495    0.0033    82.04     84    3.688
    83   -5865.9868     0.3416     0.6078    0.0020    80.26     85    4.046
    84   -5866.5479     0.3193     0.5611    0.0018    76.67     86    3.684
    85   -5867.0854     0.4301     0.5375    0.0019    76.68     87    4.214
    86   -5867.7861     0.3340     0.7007    0.0023    80.53     88    3.985
    87   -5868.4972     0.4114     0.7111    0.0032    79.14     89    3.900
    88   -5869.0377     0.4460     0.5405    0.0028    81.46     90    3.688
    89   -5869.5338     0.3199     0.4961    0.0009    75.56     91    3.601
    90   -5870.2635     0.2658     0.7297    0.0019    74.89     92    3.704
    91   -5870.8639     0.6132     0.6003    0.0038    77.79     93    4.178
    92   -5871.4772     0.4019     0.6134    0.0026    84.20     94    3.330
    93   -5871.9829     0.3269     0.5056    0.0015    80.34     95    3.773
    94   -5872.6621     0.3405     0.6793    0.0029    80.24     96    3.228
    95   -5873.0203     0.7528     0.3582    0.0042    81.59     97    3.498
    96   -5873.5653     0.3988     0.5450    0.0005    71.28     98    3.583
    97   -5874.1634     0.2800     0.5981    0.0014    75.33     99    3.606
    98   -5874.6000     0.3421     0.4366    0.0019    79.93    100    4.294
    99   -5875.2793     0.4190     0.6793    0.0026    80.96    101    3.599
   100   -5876.0773     0.4498     0.7980    0.0041    82.74    102    3.802
   101   -5876.7443     0.3380     0.6670    0.0028    81.72    103    3.704
   102   -5877.1742     0.3163     0.4299    0.0009    71.24    104    4.221
   103   -5877.7349     0.3471     0.5607    0.0011    67.43    105    3.879
   104   -5878.2262     0.5273     0.4913    0.0018    75.04    106    4.016
   105   -5878.7693     0.2998     0.5431    0.0014    80.07    107    3.976
   106   -5879.2070     0.2876     0.4377    0.0013    75.49    108    3.500
   107   -5879.8000     0.3839     0.5930    0.0026    79.29    109    4.038
   108   -5880.3311     0.4782     0.5311    0.0032    81.06    110    3.564
   109   -5880.8198     0.2884     0.4887    0.0012    78.68    111    3.833
   110   -5881.2428     0.2723     0.4230    0.0010    70.10    112    3.664
   111   -5881.6898     0.3813     0.4470    0.0017    76.28    113    4.009
   112   -5882.2313     0.3373     0.5416    0.0024    81.16    114    3.505
   113   -5882.6996     0.2967     0.4683    0.0020    80.38    115    4.312
   114   -5883.1384     0.2915     0.4388    0.0019    78.40    116    3.476
   115   -5883.5657     0.3041     0.4274    0.0013    74.78    117    2.917
   116   -5884.0876     0.3140     0.5219    0.0018    75.53    118    3.611
   117   -5884.5132     0.3678     0.4256    0.0020    77.72    119    4.277
   118   -5884.8493     0.2735     0.3361    0.0010    76.87    120    3.916
   119   -5885.1978     0.2475     0.3486    0.0009    72.47    121    3.906
   120   -5885.6641     0.3320     0.4663    0.0018    75.92    122    3.781
   121   -5886.0815     0.4209     0.4175    0.0029    81.16    123    4.114
   122   -5886.4327     0.2599     0.3512    0.0010    79.19    124    3.981
   123   -5886.7382     0.2436     0.3055    0.0010    74.53    125    3.922
   124   -5887.1024     0.2788     0.3642    0.0016    78.13    126    3.976
   125   -5887.4500     0.4354     0.3476    0.0024    80.22    127    3.917
   126   -5887.8456     0.2431     0.3956    0.0016    82.29    128    3.796
   127   -5888.1288     0.2285     0.2832    0.0010    75.54    129    3.720
   128   -5888.4650     0.3073     0.3362    0.0015    75.56    130    3.875
   129   -5888.8191     0.3454     0.3541    0.0020    80.15    131    4.009
   130   -5889.1236     0.2374     0.3046    0.0010    79.03    132    4.198
   131   -5889.4060     0.2328     0.2823    0.0011    73.68    133    3.792
   132   -5889.6628     0.2794     0.2568    0.0011    76.52    134    3.518
   133   -5890.0420     0.2521     0.3792    0.0016    79.80    135    3.580
   134   -5890.3983     0.4410     0.3564    0.0027    79.64    136    3.411
   135   -5890.7388     0.2366     0.3405    0.0014    81.47    137    3.523
   136   -5890.9559     0.2113     0.2170    0.0006    69.79    138    3.474
   137   -5891.2641     0.2525     0.3082    0.0012    73.96    139    5.113
   138   -5891.5351     0.4456     0.2710    0.0023    80.38    140    3.464
   139   -5891.8391     0.2438     0.3040    0.0011    82.30    141    3.701
   140   -5892.1042     0.2042     0.2651    0.0013    78.71    142    3.823
   141   -5892.3446     0.2549     0.2403    0.0014    79.53    143    3.495
   142   -5892.6097     0.3359     0.2651    0.0021    81.69    144    4.311
   143   -5892.9031     0.2236     0.2934    0.0015    82.64    145    3.784
   144   -5893.1789     0.2198     0.2758    0.0013    77.54    146    3.816
   145   -5893.4481     0.3107     0.2692    0.0016    77.69    147    3.781
   146   -5893.7406     0.2467     0.2925    0.0014    81.03    148    3.717
   147   -5894.0415     0.2524     0.3009    0.0018    79.41    149    4.288
   148   -5894.2540     0.2761     0.2125    0.0013    78.75    150    3.700
   149   -5894.4575     0.2112     0.2035    0.0006    77.02    151    3.799
   150   -5894.7563     0.1845     0.2988    0.0012    75.50    152    3.499
   151   -5895.0319     0.3687     0.2756    0.0025    78.38    153    3.791
   152   -5895.2650     0.2537     0.2331    0.0015    83.58    154    3.627
   153   -5895.4871     0.2222     0.2221    0.0010    79.78    155    3.494
   154   -5895.7943     0.2416     0.3072    0.0017    79.24    156    3.506
   155   -5895.9044     0.5799     0.1101    0.0028    81.86    157    3.675
   156   -5896.0892     0.3968     0.1848    0.0001    38.06    158    4.094
   157   -5896.3519     0.1750     0.2627    0.0004    69.55    159    3.623
   158   -5896.5254     0.2264     0.1735    0.0009    75.48    160    3.505
   159   -5896.7293     0.2798     0.2039    0.0013    81.99    161    4.104
   160   -5897.0526     0.3307     0.3233    0.0018    82.82    162    3.876
   161   -5897.3962     0.3657     0.3436    0.0028    83.57    163    4.112
   162   -5897.6823     0.2315     0.2861    0.0021    84.13    164    3.620
   163   -5897.8496     0.1946     0.1673    0.0005    71.84    165    4.274
   164   -5898.0785     0.2449     0.2289    0.0008    69.50    166    3.711
   165   -5898.2856     0.2537     0.2071    0.0012    80.09    167    3.813
   166   -5898.5017     0.2665     0.2161    0.0014    80.74    168    4.363
   167   -5898.7276     0.2072     0.2259    0.0012    80.11    169    3.532
   168   -5898.9351     0.2235     0.2075    0.0014    78.12    170    4.302
   169   -5899.0926     0.1805     0.1575    0.0006    74.79    171    3.814
   170   -5899.2907     0.1943     0.1981    0.0010    74.37    172    4.369
   171   -5899.4733     0.2593     0.1825    0.0013    76.40    173    3.709
   172   -5899.6362     0.1932     0.1629    0.0008    78.80    174    4.272
   173   -5899.7983     0.1662     0.1621    0.0007    75.38    175    3.522
   174   -5899.9737     0.2360     0.1753    0.0012    76.33    176    3.878
   175   -5900.1144     0.2304     0.1407    0.0012    80.53    177    4.323
   176   -5900.2332     0.1493     0.1188    0.0004    74.01    178    3.602
   177   -5900.3684     0.1420     0.1352    0.0007    70.23    179    3.494
   178   -5900.4978     0.2351     0.1293    0.0009    75.48    180    4.506
   179   -5900.6795     0.1671     0.1817    0.0011    80.87    181    3.726
   180   -5900.8235     0.2388     0.1440    0.0011    75.81    182    4.266
   181   -5900.9428     0.1687     0.1193    0.0008    77.80    183    3.905
   182   -5901.0156     0.1300     0.0728    0.0002    61.01    184    4.082
   183   -5901.1272     0.1099     0.1116    0.0003    52.99    185    4.697
   184   -5901.2396     0.2436     0.1125    0.0009    68.77    186    4.205
   185   -5901.3404     0.1582     0.1008    0.0007    81.43    187    4.433
   186   -5901.4250     0.1224     0.0846    0.0006    79.34    188    3.887
   187   -5901.5275     0.1441     0.1025    0.0010    78.55    189    3.610
   188   -5901.6063     0.2443     0.0788    0.0011    79.59    190    3.815
   189   -5901.7021     0.1504     0.0958    0.0004    77.88    191    3.275
   190   -5901.8242     0.1289     0.1220    0.0007    72.96    192    5.011
   191   -5901.9126     0.1581     0.0885    0.0006    76.81    193    4.197
   192   -5902.0254     0.1795     0.1127    0.0010    80.09    194    3.999
   193   -5902.1524     0.1315     0.1271    0.0012    81.65    195    4.294
   194   -5902.2358     0.1594     0.0834    0.0008    77.06    196    4.189
   195   -5902.3276     0.1278     0.0918    0.0006    76.38    197    4.186
   196   -5902.4264     0.1595     0.0988    0.0007    74.04    198    3.897
   197   -5902.5146     0.1834     0.0882    0.0010    79.00    199    3.518
   198   -5902.5938     0.1184     0.0792    0.0004    77.15    200    4.223
   199   -5902.6822     0.1174     0.0884    0.0008    76.38    201    3.860
   200   -5902.7563     0.1918     0.0741    0.0010    80.04    202    4.408
   201   -5902.8510     0.1214     0.0947    0.0010    83.50    203    3.514
   202   -5902.9455     0.1328     0.0945    0.0011    79.16    204    4.778
   203   -5903.0105     0.1709     0.0650    0.0008    79.35    205    4.229
   204   -5903.0754     0.1250     0.0649    0.0003    74.34    206    3.787
   205   -5903.1739     0.0988     0.0985    0.0006    72.97    207    3.814

 Optimization achieved convergence criteria:  0.09881
 Generalized Kirkwood  -2922.95655219      0.117
 Cavitation             1331.94102614      0.108
 Dispersion             -891.11871143      0.101

 Computed Potential Energy
  Bond Stretching            177.79052405         2120        0.002 ( 0.01579)
  Angle Bending              441.61127111         3854        0.001 ( 2.71730)
  Stretch-Bend                 2.40634171         3381        0.000
  Out-of-Plane Bend           15.91606230         1206        0.000
  Torsional Angle             54.94690221         5624        0.001
  Pi-Orbital Torsion          13.00399483          225        0.001
  Torsion-Torsion            -48.70635005            9        0.005
  Van der Waals              329.39586094      2202177        0.018
  Atomic Multipoles        -3638.77110572      2202177
  Polarization              -768.63318812      2202177        2.514
  Solvation                -2482.13423748      2210253
  Total Potential          -5903.17392422  (Kcal/mole)        2.601 (sec)
 Setting atom names to PDB standard.
 Saving 5I6W_pH6.45.pdb_3
 Wrote induced dipoles to: /Dedicated/schnieders/maemmad/pKa_GNN/ffx_pipeline/data/fixed_pdbs/5I6W/5I6W_pH6.45.uind
 Wrote permanent multipoles to: /Dedicated/schnieders/maemmad/pKa_GNN/ffx_pipeline/data/fixed_pdbs/5I6W/5I6W_pH6.45.uperm

 Script wall clock time: 861.784 (sec)
=== Titration pH 6.45 done: Wed May  6 14:45:46 CDT 2026 ===
