 Evaluating /Dedicated/schnieders/programs/stack-2021.1.sh
  Loading Modules
   Stack 2021.1
   GCC 9.3.0
   CMake 3.20.0
   Eigen 3.3.9
   Cuda 11.1.1
   Cuda: /usr/share/apps/2021.1/arch/gcc-9.3.0/cuda-11.1.1
   CudaNN 8.0.5.39-11.1
   Swig 4.0.2_gcc-9.3.0
  Loading software from /Dedicated/schnieders/programs/local
   Ant: /Dedicated/schnieders/programs/apache-ant-1.10.11
   FFX: /Dedicated/schnieders/programs/ffx-builds/forcefieldx-2026-01-04
   GDMA: /Dedicated/schnieders/programs/gdma-2.3
   Groovy: /Dedicated/schnieders/programs/groovy-4.0.1
   Java: /Dedicated/schnieders/programs/jdk-25.0.1
   Maven: /Dedicated/schnieders/programs/apache-maven-3.9.5
   VMD: /Dedicated/schnieders/programs/vmd
   NAMD: /Dedicated/schnieders/programs/NAMD_3.0alpha7_Linux-x86_64-multicore-CUDA
   OpenEye: /Dedicated/schnieders/programs/OpenEye
   Tinker: /Dedicated/schnieders/programs/tinker-tools
=== Titration pH 6.45 started: Mon Apr 27 18:42:38 CDT 2026 ===
WARNING: Using incubator modules: jdk.incubator.vector
WARNING: Using incubator modules: jdk.incubator.vector
 _________________________________________________________________________

        FORCE FIELD X - Polyglot Software for Molecular Biophysics 

        Version 1.0.0-6947  April 2026 
        Git Revision  519408079905b3dd4b967041b75b836f63fb563f 
 
        Please cite the following reference when using Force Field X:

        RA Gogal, AJ Nessler, AC Thiel, HV Bernabe, RA Corrigan Grove,
        LM Cousineau, JM Litman, JM Miller, G Qi, MJ Speranza,
        MR Tollefson, TD Fenn, JJ Michaelson, O Okada, JP Piquemal,
        JW Ponder, J Shen, RJH Smith, W Yang, P Ren and MJ Schnieders,
        2024, Journal of Chemical Physics, 161 (1).

        Copyright (c)  Michael J. Schnieders  2001-2025
        All Rights Reserved

        Force Field X is distributed under the GPL v. 3 license
        with linking exception and is hosted by the Schnieders Lab
        at The University of Iowa.

        User Manual:   https://ffx.biochem.uiowa.edu/manual.html
        Publications:  https://ffx.biochem.uiowa.edu/publications.html
        License:       https://ffx.biochem.uiowa.edu/licenses.html

 _________________________________________________________________________

 Mon Apr 27 18:43:09 CDT 2026
 Process ID 106158 on argon-itf-bx54-09.hpc.

 Command line arguments:
 [ManyBody, --tR, --pH, 6.45, --oT, -T, --kPH, 3.0, /Dedicated/schnieders/maemmad/pKa_GNN/ffx_pipeline/data/fixed_pdbs/1EGO/1EGO_pH6.45.pdb]

 Executing internal command: ffx.algorithms.commands.ManyBody

 Parsing: Internal force field (amoeba-bio-2018-cphmd).
 Parsing: Structure properties from (/Dedicated/schnieders/maemmad/pKa_GNN/ffx_pipeline/data/fixed_pdbs/1EGO/titrate.properties).
 Parsing: JVM system properties (i.e. command line -Dkey=value pairs).

 Attempting to read force field patch from /Dedicated/schnieders/maemmad/pKa_GNN/naphosphate_solute.09Feb21.prm.

 Renumbering Patch: FALSE
 Reading 1EGO_pH6.45.pdb

 Assigning atom types for 1 chains.
 Amino acid chain A
 Constructing Force Field AMOEBA-BIO-2018-CPHMD

 SMP threads:                                20
 The system will be treated as aperiodic (max separation =   42.4 A).

 Bonded Terms
  Bonds:                                   1354
  Angles:                                  2440
  Stretch-Bends:                           2161
  Out-of-Plane Bends:                       843
  Torsions:                                3576
  Pi-Orbital Torsions:                      157
  Torsion-Torsions:                           6

 Non-Bonded Terms

  Van der Waals
   Cut-Off:                                NONE
   Long-Range Correction:                 FALSE

 Electrostatics
   Polarization:                         MUTUAL
    SCF Convergence Criteria:         1.000e-06
    SCF Predictor:                         NONE
    SCF Algorithm:                           CG
    CG Preconditioner Cut-Off:            4.500
    CG Preconditioner Ewald Coeff.:       0.000
    CG Preconditioner Scale:              2.000
    CG Preconditioner Mode:     FLETCHER_REEVES
    Electrostatics Cut-Off:                NONE

  Continuum Solvation
   Radii:                                SOLUTE
   Generalized Kirkwood Cut-Off:           NONE
   GKC:                                  2.4550
   Solvent Dielectric:                  78.3000
   Solute Dielectric:                    2.0000
   Descreen with vdW Radii:                TRUE
   Descreen with Hydrogen Atoms:          FALSE
   Descreen Offset:                      0.0000
   General HCT Scale Factor:             0.7200
   Non-Polar Model:                  GAUSS-DISP
    GaussVol Radii Offset:               0.0000
    GaussVol Radii Scale:                1.0000
   Dispersion Integral Offset:           1.0560 (A)
   Cavitation Solvent Pressure:          0.0334 (Kcal/mol/A^3)
   Cavitation Surface Tension:           0.1030 (Kcal/mol/A^2)
   Cavitation Cross-Over Radius:         9.2515 (A)

  Overall system charge:                 -3.000

 Opened 1EGO_pH6.45.pdb in 0.925 sec.

 System Resources
  Total CPU time:          18.17 (sec)
  System load average:     74.64
  Open file handles:         146 of  81920 allowed
  System memory:           43884 MB free out of  44520 MB
  System swap space:        2046 MB free out of   2053 MB
  JVM memory:               4045 MB free out of   4096 MB

 Adding titration hydrogen to : /Dedicated/schnieders/maemmad/pKa_GNN/ffx_pipeline/data/fixed_pdbs/1EGO/1EGO_pH6.45.pdb

 Reading 1EGO_pH6.45.pdb

 Assigning atom types for 1 chains.
 Amino acid chain A
 Renumbering PDB file due to built atoms (1355 vs 1341)
 Total number of atoms: 1355

 Constructing Force Field AMOEBA-BIO-2018-CPHMD

 SMP threads:                                20
 The system will be treated as aperiodic (max separation =   42.9 A).

 Bonded Terms
  Bonds:                                   1368
  Angles:                                  2454
  Stretch-Bends:                           2161
  Out-of-Plane Bends:                       843
  Torsions:                                3604
  Pi-Orbital Torsions:                      157
  Torsion-Torsions:                           6

 Non-Bonded Terms

  Van der Waals
   Cut-Off:                                NONE
   Long-Range Correction:                 FALSE

 Electrostatics
   Polarization:                         MUTUAL
    SCF Convergence Criteria:         1.000e-06
    SCF Predictor:                         NONE
    SCF Algorithm:                           CG
    CG Preconditioner Cut-Off:            4.500
    CG Preconditioner Ewald Coeff.:       0.000
    CG Preconditioner Scale:              2.000
    CG Preconditioner Mode:     FLETCHER_REEVES
    Electrostatics Cut-Off:                NONE

  Continuum Solvation
   Radii:                                SOLUTE
   Generalized Kirkwood Cut-Off:           NONE
   GKC:                                  2.4550
   Solvent Dielectric:                  78.3000
   Solute Dielectric:                    2.0000
   Descreen with vdW Radii:                TRUE
   Descreen with Hydrogen Atoms:          FALSE
   Descreen Offset:                      0.0000
   General HCT Scale Factor:             0.7200
   Non-Polar Model:                  GAUSS-DISP
    GaussVol Radii Offset:               0.0000
    GaussVol Radii Scale:                1.0000
   Dispersion Integral Offset:           1.0560 (A)
   Cavitation Solvent Pressure:          0.0334 (Kcal/mol/A^3)
   Cavitation Surface Tension:           0.1030 (Kcal/mol/A^2)
   Cavitation Cross-Over Radius:         9.2515 (A)

  Overall system charge:                 11.000
 Temperature: 298.150000

 Energy restart file: 1EGO_pH6.45.restart

 Initial Potential Energy:
 Generalized Kirkwood  -1137.87731028      0.056
 Cavitation              871.11857612      0.043
 Dispersion             -587.32191615      0.075

 Computed Potential Energy
  Bond Stretching            192.67220607         1368        0.001 ( 0.01865)
  Angle Bending              309.47753296         2454        0.003 ( 2.82691)
  Stretch-Bend                -2.89622584         2161        0.002
  Out-of-Plane Bend           14.46014337          843        0.002
  Torsional Angle            140.65670856         3604        0.005
  Pi-Orbital Torsion          13.12992239          157        0.000
  Torsion-Torsion            -12.19466933            6        0.000
  Van der Waals              332.20527670       913513        0.280
  Atomic Multipoles         -490.88106605       913513
  Polarization              -105.90971102       913513        0.626
  Solvation                 -854.08065032       918690
  Total Potential           -463.36053252  (Kcal/mole)        0.919 (sec)

 Initial Rotamer Torsion Angles:

 Residue    Current Torsional Angles
 A   11-CYS  -40.334    0.000    0.000    0.000
 A   14-CYS  -56.095    0.000    0.000    0.000
 A   18-LYS  160.331 -100.184  169.613  -63.465
 A   19-ASH  -63.912  -18.163    0.000    0.000
 A   22-GLH -178.059  176.396  -38.116    0.000
 A   23-LYS -163.583  -85.407  -54.634 -165.936
 A   27-GLH  -66.832  172.377  -14.717    0.000
 A   29-ASH  -37.309  -28.797    0.000    0.000
 A   30-ASH -170.124   18.843    0.000    0.000
 A   37-ASH -178.895  -16.967    0.000    0.000
 A   41-GLH  -64.997  -65.013  -39.990    0.000
 A   45-LYS  -37.616   84.099   88.084  -62.841
 A   46-GLH  -72.228   62.537   27.661    0.000
 A   47-ASH  -54.758  -59.232    0.000    0.000
 A   51-LYS  -67.004 -179.997 -180.000 -179.994
 A   54-LYS -164.148 -166.698 -174.333   34.170
 A   57-GLH   70.145 -178.267  -62.056    0.000
 A   65-ASH  -65.443  -10.886    0.000    0.000
 A   68-HIS   62.018   79.984    0.000    0.000
 A   74-ASH   42.340  -92.514    0.000    0.000
 A   80-LYS -146.745  -81.003  125.994  -53.297
 A   81-GLH  -67.196  167.296  -26.437    0.000
 A   84-ASH  -57.689   -8.246    0.000    0.000

 Rotamer Library:     Richardson
 Algorithm:           ALL
 Goldstein Criteria:  true
 Three-Body Energies: true


 Computing Residue Distance Matrix
 Built residue neighbor list:              0.004 sec
 Pairwise distance matrix:               167.197 sec

 Beginning Energy   -1185.05286937

     Residue  Nrot
   1  A11-CYS   11
   2  A14-CYS   11
   3  A18-LYS   56
   4  A19-ASH   27
   5  A22-GLH   42
   6  A23-LYS   56
   7  A27-GLH   42
   8  A29-ASH   27
   9  A30-ASH   27
  10  A37-ASH   27
  11  A41-GLH   42
  12  A45-LYS   56
  13  A46-GLH   42
  14  A47-ASH   27
  15  A51-LYS   56
  16  A54-LYS   56
  17  A57-GLH   42
  18  A65-ASH   27
  19  A68-HIS   27
  20  A74-ASH   27
  21  A80-LYS   56
  22  A81-GLH   42
  23  A84-ASH   27

 Number of self energies: 853
 Backbone energy:     -350.09277485

 Self  A11-CYS 0 :      -1.36947485 in 0.6273 (sec).
 Self  A11-CYD 1 :       4.44151567 in 0.6573 (sec).
 Self  A11-CYS 2 :       1.24133278 in 0.9152 (sec).
 Self  A11-CYS 3 :      -1.41927499 in 0.6102 (sec).
 Self  A11-CYS 4 :      -1.43798580 in 0.5990 (sec).
 Self  A11-CYS 5 :       1.24133278 in 0.6238 (sec).
 Self  A11-CYS 6 :      -1.41927499 in 0.5621 (sec).
 Self  A11-CYS 7 :      -1.43798580 in 0.5495 (sec).
 Self  A11-CYD 8 :      11.85978298 in 0.5820 (sec).
 Self  A11-CYD 9 :      10.04267171 in 0.5747 (sec).
 Self  A11-CYD 10:       5.28007621 in 0.5635 (sec).
 Self  A14-CYS 0 :       5.78995299 in 0.6394 (sec).
 Self  A14-CYD 1 :      11.65190338 in 0.6236 (sec).
 Self  A14-CYS 2 :      84.96748962 in 0.5631 (sec).
 Self  A14-CYS 3 :      96.97499096 in 0.5835 (sec).
 Self  A14-CYS 4 :      16.57581667 in 0.6170 (sec).
 Self  A14-CYS 5 :      84.96748962 in 0.5990 (sec).
 Self  A14-CYS 6 :      96.97499096 in 0.6163 (sec).
 Self  A14-CYS 7 :      16.57581667 in 0.6309 (sec).
 Self  A14-CYD 8 :      62.02211334 in 0.5708 (sec).
 Self  A14-CYD 9 :      45.56493270 in 0.6024 (sec).
 Self  A14-CYD 10:      18.41550310 in 0.6191 (sec).
 Self  A18-LYS 0 :     -17.66240542 in 0.5305 (sec).
 Self  A18-LYD 1 :      34.19084737 in 0.5423 (sec).
 Self  A18-LYD 2 :     137.81318263 in 0.5451 (sec).
 Self  A18-LYD 3 :    7254.12036890 in 0.5458 (sec).
 Self  A18-LYD 4 :     854.62236435 in 0.5236 (sec).
 Self  A18-LYD 5 :   25942.26151653 in 0.5888 (sec).
 Self  A18-LYD 6 :      95.56885164 in 0.5487 (sec).
 Self  A18-LYD 7 :     122.74692772 in 0.5021 (sec).
 Self  A18-LYD 8 :    2428.79950986 in 0.5201 (sec).
 Self  A18-LYD 9 :     155.19015440 in 0.5121 (sec).
 Self  A18-LYD 10:      46.61565277 in 0.5389 (sec).
 Self  A18-LYD 11:      45.19737266 in 0.5100 (sec).
 Self  A18-LYD 12:      44.64969958 in 0.5324 (sec).
 Self  A18-LYD 13:      43.24382204 in 0.5150 (sec).
 Self  A18-LYD 14:      44.75635556 in 0.5391 (sec).
 Self  A18-LYD 15:    1794.65466836 in 0.5299 (sec).
 Self  A18-LYD 16:    6053.12917671 in 0.5640 (sec).
 Self  A18-LYD 17:     495.14378336 in 0.5187 (sec).
 Self  A18-LYD 18:    1414.44174309 in 0.5202 (sec).
 Self  A18-LYD 19:    1406.08469214 in 0.5470 (sec).
 Self  A18-LYD 20:    7082.68889542 in 0.5697 (sec).
 Self  A18-LYD 21:   56802.16928341 in 0.5439 (sec).
 Self  A18-LYD 22:    7868.04988500 in 0.5904 (sec).
 Self  A18-LYD 23:    2586.39393649 in 0.6512 (sec).
 Self  A18-LYD 24:    2278.24941325 in 0.6060 (sec).
 Self  A18-LYD 25:    8406.08429892 in 0.6108 (sec).
 Self  A18-LYD 26:     344.20530807 in 0.5695 (sec).
 Self  A18-LYD 27:     749.13309317 in 0.5340 (sec).
 Self  A18-LYD 28:     388.23382569 in 0.6080 (sec).
 Self  A18-LYS 29:      93.36411781 in 0.6448 (sec).
 Self  A18-LYS 30:   30582.61781085 in 0.6105 (sec).
 Self  A18-LYS 31:     809.47644712 in 0.6042 (sec).
 Self  A18-LYS 32:   26017.56633861 in 0.5660 (sec).
 Self  A18-LYS 33:      45.56106819 in 0.5633 (sec).
 Self  A18-LYS 34:      73.52295557 in 0.5586 (sec).
 Self  A18-LYS 35:   52070.01146529 in 0.5342 (sec).
 Self  A18-LYS 36:     106.61866067 in 0.5893 (sec).
 Self  A18-LYS 37:      -3.36070998 in 0.5933 (sec).
 Self  A18-LYS 38:      -6.09996075 in 0.5237 (sec).
 Self  A18-LYS 39:      -4.77079612 in 0.5676 (sec).
 Self  A18-LYS 40:      -8.76265546 in 0.5320 (sec).
 Self  A18-LYS 41:      -6.98981364 in 0.5306 (sec).
 Self  A18-LYS 42:    1742.23046977 in 0.5547 (sec).
 Self  A18-LYS 43:    6141.55532640 in 0.5180 (sec).
 Self  A18-LYS 44:     783.13158082 in 0.5713 (sec).
 Self  A18-LYS 45:    1371.52477804 in 0.5073 (sec).
 Self  A18-LYS 46:    1386.14019641 in 0.6156 (sec).
 Self  A18-LYS 47:    7027.97363239 in 0.6666 (sec).
 Self  A18-LYS 48:   57929.03304383 in 0.5888 (sec).
 Self  A18-LYS 49:   40108.37794152 in 0.5501 (sec).
 Self  A18-LYS 50:    2561.02848770 in 0.5215 (sec).
 Self  A18-LYS 51:    2234.96730274 in 0.6345 (sec).
 Self  A18-LYS 52:    8514.11956168 in 0.5556 (sec).
 Self  A18-LYS 53:     299.76758796 in 0.5033 (sec).
 Self  A18-LYS 54:     833.05349398 in 0.5395 (sec).
 Self  A18-LYS 55:     344.77199423 in 0.5333 (sec).
 Self  A19-ASP 0 :     -17.27233143 in 0.5177 (sec).
 Self  A19-ASH 1 :      10.08053211 in 0.5158 (sec).
 Self  A19-ASH 2 :     292.14019510 in 0.5464 (sec).
 Self  A19-ASH 3 :     283.04328068 in 0.4857 (sec).
 Self  A19-ASH 4 :     100.97735087 in 0.4885 (sec).
 Self  A19-ASH 5 :      33.69642090 in 0.5065 (sec).
 Self  A19-ASH 6 :       6.71146251 in 0.5166 (sec).
 Self  A19-ASH 7 :     279.41031298 in 0.5260 (sec).
 Self  A19-ASH 8 :     155.47831350 in 0.5010 (sec).
 Self  A19-ASH 9 :      36.00002707 in 0.5160 (sec).
 Self  A19-ASH 10:      29.68467533 in 0.5466 (sec).
 Self  A19-ASH 11:       9.64311532 in 0.4995 (sec).
 Self  A19-ASH 12:     261.88595530 in 0.5280 (sec).
 Self  A19-ASH 13:     177.25494347 in 0.5014 (sec).
 Self  A19-ASH 14:     199.51465982 in 0.5007 (sec).
 Self  A19-ASH 15:      52.94225206 in 0.4981 (sec).
 Self  A19-ASH 16:      16.36118633 in 0.5058 (sec).
 Self  A19-ASH 17:     511.89358507 in 0.5324 (sec).
 Self  A19-ASH 18:     313.63120924 in 0.5162 (sec).
 Self  A19-ASH 19:      66.25696554 in 0.5829 (sec).
 Self  A19-ASH 20:      35.07164500 in 0.5138 (sec).
 Self  A19-ASH 21:      30.23623866 in 0.4978 (sec).
 Self  A19-ASP 22:     304.77257198 in 0.5285 (sec).
 Self  A19-ASP 23:     150.23313765 in 0.5173 (sec).
 Self  A19-ASP 24:      14.65182153 in 0.5205 (sec).
 Self  A19-ASP 25:      13.37787280 in 0.5102 (sec).
 Self  A19-ASP 26:     -14.52582596 in 0.5108 (sec).
 Self  A22-GLU 0 :     -10.98198800 in 0.5330 (sec).
 Self  A22-GLH 1 :      13.60886118 in 0.4961 (sec).
 Self  A22-GLH 2 :      40.65671750 in 0.5126 (sec).
 Self  A22-GLH 3 :   36725.43535336 in 0.4706 (sec).
 Self  A22-GLH 4 :      91.80418794 in 0.5402 (sec).
 Self  A22-GLH 5 :       7.62567662 in 0.5755 (sec).
 Self  A22-GLH 6 :       9.81665339 in 0.5214 (sec).
 Self  A22-GLH 7 :    2998.87303516 in 0.5264 (sec).
 Self  A22-GLH 8 :      81.85049420 in 0.5125 (sec).
 Self  A22-GLH 9 :  265540.28906247 in 0.5545 (sec).
 Self  A22-GLH 10:      37.66854500 in 0.4904 (sec).
 Self  A22-GLH 11:    4351.72395530 in 0.5766 (sec).
 Self  A22-GLH 12:     254.80127032 in 0.4859 (sec).
 Self  A22-GLH 13:      10.54598934 in 0.5219 (sec).
 Self  A22-GLH 14:      15.68587710 in 0.4981 (sec).
 Self  A22-GLH 15:   12462.67065224 in 0.5338 (sec).
 Self  A22-GLH 16:      82.09934677 in 0.5607 (sec).
 Self  A22-GLH 17:  644057.53784927 in 0.5145 (sec).
 Self  A22-GLH 18:     118.02847130 in 0.5530 (sec).
 Self  A22-GLH 19:   36392.69200973 in 0.5625 (sec).
 Self  A22-GLH 20:      95.84050707 in 0.4876 (sec).
 Self  A22-GLH 21:      11.37491386 in 0.4917 (sec).
 Self  A22-GLH 22:      14.04439373 in 0.5091 (sec).
 Self  A22-GLH 23:    3060.11859012 in 0.5341 (sec).
 Self  A22-GLH 24:     110.82365220 in 0.5303 (sec).
 Self  A22-GLH 25:  258178.53541249 in 0.5178 (sec).
 Self  A22-GLH 26:      56.07140521 in 0.5201 (sec).
 Self  A22-GLH 27:    3999.74392071 in 0.5083 (sec).
 Self  A22-GLH 28:     217.93220007 in 0.4893 (sec).
 Self  A22-GLH 29:      28.09215599 in 0.5011 (sec).
 Self  A22-GLH 30:      45.18141821 in 0.5248 (sec).
 Self  A22-GLH 31:    6782.69219144 in 0.4988 (sec).
 Self  A22-GLH 32:     100.10198292 in 0.5045 (sec).
 Self  A22-GLH 33:  644061.36817728 in 0.4852 (sec).
 Self  A22-GLU 34:      19.94313864 in 0.5262 (sec).
 Self  A22-GLU 35:   39247.64552486 in 0.4951 (sec).
 Self  A22-GLU 36:      94.41382492 in 0.5217 (sec).
 Self  A22-GLU 37:     -10.95049231 in 0.5055 (sec).
 Self  A22-GLU 38:     -10.58201968 in 0.5025 (sec).
 Self  A22-GLU 39:    4001.66812376 in 0.5287 (sec).
 Self  A22-GLU 40:      62.00358457 in 0.5119 (sec).
 Self  A22-GLU 41:  378123.31081084 in 0.5228 (sec).
 Self  A23-LYS 0 :     -19.36861689 in 0.5618 (sec).
 Self  A23-LYD 1 :      33.47457865 in 0.4888 (sec).
 Self  A23-LYD 2 :     400.78796181 in 0.5144 (sec).
 Self  A23-LYD 3 :   24287.59109257 in 0.4887 (sec).
 Self  A23-LYD 4 :   28197.27443865 in 0.5051 (sec).
 Self  A23-LYD 5 :   27047.86447094 in 0.4874 (sec).
 Self  A23-LYD 6 :     258.63757445 in 0.4928 (sec).
 Self  A23-LYD 7 :      34.32535155 in 0.5020 (sec).
 Self  A23-LYD 8 :      34.65552114 in 0.5336 (sec).
 Self  A23-LYD 9 :      36.42003696 in 0.5273 (sec).
 Self  A23-LYD 10:      35.86821808 in 0.5142 (sec).
 Self  A23-LYD 11:      35.43770614 in 0.5531 (sec).
 Self  A23-LYD 12:      33.55923055 in 0.4790 (sec).
 Self  A23-LYD 13:      32.64691393 in 0.5477 (sec).
 Self  A23-LYD 14:      33.61344265 in 0.5038 (sec).
 Self  A23-LYD 15:      34.44218574 in 0.5739 (sec).
 Self  A23-LYD 16:      36.85745836 in 0.5044 (sec).
 Self  A23-LYD 17:     151.74412005 in 0.4872 (sec).
 Self  A23-LYD 18:      92.09255301 in 0.5006 (sec).
 Self  A23-LYD 19:      47.19281573 in 0.4685 (sec).
 Self  A23-LYD 20:      50.47781663 in 0.4885 (sec).
 Self  A23-LYD 21:      44.88276873 in 0.5444 (sec).
