 Evaluating /Dedicated/schnieders/programs/stack-2021.1.sh
  Loading Modules
   Stack 2021.1
   GCC 9.3.0
   CMake 3.20.0
   Eigen 3.3.9
   Cuda 11.1.1
   Cuda: /usr/share/apps/2021.1/arch/gcc-9.3.0/cuda-11.1.1
   CudaNN 8.0.5.39-11.1
   Swig 4.0.2_gcc-9.3.0
  Loading software from /Dedicated/schnieders/programs/local
   Ant: /Dedicated/schnieders/programs/apache-ant-1.10.11
   FFX: /Dedicated/schnieders/programs/ffx-builds/forcefieldx-2026-01-04
   GDMA: /Dedicated/schnieders/programs/gdma-2.3
   Groovy: /Dedicated/schnieders/programs/groovy-4.0.1
   Java: /Dedicated/schnieders/programs/jdk-25.0.1
   Maven: /Dedicated/schnieders/programs/apache-maven-3.9.5
   VMD: /Dedicated/schnieders/programs/vmd
   NAMD: /Dedicated/schnieders/programs/NAMD_3.0alpha7_Linux-x86_64-multicore-CUDA
   OpenEye: /Dedicated/schnieders/programs/OpenEye
   Tinker: /Dedicated/schnieders/programs/tinker-tools
=== Titration pH 3.94 started: Fri May  8 11:32:04 CDT 2026 ===
  Copy already exists, skipping.
  ManyBody output already exists, skipping.
WARNING: Using incubator modules: jdk.incubator.vector
 _________________________________________________________________________

        FORCE FIELD X - Polyglot Software for Molecular Biophysics 

        Version 1.0.0-6991  April 2026 
        Git Revision  937dfd3f3a84d0dc91f73b0419518078a8c41842 
 
        Please cite the following reference when using Force Field X:

        RA Gogal, AJ Nessler, AC Thiel, HV Bernabe, RA Corrigan Grove,
        LM Cousineau, JM Litman, JM Miller, G Qi, MJ Speranza,
        MR Tollefson, TD Fenn, JJ Michaelson, O Okada, JP Piquemal,
        JW Ponder, J Shen, RJH Smith, W Yang, P Ren and MJ Schnieders,
        2024, Journal of Chemical Physics, 161 (1).

        Copyright (c)  Michael J. Schnieders  2001-2026
        All Rights Reserved

        Force Field X is distributed under the GPL v. 3 license
        with linking exception and is hosted by the Schnieders Lab
        at The University of Iowa.

        User Manual:   https://ffx.biochem.uiowa.edu/manual.html
        Publications:  https://ffx.biochem.uiowa.edu/publications.html
        License:       https://ffx.biochem.uiowa.edu/licenses.html

 _________________________________________________________________________

 Fri May 08 11:32:06 CDT 2026
 Process ID 13593 on argon-itf-bx54-07.hpc.

 Command line arguments:
 [Minimize, -e, 0.1, /Dedicated/schnieders/maemmad/pKa_GNN/ffx_pipeline/data/fixed_pdbs/1SU9/1SU9_pH3.94.pdb_2, --saveInduced, --savePermanentMoments]

 Executing internal command: ffx.algorithms.commands.Minimize

 Initializing 1 topologies...
 Parsing: Internal force field (amoeba-bio-2018-cphmd).
 Parsing: Structure properties from (/Dedicated/schnieders/maemmad/pKa_GNN/ffx_pipeline/data/fixed_pdbs/1SU9/1SU9_input.properties).
 Parsing: JVM system properties (i.e. command line -Dkey=value pairs).

 Attempting to read force field patch from /Dedicated/schnieders/maemmad/pKa_GNN/naphosphate_solute.09Feb21.prm.

 Renumbering Patch: FALSE
 Reading 1SU9_pH3.94.pdb_2

 Assigning atom types for 2 chains.
 Amino acid chain A
 Amino acid chain B
 Constructing Force Field AMOEBA-BIO-2018-CPHMD

 SMP threads:                               112
 The system will be treated as aperiodic (max separation =   73.9 A).

 Bonded Terms
  Bonds:                                   4525
  Angles:                                  8183
  Stretch-Bends:                           7214
  Out-of-Plane Bends:                      2676
  Torsions:                               12018
  Pi-Orbital Torsions:                      534
  Torsion-Torsions:                          22

 Non-Bonded Terms

  Van der Waals
   Cut-Off:                                NONE
   Long-Range Correction:                 FALSE

 Electrostatics
   Polarization:                         MUTUAL
    SCF Convergence Criteria:         1.000e-06
    SCF Predictor:                         NONE
    SCF Algorithm:                           CG
    CG Preconditioner Cut-Off:            4.500
    CG Preconditioner Ewald Coeff.:       0.000
    CG Preconditioner Scale:              2.000
    CG Preconditioner Mode:     FLETCHER_REEVES
    Electrostatics Cut-Off:                NONE

  Continuum Solvation
   Radii:                                SOLUTE
   Generalized Kirkwood Cut-Off:           NONE
   GKC:                                  2.4550
   Solvent Dielectric:                  78.3000
   Solute Dielectric:                    1.0000
   Descreen with vdW Radii:                TRUE
   Descreen with Hydrogen Atoms:          FALSE
   Descreen Offset:                      0.0000
   General HCT Scale Factor:             0.7200
   Non-Polar Model:                  GAUSS-DISP
    GaussVol Radii Offset:               0.0000
    GaussVol Radii Scale:                1.0000
   Dispersion Integral Offset:           1.0560 (A)
   Cavitation Solvent Pressure:          0.0334 (Kcal/mol/A^3)
   Cavitation Surface Tension:           0.1030 (Kcal/mol/A^2)
   Cavitation Cross-Over Radius:         9.2515 (A)

  Overall system charge:                 21.000

 Opened 1SU9_pH3.94.pdb_2 in 4.437 sec.

 System Resources
  Total CPU time:          80.23 (sec)
  System load average:      5.18
  Open file handles:         146 of  81920 allowed
  System memory:           43455 MB free out of  44520 MB
  System swap space:        2053 MB free out of   2053 MB
  JVM memory:               3816 MB free out of   4096 MB

 Minimizing energy of Single Topology  [1SU9_pH3.94.pdb_2] 
 Setting lambda to 0.000.
 Generalized Kirkwood  -7203.12850846      3.909
 Cavitation             2815.24192749      2.283
 Dispersion            -1666.34613597      2.229

 Computed Potential Energy
  Bond Stretching            474.27710732         4525        0.010 ( 0.01689)
  Angle Bending             1006.63103185         8183        0.064 ( 2.82169)
  Stretch-Bend                -1.85160912         7214        0.026
  Out-of-Plane Bend           59.72606020         2676        0.002
  Torsional Angle            203.13260026        12018        0.006
  Pi-Orbital Torsion          84.29615288          534        0.077
  Torsion-Torsion           -106.65687894           22        0.013
  Van der Waals              791.43978965      9979977       10.005
  Atomic Multipoles        -3975.38486322      9979977
  Polarization             -1315.10605242      9979977       49.798
  Solvation                -6054.23271694      9997156
  Total Potential          -8833.72937849  (Kcal/mole)       60.005 (sec)

 Limited Memory BFGS Quasi-Newton Optimization: 

 Cycle       Energy      G RMS    Delta E   Delta X    Angle  Evals     Time

     0   -8833.7294     8.4797
     1   -8977.2170     4.3062   143.4876    0.0036     0.00      2   28.903
     2   -9019.0603     2.2815    41.8433    0.0010    10.18      3   24.894
     3   -9055.3239     1.7134    36.2636    0.0017    12.93      4   24.887
     4   -9088.6400     1.8044    33.3161    0.0024    36.62      5   26.296
     5   -9126.1068     1.8718    37.4668    0.0036    53.31      6   26.315
     6   -9153.0788     1.5873    26.9720    0.0036    62.03      7   26.598
     7   -9173.1842     1.0038    20.1054    0.0036    66.95      8   26.134
     8   -9186.0746     1.4029    12.8904    0.0036    61.79      9   27.464
     9   -9198.5129     1.2609    12.4383    0.0027    68.76     10   26.323
    10   -9212.6943     1.0560    14.1814    0.0032    66.63     11   25.108
    11   -9224.7464     1.3149    12.0521    0.0036    62.67     12   25.545
    12   -9235.6878     0.9095    10.9414    0.0020    63.70     13   26.513
    13   -9246.5513     0.9768    10.8635    0.0025    59.63     14   27.110
    14   -9256.7530     1.3130    10.2017    0.0036    69.81     15   26.385
    15   -9266.9801     0.9709    10.2271    0.0036    76.97     16   24.934
    16   -9276.8939     0.8530     9.9138    0.0036    74.04     17   26.901
    17   -9286.0227     0.9250     9.1289    0.0036    72.76     18   24.911
    18   -9294.8242     0.8097     8.8015    0.0036    75.59     19   26.162
    19   -9302.9508     0.8731     8.1266    0.0036    74.58     20   26.230
    20   -9310.9897     0.7897     8.0388    0.0036    76.43     21   23.674
    21   -9318.8379     0.7313     7.8483    0.0036    75.46     22   24.224
    22   -9326.7213     0.7697     7.8834    0.0036    73.41     23   23.994
    23   -9334.2445     0.6735     7.5232    0.0036    75.41     24   26.003
    24   -9341.1448     0.7618     6.9003    0.0036    73.77     25   22.907
    25   -9348.4012     0.6806     7.2564    0.0036    75.63     26   22.456
    26   -9355.5484     0.7873     7.1472    0.0036    73.80     27   24.806
    27   -9363.2292     0.7341     7.6808    0.0036    75.33     28   26.337
    28   -9370.9983     0.8306     7.7690    0.0036    73.24     29   23.697
    29   -9379.2073     0.7085     8.2091    0.0036    74.64     30   21.666
    30   -9386.7634     0.9366     7.5561    0.0036    70.76     31   25.839
    31   -9394.3590     0.6693     7.5956    0.0036    75.23     32   22.360
    32   -9400.6827     0.8234     6.3236    0.0028    65.53     33   27.821
    33   -9406.4768     0.9840     5.7942    0.0028    66.78     34   27.008
    34   -9411.9331     0.5826     5.4562    0.0011    60.23     35   26.493
    35   -9417.8984     0.5699     5.9653    0.0018    49.18     36   29.208
    36   -9422.4153     1.0485     4.5169    0.0034    68.81     37   31.200
    37   -9428.0496     0.7037     5.6343    0.0034    81.22     38   27.391
    38   -9432.9324     0.5572     4.8828    0.0036    79.60     39   27.110
    39   -9437.1765     0.6335     4.2441    0.0036    78.57     40   25.994
    40   -9441.3057     0.5684     4.1292    0.0036    80.12     41   24.208
    41   -9445.3356     0.5303     4.0299    0.0036    79.83     42   22.583
    42   -9449.1753     0.6927     3.8397    0.0036    78.76     43   23.402
    43   -9453.3894     0.5801     4.2141    0.0036    81.46     44   23.193
    44   -9457.7379     0.7637     4.3485    0.0036    78.10     45   23.079
    45   -9462.2861     0.6042     4.5482    0.0036    81.49     46   24.116
    46   -9466.8202     0.6109     4.5340    0.0036    78.89     47   22.802
    47   -9471.5172     0.5076     4.6970    0.0036    78.57     48   24.598
    48   -9476.3429     0.5476     4.8257    0.0036    75.55     49   24.404
    49   -9480.5801     0.6073     4.2372    0.0036    77.12     50   24.118
    50   -9485.3492     0.5496     4.7692    0.0036    76.95     51   21.786
    51   -9489.2680     0.8274     3.9187    0.0036    74.37     52   22.910
    52   -9494.1289     0.5635     4.8609    0.0024    72.86     53   22.515
    53   -9497.6811     0.6080     3.5522    0.0018    63.47     54   23.552
    54   -9500.8349     0.4175     3.1539    0.0019    71.11     55   23.922
    55   -9503.7309     0.5274     2.8960    0.0013    52.67     56   23.522
    56   -9507.7517     0.4633     4.0208    0.0028    72.97     57   25.103
    57   -9511.1090     0.5471     3.3573    0.0036    77.68     58   23.884
    58   -9514.0335     0.4851     2.9245    0.0036    81.43     59   22.324
    59   -9516.8692     0.4579     2.8357    0.0036    80.91     60   24.474
    60   -9519.7577     0.4584     2.8885    0.0036    80.19     61   22.812
    61   -9522.7672     0.4316     3.0095    0.0036    79.94     62   22.002
    62   -9525.6922     0.4544     2.9250    0.0036    79.20     63   23.199
    63   -9528.6460     0.4299     2.9538    0.0036    79.67     64   19.999
    64   -9531.4865     0.4737     2.8404    0.0036    79.04     65   24.871
    65   -9534.6592     0.4831     3.1727    0.0036    78.54     66   23.696
    66   -9537.8079     0.5946     3.1487    0.0036    77.52     67   21.697
    67   -9541.5679     0.5299     3.7601    0.0030    75.44     68   23.395
    68   -9544.8598     0.6445     3.2919    0.0021    66.80     69   23.831
    69   -9548.0412     0.4858     3.1813    0.0014    66.05     70   25.492
    70   -9550.9399     0.4248     2.8987    0.0016    65.99     71   21.921
    71   -9553.7779     0.6217     2.8380    0.0036    75.93     72   24.592
    72   -9556.2647     0.4379     2.4868    0.0036    83.01     73   24.191
    73   -9558.4729     0.4021     2.2082    0.0036    82.00     74   22.884
    74   -9560.6101     0.5179     2.1372    0.0036    80.87     75   23.303
    75   -9562.9868     0.3974     2.3766    0.0036    82.88     76   22.031
    76   -9565.4320     0.4324     2.4452    0.0036    80.00     77   23.162
    77   -9568.0421     0.3762     2.6102    0.0036    80.21     78   22.752
    78   -9570.6672     0.4271     2.6251    0.0036    78.03     79   24.655
    79   -9573.3489     0.5474     2.6818    0.0036    76.43     80   23.317
    80   -9575.7223     0.6127     2.3733    0.0024    76.11     81   22.522
    81   -9578.4113     0.4527     2.6890    0.0012    68.52     82   22.197
    82   -9581.3976     0.5132     2.9863    0.0019    62.99     83   24.792
    83   -9582.9173     0.7496     1.5197    0.0022    72.99     84   22.181
    84   -9584.7033     0.4318     1.7860    0.0011    78.57     85   23.295
    85   -9586.9878     0.3626     2.2845    0.0035    79.98     86   22.930
    86   -9588.5883     0.4229     1.6005    0.0027    80.86     87   23.874
    87   -9590.6871     0.4605     2.0988    0.0036    81.63     88   24.420
    88   -9593.0675     0.3525     2.3804    0.0036    81.97     89   22.605
    89   -9595.2726     0.4900     2.2051    0.0036    78.76     90   23.502
    90   -9597.4770     0.3822     2.2044    0.0036    81.98     91   23.304
    91   -9599.5151     0.4392     2.0381    0.0029    78.05     92   25.500
    92   -9601.7936     0.5293     2.2785    0.0028    75.74     93   22.385
    93   -9604.0747     0.4297     2.2811    0.0014    69.43     94   22.578
    94   -9606.3041     0.4257     2.2294    0.0013    63.27     95   21.422
    95   -9608.2429     0.5853     1.9388    0.0022    73.20     96   23.501
    96   -9610.2552     0.3965     2.0123    0.0025    81.27     97   23.099
    97   -9612.0307     0.3526     1.7756    0.0032    80.80     98   23.693
    98   -9613.3832     0.5102     1.3525    0.0031    80.27     99   23.110
    99   -9614.9934     0.3131     1.6102    0.0022    81.36    100   23.393
   100   -9616.8562     0.3217     1.8628    0.0022    72.71    101   23.877
   101   -9618.1537     0.6246     1.2975    0.0026    74.33    102   25.935
   102   -9619.6380     0.3685     1.4843    0.0014    78.77    103   21.889
   103   -9620.8282     0.3233     1.1903    0.0009    70.16    104   21.281
   104   -9622.3521     0.3984     1.5238    0.0023    76.09    105   21.797
   105   -9622.9041     0.8568     0.5520    0.0034    80.23    106   22.441
   106   -9623.8401     0.5908     0.9360    0.0002    50.28    107   22.772
   107   -9625.2455     0.2843     1.4054    0.0009    74.23    108   22.009
   108   -9626.4834     0.3717     1.2379    0.0019    75.42    109   24.280
   109   -9627.7165     0.4463     1.2332    0.0022    81.98    110   23.134
   110   -9629.7261     0.5170     2.0096    0.0031    82.35    111   20.402
   111   -9631.5446     0.6152     1.8184    0.0036    82.88    112   23.987
   112   -9633.3531     0.3692     1.8085    0.0036    84.91    113   22.711
   113   -9634.6612     0.3160     1.3081    0.0025    81.33    114   22.903
   114   -9635.9912     0.4522     1.3300    0.0028    79.04    115   22.984
   115   -9637.3432     0.3958     1.3520    0.0017    79.58    116   23.811
   116   -9639.0399     0.3957     1.6967    0.0019    74.35    117   21.694
   117   -9640.4585     0.5171     1.4186    0.0018    72.40    118   23.180
   118   -9641.7498     0.3714     1.2913    0.0010    75.45    119   25.218
   119   -9643.1154     0.3048     1.3656    0.0014    72.21    120   22.267
   120   -9644.1343     0.4278     1.0189    0.0021    78.71    121   23.302
   121   -9645.3898     0.2924     1.2555    0.0026    82.39    122   23.690
   122   -9646.3974     0.2967     1.0076    0.0018    78.20    123   23.802
   123   -9647.5411     0.3894     1.1436    0.0024    77.91    124   22.009
   124   -9648.7036     0.3774     1.1625    0.0018    78.84    125   23.931
   125   -9650.1128     0.3153     1.4093    0.0018    77.53    126   23.810
   126   -9651.5092     0.4602     1.3964    0.0027    75.86    127   24.261
   127   -9652.3341     0.5521     0.8249    0.0025    80.85    128   22.934
   128   -9653.2300     0.3027     0.8959    0.0005    73.00    129   23.996
   129   -9654.3542     0.2584     1.1242    0.0009    62.39    130   21.105
   130   -9655.1628     0.3164     0.8086    0.0016    79.18    131   22.196
   131   -9656.2887     0.4499     1.1259    0.0020    79.14    132   24.695
   132   -9657.7315     0.3455     1.4429    0.0034    83.74    133   23.777
   133   -9658.7452     0.3413     1.0137    0.0030    82.55    134   23.017
   134   -9659.7413     0.2814     0.9961    0.0013    74.58    135   23.189
   135   -9660.6952     0.2997     0.9539    0.0008    62.33    136   23.708
   136   -9661.6224     0.4317     0.9272    0.0013    68.33    137   33.673
   137   -9662.5437     0.2608     0.9213    0.0012    77.89    138   41.709
   138   -9663.2384     0.2392     0.6947    0.0011    74.71    139   39.011
   139   -9664.0033     0.3740     0.7649    0.0019    77.33    140   35.184
   140   -9664.8229     0.2939     0.8196    0.0017    80.70    141   33.498
   141   -9665.5235     0.2531     0.7007    0.0010    75.86    142   37.999
   142   -9666.3805     0.2865     0.8570    0.0015    73.78    143   40.501
   143   -9667.1620     0.4460     0.7815    0.0020    78.04    144   31.212
   144   -9668.0116     0.2974     0.8496    0.0009    79.21    145   39.207
   145   -9669.1596     0.2189     1.1480    0.0019    76.73    146   37.286
   146   -9669.8946     0.3886     0.7350    0.0021    78.03    147   33.104
   147   -9670.6685     0.2999     0.7739    0.0017    82.74    148   36.899
   148   -9671.5725     0.2560     0.9040    0.0017    79.37    149   40.898
   149   -9672.4311     0.3964     0.8586    0.0022    76.63    150   39.905
   150   -9673.1686     0.2962     0.7375    0.0012    78.43    151   37.101
   151   -9673.7693     0.2486     0.6007    0.0007    73.06    152   41.196
   152   -9674.5687     0.2680     0.7994    0.0016    77.31    153   40.104
   153   -9675.0004     0.5379     0.4317    0.0030    81.43    154   37.585
   154   -9675.6359     0.2692     0.6355    0.0003    62.09    155   35.613
   155   -9676.2504     0.2167     0.6145    0.0010    75.59    156   31.196
   156   -9676.8120     0.2703     0.5616    0.0016    80.94    157   41.193
   157   -9677.6679     0.3416     0.8559    0.0024    82.51    158   36.805
   158   -9678.5506     0.3674     0.8827    0.0036    84.54    159   39.500
   159   -9679.3872     0.2462     0.8366    0.0026    83.89    160   42.701
   160   -9680.0335     0.2559     0.6463    0.0009    73.31    161   37.603
   161   -9680.8889     0.3087     0.8554    0.0013    73.41    162   38.796
   162   -9681.7501     0.3834     0.8613    0.0020    78.83    163   38.898
   163   -9682.4923     0.2571     0.7421    0.0016    81.20    164   37.517
   164   -9683.0561     0.2179     0.5638    0.0011    78.43    165   42.885
   165   -9683.7500     0.2901     0.6939    0.0017    77.24    166   38.904
   166   -9684.4136     0.3434     0.6637    0.0026    82.22    167   35.396
   167   -9684.9750     0.2217     0.5614    0.0009    79.07    168   35.113
   168   -9685.5926     0.2136     0.6176    0.0013    75.41    169   37.291
   169   -9686.1624     0.2786     0.5697    0.0015    79.38    170   38.894
   170   -9686.9485     0.2271     0.7861    0.0021    81.66    171   37.005
   171   -9687.3923     0.4904     0.4438    0.0025    78.80    172   40.991
   172   -9687.9965     0.2268     0.6042    0.0004    71.16    173   36.119
   173   -9688.4054     0.1918     0.4089    0.0003    52.86    174   39.692
   174   -9688.9227     0.2357     0.5173    0.0009    73.53    175   38.889
   175   -9689.6410     0.3060     0.7183    0.0019    80.22    176   36.809
   176   -9690.2501     0.3529     0.6091    0.0029    83.17    177   37.798
   177   -9690.7992     0.1852     0.5491    0.0010    80.25    178   34.397
   178   -9691.2102     0.2070     0.4109    0.0008    72.96    179   41.707
   179   -9691.6576     0.2465     0.4474    0.0012    79.58    180   39.700
   180   -9692.1431     0.3201     0.4855    0.0019    81.65    181   38.089
   181   -9692.6828     0.1994     0.5397    0.0016    83.62    182   36.617
   182   -9693.1840     0.2035     0.5012    0.0015    79.82    183   42.093
   183   -9693.7177     0.3358     0.5338    0.0021    80.06    184   33.090
   184   -9694.3044     0.2262     0.5867    0.0016    82.82    185   37.313
   185   -9694.8433     0.2015     0.5389    0.0013    78.71    186   35.498
   186   -9695.3202     0.2999     0.4770    0.0017    78.98    187   37.601
   187   -9695.8048     0.2260     0.4846    0.0013    82.07    188   40.094
   188   -9696.3432     0.2065     0.5384    0.0014    80.21    189   38.107
   189   -9696.8865     0.3130     0.5433    0.0024    81.25    190   39.307
   190   -9697.3457     0.2874     0.4593    0.0021    83.74    191   33.695
   191   -9697.7270     0.2044     0.3812    0.0003    68.98    192   40.287
   192   -9698.2695     0.1664     0.5425    0.0012    76.27    193   38.910
   193   -9698.7058     0.3326     0.4362    0.0023    80.48    194   34.489
   194   -9699.1499     0.2233     0.4442    0.0015    84.25    195   37.501
   195   -9699.6554     0.1963     0.5055    0.0015    81.36    196   41.207
   196   -9700.2600     0.2945     0.6046    0.0023    80.28    197   38.313
   197   -9700.7339     0.3111     0.4739    0.0027    84.19    198   36.791
   198   -9701.1818     0.2033     0.4479    0.0004    71.47    199   36.700
   199   -9701.7719     0.1716     0.5902    0.0010    70.13    200   40.699
   200   -9702.1871     0.2733     0.4151    0.0016    79.44    201   37.188
   201   -9702.7163     0.2133     0.5292    0.0019    83.30    202   39.711
   202   -9703.2470     0.2333     0.5307    0.0018    80.67    203   34.216
   203   -9703.7688     0.2275     0.5218    0.0016    79.10    204   41.387
   204   -9704.1878     0.2106     0.4190    0.0007    74.16    205   40.995
   205   -9704.7319     0.1945     0.5441    0.0011    74.52    206   34.189
   206   -9705.1926     0.3318     0.4607    0.0019    78.34    207   41.103
   207   -9705.6441     0.2078     0.4515    0.0014    83.28    208   37.700
   208   -9706.0126     0.1859     0.3685    0.0007    76.22    209   38.898
   209   -9706.5139     0.2270     0.5013    0.0015    78.39    210   37.203
   210   -9706.8128     0.4324     0.2988    0.0021    81.08    211   34.797
   211   -9707.2620     0.2188     0.4492    0.0003    72.28    212   38.721
   212   -9707.6614     0.1568     0.3994    0.0007    71.61    213   36.787
   213   -9707.9276     0.1669     0.2663    0.0007    77.55    214   40.189
   214   -9708.2931     0.2548     0.3655    0.0011    78.01    215   38.523
   215   -9708.7776     0.1832     0.4845    0.0018    83.07    216   40.691
   216   -9709.1018     0.2847     0.3241    0.0014    78.78    217   35.002
   217   -9709.4949     0.1804     0.3931    0.0008    79.36    218   37.601
   218   -9709.9173     0.1723     0.4223    0.0007    68.57    219   35.107
   219   -9710.1943     0.3224     0.2770    0.0011    74.93    220   34.776
   220   -9710.5036     0.1475     0.3093    0.0006    78.18    221   39.417
   221   -9710.6885     0.1319     0.1849    0.0004    70.16    222   37.486
   222   -9710.9568     0.1643     0.2683    0.0009    76.14    223   35.520
   223   -9711.2210     0.3009     0.2642    0.0012    78.57    224   36.302
   224   -9711.5785     0.1811     0.3575    0.0011    83.83    225   38.775
   225   -9711.9402     0.1441     0.3617    0.0013    79.84    226   37.000
   226   -9712.1802     0.2405     0.2400    0.0011    77.83    227   41.916
   227   -9712.4417     0.1645     0.2615    0.0007    80.65    228   35.686
   228   -9712.7780     0.1529     0.3363    0.0009    77.00    229   38.511
   229   -9713.1035     0.2428     0.3255    0.0014    78.60    230   35.500
   230   -9713.4378     0.2140     0.3342    0.0016    83.39    231   36.604
   231   -9713.7279     0.1608     0.2901    0.0008    80.91    232   38.990
   232   -9714.0780     0.1835     0.3501    0.0015    79.44    233   38.099
   233   -9714.3425     0.2034     0.2645    0.0015    82.45    234   38.319
   234   -9714.5891     0.1705     0.2466    0.0010    83.59    235   36.880
   235   -9714.9412     0.1563     0.3520    0.0017    82.49    236   36.416
   236   -9715.2712     0.2595     0.3301    0.0024    82.07    237   38.084
   237   -9715.5386     0.1702     0.2674    0.0007    80.98    238   36.303
   238   -9715.8541     0.1541     0.3155    0.0008    76.06    239   39.103
   239   -9716.1890     0.2125     0.3348    0.0013    78.82    240   38.211
   240   -9716.3374     0.3608     0.1484    0.0020    83.29    241   34.784
   241   -9716.5758     0.2147     0.2384    0.0001    47.40    242   39.299
   242   -9716.8994     0.1299     0.3236    0.0006    72.52    243   36.798
   243   -9717.1224     0.1654     0.2230    0.0010    80.12    244   41.409
   244   -9717.4652     0.1866     0.3428    0.0017    83.38    245   38.009
   245   -9717.5855     0.4266     0.1202    0.0027    84.28    246   36.181
   246   -9717.7930     0.3117     0.2075    0.0003    81.53    247   39.298
   247   -9718.0975     0.1397     0.3045    0.0006    79.71    248   39.015
   248   -9718.3114     0.1486     0.2139    0.0008    77.74    249   35.389
   249   -9718.5272     0.2022     0.2157    0.0009    81.68    250   41.207
   250   -9718.8771     0.2191     0.3500    0.0015    84.02    251   40.904
   251   -9719.0613     0.4862     0.1842    0.0021    83.63    252   39.101
   252   -9719.3684     0.3406     0.3071    0.0007    85.51    253   42.895
   253   -9719.7750     0.1320     0.4066    0.0013    83.85    254   35.794
   254   -9719.9676     0.1482     0.1926    0.0007    78.96    255   37.107
   255   -9720.2540     0.1943     0.2864    0.0011    80.03    256   35.395
   256   -9720.6842     0.2064     0.4302    0.0018    82.83    257   41.998
   257   -9720.8108     0.4741     0.1266    0.0022    81.98    258   34.413
   258   -9721.0332     0.3545     0.2225    0.0002    75.37    259   35.599
   259   -9721.3649     0.1598     0.3317    0.0003    71.64    260   36.707
   260   -9721.5696     0.1446     0.2047    0.0005    71.88    261   33.387
   261   -9721.7136     0.1789     0.1440    0.0005    79.00    262   40.802
   262   -9721.9656     0.1984     0.2519    0.0008    81.09    263   36.901
   263   -9722.2707     0.3055     0.3052    0.0014    82.17    264   37.801
   264   -9722.7042     0.2031     0.4335    0.0018    85.24    265   34.893
   265   -9723.0620     0.1523     0.3578    0.0017    83.74    266   40.296
   266   -9723.3872     0.2488     0.3253    0.0022    81.30    267   37.800
   267   -9723.7093     0.1901     0.3220    0.0008    79.35    268   39.605
   268   -9724.0095     0.1611     0.3002    0.0005    71.13    269   35.707
   269   -9724.3317     0.2137     0.3223    0.0009    74.65    270   34.704
   270   -9724.6948     0.1950     0.3631    0.0015    81.59    271   35.480
   271   -9724.9958     0.1780     0.3011    0.0014    83.02    272   39.401
   272   -9725.2925     0.1569     0.2966    0.0015    81.85    273   40.814
   273   -9725.5681     0.1650     0.2756    0.0011    80.88    274   35.494
   274   -9725.9461     0.1696     0.3780    0.0017    81.77    275   34.503
   275   -9726.3261     0.2001     0.3800    0.0024    82.52    276   35.427
   276   -9726.6014     0.1986     0.2753    0.0010    80.73    277   34.971
   277   -9726.9235     0.1532     0.3221    0.0008    78.23    278   35.000
   278   -9727.2852     0.1822     0.3617    0.0014    78.57    279   32.715
   279   -9727.4996     0.3023     0.2144    0.0021    82.52    280   38.079
   280   -9727.7904     0.1551     0.2908    0.0004    75.94    281   37.427
   281   -9728.0325     0.1318     0.2420    0.0009    79.08    282   38.273
   282   -9728.2718     0.1566     0.2393    0.0012    81.79    283   39.595
   283   -9728.5397     0.2344     0.2679    0.0018    82.58    284   42.610
   284   -9728.8833     0.1424     0.3436    0.0018    84.84    285   36.393
   285   -9729.1608     0.1514     0.2775    0.0015    81.70    286   36.311
   286   -9729.4169     0.2473     0.2561    0.0017    80.71    287   37.811
   287   -9729.7134     0.1585     0.2965    0.0006    77.53    288   42.292
   288   -9730.0649     0.1588     0.3515    0.0008    72.24    289   37.993
   289   -9730.3448     0.2263     0.2799    0.0012    80.27    290   36.894
   290   -9730.6752     0.1752     0.3305    0.0016    83.52    291   36.917
   291   -9730.9619     0.1500     0.2867    0.0012    81.94    292   34.896
   292   -9731.2800     0.1886     0.3180    0.0017    80.33    293   40.388
   293   -9731.5328     0.2019     0.2529    0.0011    80.87    294   38.208
   294   -9731.8053     0.1678     0.2724    0.0007    80.27    295   37.598
   295   -9732.1799     0.1678     0.3746    0.0014    79.71    296   38.702
   296   -9732.4221     0.3211     0.2422    0.0025    82.49    297   37.801
   297   -9732.6878     0.1577     0.2657    0.0001    51.44    298   41.899
   298   -9732.9323     0.1455     0.2445    0.0005    71.64    299   40.593
   299   -9733.2044     0.1907     0.2721    0.0012    80.70    300   40.099
   300   -9733.5236     0.2626     0.3191    0.0017    83.54    301   37.596
   301   -9733.8929     0.1889     0.3693    0.0025    85.83    302   40.911
   302   -9734.1891     0.1404     0.2962    0.0011    81.29    303   36.604
   303   -9734.5211     0.1746     0.3320    0.0011    74.31    304   35.189
   304   -9734.7871     0.2724     0.2660    0.0011    78.23    305   38.807
   305   -9735.0722     0.1811     0.2851    0.0006    80.42    306   35.712
   306   -9735.3923     0.1444     0.3201    0.0011    78.97    307   34.900
   307   -9735.5931     0.1738     0.2008    0.0007    78.10    308   37.685
   308   -9735.8935     0.1604     0.3004    0.0011    80.97    309   33.946
   309   -9736.2013     0.2641     0.3078    0.0015    79.52    310   25.806
   310   -9736.5077     0.1483     0.3063    0.0010    81.37    311   26.121
   311   -9736.7085     0.1374     0.2009    0.0003    66.00    312   20.936
   312   -9736.9994     0.1614     0.2909    0.0007    70.85    313   19.596
   313   -9737.2748     0.2768     0.2754    0.0014    79.06    314   20.942
   314   -9737.5620     0.1586     0.2872    0.0009    82.77    315   21.519
   315   -9737.7964     0.1369     0.2344    0.0008    79.50    316   20.591
   316   -9738.0492     0.1919     0.2528    0.0012    79.72    317   19.756
   317   -9738.2915     0.1984     0.2423    0.0015    82.45    318   19.557
   318   -9738.5166     0.1326     0.2251    0.0005    77.38    319   20.806
   319   -9738.7968     0.1392     0.2802    0.0009    72.90    320   20.328
   320   -9738.9940     0.2368     0.1972    0.0011    79.19    321   21.060
   321   -9739.2422     0.1650     0.2481    0.0008    82.68    322   20.552
   322   -9739.5836     0.1288     0.3415    0.0013    80.04    323   21.621
   323   -9739.7795     0.2466     0.1959    0.0014    78.67    324   19.954
   324   -9739.9746     0.1532     0.1951    0.0004    78.67    325   21.054
   325   -9740.2476     0.1589     0.2730    0.0006    73.97    326   20.333
   326   -9740.5529     0.1877     0.3053    0.0011    79.16    327   20.467
   327   -9740.7735     0.3498     0.2206    0.0016    81.78    328   19.722
   328   -9741.0926     0.1720     0.3191    0.0006    80.27    329   20.904
   329   -9741.3569     0.1190     0.2643    0.0005    69.85    330   19.362
   330   -9741.5321     0.1497     0.1752    0.0006    75.23    331   22.625
   331   -9741.7310     0.2313     0.1989    0.0009    78.95    332   22.490
   332   -9742.0049     0.1496     0.2739    0.0010    82.88    333   22.083
   333   -9742.2819     0.1335     0.2771    0.0009    78.08    334   23.708
   334   -9742.5082     0.2875     0.2263    0.0013    76.65    335   22.299
   335   -9742.7648     0.1489     0.2566    0.0005    77.40    336   20.718
   336   -9742.9328     0.1284     0.1680    0.0003    67.72    337   21.988
   337   -9743.1636     0.1496     0.2308    0.0007    74.60    338   25.154
   338   -9743.3195     0.3087     0.1559    0.0013    80.09    339   24.145
   339   -9743.5541     0.1633     0.2345    0.0004    80.22    340   24.195
   340   -9743.7809     0.1132     0.2268    0.0008    78.70    341   31.676
   341   -9743.9345     0.1292     0.1536    0.0007    79.50    342   30.810
   342   -9744.1402     0.1985     0.2057    0.0011    80.50    343   33.370
   343   -9744.3958     0.1428     0.2556    0.0015    84.15    344   30.235
   344   -9744.5737     0.1687     0.1779    0.0008    79.15    345   30.972
   345   -9744.7913     0.1346     0.2176    0.0006    77.26    346   30.492
   346   -9745.0501     0.1470     0.2588    0.0007    74.45    347   30.205
   347   -9745.2022     0.3045     0.1521    0.0014    79.04    348   29.821
   348   -9745.4110     0.1375     0.2089    0.0004    78.02    349   33.611
   349   -9745.5281     0.0975     0.1170    0.0003    69.01    350   30.977

 Optimization achieved convergence criteria:  0.09748
 Generalized Kirkwood  -7138.43617784      2.385
 Cavitation             2864.95357944      1.096
 Dispersion            -1875.25968811      1.397

 Computed Potential Energy
  Bond Stretching            404.02736010         4525        0.008 ( 0.01628)
  Angle Bending              888.47532193         8183        0.001 ( 2.66553)
  Stretch-Bend                 4.37277240         7214        0.001
  Out-of-Plane Bend           43.88099705         2676        0.000
  Torsional Angle            129.48198698        12018        0.001
  Pi-Orbital Torsion          42.45593420          534        0.001
  Torsion-Torsion           -108.46736003           22        0.000
  Van der Waals              513.53775547      9979977        0.096
  Atomic Multipoles        -4284.09043390      9979977
  Polarization             -1230.46010548      9979977       23.491
  Solvation                -6148.74228651      9997156
  Total Potential          -9745.52805779  (Kcal/mole)       23.607 (sec)
 Setting atom names to PDB standard.
 Saving 1SU9_pH3.94.pdb_3
 Wrote induced dipoles to: /Dedicated/schnieders/maemmad/pKa_GNN/ffx_pipeline/data/fixed_pdbs/1SU9/1SU9_pH3.94.uind
 Wrote permanent multipoles to: /Dedicated/schnieders/maemmad/pKa_GNN/ffx_pipeline/data/fixed_pdbs/1SU9/1SU9_pH3.94.uperm

 Script wall clock time: 10892.167 (sec)
=== Titration pH 3.94 done: Fri May  8 14:33:40 CDT 2026 ===
