 Evaluating /Dedicated/schnieders/programs/stack-2021.1.sh
  Loading Modules
   Stack 2021.1
   GCC 9.3.0
   CMake 3.20.0
   Eigen 3.3.9
   Cuda 11.1.1
   Cuda: /usr/share/apps/2021.1/arch/gcc-9.3.0/cuda-11.1.1
   CudaNN 8.0.5.39-11.1
   Swig 4.0.2_gcc-9.3.0
  Loading software from /Dedicated/schnieders/programs/local
   Ant: /Dedicated/schnieders/programs/apache-ant-1.10.11
   FFX: /Dedicated/schnieders/programs/ffx-builds/forcefieldx-2026-01-04
   GDMA: /Dedicated/schnieders/programs/gdma-2.3
   Groovy: /Dedicated/schnieders/programs/groovy-4.0.1
   Java: /Dedicated/schnieders/programs/jdk-25.0.1
   Maven: /Dedicated/schnieders/programs/apache-maven-3.9.5
   VMD: /Dedicated/schnieders/programs/vmd
   NAMD: /Dedicated/schnieders/programs/NAMD_3.0alpha7_Linux-x86_64-multicore-CUDA
   OpenEye: /Dedicated/schnieders/programs/OpenEye
   Tinker: /Dedicated/schnieders/programs/tinker-tools
=== Titration pH 3.94 started: Thu May  7 15:25:17 CDT 2026 ===
  Copy already exists, skipping.
  ManyBody output already exists, skipping.
WARNING: Using incubator modules: jdk.incubator.vector
 _________________________________________________________________________

        FORCE FIELD X - Polyglot Software for Molecular Biophysics 

        Version 1.0.0-6991  April 2026 
        Git Revision  937dfd3f3a84d0dc91f73b0419518078a8c41842 
 
        Please cite the following reference when using Force Field X:

        RA Gogal, AJ Nessler, AC Thiel, HV Bernabe, RA Corrigan Grove,
        LM Cousineau, JM Litman, JM Miller, G Qi, MJ Speranza,
        MR Tollefson, TD Fenn, JJ Michaelson, O Okada, JP Piquemal,
        JW Ponder, J Shen, RJH Smith, W Yang, P Ren and MJ Schnieders,
        2024, Journal of Chemical Physics, 161 (1).

        Copyright (c)  Michael J. Schnieders  2001-2026
        All Rights Reserved

        Force Field X is distributed under the GPL v. 3 license
        with linking exception and is hosted by the Schnieders Lab
        at The University of Iowa.

        User Manual:   https://ffx.biochem.uiowa.edu/manual.html
        Publications:  https://ffx.biochem.uiowa.edu/publications.html
        License:       https://ffx.biochem.uiowa.edu/licenses.html

 _________________________________________________________________________

 Thu May 07 15:25:18 CDT 2026
 Process ID 27367 on argon-itf-bx54-13.hpc.

 Command line arguments:
 [Minimize, -e, 0.1, /Dedicated/schnieders/maemmad/pKa_GNN/ffx_pipeline/data/fixed_pdbs/1PPO/1PPO_pH3.94.pdb_2, --saveInduced, --savePermanentMoments]

 Executing internal command: ffx.algorithms.commands.Minimize

 Initializing 1 topologies...
 Parsing: Internal force field (amoeba-bio-2018-cphmd).
 Parsing: Structure properties from (/Dedicated/schnieders/maemmad/pKa_GNN/ffx_pipeline/data/fixed_pdbs/1PPO/1PPO_input.properties).
 Parsing: JVM system properties (i.e. command line -Dkey=value pairs).

 Attempting to read force field patch from /Dedicated/schnieders/maemmad/pKa_GNN/naphosphate_solute.09Feb21.prm.

 Renumbering Patch: FALSE
 Reading 1PPO_pH3.94.pdb_2

 Assigning atom types for 1 chains.
 Amino acid chain A
 Constructing Force Field AMOEBA-BIO-2018-CPHMD

 SMP threads:                               112
 The system will be treated as aperiodic (max separation =   56.4 A).

 Bonded Terms
  Bonds:                                   3345
  Angles:                                  6057
  Stretch-Bends:                           5351
  Out-of-Plane Bends:                      2007
  Torsions:                                8896
  Pi-Orbital Torsions:                      382
  Torsion-Torsions:                          31

 Non-Bonded Terms

  Van der Waals
   Cut-Off:                                NONE
   Long-Range Correction:                 FALSE

 Electrostatics
   Polarization:                         MUTUAL
    SCF Convergence Criteria:         1.000e-06
    SCF Predictor:                         NONE
    SCF Algorithm:                           CG
    CG Preconditioner Cut-Off:            4.500
    CG Preconditioner Ewald Coeff.:       0.000
    CG Preconditioner Scale:              2.000
    CG Preconditioner Mode:     FLETCHER_REEVES
    Electrostatics Cut-Off:                NONE

  Continuum Solvation
   Radii:                                SOLUTE
   Generalized Kirkwood Cut-Off:           NONE
   GKC:                                  2.4550
   Solvent Dielectric:                  78.3000
   Solute Dielectric:                    1.0000
   Descreen with vdW Radii:                TRUE
   Descreen with Hydrogen Atoms:          FALSE
   Descreen Offset:                      0.0000
   General HCT Scale Factor:             0.7200
   Non-Polar Model:                  GAUSS-DISP
    GaussVol Radii Offset:               0.0000
    GaussVol Radii Scale:                1.0000
   Dispersion Integral Offset:           1.0560 (A)
   Cavitation Solvent Pressure:          0.0334 (Kcal/mol/A^3)
   Cavitation Surface Tension:           0.1030 (Kcal/mol/A^2)
   Cavitation Cross-Over Radius:         9.2515 (A)

  Overall system charge:                 23.000

 Opened 1PPO_pH3.94.pdb_2 in 1.424 sec.

 System Resources
  Total CPU time:          51.21 (sec)
  System load average:      0.53
  Open file handles:         146 of  81920 allowed
  System memory:          240198 MB free out of 257570 MB
  System swap space:        2053 MB free out of   2053 MB
  JVM memory:               3888 MB free out of   4096 MB

 Minimizing energy of Single Topology  [1PPO_pH3.94.pdb_2] 
 Setting lambda to 0.000.
 Generalized Kirkwood  -6561.22892812      1.596
 Cavitation             2020.81015899      1.690
 Dispersion            -1170.21325756      1.504

 Computed Potential Energy
  Bond Stretching            258.00199204         3345        0.004 ( 0.01512)
  Angle Bending              704.25756345         6057        0.006 ( 2.75998)
  Stretch-Bend                 2.35185588         5351        0.003
  Out-of-Plane Bend           42.32811217         2007        0.002
  Torsional Angle            190.27562006         8896        0.005
  Pi-Orbital Torsion          44.94259103          382        0.001
  Torsion-Torsion           -131.67471633           31        0.001
  Van der Waals              668.01412857      5453763        1.502
  Atomic Multipoles        -2564.61970255      5453763
  Polarization              -961.19963076      5453763       26.963
  Solvation                -5710.63202670      5466471
  Total Potential          -7457.95421314  (Kcal/mole)       28.486 (sec)

 Limited Memory BFGS Quasi-Newton Optimization: 

 Cycle       Energy      G RMS    Delta E   Delta X    Angle  Evals     Time

     0   -7457.9542     2.1093
     1   -7477.3793     2.0666    19.4250    0.0019     0.00      3   43.913
     2   -7491.9189     1.5188    14.5396    0.0013    44.42      4   21.089
     3   -7512.5390     1.4466    20.6202    0.0027    44.96      5   19.001
     4   -7531.4279     2.1959    18.8889    0.0042    54.92      6   19.227
     5   -7548.0922     1.5096    16.6643    0.0037    69.04      7   19.786
     6   -7560.5082     1.2637    12.4160    0.0021    60.29      8   21.133
     7   -7576.9277     1.3858    16.4195    0.0039    59.33      9   22.451
     8   -7587.6531     1.9273    10.7254    0.0042    67.42     10   22.724
     9   -7597.7823     1.1526    10.1291    0.0023    72.33     11   19.226
    10   -7608.5988     0.9837    10.8165    0.0032    64.41     12   17.658
    11   -7617.1186     1.1579     8.5199    0.0031    66.53     13   17.040
    12   -7625.6956     1.4244     8.5769    0.0042    71.74     14   14.350
    13   -7634.2499     0.9659     8.5543    0.0033    73.76     15   17.523
    14   -7641.4956     0.9299     7.2457    0.0028    65.54     16   14.087
    15   -7648.2657     1.1035     6.7701    0.0030    67.32     17   15.504
    16   -7655.6304     1.0800     7.3646    0.0036    72.91     18   16.392
    17   -7662.9254     0.9786     7.2951    0.0042    73.90     19   14.432
    18   -7668.7545     0.8751     5.8291    0.0029    71.65     20   15.087
    19   -7674.7049     0.9436     5.9504    0.0035    71.56     21   14.989
    20   -7681.1447     0.9242     6.4398    0.0038    73.77     22   10.997
    21   -7687.9269     0.9063     6.7822    0.0042    74.83     23   11.390
    22   -7694.1683     0.8575     6.2414    0.0042    75.62     24   12.023
    23   -7700.2543     0.8244     6.0860    0.0042    75.55     25   11.173
    24   -7705.7035     0.9324     5.4492    0.0042    74.99     26   10.520
    25   -7711.4252     0.8148     5.7217    0.0042    76.89     27   11.691
    26   -7717.2249     0.8794     5.7997    0.0039    73.51     28   13.192
    27   -7723.5255     0.9395     6.3006    0.0042    74.39     29   10.612
    28   -7730.0280     0.8771     6.5025    0.0042    75.67     30   10.390
    29   -7735.8480     0.8222     5.8200    0.0042    76.76     31   10.709
    30   -7741.1884     0.7335     5.3405    0.0042    77.45     32   11.388
    31   -7745.8273     0.8089     4.6389    0.0042    77.12     33   10.435
    32   -7750.5969     0.6832     4.7695    0.0042    78.75     34   11.388
    33   -7755.2974     0.7867     4.7005    0.0042    76.49     35   11.307
    34   -7760.0373     0.7105     4.7399    0.0042    78.34     36   12.078
    35   -7764.8874     0.6825     4.8501    0.0042    76.89     37   12.602
    36   -7769.1475     0.8917     4.2601    0.0042    76.42     38   12.790
    37   -7774.0625     0.6890     4.9149    0.0042    78.79     39   13.604
    38   -7778.3133     0.9213     4.2508    0.0042    74.93     40   12.550
    39   -7782.8227     0.7165     4.5094    0.0032    76.14     41   13.942
    40   -7787.0227     0.7174     4.2000    0.0028    72.02     42   12.613
    41   -7791.4751     0.7875     4.4524    0.0042    75.54     43   13.430
    42   -7795.3516     0.6922     3.8765    0.0042    79.55     44   13.660
    43   -7798.7408     0.6282     3.3892    0.0042    79.78     45   13.922
    44   -7801.8440     0.6391     3.1032    0.0042    78.95     46   16.588
    45   -7804.8436     0.6833     2.9996    0.0042    78.90     47   13.133
    46   -7808.1497     0.5634     3.3061    0.0034    78.01     48   15.066
    47   -7811.5982     0.6408     3.4486    0.0041    75.25     49   16.526
    48   -7814.0256     0.9752     2.4274    0.0042    77.72     50   18.667
    49   -7816.7122     0.5933     2.6866    0.0012    73.28     51   18.033
    50   -7820.3393     0.5223     3.6271    0.0033    73.92     52   16.091
    51   -7823.0742     0.6764     2.7349    0.0040    79.42     53   15.002
    52   -7825.7622     0.6935     2.6880    0.0042    81.43     54   16.390
    53   -7828.7353     0.5251     2.9731    0.0042    81.93     55   16.814
    54   -7831.5385     0.7089     2.8032    0.0042    77.53     56   15.074
    55   -7834.4974     0.5987     2.9589    0.0036    78.40     57   18.508
    56   -7836.7761     0.5704     2.2787    0.0014    69.03     58   17.116
    57   -7839.6630     0.5248     2.8869    0.0024    70.24     59   14.695
    58   -7842.0428     0.6750     2.3798    0.0028    73.44     60   14.181
    59   -7844.3596     0.5565     2.3168    0.0025    78.54     61   16.746
    60   -7847.0725     0.5339     2.7129    0.0039    77.79     62   14.982
    61   -7848.8635     0.7363     1.7911    0.0033    77.33     63   17.170
    62   -7850.6841     0.4544     1.8206    0.0011    72.60     64   17.004
    63   -7852.8538     0.4350     2.1697    0.0021    70.09     65   16.899
    64   -7854.6688     0.6140     1.8150    0.0026    76.60     66   18.890
    65   -7856.8940     0.5679     2.2252    0.0039    81.30     67   16.312
    66   -7859.1039     0.4592     2.2099    0.0033    80.07     68   17.411
    67   -7861.1372     0.5592     2.0333    0.0033    76.18     69   16.012
    68   -7862.8854     0.5448     1.7482    0.0019    73.90     70   14.384
    69   -7864.5825     0.4580     1.6972    0.0013    71.15     71   14.793
    70   -7866.6414     0.5179     2.0589    0.0025    72.87     72   15.597
    71   -7868.3395     0.6425     1.6981    0.0035    79.32     73   14.431
    72   -7869.9270     0.4740     1.5874    0.0018    79.86     74   13.882
    73   -7872.1398     0.3777     2.2128    0.0030    77.14     75   16.096
    74   -7873.6402     0.7668     1.5004    0.0038    76.44     76   17.099
    75   -7875.3055     0.4702     1.6653    0.0024    81.67     77   15.724
    76   -7876.6895     0.3993     1.3840    0.0014    73.99     78   12.584
    77   -7878.3844     0.5040     1.6949    0.0026    74.96     79   12.897
    78   -7879.5322     0.8769     1.1478    0.0034    78.44     80   14.091
    79   -7881.2016     0.4678     1.6694    0.0008    71.21     81   13.698
    80   -7883.2265     0.3917     2.0249    0.0022    72.60     82   14.220
    81   -7884.4771     0.4107     1.2506    0.0021    78.46     83   12.394
    82   -7885.6898     0.8170     1.2127    0.0027    76.97     84   12.083
    83   -7887.4271     0.4538     1.7373    0.0025    83.14     85   12.811
    84   -7888.9306     0.3409     1.5034    0.0021    76.51     86   14.109
    85   -7890.1379     0.5302     1.2074    0.0019    71.27     87   16.303
    86   -7891.4174     0.4323     1.2794    0.0016    76.14     88   14.814
    87   -7892.7065     0.3694     1.2891    0.0013    70.61     89   17.979
    88   -7893.7675     0.6404     1.0610    0.0022    71.46     90   16.011
    89   -7894.8417     0.3410     1.0743    0.0007    69.44     91   17.488
    90   -7895.7351     0.3508     0.8934    0.0011    72.12     92   14.417
    91   -7896.9432     0.4261     1.2081    0.0024    78.18     93   15.890
    92   -7897.5353     0.9408     0.5922    0.0033    80.14     94   18.672
    93   -7898.5131     0.6122     0.9777    0.0007    79.27     95   18.008
    94   -7899.8924     0.2871     1.3793    0.0015    77.81     96   15.523
    95   -7900.8345     0.3726     0.9421    0.0018    75.44     97   14.376
    96   -7902.0287     0.4278     1.1942    0.0025    80.33     98   15.417
    97   -7903.0293     0.8452     1.0006    0.0034    80.36     99   14.798
    98   -7904.4846     0.4526     1.4553    0.0021    83.34    100   14.404
    99   -7905.7086     0.2826     1.2240    0.0016    75.57    101   13.711
   100   -7906.6237     0.3623     0.9151    0.0015    72.34    102   15.260
   101   -7907.6209     0.5741     0.9973    0.0021    76.25    103   14.636
   102   -7908.7241     0.3584     1.1032    0.0019    80.09    104   13.396
   103   -7909.5591     0.3009     0.8350    0.0010    71.47    105   13.174
   104   -7910.6032     0.4071     1.0441    0.0017    70.52    106   14.324
   105   -7911.4651     0.4406     0.8619    0.0023    78.97    107   13.784
   106   -7912.1380     0.3025     0.6729    0.0010    78.52    108   15.033
   107   -7913.0006     0.2806     0.8626    0.0018    75.63    109   13.753
   108   -7913.6460     0.4036     0.6454    0.0017    77.44    110   12.842
   109   -7914.5733     0.3165     0.9273    0.0023    81.92    111   13.505
   110   -7915.5284     0.3992     0.9551    0.0031    79.46    112   15.650
   111   -7916.2084     0.3628     0.6800    0.0019    79.67    113   14.522
   112   -7916.7174     0.2681     0.5090    0.0003    57.34    114   17.909
   113   -7917.4928     0.2243     0.7754    0.0009    64.08    115   15.388
   114   -7918.3156     0.4875     0.8228    0.0025    73.87    116   14.828
   115   -7919.0287     0.3883     0.7131    0.0029    84.31    117   15.784
   116   -7919.5738     0.2783     0.5451    0.0009    79.36    118   14.870
   117   -7920.3707     0.2375     0.7969    0.0018    77.12    119   14.629
   118   -7921.1182     0.4381     0.7474    0.0030    78.74    120   14.223
   119   -7921.8113     0.3817     0.6931    0.0024    83.33    121   13.180
   120   -7922.4088     0.2845     0.5975    0.0010    78.88    122   17.111
   121   -7923.1860     0.2879     0.7771    0.0016    74.22    123   20.092
   122   -7923.8618     0.4018     0.6759    0.0017    74.93    124   17.264
   123   -7924.6021     0.3174     0.7403    0.0013    79.02    125   16.546
   124   -7925.5165     0.2602     0.9144    0.0021    77.10    126   16.493
   125   -7926.0058     0.4173     0.4893    0.0014    74.20    127   17.503
   126   -7926.5588     0.2814     0.5530    0.0007    75.11    128   17.120
   127   -7927.3905     0.2345     0.8317    0.0012    70.68    129   15.584
   128   -7928.1813     0.4044     0.7909    0.0020    73.24    130   17.688
   129   -7928.6465     0.4701     0.4652    0.0020    80.40    131   14.898
   130   -7929.1902     0.2542     0.5436    0.0002    48.18    132   16.703
   131   -7929.8744     0.2367     0.6842    0.0010    65.42    133   15.976
   132   -7930.3431     0.2779     0.4688    0.0012    77.48    134   16.822
   133   -7930.8671     0.4656     0.5240    0.0017    78.56    135   16.876
   134   -7931.6162     0.2851     0.7491    0.0021    83.68    136   15.311
   135   -7932.3110     0.2269     0.6948    0.0019    79.59    137   14.995
   136   -7932.8357     0.4822     0.5247    0.0022    75.95    138   15.311
   137   -7933.4313     0.2626     0.5956    0.0008    76.85    139   14.594
   138   -7933.9109     0.2276     0.4797    0.0005    62.54    140   16.381
   139   -7934.5606     0.2914     0.6497    0.0013    71.13    141   15.219
   140   -7934.9283     0.5761     0.3676    0.0023    78.95    142   12.397
   141   -7935.4861     0.3018     0.5579    0.0006    76.97    143   13.929
   142   -7936.0227     0.2131     0.5366    0.0013    78.22    144   13.577
   143   -7936.3819     0.2529     0.3592    0.0013    80.26    145   13.110
   144   -7936.9494     0.3235     0.5675    0.0018    80.95    146   14.802
   145   -7937.7433     0.2912     0.7939    0.0031    83.38    147   14.693
   146   -7938.5075     0.3922     0.7642    0.0039    82.69    148   14.601
   147   -7939.0797     0.3594     0.5722    0.0021    82.37    149   13.499
   148   -7939.6637     0.2636     0.5841    0.0007    72.37    150   18.482
   149   -7940.4346     0.2657     0.7709    0.0014    71.31    151   16.135
   150   -7940.8264     0.6001     0.3917    0.0029    80.22    152   16.694
   151   -7941.4323     0.3295     0.6059    0.0006    76.96    153   15.278
   152   -7942.1873     0.2500     0.7550    0.0019    79.80    154   14.623
   153   -7942.7173     0.2942     0.5300    0.0023    82.79    155   16.776
   154   -7943.4321     0.4432     0.7149    0.0033    83.70    156   15.584
   155   -7944.2424     0.3214     0.8102    0.0042    86.03    157   14.434
   156   -7944.8409     0.2980     0.5985    0.0026    83.27    158   14.893
   157   -7945.3993     0.2844     0.5585    0.0025    83.37    159   16.092
   158   -7946.1347     0.3348     0.7354    0.0025    82.32    160   15.221
   159   -7947.0075     0.4518     0.8727    0.0033    82.30    161   15.490
   160   -7947.8325     0.3689     0.8250    0.0040    84.45    162   16.997
   161   -7948.4109     0.2789     0.5784    0.0009    75.28    163   15.285
   162   -7949.1347     0.3582     0.7238    0.0018    76.87    164   14.733
   163   -7949.7458     0.3126     0.6112    0.0013    77.22    165   17.771
   164   -7950.4363     0.3598     0.6905    0.0035    83.95    166   15.134
   165   -7951.2664     0.2930     0.8301    0.0032    83.86    167   16.061
   166   -7952.1609     0.4013     0.8945    0.0025    76.63    168   15.024
   167   -7952.8256     0.3472     0.6648    0.0025    83.09    169   15.571
   168   -7953.3702     0.3017     0.5446    0.0008    70.91    170   15.125
   169   -7953.8913     0.2492     0.5210    0.0011    76.17    171   15.099
   170   -7954.5649     0.2882     0.6737    0.0012    70.38    172   15.604
   171   -7955.4493     0.3392     0.8843    0.0020    76.40    173   14.400
   172   -7956.2977     0.3192     0.8484    0.0017    75.95    174   15.997
   173   -7956.8981     0.3614     0.6004    0.0016    75.17    175   14.116
   174   -7957.4180     0.2474     0.5199    0.0004    61.42    176   17.159
   175   -7958.0358     0.2691     0.6178    0.0008    63.55    177   16.894
   176   -7958.6622     0.3786     0.6264    0.0015    75.79    178   14.751
   177   -7959.2621     0.3617     0.5999    0.0022    81.32    179   13.588
   178   -7959.7595     0.2268     0.4974    0.0008    76.05    180   13.963
   179   -7960.3185     0.2612     0.5590    0.0011    70.23    181   14.209
   180   -7960.7980     0.3328     0.4795    0.0016    80.04    182   14.788
   181   -7961.4114     0.2966     0.6133    0.0021    82.10    183   15.643
   182   -7962.0314     0.3165     0.6201    0.0020    79.95    184   15.107
   183   -7962.6553     0.2794     0.6238    0.0020    81.06    185   14.992
   184   -7963.3570     0.2773     0.7017    0.0012    71.49    186   14.282
   185   -7964.1488     0.3813     0.7918    0.0023    77.00    187   14.732
   186   -7964.8946     0.3189     0.7458    0.0015    77.07    188   13.079
   187   -7965.4719     0.2826     0.5773    0.0007    66.87    189   17.085
   188   -7966.0791     0.2931     0.6072    0.0017    78.42    190   16.289
   189   -7966.4548     0.4453     0.3757    0.0010    64.78    191   15.889
   190   -7966.9954     0.2755     0.5406    0.0010    80.13    192   14.199
   191   -7967.5113     0.2091     0.5159    0.0009    69.58    193   16.127
   192   -7967.8803     0.2388     0.3690    0.0010    75.73    194   15.120
   193   -7968.4223     0.2541     0.5419    0.0013    75.58    195   14.679
   194   -7969.0100     0.3157     0.5878    0.0022    78.59    196   14.097
   195   -7969.5004     0.2793     0.4904    0.0010    72.60    197   14.911
   196   -7969.8897     0.2108     0.3893    0.0004    58.92    198   15.880
   197   -7970.3922     0.2033     0.5025    0.0010    67.71    199   17.692
   198   -7970.6363     0.4443     0.2441    0.0012    68.11    200   14.594
   199   -7970.9882     0.2157     0.3519    0.0004    72.34    201   15.330
   200   -7971.2631     0.1735     0.2749    0.0007    73.88    202   15.893
   201   -7971.5041     0.2079     0.2410    0.0007    74.47    203   14.486
   202   -7971.8328     0.2487     0.3287    0.0011    78.20    204   14.302
   203   -7972.1568     0.2651     0.3240    0.0016    80.61    205   15.601
   204   -7972.4011     0.1772     0.2443    0.0006    77.35    206   16.220
   205   -7972.6394     0.1868     0.2383    0.0005    70.62    207   13.892
   206   -7972.9559     0.2382     0.3165    0.0010    75.83    208   15.478
   207   -7973.1488     0.4091     0.1929    0.0015    79.94    209   14.510
   208   -7973.4321     0.2043     0.2833    0.0004    74.31    210   14.993
   209   -7973.6589     0.1522     0.2268    0.0005    69.46    211   13.908
   210   -7973.8224     0.1680     0.1635    0.0006    76.66    212   13.908
   211   -7974.0641     0.2187     0.2417    0.0010    79.09    213   12.619
   212   -7974.3340     0.1821     0.2699    0.0017    82.33    214   12.575
   213   -7974.5057     0.1485     0.1717    0.0009    80.69    215   13.500
   214   -7974.6638     0.1577     0.1582    0.0006    77.21    216   14.183
   215   -7974.8866     0.1905     0.2227    0.0009    77.26    217   17.630
   216   -7975.1350     0.2116     0.2484    0.0014    80.05    218   14.718
   217   -7975.3328     0.1662     0.1978    0.0010    81.22    219   14.753
   218   -7975.5369     0.1644     0.2042    0.0009    79.03    220   14.909
   219   -7975.7762     0.2153     0.2393    0.0012    78.40    221   13.920
   220   -7975.9971     0.2463     0.2209    0.0014    80.94    222   16.471
   221   -7976.1962     0.1556     0.1991    0.0004    76.05    223   16.055
   222   -7976.4330     0.1508     0.2367    0.0011    76.45    224   18.783
   223   -7976.5994     0.1923     0.1665    0.0010    80.32    225   15.384
   224   -7976.8462     0.1656     0.2467    0.0014    82.80    226   18.088
   225   -7977.0326     0.3179     0.1865    0.0019    80.74    227   17.694
   226   -7977.2639     0.1318     0.2312    0.0007    79.91    228   16.110
   227   -7977.3734     0.1202     0.1095    0.0002    48.45    229   16.425
   228   -7977.5354     0.1521     0.1621    0.0006    70.71    230   19.167
   229   -7977.6951     0.2357     0.1597    0.0012    79.27    231   16.837
   230   -7977.8785     0.1477     0.1834    0.0008    82.49    232   15.673
   231   -7978.0694     0.1364     0.1909    0.0010    79.69    233   15.216
   232   -7978.2457     0.2152     0.1763    0.0013    79.53    234   14.977
   233   -7978.4225     0.1566     0.1768    0.0010    82.22    235   16.534
   234   -7978.5745     0.1295     0.1520    0.0005    74.56    236   16.002
   235   -7978.7591     0.1667     0.1845    0.0008    72.29    237   15.090
   236   -7978.9265     0.2375     0.1674    0.0012    80.10    238   14.812
   237   -7979.0997     0.1605     0.1732    0.0006    81.39    239   15.251
   238   -7979.3202     0.1302     0.2205    0.0012    79.57    240   10.142
   239   -7979.4617     0.1763     0.1415    0.0010    79.99    241   13.792
   240   -7979.6691     0.1683     0.2074    0.0013    83.05    242   13.008
   241   -7979.9208     0.2097     0.2518    0.0017    81.71    243   11.675
   242   -7980.1428     0.1861     0.2220    0.0016    82.12    244   11.347
   243   -7980.2898     0.1363     0.1470    0.0002    56.67    245   13.075
   244   -7980.4741     0.1336     0.1843    0.0004    56.32    246   15.689
   245   -7980.6519     0.2877     0.1778    0.0013    77.62    247   12.414
   246   -7980.8647     0.1586     0.2127    0.0012    84.76    248   10.963
   247   -7981.0237     0.1356     0.1591    0.0012    83.11    249   10.422
   248   -7981.2126     0.1699     0.1888    0.0015    82.26    250   10.997
   249   -7981.4040     0.2335     0.1915    0.0018    82.68    251   10.284
   250   -7981.6089     0.1451     0.2049    0.0008    81.62    252   14.033
   251   -7981.8174     0.1497     0.2085    0.0008    73.36    253   10.910
   252   -7981.9551     0.2281     0.1377    0.0008    76.61    254   13.049
   253   -7982.1245     0.1548     0.1694    0.0005    79.64    255   11.913
   254   -7982.3729     0.1121     0.2485    0.0012    78.97    256   12.300
   255   -7982.5594     0.2261     0.1865    0.0018    79.19    257   14.604
   256   -7982.7169     0.1830     0.1576    0.0012    84.18    258   13.287
   257   -7982.8796     0.1557     0.1626    0.0007    81.03    259   11.104
   258   -7983.1214     0.1582     0.2419    0.0012    79.87    260    9.719
   259   -7983.3492     0.2426     0.2278    0.0023    82.46    261   11.888
   260   -7983.5114     0.1593     0.1622    0.0009    83.28    262   13.227
   261   -7983.6749     0.1452     0.1635    0.0009    80.91    263   13.466
   262   -7983.8742     0.1800     0.1994    0.0014    81.05    264   11.835
   263   -7984.0238     0.3038     0.1496    0.0018    83.06    265   13.679
   264   -7984.2248     0.1632     0.2010    0.0005    80.42    266   13.086
   265   -7984.4407     0.1299     0.2159    0.0010    78.72    267   10.512
   266   -7984.5781     0.1415     0.1373    0.0010    81.95    268   13.882
   267   -7984.7224     0.2554     0.1443    0.0015    82.31    269   14.218
   268   -7984.9226     0.1483     0.2002    0.0015    85.65    270   11.515
   269   -7985.0872     0.1250     0.1646    0.0011    81.55    271   10.467
   270   -7985.2533     0.1941     0.1660    0.0013    79.52    272   11.925
   271   -7985.4331     0.1732     0.1798    0.0010    82.17    273   14.282
   272   -7985.6328     0.1547     0.1997    0.0010    80.67    274   11.605
   273   -7985.8096     0.2647     0.1769    0.0016    80.67    275   14.910
   274   -7986.0038     0.1485     0.1942    0.0007    81.56    276   15.424
   275   -7986.1699     0.1435     0.1660    0.0008    79.43    277   15.194
   276   -7986.3776     0.1857     0.2077    0.0017    82.17    278   16.173
   277   -7986.4784     0.3257     0.1009    0.0023    84.27    279   13.086
   278   -7986.6368     0.1811     0.1583    0.0001    58.93    280   13.734
   279   -7986.8243     0.1224     0.1875    0.0007    76.35    281   13.177
   280   -7986.9520     0.1497     0.1278    0.0009    81.82    282   13.013
   281   -7987.1559     0.1744     0.2038    0.0016    83.89    283   16.230
   282   -7987.3139     0.2987     0.1580    0.0027    84.99    284   16.251
   283   -7987.5180     0.1301     0.2041    0.0012    85.06    285   14.513
   284   -7987.6295     0.1198     0.1115    0.0005    75.86    286   17.210
   285   -7987.8004     0.1595     0.1709    0.0008    76.91    287   20.282
   286   -7987.9950     0.2606     0.1946    0.0015    81.89    288   16.716
   287   -7988.2169     0.1774     0.2219    0.0015    84.79    289   15.174
   288   -7988.3949     0.1430     0.1780    0.0009    81.83    290   12.843
   289   -7988.6099     0.1996     0.2150    0.0013    78.97    291   12.983
   290   -7988.7977     0.1873     0.1877    0.0013    82.48    292   14.318
   291   -7988.9413     0.1462     0.1436    0.0006    80.94    293   13.479
   292   -7989.1447     0.1310     0.2034    0.0010    79.02    294   13.185
   293   -7989.3473     0.2426     0.2027    0.0019    80.52    295   14.114
   294   -7989.5340     0.1762     0.1867    0.0011    84.24    296   11.813
   295   -7989.7484     0.1389     0.2144    0.0013    82.42    297   13.599
   296   -7989.9432     0.1748     0.1948    0.0014    80.65    298   13.675
   297   -7990.0818     0.2572     0.1386    0.0019    83.06    299   18.130
   298   -7990.2570     0.1423     0.1752    0.0002    66.39    300   18.707
   299   -7990.4611     0.1324     0.2041    0.0008    74.43    301   15.080
   300   -7990.6019     0.1546     0.1408    0.0010    82.00    302   14.807
   301   -7990.7720     0.1960     0.1701    0.0015    82.79    303   14.106
   302   -7990.9760     0.1275     0.2041    0.0018    84.87    304   14.601
   303   -7991.1362     0.1482     0.1601    0.0010    79.62    305   13.875
   304   -7991.3200     0.1668     0.1839    0.0012    79.20    306   10.417
   305   -7991.5017     0.1519     0.1817    0.0006    75.51    307   10.604
   306   -7991.7182     0.1598     0.2164    0.0009    74.68    308   10.278
   307   -7991.8737     0.1956     0.1555    0.0010    78.87    309    9.593
   308   -7992.0091     0.1340     0.1354    0.0005    79.50    310   12.027
   309   -7992.1846     0.1235     0.1755    0.0010    78.09    311   12.682
   310   -7992.3147     0.1746     0.1301    0.0011    81.25    312   16.330
   311   -7992.4691     0.1397     0.1544    0.0013    84.05    313   11.072
   312   -7992.6193     0.1302     0.1503    0.0011    81.39    314   10.799
   313   -7992.7646     0.1592     0.1452    0.0011    79.37    315   12.192
   314   -7992.9008     0.1443     0.1362    0.0007    78.90    316   11.714
   315   -7993.0706     0.1300     0.1698    0.0009    79.05    317   10.887
   316   -7993.2155     0.2039     0.1449    0.0013    79.71    318   11.196
   317   -7993.3635     0.1439     0.1481    0.0012    84.06    319   15.538
   318   -7993.4851     0.1310     0.1216    0.0005    78.19    320   16.996
   319   -7993.6618     0.1424     0.1767    0.0010    78.91    321   13.102
   320   -7993.8119     0.2302     0.1501    0.0017    81.39    322   12.580
   321   -7993.9549     0.1336     0.1430    0.0005    80.85    323   12.015
   322   -7994.1132     0.1280     0.1583    0.0007    76.92    324   11.674
   323   -7994.2601     0.1590     0.1469    0.0010    80.00    325   13.403
   324   -7994.3814     0.2261     0.1213    0.0013    81.43    326   14.236
   325   -7994.5262     0.1224     0.1448    0.0004    77.85    327   13.469
   326   -7994.6814     0.1229     0.1552    0.0006    71.62    328   12.415
   327   -7994.8188     0.1467     0.1374    0.0007    76.72    329   12.681
   328   -7994.9476     0.2298     0.1289    0.0010    79.33    330   14.921
   329   -7995.1086     0.1211     0.1610    0.0007    81.98    331   15.496
   330   -7995.2261     0.1101     0.1175    0.0006    75.55    332   16.480
   331   -7995.3452     0.1521     0.1191    0.0006    75.06    333   15.006
   332   -7995.4982     0.1534     0.1529    0.0009    80.18    334   14.488
   333   -7995.6639     0.1354     0.1657    0.0009    80.20    335   14.834
   334   -7995.7897     0.2314     0.1258    0.0013    78.99    336   14.097
   335   -7995.9275     0.1225     0.1378    0.0003    69.83    337   15.175
   336   -7996.0329     0.1184     0.1055    0.0003    66.26    338   16.311
   337   -7996.1818     0.1468     0.1488    0.0008    77.75    339   16.208
   338   -7996.2423     0.3157     0.0605    0.0015    82.03    340   16.787
   339   -7996.3426     0.2090     0.1004    0.0002    76.28    341   15.909
   340   -7996.4806     0.0961     0.1379    0.0005    79.04    342   17.421

 Optimization achieved convergence criteria:  0.09605
 Generalized Kirkwood  -6486.09932300      0.709
 Cavitation             2075.93396491      0.789
 Dispersion            -1345.94937138      0.792

 Computed Potential Energy
  Bond Stretching            292.92209161         3345        0.004 ( 0.01606)
  Angle Bending              674.62355185         6057        0.046 ( 2.71218)
  Stretch-Bend                 3.27888592         5351        0.006
  Out-of-Plane Bend           27.95504933         2007        0.016
  Torsional Angle            136.48806736         8896        0.001
  Pi-Orbital Torsion          25.54553965          382        0.010
  Torsion-Torsion           -142.06100461           31        0.011
  Van der Waals              463.77396922      5453763        0.175
  Atomic Multipoles        -2770.08290109      5453763
  Polarization              -952.80908689      5453763       11.198
  Solvation                -5756.11472946      5466471
  Total Potential          -7996.48056712  (Kcal/mole)       11.468 (sec)
 Setting atom names to PDB standard.
 Saving 1PPO_pH3.94.pdb_3
 Wrote induced dipoles to: /Dedicated/schnieders/maemmad/pKa_GNN/ffx_pipeline/data/fixed_pdbs/1PPO/1PPO_pH3.94.uind
 Wrote permanent multipoles to: /Dedicated/schnieders/maemmad/pKa_GNN/ffx_pipeline/data/fixed_pdbs/1PPO/1PPO_pH3.94.uperm

 Script wall clock time: 5107.086 (sec)
=== Titration pH 3.94 done: Thu May  7 16:50:27 CDT 2026 ===
