 Evaluating /Dedicated/schnieders/programs/stack-2021.1.sh
  Loading Modules
   Stack 2021.1
   GCC 9.3.0
   CMake 3.20.0
   Eigen 3.3.9
   Cuda 11.1.1
   Cuda: /usr/share/apps/2021.1/arch/gcc-9.3.0/cuda-11.1.1
   CudaNN 8.0.5.39-11.1
   Swig 4.0.2_gcc-9.3.0
  Loading software from /Dedicated/schnieders/programs/local
   Ant: /Dedicated/schnieders/programs/apache-ant-1.10.11
   FFX: /Dedicated/schnieders/programs/ffx-builds/forcefieldx-2026-01-04
   GDMA: /Dedicated/schnieders/programs/gdma-2.3
   Groovy: /Dedicated/schnieders/programs/groovy-4.0.1
   Java: /Dedicated/schnieders/programs/jdk-25.0.1
   Maven: /Dedicated/schnieders/programs/apache-maven-3.9.5
   VMD: /Dedicated/schnieders/programs/vmd
   NAMD: /Dedicated/schnieders/programs/NAMD_3.0alpha7_Linux-x86_64-multicore-CUDA
   OpenEye: /Dedicated/schnieders/programs/OpenEye
   Tinker: /Dedicated/schnieders/programs/tinker-tools
=== Titration pH 3.94 started: Tue Apr 28 02:27:36 CDT 2026 ===
WARNING: Using incubator modules: jdk.incubator.vector
WARNING: Using incubator modules: jdk.incubator.vector
 _________________________________________________________________________

        FORCE FIELD X - Polyglot Software for Molecular Biophysics 

        Version 1.0.0-6947  April 2026 
        Git Revision  519408079905b3dd4b967041b75b836f63fb563f 
 
        Please cite the following reference when using Force Field X:

        RA Gogal, AJ Nessler, AC Thiel, HV Bernabe, RA Corrigan Grove,
        LM Cousineau, JM Litman, JM Miller, G Qi, MJ Speranza,
        MR Tollefson, TD Fenn, JJ Michaelson, O Okada, JP Piquemal,
        JW Ponder, J Shen, RJH Smith, W Yang, P Ren and MJ Schnieders,
        2024, Journal of Chemical Physics, 161 (1).

        Copyright (c)  Michael J. Schnieders  2001-2025
        All Rights Reserved

        Force Field X is distributed under the GPL v. 3 license
        with linking exception and is hosted by the Schnieders Lab
        at The University of Iowa.

        User Manual:   https://ffx.biochem.uiowa.edu/manual.html
        Publications:  https://ffx.biochem.uiowa.edu/publications.html
        License:       https://ffx.biochem.uiowa.edu/licenses.html

 _________________________________________________________________________

 Tue Apr 28 02:28:08 CDT 2026
 Process ID 234594 on argon-itf-bx53-01.hpc.

 Command line arguments:
 [ManyBody, --tR, --pH, 3.94, --oT, -T, --kPH, 3.0, /Dedicated/schnieders/maemmad/pKa_GNN/ffx_pipeline/data/fixed_pdbs/4BYA/4BYA_pH3.94.pdb]

 Executing internal command: ffx.algorithms.commands.ManyBody

 Parsing: Internal force field (amoeba-bio-2018-cphmd).
 Parsing: Structure properties from (/Dedicated/schnieders/maemmad/pKa_GNN/ffx_pipeline/data/fixed_pdbs/4BYA/titrate.properties).
 Parsing: JVM system properties (i.e. command line -Dkey=value pairs).

 Attempting to read force field patch from /Dedicated/schnieders/maemmad/pKa_GNN/naphosphate_solute.09Feb21.prm.

 Renumbering Patch: FALSE
 Reading 4BYA_pH3.94.pdb

 Assigning atom types for 1 chains.
 Amino acid chain A
 Constructing Force Field AMOEBA-BIO-2018-CPHMD

 SMP threads:                                20
 The system will be treated as aperiodic (max separation =   38.2 A).

 Bonded Terms
  Bonds:                                   1169
  Angles:                                  2101
  Stretch-Bends:                           1861
  Out-of-Plane Bends:                       708
  Torsions:                                3048
  Pi-Orbital Torsions:                      119
  Torsion-Torsions:                           5

 Non-Bonded Terms

  Van der Waals
   Cut-Off:                                NONE
   Long-Range Correction:                 FALSE

 Electrostatics
   Polarization:                         MUTUAL
    SCF Convergence Criteria:         1.000e-06
    SCF Predictor:                         NONE
    SCF Algorithm:                           CG
    CG Preconditioner Cut-Off:            4.500
    CG Preconditioner Ewald Coeff.:       0.000
    CG Preconditioner Scale:              2.000
    CG Preconditioner Mode:     FLETCHER_REEVES
    Electrostatics Cut-Off:                NONE

  Continuum Solvation
   Radii:                                SOLUTE
   Generalized Kirkwood Cut-Off:           NONE
   GKC:                                  2.4550
   Solvent Dielectric:                  78.3000
   Solute Dielectric:                    2.0000
   Descreen with vdW Radii:                TRUE
   Descreen with Hydrogen Atoms:          FALSE
   Descreen Offset:                      0.0000
   General HCT Scale Factor:             0.7200
   Non-Polar Model:                  GAUSS-DISP
    GaussVol Radii Offset:               0.0000
    GaussVol Radii Scale:                1.0000
   Dispersion Integral Offset:           1.0560 (A)
   Cavitation Solvent Pressure:          0.0334 (Kcal/mol/A^3)
   Cavitation Surface Tension:           0.1030 (Kcal/mol/A^2)
   Cavitation Cross-Over Radius:         9.2515 (A)

  Overall system charge:                -11.000

 Opened 4BYA_pH3.94.pdb in 1.004 sec.

 System Resources
  Total CPU time:          20.22 (sec)
  System load average:     13.87
  Open file handles:         146 of  81920 allowed
  System memory:          384044 MB free out of 384640 MB
  System swap space:        2053 MB free out of   2053 MB
  JVM memory:               4048 MB free out of   4096 MB

 Adding titration hydrogen to : /Dedicated/schnieders/maemmad/pKa_GNN/ffx_pipeline/data/fixed_pdbs/4BYA/4BYA_pH3.94.pdb

 Reading 4BYA_pH3.94.pdb

 Assigning atom types for 1 chains.
 Amino acid chain A
 Renumbering PDB file due to built atoms (1184 vs 1163)
 Total number of atoms: 1184

 Constructing Force Field AMOEBA-BIO-2018-CPHMD

 SMP threads:                                20
 The system will be treated as aperiodic (max separation =   39.3 A).

 Bonded Terms
  Bonds:                                   1190
  Angles:                                  2122
  Stretch-Bends:                           1861
  Out-of-Plane Bends:                       708
  Torsions:                                3090
  Pi-Orbital Torsions:                      119
  Torsion-Torsions:                           5

 Non-Bonded Terms

  Van der Waals
   Cut-Off:                                NONE
   Long-Range Correction:                 FALSE

 Electrostatics
   Polarization:                         MUTUAL
    SCF Convergence Criteria:         1.000e-06
    SCF Predictor:                         NONE
    SCF Algorithm:                           CG
    CG Preconditioner Cut-Off:            4.500
    CG Preconditioner Ewald Coeff.:       0.000
    CG Preconditioner Scale:              2.000
    CG Preconditioner Mode:     FLETCHER_REEVES
    Electrostatics Cut-Off:                NONE

  Continuum Solvation
   Radii:                                SOLUTE
   Generalized Kirkwood Cut-Off:           NONE
   GKC:                                  2.4550
   Solvent Dielectric:                  78.3000
   Solute Dielectric:                    2.0000
   Descreen with vdW Radii:                TRUE
   Descreen with Hydrogen Atoms:          FALSE
   Descreen Offset:                      0.0000
   General HCT Scale Factor:             0.7200
   Non-Polar Model:                  GAUSS-DISP
    GaussVol Radii Offset:               0.0000
    GaussVol Radii Scale:                1.0000
   Dispersion Integral Offset:           1.0560 (A)
   Cavitation Solvent Pressure:          0.0334 (Kcal/mol/A^3)
   Cavitation Surface Tension:           0.1030 (Kcal/mol/A^2)
   Cavitation Cross-Over Radius:         9.2515 (A)

  Overall system charge:                 10.000
 Temperature: 298.150000

 Energy restart file: 4BYA_pH3.94.restart

 Initial Potential Energy:
 Generalized Kirkwood   -953.86051515      0.047
 Cavitation              777.20225292      0.040
 Dispersion             -542.23393094      0.115

 Computed Potential Energy
  Bond Stretching            219.35706972         1190        0.001 ( 0.02068)
  Angle Bending              278.72960856         2122        0.002 ( 2.82934)
  Stretch-Bend                -3.91935763         1861        0.002
  Out-of-Plane Bend           12.67853872          708        0.001
  Torsional Angle             89.25162832         3090        0.003
  Pi-Orbital Torsion          10.92006620          119        0.000
  Torsion-Torsion            -31.42647578            5        0.000
  Van der Waals              241.62193477       697024        0.307
  Atomic Multipoles         -549.93560652       697024
  Polarization               -72.76624669       697024        0.685
  Solvation                 -718.89219317       701520
  Total Potential           -524.38103350  (Kcal/mole)        1.002 (sec)

 Initial Rotamer Torsion Angles:

 Residue    Current Torsional Angles
 A    4-LYS -176.994 -179.994 -180.000 -179.991
 A    5-ASH -177.014    0.032    0.000    0.000
 A    7-ASH -167.710   38.170    0.000    0.000
 A    9-GLH  -58.553 -171.086   50.624    0.000
 A   10-GLH  -62.988 -175.281  -70.023    0.000
 A   11-GLH -175.609 -178.224   62.486    0.000
 A   14-GLH -177.007  -80.025  -24.940    0.000
 A   20-ASH -178.127  -19.595    0.000    0.000
 A   21-LYS  -76.692  -92.734   65.160   66.752
 A   22-ASH   57.405   39.755    0.000    0.000
 A   31-GLH  -56.962  176.962   84.497    0.000
 A   34-HIS -164.283   81.722    0.000    0.000
 A   41-GLH  -65.000  -65.038  -39.958    0.000
 A   42-LYS  -64.885   83.099 -168.806  173.506
 A   45-ASH  -46.096   51.566    0.000    0.000
 A   46-GLH  -65.309   59.759   35.256    0.000
 A   47-GLH  -63.367  176.511  -44.740    0.000
 A   49-ASH -168.850   62.829    0.000    0.000
 A   50-GLH  -66.088  -53.703  -43.704    0.000
 A   54-GLH -167.733 -163.617   59.652    0.000
 A   56-ASH -157.180   60.427    0.000    0.000
 A   58-ASH   60.748   23.887    0.000    0.000
 A   60-ASH   71.072   -2.498    0.000    0.000
 A   66-GLH  -64.983  -65.007  -39.987    0.000
 A   67-GLH  -57.210 -174.891  -75.716    0.000
 A   71-HIS -165.267   60.140    0.000    0.000
 A   75-LYS -177.007  179.994  179.992  179.970

 Rotamer Library:     Richardson
 Algorithm:           ALL
 Goldstein Criteria:  true
 Three-Body Energies: true


 Computing Residue Distance Matrix
 Built residue neighbor list:              0.013 sec
 Pairwise distance matrix:               175.940 sec

 Beginning Energy   -1466.20592258

     Residue  Nrot
   1   A4-LYS   56
   2   A5-ASH   27
   3   A7-ASH   27
   4   A9-GLH   42
   5  A10-GLH   42
   6  A11-GLH   42
   7  A14-GLH   42
   8  A20-ASH   27
   9  A21-LYS   56
  10  A22-ASH   27
  11  A31-GLH   42
  12  A34-HIS   27
  13  A41-GLH   42
  14  A42-LYS   56
  15  A45-ASH   27
  16  A46-GLH   42
  17  A47-GLH   42
  18  A49-ASH   27
  19  A50-GLH   42
  20  A54-GLH   42
  21  A56-ASH   27
  22  A58-ASH   27
  23  A60-ASH   27
  24  A66-GLH   42
  25  A67-GLH   42
  26  A71-HIS   27
  27  A75-LYS   56

 Number of self energies: 1025
 Backbone energy:     -410.32621552

 Self   A4-LYS 0 :     -22.50697022 in 0.7487 (sec).
 Self   A4-LYD 1 :     112.43837729 in 0.6562 (sec).
 Self   A4-LYD 2 :     117.21516925 in 0.7252 (sec).
 Self   A4-LYD 3 :     232.90687089 in 0.5899 (sec).
 Self   A4-LYD 4 :     274.24884383 in 0.6153 (sec).
 Self   A4-LYD 5 :     395.48821680 in 0.5883 (sec).
 Self   A4-LYD 6 :     119.52145743 in 0.6647 (sec).
 Self   A4-LYD 7 :     115.04106768 in 0.6710 (sec).
 Self   A4-LYD 8 :     114.80993671 in 0.6101 (sec).
 Self   A4-LYD 9 :     116.70750219 in 0.6125 (sec).
 Self   A4-LYD 10:     126.20437934 in 0.6057 (sec).
 Self   A4-LYD 11:     114.55471523 in 0.6430 (sec).
 Self   A4-LYD 12:     113.47042625 in 0.5835 (sec).
 Self   A4-LYD 13:     112.43948229 in 0.6470 (sec).
 Self   A4-LYD 14:     112.91377793 in 0.6135 (sec).
 Self   A4-LYD 15:     114.23824460 in 0.5596 (sec).
 Self   A4-LYD 16:     116.59730853 in 0.6196 (sec).
 Self   A4-LYD 17:     127.51701089 in 0.5999 (sec).
 Self   A4-LYD 18:     159.70179247 in 0.5929 (sec).
 Self   A4-LYD 19:     114.58969613 in 0.5979 (sec).
 Self   A4-LYD 20:     114.14225631 in 0.6556 (sec).
 Self   A4-LYD 21:     113.21821995 in 0.6268 (sec).
 Self   A4-LYD 22:     115.05016874 in 0.6009 (sec).
 Self   A4-LYD 23:     114.64310520 in 0.5763 (sec).
 Self   A4-LYD 24:     116.53579065 in 0.5885 (sec).
 Self   A4-LYD 25:     115.71316280 in 0.6262 (sec).
 Self   A4-LYD 26:     114.70312604 in 0.6404 (sec).
 Self   A4-LYD 27:     117.66093422 in 0.5762 (sec).
 Self   A4-LYD 28:     116.38871564 in 0.6515 (sec).
 Self   A4-LYS 29:     -18.36761896 in 0.6069 (sec).
 Self   A4-LYS 30:     -17.06175705 in 0.5645 (sec).
 Self   A4-LYS 31:     126.92110115 in 0.5707 (sec).
 Self   A4-LYS 32:     259.24601174 in 0.5711 (sec).
 Self   A4-LYS 33:     -15.81072791 in 0.7430 (sec).
 Self   A4-LYS 34:     -17.92895450 in 0.6716 (sec).
 Self   A4-LYS 35:     -19.84407239 in 0.8067 (sec).
 Self   A4-LYS 36:     -17.79256691 in 0.5890 (sec).
 Self   A4-LYS 37:      -7.55802486 in 0.5877 (sec).
 Self   A4-LYS 38:     -20.42450669 in 0.6038 (sec).
 Self   A4-LYS 39:     -20.25659392 in 0.6885 (sec).
 Self   A4-LYS 40:     -22.50674354 in 0.7418 (sec).
 Self   A4-LYS 41:     -21.21175212 in 0.8393 (sec).
 Self   A4-LYS 42:     -20.72776882 in 0.5790 (sec).
 Self   A4-LYS 43:     -18.06580227 in 0.7732 (sec).
 Self   A4-LYS 44:      -4.45703816 in 0.5824 (sec).
 Self   A4-LYS 45:      29.29219606 in 0.6122 (sec).
 Self   A4-LYS 46:     -20.13339469 in 0.5892 (sec).
 Self   A4-LYS 47:     -19.31015471 in 0.5786 (sec).
 Self   A4-LYS 48:     -21.74537824 in 0.6755 (sec).
 Self   A4-LYS 49:     -19.45464398 in 0.5708 (sec).
 Self   A4-LYS 50:     -20.53953555 in 0.5815 (sec).
 Self   A4-LYS 51:     -18.49446835 in 0.5735 (sec).
 Self   A4-LYS 52:     -17.79905835 in 0.6260 (sec).
 Self   A4-LYS 53:     -19.82282577 in 0.5787 (sec).
 Self   A4-LYS 54:     -15.66180313 in 0.5870 (sec).
 Self   A4-LYS 55:     -17.96208581 in 0.5904 (sec).
 Self   A5-ASP 0 :      -8.46194104 in 0.6325 (sec).
 Self   A5-ASH 1 :      -1.30302827 in 0.6057 (sec).
 Self   A5-ASH 2 :       3.68432249 in 0.6171 (sec).
 Self   A5-ASH 3 :      12.99459084 in 0.5859 (sec).
 Self   A5-ASH 4 :      -5.40342432 in 0.6073 (sec).
 Self   A5-ASH 5 :      -4.47026183 in 0.6196 (sec).
 Self   A5-ASH 6 :      -7.24403438 in 0.5946 (sec).
 Self   A5-ASH 7 :      37.43454460 in 0.5937 (sec).
 Self   A5-ASH 8 :      60.78268431 in 0.5963 (sec).
 Self   A5-ASH 9 :      -2.59485215 in 0.6066 (sec).
 Self   A5-ASH 10:      -5.12719711 in 0.6295 (sec).
 Self   A5-ASH 11:      -3.57814338 in 0.5825 (sec).
 Self   A5-ASH 12:       8.96636354 in 0.5904 (sec).
 Self   A5-ASH 13:      18.93042759 in 0.5970 (sec).
 Self   A5-ASH 14:      -0.28860336 in 0.5866 (sec).
 Self   A5-ASH 15:       1.45007274 in 0.6126 (sec).
 Self   A5-ASH 16:      -2.16970314 in 0.5884 (sec).
 Self   A5-ASH 17:     108.53841462 in 0.6500 (sec).
 Self   A5-ASH 18:     423.31416733 in 0.6310 (sec).
 Self   A5-ASH 19:      20.98185523 in 0.6972 (sec).
 Self   A5-ASH 20:       0.37386316 in 0.5966 (sec).
 Self   A5-ASH 21:      17.97389741 in 0.6053 (sec).
 Self   A5-ASP 22:       4.56813990 in 0.6098 (sec).
 Self   A5-ASP 23:      16.40648815 in 0.6329 (sec).
 Self   A5-ASP 24:      -8.45035208 in 0.6312 (sec).
 Self   A5-ASP 25:      -6.89814671 in 0.5925 (sec).
 Self   A5-ASP 26:      -3.50835577 in 0.6181 (sec).
 Self   A7-ASP 0 :     -12.66335248 in 0.6030 (sec).
 Self   A7-ASH 1 :      -3.98717382 in 0.6066 (sec).
 Self   A7-ASH 2 :       0.49924581 in 0.6173 (sec).
 Self   A7-ASH 3 :       9.84809667 in 0.5982 (sec).
 Self   A7-ASH 4 :      -8.23872498 in 0.6072 (sec).
 Self   A7-ASH 5 :      -7.86989840 in 0.5812 (sec).
 Self   A7-ASH 6 :     -11.19599813 in 0.5525 (sec).
 Self   A7-ASH 7 :      41.34355635 in 0.6039 (sec).
 Self   A7-ASH 8 :      62.51250414 in 0.6028 (sec).
 Self   A7-ASH 9 :      -5.30671118 in 0.6457 (sec).
 Self   A7-ASH 10:      -8.15184761 in 0.6149 (sec).
 Self   A7-ASH 11:      -7.47362494 in 0.5999 (sec).
 Self   A7-ASH 12:       5.79260416 in 0.5696 (sec).
 Self   A7-ASH 13:      15.78799242 in 0.6155 (sec).
 Self   A7-ASH 14:      -3.14823569 in 0.6332 (sec).
 Self   A7-ASH 15:      -1.84170167 in 0.6283 (sec).
 Self   A7-ASH 16:      -6.09520547 in 0.6112 (sec).
 Self   A7-ASH 17:     121.13349882 in 0.6047 (sec).
 Self   A7-ASH 18:     458.95933432 in 0.5877 (sec).
 Self   A7-ASH 19:      18.22747744 in 0.6353 (sec).
 Self   A7-ASH 20:      -2.63372227 in 0.6055 (sec).
 Self   A7-ASH 21:      15.31780848 in 0.6043 (sec).
 Self   A7-ASP 22:       1.44877295 in 0.5717 (sec).
 Self   A7-ASP 23:      13.91475598 in 0.5956 (sec).
 Self   A7-ASP 24:     -11.48687980 in 0.6022 (sec).
 Self   A7-ASP 25:     -10.40567947 in 0.6146 (sec).
 Self   A7-ASP 26:      -7.99415802 in 0.6130 (sec).
 Self   A9-GLU 0 :      -6.31203704 in 0.5882 (sec).
 Self   A9-GLH 1 :       0.82299801 in 0.6617 (sec).
 Self   A9-GLH 2 :       3.11363248 in 0.5718 (sec).
 Self   A9-GLH 3 :       7.53363337 in 0.6587 (sec).
 Self   A9-GLH 4 :    2688.45957828 in 0.5838 (sec).
 Self   A9-GLH 5 :    3848.79278282 in 0.5437 (sec).
 Self   A9-GLH 6 :     459.47324098 in 0.5980 (sec).
 Self   A9-GLH 7 :      -0.82279969 in 0.5761 (sec).
 Self   A9-GLH 8 :      -5.98510988 in 0.5896 (sec).
 Self   A9-GLH 9 :     184.86177337 in 0.5871 (sec).
 Self   A9-GLH 10:       3.73741073 in 0.5860 (sec).
 Self   A9-GLH 11:      48.77174586 in 0.6239 (sec).
 Self   A9-GLH 12:    1166.64193495 in 0.6162 (sec).
 Self   A9-GLH 13:    6906.44218808 in 0.5981 (sec).
 Self   A9-GLH 14:     357.51688582 in 0.5830 (sec).
 Self   A9-GLH 15:       4.32597805 in 0.5016 (sec).
 Self   A9-GLH 16:      -1.01730444 in 0.4846 (sec).
 Self   A9-GLH 17:     152.79561171 in 0.4905 (sec).
 Self   A9-GLH 18:       4.98911584 in 0.4879 (sec).
 Self   A9-GLH 19:      11.96177829 in 0.4968 (sec).
 Self   A9-GLH 20:     411.49931568 in 0.4881 (sec).
 Self   A9-GLH 21:    4043.13520399 in 0.4805 (sec).
 Self   A9-GLH 22:     442.38399594 in 0.5104 (sec).
 Self   A9-GLH 23:       2.99096751 in 0.5003 (sec).
 Self   A9-GLH 24:      -2.17905138 in 0.5715 (sec).
 Self   A9-GLH 25:     154.05025825 in 0.5532 (sec).
 Self   A9-GLH 26:      27.35129847 in 0.5364 (sec).
 Self   A9-GLH 27:      85.29142259 in 0.5175 (sec).
 Self   A9-GLH 28:     751.17279330 in 0.5136 (sec).
 Self   A9-GLH 29:    6923.20227247 in 0.5301 (sec).
 Self   A9-GLH 30:     366.73227664 in 0.5386 (sec).
 Self   A9-GLH 31:      37.78149621 in 0.5397 (sec).
 Self   A9-GLH 32:      17.24984547 in 0.4921 (sec).
 Self   A9-GLH 33:     124.11303761 in 0.4961 (sec).
 Self   A9-GLU 34:      -1.98860723 in 0.5034 (sec).
 Self   A9-GLU 35:       4.73983030 in 0.5088 (sec).
 Self   A9-GLU 36:     652.40119114 in 0.5345 (sec).
 Self   A9-GLU 37:    8135.81348616 in 0.4825 (sec).
 Self   A9-GLU 38:     377.84516419 in 0.4719 (sec).
 Self   A9-GLU 39:      -2.99022505 in 0.5241 (sec).
 Self   A9-GLU 40:      -6.84773152 in 0.5073 (sec).
 Self   A9-GLU 41:     180.20170326 in 0.5049 (sec).
 Self  A10-GLU 0 :      -8.36231214 in 0.5313 (sec).
 Self  A10-GLH 1 :      -2.48719083 in 0.5099 (sec).
 Self  A10-GLH 2 :       3.04705991 in 0.5504 (sec).
 Self  A10-GLH 3 :    1747.91747164 in 0.5142 (sec).
 Self  A10-GLH 4 :       5.21373228 in 0.5412 (sec).
 Self  A10-GLH 5 :      -4.47407067 in 0.5036 (sec).
 Self  A10-GLH 6 :      -2.89160230 in 0.5371 (sec).
 Self  A10-GLH 7 :     192.79715708 in 0.5204 (sec).
 Self  A10-GLH 8 :      -7.03788742 in 0.5182 (sec).
 Self  A10-GLH 9 :    1122.24404961 in 0.5064 (sec).
 Self  A10-GLH 10:       6.61991263 in 0.5324 (sec).
 Self  A10-GLH 11:    3133.33350558 in 0.5459 (sec).
 Self  A10-GLH 12:      24.33435580 in 0.5107 (sec).
 Self  A10-GLH 13:      -1.52090261 in 0.5270 (sec).
 Self  A10-GLH 14:       4.90792353 in 0.4680 (sec).
 Self  A10-GLH 15:    1616.87474086 in 0.4903 (sec).
 Self  A10-GLH 16:      -3.72279858 in 0.4884 (sec).
 Self  A10-GLH 17:     264.95612843 in 0.4775 (sec).
 Self  A10-GLH 18:       6.93816724 in 0.5115 (sec).
 Self  A10-GLH 19:    1744.96492065 in 0.4938 (sec).
 Self  A10-GLH 20:       8.88871481 in 0.4618 (sec).
 Self  A10-GLH 21:      -0.64688002 in 0.4934 (sec).
 Self  A10-GLH 22:       1.18532836 in 0.5071 (sec).
 Self  A10-GLH 23:     196.68565488 in 0.4706 (sec).
 Self  A10-GLH 24:      -2.86460742 in 0.4892 (sec).
 Self  A10-GLH 25:     150.85445410 in 0.5153 (sec).
