 Evaluating /Dedicated/schnieders/programs/stack-2021.1.sh
  Loading Modules
   Stack 2021.1
   GCC 9.3.0
   CMake 3.20.0
   Eigen 3.3.9
   Cuda 11.1.1
   Cuda: /usr/share/apps/2021.1/arch/gcc-9.3.0/cuda-11.1.1
   CudaNN 8.0.5.39-11.1
   Swig 4.0.2_gcc-9.3.0
  Loading software from /Dedicated/schnieders/programs/local
   Ant: /Dedicated/schnieders/programs/apache-ant-1.10.11
   FFX: /Dedicated/schnieders/programs/ffx-builds/forcefieldx-2026-01-04
   GDMA: /Dedicated/schnieders/programs/gdma-2.3
   Groovy: /Dedicated/schnieders/programs/groovy-4.0.1
   Java: /Dedicated/schnieders/programs/jdk-25.0.1
   Maven: /Dedicated/schnieders/programs/apache-maven-3.9.5
   VMD: /Dedicated/schnieders/programs/vmd
   NAMD: /Dedicated/schnieders/programs/NAMD_3.0alpha7_Linux-x86_64-multicore-CUDA
   OpenEye: /Dedicated/schnieders/programs/OpenEye
   Tinker: /Dedicated/schnieders/programs/tinker-tools
=== Titration pH 3.94 started: Tue Apr 21 22:32:44 CDT 2026 ===
WARNING: Using incubator modules: jdk.incubator.vector
WARNING: Using incubator modules: jdk.incubator.vector
 _________________________________________________________________________

        FORCE FIELD X - Polyglot Software for Molecular Biophysics 

        Version 1.0.0-6947  April 2026 
        Git Revision  519408079905b3dd4b967041b75b836f63fb563f 
 
        Please cite the following reference when using Force Field X:

        RA Gogal, AJ Nessler, AC Thiel, HV Bernabe, RA Corrigan Grove,
        LM Cousineau, JM Litman, JM Miller, G Qi, MJ Speranza,
        MR Tollefson, TD Fenn, JJ Michaelson, O Okada, JP Piquemal,
        JW Ponder, J Shen, RJH Smith, W Yang, P Ren and MJ Schnieders,
        2024, Journal of Chemical Physics, 161 (1).

        Copyright (c)  Michael J. Schnieders  2001-2025
        All Rights Reserved

        Force Field X is distributed under the GPL v. 3 license
        with linking exception and is hosted by the Schnieders Lab
        at The University of Iowa.

        User Manual:   https://ffx.biochem.uiowa.edu/manual.html
        Publications:  https://ffx.biochem.uiowa.edu/publications.html
        License:       https://ffx.biochem.uiowa.edu/licenses.html

 _________________________________________________________________________

 Tue Apr 21 22:33:15 CDT 2026
 Process ID 102890 on argon-itf-bx55-02.hpc.

 Command line arguments:
 [ManyBody, --tR, --pH, 3.94, --oT, -T, --kpH, 3.0, /Dedicated/schnieders/maemmad/pKa_GNN/ffx_pipeline/data/fixed_pdbs/1A91/1A91_pH3.94.pdb]

 Executing internal command: ffx.algorithms.commands.ManyBody

Apr 21, 2026 10:33:16 PM ffx.utilities.FFXCommand init
WARNING:  The usual source of this exception is when long-form arguments (such as --uaA) are only preceded by one dash (such as -uaA, which is an error).

Apr 21, 2026 10:33:16 PM ffx.ui.ModelingShell runFFXScript
SEVERE:  Uncaught error: FFX is shutting down.

picocli.CommandLine$UnmatchedArgumentException: Unknown options: '--kpH', '/Dedicated/schnieders/maemmad/pKa_GNN/ffx_pipeline/data/fixed_pdbs/1A91/1A91_pH3.94.pdb'
	at picocli.CommandLine$Interpreter.validateConstraints(CommandLine.java:13691)
	at picocli.CommandLine$Interpreter.parse(CommandLine.java:13643)
	at picocli.CommandLine$Interpreter.parse(CommandLine.java:13588)
	at picocli.CommandLine$Interpreter.parse(CommandLine.java:13483)
	at picocli.CommandLine.parseArgs(CommandLine.java:1552)
	at ffx.utilities.FFXCommand.init(FFXCommand.java:327)
	at ffx.algorithms.cli.AlgorithmsCommand.init(AlgorithmsCommand.java:137)
	at ffx.algorithms.commands.ManyBody.run(ManyBody.java:125)
	at ffx.algorithms.commands.ManyBody.run(ManyBody.java:77)
	at ffx.ui.ModelingShell.runFFXScript(ModelingShell.java:732)
	at ffx.Main.runScript(Main.java:640)
	at ffx.Main.startCommandLineInterface(Main.java:457)
	at ffx.Main.main(Main.java:234)


 picocli.CommandLine$UnmatchedArgumentException: Unknown options: '--kpH', '/Dedicated/schnieders/maemmad/pKa_GNN/ffx_pipeline/data/fixed_pdbs/1A91/1A91_pH3.94.pdb'
 Force Field X will not continue.
 Shutting down...
WARNING: Using incubator modules: jdk.incubator.vector
 _________________________________________________________________________

        FORCE FIELD X - Polyglot Software for Molecular Biophysics 

        Version 1.0.0-6991  April 2026 
        Git Revision  937dfd3f3a84d0dc91f73b0419518078a8c41842 
 
        Please cite the following reference when using Force Field X:

        RA Gogal, AJ Nessler, AC Thiel, HV Bernabe, RA Corrigan Grove,
        LM Cousineau, JM Litman, JM Miller, G Qi, MJ Speranza,
        MR Tollefson, TD Fenn, JJ Michaelson, O Okada, JP Piquemal,
        JW Ponder, J Shen, RJH Smith, W Yang, P Ren and MJ Schnieders,
        2024, Journal of Chemical Physics, 161 (1).

        Copyright (c)  Michael J. Schnieders  2001-2026
        All Rights Reserved

        Force Field X is distributed under the GPL v. 3 license
        with linking exception and is hosted by the Schnieders Lab
        at The University of Iowa.

        User Manual:   https://ffx.biochem.uiowa.edu/manual.html
        Publications:  https://ffx.biochem.uiowa.edu/publications.html
        License:       https://ffx.biochem.uiowa.edu/licenses.html

 _________________________________________________________________________

 Tue Apr 21 22:33:17 CDT 2026
 Process ID 103005 on argon-itf-bx55-02.hpc.

 Command line arguments:
 [Minimize, -e, 0.1, /Dedicated/schnieders/maemmad/pKa_GNN/ffx_pipeline/data/fixed_pdbs/1A91/1A91_pH3.94.pdb_2, --saveInduced, --savePermanentMoments]

 Executing internal command: ffx.algorithms.commands.Minimize

 Initializing 1 topologies...
Apr 21, 2026 10:33:18 PM ffx.ui.MainPanel open
WARNING: /Dedicated/schnieders/maemmad/pKa_GNN/ffx_pipeline/data/fixed_pdbs/1A91/1A91_pH3.94.pdb_2: could not be found.

Apr 21, 2026 10:33:18 PM ffx.ui.ModelingShell runFFXScript
SEVERE:  Uncaught error: FFX is shutting down.

java.lang.NullPointerException: Cannot invoke "ffx.potential.parsers.SystemFilter.getMolecularAssemblyArray()" because "this.activeFilter" is null
	at ffx.ui.MainPanel.openWait(MainPanel.java:1584)
	at ffx.ui.MainPanel.openWait(MainPanel.java:1606)
	at ffx.ui.UIUtils.openAll(UIUtils.java:187)
	at ffx.ui.UIUtils.openAll(UIUtils.java:73)
	at ffx.potential.cli.AlchemicalOptions.openFile(AlchemicalOptions.java:228)
	at ffx.algorithms.commands.Minimize.run(Minimize.java:160)
	at ffx.algorithms.commands.Minimize.run(Minimize.java:74)
	at ffx.ui.ModelingShell.runFFXScript(ModelingShell.java:731)
	at ffx.Main.runScript(Main.java:640)
	at ffx.Main.startCommandLineInterface(Main.java:457)
	at ffx.Main.main(Main.java:234)


 java.lang.NullPointerException: Cannot invoke "ffx.potential.parsers.SystemFilter.getMolecularAssemblyArray()" because "this.activeFilter" is null
 Force Field X will not continue.
 Shutting down...
=== Titration pH 3.94 done: Tue Apr 21 22:33:18 CDT 2026 ===
