Requeueing due to an insufficient number of GPU devices on argon-itf-bx54-13.hpc.
 Evaluating /Dedicated/schnieders/programs/stack-2021.1.sh
  Loading Modules
   Stack 2021.1
   GCC 9.3.0
   CMake 3.20.0
   Eigen 3.3.9
   Cuda 11.1.1
   Cuda: /usr/share/apps/2021.1/arch/gcc-9.3.0/cuda-11.1.1
   CudaNN 8.0.5.39-11.1
   Swig 4.0.2_gcc-9.3.0
  Loading software from /Dedicated/schnieders/programs/local
   Ant: /Dedicated/schnieders/programs/apache-ant-1.10.11
   FFX: /Dedicated/schnieders/programs/ffx-builds/forcefieldx-2026-01-04
   GDMA: /Dedicated/schnieders/programs/gdma-2.3
   Groovy: /Dedicated/schnieders/programs/groovy-4.0.1
   Java: /Dedicated/schnieders/programs/jdk-25.0.1
   Maven: /Dedicated/schnieders/programs/apache-maven-3.9.5
   VMD: /Dedicated/schnieders/programs/vmd
   NAMD: /Dedicated/schnieders/programs/NAMD_3.0alpha7_Linux-x86_64-multicore-CUDA
   OpenEye: /Dedicated/schnieders/programs/OpenEye
   Tinker: /Dedicated/schnieders/programs/tinker-tools
=== Titration pH 4.4 started: Fri May  8 00:18:52 CDT 2026 ===
  Copy already exists, skipping.
  ManyBody output already exists, skipping.
WARNING: Using incubator modules: jdk.incubator.vector
 _________________________________________________________________________

        FORCE FIELD X - Polyglot Software for Molecular Biophysics 

        Version 1.0.0-6991  April 2026 
        Git Revision  937dfd3f3a84d0dc91f73b0419518078a8c41842 
 
        Please cite the following reference when using Force Field X:

        RA Gogal, AJ Nessler, AC Thiel, HV Bernabe, RA Corrigan Grove,
        LM Cousineau, JM Litman, JM Miller, G Qi, MJ Speranza,
        MR Tollefson, TD Fenn, JJ Michaelson, O Okada, JP Piquemal,
        JW Ponder, J Shen, RJH Smith, W Yang, P Ren and MJ Schnieders,
        2024, Journal of Chemical Physics, 161 (1).

        Copyright (c)  Michael J. Schnieders  2001-2026
        All Rights Reserved

        Force Field X is distributed under the GPL v. 3 license
        with linking exception and is hosted by the Schnieders Lab
        at The University of Iowa.

        User Manual:   https://ffx.biochem.uiowa.edu/manual.html
        Publications:  https://ffx.biochem.uiowa.edu/publications.html
        License:       https://ffx.biochem.uiowa.edu/licenses.html

 _________________________________________________________________________

 Fri May 08 00:18:54 CDT 2026
 Process ID 35441 on argon-itf-bx50-01.hpc.

 Command line arguments:
 [Minimize, -e, 0.1, /Dedicated/schnieders/maemmad/pKa_GNN/ffx_pipeline/data/fixed_pdbs/4KY6/4KY6_pH4.4.pdb_2, --saveInduced, --savePermanentMoments]

 Executing internal command: ffx.algorithms.commands.Minimize

 Initializing 1 topologies...
 Parsing: Internal force field (amoeba-bio-2018-cphmd).
 Parsing: Structure properties from (/Dedicated/schnieders/maemmad/pKa_GNN/ffx_pipeline/data/fixed_pdbs/4KY6/4KY6_input.properties).
 Parsing: JVM system properties (i.e. command line -Dkey=value pairs).

 Attempting to read force field patch from /Dedicated/schnieders/maemmad/pKa_GNN/naphosphate_solute.09Feb21.prm.

 Renumbering Patch: FALSE
 Reading 4KY6_pH4.4.pdb_2

 Assigning atom types for 1 chains.
 Amino acid chain A
 Constructing Force Field AMOEBA-BIO-2018-CPHMD

 SMP threads:                                80
 The system will be treated as aperiodic (max separation =   51.3 A).

 Bonded Terms
  Bonds:                                   2111
  Angles:                                  3836
  Stretch-Bends:                           3367
  Out-of-Plane Bends:                      1206
  Torsions:                                5597
  Pi-Orbital Torsions:                      225
  Torsion-Torsions:                           9

 Non-Bonded Terms

  Van der Waals
   Cut-Off:                                NONE
   Long-Range Correction:                 FALSE

 Electrostatics
   Polarization:                         MUTUAL
    SCF Convergence Criteria:         1.000e-06
    SCF Predictor:                         NONE
    SCF Algorithm:                           CG
    CG Preconditioner Cut-Off:            4.500
    CG Preconditioner Ewald Coeff.:       0.000
    CG Preconditioner Scale:              2.000
    CG Preconditioner Mode:     FLETCHER_REEVES
    Electrostatics Cut-Off:                NONE

  Continuum Solvation
   Radii:                                SOLUTE
   Generalized Kirkwood Cut-Off:           NONE
   GKC:                                  2.4550
   Solvent Dielectric:                  78.3000
   Solute Dielectric:                    1.0000
   Descreen with vdW Radii:                TRUE
   Descreen with Hydrogen Atoms:          FALSE
   Descreen Offset:                      0.0000
   General HCT Scale Factor:             0.7200
   Non-Polar Model:                  GAUSS-DISP
    GaussVol Radii Offset:               0.0000
    GaussVol Radii Scale:                1.0000
   Dispersion Integral Offset:           1.0560 (A)
   Cavitation Solvent Pressure:          0.0334 (Kcal/mol/A^3)
   Cavitation Surface Tension:           0.1030 (Kcal/mol/A^2)
   Cavitation Cross-Over Radius:         9.2515 (A)

  Overall system charge:                  7.000

 Opened 4KY6_pH4.4.pdb_2 in 1.374 sec.

 System Resources
  Total CPU time:          48.79 (sec)
  System load average:      6.92
  Open file handles:         146 of  81920 allowed
  System memory:           59754 MB free out of  95213 MB
  System swap space:        2052 MB free out of   2053 MB
  JVM memory:               3983 MB free out of   4096 MB

 Minimizing energy of Single Topology  [4KY6_pH4.4.pdb_2] 
 Setting lambda to 0.000.
 Generalized Kirkwood  -2913.32228830      0.260
 Cavitation             1319.22947486      0.274
 Dispersion             -827.96727816      0.323

 Computed Potential Energy
  Bond Stretching            163.90768727         2111        0.003 ( 0.01522)
  Angle Bending              437.69471714         3836        0.006 ( 2.70003)
  Stretch-Bend                 1.47737350         3367        0.003
  Out-of-Plane Bend           19.57454675         1206        0.001
  Torsional Angle             87.91696026         5597        0.004
  Pi-Orbital Torsion          15.35772772          225        0.001
  Torsion-Torsion            -47.94376569            9        0.000
  Van der Waals              396.63924260      2183331        0.745
  Atomic Multipoles        -3603.66085961      2183331
  Polarization              -742.67211774      2183331        5.302
  Solvation                -2422.06009161      2191371
  Total Potential          -5693.76857941  (Kcal/mole)        6.065 (sec)

 Limited Memory BFGS Quasi-Newton Optimization: 

 Cycle       Energy      G RMS    Delta E   Delta X    Angle  Evals     Time

     0   -5693.7686     2.0290
     1   -5703.3249     1.9274     9.5563    0.0015     0.00      3    8.015
     2   -5710.1056     1.2918     6.7807    0.0010    43.45      4    4.415
     3   -5718.8980     1.1831     8.7924    0.0022    41.88      5    4.097
     4   -5725.7443     1.6328     6.8463    0.0028    52.76      6    3.802
     5   -5731.6923     1.2075     5.9479    0.0025    65.53      7    4.503
     6   -5736.0855     0.9805     4.3932    0.0014    58.46      8    4.383
     7   -5742.0390     0.9979     5.9535    0.0027    58.13      9    3.915
     8   -5746.6118     1.6915     4.5728    0.0040    65.66     10    4.205
     9   -5750.9019     0.8675     4.2901    0.0017    70.23     11    4.394
    10   -5753.9821     0.7116     3.0802    0.0016    58.19     12    3.898
    11   -5756.5759     0.8295     2.5938    0.0017    62.71     13    4.386
    12   -5759.4536     1.2635     2.8777    0.0028    69.16     14    3.624
    13   -5762.9743     0.8175     3.5206    0.0026    76.36     15    4.083
    14   -5766.2801     0.6970     3.3058    0.0030    70.59     16    3.515
    15   -5768.7466     0.9494     2.4666    0.0029    69.85     17    3.701
    16   -5771.3784     0.7939     2.6318    0.0024    74.89     18    4.193
    17   -5774.2973     0.7452     2.9188    0.0030    72.47     19    3.600
    18   -5776.5581     0.9683     2.2608    0.0032    72.39     20    3.704
    19   -5778.8386     0.6702     2.2805    0.0016    71.85     21    3.880
    20   -5781.8235     0.7127     2.9849    0.0029    68.19     22    3.801
    21   -5784.3574     0.9970     2.5339    0.0033    74.06     23    3.833
    22   -5787.2772     0.8513     2.9198    0.0043    79.18     24    3.670
    23   -5789.7601     0.6378     2.4829    0.0022    71.93     25    3.812
    24   -5792.0311     0.6597     2.2710    0.0026    69.74     26    3.597
    25   -5793.9064     0.8791     1.8753    0.0032    74.57     27    4.406
    26   -5795.9653     0.5891     2.0588    0.0023    77.16     28    3.507
    27   -5798.4053     0.6059     2.4401    0.0036    73.65     29    4.179
    28   -5800.1079     1.3057     1.7026    0.0045    75.14     30    4.307
    29   -5802.2624     0.6957     2.1545    0.0010    70.46     31    3.803
    30   -5804.4656     0.5399     2.2032    0.0022    69.80     32    4.008
    31   -5805.8886     0.6152     1.4230    0.0020    73.93     33    3.979
    32   -5807.5650     0.9871     1.6764    0.0030    75.84     34    5.113
    33   -5809.9137     0.6535     2.3488    0.0035    81.08     35    3.903
    34   -5812.3690     0.6109     2.4553    0.0033    75.47     36    3.786
    35   -5814.6002     1.0666     2.2312    0.0048    74.44     37    4.527
    36   -5816.7464     0.6853     2.1463    0.0018    73.69     38    3.691
    37   -5818.3849     0.5705     1.6385    0.0013    66.66     39    3.782
    38   -5820.4034     0.6957     2.0185    0.0031    73.57     40    3.708
    39   -5821.8692     1.1109     1.4658    0.0045    78.18     41    3.999
    40   -5823.6302     0.5902     1.7610    0.0012    73.77     42    3.814
    41   -5825.3256     0.5297     1.6954    0.0022    72.12     43    3.773
    42   -5826.7233     0.5445     1.3977    0.0024    76.66     44    3.520
    43   -5828.1162     1.0805     1.3929    0.0040    78.14     45    4.009
    44   -5830.0483     0.5815     1.9321    0.0033    82.88     46    3.593
    45   -5831.5305     0.4619     1.4822    0.0026    77.39     47    3.994
    46   -5832.9032     0.6326     1.3727    0.0032    76.75     48    3.211
    47   -5834.2683     0.7895     1.3651    0.0036    79.17     49    3.777
    48   -5835.5959     0.5416     1.3275    0.0013    74.68     50    3.706
    49   -5837.2267     0.5323     1.6308    0.0032    76.01     51    3.899
    50   -5838.4177     0.6582     1.1911    0.0014    63.95     52    4.008
    51   -5839.9786     0.6428     1.5608    0.0036    80.89     53    3.998
    52   -5841.4842     0.6444     1.5056    0.0032    77.09     54    4.091
    53   -5842.5815     0.4716     1.0973    0.0012    69.00     55    4.023
    54   -5843.6198     0.4493     1.0382    0.0015    71.03     56    4.184
    55   -5844.8647     0.5018     1.2449    0.0028    74.58     57    3.986
    56   -5845.7697     0.6379     0.9050    0.0033    79.14     58    3.500
    57   -5846.7177     0.4418     0.9480    0.0007    60.51     59    3.609
    58   -5847.7725     0.4389     1.0548    0.0020    72.72     60    4.704
    59   -5848.5584     0.5535     0.7860    0.0017    72.29     61    3.490
    60   -5849.3850     0.3944     0.8266    0.0018    79.20     62    3.811
    61   -5850.2905     0.4058     0.9055    0.0020    73.41     63    3.890
    62   -5851.0625     0.5280     0.7720    0.0019    73.21     64    4.014
    63   -5851.7979     0.3589     0.7354    0.0010    72.34     65    4.196
    64   -5852.6238     0.3794     0.8259    0.0016    68.18     66    4.008
    65   -5853.2562     0.4833     0.6324    0.0017    73.21     67    3.692
    66   -5853.8949     0.3634     0.6387    0.0013    77.33     68    4.109
    67   -5854.6681     0.3403     0.7733    0.0020    75.13     69    3.998
    68   -5855.3133     0.4697     0.6452    0.0019    75.11     70    3.893
    69   -5856.0180     0.4029     0.7048    0.0020    79.18     71    3.604
    70   -5856.7033     0.3644     0.6853    0.0017    75.91     72    4.083
    71   -5857.3476     0.3557     0.6443    0.0016    74.06     73    3.915
    72   -5857.9538     0.4149     0.6062    0.0018    75.14     74    3.789
    73   -5858.6319     0.3232     0.6782    0.0018    78.20     75    4.204
    74   -5859.3928     0.4447     0.7608    0.0029    76.67     76    4.304
    75   -5859.9656     0.5479     0.5729    0.0030    80.94     77    3.297
    76   -5860.5043     0.3499     0.5386    0.0006    72.07     78    3.590
    77   -5861.2665     0.2707     0.7622    0.0018    73.85     79    4.004
    78   -5861.9102     0.4122     0.6436    0.0027    78.33     80    4.131
    79   -5862.5580     0.5841     0.6478    0.0039    82.69     81    4.475
    80   -5863.3399     0.3770     0.7819    0.0026    83.53     82    3.803
    81   -5864.2475     0.3538     0.9076    0.0032    79.44     83    3.801
    82   -5864.9481     0.5347     0.7006    0.0027    78.93     84    3.936
    83   -5865.8074     0.4409     0.8594    0.0028    82.58     85    3.362
    84   -5866.7400     0.4808     0.9326    0.0037    80.97     86    3.600
    85   -5867.5461     0.4374     0.8061    0.0025    79.98     87    3.492
    86   -5868.2874     0.3903     0.7413    0.0018    78.54     88    3.810
    87   -5869.1875     0.4658     0.9001    0.0033    79.50     89    3.886
    88   -5870.0030     0.4387     0.8155    0.0037    82.55     90    4.120
    89   -5870.6633     0.3999     0.6603    0.0027    82.70     91    3.579
    90   -5871.5548     0.3429     0.8915    0.0034    81.13     92    3.500
    91   -5872.2599     0.6923     0.7051    0.0048    80.78     93    4.102
    92   -5873.0573     0.3488     0.7974    0.0024    83.01     94    4.412
    93   -5873.5259     0.3083     0.4686    0.0010    73.37     95    3.700
    94   -5874.1062     0.3540     0.5803    0.0021    78.27     96    4.098
    95   -5874.7130     0.5569     0.6068    0.0034    81.13     97    4.923
    96   -5875.4469     0.3567     0.7339    0.0025    83.57     98    3.665
    97   -5876.1777     0.3733     0.7308    0.0031    79.77     99    3.930
    98   -5876.6335     0.5050     0.4558    0.0023    79.40    100    3.785
    99   -5877.0922     0.3364     0.4587    0.0005    70.21    101    3.685
   100   -5877.7708     0.2631     0.6786    0.0013    69.68    102    3.924
   101   -5878.4015     0.4088     0.6307    0.0023    74.83    103    3.797
   102   -5878.8622     0.5959     0.4607    0.0030    81.49    104    3.797
   103   -5879.4202     0.3415     0.5580    0.0011    79.80    105    3.804
   104   -5880.0593     0.2951     0.6390    0.0021    76.71    106    3.782
   105   -5880.4395     0.3402     0.3803    0.0015    80.09    107    3.912
   106   -5880.9607     0.3681     0.5212    0.0023    81.14    108    3.485
   107   -5881.5891     0.3287     0.6283    0.0031    81.80    109    3.720
   108   -5882.0359     0.4044     0.4468    0.0021    79.61    110    3.694
   109   -5882.5891     0.3035     0.5532    0.0014    77.97    111    3.811
   110   -5883.2447     0.4160     0.6555    0.0022    75.03    112    3.996
   111   -5883.5941     0.5211     0.3494    0.0027    80.62    113    3.877
   112   -5883.9793     0.2759     0.3852    0.0003    57.11    114    4.409
   113   -5884.3652     0.2602     0.3859    0.0012    74.63    115    4.114
   114   -5884.7945     0.3147     0.4293    0.0022    81.02    116    3.981
   115   -5885.3026     0.5079     0.5081    0.0028    81.13    117    3.716
   116   -5885.9816     0.3180     0.6790    0.0041    85.52    118    3.698
   117   -5886.4942     0.3384     0.5126    0.0028    81.70    119    3.782
   118   -5887.0308     0.3447     0.5366    0.0028    80.70    120    4.208
   119   -5887.4927     0.3114     0.4620    0.0010    73.28    121    3.801
   120   -5888.1319     0.3268     0.6392    0.0016    73.22    122    3.513
   121   -5888.6672     0.5175     0.5352    0.0033    79.13    123    4.595
   122   -5889.1273     0.2943     0.4601    0.0013    80.60    124    4.196
   123   -5889.5417     0.2815     0.4144    0.0017    79.55    125    3.600
   124   -5889.9896     0.3508     0.4479    0.0027    82.36    126    3.895
   125   -5890.4042     0.5119     0.4147    0.0037    83.74    127    4.223
   126   -5890.9217     0.3144     0.5175    0.0021    84.30    128    3.676
   127   -5891.5539     0.2912     0.6322    0.0029    80.55    129    3.905
   128   -5892.0300     0.4014     0.4760    0.0029    82.14    130    3.902
   129   -5892.5459     0.3522     0.5159    0.0039    84.49    131    4.102
   130   -5893.0166     0.3098     0.4707    0.0007    63.66    132    3.787
   131   -5893.5065     0.3534     0.4899    0.0013    68.26    133    3.516
   132   -5893.9015     0.3106     0.3950    0.0013    78.94    134    3.898
   133   -5894.3898     0.2972     0.4884    0.0024    81.04    135    4.311
   134   -5894.7210     0.5192     0.3312    0.0030    81.18    136    4.278
   135   -5895.1320     0.2494     0.4110    0.0008    77.71    137    3.808
   136   -5895.5122     0.2617     0.3802    0.0007    61.21    138    3.803
   137   -5895.8661     0.3015     0.3539    0.0012    75.10    139    4.186
   138   -5896.0170     0.6537     0.1509    0.0019    78.69    140    3.614
   139   -5896.2711     0.4416     0.2541    0.0002    70.79    141    3.986
   140   -5896.6372     0.1988     0.3661    0.0006    73.04    142    4.011
   141   -5896.8954     0.2608     0.2582    0.0009    71.78    143    4.102
   142   -5897.1743     0.3015     0.2788    0.0012    79.39    144    3.802
   143   -5897.6179     0.3573     0.4436    0.0016    79.34    145    3.985
   144   -5898.0510     0.4886     0.4331    0.0024    80.63    146    3.817
   145   -5898.4976     0.2374     0.4466    0.0016    81.91    147    3.695
   146   -5898.7468     0.2200     0.2491    0.0006    70.48    148    4.085
   147   -5899.0985     0.3075     0.3517    0.0010    69.78    149    4.004
   148   -5899.4428     0.4351     0.3443    0.0019    78.76    150    3.417
   149   -5899.7805     0.2534     0.3376    0.0010    79.50    151    3.587
   150   -5900.0797     0.2263     0.2993    0.0009    72.92    152    3.900
   151   -5900.3731     0.2835     0.2934    0.0013    75.97    153    3.895
   152   -5900.6585     0.3647     0.2854    0.0020    80.32    154    3.708
   153   -5900.9352     0.2264     0.2767    0.0010    80.49    155    3.902
   154   -5901.2050     0.2126     0.2698    0.0012    76.03    156    4.086
   155   -5901.4542     0.2907     0.2492    0.0014    78.31    157    4.030
   156   -5901.7737     0.2391     0.3195    0.0020    82.06    158    3.879
   157   -5902.0689     0.2481     0.2952    0.0019    80.11    159    3.609
   158   -5902.3271     0.2428     0.2582    0.0015    79.07    160    4.103
   159   -5902.5627     0.2146     0.2355    0.0008    74.20    161    3.709
   160   -5902.8817     0.2365     0.3190    0.0013    74.54    162    4.082
   161   -5903.1829     0.3401     0.3012    0.0024    79.49    163    3.509
   162   -5903.4195     0.2398     0.2366    0.0011    81.27    164    3.892
   163   -5903.6378     0.2110     0.2183    0.0009    76.81    165    3.800
   164   -5903.9233     0.2527     0.2855    0.0016    78.57    166    3.504
   165   -5904.1354     0.3998     0.2121    0.0023    80.94    167    3.992
   166   -5904.3972     0.2060     0.2618    0.0006    76.41    168    3.903
   167   -5904.6200     0.1842     0.2228    0.0009    73.55    169    3.989
   168   -5904.8180     0.2273     0.1980    0.0011    77.84    170    3.415
   169   -5905.0834     0.2331     0.2654    0.0016    79.99    171    3.988
   170   -5905.3912     0.2103     0.3079    0.0020    80.62    172    3.808
   171   -5905.5763     0.3607     0.1851    0.0016    78.31    173    3.692
   172   -5905.8165     0.2159     0.2402    0.0005    72.12    174    3.926
   173   -5906.1028     0.1912     0.2863    0.0007    64.46    175    3.695
   174   -5906.3594     0.3170     0.2566    0.0013    75.05    176    3.595
   175   -5906.6361     0.2605     0.2767    0.0019    82.24    177    3.995
   176   -5906.8584     0.2007     0.2223    0.0008    77.86    178    3.988
   177   -5907.1350     0.2284     0.2765    0.0015    75.95    179    3.615
   178   -5907.3764     0.2604     0.2414    0.0014    78.28    180    3.594
   179   -5907.6015     0.2245     0.2251    0.0011    80.22    181    3.804
   180   -5907.8676     0.2396     0.2662    0.0016    78.81    182    3.783
   181   -5908.0858     0.2480     0.2182    0.0012    78.25    183    4.112
   182   -5908.2892     0.2047     0.2034    0.0007    75.71    184    3.901
   183   -5908.5760     0.1936     0.2867    0.0012    74.85    185    3.989
   184   -5908.6963     0.4857     0.1204    0.0021    76.96    186    3.919
   185   -5908.8824     0.2752     0.1860    0.0001    50.29    187    4.386
   186   -5909.0687     0.1664     0.1863    0.0004    68.78    188    3.817
   187   -5909.1991     0.2118     0.1305    0.0008    78.46    189    3.581
   188   -5909.4103     0.2322     0.2112    0.0014    81.95    190    3.999
   189   -5909.6092     0.4549     0.1989    0.0024    82.98    191    3.898
   190   -5909.8895     0.2527     0.2803    0.0017    85.41    192    4.098
   191   -5910.1262     0.1648     0.2367    0.0014    81.71    193    4.107
   192   -5910.3585     0.2257     0.2323    0.0016    78.29    194    3.594
   193   -5910.5670     0.3175     0.2085    0.0016    80.59    195    3.722
   194   -5910.8046     0.2355     0.2377    0.0013    82.01    196    3.995
   195   -5911.0733     0.2110     0.2687    0.0011    75.97    197    4.591
   196   -5911.3459     0.3440     0.2726    0.0019    77.71    198    3.519
   197   -5911.5727     0.2297     0.2268    0.0011    81.61    199    4.379
   198   -5911.7616     0.1886     0.1889    0.0011    80.21    200    3.810
   199   -5911.9561     0.2224     0.1944    0.0015    80.54    201    3.595
   200   -5912.1761     0.3139     0.2201    0.0022    82.59    202    3.809
   201   -5912.4357     0.2220     0.2596    0.0015    83.21    203    3.980
   202   -5912.7463     0.2364     0.3106    0.0021    79.85    204    3.519
   203   -5912.9349     0.3382     0.1886    0.0017    80.45    205    3.882
   204   -5913.1364     0.2200     0.2015    0.0006    77.71    206    4.205
   205   -5913.4152     0.1758     0.2787    0.0014    77.59    207    3.814
   206   -5913.6295     0.2632     0.2144    0.0018    80.45    208    3.602
   207   -5913.8678     0.2872     0.2383    0.0024    83.88    209    3.900
   208   -5914.1235     0.2052     0.2556    0.0016    83.17    210    4.185
   209   -5914.4152     0.2467     0.2917    0.0023    80.24    211    4.302
   210   -5914.6126     0.2945     0.1975    0.0017    81.41    212    3.698
   211   -5914.7949     0.2233     0.1823    0.0007    80.32    213    3.815
   212   -5915.0661     0.1771     0.2712    0.0014    79.56    214    3.987
   213   -5915.3459     0.3375     0.2797    0.0031    80.82    215    3.898
   214   -5915.5795     0.2522     0.2336    0.0014    83.62    216    4.097
   215   -5915.8928     0.2339     0.3133    0.0016    80.67    217    3.612
   216   -5916.2433     0.3067     0.3505    0.0023    80.18    218    4.184
   217   -5916.4033     0.4999     0.1599    0.0032    83.86    219    3.325
   218   -5916.6461     0.2647     0.2428    0.0001    42.50    220    3.618
   219   -5916.9055     0.1961     0.2595    0.0007    71.82    221    3.673
   220   -5917.1249     0.2557     0.2194    0.0015    81.33    222    3.984
   221   -5917.4865     0.2909     0.3617    0.0025    83.77    223    3.617
   222   -5917.7911     0.5715     0.3046    0.0042    84.52    224    3.497
   223   -5918.2397     0.3190     0.4485    0.0025    86.08    225    3.892
   224   -5918.6290     0.2136     0.3893    0.0024    83.15    226    3.697
   225   -5918.9420     0.2853     0.3131    0.0014    76.68    227    4.009
   226   -5919.3118     0.3737     0.3698    0.0016    77.32    228    4.109
   227   -5919.6771     0.2946     0.3653    0.0014    79.11    229    4.498
   228   -5919.9949     0.2437     0.3178    0.0009    75.65    230    3.894
   229   -5920.4003     0.3053     0.4054    0.0021    78.44    231    4.009
   230   -5920.7461     0.3127     0.3458    0.0024    82.87    232    3.889
   231   -5921.0979     0.2764     0.3519    0.0028    84.75    233    4.304
   232   -5921.4454     0.2749     0.3475    0.0040    84.88    234    4.205
   233   -5921.7657     0.4402     0.3203    0.0017    77.29    235    3.903
   234   -5922.1737     0.2770     0.4080    0.0005    64.98    236    3.894
   235   -5922.6154     0.2325     0.4417    0.0018    77.42    237    3.805
   236   -5922.9017     0.3873     0.2863    0.0025    80.68    238    3.784
   237   -5923.1952     0.2604     0.2935    0.0012    82.30    239    4.098
   238   -5923.5566     0.2340     0.3614    0.0015    77.12    240    3.718
   239   -5923.8839     0.3166     0.3273    0.0014    76.32    241    3.591
   240   -5924.2350     0.3067     0.3511    0.0019    79.84    242    3.610
   241   -5924.4807     0.2496     0.2457    0.0008    74.95    243    3.984
   242   -5924.6724     0.1957     0.1917    0.0004    62.63    244    4.004
   243   -5924.9056     0.1969     0.2332    0.0006    65.55    245    3.895
   244   -5925.1239     0.4218     0.2183    0.0015    75.28    246    4.008
   245   -5925.3997     0.2241     0.2758    0.0011    82.29    247    3.511
   246   -5925.5923     0.1832     0.1926    0.0011    79.42    248    4.189
   247   -5925.8022     0.2270     0.2099    0.0012    77.96    249    3.698
   248   -5926.0519     0.3084     0.2497    0.0016    79.54    250    3.404
   249   -5926.3233     0.2364     0.2714    0.0014    81.32    251    4.096
   250   -5926.5439     0.2258     0.2206    0.0010    75.40    252    3.887
   251   -5926.7473     0.2028     0.2034    0.0007    71.03    253    3.822
   252   -5926.9594     0.2059     0.2121    0.0008    72.46    254    3.894
   253   -5927.1637     0.2902     0.2043    0.0014    76.51    255    3.184
   254   -5927.3597     0.1908     0.1960    0.0009    79.90    256    3.600
   255   -5927.5419     0.1882     0.1822    0.0010    77.88    257    4.104
   256   -5927.7765     0.2680     0.2345    0.0016    78.76    258    4.010
   257   -5928.0081     0.2726     0.2317    0.0021    82.46    259    4.088
   258   -5928.1872     0.1777     0.1791    0.0008    78.99    260    3.721
   259   -5928.3497     0.1665     0.1624    0.0007    71.74    261    3.680
   260   -5928.5090     0.2253     0.1593    0.0008    74.32    262    3.921
   261   -5928.7222     0.1854     0.2133    0.0013    80.02    263    3.679
   262   -5928.9359     0.2189     0.2137    0.0015    77.51    264    4.017
   263   -5929.0975     0.2415     0.1616    0.0011    77.35    265    4.204
   264   -5929.2373     0.1658     0.1397    0.0002    60.13    266    3.793
   265   -5929.4292     0.1445     0.1919    0.0005    60.35    267    3.491
   266   -5929.5560     0.3216     0.1268    0.0012    73.57    268    4.109
   267   -5929.6971     0.1728     0.1411    0.0007    81.28    269    3.501
   268   -5929.7970     0.1450     0.0999    0.0006    78.24    270    3.290
   269   -5929.9226     0.1677     0.1256    0.0009    78.19    271    3.495
   270   -5930.0640     0.2677     0.1413    0.0012    78.32    272    3.603
   271   -5930.2302     0.1773     0.1663    0.0011    82.06    273    3.708
   272   -5930.3561     0.1467     0.1259    0.0006    74.82    274    4.009
   273   -5930.4805     0.1742     0.1244    0.0007    71.46    275    3.588
   274   -5930.6084     0.1933     0.1279    0.0008    77.04    276    3.489
   275   -5930.7416     0.1667     0.1332    0.0009    79.69    277    3.818
   276   -5930.8565     0.1754     0.1149    0.0009    77.89    278    3.803
   277   -5930.9663     0.1770     0.1098    0.0008    79.49    279    4.087
   278   -5931.1160     0.1730     0.1497    0.0008    77.49    280    3.709
   279   -5931.2819     0.2801     0.1659    0.0014    78.54    281    3.882
   280   -5931.4371     0.1662     0.1552    0.0013    82.35    282    3.429
   281   -5931.5262     0.1259     0.0891    0.0002    60.46    283    4.297
   282   -5931.6487     0.1328     0.1225    0.0006    68.35    284    3.681
   283   -5931.7596     0.2847     0.1108    0.0012    77.46    285    3.901
   284   -5931.9049     0.1705     0.1453    0.0009    82.83    286    3.801
   285   -5932.0670     0.1400     0.1621    0.0013    79.80    287    3.606
   286   -5932.1658     0.2095     0.0988    0.0011    79.69    288    3.597
   287   -5932.2696     0.1375     0.1038    0.0007    81.18    289    3.892
   288   -5932.3921     0.1356     0.1225    0.0008    75.64    290    3.509
   289   -5932.4984     0.2432     0.1063    0.0011    77.13    291    4.803
   290   -5932.6126     0.1646     0.1142    0.0007    80.75    292    3.613
   291   -5932.7254     0.1446     0.1128    0.0007    77.87    293    3.696
   292   -5932.8637     0.2016     0.1383    0.0014    79.92    294    3.973
   293   -5932.9753     0.2450     0.1116    0.0018    83.63    295    3.534
   294   -5933.0834     0.1599     0.1081    0.0005    79.42    296    3.875
   295   -5933.2363     0.1356     0.1530    0.0011    78.40    297    3.613
   296   -5933.3768     0.1792     0.1405    0.0012    79.35    298    3.978
   297   -5933.5138     0.2590     0.1370    0.0019    82.63    299    3.802
   298   -5933.6566     0.1602     0.1428    0.0009    82.15    300    4.006
   299   -5933.7716     0.1368     0.1150    0.0007    75.27    301    4.323
   300   -5933.8678     0.1725     0.0962    0.0006    74.52    302    3.792
   301   -5933.9930     0.1652     0.1252    0.0010    79.79    303    4.077
   302   -5934.1066     0.1602     0.1136    0.0011    80.37    304    4.020
   303   -5934.2042     0.1542     0.0976    0.0009    79.44    305    3.794
   304   -5934.2926     0.1318     0.0884    0.0004    73.27    306    3.695
   305   -5934.4119     0.1278     0.1193    0.0007    71.68    307    3.991
   306   -5934.5035     0.2434     0.0916    0.0011    76.48    308    3.700
   307   -5934.5947     0.1397     0.0912    0.0007    81.71    309    3.312
   308   -5934.6596     0.1137     0.0649    0.0004    75.77    310    3.597
   309   -5934.7470     0.1268     0.0874    0.0008    77.04    311    3.892
   310   -5934.8056     0.2704     0.0586    0.0011    79.00    312    3.513
   311   -5934.8933     0.1393     0.0877    0.0004    79.00    313    4.089
   312   -5934.9745     0.1017     0.0812    0.0005    74.53    314    3.619
   313   -5935.0305     0.1134     0.0560    0.0005    76.60    315    4.104
   314   -5935.0980     0.1863     0.0675    0.0007    77.20    316    4.399
   315   -5935.1921     0.1213     0.0940    0.0009    82.62    317    3.707
   316   -5935.2758     0.1145     0.0838    0.0008    77.74    318    4.007
   317   -5935.3473     0.1866     0.0715    0.0010    76.20    319    4.080
   318   -5935.4186     0.1181     0.0713    0.0003    71.89    320    3.792
   319   -5935.4907     0.1194     0.0721    0.0004    68.09    321    3.908
   320   -5935.5651     0.1453     0.0744    0.0007    77.75    322    3.800
   321   -5935.6419     0.1712     0.0769    0.0011    81.62    323    3.894
   322   -5935.7175     0.1138     0.0756    0.0007    81.89    324    4.003
   323   -5935.7997     0.1223     0.0822    0.0008    77.02    325    3.907
   324   -5935.8567     0.1768     0.0570    0.0008    79.49    326    3.477
   325   -5935.9218     0.1122     0.0651    0.0005    81.24    327    4.015
   326   -5936.0021     0.1049     0.0803    0.0007    76.46    328    3.986
   327   -5936.0563     0.1573     0.0541    0.0007    78.63    329    3.814
   328   -5936.1237     0.1093     0.0674    0.0007    82.21    330    4.506
   329   -5936.1879     0.1055     0.0642    0.0007    78.34    331    3.701
   330   -5936.2333     0.1311     0.0454    0.0007    77.50    332    3.496
   331   -5936.2704     0.0928     0.0372    0.0002    74.89    333    3.690

 Optimization achieved convergence criteria:  0.09284
 Generalized Kirkwood  -2884.47966690      0.115
 Cavitation             1336.20336348      0.192
 Dispersion             -909.63639666      0.297

 Computed Potential Energy
  Bond Stretching            181.08664098         2111        0.000 ( 0.01597)
  Angle Bending              437.98325966         3836        0.000 ( 2.71489)
  Stretch-Bend                 2.45532858         3367        0.000
  Out-of-Plane Bend           16.24515796         1206        0.000
  Torsional Angle             60.19071312         5597        0.000
  Pi-Orbital Torsion          12.49301834          225        0.002
  Torsion-Torsion            -50.17968348            9        0.000
  Van der Waals              350.38679150      2183331        0.005
  Atomic Multipoles        -3723.25787883      2183331
  Polarization              -765.76106457      2183331        2.503
  Solvation                -2457.91270008      2191371
  Total Potential          -5936.27041681  (Kcal/mole)        2.512 (sec)
 Setting atom names to PDB standard.
 Saving 4KY6_pH4.4.pdb_3
 Wrote induced dipoles to: /Dedicated/schnieders/maemmad/pKa_GNN/ffx_pipeline/data/fixed_pdbs/4KY6/4KY6_pH4.4.uind
 Wrote permanent multipoles to: /Dedicated/schnieders/maemmad/pKa_GNN/ffx_pipeline/data/fixed_pdbs/4KY6/4KY6_pH4.4.uperm

 Script wall clock time: 1302.448 (sec)
=== Titration pH 4.4 done: Fri May  8 00:40:39 CDT 2026 ===
