 Evaluating /Dedicated/schnieders/programs/stack-2021.1.sh
  Loading Modules
   Stack 2021.1
   GCC 9.3.0
   CMake 3.20.0
   Eigen 3.3.9
   Cuda 11.1.1
   Cuda: /usr/share/apps/2021.1/arch/gcc-9.3.0/cuda-11.1.1
   CudaNN 8.0.5.39-11.1
   Swig 4.0.2_gcc-9.3.0
  Loading software from /Dedicated/schnieders/programs/local
   Ant: /Dedicated/schnieders/programs/apache-ant-1.10.11
   FFX: /Dedicated/schnieders/programs/ffx-builds/forcefieldx-2026-01-04
   GDMA: /Dedicated/schnieders/programs/gdma-2.3
   Groovy: /Dedicated/schnieders/programs/groovy-4.0.1
   Java: /Dedicated/schnieders/programs/jdk-25.0.1
   Maven: /Dedicated/schnieders/programs/apache-maven-3.9.5
   VMD: /Dedicated/schnieders/programs/vmd
   NAMD: /Dedicated/schnieders/programs/NAMD_3.0alpha7_Linux-x86_64-multicore-CUDA
   OpenEye: /Dedicated/schnieders/programs/OpenEye
   Tinker: /Dedicated/schnieders/programs/tinker-tools
=== 1MBC tinker_min started: Wed Apr 22 00:35:19 CDT 2026 ===

     ######################################################################
   ##########################################################################
  ###                                                                      ###
 ###            Tinker  ---  Software Tools for Molecular Design            ###
 ##                                                                          ##
 ##                        Version 8.11.3   June 2024                        ##
 ##                                                                          ##
 ##               Copyright (c)  Jay William Ponder  1990-2024               ##
 ###                           All Rights Reserved                          ###
  ###                                                                      ###
   ##########################################################################
     ######################################################################

OMP: Info #276: omp_set_nested routine deprecated, please use omp_set_max_active_levels instead.

 KTORTOR  --  Warning, Unequal Tor-Tor Values       -0.41030    -0.34336

 KTORTOR  --  Warning, Unequal Tor-Tor Values       -2.35817    -3.43923

 KTORTOR  --  Warning, Unequal Tor-Tor Values       -5.73614    -5.15707

 KTORTOR  --  Warning, Unequal Tor-Tor Values       -5.25542    -0.72643

 KTORTOR  --  Warning, Unequal Tor-Tor Values        1.38787    -1.82424

 KTORTOR  --  Warning, Unequal Tor-Tor Values       -5.25542    -6.28648

 KTORTOR  --  Warning, Unequal Tor-Tor Values       -5.73614    -3.36364

 KTORTOR  --  Warning, Unequal Tor-Tor Values       -2.35817    -0.91119

 KTORTOR  --  Warning, Unequal Tor-Tor Values       -0.41030     0.00000

 KTORTOR  --  Warning, Unequal Tor-Tor Values       -0.41030     0.00000

 KTORTOR  --  Warning, Unequal Tor-Tor Values        0.11457     0.00000

 KTORTOR  --  Warning, Unequal Tor-Tor Values        2.74331     0.00000

 KTORTOR  --  Warning, Unequal Tor-Tor Values       -0.27385     0.00000

 KTORTOR  --  Warning, Unequal Tor-Tor Values       -4.22230     0.00000

 KTORTOR  --  Warning, Unequal Tor-Tor Values       -0.27385     0.00000

 KTORTOR  --  Warning, Unequal Tor-Tor Values        2.74331     0.00000

 KTORTOR  --  Warning, Unequal Tor-Tor Values        0.11457     0.00000

 KTORTOR  --  Warning, Unequal Tor-Tor Values       -0.41030     0.00000

 KTORTOR  --  Warning, Unequal Tor-Tor Values       -0.91119     0.00000

 KTORTOR  --  Warning, Unequal Tor-Tor Values        1.89156     0.00000

 KTORTOR  --  Warning, Unequal Tor-Tor Values        1.79376     0.00000

 KTORTOR  --  Warning, Unequal Tor-Tor Values       -3.60137     0.00000

 KTORTOR  --  Warning, Unequal Tor-Tor Values       -2.68532     0.00000

 KTORTOR  --  Warning, Unequal Tor-Tor Values        2.53125     0.00000

 KTORTOR  --  Warning, Unequal Tor-Tor Values        1.14392     0.00000

 KTORTOR  --  Warning, Unequal Tor-Tor Values       -0.38834     0.00000

 KTORTOR  --  Warning, Unequal Tor-Tor Values       -1.68618     0.00000

 KTORTOR  --  Warning, Unequal Tor-Tor Values        0.39856     0.00000

 KTORTOR  --  Warning, Unequal Tor-Tor Values        2.55866     0.00000

 KTORTOR  --  Warning, Unequal Tor-Tor Values       -2.03519     0.00000

 KTORTOR  --  Warning, Unequal Tor-Tor Values       -4.67044     0.00000

 KTORTOR  --  Warning, Unequal Tor-Tor Values        1.18267     0.00000

 KTORTOR  --  Warning, Unequal Tor-Tor Values        1.65296     0.00000

 KTORTOR  --  Warning, Unequal Tor-Tor Values       -0.34336     0.00000

 CSPLINE  --  Warning, Non-Periodic Input Values    -0.41030    -0.34336

 CSPLINE  --  Warning, Non-Periodic Input Values    -2.35817    -3.43923

 CSPLINE  --  Warning, Non-Periodic Input Values    -5.73614    -5.15707

 CSPLINE  --  Warning, Non-Periodic Input Values    -5.25542    -0.72643

 CSPLINE  --  Warning, Non-Periodic Input Values     1.38787    -1.82424

 CSPLINE  --  Warning, Non-Periodic Input Values    -5.25542    -6.28648

 CSPLINE  --  Warning, Non-Periodic Input Values    -5.73614    -3.36364

 CSPLINE  --  Warning, Non-Periodic Input Values    -2.35817    -0.91119

 CSPLINE  --  Warning, Non-Periodic Input Values    -0.41030     0.00000

 CSPLINE  --  Warning, Non-Periodic Input Values    -0.41030     0.00000

 CSPLINE  --  Warning, Non-Periodic Input Values     0.11457     0.00000

 CSPLINE  --  Warning, Non-Periodic Input Values     2.74331     0.00000

 CSPLINE  --  Warning, Non-Periodic Input Values    -0.27385     0.00000

 CSPLINE  --  Warning, Non-Periodic Input Values    -4.22230     0.00000

 CSPLINE  --  Warning, Non-Periodic Input Values    -0.27385     0.00000

 CSPLINE  --  Warning, Non-Periodic Input Values     2.74331     0.00000

 CSPLINE  --  Warning, Non-Periodic Input Values     0.11457     0.00000

 CSPLINE  --  Warning, Non-Periodic Input Values    -0.41030     0.00000

 CSPLINE  --  Warning, Non-Periodic Input Values    -0.91119     0.00000

 CSPLINE  --  Warning, Non-Periodic Input Values     1.89156     0.00000

 CSPLINE  --  Warning, Non-Periodic Input Values     1.79376     0.00000

 CSPLINE  --  Warning, Non-Periodic Input Values    -3.60137     0.00000

 CSPLINE  --  Warning, Non-Periodic Input Values    -2.68532     0.00000

 CSPLINE  --  Warning, Non-Periodic Input Values     2.53125     0.00000

 CSPLINE  --  Warning, Non-Periodic Input Values     1.14392     0.00000

 CSPLINE  --  Warning, Non-Periodic Input Values    -0.38834     0.00000

 CSPLINE  --  Warning, Non-Periodic Input Values    -1.68618     0.00000

 CSPLINE  --  Warning, Non-Periodic Input Values     0.39856     0.00000

 CSPLINE  --  Warning, Non-Periodic Input Values     2.55866     0.00000

 CSPLINE  --  Warning, Non-Periodic Input Values    -2.03519     0.00000

 CSPLINE  --  Warning, Non-Periodic Input Values    -4.67044     0.00000

 CSPLINE  --  Warning, Non-Periodic Input Values     1.18267     0.00000

 CSPLINE  --  Warning, Non-Periodic Input Values     1.65296     0.00000

 CSPLINE  --  Warning, Non-Periodic Input Values    -0.34336     0.00000

 CSPLINE  --  Warning, Non-Periodic Input Values    -0.08660     0.00000

 CSPLINE  --  Warning, Non-Periodic Input Values     0.17103     0.00000

 CSPLINE  --  Warning, Non-Periodic Input Values     0.02651     0.00000

 CSPLINE  --  Warning, Non-Periodic Input Values    -0.35476     0.00000

 CSPLINE  --  Warning, Non-Periodic Input Values    -0.00060     0.00000

 CSPLINE  --  Warning, Non-Periodic Input Values     0.35715     0.00000

 CSPLINE  --  Warning, Non-Periodic Input Values    -0.03488     0.00000

 CSPLINE  --  Warning, Non-Periodic Input Values    -0.13995     0.00000

 CSPLINE  --  Warning, Non-Periodic Input Values    -0.03606     0.00000

 CSPLINE  --  Warning, Non-Periodic Input Values     0.07903     0.00000

 CSPLINE  --  Warning, Non-Periodic Input Values     0.18032     0.00000

 CSPLINE  --  Warning, Non-Periodic Input Values    -0.25932     0.00000

 CSPLINE  --  Warning, Non-Periodic Input Values    -0.24162     0.00000

 CSPLINE  --  Warning, Non-Periodic Input Values     0.32998     0.00000

 CSPLINE  --  Warning, Non-Periodic Input Values     0.14821     0.00000

 CSPLINE  --  Warning, Non-Periodic Input Values    -0.15699     0.00000

 CSPLINE  --  Warning, Non-Periodic Input Values    -0.10416     0.00000

 CSPLINE  --  Warning, Non-Periodic Input Values     0.00762     0.00000

 CSPLINE  --  Warning, Non-Periodic Input Values     0.23107     0.00000

 CSPLINE  --  Warning, Non-Periodic Input Values    -0.08293     0.00000

 CSPLINE  --  Warning, Non-Periodic Input Values    -0.38608     0.00000

 CSPLINE  --  Warning, Non-Periodic Input Values     0.18144     0.00000

 CSPLINE  --  Warning, Non-Periodic Input Values     0.30388     0.00000

 CSPLINE  --  Warning, Non-Periodic Input Values    -0.13229     0.00000

 CSPLINE  --  Warning, Non-Periodic Input Values    -0.08660     0.00000

 KTORTOR  --  Warning, Unequal Tor-Tor Values       -0.41030    -0.34336

 KTORTOR  --  Warning, Unequal Tor-Tor Values       -2.35817    -3.43923

 KTORTOR  --  Warning, Unequal Tor-Tor Values       -5.73614    -5.15707

 KTORTOR  --  Warning, Unequal Tor-Tor Values       -5.25542    -0.72643

 KTORTOR  --  Warning, Unequal Tor-Tor Values        1.38787    -1.82424

 KTORTOR  --  Warning, Unequal Tor-Tor Values       -5.25542    -6.28648

 KTORTOR  --  Warning, Unequal Tor-Tor Values       -5.73614    -3.36364

 KTORTOR  --  Warning, Unequal Tor-Tor Values       -2.35817    -0.91119

 KTORTOR  --  Warning, Unequal Tor-Tor Values       -0.41030     0.00000

 KTORTOR  --  Warning, Unequal Tor-Tor Values       -0.41030     0.00000

 KTORTOR  --  Warning, Unequal Tor-Tor Values        0.11457     0.00000

 KTORTOR  --  Warning, Unequal Tor-Tor Values        2.74331     0.00000

 KTORTOR  --  Warning, Unequal Tor-Tor Values       -0.27385     0.00000

 KTORTOR  --  Warning, Unequal Tor-Tor Values       -4.22230     0.00000

 KTORTOR  --  Warning, Unequal Tor-Tor Values       -0.27385     0.00000

 KTORTOR  --  Warning, Unequal Tor-Tor Values        2.74331     0.00000

 KTORTOR  --  Warning, Unequal Tor-Tor Values        0.11457     0.00000

 KTORTOR  --  Warning, Unequal Tor-Tor Values       -0.41030     0.00000

 KTORTOR  --  Warning, Unequal Tor-Tor Values       -0.91119     0.00000

 KTORTOR  --  Warning, Unequal Tor-Tor Values        1.89156     0.00000

 KTORTOR  --  Warning, Unequal Tor-Tor Values        1.79376     0.00000

 KTORTOR  --  Warning, Unequal Tor-Tor Values       -3.60137     0.00000

 KTORTOR  --  Warning, Unequal Tor-Tor Values       -2.68532     0.00000

 KTORTOR  --  Warning, Unequal Tor-Tor Values        2.53125     0.00000

 KTORTOR  --  Warning, Unequal Tor-Tor Values        1.14392     0.00000

 KTORTOR  --  Warning, Unequal Tor-Tor Values       -0.38834     0.00000

 KTORTOR  --  Warning, Unequal Tor-Tor Values       -1.68618     0.00000

 KTORTOR  --  Warning, Unequal Tor-Tor Values        0.39856     0.00000

 KTORTOR  --  Warning, Unequal Tor-Tor Values        2.55866     0.00000

 KTORTOR  --  Warning, Unequal Tor-Tor Values       -2.03519     0.00000

 KTORTOR  --  Warning, Unequal Tor-Tor Values       -4.67044     0.00000

 KTORTOR  --  Warning, Unequal Tor-Tor Values        1.18267     0.00000

 KTORTOR  --  Warning, Unequal Tor-Tor Values        1.65296     0.00000

 KTORTOR  --  Warning, Unequal Tor-Tor Values       -0.34336     0.00000

 CSPLINE  --  Warning, Non-Periodic Input Values    -0.41030    -0.34336

 CSPLINE  --  Warning, Non-Periodic Input Values    -2.35817    -3.43923

 CSPLINE  --  Warning, Non-Periodic Input Values    -5.73614    -5.15707

 CSPLINE  --  Warning, Non-Periodic Input Values    -5.25542    -0.72643

 CSPLINE  --  Warning, Non-Periodic Input Values     1.38787    -1.82424

 CSPLINE  --  Warning, Non-Periodic Input Values    -5.25542    -6.28648

 CSPLINE  --  Warning, Non-Periodic Input Values    -5.73614    -3.36364

 CSPLINE  --  Warning, Non-Periodic Input Values    -2.35817    -0.91119

 CSPLINE  --  Warning, Non-Periodic Input Values    -0.41030     0.00000

 CSPLINE  --  Warning, Non-Periodic Input Values    -0.41030     0.00000

 CSPLINE  --  Warning, Non-Periodic Input Values     0.11457     0.00000

 CSPLINE  --  Warning, Non-Periodic Input Values     2.74331     0.00000

 CSPLINE  --  Warning, Non-Periodic Input Values    -0.27385     0.00000

 CSPLINE  --  Warning, Non-Periodic Input Values    -4.22230     0.00000

 CSPLINE  --  Warning, Non-Periodic Input Values    -0.27385     0.00000

 CSPLINE  --  Warning, Non-Periodic Input Values     2.74331     0.00000

 CSPLINE  --  Warning, Non-Periodic Input Values     0.11457     0.00000

 CSPLINE  --  Warning, Non-Periodic Input Values    -0.41030     0.00000

 CSPLINE  --  Warning, Non-Periodic Input Values    -0.91119     0.00000

 CSPLINE  --  Warning, Non-Periodic Input Values     1.89156     0.00000

 CSPLINE  --  Warning, Non-Periodic Input Values     1.79376     0.00000

 CSPLINE  --  Warning, Non-Periodic Input Values    -3.60137     0.00000

 CSPLINE  --  Warning, Non-Periodic Input Values    -2.68532     0.00000

 CSPLINE  --  Warning, Non-Periodic Input Values     2.53125     0.00000

 CSPLINE  --  Warning, Non-Periodic Input Values     1.14392     0.00000

 CSPLINE  --  Warning, Non-Periodic Input Values    -0.38834     0.00000

 CSPLINE  --  Warning, Non-Periodic Input Values    -1.68618     0.00000

 CSPLINE  --  Warning, Non-Periodic Input Values     0.39856     0.00000

 CSPLINE  --  Warning, Non-Periodic Input Values     2.55866     0.00000

 CSPLINE  --  Warning, Non-Periodic Input Values    -2.03519     0.00000

 CSPLINE  --  Warning, Non-Periodic Input Values    -4.67044     0.00000

 CSPLINE  --  Warning, Non-Periodic Input Values     1.18267     0.00000

 CSPLINE  --  Warning, Non-Periodic Input Values     1.65296     0.00000

 CSPLINE  --  Warning, Non-Periodic Input Values    -0.34336     0.00000

 CSPLINE  --  Warning, Non-Periodic Input Values    -0.08660     0.00000

 CSPLINE  --  Warning, Non-Periodic Input Values     0.17103     0.00000

 CSPLINE  --  Warning, Non-Periodic Input Values     0.02651     0.00000

 CSPLINE  --  Warning, Non-Periodic Input Values    -0.35476     0.00000

 CSPLINE  --  Warning, Non-Periodic Input Values    -0.00060     0.00000

 CSPLINE  --  Warning, Non-Periodic Input Values     0.35715     0.00000

 CSPLINE  --  Warning, Non-Periodic Input Values    -0.03488     0.00000

 CSPLINE  --  Warning, Non-Periodic Input Values    -0.13995     0.00000

 CSPLINE  --  Warning, Non-Periodic Input Values    -0.03606     0.00000

 CSPLINE  --  Warning, Non-Periodic Input Values     0.07903     0.00000

 CSPLINE  --  Warning, Non-Periodic Input Values     0.18032     0.00000

 CSPLINE  --  Warning, Non-Periodic Input Values    -0.25932     0.00000

 CSPLINE  --  Warning, Non-Periodic Input Values    -0.24162     0.00000

 CSPLINE  --  Warning, Non-Periodic Input Values     0.32998     0.00000

 CSPLINE  --  Warning, Non-Periodic Input Values     0.14821     0.00000

 CSPLINE  --  Warning, Non-Periodic Input Values    -0.15699     0.00000

 CSPLINE  --  Warning, Non-Periodic Input Values    -0.10416     0.00000

 CSPLINE  --  Warning, Non-Periodic Input Values     0.00762     0.00000

 CSPLINE  --  Warning, Non-Periodic Input Values     0.23107     0.00000

 CSPLINE  --  Warning, Non-Periodic Input Values    -0.08293     0.00000

 CSPLINE  --  Warning, Non-Periodic Input Values    -0.38608     0.00000

 CSPLINE  --  Warning, Non-Periodic Input Values     0.18144     0.00000

 CSPLINE  --  Warning, Non-Periodic Input Values     0.30388     0.00000

 CSPLINE  --  Warning, Non-Periodic Input Values    -0.13229     0.00000

 CSPLINE  --  Warning, Non-Periodic Input Values    -0.08660     0.00000

 KTORTOR  --  Warning, Unequal Tor-Tor Values       -0.41030    -0.34336

 KTORTOR  --  Warning, Unequal Tor-Tor Values       -2.35817    -3.43923

 KTORTOR  --  Warning, Unequal Tor-Tor Values       -5.73614    -5.15707

 KTORTOR  --  Warning, Unequal Tor-Tor Values       -5.25542    -0.72643

 KTORTOR  --  Warning, Unequal Tor-Tor Values        1.38787    -1.82424

 KTORTOR  --  Warning, Unequal Tor-Tor Values       -5.25542    -6.28648

 KTORTOR  --  Warning, Unequal Tor-Tor Values       -5.73614    -3.36364

 KTORTOR  --  Warning, Unequal Tor-Tor Values       -2.35817    -0.91119

 KTORTOR  --  Warning, Unequal Tor-Tor Values       -0.41030     0.00000

 KTORTOR  --  Warning, Unequal Tor-Tor Values       -0.41030     0.00000

 KTORTOR  --  Warning, Unequal Tor-Tor Values        0.11457     0.00000

 KTORTOR  --  Warning, Unequal Tor-Tor Values        2.74331     0.00000

 KTORTOR  --  Warning, Unequal Tor-Tor Values       -0.27385     0.00000

 KTORTOR  --  Warning, Unequal Tor-Tor Values       -4.22230     0.00000

 KTORTOR  --  Warning, Unequal Tor-Tor Values       -0.27385     0.00000

 KTORTOR  --  Warning, Unequal Tor-Tor Values        2.74331     0.00000

 KTORTOR  --  Warning, Unequal Tor-Tor Values        0.11457     0.00000

 KTORTOR  --  Warning, Unequal Tor-Tor Values       -0.41030     0.00000

 KTORTOR  --  Warning, Unequal Tor-Tor Values       -0.91119     0.00000

 KTORTOR  --  Warning, Unequal Tor-Tor Values        1.89156     0.00000

 KTORTOR  --  Warning, Unequal Tor-Tor Values        1.79376     0.00000

 KTORTOR  --  Warning, Unequal Tor-Tor Values       -3.60137     0.00000

 KTORTOR  --  Warning, Unequal Tor-Tor Values       -2.68532     0.00000

 KTORTOR  --  Warning, Unequal Tor-Tor Values        2.53125     0.00000

 KTORTOR  --  Warning, Unequal Tor-Tor Values        1.14392     0.00000

 KTORTOR  --  Warning, Unequal Tor-Tor Values       -0.38834     0.00000

 KTORTOR  --  Warning, Unequal Tor-Tor Values       -1.68618     0.00000

 KTORTOR  --  Warning, Unequal Tor-Tor Values        0.39856     0.00000

 KTORTOR  --  Warning, Unequal Tor-Tor Values        2.55866     0.00000

 KTORTOR  --  Warning, Unequal Tor-Tor Values       -2.03519     0.00000

 KTORTOR  --  Warning, Unequal Tor-Tor Values       -4.67044     0.00000

 KTORTOR  --  Warning, Unequal Tor-Tor Values        1.18267     0.00000

 KTORTOR  --  Warning, Unequal Tor-Tor Values        1.65296     0.00000

 KTORTOR  --  Warning, Unequal Tor-Tor Values       -0.34336     0.00000

 CSPLINE  --  Warning, Non-Periodic Input Values    -0.41030    -0.34336

 CSPLINE  --  Warning, Non-Periodic Input Values    -2.35817    -3.43923

 CSPLINE  --  Warning, Non-Periodic Input Values    -5.73614    -5.15707

 CSPLINE  --  Warning, Non-Periodic Input Values    -5.25542    -0.72643

 CSPLINE  --  Warning, Non-Periodic Input Values     1.38787    -1.82424

 CSPLINE  --  Warning, Non-Periodic Input Values    -5.25542    -6.28648

 CSPLINE  --  Warning, Non-Periodic Input Values    -5.73614    -3.36364

 CSPLINE  --  Warning, Non-Periodic Input Values    -2.35817    -0.91119

 CSPLINE  --  Warning, Non-Periodic Input Values    -0.41030     0.00000

 CSPLINE  --  Warning, Non-Periodic Input Values    -0.41030     0.00000

 CSPLINE  --  Warning, Non-Periodic Input Values     0.11457     0.00000

 CSPLINE  --  Warning, Non-Periodic Input Values     2.74331     0.00000

 CSPLINE  --  Warning, Non-Periodic Input Values    -0.27385     0.00000

 CSPLINE  --  Warning, Non-Periodic Input Values    -4.22230     0.00000

 CSPLINE  --  Warning, Non-Periodic Input Values    -0.27385     0.00000

 CSPLINE  --  Warning, Non-Periodic Input Values     2.74331     0.00000

 CSPLINE  --  Warning, Non-Periodic Input Values     0.11457     0.00000

 CSPLINE  --  Warning, Non-Periodic Input Values    -0.41030     0.00000

 CSPLINE  --  Warning, Non-Periodic Input Values    -0.91119     0.00000

 CSPLINE  --  Warning, Non-Periodic Input Values     1.89156     0.00000

 CSPLINE  --  Warning, Non-Periodic Input Values     1.79376     0.00000

 CSPLINE  --  Warning, Non-Periodic Input Values    -3.60137     0.00000

 CSPLINE  --  Warning, Non-Periodic Input Values    -2.68532     0.00000

 CSPLINE  --  Warning, Non-Periodic Input Values     2.53125     0.00000

 CSPLINE  --  Warning, Non-Periodic Input Values     1.14392     0.00000

 CSPLINE  --  Warning, Non-Periodic Input Values    -0.38834     0.00000

 CSPLINE  --  Warning, Non-Periodic Input Values    -1.68618     0.00000

 CSPLINE  --  Warning, Non-Periodic Input Values     0.39856     0.00000

 CSPLINE  --  Warning, Non-Periodic Input Values     2.55866     0.00000

 CSPLINE  --  Warning, Non-Periodic Input Values    -2.03519     0.00000

 CSPLINE  --  Warning, Non-Periodic Input Values    -4.67044     0.00000

 CSPLINE  --  Warning, Non-Periodic Input Values     1.18267     0.00000

 CSPLINE  --  Warning, Non-Periodic Input Values     1.65296     0.00000

 CSPLINE  --  Warning, Non-Periodic Input Values    -0.34336     0.00000

 CSPLINE  --  Warning, Non-Periodic Input Values    -0.08660     0.00000

 CSPLINE  --  Warning, Non-Periodic Input Values     0.17103     0.00000

 CSPLINE  --  Warning, Non-Periodic Input Values     0.02651     0.00000

 CSPLINE  --  Warning, Non-Periodic Input Values    -0.35476     0.00000

 CSPLINE  --  Warning, Non-Periodic Input Values    -0.00060     0.00000

 CSPLINE  --  Warning, Non-Periodic Input Values     0.35715     0.00000

 CSPLINE  --  Warning, Non-Periodic Input Values    -0.03488     0.00000

 CSPLINE  --  Warning, Non-Periodic Input Values    -0.13995     0.00000

 CSPLINE  --  Warning, Non-Periodic Input Values    -0.03606     0.00000

 CSPLINE  --  Warning, Non-Periodic Input Values     0.07903     0.00000

 CSPLINE  --  Warning, Non-Periodic Input Values     0.18032     0.00000

 CSPLINE  --  Warning, Non-Periodic Input Values    -0.25932     0.00000

 CSPLINE  --  Warning, Non-Periodic Input Values    -0.24162     0.00000

 CSPLINE  --  Warning, Non-Periodic Input Values     0.32998     0.00000

 CSPLINE  --  Warning, Non-Periodic Input Values     0.14821     0.00000

 CSPLINE  --  Warning, Non-Periodic Input Values    -0.15699     0.00000

 CSPLINE  --  Warning, Non-Periodic Input Values    -0.10416     0.00000

 CSPLINE  --  Warning, Non-Periodic Input Values     0.00762     0.00000

 CSPLINE  --  Warning, Non-Periodic Input Values     0.23107     0.00000

 CSPLINE  --  Warning, Non-Periodic Input Values    -0.08293     0.00000

 CSPLINE  --  Warning, Non-Periodic Input Values    -0.38608     0.00000

 CSPLINE  --  Warning, Non-Periodic Input Values     0.18144     0.00000

 CSPLINE  --  Warning, Non-Periodic Input Values     0.30388     0.00000

 CSPLINE  --  Warning, Non-Periodic Input Values    -0.13229     0.00000

 CSPLINE  --  Warning, Non-Periodic Input Values    -0.08660     0.00000

 Particle Mesh Ewald Parameters :

     Type                Ewald Alpha    Grid Dimensions    Spline Order

   Electrostatics           0.5446        90   90   90           5
   Polarization             0.5446        90   90   90           5

 Enter RMS Gradient per Atom Criterion [0.01] :  
 Limited Memory BFGS Quasi-Newton Optimization :

 QN Iter     F Value      G RMS      F Move   X Move   Angle  FG Call  Comment

     0   -91089.8301    32.8992                                   1
 Induced Dipole File          /Dedicated/schnieders/maemmad/pKa_GNN/Graph_pKa/Data/7_Energy_Minimization_Systems/1MBC/1MBC.uind
     1   -93407.3288    27.8335   2317.4987   0.0023    0.00      2    Success 
 Induced Dipole File          /Dedicated/schnieders/maemmad/pKa_GNN/Graph_pKa/Data/7_Energy_Minimization_Systems/1MBC/1MBC.uind
     2   -95322.3091    24.1147   1914.9802   0.0023   15.48      3    Success 
 Induced Dipole File          /Dedicated/schnieders/maemmad/pKa_GNN/Graph_pKa/Data/7_Energy_Minimization_Systems/1MBC/1MBC.uind
     3   -96935.3319    20.8998   1613.0229   0.0023   21.58      4    Success 
 Induced Dipole File          /Dedicated/schnieders/maemmad/pKa_GNN/Graph_pKa/Data/7_Energy_Minimization_Systems/1MBC/1MBC.uind
     4   -98293.6686    18.3089   1358.3367   0.0023   26.35      5    Success 
 Induced Dipole File          /Dedicated/schnieders/maemmad/pKa_GNN/Graph_pKa/Data/7_Energy_Minimization_Systems/1MBC/1MBC.uind
     5  -100490.0570    14.1747   2196.3884   0.0045   30.47      7    Success 
 Induced Dipole File          /Dedicated/schnieders/maemmad/pKa_GNN/Graph_pKa/Data/7_Energy_Minimization_Systems/1MBC/1MBC.uind
     6  -102216.4027    10.9931   1726.3456   0.0045   29.45      9    Success 
 Induced Dipole File          /Dedicated/schnieders/maemmad/pKa_GNN/Graph_pKa/Data/7_Energy_Minimization_Systems/1MBC/1MBC.uind
     7  -103606.7097     8.7256   1390.3071   0.0045   25.81     11    Success 
 Induced Dipole File          /Dedicated/schnieders/maemmad/pKa_GNN/Graph_pKa/Data/7_Energy_Minimization_Systems/1MBC/1MBC.uind
     8  -104765.8317     7.1317   1159.1220   0.0045   19.32     13    Success 
 Induced Dipole File          /Dedicated/schnieders/maemmad/pKa_GNN/Graph_pKa/Data/7_Energy_Minimization_Systems/1MBC/1MBC.uind
     9  -105761.5640     6.0967    995.7323   0.0045   10.31     15    Success 
 Induced Dipole File          /Dedicated/schnieders/maemmad/pKa_GNN/Graph_pKa/Data/7_Energy_Minimization_Systems/1MBC/1MBC.uind
    10  -106632.3902     5.5861    870.8261   0.0045    2.25     17    Success 
 Induced Dipole File          /Dedicated/schnieders/maemmad/pKa_GNN/Graph_pKa/Data/7_Energy_Minimization_Systems/1MBC/1MBC.uind
    11  -107412.6983     5.4072    780.3081   0.0045   12.71     19    Success 
 Induced Dipole File          /Dedicated/schnieders/maemmad/pKa_GNN/Graph_pKa/Data/7_Energy_Minimization_Systems/1MBC/1MBC.uind
    12  -108127.1698     5.3185    714.4715   0.0045   23.50     21    Success 
 Induced Dipole File          /Dedicated/schnieders/maemmad/pKa_GNN/Graph_pKa/Data/7_Energy_Minimization_Systems/1MBC/1MBC.uind
    13  -108785.5871     5.4117    658.4173   0.0045   31.49     23    Success 
 Induced Dipole File          /Dedicated/schnieders/maemmad/pKa_GNN/Graph_pKa/Data/7_Energy_Minimization_Systems/1MBC/1MBC.uind
    14  -109399.5436     5.5617    613.9565   0.0045   38.44     25    Success 
 Induced Dipole File          /Dedicated/schnieders/maemmad/pKa_GNN/Graph_pKa/Data/7_Energy_Minimization_Systems/1MBC/1MBC.uind
    15  -110253.3573     5.6877    853.8137   0.0068   44.23     28    Success 
 Induced Dipole File          /Dedicated/schnieders/maemmad/pKa_GNN/Graph_pKa/Data/7_Energy_Minimization_Systems/1MBC/1MBC.uind
    16  -111030.5500     5.9488    777.1927   0.0068   50.30     31    Success 
 Induced Dipole File          /Dedicated/schnieders/maemmad/pKa_GNN/Graph_pKa/Data/7_Energy_Minimization_Systems/1MBC/1MBC.uind
    17  -111749.1055     6.0576    718.5555   0.0068   55.56     34    Success 
 Induced Dipole File          /Dedicated/schnieders/maemmad/pKa_GNN/Graph_pKa/Data/7_Energy_Minimization_Systems/1MBC/1MBC.uind
    18  -112416.3053     6.0843    667.1998   0.0068   59.18     37    Success 
 Induced Dipole File          /Dedicated/schnieders/maemmad/pKa_GNN/Graph_pKa/Data/7_Energy_Minimization_Systems/1MBC/1MBC.uind
    19  -113035.5281     6.1576    619.2228   0.0068   61.72     40    Success 
 Induced Dipole File          /Dedicated/schnieders/maemmad/pKa_GNN/Graph_pKa/Data/7_Energy_Minimization_Systems/1MBC/1MBC.uind
    20  -113615.4412     6.1524    579.9131   0.0068   63.80     43    Success 
 Induced Dipole File          /Dedicated/schnieders/maemmad/pKa_GNN/Graph_pKa/Data/7_Energy_Minimization_Systems/1MBC/1MBC.uind
forrtl: error (78): process killed (SIGTERM)
Image              PC                Routine            Line        Source             
minimize           000000000094C61B  Unknown               Unknown  Unknown
libpthread-2.17.s  00002B3C548CB630  Unknown               Unknown  Unknown
libc-2.17.so       00002B3C54BBB917  __sched_yield         Unknown  Unknown
libiomp5.so        00002B3C54508B53  Unknown               Unknown  Unknown
libiomp5.so        00002B3C5450FB11  Unknown               Unknown  Unknown
libiomp5.so        00002B3C54513E90  __kmpc_barrier        Unknown  Unknown
minimize           00000000006B8FF4  Unknown               Unknown  Unknown
libiomp5.so        00002B3C545D6193  __kmp_invoke_micr     Unknown  Unknown
libiomp5.so        00002B3C54554A93  Unknown               Unknown  Unknown
libiomp5.so        00002B3C545564F7  __kmp_fork_call       Unknown  Unknown
libiomp5.so        00002B3C545135C3  __kmpc_fork_call      Unknown  Unknown
minimize           00000000006B8E7A  Unknown               Unknown  Unknown
minimize           000000000061C883  Unknown               Unknown  Unknown
minimize           000000000061B0DB  Unknown               Unknown  Unknown
minimize           00000000005F6529  Unknown               Unknown  Unknown
minimize           00000000005CD8C5  Unknown               Unknown  Unknown
minimize           0000000000537CB7  Unknown               Unknown  Unknown
minimize           00000000005098C7  Unknown               Unknown  Unknown
minimize           000000000042BF7A  Unknown               Unknown  Unknown
minimize           0000000000407CD5  Unknown               Unknown  Unknown
minimize           0000000000464D15  Unknown               Unknown  Unknown
minimize           0000000000430F31  Unknown               Unknown  Unknown
minimize           0000000000407018  Unknown               Unknown  Unknown
minimize           0000000000406812  Unknown               Unknown  Unknown
libc-2.17.so       00002B3C54AFA555  __libc_start_main     Unknown  Unknown
minimize           0000000000406729  Unknown               Unknown  Unknown
