 Evaluating /Dedicated/schnieders/programs/stack-2021.1.sh
  Loading Modules
   Stack 2021.1
   GCC 9.3.0
   CMake 3.20.0
   Eigen 3.3.9
   Cuda 11.1.1
   Cuda: /usr/share/apps/2021.1/arch/gcc-9.3.0/cuda-11.1.1
   CudaNN 8.0.5.39-11.1
   Swig 4.0.2_gcc-9.3.0
  Loading software from /Dedicated/schnieders/programs/local
   Ant: /Dedicated/schnieders/programs/apache-ant-1.10.11
   FFX: /Dedicated/schnieders/programs/ffx-builds/forcefieldx-2026-01-04
   GDMA: /Dedicated/schnieders/programs/gdma-2.3
   Groovy: /Dedicated/schnieders/programs/groovy-4.0.1
   Java: /Dedicated/schnieders/programs/jdk-25.0.1
   Maven: /Dedicated/schnieders/programs/apache-maven-3.9.5
   VMD: /Dedicated/schnieders/programs/vmd
   NAMD: /Dedicated/schnieders/programs/NAMD_3.0alpha7_Linux-x86_64-multicore-CUDA
   OpenEye: /Dedicated/schnieders/programs/OpenEye
   Tinker: /Dedicated/schnieders/programs/tinker-tools
=== 2CPL tinker_min started: Wed Apr 22 07:11:59 CDT 2026 ===

     ######################################################################
   ##########################################################################
  ###                                                                      ###
 ###            Tinker  ---  Software Tools for Molecular Design            ###
 ##                                                                          ##
 ##                        Version 8.11.3   June 2024                        ##
 ##                                                                          ##
 ##               Copyright (c)  Jay William Ponder  1990-2024               ##
 ###                           All Rights Reserved                          ###
  ###                                                                      ###
   ##########################################################################
     ######################################################################

OMP: Info #276: omp_set_nested routine deprecated, please use omp_set_max_active_levels instead.

 KTORTOR  --  Warning, Unequal Tor-Tor Values       -0.41030    -0.34336

 KTORTOR  --  Warning, Unequal Tor-Tor Values       -2.35817    -3.43923

 KTORTOR  --  Warning, Unequal Tor-Tor Values       -5.73614    -5.15707

 KTORTOR  --  Warning, Unequal Tor-Tor Values       -5.25542    -0.72643

 KTORTOR  --  Warning, Unequal Tor-Tor Values        1.38787    -1.82424

 KTORTOR  --  Warning, Unequal Tor-Tor Values       -5.25542    -6.28648

 KTORTOR  --  Warning, Unequal Tor-Tor Values       -5.73614    -3.36364

 KTORTOR  --  Warning, Unequal Tor-Tor Values       -2.35817    -0.91119

 KTORTOR  --  Warning, Unequal Tor-Tor Values       -0.41030     0.00000

 KTORTOR  --  Warning, Unequal Tor-Tor Values       -0.41030     0.00000

 KTORTOR  --  Warning, Unequal Tor-Tor Values        0.11457     0.00000

 KTORTOR  --  Warning, Unequal Tor-Tor Values        2.74331     0.00000

 KTORTOR  --  Warning, Unequal Tor-Tor Values       -0.27385     0.00000

 KTORTOR  --  Warning, Unequal Tor-Tor Values       -4.22230     0.00000

 KTORTOR  --  Warning, Unequal Tor-Tor Values       -0.27385     0.00000

 KTORTOR  --  Warning, Unequal Tor-Tor Values        2.74331     0.00000

 KTORTOR  --  Warning, Unequal Tor-Tor Values        0.11457     0.00000

 KTORTOR  --  Warning, Unequal Tor-Tor Values       -0.41030     0.00000

 KTORTOR  --  Warning, Unequal Tor-Tor Values       -0.91119     0.00000

 KTORTOR  --  Warning, Unequal Tor-Tor Values        1.89156     0.00000

 KTORTOR  --  Warning, Unequal Tor-Tor Values        1.79376     0.00000

 KTORTOR  --  Warning, Unequal Tor-Tor Values       -3.60137     0.00000

 KTORTOR  --  Warning, Unequal Tor-Tor Values       -2.68532     0.00000

 KTORTOR  --  Warning, Unequal Tor-Tor Values        2.53125     0.00000

 KTORTOR  --  Warning, Unequal Tor-Tor Values        1.14392     0.00000

 KTORTOR  --  Warning, Unequal Tor-Tor Values       -0.38834     0.00000

 KTORTOR  --  Warning, Unequal Tor-Tor Values       -1.68618     0.00000

 KTORTOR  --  Warning, Unequal Tor-Tor Values        0.39856     0.00000

 KTORTOR  --  Warning, Unequal Tor-Tor Values        2.55866     0.00000

 KTORTOR  --  Warning, Unequal Tor-Tor Values       -2.03519     0.00000

 KTORTOR  --  Warning, Unequal Tor-Tor Values       -4.67044     0.00000

 KTORTOR  --  Warning, Unequal Tor-Tor Values        1.18267     0.00000

 KTORTOR  --  Warning, Unequal Tor-Tor Values        1.65296     0.00000

 KTORTOR  --  Warning, Unequal Tor-Tor Values       -0.34336     0.00000

 CSPLINE  --  Warning, Non-Periodic Input Values    -0.41030    -0.34336

 CSPLINE  --  Warning, Non-Periodic Input Values    -2.35817    -3.43923

 CSPLINE  --  Warning, Non-Periodic Input Values    -5.73614    -5.15707

 CSPLINE  --  Warning, Non-Periodic Input Values    -5.25542    -0.72643

 CSPLINE  --  Warning, Non-Periodic Input Values     1.38787    -1.82424

 CSPLINE  --  Warning, Non-Periodic Input Values    -5.25542    -6.28648

 CSPLINE  --  Warning, Non-Periodic Input Values    -5.73614    -3.36364

 CSPLINE  --  Warning, Non-Periodic Input Values    -2.35817    -0.91119

 CSPLINE  --  Warning, Non-Periodic Input Values    -0.41030     0.00000

 CSPLINE  --  Warning, Non-Periodic Input Values    -0.41030     0.00000

 CSPLINE  --  Warning, Non-Periodic Input Values     0.11457     0.00000

 CSPLINE  --  Warning, Non-Periodic Input Values     2.74331     0.00000

 CSPLINE  --  Warning, Non-Periodic Input Values    -0.27385     0.00000

 CSPLINE  --  Warning, Non-Periodic Input Values    -4.22230     0.00000

 CSPLINE  --  Warning, Non-Periodic Input Values    -0.27385     0.00000

 CSPLINE  --  Warning, Non-Periodic Input Values     2.74331     0.00000

 CSPLINE  --  Warning, Non-Periodic Input Values     0.11457     0.00000

 CSPLINE  --  Warning, Non-Periodic Input Values    -0.41030     0.00000

 CSPLINE  --  Warning, Non-Periodic Input Values    -0.91119     0.00000

 CSPLINE  --  Warning, Non-Periodic Input Values     1.89156     0.00000

 CSPLINE  --  Warning, Non-Periodic Input Values     1.79376     0.00000

 CSPLINE  --  Warning, Non-Periodic Input Values    -3.60137     0.00000

 CSPLINE  --  Warning, Non-Periodic Input Values    -2.68532     0.00000

 CSPLINE  --  Warning, Non-Periodic Input Values     2.53125     0.00000

 CSPLINE  --  Warning, Non-Periodic Input Values     1.14392     0.00000

 CSPLINE  --  Warning, Non-Periodic Input Values    -0.38834     0.00000

 CSPLINE  --  Warning, Non-Periodic Input Values    -1.68618     0.00000

 CSPLINE  --  Warning, Non-Periodic Input Values     0.39856     0.00000

 CSPLINE  --  Warning, Non-Periodic Input Values     2.55866     0.00000

 CSPLINE  --  Warning, Non-Periodic Input Values    -2.03519     0.00000

 CSPLINE  --  Warning, Non-Periodic Input Values    -4.67044     0.00000

 CSPLINE  --  Warning, Non-Periodic Input Values     1.18267     0.00000

 CSPLINE  --  Warning, Non-Periodic Input Values     1.65296     0.00000

 CSPLINE  --  Warning, Non-Periodic Input Values    -0.34336     0.00000

 CSPLINE  --  Warning, Non-Periodic Input Values    -0.08660     0.00000

 CSPLINE  --  Warning, Non-Periodic Input Values     0.17103     0.00000

 CSPLINE  --  Warning, Non-Periodic Input Values     0.02651     0.00000

 CSPLINE  --  Warning, Non-Periodic Input Values    -0.35476     0.00000

 CSPLINE  --  Warning, Non-Periodic Input Values    -0.00060     0.00000

 CSPLINE  --  Warning, Non-Periodic Input Values     0.35715     0.00000

 CSPLINE  --  Warning, Non-Periodic Input Values    -0.03488     0.00000

 CSPLINE  --  Warning, Non-Periodic Input Values    -0.13995     0.00000

 CSPLINE  --  Warning, Non-Periodic Input Values    -0.03606     0.00000

 CSPLINE  --  Warning, Non-Periodic Input Values     0.07903     0.00000

 CSPLINE  --  Warning, Non-Periodic Input Values     0.18032     0.00000

 CSPLINE  --  Warning, Non-Periodic Input Values    -0.25932     0.00000

 CSPLINE  --  Warning, Non-Periodic Input Values    -0.24162     0.00000

 CSPLINE  --  Warning, Non-Periodic Input Values     0.32998     0.00000

 CSPLINE  --  Warning, Non-Periodic Input Values     0.14821     0.00000

 CSPLINE  --  Warning, Non-Periodic Input Values    -0.15699     0.00000

 CSPLINE  --  Warning, Non-Periodic Input Values    -0.10416     0.00000

 CSPLINE  --  Warning, Non-Periodic Input Values     0.00762     0.00000

 CSPLINE  --  Warning, Non-Periodic Input Values     0.23107     0.00000

 CSPLINE  --  Warning, Non-Periodic Input Values    -0.08293     0.00000

 CSPLINE  --  Warning, Non-Periodic Input Values    -0.38608     0.00000

 CSPLINE  --  Warning, Non-Periodic Input Values     0.18144     0.00000

 CSPLINE  --  Warning, Non-Periodic Input Values     0.30388     0.00000

 CSPLINE  --  Warning, Non-Periodic Input Values    -0.13229     0.00000

 CSPLINE  --  Warning, Non-Periodic Input Values    -0.08660     0.00000

 KTORTOR  --  Warning, Unequal Tor-Tor Values       -0.41030    -0.34336

 KTORTOR  --  Warning, Unequal Tor-Tor Values       -2.35817    -3.43923

 KTORTOR  --  Warning, Unequal Tor-Tor Values       -5.73614    -5.15707

 KTORTOR  --  Warning, Unequal Tor-Tor Values       -5.25542    -0.72643

 KTORTOR  --  Warning, Unequal Tor-Tor Values        1.38787    -1.82424

 KTORTOR  --  Warning, Unequal Tor-Tor Values       -5.25542    -6.28648

 KTORTOR  --  Warning, Unequal Tor-Tor Values       -5.73614    -3.36364

 KTORTOR  --  Warning, Unequal Tor-Tor Values       -2.35817    -0.91119

 KTORTOR  --  Warning, Unequal Tor-Tor Values       -0.41030     0.00000

 KTORTOR  --  Warning, Unequal Tor-Tor Values       -0.41030     0.00000

 KTORTOR  --  Warning, Unequal Tor-Tor Values        0.11457     0.00000

 KTORTOR  --  Warning, Unequal Tor-Tor Values        2.74331     0.00000

 KTORTOR  --  Warning, Unequal Tor-Tor Values       -0.27385     0.00000

 KTORTOR  --  Warning, Unequal Tor-Tor Values       -4.22230     0.00000

 KTORTOR  --  Warning, Unequal Tor-Tor Values       -0.27385     0.00000

 KTORTOR  --  Warning, Unequal Tor-Tor Values        2.74331     0.00000

 KTORTOR  --  Warning, Unequal Tor-Tor Values        0.11457     0.00000

 KTORTOR  --  Warning, Unequal Tor-Tor Values       -0.41030     0.00000

 KTORTOR  --  Warning, Unequal Tor-Tor Values       -0.91119     0.00000

 KTORTOR  --  Warning, Unequal Tor-Tor Values        1.89156     0.00000

 KTORTOR  --  Warning, Unequal Tor-Tor Values        1.79376     0.00000

 KTORTOR  --  Warning, Unequal Tor-Tor Values       -3.60137     0.00000

 KTORTOR  --  Warning, Unequal Tor-Tor Values       -2.68532     0.00000

 KTORTOR  --  Warning, Unequal Tor-Tor Values        2.53125     0.00000

 KTORTOR  --  Warning, Unequal Tor-Tor Values        1.14392     0.00000

 KTORTOR  --  Warning, Unequal Tor-Tor Values       -0.38834     0.00000

 KTORTOR  --  Warning, Unequal Tor-Tor Values       -1.68618     0.00000

 KTORTOR  --  Warning, Unequal Tor-Tor Values        0.39856     0.00000

 KTORTOR  --  Warning, Unequal Tor-Tor Values        2.55866     0.00000

 KTORTOR  --  Warning, Unequal Tor-Tor Values       -2.03519     0.00000

 KTORTOR  --  Warning, Unequal Tor-Tor Values       -4.67044     0.00000

 KTORTOR  --  Warning, Unequal Tor-Tor Values        1.18267     0.00000

 KTORTOR  --  Warning, Unequal Tor-Tor Values        1.65296     0.00000

 KTORTOR  --  Warning, Unequal Tor-Tor Values       -0.34336     0.00000

 CSPLINE  --  Warning, Non-Periodic Input Values    -0.41030    -0.34336

 CSPLINE  --  Warning, Non-Periodic Input Values    -2.35817    -3.43923

 CSPLINE  --  Warning, Non-Periodic Input Values    -5.73614    -5.15707

 CSPLINE  --  Warning, Non-Periodic Input Values    -5.25542    -0.72643

 CSPLINE  --  Warning, Non-Periodic Input Values     1.38787    -1.82424

 CSPLINE  --  Warning, Non-Periodic Input Values    -5.25542    -6.28648

 CSPLINE  --  Warning, Non-Periodic Input Values    -5.73614    -3.36364

 CSPLINE  --  Warning, Non-Periodic Input Values    -2.35817    -0.91119

 CSPLINE  --  Warning, Non-Periodic Input Values    -0.41030     0.00000

 CSPLINE  --  Warning, Non-Periodic Input Values    -0.41030     0.00000

 CSPLINE  --  Warning, Non-Periodic Input Values     0.11457     0.00000

 CSPLINE  --  Warning, Non-Periodic Input Values     2.74331     0.00000

 CSPLINE  --  Warning, Non-Periodic Input Values    -0.27385     0.00000

 CSPLINE  --  Warning, Non-Periodic Input Values    -4.22230     0.00000

 CSPLINE  --  Warning, Non-Periodic Input Values    -0.27385     0.00000

 CSPLINE  --  Warning, Non-Periodic Input Values     2.74331     0.00000

 CSPLINE  --  Warning, Non-Periodic Input Values     0.11457     0.00000

 CSPLINE  --  Warning, Non-Periodic Input Values    -0.41030     0.00000

 CSPLINE  --  Warning, Non-Periodic Input Values    -0.91119     0.00000

 CSPLINE  --  Warning, Non-Periodic Input Values     1.89156     0.00000

 CSPLINE  --  Warning, Non-Periodic Input Values     1.79376     0.00000

 CSPLINE  --  Warning, Non-Periodic Input Values    -3.60137     0.00000

 CSPLINE  --  Warning, Non-Periodic Input Values    -2.68532     0.00000

 CSPLINE  --  Warning, Non-Periodic Input Values     2.53125     0.00000

 CSPLINE  --  Warning, Non-Periodic Input Values     1.14392     0.00000

 CSPLINE  --  Warning, Non-Periodic Input Values    -0.38834     0.00000

 CSPLINE  --  Warning, Non-Periodic Input Values    -1.68618     0.00000

 CSPLINE  --  Warning, Non-Periodic Input Values     0.39856     0.00000

 CSPLINE  --  Warning, Non-Periodic Input Values     2.55866     0.00000

 CSPLINE  --  Warning, Non-Periodic Input Values    -2.03519     0.00000

 CSPLINE  --  Warning, Non-Periodic Input Values    -4.67044     0.00000

 CSPLINE  --  Warning, Non-Periodic Input Values     1.18267     0.00000

 CSPLINE  --  Warning, Non-Periodic Input Values     1.65296     0.00000

 CSPLINE  --  Warning, Non-Periodic Input Values    -0.34336     0.00000

 CSPLINE  --  Warning, Non-Periodic Input Values    -0.08660     0.00000

 CSPLINE  --  Warning, Non-Periodic Input Values     0.17103     0.00000

 CSPLINE  --  Warning, Non-Periodic Input Values     0.02651     0.00000

 CSPLINE  --  Warning, Non-Periodic Input Values    -0.35476     0.00000

 CSPLINE  --  Warning, Non-Periodic Input Values    -0.00060     0.00000

 CSPLINE  --  Warning, Non-Periodic Input Values     0.35715     0.00000

 CSPLINE  --  Warning, Non-Periodic Input Values    -0.03488     0.00000

 CSPLINE  --  Warning, Non-Periodic Input Values    -0.13995     0.00000

 CSPLINE  --  Warning, Non-Periodic Input Values    -0.03606     0.00000

 CSPLINE  --  Warning, Non-Periodic Input Values     0.07903     0.00000

 CSPLINE  --  Warning, Non-Periodic Input Values     0.18032     0.00000

 CSPLINE  --  Warning, Non-Periodic Input Values    -0.25932     0.00000

 CSPLINE  --  Warning, Non-Periodic Input Values    -0.24162     0.00000

 CSPLINE  --  Warning, Non-Periodic Input Values     0.32998     0.00000

 CSPLINE  --  Warning, Non-Periodic Input Values     0.14821     0.00000

 CSPLINE  --  Warning, Non-Periodic Input Values    -0.15699     0.00000

 CSPLINE  --  Warning, Non-Periodic Input Values    -0.10416     0.00000

 CSPLINE  --  Warning, Non-Periodic Input Values     0.00762     0.00000

 CSPLINE  --  Warning, Non-Periodic Input Values     0.23107     0.00000

 CSPLINE  --  Warning, Non-Periodic Input Values    -0.08293     0.00000

 CSPLINE  --  Warning, Non-Periodic Input Values    -0.38608     0.00000

 CSPLINE  --  Warning, Non-Periodic Input Values     0.18144     0.00000

 CSPLINE  --  Warning, Non-Periodic Input Values     0.30388     0.00000

 CSPLINE  --  Warning, Non-Periodic Input Values    -0.13229     0.00000

 CSPLINE  --  Warning, Non-Periodic Input Values    -0.08660     0.00000

 KTORTOR  --  Warning, Unequal Tor-Tor Values       -0.41030    -0.34336

 KTORTOR  --  Warning, Unequal Tor-Tor Values       -2.35817    -3.43923

 KTORTOR  --  Warning, Unequal Tor-Tor Values       -5.73614    -5.15707

 KTORTOR  --  Warning, Unequal Tor-Tor Values       -5.25542    -0.72643

 KTORTOR  --  Warning, Unequal Tor-Tor Values        1.38787    -1.82424

 KTORTOR  --  Warning, Unequal Tor-Tor Values       -5.25542    -6.28648

 KTORTOR  --  Warning, Unequal Tor-Tor Values       -5.73614    -3.36364

 KTORTOR  --  Warning, Unequal Tor-Tor Values       -2.35817    -0.91119

 KTORTOR  --  Warning, Unequal Tor-Tor Values       -0.41030     0.00000

 KTORTOR  --  Warning, Unequal Tor-Tor Values       -0.41030     0.00000

 KTORTOR  --  Warning, Unequal Tor-Tor Values        0.11457     0.00000

 KTORTOR  --  Warning, Unequal Tor-Tor Values        2.74331     0.00000

 KTORTOR  --  Warning, Unequal Tor-Tor Values       -0.27385     0.00000

 KTORTOR  --  Warning, Unequal Tor-Tor Values       -4.22230     0.00000

 KTORTOR  --  Warning, Unequal Tor-Tor Values       -0.27385     0.00000

 KTORTOR  --  Warning, Unequal Tor-Tor Values        2.74331     0.00000

 KTORTOR  --  Warning, Unequal Tor-Tor Values        0.11457     0.00000

 KTORTOR  --  Warning, Unequal Tor-Tor Values       -0.41030     0.00000

 KTORTOR  --  Warning, Unequal Tor-Tor Values       -0.91119     0.00000

 KTORTOR  --  Warning, Unequal Tor-Tor Values        1.89156     0.00000

 KTORTOR  --  Warning, Unequal Tor-Tor Values        1.79376     0.00000

 KTORTOR  --  Warning, Unequal Tor-Tor Values       -3.60137     0.00000

 KTORTOR  --  Warning, Unequal Tor-Tor Values       -2.68532     0.00000

 KTORTOR  --  Warning, Unequal Tor-Tor Values        2.53125     0.00000

 KTORTOR  --  Warning, Unequal Tor-Tor Values        1.14392     0.00000

 KTORTOR  --  Warning, Unequal Tor-Tor Values       -0.38834     0.00000

 KTORTOR  --  Warning, Unequal Tor-Tor Values       -1.68618     0.00000

 KTORTOR  --  Warning, Unequal Tor-Tor Values        0.39856     0.00000

 KTORTOR  --  Warning, Unequal Tor-Tor Values        2.55866     0.00000

 KTORTOR  --  Warning, Unequal Tor-Tor Values       -2.03519     0.00000

 KTORTOR  --  Warning, Unequal Tor-Tor Values       -4.67044     0.00000

 KTORTOR  --  Warning, Unequal Tor-Tor Values        1.18267     0.00000

 KTORTOR  --  Warning, Unequal Tor-Tor Values        1.65296     0.00000

 KTORTOR  --  Warning, Unequal Tor-Tor Values       -0.34336     0.00000

 CSPLINE  --  Warning, Non-Periodic Input Values    -0.41030    -0.34336

 CSPLINE  --  Warning, Non-Periodic Input Values    -2.35817    -3.43923

 CSPLINE  --  Warning, Non-Periodic Input Values    -5.73614    -5.15707

 CSPLINE  --  Warning, Non-Periodic Input Values    -5.25542    -0.72643

 CSPLINE  --  Warning, Non-Periodic Input Values     1.38787    -1.82424

 CSPLINE  --  Warning, Non-Periodic Input Values    -5.25542    -6.28648

 CSPLINE  --  Warning, Non-Periodic Input Values    -5.73614    -3.36364

 CSPLINE  --  Warning, Non-Periodic Input Values    -2.35817    -0.91119

 CSPLINE  --  Warning, Non-Periodic Input Values    -0.41030     0.00000

 CSPLINE  --  Warning, Non-Periodic Input Values    -0.41030     0.00000

 CSPLINE  --  Warning, Non-Periodic Input Values     0.11457     0.00000

 CSPLINE  --  Warning, Non-Periodic Input Values     2.74331     0.00000

 CSPLINE  --  Warning, Non-Periodic Input Values    -0.27385     0.00000

 CSPLINE  --  Warning, Non-Periodic Input Values    -4.22230     0.00000

 CSPLINE  --  Warning, Non-Periodic Input Values    -0.27385     0.00000

 CSPLINE  --  Warning, Non-Periodic Input Values     2.74331     0.00000

 CSPLINE  --  Warning, Non-Periodic Input Values     0.11457     0.00000

 CSPLINE  --  Warning, Non-Periodic Input Values    -0.41030     0.00000

 CSPLINE  --  Warning, Non-Periodic Input Values    -0.91119     0.00000

 CSPLINE  --  Warning, Non-Periodic Input Values     1.89156     0.00000

 CSPLINE  --  Warning, Non-Periodic Input Values     1.79376     0.00000

 CSPLINE  --  Warning, Non-Periodic Input Values    -3.60137     0.00000

 CSPLINE  --  Warning, Non-Periodic Input Values    -2.68532     0.00000

 CSPLINE  --  Warning, Non-Periodic Input Values     2.53125     0.00000

 CSPLINE  --  Warning, Non-Periodic Input Values     1.14392     0.00000

 CSPLINE  --  Warning, Non-Periodic Input Values    -0.38834     0.00000

 CSPLINE  --  Warning, Non-Periodic Input Values    -1.68618     0.00000

 CSPLINE  --  Warning, Non-Periodic Input Values     0.39856     0.00000

 CSPLINE  --  Warning, Non-Periodic Input Values     2.55866     0.00000

 CSPLINE  --  Warning, Non-Periodic Input Values    -2.03519     0.00000

 CSPLINE  --  Warning, Non-Periodic Input Values    -4.67044     0.00000

 CSPLINE  --  Warning, Non-Periodic Input Values     1.18267     0.00000

 CSPLINE  --  Warning, Non-Periodic Input Values     1.65296     0.00000

 CSPLINE  --  Warning, Non-Periodic Input Values    -0.34336     0.00000

 CSPLINE  --  Warning, Non-Periodic Input Values    -0.08660     0.00000

 CSPLINE  --  Warning, Non-Periodic Input Values     0.17103     0.00000

 CSPLINE  --  Warning, Non-Periodic Input Values     0.02651     0.00000

 CSPLINE  --  Warning, Non-Periodic Input Values    -0.35476     0.00000

 CSPLINE  --  Warning, Non-Periodic Input Values    -0.00060     0.00000

 CSPLINE  --  Warning, Non-Periodic Input Values     0.35715     0.00000

 CSPLINE  --  Warning, Non-Periodic Input Values    -0.03488     0.00000

 CSPLINE  --  Warning, Non-Periodic Input Values    -0.13995     0.00000

 CSPLINE  --  Warning, Non-Periodic Input Values    -0.03606     0.00000

 CSPLINE  --  Warning, Non-Periodic Input Values     0.07903     0.00000

 CSPLINE  --  Warning, Non-Periodic Input Values     0.18032     0.00000

 CSPLINE  --  Warning, Non-Periodic Input Values    -0.25932     0.00000

 CSPLINE  --  Warning, Non-Periodic Input Values    -0.24162     0.00000

 CSPLINE  --  Warning, Non-Periodic Input Values     0.32998     0.00000

 CSPLINE  --  Warning, Non-Periodic Input Values     0.14821     0.00000

 CSPLINE  --  Warning, Non-Periodic Input Values    -0.15699     0.00000

 CSPLINE  --  Warning, Non-Periodic Input Values    -0.10416     0.00000

 CSPLINE  --  Warning, Non-Periodic Input Values     0.00762     0.00000

 CSPLINE  --  Warning, Non-Periodic Input Values     0.23107     0.00000

 CSPLINE  --  Warning, Non-Periodic Input Values    -0.08293     0.00000

 CSPLINE  --  Warning, Non-Periodic Input Values    -0.38608     0.00000

 CSPLINE  --  Warning, Non-Periodic Input Values     0.18144     0.00000

 CSPLINE  --  Warning, Non-Periodic Input Values     0.30388     0.00000

 CSPLINE  --  Warning, Non-Periodic Input Values    -0.13229     0.00000

 CSPLINE  --  Warning, Non-Periodic Input Values    -0.08660     0.00000

 Particle Mesh Ewald Parameters :

     Type                Ewald Alpha    Grid Dimensions    Spline Order

   Electrostatics           0.5446        80   80   80           5
   Polarization             0.5446        80   80   80           5

 Enter RMS Gradient per Atom Criterion [0.01] :  
 Limited Memory BFGS Quasi-Newton Optimization :

 QN Iter     F Value      G RMS      F Move   X Move   Angle  FG Call  Comment

     0   -71321.6454    51.6825                                   1
 Induced Dipole File          /Dedicated/schnieders/maemmad/pKa_GNN/Graph_pKa/Data/7_Energy_Minimization_Systems/2CPL/2CPL.uind
     1   -73302.0925    28.1246   1980.4471   0.0025    0.00      2    Success 
 Induced Dipole File          /Dedicated/schnieders/maemmad/pKa_GNN/Graph_pKa/Data/7_Energy_Minimization_Systems/2CPL/2CPL.uind
     2   -74994.9328    23.5066   1692.8403   0.0025   13.60      3    Success 
 Induced Dipole File          /Dedicated/schnieders/maemmad/pKa_GNN/Graph_pKa/Data/7_Energy_Minimization_Systems/2CPL/2CPL.uind
     3   -76398.4259    19.8323   1403.4930   0.0025   19.42      4    Success 
 Induced Dipole File          /Dedicated/schnieders/maemmad/pKa_GNN/Graph_pKa/Data/7_Energy_Minimization_Systems/2CPL/2CPL.uind
     4   -77548.3362    17.0650   1149.9104   0.0025   25.41      5    Success 
 Induced Dipole File          /Dedicated/schnieders/maemmad/pKa_GNN/Graph_pKa/Data/7_Energy_Minimization_Systems/2CPL/2CPL.uind
     5   -78508.3120    14.8122    959.9757   0.0025   29.83      6    Success 
 Induced Dipole File          /Dedicated/schnieders/maemmad/pKa_GNN/Graph_pKa/Data/7_Energy_Minimization_Systems/2CPL/2CPL.uind
     6   -80066.4727    11.6128   1558.1608   0.0051   32.26      8    Success 
 Induced Dipole File          /Dedicated/schnieders/maemmad/pKa_GNN/Graph_pKa/Data/7_Energy_Minimization_Systems/2CPL/2CPL.uind
     7   -81315.2703     9.0420   1248.7975   0.0051   30.68     10    Success 
 Induced Dipole File          /Dedicated/schnieders/maemmad/pKa_GNN/Graph_pKa/Data/7_Energy_Minimization_Systems/2CPL/2CPL.uind
     8   -82341.3811     7.4511   1026.1109   0.0051   25.92     12    Success 
 Induced Dipole File          /Dedicated/schnieders/maemmad/pKa_GNN/Graph_pKa/Data/7_Energy_Minimization_Systems/2CPL/2CPL.uind
     9   -83215.3636     6.3312    873.9824   0.0051   22.69     14    Success 
 Induced Dipole File          /Dedicated/schnieders/maemmad/pKa_GNN/Graph_pKa/Data/7_Energy_Minimization_Systems/2CPL/2CPL.uind
    10   -83977.0967     5.7057    761.7331   0.0051   18.64     16    Success 
 Induced Dipole File          /Dedicated/schnieders/maemmad/pKa_GNN/Graph_pKa/Data/7_Energy_Minimization_Systems/2CPL/2CPL.uind
    11   -84663.3291     5.2467    686.2324   0.0051   20.40     18    Success 
 Induced Dipole File          /Dedicated/schnieders/maemmad/pKa_GNN/Graph_pKa/Data/7_Energy_Minimization_Systems/2CPL/2CPL.uind
    12   -85282.4012     5.0890    619.0721   0.0051   23.83     20    Success 
 Induced Dipole File          /Dedicated/schnieders/maemmad/pKa_GNN/Graph_pKa/Data/7_Energy_Minimization_Systems/2CPL/2CPL.uind
    13   -85854.2177     4.9890    571.8164   0.0051   29.59     22    Success 
 Induced Dipole File          /Dedicated/schnieders/maemmad/pKa_GNN/Graph_pKa/Data/7_Energy_Minimization_Systems/2CPL/2CPL.uind
    14   -86387.5620     4.9385    533.3443   0.0051   34.84     24    Success 
 Induced Dipole File          /Dedicated/schnieders/maemmad/pKa_GNN/Graph_pKa/Data/7_Energy_Minimization_Systems/2CPL/2CPL.uind
    15   -86884.7602     5.0001    497.1982   0.0051   39.27     26    Success 
 Induced Dipole File          /Dedicated/schnieders/maemmad/pKa_GNN/Graph_pKa/Data/7_Energy_Minimization_Systems/2CPL/2CPL.uind
    16   -87576.6822     4.9979    691.9221   0.0076   43.79     29    Success 
 Induced Dipole File          /Dedicated/schnieders/maemmad/pKa_GNN/Graph_pKa/Data/7_Energy_Minimization_Systems/2CPL/2CPL.uind
    17   -88007.6136     4.9772    430.9314   0.0051   48.56     31    Success 
 Induced Dipole File          /Dedicated/schnieders/maemmad/pKa_GNN/Graph_pKa/Data/7_Energy_Minimization_Systems/2CPL/2CPL.uind
    18   -88607.0556     4.9883    599.4420   0.0076   51.32     34    Success 
 Induced Dipole File          /Dedicated/schnieders/maemmad/pKa_GNN/Graph_pKa/Data/7_Energy_Minimization_Systems/2CPL/2CPL.uind
    19   -88982.2125     4.9863    375.1569   0.0051   54.50     36    Success 
 Induced Dipole File          /Dedicated/schnieders/maemmad/pKa_GNN/Graph_pKa/Data/7_Energy_Minimization_Systems/2CPL/2CPL.uind
    20   -89511.0096     4.8546    528.7972   0.0076   56.79     39    Success 
 Induced Dipole File          /Dedicated/schnieders/maemmad/pKa_GNN/Graph_pKa/Data/7_Energy_Minimization_Systems/2CPL/2CPL.uind
    21   -89837.8698     4.9819    326.8602   0.0051   58.32     41    Success 
 Induced Dipole File          /Dedicated/schnieders/maemmad/pKa_GNN/Graph_pKa/Data/7_Energy_Minimization_Systems/2CPL/2CPL.uind
    22   -90306.9669     4.7986    469.0970   0.0076   61.01     44    Success 
 Induced Dipole File          /Dedicated/schnieders/maemmad/pKa_GNN/Graph_pKa/Data/7_Energy_Minimization_Systems/2CPL/2CPL.uind
    23   -90589.9284     5.1304    282.9616   0.0051   61.45     46    Success 
 Induced Dipole File          /Dedicated/schnieders/maemmad/pKa_GNN/Graph_pKa/Data/7_Energy_Minimization_Systems/2CPL/2CPL.uind
    24   -91002.2887     4.7613    412.3602   0.0076   65.38     49    Success 
 Induced Dipole File          /Dedicated/schnieders/maemmad/pKa_GNN/Graph_pKa/Data/7_Energy_Minimization_Systems/2CPL/2CPL.uind
    25   -91256.9842     5.2131    254.6956   0.0051   64.92     51    Success 
 Induced Dipole File          /Dedicated/schnieders/maemmad/pKa_GNN/Graph_pKa/Data/7_Energy_Minimization_Systems/2CPL/2CPL.uind
    26   -91627.1285     4.7495    370.1443   0.0076   68.46     54    Success 
 Induced Dipole File          /Dedicated/schnieders/maemmad/pKa_GNN/Graph_pKa/Data/7_Energy_Minimization_Systems/2CPL/2CPL.uind
    27   -91867.2856     4.6945    240.1571   0.0051   67.11     56    Success 
 Induced Dipole File          /Dedicated/schnieders/maemmad/pKa_GNN/Graph_pKa/Data/7_Energy_Minimization_Systems/2CPL/2CPL.uind
    28   -92213.2206     4.3366    345.9350   0.0076   67.56     59    Success 
 Induced Dipole File          /Dedicated/schnieders/maemmad/pKa_GNN/Graph_pKa/Data/7_Energy_Minimization_Systems/2CPL/2CPL.uind
    29   -92546.1110     4.0656    332.8904   0.0076   66.64     62    Success 
 Induced Dipole File          /Dedicated/schnieders/maemmad/pKa_GNN/Graph_pKa/Data/7_Energy_Minimization_Systems/2CPL/2CPL.uind
    30   -92857.6584     3.7067    311.5473   0.0076   66.47     65    Success 
 Induced Dipole File          /Dedicated/schnieders/maemmad/pKa_GNN/Graph_pKa/Data/7_Energy_Minimization_Systems/2CPL/2CPL.uind
    31   -93150.0788     3.4667    292.4204   0.0076   65.47     68    Success 
 Induced Dipole File          /Dedicated/schnieders/maemmad/pKa_GNN/Graph_pKa/Data/7_Energy_Minimization_Systems/2CPL/2CPL.uind
    32   -93430.8653     3.1443    280.7866   0.0076   64.98     71    Success 
 Induced Dipole File          /Dedicated/schnieders/maemmad/pKa_GNN/Graph_pKa/Data/7_Energy_Minimization_Systems/2CPL/2CPL.uind
    33   -93612.4404     2.9618    181.5751   0.0051   63.64     73    Success 
 Induced Dipole File          /Dedicated/schnieders/maemmad/pKa_GNN/Graph_pKa/Data/7_Energy_Minimization_Systems/2CPL/2CPL.uind
    34   -93871.4096     2.7661    258.9692   0.0076   62.61     76    Success 
 Induced Dipole File          /Dedicated/schnieders/maemmad/pKa_GNN/Graph_pKa/Data/7_Energy_Minimization_Systems/2CPL/2CPL.uind
    35   -94041.6705     2.5505    170.2609   0.0051   61.63     78    Success 
 Induced Dipole File          /Dedicated/schnieders/maemmad/pKa_GNN/Graph_pKa/Data/7_Energy_Minimization_Systems/2CPL/2CPL.uind
    36   -94283.9859     2.3641    242.3155   0.0076   60.19     81    Success 
 Induced Dipole File          /Dedicated/schnieders/maemmad/pKa_GNN/Graph_pKa/Data/7_Energy_Minimization_Systems/2CPL/2CPL.uind
    37   -94438.7864     2.3494    154.8005   0.0051   59.17     83    Success 
 Induced Dipole File          /Dedicated/schnieders/maemmad/pKa_GNN/Graph_pKa/Data/7_Energy_Minimization_Systems/2CPL/2CPL.uind
    38   -94662.7074     2.1394    223.9210   0.0076   60.04     86    Success 
 Induced Dipole File          /Dedicated/schnieders/maemmad/pKa_GNN/Graph_pKa/Data/7_Energy_Minimization_Systems/2CPL/2CPL.uind
    39   -94805.3524     2.2807    142.6450   0.0051   58.20     88    Success 
 Induced Dipole File          /Dedicated/schnieders/maemmad/pKa_GNN/Graph_pKa/Data/7_Energy_Minimization_Systems/2CPL/2CPL.uind
    40   -95010.4646     2.1372    205.1122   0.0076   61.89     91    Success 
 Induced Dipole File          /Dedicated/schnieders/maemmad/pKa_GNN/Graph_pKa/Data/7_Energy_Minimization_Systems/2CPL/2CPL.uind
    41   -95077.6303     2.2612     67.1658   0.0025   60.29     92    Success 
 Induced Dipole File          /Dedicated/schnieders/maemmad/pKa_GNN/Graph_pKa/Data/7_Energy_Minimization_Systems/2CPL/2CPL.uind
    42   -95272.3824     2.2255    194.7520   0.0076   63.21     95    Success 
 Induced Dipole File          /Dedicated/schnieders/maemmad/pKa_GNN/Graph_pKa/Data/7_Energy_Minimization_Systems/2CPL/2CPL.uind
    43   -95336.1561     2.2969     63.7738   0.0025   63.50     96    Success 
 Induced Dipole File          /Dedicated/schnieders/maemmad/pKa_GNN/Graph_pKa/Data/7_Energy_Minimization_Systems/2CPL/2CPL.uind
    44   -95529.6879     2.2730    193.5318   0.0076   64.03     99    Success 
 Induced Dipole File          /Dedicated/schnieders/maemmad/pKa_GNN/Graph_pKa/Data/7_Energy_Minimization_Systems/2CPL/2CPL.uind
    45   -95593.8046     2.3528     64.1166   0.0025   63.63    100    Success 
 Induced Dipole File          /Dedicated/schnieders/maemmad/pKa_GNN/Graph_pKa/Data/7_Energy_Minimization_Systems/2CPL/2CPL.uind
    46   -95783.9670     2.3552    190.1624   0.0076   65.33    103    Success 
 Induced Dipole File          /Dedicated/schnieders/maemmad/pKa_GNN/Graph_pKa/Data/7_Energy_Minimization_Systems/2CPL/2CPL.uind
    47   -95850.8955     2.2578     66.9284   0.0025   63.95    104    Success 
 Induced Dipole File          /Dedicated/schnieders/maemmad/pKa_GNN/Graph_pKa/Data/7_Energy_Minimization_Systems/2CPL/2CPL.uind
    48   -96104.0003     2.2503    253.1049   0.0101   64.11    108    Success 
 Induced Dipole File          /Dedicated/schnieders/maemmad/pKa_GNN/Graph_pKa/Data/7_Energy_Minimization_Systems/2CPL/2CPL.uind
    49   -96171.1681     2.0941     67.1677   0.0025   62.50    109    Success 
 Induced Dipole File          /Dedicated/schnieders/maemmad/pKa_GNN/Graph_pKa/Data/7_Energy_Minimization_Systems/2CPL/2CPL.uind
    50   -96423.1031     2.0472    251.9351   0.0101   62.32    113    Success 
 Induced Dipole File          /Dedicated/schnieders/maemmad/pKa_GNN/Graph_pKa/Data/7_Energy_Minimization_Systems/2CPL/2CPL.uind
    51   -96552.1436     2.2712    129.0405   0.0051   59.32    115    Success 
 Induced Dipole File          /Dedicated/schnieders/maemmad/pKa_GNN/Graph_pKa/Data/7_Energy_Minimization_Systems/2CPL/2CPL.uind
    52   -96793.0742     2.2185    240.9306   0.0101   65.89    119    Success 
 Induced Dipole File          /Dedicated/schnieders/maemmad/pKa_GNN/Graph_pKa/Data/7_Energy_Minimization_Systems/2CPL/2CPL.uind
    53   -96855.6630     2.2570     62.5888   0.0025   63.94    120    Success 
 Induced Dipole File          /Dedicated/schnieders/maemmad/pKa_GNN/Graph_pKa/Data/7_Energy_Minimization_Systems/2CPL/2CPL.uind
    54   -97087.2357     2.1844    231.5727   0.0101   66.74    124    Success 
 Induced Dipole File          /Dedicated/schnieders/maemmad/pKa_GNN/Graph_pKa/Data/7_Energy_Minimization_Systems/2CPL/2CPL.uind
    55   -97149.4677     2.2645     62.2320   0.0025   63.27    125    Success 
 Induced Dipole File          /Dedicated/schnieders/maemmad/pKa_GNN/Graph_pKa/Data/7_Energy_Minimization_Systems/2CPL/2CPL.uind
    56   -97372.8612     2.2040    223.3935   0.0101   67.68    129    Success 
 Induced Dipole File          /Dedicated/schnieders/maemmad/pKa_GNN/Graph_pKa/Data/7_Energy_Minimization_Systems/2CPL/2CPL.uind
    57   -97432.6615     2.1184     59.8002   0.0025   65.31    130    Success 
 Induced Dipole File          /Dedicated/schnieders/maemmad/pKa_GNN/Graph_pKa/Data/7_Energy_Minimization_Systems/2CPL/2CPL.uind
    58   -97650.5673     2.0002    217.9059   0.0101   66.71    134    Success 
 Induced Dipole File          /Dedicated/schnieders/maemmad/pKa_GNN/Graph_pKa/Data/7_Energy_Minimization_Systems/2CPL/2CPL.uind
    59   -97752.1322     2.2714    101.5649   0.0051   65.73    136    Success 
 Induced Dipole File          /Dedicated/schnieders/maemmad/pKa_GNN/Graph_pKa/Data/7_Energy_Minimization_Systems/2CPL/2CPL.uind
    60   -97957.9522     2.1248    205.8200   0.0101   69.51    140    Success 
 Induced Dipole File          /Dedicated/schnieders/maemmad/pKa_GNN/Graph_pKa/Data/7_Energy_Minimization_Systems/2CPL/2CPL.uind
    61   -98054.7413     2.1879     96.7891   0.0051   68.56    142    Success 
 Induced Dipole File          /Dedicated/schnieders/maemmad/pKa_GNN/Graph_pKa/Data/7_Energy_Minimization_Systems/2CPL/2CPL.uind
    62   -98244.2427     2.0270    189.5014   0.0101   70.42    146    Success 
 Induced Dipole File          /Dedicated/schnieders/maemmad/pKa_GNN/Graph_pKa/Data/7_Energy_Minimization_Systems/2CPL/2CPL.uind
    63   -98333.4120     2.0044     89.1693   0.0051   69.25    148    Success 
 Induced Dipole File          /Dedicated/schnieders/maemmad/pKa_GNN/Graph_pKa/Data/7_Energy_Minimization_Systems/2CPL/2CPL.uind
    64   -98506.4304     1.8286    173.0185   0.0101   70.34    152    Success 
 Induced Dipole File          /Dedicated/schnieders/maemmad/pKa_GNN/Graph_pKa/Data/7_Energy_Minimization_Systems/2CPL/2CPL.uind
    65   -98588.8906     1.8356     82.4601   0.0051   68.74    154    Success 
 Induced Dipole File          /Dedicated/schnieders/maemmad/pKa_GNN/Graph_pKa/Data/7_Energy_Minimization_Systems/2CPL/2CPL.uind
    66   -98708.3188     1.6962    119.4283   0.0076   70.52    157    Success 
 Induced Dipole File          /Dedicated/schnieders/maemmad/pKa_GNN/Graph_pKa/Data/7_Energy_Minimization_Systems/2CPL/2CPL.uind
    67   -98785.7268     1.7024     77.4080   0.0051   68.71    159    Success 
 Induced Dipole File          /Dedicated/schnieders/maemmad/pKa_GNN/Graph_pKa/Data/7_Energy_Minimization_Systems/2CPL/2CPL.uind
    68   -98897.1978     1.5098    111.4710   0.0076   70.36    162    Success 
 Induced Dipole File          /Dedicated/schnieders/maemmad/pKa_GNN/Graph_pKa/Data/7_Energy_Minimization_Systems/2CPL/2CPL.uind
    69   -98969.1997     1.5272     72.0019   0.0051   68.42    164    Success 
 Induced Dipole File          /Dedicated/schnieders/maemmad/pKa_GNN/Graph_pKa/Data/7_Energy_Minimization_Systems/2CPL/2CPL.uind
    70   -99074.0045     1.3150    104.8049   0.0076   69.22    167    Success 
 Induced Dipole File          /Dedicated/schnieders/maemmad/pKa_GNN/Graph_pKa/Data/7_Energy_Minimization_Systems/2CPL/2CPL.uind
    71   -99172.4526     1.3194     98.4481   0.0076   67.05    170    Success 
 Induced Dipole File          /Dedicated/schnieders/maemmad/pKa_GNN/Graph_pKa/Data/7_Energy_Minimization_Systems/2CPL/2CPL.uind
    72   -99237.7493     1.2246     65.2966   0.0051   67.36    172    Success 
 Induced Dipole File          /Dedicated/schnieders/maemmad/pKa_GNN/Graph_pKa/Data/7_Energy_Minimization_Systems/2CPL/2CPL.uind
    73   -99329.4078     1.1813     91.6585   0.0076   67.10    175    Success 
 Induced Dipole File          /Dedicated/schnieders/maemmad/pKa_GNN/Graph_pKa/Data/7_Energy_Minimization_Systems/2CPL/2CPL.uind
    74   -99360.5779     1.2036     31.1701   0.0025   65.97    176    Success 
 Induced Dipole File          /Dedicated/schnieders/maemmad/pKa_GNN/Graph_pKa/Data/7_Energy_Minimization_Systems/2CPL/2CPL.uind
    75   -99448.4818     1.1873     87.9040   0.0076   67.71    179    Success 
 Induced Dipole File          /Dedicated/schnieders/maemmad/pKa_GNN/Graph_pKa/Data/7_Energy_Minimization_Systems/2CPL/2CPL.uind
    76   -99479.2939     1.2752     30.8120   0.0025   65.68    180    Success 
 Induced Dipole File          /Dedicated/schnieders/maemmad/pKa_GNN/Graph_pKa/Data/7_Energy_Minimization_Systems/2CPL/2CPL.uind
    77   -99565.4810     1.2871     86.1872   0.0076   69.55    183    Success 
 Induced Dipole File          /Dedicated/schnieders/maemmad/pKa_GNN/Graph_pKa/Data/7_Energy_Minimization_Systems/2CPL/2CPL.uind
    78   -99599.6219     1.3044     34.1409   0.0025   65.83    184    Success 
 Induced Dipole File          /Dedicated/schnieders/maemmad/pKa_GNN/Graph_pKa/Data/7_Energy_Minimization_Systems/2CPL/2CPL.uind
    79   -99721.0414     1.3022    121.4195   0.0101   68.78    188    Success 
 Induced Dipole File          /Dedicated/schnieders/maemmad/pKa_GNN/Graph_pKa/Data/7_Energy_Minimization_Systems/2CPL/2CPL.uind
    80   -99754.5269     1.2765     33.4855   0.0025   66.64    189    Success 
 Induced Dipole File          /Dedicated/schnieders/maemmad/pKa_GNN/Graph_pKa/Data/7_Energy_Minimization_Systems/2CPL/2CPL.uind
    81   -99878.5958     1.2291    124.0689   0.0101   67.88    193    Success 
 Induced Dipole File          /Dedicated/schnieders/maemmad/pKa_GNN/Graph_pKa/Data/7_Energy_Minimization_Systems/2CPL/2CPL.uind
    82   -99912.7193     1.2657     34.1234   0.0025   64.54    194    Success 
 Induced Dipole File          /Dedicated/schnieders/maemmad/pKa_GNN/Graph_pKa/Data/7_Energy_Minimization_Systems/2CPL/2CPL.uind
    83  -100033.7537     1.2476    121.0344   0.0101   68.29    198    Success 
 Induced Dipole File          /Dedicated/schnieders/maemmad/pKa_GNN/Graph_pKa/Data/7_Energy_Minimization_Systems/2CPL/2CPL.uind
    84  -100065.6964     1.1991     31.9427   0.0025   66.48    199    Success 
 Induced Dipole File          /Dedicated/schnieders/maemmad/pKa_GNN/Graph_pKa/Data/7_Energy_Minimization_Systems/2CPL/2CPL.uind
    85  -100182.3032     1.1774    116.6068   0.0101   67.91    203    Success 
 Induced Dipole File          /Dedicated/schnieders/maemmad/pKa_GNN/Graph_pKa/Data/7_Energy_Minimization_Systems/2CPL/2CPL.uind
    86  -100211.2274     1.1467     28.9241   0.0025   67.65    204    Success 
 Induced Dipole File          /Dedicated/schnieders/maemmad/pKa_GNN/Graph_pKa/Data/7_Energy_Minimization_Systems/2CPL/2CPL.uind
    87  -100324.4319     1.1524    113.2045   0.0101   67.53    208    Success 
 Induced Dipole File          /Dedicated/schnieders/maemmad/pKa_GNN/Graph_pKa/Data/7_Energy_Minimization_Systems/2CPL/2CPL.uind
    88  -100376.4873     1.2639     52.0554   0.0051   68.87    210    Success 
 Induced Dipole File          /Dedicated/schnieders/maemmad/pKa_GNN/Graph_pKa/Data/7_Energy_Minimization_Systems/2CPL/2CPL.uind
    89  -100483.8900     1.2327    107.4026   0.0101   70.80    214    Success 
 Induced Dipole File          /Dedicated/schnieders/maemmad/pKa_GNN/Graph_pKa/Data/7_Energy_Minimization_Systems/2CPL/2CPL.uind
    90  -100511.0103     1.2175     27.1204   0.0025   70.21    215    Success 
 Induced Dipole File          /Dedicated/schnieders/maemmad/pKa_GNN/Graph_pKa/Data/7_Energy_Minimization_Systems/2CPL/2CPL.uind
    91  -100614.6251     1.1645    103.6148   0.0101   70.74    219    Success 
 Induced Dipole File          /Dedicated/schnieders/maemmad/pKa_GNN/Graph_pKa/Data/7_Energy_Minimization_Systems/2CPL/2CPL.uind
    92  -100640.2226     1.1173     25.5975   0.0025   69.99    220    Success 
 Induced Dipole File          /Dedicated/schnieders/maemmad/pKa_GNN/Graph_pKa/Data/7_Energy_Minimization_Systems/2CPL/2CPL.uind
    93  -100741.9740     1.1037    101.7514   0.0101   69.21    224    Success 
 Induced Dipole File          /Dedicated/schnieders/maemmad/pKa_GNN/Graph_pKa/Data/7_Energy_Minimization_Systems/2CPL/2CPL.uind
    94  -100766.7722     1.0695     24.7983   0.0025   68.44    225    Success 
 Induced Dipole File          /Dedicated/schnieders/maemmad/pKa_GNN/Graph_pKa/Data/7_Energy_Minimization_Systems/2CPL/2CPL.uind
    95  -100839.3388     1.0699     72.5665   0.0076   69.41    228    Success 
 Induced Dipole File          /Dedicated/schnieders/maemmad/pKa_GNN/Graph_pKa/Data/7_Energy_Minimization_Systems/2CPL/2CPL.uind
    96  -100887.7225     1.0133     48.3838   0.0051   69.03    230    Success 
 Induced Dipole File          /Dedicated/schnieders/maemmad/pKa_GNN/Graph_pKa/Data/7_Energy_Minimization_Systems/2CPL/2CPL.uind
    97  -100957.9365     1.0115     70.2139   0.0076   68.78    233    Success 
 Induced Dipole File          /Dedicated/schnieders/maemmad/pKa_GNN/Graph_pKa/Data/7_Energy_Minimization_Systems/2CPL/2CPL.uind
    98  -101003.0785     0.9833     45.1420   0.0051   69.61    235   SmallGrad
 Induced Dipole File          /Dedicated/schnieders/maemmad/pKa_GNN/Graph_pKa/Data/7_Energy_Minimization_Systems/2CPL/2CPL.uind

 LBFGS  --  Normal Termination due to SmallGrad

 Final Function Value :      -101003.0819
 Final RMS Gradient :              0.9833
 Final Gradient Norm :           161.8520
[2CPL] waterbox = 65 Å
[2CPL] Running minimize.x  (RMS gradient 1 kcal/mol/Å)...
[2CPL] Minimization complete → /Dedicated/schnieders/maemmad/pKa_GNN/Graph_pKa/Data/7_Energy_Minimization_Systems/2CPL/2CPL.xyz_2
=== 2CPL tinker_min done: Wed Apr 22 07:42:28 CDT 2026 ===
