 Evaluating /Dedicated/schnieders/programs/stack-2021.1.sh
  Loading Modules
   Stack 2021.1
   GCC 9.3.0
   CMake 3.20.0
   Eigen 3.3.9
   Cuda 11.1.1
   Cuda: /usr/share/apps/2021.1/arch/gcc-9.3.0/cuda-11.1.1
   CudaNN 8.0.5.39-11.1
   Swig 4.0.2_gcc-9.3.0
  Loading software from /Dedicated/schnieders/programs/local
   Ant: /Dedicated/schnieders/programs/apache-ant-1.10.11
   FFX: /Dedicated/schnieders/programs/ffx-builds/forcefieldx-2026-01-04
   GDMA: /Dedicated/schnieders/programs/gdma-2.3
   Groovy: /Dedicated/schnieders/programs/groovy-4.0.1
   Java: /Dedicated/schnieders/programs/jdk-25.0.1
   Maven: /Dedicated/schnieders/programs/apache-maven-3.9.5
   VMD: /Dedicated/schnieders/programs/vmd
   NAMD: /Dedicated/schnieders/programs/NAMD_3.0alpha7_Linux-x86_64-multicore-CUDA
   OpenEye: /Dedicated/schnieders/programs/OpenEye
   Tinker: /Dedicated/schnieders/programs/tinker-tools
=== 1XNB tinker_min started: Wed Apr 22 05:51:05 CDT 2026 ===

     ######################################################################
   ##########################################################################
  ###                                                                      ###
 ###            Tinker  ---  Software Tools for Molecular Design            ###
 ##                                                                          ##
 ##                        Version 8.11.3   June 2024                        ##
 ##                                                                          ##
 ##               Copyright (c)  Jay William Ponder  1990-2024               ##
 ###                           All Rights Reserved                          ###
  ###                                                                      ###
   ##########################################################################
     ######################################################################

OMP: Info #276: omp_set_nested routine deprecated, please use omp_set_max_active_levels instead.

 KTORTOR  --  Warning, Unequal Tor-Tor Values       -0.41030    -0.34336

 KTORTOR  --  Warning, Unequal Tor-Tor Values       -2.35817    -3.43923

 KTORTOR  --  Warning, Unequal Tor-Tor Values       -5.73614    -5.15707

 KTORTOR  --  Warning, Unequal Tor-Tor Values       -5.25542    -0.72643

 KTORTOR  --  Warning, Unequal Tor-Tor Values        1.38787    -1.82424

 KTORTOR  --  Warning, Unequal Tor-Tor Values       -5.25542    -6.28648

 KTORTOR  --  Warning, Unequal Tor-Tor Values       -5.73614    -3.36364

 KTORTOR  --  Warning, Unequal Tor-Tor Values       -2.35817    -0.91119

 KTORTOR  --  Warning, Unequal Tor-Tor Values       -0.41030     0.00000

 KTORTOR  --  Warning, Unequal Tor-Tor Values       -0.41030     0.00000

 KTORTOR  --  Warning, Unequal Tor-Tor Values        0.11457     0.00000

 KTORTOR  --  Warning, Unequal Tor-Tor Values        2.74331     0.00000

 KTORTOR  --  Warning, Unequal Tor-Tor Values       -0.27385     0.00000

 KTORTOR  --  Warning, Unequal Tor-Tor Values       -4.22230     0.00000

 KTORTOR  --  Warning, Unequal Tor-Tor Values       -0.27385     0.00000

 KTORTOR  --  Warning, Unequal Tor-Tor Values        2.74331     0.00000

 KTORTOR  --  Warning, Unequal Tor-Tor Values        0.11457     0.00000

 KTORTOR  --  Warning, Unequal Tor-Tor Values       -0.41030     0.00000

 KTORTOR  --  Warning, Unequal Tor-Tor Values       -0.91119     0.00000

 KTORTOR  --  Warning, Unequal Tor-Tor Values        1.89156     0.00000

 KTORTOR  --  Warning, Unequal Tor-Tor Values        1.79376     0.00000

 KTORTOR  --  Warning, Unequal Tor-Tor Values       -3.60137     0.00000

 KTORTOR  --  Warning, Unequal Tor-Tor Values       -2.68532     0.00000

 KTORTOR  --  Warning, Unequal Tor-Tor Values        2.53125     0.00000

 KTORTOR  --  Warning, Unequal Tor-Tor Values        1.14392     0.00000

 KTORTOR  --  Warning, Unequal Tor-Tor Values       -0.38834     0.00000

 KTORTOR  --  Warning, Unequal Tor-Tor Values       -1.68618     0.00000

 KTORTOR  --  Warning, Unequal Tor-Tor Values        0.39856     0.00000

 KTORTOR  --  Warning, Unequal Tor-Tor Values        2.55866     0.00000

 KTORTOR  --  Warning, Unequal Tor-Tor Values       -2.03519     0.00000

 KTORTOR  --  Warning, Unequal Tor-Tor Values       -4.67044     0.00000

 KTORTOR  --  Warning, Unequal Tor-Tor Values        1.18267     0.00000

 KTORTOR  --  Warning, Unequal Tor-Tor Values        1.65296     0.00000

 KTORTOR  --  Warning, Unequal Tor-Tor Values       -0.34336     0.00000

 CSPLINE  --  Warning, Non-Periodic Input Values    -0.41030    -0.34336

 CSPLINE  --  Warning, Non-Periodic Input Values    -2.35817    -3.43923

 CSPLINE  --  Warning, Non-Periodic Input Values    -5.73614    -5.15707

 CSPLINE  --  Warning, Non-Periodic Input Values    -5.25542    -0.72643

 CSPLINE  --  Warning, Non-Periodic Input Values     1.38787    -1.82424

 CSPLINE  --  Warning, Non-Periodic Input Values    -5.25542    -6.28648

 CSPLINE  --  Warning, Non-Periodic Input Values    -5.73614    -3.36364

 CSPLINE  --  Warning, Non-Periodic Input Values    -2.35817    -0.91119

 CSPLINE  --  Warning, Non-Periodic Input Values    -0.41030     0.00000

 CSPLINE  --  Warning, Non-Periodic Input Values    -0.41030     0.00000

 CSPLINE  --  Warning, Non-Periodic Input Values     0.11457     0.00000

 CSPLINE  --  Warning, Non-Periodic Input Values     2.74331     0.00000

 CSPLINE  --  Warning, Non-Periodic Input Values    -0.27385     0.00000

 CSPLINE  --  Warning, Non-Periodic Input Values    -4.22230     0.00000

 CSPLINE  --  Warning, Non-Periodic Input Values    -0.27385     0.00000

 CSPLINE  --  Warning, Non-Periodic Input Values     2.74331     0.00000

 CSPLINE  --  Warning, Non-Periodic Input Values     0.11457     0.00000

 CSPLINE  --  Warning, Non-Periodic Input Values    -0.41030     0.00000

 CSPLINE  --  Warning, Non-Periodic Input Values    -0.91119     0.00000

 CSPLINE  --  Warning, Non-Periodic Input Values     1.89156     0.00000

 CSPLINE  --  Warning, Non-Periodic Input Values     1.79376     0.00000

 CSPLINE  --  Warning, Non-Periodic Input Values    -3.60137     0.00000

 CSPLINE  --  Warning, Non-Periodic Input Values    -2.68532     0.00000

 CSPLINE  --  Warning, Non-Periodic Input Values     2.53125     0.00000

 CSPLINE  --  Warning, Non-Periodic Input Values     1.14392     0.00000

 CSPLINE  --  Warning, Non-Periodic Input Values    -0.38834     0.00000

 CSPLINE  --  Warning, Non-Periodic Input Values    -1.68618     0.00000

 CSPLINE  --  Warning, Non-Periodic Input Values     0.39856     0.00000

 CSPLINE  --  Warning, Non-Periodic Input Values     2.55866     0.00000

 CSPLINE  --  Warning, Non-Periodic Input Values    -2.03519     0.00000

 CSPLINE  --  Warning, Non-Periodic Input Values    -4.67044     0.00000

 CSPLINE  --  Warning, Non-Periodic Input Values     1.18267     0.00000

 CSPLINE  --  Warning, Non-Periodic Input Values     1.65296     0.00000

 CSPLINE  --  Warning, Non-Periodic Input Values    -0.34336     0.00000

 CSPLINE  --  Warning, Non-Periodic Input Values    -0.08660     0.00000

 CSPLINE  --  Warning, Non-Periodic Input Values     0.17103     0.00000

 CSPLINE  --  Warning, Non-Periodic Input Values     0.02651     0.00000

 CSPLINE  --  Warning, Non-Periodic Input Values    -0.35476     0.00000

 CSPLINE  --  Warning, Non-Periodic Input Values    -0.00060     0.00000

 CSPLINE  --  Warning, Non-Periodic Input Values     0.35715     0.00000

 CSPLINE  --  Warning, Non-Periodic Input Values    -0.03488     0.00000

 CSPLINE  --  Warning, Non-Periodic Input Values    -0.13995     0.00000

 CSPLINE  --  Warning, Non-Periodic Input Values    -0.03606     0.00000

 CSPLINE  --  Warning, Non-Periodic Input Values     0.07903     0.00000

 CSPLINE  --  Warning, Non-Periodic Input Values     0.18032     0.00000

 CSPLINE  --  Warning, Non-Periodic Input Values    -0.25932     0.00000

 CSPLINE  --  Warning, Non-Periodic Input Values    -0.24162     0.00000

 CSPLINE  --  Warning, Non-Periodic Input Values     0.32998     0.00000

 CSPLINE  --  Warning, Non-Periodic Input Values     0.14821     0.00000

 CSPLINE  --  Warning, Non-Periodic Input Values    -0.15699     0.00000

 CSPLINE  --  Warning, Non-Periodic Input Values    -0.10416     0.00000

 CSPLINE  --  Warning, Non-Periodic Input Values     0.00762     0.00000

 CSPLINE  --  Warning, Non-Periodic Input Values     0.23107     0.00000

 CSPLINE  --  Warning, Non-Periodic Input Values    -0.08293     0.00000

 CSPLINE  --  Warning, Non-Periodic Input Values    -0.38608     0.00000

 CSPLINE  --  Warning, Non-Periodic Input Values     0.18144     0.00000

 CSPLINE  --  Warning, Non-Periodic Input Values     0.30388     0.00000

 CSPLINE  --  Warning, Non-Periodic Input Values    -0.13229     0.00000

 CSPLINE  --  Warning, Non-Periodic Input Values    -0.08660     0.00000

 KTORTOR  --  Warning, Unequal Tor-Tor Values       -0.41030    -0.34336

 KTORTOR  --  Warning, Unequal Tor-Tor Values       -2.35817    -3.43923

 KTORTOR  --  Warning, Unequal Tor-Tor Values       -5.73614    -5.15707

 KTORTOR  --  Warning, Unequal Tor-Tor Values       -5.25542    -0.72643

 KTORTOR  --  Warning, Unequal Tor-Tor Values        1.38787    -1.82424

 KTORTOR  --  Warning, Unequal Tor-Tor Values       -5.25542    -6.28648

 KTORTOR  --  Warning, Unequal Tor-Tor Values       -5.73614    -3.36364

 KTORTOR  --  Warning, Unequal Tor-Tor Values       -2.35817    -0.91119

 KTORTOR  --  Warning, Unequal Tor-Tor Values       -0.41030     0.00000

 KTORTOR  --  Warning, Unequal Tor-Tor Values       -0.41030     0.00000

 KTORTOR  --  Warning, Unequal Tor-Tor Values        0.11457     0.00000

 KTORTOR  --  Warning, Unequal Tor-Tor Values        2.74331     0.00000

 KTORTOR  --  Warning, Unequal Tor-Tor Values       -0.27385     0.00000

 KTORTOR  --  Warning, Unequal Tor-Tor Values       -4.22230     0.00000

 KTORTOR  --  Warning, Unequal Tor-Tor Values       -0.27385     0.00000

 KTORTOR  --  Warning, Unequal Tor-Tor Values        2.74331     0.00000

 KTORTOR  --  Warning, Unequal Tor-Tor Values        0.11457     0.00000

 KTORTOR  --  Warning, Unequal Tor-Tor Values       -0.41030     0.00000

 KTORTOR  --  Warning, Unequal Tor-Tor Values       -0.91119     0.00000

 KTORTOR  --  Warning, Unequal Tor-Tor Values        1.89156     0.00000

 KTORTOR  --  Warning, Unequal Tor-Tor Values        1.79376     0.00000

 KTORTOR  --  Warning, Unequal Tor-Tor Values       -3.60137     0.00000

 KTORTOR  --  Warning, Unequal Tor-Tor Values       -2.68532     0.00000

 KTORTOR  --  Warning, Unequal Tor-Tor Values        2.53125     0.00000

 KTORTOR  --  Warning, Unequal Tor-Tor Values        1.14392     0.00000

 KTORTOR  --  Warning, Unequal Tor-Tor Values       -0.38834     0.00000

 KTORTOR  --  Warning, Unequal Tor-Tor Values       -1.68618     0.00000

 KTORTOR  --  Warning, Unequal Tor-Tor Values        0.39856     0.00000

 KTORTOR  --  Warning, Unequal Tor-Tor Values        2.55866     0.00000

 KTORTOR  --  Warning, Unequal Tor-Tor Values       -2.03519     0.00000

 KTORTOR  --  Warning, Unequal Tor-Tor Values       -4.67044     0.00000

 KTORTOR  --  Warning, Unequal Tor-Tor Values        1.18267     0.00000

 KTORTOR  --  Warning, Unequal Tor-Tor Values        1.65296     0.00000

 KTORTOR  --  Warning, Unequal Tor-Tor Values       -0.34336     0.00000

 CSPLINE  --  Warning, Non-Periodic Input Values    -0.41030    -0.34336

 CSPLINE  --  Warning, Non-Periodic Input Values    -2.35817    -3.43923

 CSPLINE  --  Warning, Non-Periodic Input Values    -5.73614    -5.15707

 CSPLINE  --  Warning, Non-Periodic Input Values    -5.25542    -0.72643

 CSPLINE  --  Warning, Non-Periodic Input Values     1.38787    -1.82424

 CSPLINE  --  Warning, Non-Periodic Input Values    -5.25542    -6.28648

 CSPLINE  --  Warning, Non-Periodic Input Values    -5.73614    -3.36364

 CSPLINE  --  Warning, Non-Periodic Input Values    -2.35817    -0.91119

 CSPLINE  --  Warning, Non-Periodic Input Values    -0.41030     0.00000

 CSPLINE  --  Warning, Non-Periodic Input Values    -0.41030     0.00000

 CSPLINE  --  Warning, Non-Periodic Input Values     0.11457     0.00000

 CSPLINE  --  Warning, Non-Periodic Input Values     2.74331     0.00000

 CSPLINE  --  Warning, Non-Periodic Input Values    -0.27385     0.00000

 CSPLINE  --  Warning, Non-Periodic Input Values    -4.22230     0.00000

 CSPLINE  --  Warning, Non-Periodic Input Values    -0.27385     0.00000

 CSPLINE  --  Warning, Non-Periodic Input Values     2.74331     0.00000

 CSPLINE  --  Warning, Non-Periodic Input Values     0.11457     0.00000

 CSPLINE  --  Warning, Non-Periodic Input Values    -0.41030     0.00000

 CSPLINE  --  Warning, Non-Periodic Input Values    -0.91119     0.00000

 CSPLINE  --  Warning, Non-Periodic Input Values     1.89156     0.00000

 CSPLINE  --  Warning, Non-Periodic Input Values     1.79376     0.00000

 CSPLINE  --  Warning, Non-Periodic Input Values    -3.60137     0.00000

 CSPLINE  --  Warning, Non-Periodic Input Values    -2.68532     0.00000

 CSPLINE  --  Warning, Non-Periodic Input Values     2.53125     0.00000

 CSPLINE  --  Warning, Non-Periodic Input Values     1.14392     0.00000

 CSPLINE  --  Warning, Non-Periodic Input Values    -0.38834     0.00000

 CSPLINE  --  Warning, Non-Periodic Input Values    -1.68618     0.00000

 CSPLINE  --  Warning, Non-Periodic Input Values     0.39856     0.00000

 CSPLINE  --  Warning, Non-Periodic Input Values     2.55866     0.00000

 CSPLINE  --  Warning, Non-Periodic Input Values    -2.03519     0.00000

 CSPLINE  --  Warning, Non-Periodic Input Values    -4.67044     0.00000

 CSPLINE  --  Warning, Non-Periodic Input Values     1.18267     0.00000

 CSPLINE  --  Warning, Non-Periodic Input Values     1.65296     0.00000

 CSPLINE  --  Warning, Non-Periodic Input Values    -0.34336     0.00000

 CSPLINE  --  Warning, Non-Periodic Input Values    -0.08660     0.00000

 CSPLINE  --  Warning, Non-Periodic Input Values     0.17103     0.00000

 CSPLINE  --  Warning, Non-Periodic Input Values     0.02651     0.00000

 CSPLINE  --  Warning, Non-Periodic Input Values    -0.35476     0.00000

 CSPLINE  --  Warning, Non-Periodic Input Values    -0.00060     0.00000

 CSPLINE  --  Warning, Non-Periodic Input Values     0.35715     0.00000

 CSPLINE  --  Warning, Non-Periodic Input Values    -0.03488     0.00000

 CSPLINE  --  Warning, Non-Periodic Input Values    -0.13995     0.00000

 CSPLINE  --  Warning, Non-Periodic Input Values    -0.03606     0.00000

 CSPLINE  --  Warning, Non-Periodic Input Values     0.07903     0.00000

 CSPLINE  --  Warning, Non-Periodic Input Values     0.18032     0.00000

 CSPLINE  --  Warning, Non-Periodic Input Values    -0.25932     0.00000

 CSPLINE  --  Warning, Non-Periodic Input Values    -0.24162     0.00000

 CSPLINE  --  Warning, Non-Periodic Input Values     0.32998     0.00000

 CSPLINE  --  Warning, Non-Periodic Input Values     0.14821     0.00000

 CSPLINE  --  Warning, Non-Periodic Input Values    -0.15699     0.00000

 CSPLINE  --  Warning, Non-Periodic Input Values    -0.10416     0.00000

 CSPLINE  --  Warning, Non-Periodic Input Values     0.00762     0.00000

 CSPLINE  --  Warning, Non-Periodic Input Values     0.23107     0.00000

 CSPLINE  --  Warning, Non-Periodic Input Values    -0.08293     0.00000

 CSPLINE  --  Warning, Non-Periodic Input Values    -0.38608     0.00000

 CSPLINE  --  Warning, Non-Periodic Input Values     0.18144     0.00000

 CSPLINE  --  Warning, Non-Periodic Input Values     0.30388     0.00000

 CSPLINE  --  Warning, Non-Periodic Input Values    -0.13229     0.00000

 CSPLINE  --  Warning, Non-Periodic Input Values    -0.08660     0.00000

 KTORTOR  --  Warning, Unequal Tor-Tor Values       -0.41030    -0.34336

 KTORTOR  --  Warning, Unequal Tor-Tor Values       -2.35817    -3.43923

 KTORTOR  --  Warning, Unequal Tor-Tor Values       -5.73614    -5.15707

 KTORTOR  --  Warning, Unequal Tor-Tor Values       -5.25542    -0.72643

 KTORTOR  --  Warning, Unequal Tor-Tor Values        1.38787    -1.82424

 KTORTOR  --  Warning, Unequal Tor-Tor Values       -5.25542    -6.28648

 KTORTOR  --  Warning, Unequal Tor-Tor Values       -5.73614    -3.36364

 KTORTOR  --  Warning, Unequal Tor-Tor Values       -2.35817    -0.91119

 KTORTOR  --  Warning, Unequal Tor-Tor Values       -0.41030     0.00000

 KTORTOR  --  Warning, Unequal Tor-Tor Values       -0.41030     0.00000

 KTORTOR  --  Warning, Unequal Tor-Tor Values        0.11457     0.00000

 KTORTOR  --  Warning, Unequal Tor-Tor Values        2.74331     0.00000

 KTORTOR  --  Warning, Unequal Tor-Tor Values       -0.27385     0.00000

 KTORTOR  --  Warning, Unequal Tor-Tor Values       -4.22230     0.00000

 KTORTOR  --  Warning, Unequal Tor-Tor Values       -0.27385     0.00000

 KTORTOR  --  Warning, Unequal Tor-Tor Values        2.74331     0.00000

 KTORTOR  --  Warning, Unequal Tor-Tor Values        0.11457     0.00000

 KTORTOR  --  Warning, Unequal Tor-Tor Values       -0.41030     0.00000

 KTORTOR  --  Warning, Unequal Tor-Tor Values       -0.91119     0.00000

 KTORTOR  --  Warning, Unequal Tor-Tor Values        1.89156     0.00000

 KTORTOR  --  Warning, Unequal Tor-Tor Values        1.79376     0.00000

 KTORTOR  --  Warning, Unequal Tor-Tor Values       -3.60137     0.00000

 KTORTOR  --  Warning, Unequal Tor-Tor Values       -2.68532     0.00000

 KTORTOR  --  Warning, Unequal Tor-Tor Values        2.53125     0.00000

 KTORTOR  --  Warning, Unequal Tor-Tor Values        1.14392     0.00000

 KTORTOR  --  Warning, Unequal Tor-Tor Values       -0.38834     0.00000

 KTORTOR  --  Warning, Unequal Tor-Tor Values       -1.68618     0.00000

 KTORTOR  --  Warning, Unequal Tor-Tor Values        0.39856     0.00000

 KTORTOR  --  Warning, Unequal Tor-Tor Values        2.55866     0.00000

 KTORTOR  --  Warning, Unequal Tor-Tor Values       -2.03519     0.00000

 KTORTOR  --  Warning, Unequal Tor-Tor Values       -4.67044     0.00000

 KTORTOR  --  Warning, Unequal Tor-Tor Values        1.18267     0.00000

 KTORTOR  --  Warning, Unequal Tor-Tor Values        1.65296     0.00000

 KTORTOR  --  Warning, Unequal Tor-Tor Values       -0.34336     0.00000

 CSPLINE  --  Warning, Non-Periodic Input Values    -0.41030    -0.34336

 CSPLINE  --  Warning, Non-Periodic Input Values    -2.35817    -3.43923

 CSPLINE  --  Warning, Non-Periodic Input Values    -5.73614    -5.15707

 CSPLINE  --  Warning, Non-Periodic Input Values    -5.25542    -0.72643

 CSPLINE  --  Warning, Non-Periodic Input Values     1.38787    -1.82424

 CSPLINE  --  Warning, Non-Periodic Input Values    -5.25542    -6.28648

 CSPLINE  --  Warning, Non-Periodic Input Values    -5.73614    -3.36364

 CSPLINE  --  Warning, Non-Periodic Input Values    -2.35817    -0.91119

 CSPLINE  --  Warning, Non-Periodic Input Values    -0.41030     0.00000

 CSPLINE  --  Warning, Non-Periodic Input Values    -0.41030     0.00000

 CSPLINE  --  Warning, Non-Periodic Input Values     0.11457     0.00000

 CSPLINE  --  Warning, Non-Periodic Input Values     2.74331     0.00000

 CSPLINE  --  Warning, Non-Periodic Input Values    -0.27385     0.00000

 CSPLINE  --  Warning, Non-Periodic Input Values    -4.22230     0.00000

 CSPLINE  --  Warning, Non-Periodic Input Values    -0.27385     0.00000

 CSPLINE  --  Warning, Non-Periodic Input Values     2.74331     0.00000

 CSPLINE  --  Warning, Non-Periodic Input Values     0.11457     0.00000

 CSPLINE  --  Warning, Non-Periodic Input Values    -0.41030     0.00000

 CSPLINE  --  Warning, Non-Periodic Input Values    -0.91119     0.00000

 CSPLINE  --  Warning, Non-Periodic Input Values     1.89156     0.00000

 CSPLINE  --  Warning, Non-Periodic Input Values     1.79376     0.00000

 CSPLINE  --  Warning, Non-Periodic Input Values    -3.60137     0.00000

 CSPLINE  --  Warning, Non-Periodic Input Values    -2.68532     0.00000

 CSPLINE  --  Warning, Non-Periodic Input Values     2.53125     0.00000

 CSPLINE  --  Warning, Non-Periodic Input Values     1.14392     0.00000

 CSPLINE  --  Warning, Non-Periodic Input Values    -0.38834     0.00000

 CSPLINE  --  Warning, Non-Periodic Input Values    -1.68618     0.00000

 CSPLINE  --  Warning, Non-Periodic Input Values     0.39856     0.00000

 CSPLINE  --  Warning, Non-Periodic Input Values     2.55866     0.00000

 CSPLINE  --  Warning, Non-Periodic Input Values    -2.03519     0.00000

 CSPLINE  --  Warning, Non-Periodic Input Values    -4.67044     0.00000

 CSPLINE  --  Warning, Non-Periodic Input Values     1.18267     0.00000

 CSPLINE  --  Warning, Non-Periodic Input Values     1.65296     0.00000

 CSPLINE  --  Warning, Non-Periodic Input Values    -0.34336     0.00000

 CSPLINE  --  Warning, Non-Periodic Input Values    -0.08660     0.00000

 CSPLINE  --  Warning, Non-Periodic Input Values     0.17103     0.00000

 CSPLINE  --  Warning, Non-Periodic Input Values     0.02651     0.00000

 CSPLINE  --  Warning, Non-Periodic Input Values    -0.35476     0.00000

 CSPLINE  --  Warning, Non-Periodic Input Values    -0.00060     0.00000

 CSPLINE  --  Warning, Non-Periodic Input Values     0.35715     0.00000

 CSPLINE  --  Warning, Non-Periodic Input Values    -0.03488     0.00000

 CSPLINE  --  Warning, Non-Periodic Input Values    -0.13995     0.00000

 CSPLINE  --  Warning, Non-Periodic Input Values    -0.03606     0.00000

 CSPLINE  --  Warning, Non-Periodic Input Values     0.07903     0.00000

 CSPLINE  --  Warning, Non-Periodic Input Values     0.18032     0.00000

 CSPLINE  --  Warning, Non-Periodic Input Values    -0.25932     0.00000

 CSPLINE  --  Warning, Non-Periodic Input Values    -0.24162     0.00000

 CSPLINE  --  Warning, Non-Periodic Input Values     0.32998     0.00000

 CSPLINE  --  Warning, Non-Periodic Input Values     0.14821     0.00000

 CSPLINE  --  Warning, Non-Periodic Input Values    -0.15699     0.00000

 CSPLINE  --  Warning, Non-Periodic Input Values    -0.10416     0.00000

 CSPLINE  --  Warning, Non-Periodic Input Values     0.00762     0.00000

 CSPLINE  --  Warning, Non-Periodic Input Values     0.23107     0.00000

 CSPLINE  --  Warning, Non-Periodic Input Values    -0.08293     0.00000

 CSPLINE  --  Warning, Non-Periodic Input Values    -0.38608     0.00000

 CSPLINE  --  Warning, Non-Periodic Input Values     0.18144     0.00000

 CSPLINE  --  Warning, Non-Periodic Input Values     0.30388     0.00000

 CSPLINE  --  Warning, Non-Periodic Input Values    -0.13229     0.00000

 CSPLINE  --  Warning, Non-Periodic Input Values    -0.08660     0.00000

 Particle Mesh Ewald Parameters :

     Type                Ewald Alpha    Grid Dimensions    Spline Order

   Electrostatics           0.5446        80   80   80           5
   Polarization             0.5446        80   80   80           5

 Enter RMS Gradient per Atom Criterion [0.01] :  
 Limited Memory BFGS Quasi-Newton Optimization :

 QN Iter     F Value      G RMS      F Move   X Move   Angle  FG Call  Comment

     0   -72058.8211    29.4194                                   1
 Induced Dipole File          /Dedicated/schnieders/maemmad/pKa_GNN/Graph_pKa/Data/7_Energy_Minimization_Systems/1XNB/1XNB.uind
     1   -73896.7611    24.3701   1837.9399   0.0025    0.00      2    Success 
 Induced Dipole File          /Dedicated/schnieders/maemmad/pKa_GNN/Graph_pKa/Data/7_Energy_Minimization_Systems/1XNB/1XNB.uind
     2   -75387.1718    20.4616   1490.4107   0.0025   15.12      3    Success 
 Induced Dipole File          /Dedicated/schnieders/maemmad/pKa_GNN/Graph_pKa/Data/7_Energy_Minimization_Systems/1XNB/1XNB.uind
     3   -76594.7260    17.3327   1207.5542   0.0025   22.75      4    Success 
 Induced Dipole File          /Dedicated/schnieders/maemmad/pKa_GNN/Graph_pKa/Data/7_Energy_Minimization_Systems/1XNB/1XNB.uind
     4   -77584.6490    14.8740    989.9230   0.0025   27.90      5    Success 
 Induced Dipole File          /Dedicated/schnieders/maemmad/pKa_GNN/Graph_pKa/Data/7_Energy_Minimization_Systems/1XNB/1XNB.uind
     5   -79163.9750    11.0823   1579.3261   0.0051   30.84      7    Success 
 Induced Dipole File          /Dedicated/schnieders/maemmad/pKa_GNN/Graph_pKa/Data/7_Energy_Minimization_Systems/1XNB/1XNB.uind
     6   -80388.2972     8.3700   1224.3222   0.0051   27.45      9    Success 
 Induced Dipole File          /Dedicated/schnieders/maemmad/pKa_GNN/Graph_pKa/Data/7_Energy_Minimization_Systems/1XNB/1XNB.uind
     7   -81372.8761     6.6107    984.5789   0.0051   20.44     11    Success 
 Induced Dipole File          /Dedicated/schnieders/maemmad/pKa_GNN/Graph_pKa/Data/7_Energy_Minimization_Systems/1XNB/1XNB.uind
     8   -82195.2570     5.6789    822.3809   0.0051    9.79     13    Success 
 Induced Dipole File          /Dedicated/schnieders/maemmad/pKa_GNN/Graph_pKa/Data/7_Energy_Minimization_Systems/1XNB/1XNB.uind
     9   -82902.8103     5.3036    707.5533   0.0051    4.74     15    Success 
 Induced Dipole File          /Dedicated/schnieders/maemmad/pKa_GNN/Graph_pKa/Data/7_Energy_Minimization_Systems/1XNB/1XNB.uind
    10   -83536.1579     5.1010    633.3476   0.0051   20.54     17    Success 
 Induced Dipole File          /Dedicated/schnieders/maemmad/pKa_GNN/Graph_pKa/Data/7_Energy_Minimization_Systems/1XNB/1XNB.uind
    11   -84105.5358     5.3102    569.3779   0.0051   29.91     19    Success 
 Induced Dipole File          /Dedicated/schnieders/maemmad/pKa_GNN/Graph_pKa/Data/7_Energy_Minimization_Systems/1XNB/1XNB.uind
    12   -84629.0070     5.5664    523.4712   0.0051   39.21     21    Success 
 Induced Dipole File          /Dedicated/schnieders/maemmad/pKa_GNN/Graph_pKa/Data/7_Energy_Minimization_Systems/1XNB/1XNB.uind
    13   -85124.9000     5.6367    495.8930   0.0051   46.76     23    Success 
 Induced Dipole File          /Dedicated/schnieders/maemmad/pKa_GNN/Graph_pKa/Data/7_Energy_Minimization_Systems/1XNB/1XNB.uind
    14   -85585.5764     5.9711    460.6765   0.0051   50.86     25    Success 
 Induced Dipole File          /Dedicated/schnieders/maemmad/pKa_GNN/Graph_pKa/Data/7_Energy_Minimization_Systems/1XNB/1XNB.uind
    15   -86236.8021     6.0486    651.2256   0.0076   55.18     28    Success 
 Induced Dipole File          /Dedicated/schnieders/maemmad/pKa_GNN/Graph_pKa/Data/7_Energy_Minimization_Systems/1XNB/1XNB.uind
    16   -86834.2953     6.1438    597.4932   0.0076   58.77     31    Success 
 Induced Dipole File          /Dedicated/schnieders/maemmad/pKa_GNN/Graph_pKa/Data/7_Energy_Minimization_Systems/1XNB/1XNB.uind
    17   -87383.8747     6.1625    549.5794   0.0076   61.96     34    Success 
 Induced Dipole File          /Dedicated/schnieders/maemmad/pKa_GNN/Graph_pKa/Data/7_Energy_Minimization_Systems/1XNB/1XNB.uind
    18   -87891.8512     6.0916    507.9765   0.0076   64.34     37    Success 
 Induced Dipole File          /Dedicated/schnieders/maemmad/pKa_GNN/Graph_pKa/Data/7_Energy_Minimization_Systems/1XNB/1XNB.uind
    19   -88363.0629     5.9670    471.2118   0.0076   66.00     40    Success 
 Induced Dipole File          /Dedicated/schnieders/maemmad/pKa_GNN/Graph_pKa/Data/7_Energy_Minimization_Systems/1XNB/1XNB.uind
    20   -88663.3294     5.7891    300.2665   0.0051   67.17     42    Success 
 Induced Dipole File          /Dedicated/schnieders/maemmad/pKa_GNN/Graph_pKa/Data/7_Energy_Minimization_Systems/1XNB/1XNB.uind
    21   -89085.8309     5.5704    422.5015   0.0076   67.59     45    Success 
 Induced Dipole File          /Dedicated/schnieders/maemmad/pKa_GNN/Graph_pKa/Data/7_Energy_Minimization_Systems/1XNB/1XNB.uind
    22   -89355.5275     5.4146    269.6966   0.0051   67.90     47    Success 
 Induced Dipole File          /Dedicated/schnieders/maemmad/pKa_GNN/Graph_pKa/Data/7_Energy_Minimization_Systems/1XNB/1XNB.uind
    23   -89740.4494     5.0462    384.9219   0.0076   68.24     50    Success 
 Induced Dipole File          /Dedicated/schnieders/maemmad/pKa_GNN/Graph_pKa/Data/7_Energy_Minimization_Systems/1XNB/1XNB.uind
    24   -89983.9651     4.8934    243.5157   0.0051   67.85     52    Success 
 Induced Dipole File          /Dedicated/schnieders/maemmad/pKa_GNN/Graph_pKa/Data/7_Energy_Minimization_Systems/1XNB/1XNB.uind
    25   -90333.7215     4.4881    349.7564   0.0076   68.31     55    Success 
 Induced Dipole File          /Dedicated/schnieders/maemmad/pKa_GNN/Graph_pKa/Data/7_Energy_Minimization_Systems/1XNB/1XNB.uind
    26   -90552.5914     4.4247    218.8699   0.0051   67.28     57    Success 
 Induced Dipole File          /Dedicated/schnieders/maemmad/pKa_GNN/Graph_pKa/Data/7_Energy_Minimization_Systems/1XNB/1XNB.uind
    27   -90868.4182     3.9721    315.8268   0.0076   68.08     60    Success 
 Induced Dipole File          /Dedicated/schnieders/maemmad/pKa_GNN/Graph_pKa/Data/7_Energy_Minimization_Systems/1XNB/1XNB.uind
    28   -91069.7331     3.9044    201.3148   0.0051   66.53     62    Success 
 Induced Dipole File          /Dedicated/schnieders/maemmad/pKa_GNN/Graph_pKa/Data/7_Energy_Minimization_Systems/1XNB/1XNB.uind
    29   -91359.2383     3.4716    289.5052   0.0076   67.19     65    Success 
 Induced Dipole File          /Dedicated/schnieders/maemmad/pKa_GNN/Graph_pKa/Data/7_Energy_Minimization_Systems/1XNB/1XNB.uind
    30   -91542.1694     3.4483    182.9312   0.0051   65.38     67    Success 
 Induced Dipole File          /Dedicated/schnieders/maemmad/pKa_GNN/Graph_pKa/Data/7_Energy_Minimization_Systems/1XNB/1XNB.uind
    31   -91808.2779     3.0617    266.1084   0.0076   66.19     70    Success 
 Induced Dipole File          /Dedicated/schnieders/maemmad/pKa_GNN/Graph_pKa/Data/7_Energy_Minimization_Systems/1XNB/1XNB.uind
    32   -91975.6588     3.2615    167.3809   0.0051   64.03     72    Success 
 Induced Dipole File          /Dedicated/schnieders/maemmad/pKa_GNN/Graph_pKa/Data/7_Energy_Minimization_Systems/1XNB/1XNB.uind
    33   -92219.9856     2.8756    244.3268   0.0076   66.90     75    Success 
 Induced Dipole File          /Dedicated/schnieders/maemmad/pKa_GNN/Graph_pKa/Data/7_Energy_Minimization_Systems/1XNB/1XNB.uind
    34   -92379.2689     2.9854    159.2833   0.0051   64.23     77    Success 
 Induced Dipole File          /Dedicated/schnieders/maemmad/pKa_GNN/Graph_pKa/Data/7_Energy_Minimization_Systems/1XNB/1XNB.uind
    35   -92610.2645     2.6813    230.9957   0.0076   66.07     80    Success 
 Induced Dipole File          /Dedicated/schnieders/maemmad/pKa_GNN/Graph_pKa/Data/7_Energy_Minimization_Systems/1XNB/1XNB.uind
    36   -92761.7954     2.7374    151.5309   0.0051   63.65     82    Success 
 Induced Dipole File          /Dedicated/schnieders/maemmad/pKa_GNN/Graph_pKa/Data/7_Energy_Minimization_Systems/1XNB/1XNB.uind
    37   -92980.1151     2.5781    218.3197   0.0076   65.30     85    Success 
 Induced Dipole File          /Dedicated/schnieders/maemmad/pKa_GNN/Graph_pKa/Data/7_Energy_Minimization_Systems/1XNB/1XNB.uind
    38   -93119.3470     2.7221    139.2319   0.0051   64.47     87    Success 
 Induced Dipole File          /Dedicated/schnieders/maemmad/pKa_GNN/Graph_pKa/Data/7_Energy_Minimization_Systems/1XNB/1XNB.uind
    39   -93325.0024     2.5746    205.6554   0.0076   66.69     90    Success 
 Induced Dipole File          /Dedicated/schnieders/maemmad/pKa_GNN/Graph_pKa/Data/7_Energy_Minimization_Systems/1XNB/1XNB.uind
    40   -93393.0782     2.6739     68.0758   0.0025   65.78     91    Success 
 Induced Dipole File          /Dedicated/schnieders/maemmad/pKa_GNN/Graph_pKa/Data/7_Energy_Minimization_Systems/1XNB/1XNB.uind
    41   -93591.3905     2.5835    198.3124   0.0076   67.19     94    Success 
 Induced Dipole File          /Dedicated/schnieders/maemmad/pKa_GNN/Graph_pKa/Data/7_Energy_Minimization_Systems/1XNB/1XNB.uind
    42   -93659.0282     2.6794     67.6377   0.0025   65.71     95    Success 
 Induced Dipole File          /Dedicated/schnieders/maemmad/pKa_GNN/Graph_pKa/Data/7_Energy_Minimization_Systems/1XNB/1XNB.uind
    43   -93852.8366     2.6374    193.8083   0.0076   67.90     98    Success 
 Induced Dipole File          /Dedicated/schnieders/maemmad/pKa_GNN/Graph_pKa/Data/7_Energy_Minimization_Systems/1XNB/1XNB.uind
    44   -93921.5969     2.5785     68.7604   0.0025   66.14     99    Success 
 Induced Dipole File          /Dedicated/schnieders/maemmad/pKa_GNN/Graph_pKa/Data/7_Energy_Minimization_Systems/1XNB/1XNB.uind
    45   -94117.6258     2.5198    196.0289   0.0076   66.97    102    Success 
 Induced Dipole File          /Dedicated/schnieders/maemmad/pKa_GNN/Graph_pKa/Data/7_Energy_Minimization_Systems/1XNB/1XNB.uind
    46   -94250.1555     2.5317    132.5297   0.0051   64.90    104    Success 
 Induced Dipole File          /Dedicated/schnieders/maemmad/pKa_GNN/Graph_pKa/Data/7_Energy_Minimization_Systems/1XNB/1XNB.uind
    47   -94506.2888     2.4599    256.1333   0.0101   66.78    108    Success 
 Induced Dipole File          /Dedicated/schnieders/maemmad/pKa_GNN/Graph_pKa/Data/7_Energy_Minimization_Systems/1XNB/1XNB.uind
    48   -94572.7687     2.4249     66.4799   0.0025   65.36    109    Success 
 Induced Dipole File          /Dedicated/schnieders/maemmad/pKa_GNN/Graph_pKa/Data/7_Energy_Minimization_Systems/1XNB/1XNB.uind
    49   -94819.0332     2.3514    246.2645   0.0101   66.77    113    Success 
 Induced Dipole File          /Dedicated/schnieders/maemmad/pKa_GNN/Graph_pKa/Data/7_Energy_Minimization_Systems/1XNB/1XNB.uind
    50   -94882.9658     2.3124     63.9326   0.0025   64.99    114    Success 
 Induced Dipole File          /Dedicated/schnieders/maemmad/pKa_GNN/Graph_pKa/Data/7_Energy_Minimization_Systems/1XNB/1XNB.uind
    51   -95120.2294     2.2460    237.2636   0.0101   66.51    118    Success 
 Induced Dipole File          /Dedicated/schnieders/maemmad/pKa_GNN/Graph_pKa/Data/7_Energy_Minimization_Systems/1XNB/1XNB.uind
    52   -95179.7704     2.2034     59.5410   0.0025   65.64    119    Success 
 Induced Dipole File          /Dedicated/schnieders/maemmad/pKa_GNN/Graph_pKa/Data/7_Energy_Minimization_Systems/1XNB/1XNB.uind
    53   -95404.6703     2.0830    224.8999   0.0101   66.60    123    Success 
 Induced Dipole File          /Dedicated/schnieders/maemmad/pKa_GNN/Graph_pKa/Data/7_Energy_Minimization_Systems/1XNB/1XNB.uind
    54   -95460.6159     2.0977     55.9456   0.0025   65.48    124    Success 
 Induced Dipole File          /Dedicated/schnieders/maemmad/pKa_GNN/Graph_pKa/Data/7_Energy_Minimization_Systems/1XNB/1XNB.uind
    55   -95671.5464     1.9513    210.9305   0.0101   66.87    128    Success 
 Induced Dipole File          /Dedicated/schnieders/maemmad/pKa_GNN/Graph_pKa/Data/7_Energy_Minimization_Systems/1XNB/1XNB.uind
    56   -95772.2341     1.9968    100.6876   0.0051   65.58    130    Success 
 Induced Dipole File          /Dedicated/schnieders/maemmad/pKa_GNN/Graph_pKa/Data/7_Energy_Minimization_Systems/1XNB/1XNB.uind
    57   -95920.1572     1.8314    147.9231   0.0076   67.59    133    Success 
 Induced Dipole File          /Dedicated/schnieders/maemmad/pKa_GNN/Graph_pKa/Data/7_Energy_Minimization_Systems/1XNB/1XNB.uind
    58   -96015.0675     1.7736     94.9103   0.0051   66.26    135    Success 
 Induced Dipole File          /Dedicated/schnieders/maemmad/pKa_GNN/Graph_pKa/Data/7_Energy_Minimization_Systems/1XNB/1XNB.uind
    59   -96155.2037     1.6273    140.1361   0.0076   65.83    138    Success 
 Induced Dipole File          /Dedicated/schnieders/maemmad/pKa_GNN/Graph_pKa/Data/7_Energy_Minimization_Systems/1XNB/1XNB.uind
    60   -96244.7991     1.5525     89.5955   0.0051   64.92    140    Success 
 Induced Dipole File          /Dedicated/schnieders/maemmad/pKa_GNN/Graph_pKa/Data/7_Energy_Minimization_Systems/1XNB/1XNB.uind
    61   -96374.0529     1.4430    129.2537   0.0076   64.19    143    Success 
 Induced Dipole File          /Dedicated/schnieders/maemmad/pKa_GNN/Graph_pKa/Data/7_Energy_Minimization_Systems/1XNB/1XNB.uind
    62   -96456.9812     1.4212     82.9284   0.0051   63.63    145    Success 
 Induced Dipole File          /Dedicated/schnieders/maemmad/pKa_GNN/Graph_pKa/Data/7_Energy_Minimization_Systems/1XNB/1XNB.uind
    63   -96536.9759     1.3038     79.9947   0.0051   64.33    147    Success 
 Induced Dipole File          /Dedicated/schnieders/maemmad/pKa_GNN/Graph_pKa/Data/7_Energy_Minimization_Systems/1XNB/1XNB.uind
    64   -96614.4015     1.3308     77.4256   0.0051   62.70    149    Success 
 Induced Dipole File          /Dedicated/schnieders/maemmad/pKa_GNN/Graph_pKa/Data/7_Energy_Minimization_Systems/1XNB/1XNB.uind
    65   -96689.8494     1.2199     75.4479   0.0051   64.02    151    Success 
 Induced Dipole File          /Dedicated/schnieders/maemmad/pKa_GNN/Graph_pKa/Data/7_Energy_Minimization_Systems/1XNB/1XNB.uind
    66   -96762.1364     1.2428     72.2870   0.0051   62.73    153    Success 
 Induced Dipole File          /Dedicated/schnieders/maemmad/pKa_GNN/Graph_pKa/Data/7_Energy_Minimization_Systems/1XNB/1XNB.uind
    67   -96832.8043     1.1811     70.6678   0.0051   63.82    155    Success 
 Induced Dipole File          /Dedicated/schnieders/maemmad/pKa_GNN/Graph_pKa/Data/7_Energy_Minimization_Systems/1XNB/1XNB.uind
    68   -96900.1971     1.1639     67.3928   0.0051   63.90    157    Success 
 Induced Dipole File          /Dedicated/schnieders/maemmad/pKa_GNN/Graph_pKa/Data/7_Energy_Minimization_Systems/1XNB/1XNB.uind
    69   -96966.5735     1.2485     66.3764   0.0051   63.30    159    Success 
 Induced Dipole File          /Dedicated/schnieders/maemmad/pKa_GNN/Graph_pKa/Data/7_Energy_Minimization_Systems/1XNB/1XNB.uind
    70   -97029.7737     1.1934     63.2002   0.0051   67.10    161    Success 
 Induced Dipole File          /Dedicated/schnieders/maemmad/pKa_GNN/Graph_pKa/Data/7_Energy_Minimization_Systems/1XNB/1XNB.uind
    71   -97061.4828     1.3050     31.7091   0.0025   65.77    162    Success 
 Induced Dipole File          /Dedicated/schnieders/maemmad/pKa_GNN/Graph_pKa/Data/7_Energy_Minimization_Systems/1XNB/1XNB.uind
    72   -97151.5490     1.2629     90.0662   0.0076   68.81    165    Success 
 Induced Dipole File          /Dedicated/schnieders/maemmad/pKa_GNN/Graph_pKa/Data/7_Energy_Minimization_Systems/1XNB/1XNB.uind
    73   -97179.8359     1.4590     28.2869   0.0025   68.81    166    Success 
 Induced Dipole File          /Dedicated/schnieders/maemmad/pKa_GNN/Graph_pKa/Data/7_Energy_Minimization_Systems/1XNB/1XNB.uind
    74   -97264.4309     1.4464     84.5950   0.0076   72.30    169    Success 
 Induced Dipole File          /Dedicated/schnieders/maemmad/pKa_GNN/Graph_pKa/Data/7_Energy_Minimization_Systems/1XNB/1XNB.uind
    75   -97296.2895     1.4574     31.8586   0.0025   69.58    170    Success 
 Induced Dipole File          /Dedicated/schnieders/maemmad/pKa_GNN/Graph_pKa/Data/7_Energy_Minimization_Systems/1XNB/1XNB.uind
    76   -97383.3654     1.4623     87.0759   0.0076   71.99    173    Success 
 Induced Dipole File          /Dedicated/schnieders/maemmad/pKa_GNN/Graph_pKa/Data/7_Energy_Minimization_Systems/1XNB/1XNB.uind
    77   -97416.7991     1.3882     33.4337   0.0025   69.42    174    Success 
 Induced Dipole File          /Dedicated/schnieders/maemmad/pKa_GNN/Graph_pKa/Data/7_Energy_Minimization_Systems/1XNB/1XNB.uind
    78   -97541.8614     1.3408    125.0623   0.0101   69.51    178    Success 
 Induced Dipole File          /Dedicated/schnieders/maemmad/pKa_GNN/Graph_pKa/Data/7_Energy_Minimization_Systems/1XNB/1XNB.uind
    79   -97608.7474     1.4308     66.8860   0.0051   66.35    180    Success 
 Induced Dipole File          /Dedicated/schnieders/maemmad/pKa_GNN/Graph_pKa/Data/7_Energy_Minimization_Systems/1XNB/1XNB.uind
    80   -97732.7258     1.4058    123.9784   0.0101   70.39    184    Success 
 Induced Dipole File          /Dedicated/schnieders/maemmad/pKa_GNN/Graph_pKa/Data/7_Energy_Minimization_Systems/1XNB/1XNB.uind
    81   -97766.5463     1.4141     33.8205   0.0025   68.12    185    Success 
 Induced Dipole File          /Dedicated/schnieders/maemmad/pKa_GNN/Graph_pKa/Data/7_Energy_Minimization_Systems/1XNB/1XNB.uind
    82   -97887.9790     1.3803    121.4327   0.0101   70.59    189    Success 
 Induced Dipole File          /Dedicated/schnieders/maemmad/pKa_GNN/Graph_pKa/Data/7_Energy_Minimization_Systems/1XNB/1XNB.uind
    83   -97920.6703     1.3905     32.6913   0.0025   68.42    190    Success 
 Induced Dipole File          /Dedicated/schnieders/maemmad/pKa_GNN/Graph_pKa/Data/7_Energy_Minimization_Systems/1XNB/1XNB.uind
    84   -98040.9429     1.3667    120.2726   0.0101   70.42    194    Success 
 Induced Dipole File          /Dedicated/schnieders/maemmad/pKa_GNN/Graph_pKa/Data/7_Energy_Minimization_Systems/1XNB/1XNB.uind
    85   -98072.6780     1.4947     31.7352   0.0025   68.48    195    Success 
 Induced Dipole File          /Dedicated/schnieders/maemmad/pKa_GNN/Graph_pKa/Data/7_Energy_Minimization_Systems/1XNB/1XNB.uind
    86   -98189.2276     1.4829    116.5496   0.0101   72.37    199    Success 
 Induced Dipole File          /Dedicated/schnieders/maemmad/pKa_GNN/Graph_pKa/Data/7_Energy_Minimization_Systems/1XNB/1XNB.uind
    87   -98219.8225     1.4918     30.5949   0.0025   71.17    200    Success 
 Induced Dipole File          /Dedicated/schnieders/maemmad/pKa_GNN/Graph_pKa/Data/7_Energy_Minimization_Systems/1XNB/1XNB.uind
    88   -98333.7577     1.4810    113.9352   0.0101   72.71    204    Success 
 Induced Dipole File          /Dedicated/schnieders/maemmad/pKa_GNN/Graph_pKa/Data/7_Energy_Minimization_Systems/1XNB/1XNB.uind
    89   -98363.3506     1.4292     29.5929   0.0025   71.87    205    Success 
 Induced Dipole File          /Dedicated/schnieders/maemmad/pKa_GNN/Graph_pKa/Data/7_Energy_Minimization_Systems/1XNB/1XNB.uind
    90   -98478.0072     1.4026    114.6567   0.0101   71.79    209    Success 
 Induced Dipole File          /Dedicated/schnieders/maemmad/pKa_GNN/Graph_pKa/Data/7_Energy_Minimization_Systems/1XNB/1XNB.uind
    91   -98506.6485     1.3573     28.6413   0.0025   71.11    210    Success 
 Induced Dipole File          /Dedicated/schnieders/maemmad/pKa_GNN/Graph_pKa/Data/7_Energy_Minimization_Systems/1XNB/1XNB.uind
    92   -98619.1530     1.3228    112.5045   0.0101   71.13    214    Success 
 Induced Dipole File          /Dedicated/schnieders/maemmad/pKa_GNN/Graph_pKa/Data/7_Energy_Minimization_Systems/1XNB/1XNB.uind
    93   -98647.6089     1.2031     28.4559   0.0025   70.10    215    Success 
 Induced Dipole File          /Dedicated/schnieders/maemmad/pKa_GNN/Graph_pKa/Data/7_Energy_Minimization_Systems/1XNB/1XNB.uind
    94   -98757.5139     1.1667    109.9050   0.0101   69.09    219    Success 
 Induced Dipole File          /Dedicated/schnieders/maemmad/pKa_GNN/Graph_pKa/Data/7_Energy_Minimization_Systems/1XNB/1XNB.uind
    95   -98784.5338     1.0514     27.0199   0.0025   68.52    220    Success 
 Induced Dipole File          /Dedicated/schnieders/maemmad/pKa_GNN/Graph_pKa/Data/7_Energy_Minimization_Systems/1XNB/1XNB.uind
    96   -98864.9686     1.0023     80.4348   0.0076   66.92    223    Success 
 Induced Dipole File          /Dedicated/schnieders/maemmad/pKa_GNN/Graph_pKa/Data/7_Energy_Minimization_Systems/1XNB/1XNB.uind
    97   -98891.5030     1.0439     26.5344   0.0025   65.96    224    Success 
 Induced Dipole File          /Dedicated/schnieders/maemmad/pKa_GNN/Graph_pKa/Data/7_Energy_Minimization_Systems/1XNB/1XNB.uind
    98   -98994.5462     0.9717    103.0432   0.0101   67.41    228   SmallGrad
 Induced Dipole File          /Dedicated/schnieders/maemmad/pKa_GNN/Graph_pKa/Data/7_Energy_Minimization_Systems/1XNB/1XNB.uind

 LBFGS  --  Normal Termination due to SmallGrad

 Final Function Value :       -98994.5451
 Final RMS Gradient :              0.9717
 Final Gradient Norm :           159.7343
[1XNB] waterbox = 65 Å
[1XNB] Running minimize.x  (RMS gradient 1 kcal/mol/Å)...
[1XNB] Minimization complete → /Dedicated/schnieders/maemmad/pKa_GNN/Graph_pKa/Data/7_Energy_Minimization_Systems/1XNB/1XNB.xyz_2
=== 1XNB tinker_min done: Wed Apr 22 06:21:43 CDT 2026 ===
