 Evaluating /Dedicated/schnieders/programs/stack-2021.1.sh
  Loading Modules
   Stack 2021.1
   GCC 9.3.0
   CMake 3.20.0
   Eigen 3.3.9
   Cuda 11.1.1
   Cuda: /usr/share/apps/2021.1/arch/gcc-9.3.0/cuda-11.1.1
   CudaNN 8.0.5.39-11.1
   Swig 4.0.2_gcc-9.3.0
  Loading software from /Dedicated/schnieders/programs/local
   Ant: /Dedicated/schnieders/programs/apache-ant-1.10.11
   FFX: /Dedicated/schnieders/programs/ffx-builds/forcefieldx-2026-01-04
   GDMA: /Dedicated/schnieders/programs/gdma-2.3
   Groovy: /Dedicated/schnieders/programs/groovy-4.0.1
   Java: /Dedicated/schnieders/programs/jdk-25.0.1
   Maven: /Dedicated/schnieders/programs/apache-maven-3.9.5
   VMD: /Dedicated/schnieders/programs/vmd
   NAMD: /Dedicated/schnieders/programs/NAMD_3.0alpha7_Linux-x86_64-multicore-CUDA
   OpenEye: /Dedicated/schnieders/programs/OpenEye
   Tinker: /Dedicated/schnieders/programs/tinker-tools
=== 1LNI tinker_min started: Wed Apr 22 00:26:34 CDT 2026 ===

     ######################################################################
   ##########################################################################
  ###                                                                      ###
 ###            Tinker  ---  Software Tools for Molecular Design            ###
 ##                                                                          ##
 ##                        Version 8.11.3   June 2024                        ##
 ##                                                                          ##
 ##               Copyright (c)  Jay William Ponder  1990-2024               ##
 ###                           All Rights Reserved                          ###
  ###                                                                      ###
   ##########################################################################
     ######################################################################

OMP: Info #276: omp_set_nested routine deprecated, please use omp_set_max_active_levels instead.

 KTORTOR  --  Warning, Unequal Tor-Tor Values       -0.41030    -0.34336

 KTORTOR  --  Warning, Unequal Tor-Tor Values       -2.35817    -3.43923

 KTORTOR  --  Warning, Unequal Tor-Tor Values       -5.73614    -5.15707

 KTORTOR  --  Warning, Unequal Tor-Tor Values       -5.25542    -0.72643

 KTORTOR  --  Warning, Unequal Tor-Tor Values        1.38787    -1.82424

 KTORTOR  --  Warning, Unequal Tor-Tor Values       -5.25542    -6.28648

 KTORTOR  --  Warning, Unequal Tor-Tor Values       -5.73614    -3.36364

 KTORTOR  --  Warning, Unequal Tor-Tor Values       -2.35817    -0.91119

 KTORTOR  --  Warning, Unequal Tor-Tor Values       -0.41030     0.00000

 KTORTOR  --  Warning, Unequal Tor-Tor Values       -0.41030     0.00000

 KTORTOR  --  Warning, Unequal Tor-Tor Values        0.11457     0.00000

 KTORTOR  --  Warning, Unequal Tor-Tor Values        2.74331     0.00000

 KTORTOR  --  Warning, Unequal Tor-Tor Values       -0.27385     0.00000

 KTORTOR  --  Warning, Unequal Tor-Tor Values       -4.22230     0.00000

 KTORTOR  --  Warning, Unequal Tor-Tor Values       -0.27385     0.00000

 KTORTOR  --  Warning, Unequal Tor-Tor Values        2.74331     0.00000

 KTORTOR  --  Warning, Unequal Tor-Tor Values        0.11457     0.00000

 KTORTOR  --  Warning, Unequal Tor-Tor Values       -0.41030     0.00000

 KTORTOR  --  Warning, Unequal Tor-Tor Values       -0.91119     0.00000

 KTORTOR  --  Warning, Unequal Tor-Tor Values        1.89156     0.00000

 KTORTOR  --  Warning, Unequal Tor-Tor Values        1.79376     0.00000

 KTORTOR  --  Warning, Unequal Tor-Tor Values       -3.60137     0.00000

 KTORTOR  --  Warning, Unequal Tor-Tor Values       -2.68532     0.00000

 KTORTOR  --  Warning, Unequal Tor-Tor Values        2.53125     0.00000

 KTORTOR  --  Warning, Unequal Tor-Tor Values        1.14392     0.00000

 KTORTOR  --  Warning, Unequal Tor-Tor Values       -0.38834     0.00000

 KTORTOR  --  Warning, Unequal Tor-Tor Values       -1.68618     0.00000

 KTORTOR  --  Warning, Unequal Tor-Tor Values        0.39856     0.00000

 KTORTOR  --  Warning, Unequal Tor-Tor Values        2.55866     0.00000

 KTORTOR  --  Warning, Unequal Tor-Tor Values       -2.03519     0.00000

 KTORTOR  --  Warning, Unequal Tor-Tor Values       -4.67044     0.00000

 KTORTOR  --  Warning, Unequal Tor-Tor Values        1.18267     0.00000

 KTORTOR  --  Warning, Unequal Tor-Tor Values        1.65296     0.00000

 KTORTOR  --  Warning, Unequal Tor-Tor Values       -0.34336     0.00000

 CSPLINE  --  Warning, Non-Periodic Input Values    -0.41030    -0.34336

 CSPLINE  --  Warning, Non-Periodic Input Values    -2.35817    -3.43923

 CSPLINE  --  Warning, Non-Periodic Input Values    -5.73614    -5.15707

 CSPLINE  --  Warning, Non-Periodic Input Values    -5.25542    -0.72643

 CSPLINE  --  Warning, Non-Periodic Input Values     1.38787    -1.82424

 CSPLINE  --  Warning, Non-Periodic Input Values    -5.25542    -6.28648

 CSPLINE  --  Warning, Non-Periodic Input Values    -5.73614    -3.36364

 CSPLINE  --  Warning, Non-Periodic Input Values    -2.35817    -0.91119

 CSPLINE  --  Warning, Non-Periodic Input Values    -0.41030     0.00000

 CSPLINE  --  Warning, Non-Periodic Input Values    -0.41030     0.00000

 CSPLINE  --  Warning, Non-Periodic Input Values     0.11457     0.00000

 CSPLINE  --  Warning, Non-Periodic Input Values     2.74331     0.00000

 CSPLINE  --  Warning, Non-Periodic Input Values    -0.27385     0.00000

 CSPLINE  --  Warning, Non-Periodic Input Values    -4.22230     0.00000

 CSPLINE  --  Warning, Non-Periodic Input Values    -0.27385     0.00000

 CSPLINE  --  Warning, Non-Periodic Input Values     2.74331     0.00000

 CSPLINE  --  Warning, Non-Periodic Input Values     0.11457     0.00000

 CSPLINE  --  Warning, Non-Periodic Input Values    -0.41030     0.00000

 CSPLINE  --  Warning, Non-Periodic Input Values    -0.91119     0.00000

 CSPLINE  --  Warning, Non-Periodic Input Values     1.89156     0.00000

 CSPLINE  --  Warning, Non-Periodic Input Values     1.79376     0.00000

 CSPLINE  --  Warning, Non-Periodic Input Values    -3.60137     0.00000

 CSPLINE  --  Warning, Non-Periodic Input Values    -2.68532     0.00000

 CSPLINE  --  Warning, Non-Periodic Input Values     2.53125     0.00000

 CSPLINE  --  Warning, Non-Periodic Input Values     1.14392     0.00000

 CSPLINE  --  Warning, Non-Periodic Input Values    -0.38834     0.00000

 CSPLINE  --  Warning, Non-Periodic Input Values    -1.68618     0.00000

 CSPLINE  --  Warning, Non-Periodic Input Values     0.39856     0.00000

 CSPLINE  --  Warning, Non-Periodic Input Values     2.55866     0.00000

 CSPLINE  --  Warning, Non-Periodic Input Values    -2.03519     0.00000

 CSPLINE  --  Warning, Non-Periodic Input Values    -4.67044     0.00000

 CSPLINE  --  Warning, Non-Periodic Input Values     1.18267     0.00000

 CSPLINE  --  Warning, Non-Periodic Input Values     1.65296     0.00000

 CSPLINE  --  Warning, Non-Periodic Input Values    -0.34336     0.00000

 CSPLINE  --  Warning, Non-Periodic Input Values    -0.08660     0.00000

 CSPLINE  --  Warning, Non-Periodic Input Values     0.17103     0.00000

 CSPLINE  --  Warning, Non-Periodic Input Values     0.02651     0.00000

 CSPLINE  --  Warning, Non-Periodic Input Values    -0.35476     0.00000

 CSPLINE  --  Warning, Non-Periodic Input Values    -0.00060     0.00000

 CSPLINE  --  Warning, Non-Periodic Input Values     0.35715     0.00000

 CSPLINE  --  Warning, Non-Periodic Input Values    -0.03488     0.00000

 CSPLINE  --  Warning, Non-Periodic Input Values    -0.13995     0.00000

 CSPLINE  --  Warning, Non-Periodic Input Values    -0.03606     0.00000

 CSPLINE  --  Warning, Non-Periodic Input Values     0.07903     0.00000

 CSPLINE  --  Warning, Non-Periodic Input Values     0.18032     0.00000

 CSPLINE  --  Warning, Non-Periodic Input Values    -0.25932     0.00000

 CSPLINE  --  Warning, Non-Periodic Input Values    -0.24162     0.00000

 CSPLINE  --  Warning, Non-Periodic Input Values     0.32998     0.00000

 CSPLINE  --  Warning, Non-Periodic Input Values     0.14821     0.00000

 CSPLINE  --  Warning, Non-Periodic Input Values    -0.15699     0.00000

 CSPLINE  --  Warning, Non-Periodic Input Values    -0.10416     0.00000

 CSPLINE  --  Warning, Non-Periodic Input Values     0.00762     0.00000

 CSPLINE  --  Warning, Non-Periodic Input Values     0.23107     0.00000

 CSPLINE  --  Warning, Non-Periodic Input Values    -0.08293     0.00000

 CSPLINE  --  Warning, Non-Periodic Input Values    -0.38608     0.00000

 CSPLINE  --  Warning, Non-Periodic Input Values     0.18144     0.00000

 CSPLINE  --  Warning, Non-Periodic Input Values     0.30388     0.00000

 CSPLINE  --  Warning, Non-Periodic Input Values    -0.13229     0.00000

 CSPLINE  --  Warning, Non-Periodic Input Values    -0.08660     0.00000

 KTORTOR  --  Warning, Unequal Tor-Tor Values       -0.41030    -0.34336

 KTORTOR  --  Warning, Unequal Tor-Tor Values       -2.35817    -3.43923

 KTORTOR  --  Warning, Unequal Tor-Tor Values       -5.73614    -5.15707

 KTORTOR  --  Warning, Unequal Tor-Tor Values       -5.25542    -0.72643

 KTORTOR  --  Warning, Unequal Tor-Tor Values        1.38787    -1.82424

 KTORTOR  --  Warning, Unequal Tor-Tor Values       -5.25542    -6.28648

 KTORTOR  --  Warning, Unequal Tor-Tor Values       -5.73614    -3.36364

 KTORTOR  --  Warning, Unequal Tor-Tor Values       -2.35817    -0.91119

 KTORTOR  --  Warning, Unequal Tor-Tor Values       -0.41030     0.00000

 KTORTOR  --  Warning, Unequal Tor-Tor Values       -0.41030     0.00000

 KTORTOR  --  Warning, Unequal Tor-Tor Values        0.11457     0.00000

 KTORTOR  --  Warning, Unequal Tor-Tor Values        2.74331     0.00000

 KTORTOR  --  Warning, Unequal Tor-Tor Values       -0.27385     0.00000

 KTORTOR  --  Warning, Unequal Tor-Tor Values       -4.22230     0.00000

 KTORTOR  --  Warning, Unequal Tor-Tor Values       -0.27385     0.00000

 KTORTOR  --  Warning, Unequal Tor-Tor Values        2.74331     0.00000

 KTORTOR  --  Warning, Unequal Tor-Tor Values        0.11457     0.00000

 KTORTOR  --  Warning, Unequal Tor-Tor Values       -0.41030     0.00000

 KTORTOR  --  Warning, Unequal Tor-Tor Values       -0.91119     0.00000

 KTORTOR  --  Warning, Unequal Tor-Tor Values        1.89156     0.00000

 KTORTOR  --  Warning, Unequal Tor-Tor Values        1.79376     0.00000

 KTORTOR  --  Warning, Unequal Tor-Tor Values       -3.60137     0.00000

 KTORTOR  --  Warning, Unequal Tor-Tor Values       -2.68532     0.00000

 KTORTOR  --  Warning, Unequal Tor-Tor Values        2.53125     0.00000

 KTORTOR  --  Warning, Unequal Tor-Tor Values        1.14392     0.00000

 KTORTOR  --  Warning, Unequal Tor-Tor Values       -0.38834     0.00000

 KTORTOR  --  Warning, Unequal Tor-Tor Values       -1.68618     0.00000

 KTORTOR  --  Warning, Unequal Tor-Tor Values        0.39856     0.00000

 KTORTOR  --  Warning, Unequal Tor-Tor Values        2.55866     0.00000

 KTORTOR  --  Warning, Unequal Tor-Tor Values       -2.03519     0.00000

 KTORTOR  --  Warning, Unequal Tor-Tor Values       -4.67044     0.00000

 KTORTOR  --  Warning, Unequal Tor-Tor Values        1.18267     0.00000

 KTORTOR  --  Warning, Unequal Tor-Tor Values        1.65296     0.00000

 KTORTOR  --  Warning, Unequal Tor-Tor Values       -0.34336     0.00000

 CSPLINE  --  Warning, Non-Periodic Input Values    -0.41030    -0.34336

 CSPLINE  --  Warning, Non-Periodic Input Values    -2.35817    -3.43923

 CSPLINE  --  Warning, Non-Periodic Input Values    -5.73614    -5.15707

 CSPLINE  --  Warning, Non-Periodic Input Values    -5.25542    -0.72643

 CSPLINE  --  Warning, Non-Periodic Input Values     1.38787    -1.82424

 CSPLINE  --  Warning, Non-Periodic Input Values    -5.25542    -6.28648

 CSPLINE  --  Warning, Non-Periodic Input Values    -5.73614    -3.36364

 CSPLINE  --  Warning, Non-Periodic Input Values    -2.35817    -0.91119

 CSPLINE  --  Warning, Non-Periodic Input Values    -0.41030     0.00000

 CSPLINE  --  Warning, Non-Periodic Input Values    -0.41030     0.00000

 CSPLINE  --  Warning, Non-Periodic Input Values     0.11457     0.00000

 CSPLINE  --  Warning, Non-Periodic Input Values     2.74331     0.00000

 CSPLINE  --  Warning, Non-Periodic Input Values    -0.27385     0.00000

 CSPLINE  --  Warning, Non-Periodic Input Values    -4.22230     0.00000

 CSPLINE  --  Warning, Non-Periodic Input Values    -0.27385     0.00000

 CSPLINE  --  Warning, Non-Periodic Input Values     2.74331     0.00000

 CSPLINE  --  Warning, Non-Periodic Input Values     0.11457     0.00000

 CSPLINE  --  Warning, Non-Periodic Input Values    -0.41030     0.00000

 CSPLINE  --  Warning, Non-Periodic Input Values    -0.91119     0.00000

 CSPLINE  --  Warning, Non-Periodic Input Values     1.89156     0.00000

 CSPLINE  --  Warning, Non-Periodic Input Values     1.79376     0.00000

 CSPLINE  --  Warning, Non-Periodic Input Values    -3.60137     0.00000

 CSPLINE  --  Warning, Non-Periodic Input Values    -2.68532     0.00000

 CSPLINE  --  Warning, Non-Periodic Input Values     2.53125     0.00000

 CSPLINE  --  Warning, Non-Periodic Input Values     1.14392     0.00000

 CSPLINE  --  Warning, Non-Periodic Input Values    -0.38834     0.00000

 CSPLINE  --  Warning, Non-Periodic Input Values    -1.68618     0.00000

 CSPLINE  --  Warning, Non-Periodic Input Values     0.39856     0.00000

 CSPLINE  --  Warning, Non-Periodic Input Values     2.55866     0.00000

 CSPLINE  --  Warning, Non-Periodic Input Values    -2.03519     0.00000

 CSPLINE  --  Warning, Non-Periodic Input Values    -4.67044     0.00000

 CSPLINE  --  Warning, Non-Periodic Input Values     1.18267     0.00000

 CSPLINE  --  Warning, Non-Periodic Input Values     1.65296     0.00000

 CSPLINE  --  Warning, Non-Periodic Input Values    -0.34336     0.00000

 CSPLINE  --  Warning, Non-Periodic Input Values    -0.08660     0.00000

 CSPLINE  --  Warning, Non-Periodic Input Values     0.17103     0.00000

 CSPLINE  --  Warning, Non-Periodic Input Values     0.02651     0.00000

 CSPLINE  --  Warning, Non-Periodic Input Values    -0.35476     0.00000

 CSPLINE  --  Warning, Non-Periodic Input Values    -0.00060     0.00000

 CSPLINE  --  Warning, Non-Periodic Input Values     0.35715     0.00000

 CSPLINE  --  Warning, Non-Periodic Input Values    -0.03488     0.00000

 CSPLINE  --  Warning, Non-Periodic Input Values    -0.13995     0.00000

 CSPLINE  --  Warning, Non-Periodic Input Values    -0.03606     0.00000

 CSPLINE  --  Warning, Non-Periodic Input Values     0.07903     0.00000

 CSPLINE  --  Warning, Non-Periodic Input Values     0.18032     0.00000

 CSPLINE  --  Warning, Non-Periodic Input Values    -0.25932     0.00000

 CSPLINE  --  Warning, Non-Periodic Input Values    -0.24162     0.00000

 CSPLINE  --  Warning, Non-Periodic Input Values     0.32998     0.00000

 CSPLINE  --  Warning, Non-Periodic Input Values     0.14821     0.00000

 CSPLINE  --  Warning, Non-Periodic Input Values    -0.15699     0.00000

 CSPLINE  --  Warning, Non-Periodic Input Values    -0.10416     0.00000

 CSPLINE  --  Warning, Non-Periodic Input Values     0.00762     0.00000

 CSPLINE  --  Warning, Non-Periodic Input Values     0.23107     0.00000

 CSPLINE  --  Warning, Non-Periodic Input Values    -0.08293     0.00000

 CSPLINE  --  Warning, Non-Periodic Input Values    -0.38608     0.00000

 CSPLINE  --  Warning, Non-Periodic Input Values     0.18144     0.00000

 CSPLINE  --  Warning, Non-Periodic Input Values     0.30388     0.00000

 CSPLINE  --  Warning, Non-Periodic Input Values    -0.13229     0.00000

 CSPLINE  --  Warning, Non-Periodic Input Values    -0.08660     0.00000

 KTORTOR  --  Warning, Unequal Tor-Tor Values       -0.41030    -0.34336

 KTORTOR  --  Warning, Unequal Tor-Tor Values       -2.35817    -3.43923

 KTORTOR  --  Warning, Unequal Tor-Tor Values       -5.73614    -5.15707

 KTORTOR  --  Warning, Unequal Tor-Tor Values       -5.25542    -0.72643

 KTORTOR  --  Warning, Unequal Tor-Tor Values        1.38787    -1.82424

 KTORTOR  --  Warning, Unequal Tor-Tor Values       -5.25542    -6.28648

 KTORTOR  --  Warning, Unequal Tor-Tor Values       -5.73614    -3.36364

 KTORTOR  --  Warning, Unequal Tor-Tor Values       -2.35817    -0.91119

 KTORTOR  --  Warning, Unequal Tor-Tor Values       -0.41030     0.00000

 KTORTOR  --  Warning, Unequal Tor-Tor Values       -0.41030     0.00000

 KTORTOR  --  Warning, Unequal Tor-Tor Values        0.11457     0.00000

 KTORTOR  --  Warning, Unequal Tor-Tor Values        2.74331     0.00000

 KTORTOR  --  Warning, Unequal Tor-Tor Values       -0.27385     0.00000

 KTORTOR  --  Warning, Unequal Tor-Tor Values       -4.22230     0.00000

 KTORTOR  --  Warning, Unequal Tor-Tor Values       -0.27385     0.00000

 KTORTOR  --  Warning, Unequal Tor-Tor Values        2.74331     0.00000

 KTORTOR  --  Warning, Unequal Tor-Tor Values        0.11457     0.00000

 KTORTOR  --  Warning, Unequal Tor-Tor Values       -0.41030     0.00000

 KTORTOR  --  Warning, Unequal Tor-Tor Values       -0.91119     0.00000

 KTORTOR  --  Warning, Unequal Tor-Tor Values        1.89156     0.00000

 KTORTOR  --  Warning, Unequal Tor-Tor Values        1.79376     0.00000

 KTORTOR  --  Warning, Unequal Tor-Tor Values       -3.60137     0.00000

 KTORTOR  --  Warning, Unequal Tor-Tor Values       -2.68532     0.00000

 KTORTOR  --  Warning, Unequal Tor-Tor Values        2.53125     0.00000

 KTORTOR  --  Warning, Unequal Tor-Tor Values        1.14392     0.00000

 KTORTOR  --  Warning, Unequal Tor-Tor Values       -0.38834     0.00000

 KTORTOR  --  Warning, Unequal Tor-Tor Values       -1.68618     0.00000

 KTORTOR  --  Warning, Unequal Tor-Tor Values        0.39856     0.00000

 KTORTOR  --  Warning, Unequal Tor-Tor Values        2.55866     0.00000

 KTORTOR  --  Warning, Unequal Tor-Tor Values       -2.03519     0.00000

 KTORTOR  --  Warning, Unequal Tor-Tor Values       -4.67044     0.00000

 KTORTOR  --  Warning, Unequal Tor-Tor Values        1.18267     0.00000

 KTORTOR  --  Warning, Unequal Tor-Tor Values        1.65296     0.00000

 KTORTOR  --  Warning, Unequal Tor-Tor Values       -0.34336     0.00000

 CSPLINE  --  Warning, Non-Periodic Input Values    -0.41030    -0.34336

 CSPLINE  --  Warning, Non-Periodic Input Values    -2.35817    -3.43923

 CSPLINE  --  Warning, Non-Periodic Input Values    -5.73614    -5.15707

 CSPLINE  --  Warning, Non-Periodic Input Values    -5.25542    -0.72643

 CSPLINE  --  Warning, Non-Periodic Input Values     1.38787    -1.82424

 CSPLINE  --  Warning, Non-Periodic Input Values    -5.25542    -6.28648

 CSPLINE  --  Warning, Non-Periodic Input Values    -5.73614    -3.36364

 CSPLINE  --  Warning, Non-Periodic Input Values    -2.35817    -0.91119

 CSPLINE  --  Warning, Non-Periodic Input Values    -0.41030     0.00000

 CSPLINE  --  Warning, Non-Periodic Input Values    -0.41030     0.00000

 CSPLINE  --  Warning, Non-Periodic Input Values     0.11457     0.00000

 CSPLINE  --  Warning, Non-Periodic Input Values     2.74331     0.00000

 CSPLINE  --  Warning, Non-Periodic Input Values    -0.27385     0.00000

 CSPLINE  --  Warning, Non-Periodic Input Values    -4.22230     0.00000

 CSPLINE  --  Warning, Non-Periodic Input Values    -0.27385     0.00000

 CSPLINE  --  Warning, Non-Periodic Input Values     2.74331     0.00000

 CSPLINE  --  Warning, Non-Periodic Input Values     0.11457     0.00000

 CSPLINE  --  Warning, Non-Periodic Input Values    -0.41030     0.00000

 CSPLINE  --  Warning, Non-Periodic Input Values    -0.91119     0.00000

 CSPLINE  --  Warning, Non-Periodic Input Values     1.89156     0.00000

 CSPLINE  --  Warning, Non-Periodic Input Values     1.79376     0.00000

 CSPLINE  --  Warning, Non-Periodic Input Values    -3.60137     0.00000

 CSPLINE  --  Warning, Non-Periodic Input Values    -2.68532     0.00000

 CSPLINE  --  Warning, Non-Periodic Input Values     2.53125     0.00000

 CSPLINE  --  Warning, Non-Periodic Input Values     1.14392     0.00000

 CSPLINE  --  Warning, Non-Periodic Input Values    -0.38834     0.00000

 CSPLINE  --  Warning, Non-Periodic Input Values    -1.68618     0.00000

 CSPLINE  --  Warning, Non-Periodic Input Values     0.39856     0.00000

 CSPLINE  --  Warning, Non-Periodic Input Values     2.55866     0.00000

 CSPLINE  --  Warning, Non-Periodic Input Values    -2.03519     0.00000

 CSPLINE  --  Warning, Non-Periodic Input Values    -4.67044     0.00000

 CSPLINE  --  Warning, Non-Periodic Input Values     1.18267     0.00000

 CSPLINE  --  Warning, Non-Periodic Input Values     1.65296     0.00000

 CSPLINE  --  Warning, Non-Periodic Input Values    -0.34336     0.00000

 CSPLINE  --  Warning, Non-Periodic Input Values    -0.08660     0.00000

 CSPLINE  --  Warning, Non-Periodic Input Values     0.17103     0.00000

 CSPLINE  --  Warning, Non-Periodic Input Values     0.02651     0.00000

 CSPLINE  --  Warning, Non-Periodic Input Values    -0.35476     0.00000

 CSPLINE  --  Warning, Non-Periodic Input Values    -0.00060     0.00000

 CSPLINE  --  Warning, Non-Periodic Input Values     0.35715     0.00000

 CSPLINE  --  Warning, Non-Periodic Input Values    -0.03488     0.00000

 CSPLINE  --  Warning, Non-Periodic Input Values    -0.13995     0.00000

 CSPLINE  --  Warning, Non-Periodic Input Values    -0.03606     0.00000

 CSPLINE  --  Warning, Non-Periodic Input Values     0.07903     0.00000

 CSPLINE  --  Warning, Non-Periodic Input Values     0.18032     0.00000

 CSPLINE  --  Warning, Non-Periodic Input Values    -0.25932     0.00000

 CSPLINE  --  Warning, Non-Periodic Input Values    -0.24162     0.00000

 CSPLINE  --  Warning, Non-Periodic Input Values     0.32998     0.00000

 CSPLINE  --  Warning, Non-Periodic Input Values     0.14821     0.00000

 CSPLINE  --  Warning, Non-Periodic Input Values    -0.15699     0.00000

 CSPLINE  --  Warning, Non-Periodic Input Values    -0.10416     0.00000

 CSPLINE  --  Warning, Non-Periodic Input Values     0.00762     0.00000

 CSPLINE  --  Warning, Non-Periodic Input Values     0.23107     0.00000

 CSPLINE  --  Warning, Non-Periodic Input Values    -0.08293     0.00000

 CSPLINE  --  Warning, Non-Periodic Input Values    -0.38608     0.00000

 CSPLINE  --  Warning, Non-Periodic Input Values     0.18144     0.00000

 CSPLINE  --  Warning, Non-Periodic Input Values     0.30388     0.00000

 CSPLINE  --  Warning, Non-Periodic Input Values    -0.13229     0.00000

 CSPLINE  --  Warning, Non-Periodic Input Values    -0.08660     0.00000

 Particle Mesh Ewald Parameters :

     Type                Ewald Alpha    Grid Dimensions    Spline Order

   Electrostatics           0.5446       108  108  108           5
   Polarization             0.5446       108  108  108           5

 Enter RMS Gradient per Atom Criterion [0.01] :  
 Limited Memory BFGS Quasi-Newton Optimization :

 QN Iter     F Value      G RMS      F Move   X Move   Angle  FG Call  Comment

     0  -203476.5424    30.3304                                   1
 Induced Dipole File          /Dedicated/schnieders/maemmad/pKa_GNN/Graph_pKa/Data/7_Energy_Minimization_Systems/1LNI/1LNI.uind
     1  -206693.7667    27.1477   3217.2242   0.0015    0.00      2    Success 
 Induced Dipole File          /Dedicated/schnieders/maemmad/pKa_GNN/Graph_pKa/Data/7_Energy_Minimization_Systems/1LNI/1LNI.uind
     2  -212025.0923    22.1354   5331.3256   0.0031   16.27      4    Success 
 Induced Dipole File          /Dedicated/schnieders/maemmad/pKa_GNN/Graph_pKa/Data/7_Energy_Minimization_Systems/1LNI/1LNI.uind
     3  -216219.6244    18.0537   4194.5321   0.0031   23.11      6    Success 
 Induced Dipole File          /Dedicated/schnieders/maemmad/pKa_GNN/Graph_pKa/Data/7_Energy_Minimization_Systems/1LNI/1LNI.uind
     4  -219544.4358    14.8588   3324.8114   0.0031   27.63      8    Success 
 Induced Dipole File          /Dedicated/schnieders/maemmad/pKa_GNN/Graph_pKa/Data/7_Energy_Minimization_Systems/1LNI/1LNI.uind
     5  -222250.6937    12.3596   2706.2579   0.0031   29.72     10    Success 
 Induced Dipole File          /Dedicated/schnieders/maemmad/pKa_GNN/Graph_pKa/Data/7_Energy_Minimization_Systems/1LNI/1LNI.uind
     6  -224518.7214    10.4525   2268.0277   0.0031   29.70     12    Success 
 Induced Dipole File          /Dedicated/schnieders/maemmad/pKa_GNN/Graph_pKa/Data/7_Energy_Minimization_Systems/1LNI/1LNI.uind
     7  -226473.6344     8.9674   1954.9131   0.0031   28.24     14    Success 
 Induced Dipole File          /Dedicated/schnieders/maemmad/pKa_GNN/Graph_pKa/Data/7_Energy_Minimization_Systems/1LNI/1LNI.uind
     8  -229000.5444     7.3434   2526.9100   0.0046   25.23     17    Success 
 Induced Dipole File          /Dedicated/schnieders/maemmad/pKa_GNN/Graph_pKa/Data/7_Energy_Minimization_Systems/1LNI/1LNI.uind
     9  -231183.4372     6.1157   2182.8928   0.0046   18.01     20    Success 
 Induced Dipole File          /Dedicated/schnieders/maemmad/pKa_GNN/Graph_pKa/Data/7_Energy_Minimization_Systems/1LNI/1LNI.uind
    10  -233092.5136     5.3968   1909.0764   0.0046    7.83     23    Success 
 Induced Dipole File          /Dedicated/schnieders/maemmad/pKa_GNN/Graph_pKa/Data/7_Energy_Minimization_Systems/1LNI/1LNI.uind
    11  -234793.1973     5.0752   1700.6837   0.0046    4.21     26    Success 
 Induced Dipole File          /Dedicated/schnieders/maemmad/pKa_GNN/Graph_pKa/Data/7_Energy_Minimization_Systems/1LNI/1LNI.uind
    12  -236342.5167     4.9583   1549.3194   0.0046   15.16     29    Success 
 Induced Dipole File          /Dedicated/schnieders/maemmad/pKa_GNN/Graph_pKa/Data/7_Energy_Minimization_Systems/1LNI/1LNI.uind
    13  -237770.6305     4.9802   1428.1139   0.0046   25.56     32    Success 
 Induced Dipole File          /Dedicated/schnieders/maemmad/pKa_GNN/Graph_pKa/Data/7_Energy_Minimization_Systems/1LNI/1LNI.uind
    14  -239094.7169     5.1832   1324.0864   0.0046   33.58     35    Success 
 Induced Dipole File          /Dedicated/schnieders/maemmad/pKa_GNN/Graph_pKa/Data/7_Energy_Minimization_Systems/1LNI/1LNI.uind
forrtl: error (78): process killed (SIGTERM)
Image              PC                Routine            Line        Source             
minimize           000000000094C61B  Unknown               Unknown  Unknown
libpthread-2.17.s  00002B216DE35630  Unknown               Unknown  Unknown
libiomp5.so        00002B216DA72900  Unknown               Unknown  Unknown
libiomp5.so        00002B216DA79B11  Unknown               Unknown  Unknown
libiomp5.so        00002B216DA8277A  __kmpc_reduce         Unknown  Unknown
minimize           00000000005F75E7  Unknown               Unknown  Unknown
libiomp5.so        00002B216DB40193  __kmp_invoke_micr     Unknown  Unknown
libiomp5.so        00002B216DABEA93  Unknown               Unknown  Unknown
libiomp5.so        00002B216DAC04F7  __kmp_fork_call       Unknown  Unknown
libiomp5.so        00002B216DA7D5C3  __kmpc_fork_call      Unknown  Unknown
minimize           00000000005F9A66  Unknown               Unknown  Unknown
minimize           00000000005F5479  Unknown               Unknown  Unknown
minimize           00000000005CD8C5  Unknown               Unknown  Unknown
minimize           0000000000537CB7  Unknown               Unknown  Unknown
minimize           00000000005098C7  Unknown               Unknown  Unknown
minimize           000000000042BF7A  Unknown               Unknown  Unknown
minimize           0000000000407CD5  Unknown               Unknown  Unknown
minimize           0000000000464D15  Unknown               Unknown  Unknown
minimize           0000000000430F31  Unknown               Unknown  Unknown
minimize           0000000000407018  Unknown               Unknown  Unknown
minimize           0000000000406812  Unknown               Unknown  Unknown
libc-2.17.so       00002B216E064555  __libc_start_main     Unknown  Unknown
minimize           0000000000406729  Unknown               Unknown  Unknown
